[0.008s][info][gc] Using Parallel
[0.010s][info][gc,init] Version: 17.0.7+7-LTS (release)
[0.010s][info][gc,init] CPUs: 4 total, 4 available
[0.010s][info][gc,init] Memory: 16003M
[0.010s][info][gc,init] Large Page Support: Disabled
[0.010s][info][gc,init] NUMA Support: Disabled
[0.010s][info][gc,init] Compressed Oops: Enabled (Zero based)
[0.010s][info][gc,init] Alignments: Space 512K, Generation 512K, Heap 2M
[0.010s][info][gc,init] Heap Min Capacity: 2054M
[0.010s][info][gc,init] Heap Initial Capacity: 2054M
[0.010s][info][gc,init] Heap Max Capacity: 3G
[0.010s][info][gc,init] Pre-touch: Disabled
[0.010s][info][gc,init] Parallel Workers: 4
[0.010s][info][gc,metaspace] CDS archive(s) mapped at: [0x0000000800000000-0x0000000800be1000-0x0000000800be1000), size 12455936, SharedBaseAddress: 0x0000000800000000, ArchiveRelocationMode: 0.
[0.010s][info][gc,metaspace] Compressed class space mapped at: 0x0000000801000000-0x0000000841000000, reserved size: 1073741824
[0.011s][info][gc,metaspace] Narrow klass base: 0x0000000800000000, Narrow klass shift: 0, Narrow klass range: 0x100000000
[1.106s][info][safepoint   ] Safepoint "Cleanup", Time since last: 1076917780 ns, Reaching safepoint: 112304 ns, At safepoint: 2700 ns, Total: 115004 ns
[1.650s][info][safepoint   ] Safepoint "ICBufferFull", Time since last: 542468778 ns, Reaching safepoint: 1463951 ns, At safepoint: 3200 ns, Total: 1467151 ns
[2.301s][info][safepoint   ] Safepoint "ICBufferFull", Time since last: 651431130 ns, Reaching safepoint: 155005 ns, At safepoint: 9300 ns, Total: 164305 ns
[2.613s][info][gc,start    ] GC(0) Pause Young (Metadata GC Threshold)
[2.632s][debug][gc,phases   ] GC(0) Scavenge 18.776ms
[2.632s][debug][gc,ref      ] GC(0) Skipped phase 1 of Reference Processing: no references
[2.632s][debug][gc,ref      ] GC(0) ReferenceProcessor::execute queues: 3, RefProcThreadModel::Multi, marks_oops_alive: false
[2.633s][debug][gc,ref      ] GC(0) Skipped phase 3 of Reference Processing: no references
[2.633s][debug][gc,ref      ] GC(0) ReferenceProcessor::execute queues: 1, RefProcThreadModel::Single, marks_oops_alive: false
[2.633s][debug][gc,phases   ] GC(0) Reference Processing 0.479ms
[2.639s][debug][gc,phases   ] GC(0)   VM Weak                        Min:  0.0, Avg:  0.0, Max:  0.0, Diff:  0.0, Sum:  0.0, Workers: 4
[2.639s][debug][gc,phases   ] GC(0)     Dead                           Min: 0, Avg:  0.0, Max: 0, Diff: 0, Sum: 0, Workers: 4
[2.639s][debug][gc,phases   ] GC(0)     Total                          Min: 0, Avg: 58.0, Max: 168, Diff: 168, Sum: 232, Workers: 4
[2.639s][debug][gc,phases   ] GC(0)   ObjectSynchronizer Weak        Min:  0.0, Avg:  0.0, Max:  0.0, Diff:  0.0, Sum:  0.0, Workers: 4
[2.639s][debug][gc,phases   ] GC(0)     Dead                           Min: 0, Avg:  1.2, Max: 5, Diff: 5, Sum: 5, Workers: 4
[2.639s][debug][gc,phases   ] GC(0)     Total                          Min: 0, Avg:  2.5, Max: 10, Diff: 10, Sum: 10, Workers: 4
[2.639s][debug][gc,phases   ] GC(0)   JVMTI Tag Weak OopStorage      Min:  0.0, Avg:  0.0, Max:  0.0, Diff:  0.0, Sum:  0.0, Workers: 4
[2.639s][debug][gc,phases   ] GC(0)     Dead                           Min: 0, Avg:  0.0, Max: 0, Diff: 0, Sum: 0, Workers: 4
[2.639s][debug][gc,phases   ] GC(0)     Total                          Min: 0, Avg:  0.0, Max: 0, Diff: 0, Sum: 0, Workers: 4
[2.639s][debug][gc,phases   ] GC(0)   StringTable Weak               Min:  0.0, Avg:  0.5, Max:  1.6, Diff:  1.6, Sum:  2.0, Workers: 4
[2.639s][debug][gc,phases   ] GC(0)     Dead                           Min: 0, Avg:  6.5, Max: 18, Diff: 18, Sum: 26, Workers: 4
[2.639s][debug][gc,phases   ] GC(0)     Total                          Min: 0, Avg: 3276.0, Max: 7984, Diff: 7984, Sum: 13104, Workers: 4
[2.639s][debug][gc,phases   ] GC(0)   ResolvedMethodTable Weak       Min:  0.0, Avg:  0.0, Max:  0.1, Diff:  0.1, Sum:  0.1, Workers: 4
[2.639s][debug][gc,phases   ] GC(0)     Dead                           Min: 0, Avg: 20.5, Max: 82, Diff: 82, Sum: 82, Workers: 4
[2.639s][debug][gc,phases   ] GC(0)     Total                          Min: 0, Avg: 320.8, Max: 1283, Diff: 1283, Sum: 1283, Workers: 4
[2.639s][debug][gc,phases   ] GC(0)   JNI Weak                       Min:  0.0, Avg:  0.0, Max:  0.0, Diff:  0.0, Sum:  0.0, Workers: 4
[2.639s][debug][gc,phases   ] GC(0)     Dead                           Min: 0, Avg:  0.0, Max: 0, Diff: 0, Sum: 0, Workers: 4
[2.639s][debug][gc,phases   ] GC(0)     Total                          Min: 0, Avg: 11.2, Max: 45, Diff: 45, Sum: 45, Workers: 4
[2.639s][debug][gc,phases   ] GC(0)   StringDedup Table Weak         Min:  0.0, Avg:  0.0, Max:  0.0, Diff:  0.0, Sum:  0.0, Workers: 4
[2.639s][debug][gc,phases   ] GC(0)     Dead                           Min: 0, Avg:  0.0, Max: 0, Diff: 0, Sum: 0, Workers: 4
[2.639s][debug][gc,phases   ] GC(0)     Total                          Min: 0, Avg:  0.0, Max: 0, Diff: 0, Sum: 0, Workers: 4
[2.639s][debug][gc,phases   ] GC(0)   StringDedup Requests0 Weak     Min:  0.0, Avg:  0.0, Max:  0.0, Diff:  0.0, Sum:  0.0, Workers: 4
[2.639s][debug][gc,phases   ] GC(0)     Dead                           Min: 0, Avg:  0.0, Max: 0, Diff: 0, Sum: 0, Workers: 4
[2.639s][debug][gc,phases   ] GC(0)     Total                          Min: 0, Avg:  0.0, Max: 0, Diff: 0, Sum: 0, Workers: 4
[2.639s][debug][gc,phases   ] GC(0)   StringDedup Requests1 Weak     Min:  0.0, Avg:  0.0, Max:  0.0, Diff:  0.0, Sum:  0.0, Workers: 4
[2.639s][debug][gc,phases   ] GC(0)     Dead                           Min: 0, Avg:  0.0, Max: 0, Diff: 0, Sum: 0, Workers: 4
[2.639s][debug][gc,phases   ] GC(0)     Total                          Min: 0, Avg:  0.0, Max: 0, Diff: 0, Sum: 0, Workers: 4
[2.639s][debug][gc,phases   ] GC(0)   Weak JFR Old Object Samples    Min:  0.0, Avg:  0.0, Max:  0.0, Diff:  0.0, Sum:  0.0, Workers: 4
[2.639s][debug][gc,phases   ] GC(0)     Dead                           Min: 0, Avg:  0.0, Max: 0, Diff: 0, Sum: 0, Workers: 4
[2.639s][debug][gc,phases   ] GC(0)     Total                          Min: 0, Avg:  0.0, Max: 0, Diff: 0, Sum: 0, Workers: 4
[2.640s][debug][gc,phases   ] GC(0) Weak Processing 6.779ms
[2.640s][debug][gc,age      ] GC(0) Desired survivor size 536870912 bytes, new threshold 7 (max threshold 15)
[2.640s][info ][gc,heap     ] GC(0) PSYoungGen: 251668K(1572864K)->31446K(1572864K) Eden: 251668K(1048576K)->0K(1048576K) From: 0K(524288K)->31446K(524288K)
[2.640s][info ][gc,heap     ] GC(0) ParOldGen: 0K(6144K)->96K(6144K)
[2.640s][info ][gc,metaspace] GC(0) Metaspace: 21205K(21504K)->21205K(21504K) NonClass: 18714K(18880K)->18714K(18880K) Class: 2490K(2624K)->2490K(2624K)
[2.640s][info ][gc          ] GC(0) Pause Young (Metadata GC Threshold) 245M->30M(1542M) 26.449ms
[2.640s][info ][gc,cpu      ] GC(0) User=0.05s Sys=0.00s Real=0.03s
[2.640s][debug][gc,phases   ] GC(1) Pre Compact 0.013ms
[2.640s][info ][gc,start    ] GC(1) Pause Full (Metadata GC Threshold)
[2.640s][info ][gc,phases,start] GC(1) Marking Phase
[2.657s][debug][gc,phases      ] GC(1) Par Mark 17.552ms
[2.657s][debug][gc,ref         ] GC(1) Skipped phase 1 of Reference Processing: no references
[2.657s][debug][gc,ref         ] GC(1) ReferenceProcessor::execute queues: 3, RefProcThreadModel::Multi, marks_oops_alive: false
[2.659s][debug][gc,ref         ] GC(1) Skipped phase 3 of Reference Processing: no references
[2.659s][debug][gc,ref         ] GC(1) ReferenceProcessor::execute queues: 1, RefProcThreadModel::Single, marks_oops_alive: false
[2.659s][debug][gc,phases      ] GC(1) Reference Processing 1.785ms
[2.659s][debug][gc,phases      ] GC(1)   VM Weak                        Min:  0.0, Avg:  0.0, Max:  0.0, Diff:  0.0, Sum:  0.0, Workers: 4
[2.659s][debug][gc,phases      ] GC(1)     Dead                           Min: 0, Avg:  0.0, Max: 0, Diff: 0, Sum: 0, Workers: 4
[2.659s][debug][gc,phases      ] GC(1)     Total                          Min: 0, Avg: 58.0, Max: 232, Diff: 232, Sum: 232, Workers: 4
[2.659s][debug][gc,phases      ] GC(1)   ObjectSynchronizer Weak        Min:  0.0, Avg:  0.0, Max:  0.0, Diff:  0.0, Sum:  0.0, Workers: 4
[2.659s][debug][gc,phases      ] GC(1)     Dead                           Min: 0, Avg:  0.0, Max: 0, Diff: 0, Sum: 0, Workers: 4
[2.659s][debug][gc,phases      ] GC(1)     Total                          Min: 0, Avg:  2.5, Max: 10, Diff: 10, Sum: 10, Workers: 4
[2.659s][debug][gc,phases      ] GC(1)   JVMTI Tag Weak OopStorage      Min:  0.0, Avg:  0.0, Max:  0.0, Diff:  0.0, Sum:  0.0, Workers: 4
[2.659s][debug][gc,phases      ] GC(1)     Dead                           Min: 0, Avg:  0.0, Max: 0, Diff: 0, Sum: 0, Workers: 4
[2.659s][debug][gc,phases      ] GC(1)     Total                          Min: 0, Avg:  0.0, Max: 0, Diff: 0, Sum: 0, Workers: 4
[2.659s][debug][gc,phases      ] GC(1)   StringTable Weak               Min:  0.0, Avg:  0.0, Max:  0.2, Diff:  0.2, Sum:  0.2, Workers: 4
[2.659s][debug][gc,phases      ] GC(1)     Dead                           Min: 0, Avg:  0.0, Max: 0, Diff: 0, Sum: 0, Workers: 4
[2.659s][debug][gc,phases      ] GC(1)     Total                          Min: 0, Avg: 3276.0, Max: 13104, Diff: 13104, Sum: 13104, Workers: 4
[2.659s][debug][gc,phases      ] GC(1)   ResolvedMethodTable Weak       Min:  0.0, Avg:  0.0, Max:  0.0, Diff:  0.0, Sum:  0.0, Workers: 4
[2.659s][debug][gc,phases      ] GC(1)     Dead                           Min: 0, Avg:  0.0, Max: 0, Diff: 0, Sum: 0, Workers: 4
[2.659s][debug][gc,phases      ] GC(1)     Total                          Min: 0, Avg: 320.8, Max: 1283, Diff: 1283, Sum: 1283, Workers: 4
[2.659s][debug][gc,phases      ] GC(1)   JNI Weak                       Min:  0.0, Avg:  0.0, Max:  0.0, Diff:  0.0, Sum:  0.0, Workers: 4
[2.659s][debug][gc,phases      ] GC(1)     Dead                           Min: 0, Avg:  0.0, Max: 0, Diff: 0, Sum: 0, Workers: 4
[2.659s][debug][gc,phases      ] GC(1)     Total                          Min: 0, Avg: 11.2, Max: 45, Diff: 45, Sum: 45, Workers: 4
[2.659s][debug][gc,phases      ] GC(1)   StringDedup Table Weak         Min:  0.0, Avg:  0.0, Max:  0.0, Diff:  0.0, Sum:  0.0, Workers: 4
[2.659s][debug][gc,phases      ] GC(1)     Dead                           Min: 0, Avg:  0.0, Max: 0, Diff: 0, Sum: 0, Workers: 4
[2.659s][debug][gc,phases      ] GC(1)     Total                          Min: 0, Avg:  0.0, Max: 0, Diff: 0, Sum: 0, Workers: 4
[2.659s][debug][gc,phases      ] GC(1)   StringDedup Requests0 Weak     Min:  0.0, Avg:  0.0, Max:  0.0, Diff:  0.0, Sum:  0.0, Workers: 4
[2.659s][debug][gc,phases      ] GC(1)     Dead                           Min: 0, Avg:  0.0, Max: 0, Diff: 0, Sum: 0, Workers: 4
[2.659s][debug][gc,phases      ] GC(1)     Total                          Min: 0, Avg:  0.0, Max: 0, Diff: 0, Sum: 0, Workers: 4
[2.659s][debug][gc,phases      ] GC(1)   StringDedup Requests1 Weak     Min:  0.0, Avg:  0.0, Max:  0.0, Diff:  0.0, Sum:  0.0, Workers: 4
[2.659s][debug][gc,phases      ] GC(1)     Dead                           Min: 0, Avg:  0.0, Max: 0, Diff: 0, Sum: 0, Workers: 4
[2.659s][debug][gc,phases      ] GC(1)     Total                          Min: 0, Avg:  0.0, Max: 0, Diff: 0, Sum: 0, Workers: 4
[2.659s][debug][gc,phases      ] GC(1)   Weak JFR Old Object Samples    Min:  0.0, Avg:  0.0, Max:  0.0, Diff:  0.0, Sum:  0.0, Workers: 4
[2.659s][debug][gc,phases      ] GC(1)     Dead                           Min: 0, Avg:  0.0, Max: 0, Diff: 0, Sum: 0, Workers: 4
[2.659s][debug][gc,phases      ] GC(1)     Total                          Min: 0, Avg:  0.0, Max: 0, Diff: 0, Sum: 0, Workers: 4
[2.659s][debug][gc,phases      ] GC(1) Weak Processing 0.433ms
[2.660s][debug][gc,phases      ] GC(1) ClassLoaderData 0.032ms
[2.660s][debug][gc,phases      ] GC(1) Trigger cleanups 0.000ms
[2.664s][debug][gc,phases      ] GC(1) Class Unloading 4.022ms
[2.664s][info ][gc,phases      ] GC(1) Marking Phase 23.927ms
[2.664s][info ][gc,phases,start] GC(1) Summary Phase
[2.664s][info ][gc,phases      ] GC(1) Summary Phase 0.012ms
[2.664s][info ][gc,phases,start] GC(1) Adjust Roots
[2.670s][info ][gc,phases      ] GC(1) Adjust Roots 6.620ms
[2.670s][info ][gc,phases,start] GC(1) Compaction Phase
[2.710s][info ][gc,phases      ] GC(1) Compaction Phase 39.594ms
[2.710s][info ][gc,phases,start] GC(1) Post Compact
[2.711s][info ][gc,phases      ] GC(1) Post Compact 1.025ms
[2.711s][info ][gc,heap        ] GC(1) PSYoungGen: 31446K(1572864K)->25583K(1572864K) Eden: 0K(1048576K)->0K(1048576K) From: 31446K(524288K)->25583K(524288K)
[2.711s][info ][gc,heap        ] GC(1) ParOldGen: 96K(6144K)->5868K(6144K)
[2.711s][info ][gc,metaspace   ] GC(1) Metaspace: 21205K(21504K)->21205K(21504K) NonClass: 18714K(18880K)->18714K(18880K) Class: 2490K(2624K)->2490K(2624K)
[2.711s][info ][gc             ] GC(1) Pause Full (Metadata GC Threshold) 30M->30M(1542M) 71.343ms
[2.711s][info ][gc,cpu         ] GC(1) User=0.11s Sys=0.00s Real=0.07s
[2.711s][info ][safepoint      ] Safepoint "CollectForMetadataAllocation", Time since last: 311669631 ns, Reaching safepoint: 84403 ns, At safepoint: 97922172 ns, Total: 98006575 ns
[2.923s][info ][safepoint      ] Safepoint "ICBufferFull", Time since last: 212266909 ns, Reaching safepoint: 169106 ns, At safepoint: 8500 ns, Total: 177606 ns
[3.112s][info ][safepoint      ] Safepoint "ICBufferFull", Time since last: 188819801 ns, Reaching safepoint: 183407 ns, At safepoint: 2400 ns, Total: 185807 ns
[3.388s][info ][safepoint      ] Safepoint "ICBufferFull", Time since last: 275880699 ns, Reaching safepoint: 163705 ns, At safepoint: 1900 ns, Total: 165605 ns
[4.100s][info ][safepoint      ] Safepoint "ICBufferFull", Time since last: 711732707 ns, Reaching safepoint: 198106 ns, At safepoint: 3600 ns, Total: 201706 ns
[4.305s][info ][safepoint      ] Safepoint "ICBufferFull", Time since last: 204388133 ns, Reaching safepoint: 207907 ns, At safepoint: 2400 ns, Total: 210307 ns
[4.579s][info ][safepoint      ] Safepoint "ICBufferFull", Time since last: 273823956 ns, Reaching safepoint: 163205 ns, At safepoint: 3701 ns, Total: 166906 ns
[4.795s][info ][safepoint      ] Safepoint "ICBufferFull", Time since last: 215647132 ns, Reaching safepoint: 204506 ns, At safepoint: 3801 ns, Total: 208307 ns
[4.951s][info ][safepoint      ] Safepoint "ICBufferFull", Time since last: 155478242 ns, Reaching safepoint: 187706 ns, At safepoint: 2100 ns, Total: 189806 ns
[5.269s][info ][safepoint      ] Safepoint "ICBufferFull", Time since last: 317964616 ns, Reaching safepoint: 177506 ns, At safepoint: 1800 ns, Total: 179306 ns
[5.600s][info ][safepoint      ] Safepoint "ICBufferFull", Time since last: 331232655 ns, Reaching safepoint: 200906 ns, At safepoint: 13501 ns, Total: 214407 ns
[5.920s][info ][gc,start       ] GC(2) Pause Young (Metadata GC Threshold)
[6.013s][debug][gc,phases      ] GC(2) Scavenge 92.285ms
[6.013s][debug][gc,ref         ] GC(2) Skipped phase 1 of Reference Processing: no references
[6.013s][debug][gc,ref         ] GC(2) ReferenceProcessor::execute queues: 4, RefProcThreadModel::Multi, marks_oops_alive: false
[6.014s][debug][gc,ref         ] GC(2) Skipped phase 3 of Reference Processing: no references
[6.014s][debug][gc,ref         ] GC(2) ReferenceProcessor::execute queues: 1, RefProcThreadModel::Single, marks_oops_alive: false
[6.014s][debug][gc,phases      ] GC(2) Reference Processing 0.911ms
[6.014s][debug][gc,phases      ] GC(2)   VM Weak                        Min:  0.0, Avg:  0.0, Max:  0.0, Diff:  0.0, Sum:  0.0, Workers: 4
[6.014s][debug][gc,phases      ] GC(2)     Dead                           Min: 0, Avg:  0.0, Max: 0, Diff: 0, Sum: 0, Workers: 4
[6.014s][debug][gc,phases      ] GC(2)     Total                          Min: 0, Avg: 88.5, Max: 290, Diff: 290, Sum: 354, Workers: 4
[6.014s][debug][gc,phases      ] GC(2)   ObjectSynchronizer Weak        Min:  0.0, Avg:  0.0, Max:  0.0, Diff:  0.0, Sum:  0.0, Workers: 4
[6.014s][debug][gc,phases      ] GC(2)     Dead                           Min: 0, Avg:  0.0, Max: 0, Diff: 0, Sum: 0, Workers: 4
[6.014s][debug][gc,phases      ] GC(2)     Total                          Min: 0, Avg:  2.5, Max: 10, Diff: 10, Sum: 10, Workers: 4
[6.014s][debug][gc,phases      ] GC(2)   JVMTI Tag Weak OopStorage      Min:  0.0, Avg:  0.0, Max:  0.0, Diff:  0.0, Sum:  0.0, Workers: 4
[6.014s][debug][gc,phases      ] GC(2)     Dead                           Min: 0, Avg:  0.0, Max: 0, Diff: 0, Sum: 0, Workers: 4
[6.014s][debug][gc,phases      ] GC(2)     Total                          Min: 0, Avg:  0.0, Max: 0, Diff: 0, Sum: 0, Workers: 4
[6.014s][debug][gc,phases      ] GC(2)   StringTable Weak               Min:  0.0, Avg:  0.2, Max:  0.5, Diff:  0.5, Sum:  1.0, Workers: 4
[6.014s][debug][gc,phases      ] GC(2)     Dead                           Min: 0, Avg:  2.2, Max: 6, Diff: 6, Sum: 9, Workers: 4
[6.014s][debug][gc,phases      ] GC(2)     Total                          Min: 0, Avg: 6550.0, Max: 13120, Diff: 13120, Sum: 26200, Workers: 4
[6.014s][debug][gc,phases      ] GC(2)   ResolvedMethodTable Weak       Min:  0.0, Avg:  0.0, Max:  0.1, Diff:  0.1, Sum:  0.1, Workers: 4
[6.014s][debug][gc,phases      ] GC(2)     Dead                           Min: 0, Avg: 14.2, Max: 33, Diff: 33, Sum: 57, Workers: 4
[6.014s][debug][gc,phases      ] GC(2)     Total                          Min: 0, Avg: 610.0, Max: 1280, Diff: 1280, Sum: 2440, Workers: 4
[6.014s][debug][gc,phases      ] GC(2)   JNI Weak                       Min:  0.0, Avg:  0.0, Max:  0.0, Diff:  0.0, Sum:  0.0, Workers: 4
[6.014s][debug][gc,phases      ] GC(2)     Dead                           Min: 0, Avg:  0.0, Max: 0, Diff: 0, Sum: 0, Workers: 4
[6.014s][debug][gc,phases      ] GC(2)     Total                          Min: 0, Avg: 11.2, Max: 45, Diff: 45, Sum: 45, Workers: 4
[6.014s][debug][gc,phases      ] GC(2)   StringDedup Table Weak         Min:  0.0, Avg:  0.0, Max:  0.0, Diff:  0.0, Sum:  0.0, Workers: 4
[6.014s][debug][gc,phases      ] GC(2)     Dead                           Min: 0, Avg:  0.0, Max: 0, Diff: 0, Sum: 0, Workers: 4
[6.014s][debug][gc,phases      ] GC(2)     Total                          Min: 0, Avg:  0.0, Max: 0, Diff: 0, Sum: 0, Workers: 4
[6.014s][debug][gc,phases      ] GC(2)   StringDedup Requests0 Weak     Min:  0.0, Avg:  0.0, Max:  0.0, Diff:  0.0, Sum:  0.0, Workers: 4
[6.014s][debug][gc,phases      ] GC(2)     Dead                           Min: 0, Avg:  0.0, Max: 0, Diff: 0, Sum: 0, Workers: 4
[6.014s][debug][gc,phases      ] GC(2)     Total                          Min: 0, Avg:  0.0, Max: 0, Diff: 0, Sum: 0, Workers: 4
[6.014s][debug][gc,phases      ] GC(2)   StringDedup Requests1 Weak     Min:  0.0, Avg:  0.0, Max:  0.0, Diff:  0.0, Sum:  0.0, Workers: 4
[6.015s][debug][gc,phases      ] GC(2)     Dead                           Min: 0, Avg:  0.0, Max: 0, Diff: 0, Sum: 0, Workers: 4
[6.015s][debug][gc,phases      ] GC(2)     Total                          Min: 0, Avg:  0.0, Max: 0, Diff: 0, Sum: 0, Workers: 4
[6.015s][debug][gc,phases      ] GC(2)   Weak JFR Old Object Samples    Min:  0.0, Avg:  0.0, Max:  0.0, Diff:  0.0, Sum:  0.0, Workers: 4
[6.015s][debug][gc,phases      ] GC(2)     Dead                           Min: 0, Avg:  0.0, Max: 0, Diff: 0, Sum: 0, Workers: 4
[6.015s][debug][gc,phases      ] GC(2)     Total                          Min: 0, Avg:  0.0, Max: 0, Diff: 0, Sum: 0, Workers: 4
[6.015s][debug][gc,phases      ] GC(2) Weak Processing 0.840ms
[6.015s][debug][gc,age         ] GC(2) Desired survivor size 536870912 bytes, new threshold 7 (max threshold 15)
[6.015s][info ][gc,heap        ] GC(2) PSYoungGen: 549872K(1572864K)->82342K(1572864K) Eden: 524288K(1048576K)->0K(1048576K) From: 25583K(524288K)->82342K(524288K)
[6.015s][info ][gc,heap        ] GC(2) ParOldGen: 5868K(6144K)->5876K(6144K)
[6.015s][info ][gc,metaspace   ] GC(2) Metaspace: 35353K(35840K)->35353K(35840K) NonClass: 30718K(30976K)->30718K(30976K) Class: 4635K(4864K)->4635K(4864K)
[6.015s][info ][gc             ] GC(2) Pause Young (Metadata GC Threshold) 542M->86M(1542M) 94.197ms
[6.015s][info ][gc,cpu         ] GC(2) User=0.17s Sys=0.02s Real=0.09s
[6.015s][debug][gc,phases      ] GC(3) Pre Compact 0.012ms
[6.015s][info ][gc,start       ] GC(3) Pause Full (Metadata GC Threshold)
[6.015s][info ][gc,phases,start] GC(3) Marking Phase
[6.068s][debug][gc,phases      ] GC(3) Par Mark 53.158ms
[6.068s][debug][gc,ref         ] GC(3) Skipped phase 1 of Reference Processing: no references
[6.068s][debug][gc,ref         ] GC(3) ReferenceProcessor::execute queues: 4, RefProcThreadModel::Multi, marks_oops_alive: false
[6.070s][debug][gc,ref         ] GC(3) Skipped phase 3 of Reference Processing: no references
[6.070s][debug][gc,ref         ] GC(3) ReferenceProcessor::execute queues: 1, RefProcThreadModel::Single, marks_oops_alive: false
[6.070s][debug][gc,phases      ] GC(3) Reference Processing 2.477ms
[6.071s][debug][gc,phases      ] GC(3)   VM Weak                        Min:  0.0, Avg:  0.0, Max:  0.0, Diff:  0.0, Sum:  0.0, Workers: 4
[6.071s][debug][gc,phases      ] GC(3)     Dead                           Min: 0, Avg:  0.0, Max: 0, Diff: 0, Sum: 0, Workers: 4
[6.071s][debug][gc,phases      ] GC(3)     Total                          Min: 0, Avg: 88.5, Max: 192, Diff: 192, Sum: 354, Workers: 4
[6.071s][debug][gc,phases      ] GC(3)   ObjectSynchronizer Weak        Min:  0.0, Avg:  0.0, Max:  0.0, Diff:  0.0, Sum:  0.0, Workers: 4
[6.071s][debug][gc,phases      ] GC(3)     Dead                           Min: 0, Avg:  0.0, Max: 0, Diff: 0, Sum: 0, Workers: 4
[6.071s][debug][gc,phases      ] GC(3)     Total                          Min: 0, Avg:  2.5, Max: 10, Diff: 10, Sum: 10, Workers: 4
[6.071s][debug][gc,phases      ] GC(3)   JVMTI Tag Weak OopStorage      Min:  0.0, Avg:  0.0, Max:  0.0, Diff:  0.0, Sum:  0.0, Workers: 4
[6.071s][debug][gc,phases      ] GC(3)     Dead                           Min: 0, Avg:  0.0, Max: 0, Diff: 0, Sum: 0, Workers: 4
[6.071s][debug][gc,phases      ] GC(3)     Total                          Min: 0, Avg:  0.0, Max: 0, Diff: 0, Sum: 0, Workers: 4
[6.071s][debug][gc,phases      ] GC(3)   StringTable Weak               Min:  0.0, Avg:  0.1, Max:  0.2, Diff:  0.2, Sum:  0.4, Workers: 4
[6.071s][debug][gc,phases      ] GC(3)     Dead                           Min: 0, Avg:  0.0, Max: 0, Diff: 0, Sum: 0, Workers: 4
[6.071s][debug][gc,phases      ] GC(3)     Total                          Min: 0, Avg: 6550.0, Max: 13272, Diff: 13272, Sum: 26200, Workers: 4
[6.071s][debug][gc,phases      ] GC(3)   ResolvedMethodTable Weak       Min:  0.0, Avg:  0.0, Max:  0.0, Diff:  0.0, Sum:  0.0, Workers: 4
[6.071s][debug][gc,phases      ] GC(3)     Dead                           Min: 0, Avg:  0.0, Max: 0, Diff: 0, Sum: 0, Workers: 4
[6.071s][debug][gc,phases      ] GC(3)     Total                          Min: 0, Avg: 610.0, Max: 1288, Diff: 1288, Sum: 2440, Workers: 4
[6.071s][debug][gc,phases      ] GC(3)   JNI Weak                       Min:  0.0, Avg:  0.0, Max:  0.0, Diff:  0.0, Sum:  0.0, Workers: 4
[6.071s][debug][gc,phases      ] GC(3)     Dead                           Min: 0, Avg:  0.0, Max: 0, Diff: 0, Sum: 0, Workers: 4
[6.071s][debug][gc,phases      ] GC(3)     Total                          Min: 0, Avg: 11.2, Max: 45, Diff: 45, Sum: 45, Workers: 4
[6.071s][debug][gc,phases      ] GC(3)   StringDedup Table Weak         Min:  0.0, Avg:  0.0, Max:  0.0, Diff:  0.0, Sum:  0.0, Workers: 4
[6.071s][debug][gc,phases      ] GC(3)     Dead                           Min: 0, Avg:  0.0, Max: 0, Diff: 0, Sum: 0, Workers: 4
[6.071s][debug][gc,phases      ] GC(3)     Total                          Min: 0, Avg:  0.0, Max: 0, Diff: 0, Sum: 0, Workers: 4
[6.071s][debug][gc,phases      ] GC(3)   StringDedup Requests0 Weak     Min:  0.0, Avg:  0.0, Max:  0.0, Diff:  0.0, Sum:  0.0, Workers: 4
[6.071s][debug][gc,phases      ] GC(3)     Dead                           Min: 0, Avg:  0.0, Max: 0, Diff: 0, Sum: 0, Workers: 4
[6.071s][debug][gc,phases      ] GC(3)     Total                          Min: 0, Avg:  0.0, Max: 0, Diff: 0, Sum: 0, Workers: 4
[6.071s][debug][gc,phases      ] GC(3)   StringDedup Requests1 Weak     Min:  0.0, Avg:  0.0, Max:  0.0, Diff:  0.0, Sum:  0.0, Workers: 4
[6.071s][debug][gc,phases      ] GC(3)     Dead                           Min: 0, Avg:  0.0, Max: 0, Diff: 0, Sum: 0, Workers: 4
[6.071s][debug][gc,phases      ] GC(3)     Total                          Min: 0, Avg:  0.0, Max: 0, Diff: 0, Sum: 0, Workers: 4
[6.071s][debug][gc,phases      ] GC(3)   Weak JFR Old Object Samples    Min:  0.0, Avg:  0.0, Max:  0.0, Diff:  0.0, Sum:  0.0, Workers: 4
[6.071s][debug][gc,phases      ] GC(3)     Dead                           Min: 0, Avg:  0.0, Max: 0, Diff: 0, Sum: 0, Workers: 4
[6.071s][debug][gc,phases      ] GC(3)     Total                          Min: 0, Avg:  0.0, Max: 0, Diff: 0, Sum: 0, Workers: 4
[6.071s][debug][gc,phases      ] GC(3) Weak Processing 0.398ms
[6.071s][debug][gc,phases      ] GC(3) ClassLoaderData 0.048ms
[6.071s][debug][gc,phases      ] GC(3) Trigger cleanups 0.000ms
[6.079s][debug][gc,phases      ] GC(3) Class Unloading 8.198ms
[6.079s][info ][gc,phases      ] GC(3) Marking Phase 64.406ms
[6.079s][info ][gc,phases,start] GC(3) Summary Phase
[6.079s][info ][gc,phases      ] GC(3) Summary Phase 0.010ms
[6.079s][info ][gc,phases,start] GC(3) Adjust Roots
[6.087s][info ][gc,phases      ] GC(3) Adjust Roots 7.695ms
[6.087s][info ][gc,phases,start] GC(3) Compaction Phase
[6.536s][info ][gc,phases      ] GC(3) Compaction Phase 448.687ms
[6.536s][info ][gc,phases,start] GC(3) Post Compact
[6.537s][info ][gc,phases      ] GC(3) Post Compact 1.333ms
[6.537s][info ][gc,heap        ] GC(3) PSYoungGen: 82342K(1572864K)->82150K(1572864K) Eden: 0K(1048576K)->0K(1048576K) From: 82342K(524288K)->82150K(524288K)
[6.537s][info ][gc,heap        ] GC(3) ParOldGen: 5876K(6144K)->5811K(6144K)
[6.537s][info ][gc,metaspace   ] GC(3) Metaspace: 35353K(35840K)->35353K(35840K) NonClass: 30718K(30976K)->30718K(30976K) Class: 4635K(4864K)->4635K(4864K)
[6.537s][info ][gc             ] GC(3) Pause Full (Metadata GC Threshold) 86M->85M(1542M) 522.354ms
[6.537s][info ][gc,cpu         ] GC(3) User=0.91s Sys=0.01s Real=0.52s
[6.537s][info ][safepoint      ] Safepoint "CollectForMetadataAllocation", Time since last: 320060285 ns, Reaching safepoint: 168806 ns, At safepoint: 616724897 ns, Total: 616893703 ns
[7.338s][info ][safepoint      ] Safepoint "ICBufferFull", Time since last: 800168964 ns, Reaching safepoint: 312410 ns, At safepoint: 3900 ns, Total: 316310 ns
[8.214s][info ][safepoint      ] Safepoint "ICBufferFull", Time since last: 875937170 ns, Reaching safepoint: 199006 ns, At safepoint: 2000 ns, Total: 201006 ns
[8.325s][info ][safepoint      ] Safepoint "ICBufferFull", Time since last: 111479387 ns, Reaching safepoint: 184106 ns, At safepoint: 4601 ns, Total: 188707 ns
[8.459s][info ][safepoint      ] Safepoint "ICBufferFull", Time since last: 133676521 ns, Reaching safepoint: 226407 ns, At safepoint: 2700 ns, Total: 229107 ns
[8.675s][info ][safepoint      ] Safepoint "ICBufferFull", Time since last: 215921941 ns, Reaching safepoint: 200607 ns, At safepoint: 5800 ns, Total: 206407 ns
[8.871s][info ][safepoint      ] Safepoint "ICBufferFull", Time since last: 195480065 ns, Reaching safepoint: 111904 ns, At safepoint: 2200 ns, Total: 114104 ns
[9.175s][info ][safepoint      ] Safepoint "ICBufferFull", Time since last: 303861150 ns, Reaching safepoint: 245608 ns, At safepoint: 7400 ns, Total: 253008 ns
[9.383s][info ][safepoint      ] Safepoint "ICBufferFull", Time since last: 207713170 ns, Reaching safepoint: 204607 ns, At safepoint: 2100 ns, Total: 206707 ns
[10.384s][info ][safepoint      ] Safepoint "Cleanup", Time since last: 1000123977 ns, Reaching safepoint: 464715 ns, At safepoint: 10500 ns, Total: 475215 ns
[10.662s][info ][gc,start       ] GC(4) Pause Young (Metadata GC Threshold)
[10.750s][debug][gc,phases      ] GC(4) Scavenge 88.060ms
[10.750s][debug][gc,ref         ] GC(4) Skipped phase 1 of Reference Processing: no references
[10.750s][debug][gc,ref         ] GC(4) ReferenceProcessor::execute queues: 4, RefProcThreadModel::Multi, marks_oops_alive: false
[10.751s][debug][gc,ref         ] GC(4) Skipped phase 3 of Reference Processing: no references
[10.751s][debug][gc,ref         ] GC(4) ReferenceProcessor::execute queues: 4, RefProcThreadModel::Multi, marks_oops_alive: false
[10.751s][debug][gc,phases      ] GC(4) Reference Processing 1.633ms
[10.752s][debug][gc,phases      ] GC(4)   VM Weak                        Min:  0.0, Avg:  0.0, Max:  0.0, Diff:  0.0, Sum:  0.0, Workers: 4
[10.752s][debug][gc,phases      ] GC(4)     Dead                           Min: 0, Avg:  0.0, Max: 0, Diff: 0, Sum: 0, Workers: 4
[10.752s][debug][gc,phases      ] GC(4)     Total                          Min: 0, Avg: 133.2, Max: 320, Diff: 320, Sum: 533, Workers: 4
[10.752s][debug][gc,phases      ] GC(4)   ObjectSynchronizer Weak        Min:  0.0, Avg:  0.0, Max:  0.0, Diff:  0.0, Sum:  0.0, Workers: 4
[10.752s][debug][gc,phases      ] GC(4)     Dead                           Min: 0, Avg:  0.5, Max: 2, Diff: 2, Sum: 2, Workers: 4
[10.752s][debug][gc,phases      ] GC(4)     Total                          Min: 0, Avg:  5.5, Max: 22, Diff: 22, Sum: 22, Workers: 4
[10.752s][debug][gc,phases      ] GC(4)   JVMTI Tag Weak OopStorage      Min:  0.0, Avg:  0.0, Max:  0.0, Diff:  0.0, Sum:  0.0, Workers: 4
[10.752s][debug][gc,phases      ] GC(4)     Dead                           Min: 0, Avg:  0.0, Max: 0, Diff: 0, Sum: 0, Workers: 4
[10.752s][debug][gc,phases      ] GC(4)     Total                          Min: 0, Avg:  0.0, Max: 0, Diff: 0, Sum: 0, Workers: 4
[10.752s][debug][gc,phases      ] GC(4)   StringTable Weak               Min:  0.0, Avg:  0.4, Max:  0.5, Diff:  0.5, Sum:  1.4, Workers: 4
[10.752s][debug][gc,phases      ] GC(4)     Dead                           Min: 0, Avg:  5.5, Max: 14, Diff: 14, Sum: 22, Workers: 4
[10.752s][debug][gc,phases      ] GC(4)     Total                          Min: 0, Avg: 9037.0, Max: 12852, Diff: 12852, Sum: 36148, Workers: 4
[10.752s][debug][gc,phases      ] GC(4)   ResolvedMethodTable Weak       Min:  0.0, Avg:  0.1, Max:  0.1, Diff:  0.1, Sum:  0.3, Workers: 4
[10.752s][debug][gc,phases      ] GC(4)     Dead                           Min: 0, Avg: 85.2, Max: 147, Diff: 147, Sum: 341, Workers: 4
[10.752s][debug][gc,phases      ] GC(4)     Total                          Min: 0, Avg: 1675.2, Max: 2432, Diff: 2432, Sum: 6701, Workers: 4
[10.752s][debug][gc,phases      ] GC(4)   JNI Weak                       Min:  0.0, Avg:  0.0, Max:  0.0, Diff:  0.0, Sum:  0.0, Workers: 4
[10.752s][debug][gc,phases      ] GC(4)     Dead                           Min: 0, Avg:  0.0, Max: 0, Diff: 0, Sum: 0, Workers: 4
[10.752s][debug][gc,phases      ] GC(4)     Total                          Min: 0, Avg: 11.2, Max: 45, Diff: 45, Sum: 45, Workers: 4
[10.752s][debug][gc,phases      ] GC(4)   StringDedup Table Weak         Min:  0.0, Avg:  0.0, Max:  0.0, Diff:  0.0, Sum:  0.0, Workers: 4
[10.752s][debug][gc,phases      ] GC(4)     Dead                           Min: 0, Avg:  0.0, Max: 0, Diff: 0, Sum: 0, Workers: 4
[10.752s][debug][gc,phases      ] GC(4)     Total                          Min: 0, Avg:  0.0, Max: 0, Diff: 0, Sum: 0, Workers: 4
[10.752s][debug][gc,phases      ] GC(4)   StringDedup Requests0 Weak     Min:  0.0, Avg:  0.0, Max:  0.0, Diff:  0.0, Sum:  0.0, Workers: 4
[10.752s][debug][gc,phases      ] GC(4)     Dead                           Min: 0, Avg:  0.0, Max: 0, Diff: 0, Sum: 0, Workers: 4
[10.752s][debug][gc,phases      ] GC(4)     Total                          Min: 0, Avg:  0.0, Max: 0, Diff: 0, Sum: 0, Workers: 4
[10.752s][debug][gc,phases      ] GC(4)   StringDedup Requests1 Weak     Min:  0.0, Avg:  0.0, Max:  0.0, Diff:  0.0, Sum:  0.0, Workers: 4
[10.752s][debug][gc,phases      ] GC(4)     Dead                           Min: 0, Avg:  0.0, Max: 0, Diff: 0, Sum: 0, Workers: 4
[10.752s][debug][gc,phases      ] GC(4)     Total                          Min: 0, Avg:  0.0, Max: 0, Diff: 0, Sum: 0, Workers: 4
[10.752s][debug][gc,phases      ] GC(4)   Weak JFR Old Object Samples    Min:  0.0, Avg:  0.0, Max:  0.0, Diff:  0.0, Sum:  0.0, Workers: 4
[10.752s][debug][gc,phases      ] GC(4)     Dead                           Min: 0, Avg:  0.0, Max: 0, Diff: 0, Sum: 0, Workers: 4
[10.752s][debug][gc,phases      ] GC(4)     Total                          Min: 0, Avg:  0.0, Max: 0, Diff: 0, Sum: 0, Workers: 4
[10.752s][debug][gc,phases      ] GC(4) Weak Processing 0.795ms
[10.752s][debug][gc,age         ] GC(4) Desired survivor size 536870912 bytes, new threshold 7 (max threshold 15)
[10.752s][info ][gc,heap        ] GC(4) PSYoungGen: 853227K(1572864K)->108242K(1572864K) Eden: 771077K(1048576K)->0K(1048576K) From: 82150K(524288K)->108242K(524288K)
[10.752s][info ][gc,heap        ] GC(4) ParOldGen: 5811K(6144K)->5827K(6144K)
[10.752s][info ][gc,metaspace   ] GC(4) Metaspace: 59122K(59776K)->59122K(59776K) NonClass: 50230K(50560K)->50230K(50560K) Class: 8891K(9216K)->8891K(9216K)
[10.752s][info ][gc             ] GC(4) Pause Young (Metadata GC Threshold) 838M->111M(1542M) 90.641ms
[10.752s][info ][gc,cpu         ] GC(4) User=0.24s Sys=0.02s Real=0.09s
[10.752s][debug][gc,phases      ] GC(5) Pre Compact 0.009ms
[10.752s][info ][gc,start       ] GC(5) Pause Full (Metadata GC Threshold)
[10.752s][info ][gc,phases,start] GC(5) Marking Phase
[10.833s][debug][gc,phases      ] GC(5) Par Mark 80.763ms
[10.833s][debug][gc,ref         ] GC(5) Skipped phase 1 of Reference Processing: no references
[10.834s][debug][gc,ref         ] GC(5) ReferenceProcessor::execute queues: 4, RefProcThreadModel::Multi, marks_oops_alive: false
[10.837s][debug][gc,ref         ] GC(5) Skipped phase 3 of Reference Processing: no references
[10.837s][debug][gc,ref         ] GC(5) ReferenceProcessor::execute queues: 1, RefProcThreadModel::Single, marks_oops_alive: false
[10.837s][debug][gc,phases      ] GC(5) Reference Processing 3.496ms
[10.837s][debug][gc,phases      ] GC(5)   VM Weak                        Min:  0.0, Avg:  0.0, Max:  0.0, Diff:  0.0, Sum:  0.0, Workers: 4
[10.837s][debug][gc,phases      ] GC(5)     Dead                           Min: 0, Avg:  0.0, Max: 0, Diff: 0, Sum: 0, Workers: 4
[10.837s][debug][gc,phases      ] GC(5)     Total                          Min: 0, Avg: 133.2, Max: 384, Diff: 384, Sum: 533, Workers: 4
[10.837s][debug][gc,phases      ] GC(5)   ObjectSynchronizer Weak        Min:  0.0, Avg:  0.0, Max:  0.0, Diff:  0.0, Sum:  0.0, Workers: 4
[10.837s][debug][gc,phases      ] GC(5)     Dead                           Min: 0, Avg:  0.0, Max: 0, Diff: 0, Sum: 0, Workers: 4
[10.837s][debug][gc,phases      ] GC(5)     Total                          Min: 0, Avg:  5.5, Max: 22, Diff: 22, Sum: 22, Workers: 4
[10.837s][debug][gc,phases      ] GC(5)   JVMTI Tag Weak OopStorage      Min:  0.0, Avg:  0.0, Max:  0.0, Diff:  0.0, Sum:  0.0, Workers: 4
[10.837s][debug][gc,phases      ] GC(5)     Dead                           Min: 0, Avg:  0.0, Max: 0, Diff: 0, Sum: 0, Workers: 4
[10.837s][debug][gc,phases      ] GC(5)     Total                          Min: 0, Avg:  0.0, Max: 0, Diff: 0, Sum: 0, Workers: 4
[10.837s][debug][gc,phases      ] GC(5)   StringTable Weak               Min:  0.0, Avg:  0.2, Max:  0.3, Diff:  0.3, Sum:  0.6, Workers: 4
[10.837s][debug][gc,phases      ] GC(5)     Dead                           Min: 0, Avg:  0.0, Max: 0, Diff: 0, Sum: 0, Workers: 4
[10.837s][debug][gc,phases      ] GC(5)     Total                          Min: 0, Avg: 9037.0, Max: 18228, Diff: 18228, Sum: 36148, Workers: 4
[10.837s][debug][gc,phases      ] GC(5)   ResolvedMethodTable Weak       Min:  0.0, Avg:  0.0, Max:  0.1, Diff:  0.1, Sum:  0.1, Workers: 4
[10.837s][debug][gc,phases      ] GC(5)     Dead                           Min: 0, Avg:  0.2, Max: 1, Diff: 1, Sum: 1, Workers: 4
[10.837s][debug][gc,phases      ] GC(5)     Total                          Min: 0, Avg: 1675.2, Max: 3437, Diff: 3437, Sum: 6701, Workers: 4
[10.837s][debug][gc,phases      ] GC(5)   JNI Weak                       Min:  0.0, Avg:  0.0, Max:  0.0, Diff:  0.0, Sum:  0.0, Workers: 4
[10.837s][debug][gc,phases      ] GC(5)     Dead                           Min: 0, Avg:  0.0, Max: 0, Diff: 0, Sum: 0, Workers: 4
[10.837s][debug][gc,phases      ] GC(5)     Total                          Min: 0, Avg: 11.2, Max: 45, Diff: 45, Sum: 45, Workers: 4
[10.837s][debug][gc,phases      ] GC(5)   StringDedup Table Weak         Min:  0.0, Avg:  0.0, Max:  0.0, Diff:  0.0, Sum:  0.0, Workers: 4
[10.837s][debug][gc,phases      ] GC(5)     Dead                           Min: 0, Avg:  0.0, Max: 0, Diff: 0, Sum: 0, Workers: 4
[10.837s][debug][gc,phases      ] GC(5)     Total                          Min: 0, Avg:  0.0, Max: 0, Diff: 0, Sum: 0, Workers: 4
[10.837s][debug][gc,phases      ] GC(5)   StringDedup Requests0 Weak     Min:  0.0, Avg:  0.0, Max:  0.0, Diff:  0.0, Sum:  0.0, Workers: 4
[10.837s][debug][gc,phases      ] GC(5)     Dead                           Min: 0, Avg:  0.0, Max: 0, Diff: 0, Sum: 0, Workers: 4
[10.837s][debug][gc,phases      ] GC(5)     Total                          Min: 0, Avg:  0.0, Max: 0, Diff: 0, Sum: 0, Workers: 4
[10.837s][debug][gc,phases      ] GC(5)   StringDedup Requests1 Weak     Min:  0.0, Avg:  0.0, Max:  0.0, Diff:  0.0, Sum:  0.0, Workers: 4
[10.837s][debug][gc,phases      ] GC(5)     Dead                           Min: 0, Avg:  0.0, Max: 0, Diff: 0, Sum: 0, Workers: 4
[10.837s][debug][gc,phases      ] GC(5)     Total                          Min: 0, Avg:  0.0, Max: 0, Diff: 0, Sum: 0, Workers: 4
[10.837s][debug][gc,phases      ] GC(5)   Weak JFR Old Object Samples    Min:  0.0, Avg:  0.0, Max:  0.0, Diff:  0.0, Sum:  0.0, Workers: 4
[10.837s][debug][gc,phases      ] GC(5)     Dead                           Min: 0, Avg:  0.0, Max: 0, Diff: 0, Sum: 0, Workers: 4
[10.837s][debug][gc,phases      ] GC(5)     Total                          Min: 0, Avg:  0.0, Max: 0, Diff: 0, Sum: 0, Workers: 4
[10.837s][debug][gc,phases      ] GC(5) Weak Processing 0.666ms
[10.838s][debug][gc,phases      ] GC(5) ClassLoaderData 0.078ms
[10.838s][debug][gc,phases      ] GC(5) Trigger cleanups 0.000ms
[10.852s][debug][gc,phases      ] GC(5) Class Unloading 14.824ms
[10.852s][info ][gc,phases      ] GC(5) Marking Phase 99.957ms
[10.852s][info ][gc,phases,start] GC(5) Summary Phase
[10.852s][info ][gc,phases      ] GC(5) Summary Phase 0.008ms
[10.852s][info ][gc,phases,start] GC(5) Adjust Roots
[10.865s][info ][gc,phases      ] GC(5) Adjust Roots 12.613ms
[10.865s][info ][gc,phases,start] GC(5) Compaction Phase
[11.435s][info ][gc,phases      ] GC(5) Compaction Phase 570.103ms
[11.435s][info ][gc,phases,start] GC(5) Post Compact
[11.437s][info ][gc,phases      ] GC(5) Post Compact 2.054ms
[11.437s][info ][gc,heap        ] GC(5) PSYoungGen: 108242K(1572864K)->107966K(1572864K) Eden: 0K(1048576K)->0K(1048576K) From: 108242K(524288K)->107966K(524288K)
[11.437s][info ][gc,heap        ] GC(5) ParOldGen: 5827K(6144K)->5797K(6144K)
[11.437s][info ][gc,metaspace   ] GC(5) Metaspace: 59122K(59776K)->59122K(59776K) NonClass: 50230K(50560K)->50230K(50560K) Class: 8891K(9216K)->8891K(9216K)
[11.437s][info ][gc             ] GC(5) Pause Full (Metadata GC Threshold) 111M->111M(1542M) 684.974ms
[11.437s][info ][gc,cpu         ] GC(5) User=1.28s Sys=0.03s Real=0.68s
[11.442s][info ][safepoint      ] Safepoint "CollectForMetadataAllocation", Time since last: 277859390 ns, Reaching safepoint: 127704 ns, At safepoint: 780784523 ns, Total: 780912227 ns
[11.715s][info ][safepoint      ] Safepoint "ICBufferFull", Time since last: 272210003 ns, Reaching safepoint: 157005 ns, At safepoint: 2300 ns, Total: 159305 ns
[12.715s][info ][safepoint      ] Safepoint "Cleanup", Time since last: 1000111357 ns, Reaching safepoint: 214107 ns, At safepoint: 7200 ns, Total: 221307 ns
[13.730s][info ][safepoint      ] Safepoint "Cleanup", Time since last: 1000112163 ns, Reaching safepoint: 15185111 ns, At safepoint: 13500 ns, Total: 15198611 ns
[15.729s][info ][safepoint      ] Safepoint "Cleanup", Time since last: 1998630372 ns, Reaching safepoint: 63902 ns, At safepoint: 2700 ns, Total: 66602 ns
[16.688s][info ][safepoint      ] Safepoint "ICBufferFull", Time since last: 958427359 ns, Reaching safepoint: 242608 ns, At safepoint: 11001 ns, Total: 253609 ns
[17.075s][info ][safepoint      ] Safepoint "ICBufferFull", Time since last: 386855621 ns, Reaching safepoint: 288310 ns, At safepoint: 9300 ns, Total: 297610 ns
[17.410s][info ][gc,start       ] GC(6) Pause Young (Allocation Failure)
[18.237s][debug][gc,phases      ] GC(6) Scavenge 826.104ms
[18.237s][debug][gc,ref         ] GC(6) Skipped phase 1 of Reference Processing: no references
[18.237s][debug][gc,ref         ] GC(6) ReferenceProcessor::execute queues: 4, RefProcThreadModel::Multi, marks_oops_alive: false
[18.238s][debug][gc,ref         ] GC(6) Skipped phase 3 of Reference Processing: no references
[18.238s][debug][gc,ref         ] GC(6) ReferenceProcessor::execute queues: 1, RefProcThreadModel::Single, marks_oops_alive: false
[18.238s][debug][gc,phases      ] GC(6) Reference Processing 1.786ms
[18.242s][debug][gc,phases      ] GC(6)   VM Weak                        Min:  0.0, Avg:  0.0, Max:  0.0, Diff:  0.0, Sum:  0.0, Workers: 4
[18.242s][debug][gc,phases      ] GC(6)     Dead                           Min: 0, Avg:  0.0, Max: 0, Diff: 0, Sum: 0, Workers: 4
[18.242s][debug][gc,phases      ] GC(6)     Total                          Min: 0, Avg: 154.8, Max: 320, Diff: 320, Sum: 619, Workers: 4
[18.242s][debug][gc,phases      ] GC(6)   ObjectSynchronizer Weak        Min:  0.0, Avg:  0.0, Max:  0.0, Diff:  0.0, Sum:  0.0, Workers: 4
[18.242s][debug][gc,phases      ] GC(6)     Dead                           Min: 0, Avg:  0.0, Max: 0, Diff: 0, Sum: 0, Workers: 4
[18.242s][debug][gc,phases      ] GC(6)     Total                          Min: 0, Avg:  5.5, Max: 22, Diff: 22, Sum: 22, Workers: 4
[18.242s][debug][gc,phases      ] GC(6)   JVMTI Tag Weak OopStorage      Min:  0.0, Avg:  0.0, Max:  0.0, Diff:  0.0, Sum:  0.0, Workers: 4
[18.242s][debug][gc,phases      ] GC(6)     Dead                           Min: 0, Avg:  0.0, Max: 0, Diff: 0, Sum: 0, Workers: 4
[18.242s][debug][gc,phases      ] GC(6)     Total                          Min: 0, Avg:  0.0, Max: 0, Diff: 0, Sum: 0, Workers: 4
[18.242s][debug][gc,phases      ] GC(6)   StringTable Weak               Min:  0.0, Avg:  0.4, Max:  0.7, Diff:  0.7, Sum:  1.4, Workers: 4
[18.242s][debug][gc,phases      ] GC(6)     Dead                           Min: 0, Avg:  2.2, Max: 7, Diff: 7, Sum: 9, Workers: 4
[18.242s][debug][gc,phases      ] GC(6)     Total                          Min: 0, Avg: 9226.2, Max: 19753, Diff: 19753, Sum: 36905, Workers: 4
[18.242s][debug][gc,phases      ] GC(6)   ResolvedMethodTable Weak       Min:  0.0, Avg:  0.1, Max:  0.2, Diff:  0.2, Sum:  0.3, Workers: 4
[18.242s][debug][gc,phases      ] GC(6)     Dead                           Min: 0, Avg: 18.0, Max: 47, Diff: 47, Sum: 72, Workers: 4
[18.242s][debug][gc,phases      ] GC(6)     Total                          Min: 0, Avg: 1719.8, Max: 3520, Diff: 3520, Sum: 6879, Workers: 4
[18.242s][debug][gc,phases      ] GC(6)   JNI Weak                       Min:  0.0, Avg:  0.0, Max:  0.0, Diff:  0.0, Sum:  0.0, Workers: 4
[18.242s][debug][gc,phases      ] GC(6)     Dead                           Min: 0, Avg:  0.0, Max: 0, Diff: 0, Sum: 0, Workers: 4
[18.242s][debug][gc,phases      ] GC(6)     Total                          Min: 0, Avg: 13.2, Max: 53, Diff: 53, Sum: 53, Workers: 4
[18.242s][debug][gc,phases      ] GC(6)   StringDedup Table Weak         Min:  0.0, Avg:  0.0, Max:  0.0, Diff:  0.0, Sum:  0.0, Workers: 4
[18.242s][debug][gc,phases      ] GC(6)     Dead                           Min: 0, Avg:  0.0, Max: 0, Diff: 0, Sum: 0, Workers: 4
[18.242s][debug][gc,phases      ] GC(6)     Total                          Min: 0, Avg:  0.0, Max: 0, Diff: 0, Sum: 0, Workers: 4
[18.242s][debug][gc,phases      ] GC(6)   StringDedup Requests0 Weak     Min:  0.0, Avg:  0.0, Max:  0.0, Diff:  0.0, Sum:  0.0, Workers: 4
[18.242s][debug][gc,phases      ] GC(6)     Dead                           Min: 0, Avg:  0.0, Max: 0, Diff: 0, Sum: 0, Workers: 4
[18.242s][debug][gc,phases      ] GC(6)     Total                          Min: 0, Avg:  0.0, Max: 0, Diff: 0, Sum: 0, Workers: 4
[18.242s][debug][gc,phases      ] GC(6)   StringDedup Requests1 Weak     Min:  0.0, Avg:  0.0, Max:  0.0, Diff:  0.0, Sum:  0.0, Workers: 4
[18.242s][debug][gc,phases      ] GC(6)     Dead                           Min: 0, Avg:  0.0, Max: 0, Diff: 0, Sum: 0, Workers: 4
[18.242s][debug][gc,phases      ] GC(6)     Total                          Min: 0, Avg:  0.0, Max: 0, Diff: 0, Sum: 0, Workers: 4
[18.242s][debug][gc,phases      ] GC(6)   Weak JFR Old Object Samples    Min:  0.0, Avg:  0.0, Max:  0.0, Diff:  0.0, Sum:  0.0, Workers: 4
[18.242s][debug][gc,phases      ] GC(6)     Dead                           Min: 0, Avg:  0.0, Max: 0, Diff: 0, Sum: 0, Workers: 4
[18.242s][debug][gc,phases      ] GC(6)     Total                          Min: 0, Avg:  0.0, Max: 0, Diff: 0, Sum: 0, Workers: 4
[18.242s][debug][gc,phases      ] GC(6) Weak Processing 3.803ms
[18.242s][debug][gc,age         ] GC(6) Desired survivor size 536870912 bytes, new threshold 7 (max threshold 15)
[18.242s][info ][gc,heap        ] GC(6) PSYoungGen: 1156542K(1572864K)->524258K(1572864K) Eden: 1048576K(1048576K)->0K(1048576K) From: 107966K(524288K)->524258K(524288K)
[18.242s][info ][gc,heap        ] GC(6) ParOldGen: 5797K(6144K)->180811K(181248K)
[18.242s][info ][gc,metaspace   ] GC(6) Metaspace: 62309K(63104K)->62309K(63104K) NonClass: 53027K(53440K)->53027K(53440K) Class: 9281K(9664K)->9281K(9664K)
[18.242s][info ][gc             ] GC(6) Pause Young (Allocation Failure) 1135M->688M(1713M) 831.908ms
[18.242s][info ][gc,cpu         ] GC(6) User=1.42s Sys=0.18s Real=0.83s
[18.242s][debug][gc,phases      ] GC(7) Pre Compact 0.015ms
[18.242s][info ][gc,start       ] GC(7) Pause Full (Ergonomics)
[18.242s][info ][gc,phases,start] GC(7) Marking Phase
[18.729s][debug][gc,phases      ] GC(7) Par Mark 486.507ms
[18.729s][debug][gc,ref         ] GC(7) Skipped phase 1 of Reference Processing: no references
[18.729s][debug][gc,ref         ] GC(7) ReferenceProcessor::execute queues: 4, RefProcThreadModel::Multi, marks_oops_alive: false
[18.730s][debug][gc,ref         ] GC(7) Skipped phase 3 of Reference Processing: no references
[18.730s][debug][gc,ref         ] GC(7) ReferenceProcessor::execute queues: 1, RefProcThreadModel::Single, marks_oops_alive: false
[18.730s][debug][gc,phases      ] GC(7) Reference Processing 0.672ms
[18.730s][debug][gc,phases      ] GC(7)   VM Weak                        Min:  0.0, Avg:  0.0, Max:  0.0, Diff:  0.0, Sum:  0.0, Workers: 4
[18.730s][debug][gc,phases      ] GC(7)     Dead                           Min: 0, Avg:  0.0, Max: 0, Diff: 0, Sum: 0, Workers: 4
[18.730s][debug][gc,phases      ] GC(7)     Total                          Min: 0, Avg: 154.8, Max: 299, Diff: 299, Sum: 619, Workers: 4
[18.730s][debug][gc,phases      ] GC(7)   ObjectSynchronizer Weak        Min:  0.0, Avg:  0.0, Max:  0.0, Diff:  0.0, Sum:  0.0, Workers: 4
[18.730s][debug][gc,phases      ] GC(7)     Dead                           Min: 0, Avg:  0.0, Max: 0, Diff: 0, Sum: 0, Workers: 4
[18.730s][debug][gc,phases      ] GC(7)     Total                          Min: 0, Avg:  5.5, Max: 22, Diff: 22, Sum: 22, Workers: 4
[18.730s][debug][gc,phases      ] GC(7)   JVMTI Tag Weak OopStorage      Min:  0.0, Avg:  0.0, Max:  0.0, Diff:  0.0, Sum:  0.0, Workers: 4
[18.730s][debug][gc,phases      ] GC(7)     Dead                           Min: 0, Avg:  0.0, Max: 0, Diff: 0, Sum: 0, Workers: 4
[18.730s][debug][gc,phases      ] GC(7)     Total                          Min: 0, Avg:  0.0, Max: 0, Diff: 0, Sum: 0, Workers: 4
[18.730s][debug][gc,phases      ] GC(7)   StringTable Weak               Min:  0.0, Avg:  0.1, Max:  0.2, Diff:  0.2, Sum:  0.6, Workers: 4
[18.730s][debug][gc,phases      ] GC(7)     Dead                           Min: 0, Avg:  0.0, Max: 0, Diff: 0, Sum: 0, Workers: 4
[18.730s][debug][gc,phases      ] GC(7)     Total                          Min: 0, Avg: 9226.2, Max: 12672, Diff: 12672, Sum: 36905, Workers: 4
[18.730s][debug][gc,phases      ] GC(7)   ResolvedMethodTable Weak       Min:  0.0, Avg:  0.0, Max:  0.0, Diff:  0.0, Sum:  0.1, Workers: 4
[18.730s][debug][gc,phases      ] GC(7)     Dead                           Min: 0, Avg:  0.0, Max: 0, Diff: 0, Sum: 0, Workers: 4
[18.730s][debug][gc,phases      ] GC(7)     Total                          Min: 0, Avg: 1719.8, Max: 2591, Diff: 2591, Sum: 6879, Workers: 4
[18.730s][debug][gc,phases      ] GC(7)   JNI Weak                       Min:  0.0, Avg:  0.0, Max:  0.0, Diff:  0.0, Sum:  0.0, Workers: 4
[18.730s][debug][gc,phases      ] GC(7)     Dead                           Min: 0, Avg:  0.0, Max: 0, Diff: 0, Sum: 0, Workers: 4
[18.730s][debug][gc,phases      ] GC(7)     Total                          Min: 0, Avg: 13.2, Max: 46, Diff: 46, Sum: 53, Workers: 4
[18.730s][debug][gc,phases      ] GC(7)   StringDedup Table Weak         Min:  0.0, Avg:  0.0, Max:  0.0, Diff:  0.0, Sum:  0.0, Workers: 4
[18.730s][debug][gc,phases      ] GC(7)     Dead                           Min: 0, Avg:  0.0, Max: 0, Diff: 0, Sum: 0, Workers: 4
[18.730s][debug][gc,phases      ] GC(7)     Total                          Min: 0, Avg:  0.0, Max: 0, Diff: 0, Sum: 0, Workers: 4
[18.730s][debug][gc,phases      ] GC(7)   StringDedup Requests0 Weak     Min:  0.0, Avg:  0.0, Max:  0.0, Diff:  0.0, Sum:  0.0, Workers: 4
[18.730s][debug][gc,phases      ] GC(7)     Dead                           Min: 0, Avg:  0.0, Max: 0, Diff: 0, Sum: 0, Workers: 4
[18.730s][debug][gc,phases      ] GC(7)     Total                          Min: 0, Avg:  0.0, Max: 0, Diff: 0, Sum: 0, Workers: 4
[18.730s][debug][gc,phases      ] GC(7)   StringDedup Requests1 Weak     Min:  0.0, Avg:  0.0, Max:  0.0, Diff:  0.0, Sum:  0.0, Workers: 4
[18.730s][debug][gc,phases      ] GC(7)     Dead                           Min: 0, Avg:  0.0, Max: 0, Diff: 0, Sum: 0, Workers: 4
[18.730s][debug][gc,phases      ] GC(7)     Total                          Min: 0, Avg:  0.0, Max: 0, Diff: 0, Sum: 0, Workers: 4
[18.730s][debug][gc,phases      ] GC(7)   Weak JFR Old Object Samples    Min:  0.0, Avg:  0.0, Max:  0.0, Diff:  0.0, Sum:  0.0, Workers: 4
[18.730s][debug][gc,phases      ] GC(7)     Dead                           Min: 0, Avg:  0.0, Max: 0, Diff: 0, Sum: 0, Workers: 4
[18.730s][debug][gc,phases      ] GC(7)     Total                          Min: 0, Avg:  0.0, Max: 0, Diff: 0, Sum: 0, Workers: 4
[18.730s][debug][gc,phases      ] GC(7) Weak Processing 0.436ms
[18.730s][debug][gc,phases      ] GC(7) ClassLoaderData 0.106ms
[18.730s][debug][gc,phases      ] GC(7) Trigger cleanups 0.000ms
[18.747s][debug][gc,phases      ] GC(7) Class Unloading 16.734ms
[18.747s][info ][gc,phases      ] GC(7) Marking Phase 504.565ms
[18.747s][info ][gc,phases,start] GC(7) Summary Phase
[18.747s][info ][gc,phases      ] GC(7) Summary Phase 0.016ms
[18.747s][info ][gc,phases,start] GC(7) Adjust Roots
[18.762s][info ][gc,phases      ] GC(7) Adjust Roots 15.388ms
[18.763s][info ][gc,phases,start] GC(7) Compaction Phase
[20.027s][info ][gc,phases      ] GC(7) Compaction Phase 1264.049ms
[20.027s][info ][gc,phases,start] GC(7) Post Compact
[20.031s][info ][gc,phases      ] GC(7) Post Compact 4.731ms
[20.032s][info ][gc,heap        ] GC(7) PSYoungGen: 524258K(1572864K)->517833K(1572864K) Eden: 0K(1048576K)->0K(1048576K) From: 524258K(524288K)->517833K(524288K)
[20.032s][info ][gc,heap        ] GC(7) ParOldGen: 180811K(181248K)->178220K(331776K)
[20.032s][info ][gc,metaspace   ] GC(7) Metaspace: 62309K(63104K)->62309K(63104K) NonClass: 53027K(53440K)->53027K(53440K) Class: 9281K(9664K)->9281K(9664K)
[20.032s][info ][gc             ] GC(7) Pause Full (Ergonomics) 688M->679M(1860M) 1789.293ms
[20.032s][info ][gc,cpu         ] GC(7) User=4.54s Sys=0.05s Real=1.79s
[20.032s][info ][safepoint      ] Safepoint "ParallelGCFailedAllocation", Time since last: 333668631 ns, Reaching safepoint: 1787960 ns, At safepoint: 2621415933 ns, Total: 2623203893 ns
[20.522s][info ][safepoint      ] Safepoint "ICBufferFull", Time since last: 490254327 ns, Reaching safepoint: 170805 ns, At safepoint: 5400 ns, Total: 176205 ns
[21.721s][info ][safepoint      ] Safepoint "ICBufferFull", Time since last: 1198101928 ns, Reaching safepoint: 258707 ns, At safepoint: 6701 ns, Total: 265408 ns
[21.965s][info ][gc,start       ] GC(8) Pause Young (Allocation Failure)
[22.417s][debug][gc,phases      ] GC(8) Scavenge 451.930ms
[22.417s][debug][gc,ref         ] GC(8) Skipped phase 1 of Reference Processing: no references
[22.417s][debug][gc,ref         ] GC(8) ReferenceProcessor::execute queues: 4, RefProcThreadModel::Multi, marks_oops_alive: false
[22.418s][debug][gc,ref         ] GC(8) Skipped phase 3 of Reference Processing: no references
[22.418s][debug][gc,ref         ] GC(8) ReferenceProcessor::execute queues: 1, RefProcThreadModel::Single, marks_oops_alive: false
[22.418s][debug][gc,phases      ] GC(8) Reference Processing 1.154ms
[22.419s][debug][gc,phases      ] GC(8)   VM Weak                        Min:  0.0, Avg:  0.0, Max:  0.0, Diff:  0.0, Sum:  0.0, Workers: 4
[22.419s][debug][gc,phases      ] GC(8)     Dead                           Min: 0, Avg:  0.0, Max: 0, Diff: 0, Sum: 0, Workers: 4
[22.419s][debug][gc,phases      ] GC(8)     Total                          Min: 0, Avg: 155.2, Max: 557, Diff: 557, Sum: 621, Workers: 4
[22.419s][debug][gc,phases      ] GC(8)   ObjectSynchronizer Weak        Min:  0.0, Avg:  0.0, Max:  0.0, Diff:  0.0, Sum:  0.0, Workers: 4
[22.419s][debug][gc,phases      ] GC(8)     Dead                           Min: 0, Avg:  0.0, Max: 0, Diff: 0, Sum: 0, Workers: 4
[22.419s][debug][gc,phases      ] GC(8)     Total                          Min: 0, Avg:  5.5, Max: 22, Diff: 22, Sum: 22, Workers: 4
[22.419s][debug][gc,phases      ] GC(8)   JVMTI Tag Weak OopStorage      Min:  0.0, Avg:  0.0, Max:  0.0, Diff:  0.0, Sum:  0.0, Workers: 4
[22.420s][debug][gc,phases      ] GC(8)     Dead                           Min: 0, Avg:  0.0, Max: 0, Diff: 0, Sum: 0, Workers: 4
[22.420s][debug][gc,phases      ] GC(8)     Total                          Min: 0, Avg:  0.0, Max: 0, Diff: 0, Sum: 0, Workers: 4
[22.420s][debug][gc,phases      ] GC(8)   StringTable Weak               Min:  0.0, Avg:  0.5, Max:  1.0, Diff:  1.0, Sum:  2.0, Workers: 4
[22.420s][debug][gc,phases      ] GC(8)     Dead                           Min: 0, Avg:  0.8, Max: 3, Diff: 3, Sum: 3, Workers: 4
[22.420s][debug][gc,phases      ] GC(8)     Total                          Min: 0, Avg: 9260.8, Max: 21684, Diff: 21684, Sum: 37043, Workers: 4
[22.420s][debug][gc,phases      ] GC(8)   ResolvedMethodTable Weak       Min:  0.0, Avg:  0.1, Max:  0.2, Diff:  0.2, Sum:  0.4, Workers: 4
[22.420s][debug][gc,phases      ] GC(8)     Dead                           Min: 0, Avg:  7.5, Max: 28, Diff: 28, Sum: 30, Workers: 4
[22.420s][debug][gc,phases      ] GC(8)     Total                          Min: 0, Avg: 1734.5, Max: 3547, Diff: 3547, Sum: 6938, Workers: 4
[22.420s][debug][gc,phases      ] GC(8)   JNI Weak                       Min:  0.0, Avg:  0.0, Max:  0.0, Diff:  0.0, Sum:  0.0, Workers: 4
[22.420s][debug][gc,phases      ] GC(8)     Dead                           Min: 0, Avg:  0.0, Max: 0, Diff: 0, Sum: 0, Workers: 4
[22.420s][debug][gc,phases      ] GC(8)     Total                          Min: 0, Avg: 11.2, Max: 45, Diff: 45, Sum: 45, Workers: 4
[22.420s][debug][gc,phases      ] GC(8)   StringDedup Table Weak         Min:  0.0, Avg:  0.0, Max:  0.0, Diff:  0.0, Sum:  0.0, Workers: 4
[22.420s][debug][gc,phases      ] GC(8)     Dead                           Min: 0, Avg:  0.0, Max: 0, Diff: 0, Sum: 0, Workers: 4
[22.420s][debug][gc,phases      ] GC(8)     Total                          Min: 0, Avg:  0.0, Max: 0, Diff: 0, Sum: 0, Workers: 4
[22.420s][debug][gc,phases      ] GC(8)   StringDedup Requests0 Weak     Min:  0.0, Avg:  0.0, Max:  0.0, Diff:  0.0, Sum:  0.0, Workers: 4
[22.420s][debug][gc,phases      ] GC(8)     Dead                           Min: 0, Avg:  0.0, Max: 0, Diff: 0, Sum: 0, Workers: 4
[22.420s][debug][gc,phases      ] GC(8)     Total                          Min: 0, Avg:  0.0, Max: 0, Diff: 0, Sum: 0, Workers: 4
[22.420s][debug][gc,phases      ] GC(8)   StringDedup Requests1 Weak     Min:  0.0, Avg:  0.0, Max:  0.0, Diff:  0.0, Sum:  0.0, Workers: 4
[22.420s][debug][gc,phases      ] GC(8)     Dead                           Min: 0, Avg:  0.0, Max: 0, Diff: 0, Sum: 0, Workers: 4
[22.420s][debug][gc,phases      ] GC(8)     Total                          Min: 0, Avg:  0.0, Max: 0, Diff: 0, Sum: 0, Workers: 4
[22.420s][debug][gc,phases      ] GC(8)   Weak JFR Old Object Samples    Min:  0.0, Avg:  0.0, Max:  0.0, Diff:  0.0, Sum:  0.0, Workers: 4
[22.420s][debug][gc,phases      ] GC(8)     Dead                           Min: 0, Avg:  0.0, Max: 0, Diff: 0, Sum: 0, Workers: 4
[22.420s][debug][gc,phases      ] GC(8)     Total                          Min: 0, Avg:  0.0, Max: 0, Diff: 0, Sum: 0, Workers: 4
[22.420s][debug][gc,phases      ] GC(8) Weak Processing 1.476ms
[22.420s][debug][gc,age         ] GC(8) Desired survivor size 536870912 bytes, new threshold 6 (max threshold 15)
[22.420s][info ][gc,heap        ] GC(8) PSYoungGen: 1566409K(1572864K)->510675K(1572864K) Eden: 1048576K(1048576K)->0K(1048576K) From: 517833K(524288K)->510675K(524288K)
[22.420s][info ][gc,heap        ] GC(8) ParOldGen: 178220K(331776K)->178228K(331776K)
[22.420s][info ][gc,metaspace   ] GC(8) Metaspace: 62693K(63488K)->62693K(63488K) NonClass: 53372K(53824K)->53372K(53824K) Class: 9321K(9664K)->9321K(9664K)
[22.420s][info ][gc             ] GC(8) Pause Young (Allocation Failure) 1703M->672M(1860M) 454.721ms
[22.420s][info ][gc,cpu         ] GC(8) User=0.95s Sys=0.13s Real=0.46s
[22.420s][info ][safepoint      ] Safepoint "ParallelGCFailedAllocation", Time since last: 244210350 ns, Reaching safepoint: 161505 ns, At safepoint: 454810186 ns, Total: 454971691 ns
[23.420s][info ][safepoint      ] Safepoint "Cleanup", Time since last: 1000087936 ns, Reaching safepoint: 213206 ns, At safepoint: 12700 ns, Total: 225906 ns
[23.872s][info ][safepoint      ] Safepoint "ICBufferFull", Time since last: 451976209 ns, Reaching safepoint: 224606 ns, At safepoint: 13101 ns, Total: 237707 ns
[24.714s][info ][safepoint      ] Safepoint "ICBufferFull", Time since last: 841108006 ns, Reaching safepoint: 183205 ns, At safepoint: 8300 ns, Total: 191505 ns
[24.905s][info ][safepoint      ] Safepoint "ICBufferFull", Time since last: 187749296 ns, Reaching safepoint: 3251709 ns, At safepoint: 9800 ns, Total: 3261509 ns
[25.003s][info ][safepoint      ] Safepoint "ICBufferFull", Time since last: 90340034 ns, Reaching safepoint: 7594555 ns, At safepoint: 12700 ns, Total: 7607255 ns
[25.006s][info ][safepoint      ] Safepoint "ICBufferFull", Time since last: 149205 ns, Reaching safepoint: 3407315 ns, At safepoint: 14900 ns, Total: 3422215 ns
[25.149s][info ][safepoint      ] Safepoint "ICBufferFull", Time since last: 142527886 ns, Reaching safepoint: 271909 ns, At safepoint: 4600 ns, Total: 276509 ns
[25.380s][info ][safepoint      ] Safepoint "ICBufferFull", Time since last: 230732848 ns, Reaching safepoint: 202207 ns, At safepoint: 2200 ns, Total: 204407 ns
[25.856s][info ][safepoint      ] Safepoint "ICBufferFull", Time since last: 474478132 ns, Reaching safepoint: 2005567 ns, At safepoint: 11601 ns, Total: 2017168 ns
[26.239s][info ][safepoint      ] Safepoint "ICBufferFull", Time since last: 382297837 ns, Reaching safepoint: 267209 ns, At safepoint: 3800 ns, Total: 271009 ns
[26.588s][info ][safepoint      ] Safepoint "ICBufferFull", Time since last: 347394765 ns, Reaching safepoint: 1504950 ns, At safepoint: 8600 ns, Total: 1513550 ns
[26.602s][info ][safepoint      ] Safepoint "ParallelGCFailedAllocation", Time since last: 14471386 ns, Reaching safepoint: 34202 ns, At safepoint: 7400 ns, Total: 41602 ns
[26.603s][info ][gc,start       ] GC(9) Pause Young (GCLocker Initiated GC)
[26.788s][debug][gc,phases      ] GC(9) Scavenge 184.930ms
[26.788s][debug][gc,ref         ] GC(9) Skipped phase 1 of Reference Processing: no references
[26.788s][debug][gc,ref         ] GC(9) ReferenceProcessor::execute queues: 4, RefProcThreadModel::Multi, marks_oops_alive: false
[26.788s][debug][gc,ref         ] GC(9) Skipped phase 3 of Reference Processing: no references
[26.788s][debug][gc,ref         ] GC(9) ReferenceProcessor::execute queues: 1, RefProcThreadModel::Single, marks_oops_alive: false
[26.788s][debug][gc,phases      ] GC(9) Reference Processing 0.757ms
[26.789s][debug][gc,phases      ] GC(9)   VM Weak                        Min:  0.0, Avg:  0.0, Max:  0.0, Diff:  0.0, Sum:  0.0, Workers: 4
[26.789s][debug][gc,phases      ] GC(9)     Dead                           Min: 0, Avg:  0.0, Max: 0, Diff: 0, Sum: 0, Workers: 4
[26.789s][debug][gc,phases      ] GC(9)     Total                          Min: 0, Avg: 160.0, Max: 320, Diff: 320, Sum: 640, Workers: 4
[26.789s][debug][gc,phases      ] GC(9)   ObjectSynchronizer Weak        Min:  0.0, Avg:  0.0, Max:  0.0, Diff:  0.0, Sum:  0.0, Workers: 4
[26.789s][debug][gc,phases      ] GC(9)     Dead                           Min: 0, Avg:  0.0, Max: 0, Diff: 0, Sum: 0, Workers: 4
[26.789s][debug][gc,phases      ] GC(9)     Total                          Min: 0, Avg:  5.5, Max: 22, Diff: 22, Sum: 22, Workers: 4
[26.789s][debug][gc,phases      ] GC(9)   JVMTI Tag Weak OopStorage      Min:  0.0, Avg:  0.0, Max:  0.0, Diff:  0.0, Sum:  0.0, Workers: 4
[26.789s][debug][gc,phases      ] GC(9)     Dead                           Min: 0, Avg:  0.0, Max: 0, Diff: 0, Sum: 0, Workers: 4
[26.789s][debug][gc,phases      ] GC(9)     Total                          Min: 0, Avg:  0.0, Max: 0, Diff: 0, Sum: 0, Workers: 4
[26.789s][debug][gc,phases      ] GC(9)   StringTable Weak               Min:  0.0, Avg:  0.4, Max:  0.5, Diff:  0.5, Sum:  1.5, Workers: 4
[26.789s][debug][gc,phases      ] GC(9)     Dead                           Min: 0, Avg:  1.8, Max: 3, Diff: 3, Sum: 7, Workers: 4
[26.789s][debug][gc,phases      ] GC(9)     Total                          Min: 0, Avg: 9483.5, Max: 12782, Diff: 12782, Sum: 37934, Workers: 4
[26.789s][debug][gc,phases      ] GC(9)   ResolvedMethodTable Weak       Min:  0.0, Avg:  0.1, Max:  0.1, Diff:  0.1, Sum:  0.3, Workers: 4
[26.789s][debug][gc,phases      ] GC(9)     Dead                           Min: 0, Avg: 21.5, Max: 35, Diff: 35, Sum: 86, Workers: 4
[26.789s][debug][gc,phases      ] GC(9)     Total                          Min: 0, Avg: 1856.2, Max: 2624, Diff: 2624, Sum: 7425, Workers: 4
[26.789s][debug][gc,phases      ] GC(9)   JNI Weak                       Min:  0.0, Avg:  0.0, Max:  0.0, Diff:  0.0, Sum:  0.0, Workers: 4
[26.789s][debug][gc,phases      ] GC(9)     Dead                           Min: 0, Avg:  0.0, Max: 0, Diff: 0, Sum: 0, Workers: 4
[26.789s][debug][gc,phases      ] GC(9)     Total                          Min: 0, Avg: 17.0, Max: 68, Diff: 68, Sum: 68, Workers: 4
[26.789s][debug][gc,phases      ] GC(9)   StringDedup Table Weak         Min:  0.0, Avg:  0.0, Max:  0.0, Diff:  0.0, Sum:  0.0, Workers: 4
[26.789s][debug][gc,phases      ] GC(9)     Dead                           Min: 0, Avg:  0.0, Max: 0, Diff: 0, Sum: 0, Workers: 4
[26.789s][debug][gc,phases      ] GC(9)     Total                          Min: 0, Avg:  0.0, Max: 0, Diff: 0, Sum: 0, Workers: 4
[26.789s][debug][gc,phases      ] GC(9)   StringDedup Requests0 Weak     Min:  0.0, Avg:  0.0, Max:  0.0, Diff:  0.0, Sum:  0.0, Workers: 4
[26.789s][debug][gc,phases      ] GC(9)     Dead                           Min: 0, Avg:  0.0, Max: 0, Diff: 0, Sum: 0, Workers: 4
[26.789s][debug][gc,phases      ] GC(9)     Total                          Min: 0, Avg:  0.0, Max: 0, Diff: 0, Sum: 0, Workers: 4
[26.789s][debug][gc,phases      ] GC(9)   StringDedup Requests1 Weak     Min:  0.0, Avg:  0.0, Max:  0.0, Diff:  0.0, Sum:  0.0, Workers: 4
[26.789s][debug][gc,phases      ] GC(9)     Dead                           Min: 0, Avg:  0.0, Max: 0, Diff: 0, Sum: 0, Workers: 4
[26.789s][debug][gc,phases      ] GC(9)     Total                          Min: 0, Avg:  0.0, Max: 0, Diff: 0, Sum: 0, Workers: 4
[26.789s][debug][gc,phases      ] GC(9)   Weak JFR Old Object Samples    Min:  0.0, Avg:  0.0, Max:  0.0, Diff:  0.0, Sum:  0.0, Workers: 4
[26.789s][debug][gc,phases      ] GC(9)     Dead                           Min: 0, Avg:  0.0, Max: 0, Diff: 0, Sum: 0, Workers: 4
[26.789s][debug][gc,phases      ] GC(9)     Total                          Min: 0, Avg:  0.0, Max: 0, Diff: 0, Sum: 0, Workers: 4
[26.789s][debug][gc,phases      ] GC(9) Weak Processing 0.877ms
[26.789s][debug][gc,age         ] GC(9) Desired survivor size 536870912 bytes, new threshold 5 (max threshold 15)
[26.789s][info ][gc,heap        ] GC(9) PSYoungGen: 1559251K(1572864K)->241331K(1572864K) Eden: 1048576K(1048576K)->0K(1048576K) From: 510675K(524288K)->241331K(524288K)
[26.789s][info ][gc,heap        ] GC(9) ParOldGen: 178244K(331776K)->178244K(331776K)
[26.789s][info ][gc,metaspace   ] GC(9) Metaspace: 65920K(66688K)->65920K(66688K) NonClass: 56236K(56640K)->56236K(56640K) Class: 9683K(10048K)->9683K(10048K)
[26.789s][info ][gc             ] GC(9) Pause Young (GCLocker Initiated GC) 1696M->409M(1860M) 186.711ms
[26.789s][info ][gc,cpu         ] GC(9) User=0.41s Sys=0.00s Real=0.18s
[26.789s][info ][safepoint      ] Safepoint "ParallelGCSystemGC", Time since last: 97903 ns, Reaching safepoint: 35001 ns, At safepoint: 186804273 ns, Total: 186839274 ns
[27.449s][info ][safepoint      ] Safepoint "ICBufferFull", Time since last: 659411742 ns, Reaching safepoint: 195506 ns, At safepoint: 4000 ns, Total: 199506 ns
[28.353s][info ][safepoint      ] Safepoint "ICBufferFull", Time since last: 903532109 ns, Reaching safepoint: 179706 ns, At safepoint: 6700 ns, Total: 186406 ns
[28.635s][info ][safepoint      ] Safepoint "ICBufferFull", Time since last: 282413993 ns, Reaching safepoint: 233608 ns, At safepoint: 2800 ns, Total: 236408 ns
[30.487s][info ][safepoint      ] Safepoint "Cleanup", Time since last: 1851152970 ns, Reaching safepoint: 163005 ns, At safepoint: 3901 ns, Total: 166906 ns
[31.780s][info ][safepoint      ] Safepoint "ICBufferFull", Time since last: 1293102609 ns, Reaching safepoint: 219307 ns, At safepoint: 3200 ns, Total: 222507 ns
[32.033s][info ][safepoint      ] Safepoint "ICBufferFull", Time since last: 252906312 ns, Reaching safepoint: 302010 ns, At safepoint: 10700 ns, Total: 312710 ns
[32.252s][info ][safepoint      ] Safepoint "ICBufferFull", Time since last: 218582370 ns, Reaching safepoint: 274609 ns, At safepoint: 4701 ns, Total: 279310 ns
[33.390s][info ][gc,start       ] GC(10) Pause Young (Allocation Failure)
[33.598s][debug][gc,phases      ] GC(10) Scavenge 207.818ms
[33.598s][debug][gc,ref         ] GC(10) Skipped phase 1 of Reference Processing: no references
[33.598s][debug][gc,ref         ] GC(10) ReferenceProcessor::execute queues: 4, RefProcThreadModel::Multi, marks_oops_alive: false
[33.598s][debug][gc,ref         ] GC(10) Skipped phase 3 of Reference Processing: no references
[33.598s][debug][gc,ref         ] GC(10) ReferenceProcessor::execute queues: 1, RefProcThreadModel::Single, marks_oops_alive: false
[33.599s][debug][gc,phases      ] GC(10) Reference Processing 0.505ms
[33.599s][debug][gc,phases      ] GC(10)   VM Weak                        Min:  0.0, Avg:  0.0, Max:  0.0, Diff:  0.0, Sum:  0.0, Workers: 4
[33.599s][debug][gc,phases      ] GC(10)     Dead                           Min: 0, Avg:  0.0, Max: 0, Diff: 0, Sum: 0, Workers: 4
[33.599s][debug][gc,phases      ] GC(10)     Total                          Min: 0, Avg: 166.0, Max: 344, Diff: 344, Sum: 664, Workers: 4
[33.599s][debug][gc,phases      ] GC(10)   ObjectSynchronizer Weak        Min:  0.0, Avg:  0.0, Max:  0.0, Diff:  0.0, Sum:  0.0, Workers: 4
[33.599s][debug][gc,phases      ] GC(10)     Dead                           Min: 0, Avg:  0.8, Max: 3, Diff: 3, Sum: 3, Workers: 4
[33.599s][debug][gc,phases      ] GC(10)     Total                          Min: 0, Avg:  6.5, Max: 26, Diff: 26, Sum: 26, Workers: 4
[33.599s][debug][gc,phases      ] GC(10)   JVMTI Tag Weak OopStorage      Min:  0.0, Avg:  0.0, Max:  0.0, Diff:  0.0, Sum:  0.0, Workers: 4
[33.599s][debug][gc,phases      ] GC(10)     Dead                           Min: 0, Avg:  0.0, Max: 0, Diff: 0, Sum: 0, Workers: 4
[33.599s][debug][gc,phases      ] GC(10)     Total                          Min: 0, Avg:  0.0, Max: 0, Diff: 0, Sum: 0, Workers: 4
[33.599s][debug][gc,phases      ] GC(10)   StringTable Weak               Min:  0.0, Avg:  0.5, Max:  0.6, Diff:  0.6, Sum:  1.8, Workers: 4
[33.599s][debug][gc,phases      ] GC(10)     Dead                           Min: 0, Avg:  1.5, Max: 3, Diff: 3, Sum: 6, Workers: 4
[33.599s][debug][gc,phases      ] GC(10)     Total                          Min: 0, Avg: 10244.2, Max: 14784, Diff: 14784, Sum: 40977, Workers: 4
[33.599s][debug][gc,phases      ] GC(10)   ResolvedMethodTable Weak       Min:  0.0, Avg:  0.1, Max:  0.1, Diff:  0.1, Sum:  0.3, Workers: 4
[33.599s][debug][gc,phases      ] GC(10)     Dead                           Min: 0, Avg: 29.2, Max: 54, Diff: 54, Sum: 117, Workers: 4
[33.599s][debug][gc,phases      ] GC(10)     Total                          Min: 0, Avg: 1985.5, Max: 2752, Diff: 2752, Sum: 7942, Workers: 4
[33.599s][debug][gc,phases      ] GC(10)   JNI Weak                       Min:  0.0, Avg:  0.0, Max:  0.0, Diff:  0.0, Sum:  0.0, Workers: 4
[33.599s][debug][gc,phases      ] GC(10)     Dead                           Min: 0, Avg:  0.0, Max: 0, Diff: 0, Sum: 0, Workers: 4
[33.599s][debug][gc,phases      ] GC(10)     Total                          Min: 0, Avg: 17.5, Max: 51, Diff: 51, Sum: 70, Workers: 4
[33.599s][debug][gc,phases      ] GC(10)   StringDedup Table Weak         Min:  0.0, Avg:  0.0, Max:  0.0, Diff:  0.0, Sum:  0.0, Workers: 4
[33.599s][debug][gc,phases      ] GC(10)     Dead                           Min: 0, Avg:  0.0, Max: 0, Diff: 0, Sum: 0, Workers: 4
[33.599s][debug][gc,phases      ] GC(10)     Total                          Min: 0, Avg:  0.0, Max: 0, Diff: 0, Sum: 0, Workers: 4
[33.599s][debug][gc,phases      ] GC(10)   StringDedup Requests0 Weak     Min:  0.0, Avg:  0.0, Max:  0.0, Diff:  0.0, Sum:  0.0, Workers: 4
[33.599s][debug][gc,phases      ] GC(10)     Dead                           Min: 0, Avg:  0.0, Max: 0, Diff: 0, Sum: 0, Workers: 4
[33.599s][debug][gc,phases      ] GC(10)     Total                          Min: 0, Avg:  0.0, Max: 0, Diff: 0, Sum: 0, Workers: 4
[33.599s][debug][gc,phases      ] GC(10)   StringDedup Requests1 Weak     Min:  0.0, Avg:  0.0, Max:  0.0, Diff:  0.0, Sum:  0.0, Workers: 4
[33.599s][debug][gc,phases      ] GC(10)     Dead                           Min: 0, Avg:  0.0, Max: 0, Diff: 0, Sum: 0, Workers: 4
[33.599s][debug][gc,phases      ] GC(10)     Total                          Min: 0, Avg:  0.0, Max: 0, Diff: 0, Sum: 0, Workers: 4
[33.599s][debug][gc,phases      ] GC(10)   Weak JFR Old Object Samples    Min:  0.0, Avg:  0.0, Max:  0.0, Diff:  0.0, Sum:  0.0, Workers: 4
[33.599s][debug][gc,phases      ] GC(10)     Dead                           Min: 0, Avg:  0.0, Max: 0, Diff: 0, Sum: 0, Workers: 4
[33.599s][debug][gc,phases      ] GC(10)     Total                          Min: 0, Avg:  0.0, Max: 0, Diff: 0, Sum: 0, Workers: 4
[33.599s][debug][gc,phases      ] GC(10) Weak Processing 0.914ms
[33.599s][debug][gc,age         ] GC(10) Desired survivor size 536870912 bytes, new threshold 4 (max threshold 15)
[33.599s][info ][gc,heap        ] GC(10) PSYoungGen: 1289907K(1572864K)->275058K(1572864K) Eden: 1048576K(1048576K)->0K(1048576K) From: 241331K(524288K)->275058K(524288K)
[33.599s][info ][gc,heap        ] GC(10) ParOldGen: 178245K(331776K)->254780K(331776K)
[33.599s][info ][gc,metaspace   ] GC(10) Metaspace: 74139K(75008K)->74139K(75008K) NonClass: 63361K(63808K)->63361K(63808K) Class: 10778K(11200K)->10778K(11200K)
[33.599s][info ][gc             ] GC(10) Pause Young (Allocation Failure) 1433M->517M(1860M) 209.379ms
[33.599s][info ][gc,cpu         ] GC(10) User=0.56s Sys=0.02s Real=0.22s
[33.600s][debug][gc,phases      ] GC(11) Pre Compact 0.010ms
[33.600s][info ][gc,start       ] GC(11) Pause Full (Ergonomics)
[33.600s][info ][gc,phases,start] GC(11) Marking Phase
[33.766s][debug][gc,phases      ] GC(11) Par Mark 166.295ms
[33.766s][debug][gc,ref         ] GC(11) Skipped phase 1 of Reference Processing: no references
[33.766s][debug][gc,ref         ] GC(11) ReferenceProcessor::execute queues: 4, RefProcThreadModel::Multi, marks_oops_alive: false
[33.767s][debug][gc,ref         ] GC(11) Skipped phase 3 of Reference Processing: no references
[33.767s][debug][gc,ref         ] GC(11) ReferenceProcessor::execute queues: 1, RefProcThreadModel::Single, marks_oops_alive: false
[33.767s][debug][gc,phases      ] GC(11) Reference Processing 0.793ms
[33.767s][debug][gc,phases      ] GC(11)   VM Weak                        Min:  0.0, Avg:  0.0, Max:  0.0, Diff:  0.0, Sum:  0.0, Workers: 4
[33.767s][debug][gc,phases      ] GC(11)     Dead                           Min: 0, Avg:  0.0, Max: 0, Diff: 0, Sum: 0, Workers: 4
[33.767s][debug][gc,phases      ] GC(11)     Total                          Min: 0, Avg: 166.0, Max: 320, Diff: 320, Sum: 664, Workers: 4
[33.767s][debug][gc,phases      ] GC(11)   ObjectSynchronizer Weak        Min:  0.0, Avg:  0.0, Max:  0.0, Diff:  0.0, Sum:  0.0, Workers: 4
[33.767s][debug][gc,phases      ] GC(11)     Dead                           Min: 0, Avg:  0.0, Max: 0, Diff: 0, Sum: 0, Workers: 4
[33.767s][debug][gc,phases      ] GC(11)     Total                          Min: 0, Avg:  6.5, Max: 26, Diff: 26, Sum: 26, Workers: 4
[33.767s][debug][gc,phases      ] GC(11)   JVMTI Tag Weak OopStorage      Min:  0.0, Avg:  0.0, Max:  0.0, Diff:  0.0, Sum:  0.0, Workers: 4
[33.767s][debug][gc,phases      ] GC(11)     Dead                           Min: 0, Avg:  0.0, Max: 0, Diff: 0, Sum: 0, Workers: 4
[33.767s][debug][gc,phases      ] GC(11)     Total                          Min: 0, Avg:  0.0, Max: 0, Diff: 0, Sum: 0, Workers: 4
[33.767s][debug][gc,phases      ] GC(11)   StringTable Weak               Min:  0.0, Avg:  0.2, Max:  0.2, Diff:  0.2, Sum:  0.6, Workers: 4
[33.767s][debug][gc,phases      ] GC(11)     Dead                           Min: 0, Avg:  0.0, Max: 0, Diff: 0, Sum: 0, Workers: 4
[33.767s][debug][gc,phases      ] GC(11)     Total                          Min: 0, Avg: 10244.2, Max: 14656, Diff: 14656, Sum: 40977, Workers: 4
[33.767s][debug][gc,phases      ] GC(11)   ResolvedMethodTable Weak       Min:  0.0, Avg:  0.0, Max:  0.0, Diff:  0.0, Sum:  0.1, Workers: 4
[33.767s][debug][gc,phases      ] GC(11)     Dead                           Min: 0, Avg:  0.0, Max: 0, Diff: 0, Sum: 0, Workers: 4
[33.767s][debug][gc,phases      ] GC(11)     Total                          Min: 0, Avg: 1985.5, Max: 2752, Diff: 2752, Sum: 7942, Workers: 4
[33.767s][debug][gc,phases      ] GC(11)   JNI Weak                       Min:  0.0, Avg:  0.0, Max:  0.0, Diff:  0.0, Sum:  0.0, Workers: 4
[33.767s][debug][gc,phases      ] GC(11)     Dead                           Min: 0, Avg:  0.0, Max: 0, Diff: 0, Sum: 0, Workers: 4
[33.767s][debug][gc,phases      ] GC(11)     Total                          Min: 0, Avg: 17.5, Max: 51, Diff: 51, Sum: 70, Workers: 4
[33.767s][debug][gc,phases      ] GC(11)   StringDedup Table Weak         Min:  0.0, Avg:  0.0, Max:  0.0, Diff:  0.0, Sum:  0.0, Workers: 4
[33.767s][debug][gc,phases      ] GC(11)     Dead                           Min: 0, Avg:  0.0, Max: 0, Diff: 0, Sum: 0, Workers: 4
[33.767s][debug][gc,phases      ] GC(11)     Total                          Min: 0, Avg:  0.0, Max: 0, Diff: 0, Sum: 0, Workers: 4
[33.767s][debug][gc,phases      ] GC(11)   StringDedup Requests0 Weak     Min:  0.0, Avg:  0.0, Max:  0.0, Diff:  0.0, Sum:  0.0, Workers: 4
[33.767s][debug][gc,phases      ] GC(11)     Dead                           Min: 0, Avg:  0.0, Max: 0, Diff: 0, Sum: 0, Workers: 4
[33.767s][debug][gc,phases      ] GC(11)     Total                          Min: 0, Avg:  0.0, Max: 0, Diff: 0, Sum: 0, Workers: 4
[33.767s][debug][gc,phases      ] GC(11)   StringDedup Requests1 Weak     Min:  0.0, Avg:  0.0, Max:  0.0, Diff:  0.0, Sum:  0.0, Workers: 4
[33.767s][debug][gc,phases      ] GC(11)     Dead                           Min: 0, Avg:  0.0, Max: 0, Diff: 0, Sum: 0, Workers: 4
[33.767s][debug][gc,phases      ] GC(11)     Total                          Min: 0, Avg:  0.0, Max: 0, Diff: 0, Sum: 0, Workers: 4
[33.767s][debug][gc,phases      ] GC(11)   Weak JFR Old Object Samples    Min:  0.0, Avg:  0.0, Max:  0.0, Diff:  0.0, Sum:  0.0, Workers: 4
[33.767s][debug][gc,phases      ] GC(11)     Dead                           Min: 0, Avg:  0.0, Max: 0, Diff: 0, Sum: 0, Workers: 4
[33.767s][debug][gc,phases      ] GC(11)     Total                          Min: 0, Avg:  0.0, Max: 0, Diff: 0, Sum: 0, Workers: 4
[33.767s][debug][gc,phases      ] GC(11) Weak Processing 0.454ms
[33.767s][debug][gc,phases      ] GC(11) ClassLoaderData 0.090ms
[33.767s][debug][gc,phases      ] GC(11) Trigger cleanups 0.000ms
[33.780s][debug][gc,phases      ] GC(11) Class Unloading 12.275ms
[33.780s][info ][gc,phases      ] GC(11) Marking Phase 180.012ms
[33.780s][info ][gc,phases,start] GC(11) Summary Phase
[33.780s][info ][gc,phases      ] GC(11) Summary Phase 0.039ms
[33.780s][info ][gc,phases,start] GC(11) Adjust Roots
[33.797s][info ][gc,phases      ] GC(11) Adjust Roots 17.157ms
[33.797s][info ][gc,phases,start] GC(11) Compaction Phase
[34.364s][info ][gc,phases      ] GC(11) Compaction Phase 566.786ms
[34.364s][info ][gc,phases,start] GC(11) Post Compact
[34.367s][info ][gc,phases      ] GC(11) Post Compact 2.840ms
[34.367s][info ][gc,heap        ] GC(11) PSYoungGen: 275058K(1572864K)->53807K(1572864K) Eden: 0K(1048576K)->0K(1048576K) From: 275058K(524288K)->53807K(524288K)
[34.367s][info ][gc,heap        ] GC(11) ParOldGen: 254780K(331776K)->331667K(490496K)
[34.367s][info ][gc,metaspace   ] GC(11) Metaspace: 74139K(75008K)->74139K(75008K) NonClass: 63361K(63808K)->63361K(63808K) Class: 10778K(11200K)->10778K(11200K)
[34.367s][info ][gc             ] GC(11) Pause Full (Ergonomics) 517M->376M(2015M) 767.342ms
[34.367s][info ][gc,cpu         ] GC(11) User=2.10s Sys=0.01s Real=0.76s
[34.370s][info ][safepoint      ] Safepoint "ParallelGCFailedAllocation", Time since last: 1137799043 ns, Reaching safepoint: 222008 ns, At safepoint: 979828189 ns, Total: 980050197 ns
[35.370s][info ][safepoint      ] Safepoint "Cleanup", Time since last: 1000107464 ns, Reaching safepoint: 148005 ns, At safepoint: 12700 ns, Total: 160705 ns
[35.992s][info ][safepoint      ] Safepoint "ICBufferFull", Time since last: 621480671 ns, Reaching safepoint: 241508 ns, At safepoint: 8800 ns, Total: 250308 ns
[36.159s][info ][safepoint      ] Safepoint "ParallelGCFailedAllocation", Time since last: 166429936 ns, Reaching safepoint: 254208 ns, At safepoint: 18301 ns, Total: 272509 ns
[36.159s][info ][gc,start       ] GC(12) Pause Young (GCLocker Initiated GC)
[36.233s][debug][gc,phases      ] GC(12) Scavenge 73.991ms
[36.233s][debug][gc,ref         ] GC(12) Skipped phase 1 of Reference Processing: no references
[36.233s][debug][gc,ref         ] GC(12) ReferenceProcessor::execute queues: 1, RefProcThreadModel::Single, marks_oops_alive: false
[36.233s][debug][gc,ref         ] GC(12) Skipped phase 3 of Reference Processing: no references
[36.233s][debug][gc,ref         ] GC(12) ReferenceProcessor::execute queues: 1, RefProcThreadModel::Single, marks_oops_alive: false
[36.233s][debug][gc,phases      ] GC(12) Reference Processing 0.163ms
[36.233s][debug][gc,phases      ] GC(12)   VM Weak                        Min:  0.0, Avg:  0.0, Max:  0.0, Diff:  0.0, Sum:  0.0, Workers: 4
[36.233s][debug][gc,phases      ] GC(12)     Dead                           Min: 0, Avg:  0.0, Max: 0, Diff: 0, Sum: 0, Workers: 4
[36.233s][debug][gc,phases      ] GC(12)     Total                          Min: 0, Avg: 167.2, Max: 477, Diff: 477, Sum: 669, Workers: 4
[36.233s][debug][gc,phases      ] GC(12)   ObjectSynchronizer Weak        Min:  0.0, Avg:  0.0, Max:  0.0, Diff:  0.0, Sum:  0.0, Workers: 4
[36.233s][debug][gc,phases      ] GC(12)     Dead                           Min: 0, Avg:  0.0, Max: 0, Diff: 0, Sum: 0, Workers: 4
[36.233s][debug][gc,phases      ] GC(12)     Total                          Min: 0, Avg:  6.5, Max: 26, Diff: 26, Sum: 26, Workers: 4
[36.233s][debug][gc,phases      ] GC(12)   JVMTI Tag Weak OopStorage      Min:  0.0, Avg:  0.0, Max:  0.0, Diff:  0.0, Sum:  0.0, Workers: 4
[36.233s][debug][gc,phases      ] GC(12)     Dead                           Min: 0, Avg:  0.0, Max: 0, Diff: 0, Sum: 0, Workers: 4
[36.233s][debug][gc,phases      ] GC(12)     Total                          Min: 0, Avg:  0.0, Max: 0, Diff: 0, Sum: 0, Workers: 4
[36.234s][debug][gc,phases      ] GC(12)   StringTable Weak               Min:  0.0, Avg:  0.1, Max:  0.1, Diff:  0.1, Sum:  0.4, Workers: 4
[36.234s][debug][gc,phases      ] GC(12)     Dead                           Min: 0, Avg:  1.2, Max: 4, Diff: 4, Sum: 5, Workers: 4
[36.234s][debug][gc,phases      ] GC(12)     Total                          Min: 0, Avg: 10264.8, Max: 14080, Diff: 14080, Sum: 41059, Workers: 4
[36.234s][debug][gc,phases      ] GC(12)   ResolvedMethodTable Weak       Min:  0.0, Avg:  0.0, Max:  0.0, Diff:  0.0, Sum:  0.1, Workers: 4
[36.234s][debug][gc,phases      ] GC(12)     Dead                           Min: 0, Avg:  4.2, Max: 17, Diff: 17, Sum: 17, Workers: 4
[36.234s][debug][gc,phases      ] GC(12)     Total                          Min: 0, Avg: 2005.5, Max: 2752, Diff: 2752, Sum: 8022, Workers: 4
[36.234s][debug][gc,phases      ] GC(12)   JNI Weak                       Min:  0.0, Avg:  0.0, Max:  0.0, Diff:  0.0, Sum:  0.0, Workers: 4
[36.234s][debug][gc,phases      ] GC(12)     Dead                           Min: 0, Avg:  0.0, Max: 0, Diff: 0, Sum: 0, Workers: 4
[36.234s][debug][gc,phases      ] GC(12)     Total                          Min: 0, Avg: 21.5, Max: 86, Diff: 86, Sum: 86, Workers: 4
[36.234s][debug][gc,phases      ] GC(12)   StringDedup Table Weak         Min:  0.0, Avg:  0.0, Max:  0.0, Diff:  0.0, Sum:  0.0, Workers: 4
[36.234s][debug][gc,phases      ] GC(12)     Dead                           Min: 0, Avg:  0.0, Max: 0, Diff: 0, Sum: 0, Workers: 4
[36.234s][debug][gc,phases      ] GC(12)     Total                          Min: 0, Avg:  0.0, Max: 0, Diff: 0, Sum: 0, Workers: 4
[36.234s][debug][gc,phases      ] GC(12)   StringDedup Requests0 Weak     Min:  0.0, Avg:  0.0, Max:  0.0, Diff:  0.0, Sum:  0.0, Workers: 4
[36.234s][debug][gc,phases      ] GC(12)     Dead                           Min: 0, Avg:  0.0, Max: 0, Diff: 0, Sum: 0, Workers: 4
[36.234s][debug][gc,phases      ] GC(12)     Total                          Min: 0, Avg:  0.0, Max: 0, Diff: 0, Sum: 0, Workers: 4
[36.234s][debug][gc,phases      ] GC(12)   StringDedup Requests1 Weak     Min:  0.0, Avg:  0.0, Max:  0.0, Diff:  0.0, Sum:  0.0, Workers: 4
[36.234s][debug][gc,phases      ] GC(12)     Dead                           Min: 0, Avg:  0.0, Max: 0, Diff: 0, Sum: 0, Workers: 4
[36.234s][debug][gc,phases      ] GC(12)     Total                          Min: 0, Avg:  0.0, Max: 0, Diff: 0, Sum: 0, Workers: 4
[36.234s][debug][gc,phases      ] GC(12)   Weak JFR Old Object Samples    Min:  0.0, Avg:  0.0, Max:  0.0, Diff:  0.0, Sum:  0.0, Workers: 4
[36.234s][debug][gc,phases      ] GC(12)     Dead                           Min: 0, Avg:  0.0, Max: 0, Diff: 0, Sum: 0, Workers: 4
[36.234s][debug][gc,phases      ] GC(12)     Total                          Min: 0, Avg:  0.0, Max: 0, Diff: 0, Sum: 0, Workers: 4
[36.234s][debug][gc,phases      ] GC(12) Weak Processing 0.353ms
[36.234s][debug][gc,age         ] GC(12) Desired survivor size 536870912 bytes, new threshold 3 (max threshold 15)
[36.234s][info ][gc,heap        ] GC(12) PSYoungGen: 1102383K(1572864K)->48810K(1572864K) Eden: 1048576K(1048576K)->0K(1048576K) From: 53807K(524288K)->48810K(524288K)
[36.234s][info ][gc,heap        ] GC(12) ParOldGen: 331758K(490496K)->331886K(490496K)
[36.234s][info ][gc,metaspace   ] GC(12) Metaspace: 74452K(75264K)->74452K(75264K) NonClass: 63637K(64064K)->63637K(64064K) Class: 10815K(11200K)->10815K(11200K)
[36.234s][info ][gc             ] GC(12) Pause Young (GCLocker Initiated GC) 1400M->371M(2015M) 74.620ms
[36.234s][info ][gc,cpu         ] GC(12) User=0.20s Sys=0.00s Real=0.07s
[36.234s][info ][safepoint      ] Safepoint "ParallelGCSystemGC", Time since last: 332811 ns, Reaching safepoint: 93803 ns, At safepoint: 74700185 ns, Total: 74793988 ns
[36.489s][info ][safepoint      ] Safepoint "ICBufferFull", Time since last: 254783540 ns, Reaching safepoint: 265205 ns, At safepoint: 12300 ns, Total: 277505 ns
[36.870s][info ][safepoint      ] Safepoint "ICBufferFull", Time since last: 381104302 ns, Reaching safepoint: 194104 ns, At safepoint: 11600 ns, Total: 205704 ns
[37.248s][info ][safepoint      ] Safepoint "ICBufferFull", Time since last: 378139246 ns, Reaching safepoint: 213904 ns, At safepoint: 3400 ns, Total: 217304 ns
[37.578s][info ][safepoint      ] Safepoint "ICBufferFull", Time since last: 329585829 ns, Reaching safepoint: 194303 ns, At safepoint: 1901 ns, Total: 196204 ns
[38.118s][info ][safepoint      ] Safepoint "ICBufferFull", Time since last: 539398693 ns, Reaching safepoint: 298006 ns, At safepoint: 8700 ns, Total: 306706 ns
[38.687s][info ][safepoint      ] Safepoint "ICBufferFull", Time since last: 569122355 ns, Reaching safepoint: 193904 ns, At safepoint: 11600 ns, Total: 205504 ns
[38.850s][info ][safepoint      ] Safepoint "ICBufferFull", Time since last: 162998981 ns, Reaching safepoint: 163503 ns, At safepoint: 3200 ns, Total: 166703 ns
[39.120s][info ][safepoint      ] Safepoint "ICBufferFull", Time since last: 269118786 ns, Reaching safepoint: 466209 ns, At safepoint: 8600 ns, Total: 474809 ns
[39.650s][info ][safepoint      ] Safepoint "ICBufferFull", Time since last: 529227601 ns, Reaching safepoint: 278605 ns, At safepoint: 5801 ns, Total: 284406 ns
[40.297s][info ][safepoint      ] Safepoint "ICBufferFull", Time since last: 647640477 ns, Reaching safepoint: 201407 ns, At safepoint: 3700 ns, Total: 205107 ns
[40.834s][info ][gc,start       ] GC(13) Pause Young (Allocation Failure)
[40.867s][debug][gc,phases      ] GC(13) Scavenge 32.801ms
[40.867s][debug][gc,ref         ] GC(13) Skipped phase 1 of Reference Processing: no references
[40.867s][debug][gc,ref         ] GC(13) ReferenceProcessor::execute queues: 1, RefProcThreadModel::Single, marks_oops_alive: false
[40.867s][debug][gc,ref         ] GC(13) Skipped phase 3 of Reference Processing: no references
[40.867s][debug][gc,ref         ] GC(13) ReferenceProcessor::execute queues: 1, RefProcThreadModel::Single, marks_oops_alive: false
[40.867s][debug][gc,phases      ] GC(13) Reference Processing 0.195ms
[40.867s][debug][gc,phases      ] GC(13)   VM Weak                        Min:  0.0, Avg:  0.0, Max:  0.0, Diff:  0.0, Sum:  0.0, Workers: 4
[40.867s][debug][gc,phases      ] GC(13)     Dead                           Min: 0, Avg:  0.0, Max: 0, Diff: 0, Sum: 0, Workers: 4
[40.867s][debug][gc,phases      ] GC(13)     Total                          Min: 0, Avg: 191.2, Max: 384, Diff: 384, Sum: 765, Workers: 4
[40.867s][debug][gc,phases      ] GC(13)   ObjectSynchronizer Weak        Min:  0.0, Avg:  0.0, Max:  0.0, Diff:  0.0, Sum:  0.0, Workers: 4
[40.867s][debug][gc,phases      ] GC(13)     Dead                           Min: 0, Avg:  0.0, Max: 0, Diff: 0, Sum: 0, Workers: 4
[40.867s][debug][gc,phases      ] GC(13)     Total                          Min: 0, Avg:  6.8, Max: 27, Diff: 27, Sum: 27, Workers: 4
[40.867s][debug][gc,phases      ] GC(13)   JVMTI Tag Weak OopStorage      Min:  0.0, Avg:  0.0, Max:  0.0, Diff:  0.0, Sum:  0.0, Workers: 4
[40.867s][debug][gc,phases      ] GC(13)     Dead                           Min: 0, Avg:  0.0, Max: 0, Diff: 0, Sum: 0, Workers: 4
[40.867s][debug][gc,phases      ] GC(13)     Total                          Min: 0, Avg:  0.0, Max: 0, Diff: 0, Sum: 0, Workers: 4
[40.867s][debug][gc,phases      ] GC(13)   StringTable Weak               Min:  0.0, Avg:  0.1, Max:  0.1, Diff:  0.1, Sum:  0.4, Workers: 4
[40.867s][debug][gc,phases      ] GC(13)     Dead                           Min: 0, Avg:  0.8, Max: 3, Diff: 3, Sum: 3, Workers: 4
[40.867s][debug][gc,phases      ] GC(13)     Total                          Min: 0, Avg: 10427.8, Max: 14080, Diff: 14080, Sum: 41711, Workers: 4
[40.867s][debug][gc,phases      ] GC(13)   ResolvedMethodTable Weak       Min:  0.0, Avg:  0.0, Max:  0.0, Diff:  0.0, Sum:  0.1, Workers: 4
[40.867s][debug][gc,phases      ] GC(13)     Dead                           Min: 0, Avg:  8.2, Max: 25, Diff: 25, Sum: 33, Workers: 4
[40.867s][debug][gc,phases      ] GC(13)     Total                          Min: 0, Avg: 2141.5, Max: 3068, Diff: 3068, Sum: 8566, Workers: 4
[40.867s][debug][gc,phases      ] GC(13)   JNI Weak                       Min:  0.0, Avg:  0.0, Max:  0.0, Diff:  0.0, Sum:  0.0, Workers: 4
[40.867s][debug][gc,phases      ] GC(13)     Dead                           Min: 0, Avg:  0.0, Max: 0, Diff: 0, Sum: 0, Workers: 4
[40.867s][debug][gc,phases      ] GC(13)     Total                          Min: 0, Avg: 12.8, Max: 51, Diff: 51, Sum: 51, Workers: 4
[40.867s][debug][gc,phases      ] GC(13)   StringDedup Table Weak         Min:  0.0, Avg:  0.0, Max:  0.0, Diff:  0.0, Sum:  0.0, Workers: 4
[40.867s][debug][gc,phases      ] GC(13)     Dead                           Min: 0, Avg:  0.0, Max: 0, Diff: 0, Sum: 0, Workers: 4
[40.867s][debug][gc,phases      ] GC(13)     Total                          Min: 0, Avg:  0.0, Max: 0, Diff: 0, Sum: 0, Workers: 4
[40.867s][debug][gc,phases      ] GC(13)   StringDedup Requests0 Weak     Min:  0.0, Avg:  0.0, Max:  0.0, Diff:  0.0, Sum:  0.0, Workers: 4
[40.867s][debug][gc,phases      ] GC(13)     Dead                           Min: 0, Avg:  0.0, Max: 0, Diff: 0, Sum: 0, Workers: 4
[40.867s][debug][gc,phases      ] GC(13)     Total                          Min: 0, Avg:  0.0, Max: 0, Diff: 0, Sum: 0, Workers: 4
[40.867s][debug][gc,phases      ] GC(13)   StringDedup Requests1 Weak     Min:  0.0, Avg:  0.0, Max:  0.0, Diff:  0.0, Sum:  0.0, Workers: 4
[40.867s][debug][gc,phases      ] GC(13)     Dead                           Min: 0, Avg:  0.0, Max: 0, Diff: 0, Sum: 0, Workers: 4
[40.867s][debug][gc,phases      ] GC(13)     Total                          Min: 0, Avg:  0.0, Max: 0, Diff: 0, Sum: 0, Workers: 4
[40.867s][debug][gc,phases      ] GC(13)   Weak JFR Old Object Samples    Min:  0.0, Avg:  0.0, Max:  0.0, Diff:  0.0, Sum:  0.0, Workers: 4
[40.867s][debug][gc,phases      ] GC(13)     Dead                           Min: 0, Avg:  0.0, Max: 0, Diff: 0, Sum: 0, Workers: 4
[40.867s][debug][gc,phases      ] GC(13)     Total                          Min: 0, Avg:  0.0, Max: 0, Diff: 0, Sum: 0, Workers: 4
[40.867s][debug][gc,phases      ] GC(13) Weak Processing 0.374ms
[40.867s][debug][gc,age         ] GC(13) Desired survivor size 536870912 bytes, new threshold 2 (max threshold 15)
[40.867s][info ][gc,heap        ] GC(13) PSYoungGen: 1097386K(1572864K)->51311K(1572864K) Eden: 1048576K(1048576K)->0K(1048576K) From: 48810K(524288K)->51311K(524288K)
[40.867s][info ][gc,heap        ] GC(13) ParOldGen: 331978K(490496K)->338490K(490496K)
[40.867s][info ][gc,metaspace   ] GC(13) Metaspace: 76975K(77952K)->76975K(77952K) NonClass: 65840K(66368K)->65840K(66368K) Class: 11134K(11584K)->11134K(11584K)
[40.867s][info ][gc             ] GC(13) Pause Young (Allocation Failure) 1395M->380M(2015M) 33.515ms
[40.867s][info ][gc,cpu         ] GC(13) User=0.09s Sys=0.00s Real=0.03s
[40.867s][info ][safepoint      ] Safepoint "ParallelGCFailedAllocation", Time since last: 536175896 ns, Reaching safepoint: 329411 ns, At safepoint: 33610916 ns, Total: 33940327 ns
[41.633s][info ][safepoint      ] Safepoint "ICBufferFull", Time since last: 765201898 ns, Reaching safepoint: 221407 ns, At safepoint: 3000 ns, Total: 224407 ns
[42.224s][info ][safepoint      ] Safepoint "ICBufferFull", Time since last: 591038818 ns, Reaching safepoint: 193806 ns, At safepoint: 2500 ns, Total: 196306 ns
[43.146s][info ][safepoint      ] Safepoint "ICBufferFull", Time since last: 921566088 ns, Reaching safepoint: 196507 ns, At safepoint: 2500 ns, Total: 199007 ns
[43.693s][info ][safepoint      ] Safepoint "ICBufferFull", Time since last: 547012956 ns, Reaching safepoint: 437715 ns, At safepoint: 8200 ns, Total: 445915 ns
[44.569s][info ][gc,start       ] GC(14) Pause Young (Allocation Failure)
[44.624s][debug][gc,phases      ] GC(14) Scavenge 54.771ms
[44.624s][debug][gc,ref         ] GC(14) Skipped phase 1 of Reference Processing: no references
[44.624s][debug][gc,ref         ] GC(14) ReferenceProcessor::execute queues: 1, RefProcThreadModel::Single, marks_oops_alive: false
[44.624s][debug][gc,ref         ] GC(14) Skipped phase 3 of Reference Processing: no references
[44.624s][debug][gc,ref         ] GC(14) ReferenceProcessor::execute queues: 1, RefProcThreadModel::Single, marks_oops_alive: false
[44.624s][debug][gc,phases      ] GC(14) Reference Processing 0.182ms
[44.624s][debug][gc,phases      ] GC(14)   VM Weak                        Min:  0.0, Avg:  0.0, Max:  0.0, Diff:  0.0, Sum:  0.0, Workers: 4
[44.624s][debug][gc,phases      ] GC(14)     Dead                           Min: 0, Avg:  0.0, Max: 0, Diff: 0, Sum: 0, Workers: 4
[44.624s][debug][gc,phases      ] GC(14)     Total                          Min: 0, Avg: 204.2, Max: 640, Diff: 640, Sum: 817, Workers: 4
[44.625s][debug][gc,phases      ] GC(14)   ObjectSynchronizer Weak        Min:  0.0, Avg:  0.0, Max:  0.0, Diff:  0.0, Sum:  0.0, Workers: 4
[44.625s][debug][gc,phases      ] GC(14)     Dead                           Min: 0, Avg:  0.0, Max: 0, Diff: 0, Sum: 0, Workers: 4
[44.625s][debug][gc,phases      ] GC(14)     Total                          Min: 0, Avg:  6.8, Max: 27, Diff: 27, Sum: 27, Workers: 4
[44.625s][debug][gc,phases      ] GC(14)   JVMTI Tag Weak OopStorage      Min:  0.0, Avg:  0.0, Max:  0.0, Diff:  0.0, Sum:  0.0, Workers: 4
[44.625s][debug][gc,phases      ] GC(14)     Dead                           Min: 0, Avg:  0.0, Max: 0, Diff: 0, Sum: 0, Workers: 4
[44.625s][debug][gc,phases      ] GC(14)     Total                          Min: 0, Avg:  0.0, Max: 0, Diff: 0, Sum: 0, Workers: 4
[44.625s][debug][gc,phases      ] GC(14)   StringTable Weak               Min:  0.0, Avg:  0.1, Max:  0.1, Diff:  0.1, Sum:  0.4, Workers: 4
[44.625s][debug][gc,phases      ] GC(14)     Dead                           Min: 0, Avg:  0.8, Max: 2, Diff: 2, Sum: 3, Workers: 4
[44.625s][debug][gc,phases      ] GC(14)     Total                          Min: 0, Avg: 10482.2, Max: 14601, Diff: 14601, Sum: 41929, Workers: 4
[44.625s][debug][gc,phases      ] GC(14)   ResolvedMethodTable Weak       Min:  0.0, Avg:  0.0, Max:  0.0, Diff:  0.0, Sum:  0.1, Workers: 4
[44.625s][debug][gc,phases      ] GC(14)     Dead                           Min: 0, Avg:  0.0, Max: 0, Diff: 0, Sum: 0, Workers: 4
[44.625s][debug][gc,phases      ] GC(14)     Total                          Min: 0, Avg: 2156.8, Max: 3072, Diff: 3072, Sum: 8627, Workers: 4
[44.625s][debug][gc,phases      ] GC(14)   JNI Weak                       Min:  0.0, Avg:  0.0, Max:  0.0, Diff:  0.0, Sum:  0.0, Workers: 4
[44.625s][debug][gc,phases      ] GC(14)     Dead                           Min: 0, Avg:  0.0, Max: 0, Diff: 0, Sum: 0, Workers: 4
[44.625s][debug][gc,phases      ] GC(14)     Total                          Min: 0, Avg: 18.5, Max: 74, Diff: 74, Sum: 74, Workers: 4
[44.625s][debug][gc,phases      ] GC(14)   StringDedup Table Weak         Min:  0.0, Avg:  0.0, Max:  0.0, Diff:  0.0, Sum:  0.0, Workers: 4
[44.625s][debug][gc,phases      ] GC(14)     Dead                           Min: 0, Avg:  0.0, Max: 0, Diff: 0, Sum: 0, Workers: 4
[44.625s][debug][gc,phases      ] GC(14)     Total                          Min: 0, Avg:  0.0, Max: 0, Diff: 0, Sum: 0, Workers: 4
[44.625s][debug][gc,phases      ] GC(14)   StringDedup Requests0 Weak     Min:  0.0, Avg:  0.0, Max:  0.0, Diff:  0.0, Sum:  0.0, Workers: 4
[44.625s][debug][gc,phases      ] GC(14)     Dead                           Min: 0, Avg:  0.0, Max: 0, Diff: 0, Sum: 0, Workers: 4
[44.625s][debug][gc,phases      ] GC(14)     Total                          Min: 0, Avg:  0.0, Max: 0, Diff: 0, Sum: 0, Workers: 4
[44.625s][debug][gc,phases      ] GC(14)   StringDedup Requests1 Weak     Min:  0.0, Avg:  0.0, Max:  0.0, Diff:  0.0, Sum:  0.0, Workers: 4
[44.625s][debug][gc,phases      ] GC(14)     Dead                           Min: 0, Avg:  0.0, Max: 0, Diff: 0, Sum: 0, Workers: 4
[44.625s][debug][gc,phases      ] GC(14)     Total                          Min: 0, Avg:  0.0, Max: 0, Diff: 0, Sum: 0, Workers: 4
[44.625s][debug][gc,phases      ] GC(14)   Weak JFR Old Object Samples    Min:  0.0, Avg:  0.0, Max:  0.0, Diff:  0.0, Sum:  0.0, Workers: 4
[44.625s][debug][gc,phases      ] GC(14)     Dead                           Min: 0, Avg:  0.0, Max: 0, Diff: 0, Sum: 0, Workers: 4
[44.625s][debug][gc,phases      ] GC(14)     Total                          Min: 0, Avg:  0.0, Max: 0, Diff: 0, Sum: 0, Workers: 4
[44.625s][debug][gc,phases      ] GC(14) Weak Processing 0.437ms
[44.625s][debug][gc,age         ] GC(14) Desired survivor size 536870912 bytes, new threshold 1 (max threshold 15)
[44.625s][info ][gc,heap        ] GC(14) PSYoungGen: 1099887K(1572864K)->52416K(1572864K) Eden: 1048576K(1048576K)->0K(1048576K) From: 51311K(524288K)->52416K(524288K)
[44.625s][info ][gc,heap        ] GC(14) ParOldGen: 338490K(490496K)->381480K(490496K)
[44.625s][info ][gc,metaspace   ] GC(14) Metaspace: 77745K(78784K)->77745K(78784K) NonClass: 66511K(67072K)->66511K(67072K) Class: 11234K(11712K)->11234K(11712K)
[44.625s][info ][gc             ] GC(14) Pause Young (Allocation Failure) 1404M->423M(2015M) 55.543ms
[44.625s][info ][gc,cpu         ] GC(14) User=0.15s Sys=0.01s Real=0.06s
[44.625s][debug][gc,phases      ] GC(15) Pre Compact 0.014ms
[44.625s][info ][gc,start       ] GC(15) Pause Full (Ergonomics)
[44.625s][info ][gc,phases,start] GC(15) Marking Phase
[44.799s][debug][gc,phases      ] GC(15) Par Mark 173.608ms
[44.799s][debug][gc,ref         ] GC(15) Skipped phase 1 of Reference Processing: no references
[44.799s][debug][gc,ref         ] GC(15) ReferenceProcessor::execute queues: 4, RefProcThreadModel::Multi, marks_oops_alive: false
[44.799s][debug][gc,ref         ] GC(15) ReferenceProcessor::execute queues: 4, RefProcThreadModel::Multi, marks_oops_alive: true
[44.800s][debug][gc,ref         ] GC(15) ReferenceProcessor::execute queues: 1, RefProcThreadModel::Single, marks_oops_alive: false
[44.800s][debug][gc,phases      ] GC(15) Reference Processing 1.039ms
[44.801s][debug][gc,phases      ] GC(15)   VM Weak                        Min:  0.0, Avg:  0.0, Max:  0.0, Diff:  0.0, Sum:  0.0, Workers: 4
[44.801s][debug][gc,phases      ] GC(15)     Dead                           Min: 0, Avg:  0.0, Max: 0, Diff: 0, Sum: 0, Workers: 4
[44.801s][debug][gc,phases      ] GC(15)     Total                          Min: 0, Avg: 204.2, Max: 817, Diff: 817, Sum: 817, Workers: 4
[44.801s][debug][gc,phases      ] GC(15)   ObjectSynchronizer Weak        Min:  0.0, Avg:  0.0, Max:  0.0, Diff:  0.0, Sum:  0.0, Workers: 4
[44.801s][debug][gc,phases      ] GC(15)     Dead                           Min: 0, Avg:  0.0, Max: 0, Diff: 0, Sum: 0, Workers: 4
[44.801s][debug][gc,phases      ] GC(15)     Total                          Min: 0, Avg:  6.8, Max: 27, Diff: 27, Sum: 27, Workers: 4
[44.801s][debug][gc,phases      ] GC(15)   JVMTI Tag Weak OopStorage      Min:  0.0, Avg:  0.0, Max:  0.0, Diff:  0.0, Sum:  0.0, Workers: 4
[44.801s][debug][gc,phases      ] GC(15)     Dead                           Min: 0, Avg:  0.0, Max: 0, Diff: 0, Sum: 0, Workers: 4
[44.801s][debug][gc,phases      ] GC(15)     Total                          Min: 0, Avg:  0.0, Max: 0, Diff: 0, Sum: 0, Workers: 4
[44.801s][debug][gc,phases      ] GC(15)   StringTable Weak               Min:  0.0, Avg:  0.2, Max:  0.8, Diff:  0.8, Sum:  0.9, Workers: 4
[44.801s][debug][gc,phases      ] GC(15)     Dead                           Min: 0, Avg:  0.0, Max: 0, Diff: 0, Sum: 0, Workers: 4
[44.801s][debug][gc,phases      ] GC(15)     Total                          Min: 0, Avg: 10482.2, Max: 40960, Diff: 40960, Sum: 41929, Workers: 4
[44.801s][debug][gc,phases      ] GC(15)   ResolvedMethodTable Weak       Min:  0.0, Avg:  0.0, Max:  0.1, Diff:  0.1, Sum:  0.1, Workers: 4
[44.801s][debug][gc,phases      ] GC(15)     Dead                           Min: 0, Avg:  0.0, Max: 0, Diff: 0, Sum: 0, Workers: 4
[44.801s][debug][gc,phases      ] GC(15)     Total                          Min: 0, Avg: 2156.8, Max: 4339, Diff: 4339, Sum: 8627, Workers: 4
[44.801s][debug][gc,phases      ] GC(15)   JNI Weak                       Min:  0.0, Avg:  0.0, Max:  0.0, Diff:  0.0, Sum:  0.0, Workers: 4
[44.801s][debug][gc,phases      ] GC(15)     Dead                           Min: 0, Avg:  0.0, Max: 0, Diff: 0, Sum: 0, Workers: 4
[44.801s][debug][gc,phases      ] GC(15)     Total                          Min: 0, Avg: 18.5, Max: 46, Diff: 46, Sum: 74, Workers: 4
[44.801s][debug][gc,phases      ] GC(15)   StringDedup Table Weak         Min:  0.0, Avg:  0.0, Max:  0.0, Diff:  0.0, Sum:  0.0, Workers: 4
[44.801s][debug][gc,phases      ] GC(15)     Dead                           Min: 0, Avg:  0.0, Max: 0, Diff: 0, Sum: 0, Workers: 4
[44.801s][debug][gc,phases      ] GC(15)     Total                          Min: 0, Avg:  0.0, Max: 0, Diff: 0, Sum: 0, Workers: 4
[44.801s][debug][gc,phases      ] GC(15)   StringDedup Requests0 Weak     Min:  0.0, Avg:  0.0, Max:  0.0, Diff:  0.0, Sum:  0.0, Workers: 4
[44.801s][debug][gc,phases      ] GC(15)     Dead                           Min: 0, Avg:  0.0, Max: 0, Diff: 0, Sum: 0, Workers: 4
[44.801s][debug][gc,phases      ] GC(15)     Total                          Min: 0, Avg:  0.0, Max: 0, Diff: 0, Sum: 0, Workers: 4
[44.801s][debug][gc,phases      ] GC(15)   StringDedup Requests1 Weak     Min:  0.0, Avg:  0.0, Max:  0.0, Diff:  0.0, Sum:  0.0, Workers: 4
[44.801s][debug][gc,phases      ] GC(15)     Dead                           Min: 0, Avg:  0.0, Max: 0, Diff: 0, Sum: 0, Workers: 4
[44.801s][debug][gc,phases      ] GC(15)     Total                          Min: 0, Avg:  0.0, Max: 0, Diff: 0, Sum: 0, Workers: 4
[44.801s][debug][gc,phases      ] GC(15)   Weak JFR Old Object Samples    Min:  0.0, Avg:  0.0, Max:  0.0, Diff:  0.0, Sum:  0.0, Workers: 4
[44.801s][debug][gc,phases      ] GC(15)     Dead                           Min: 0, Avg:  0.0, Max: 0, Diff: 0, Sum: 0, Workers: 4
[44.801s][debug][gc,phases      ] GC(15)     Total                          Min: 0, Avg:  0.0, Max: 0, Diff: 0, Sum: 0, Workers: 4
[44.801s][debug][gc,phases      ] GC(15) Weak Processing 1.207ms
[44.801s][debug][gc,phases      ] GC(15) ClassLoaderData 0.147ms
[44.801s][debug][gc,phases      ] GC(15) Trigger cleanups 0.000ms
[44.822s][debug][gc,phases      ] GC(15) Class Unloading 21.323ms
[44.822s][info ][gc,phases      ] GC(15) Marking Phase 197.412ms
[44.822s][info ][gc,phases,start] GC(15) Summary Phase
[44.822s][info ][gc,phases      ] GC(15) Summary Phase 0.023ms
[44.822s][info ][gc,phases,start] GC(15) Adjust Roots
[44.845s][info ][gc,phases      ] GC(15) Adjust Roots 22.327ms
[44.845s][info ][gc,phases,start] GC(15) Compaction Phase
[45.156s][info ][gc,phases      ] GC(15) Compaction Phase 310.988ms
[45.156s][info ][gc,phases,start] GC(15) Post Compact
[45.157s][info ][gc,phases      ] GC(15) Post Compact 1.774ms
[45.158s][info ][gc,heap        ] GC(15) PSYoungGen: 52416K(1572864K)->0K(1572864K) Eden: 0K(1048576K)->0K(1048576K) From: 52416K(524288K)->0K(524288K)
[45.158s][info ][gc,heap        ] GC(15) ParOldGen: 381480K(490496K)->380631K(532992K)
[45.158s][info ][gc,metaspace   ] GC(15) Metaspace: 77745K(78784K)->77745K(78784K) NonClass: 66511K(67072K)->66511K(67072K) Class: 11234K(11712K)->11234K(11712K)
[45.158s][info ][gc             ] GC(15) Pause Full (Ergonomics) 423M->371M(2056M) 532.849ms
[45.158s][info ][gc,cpu         ] GC(15) User=1.11s Sys=0.03s Real=0.53s
[45.162s][info ][safepoint      ] Safepoint "ParallelGCFailedAllocation", Time since last: 875568449 ns, Reaching safepoint: 227007 ns, At safepoint: 592955556 ns, Total: 593182563 ns
[46.165s][info ][safepoint      ] Safepoint "Cleanup", Time since last: 1001201376 ns, Reaching safepoint: 1295141 ns, At safepoint: 4701 ns, Total: 1299842 ns
[47.171s][info ][safepoint      ] Safepoint "Cleanup", Time since last: 1000124441 ns, Reaching safepoint: 6493108 ns, At safepoint: 21001 ns, Total: 6514109 ns
[48.172s][info ][safepoint      ] Safepoint "Cleanup", Time since last: 1000137942 ns, Reaching safepoint: 241708 ns, At safepoint: 10700 ns, Total: 252408 ns
[48.510s][info ][safepoint      ] Safepoint "ICBufferFull", Time since last: 337738354 ns, Reaching safepoint: 468815 ns, At safepoint: 7900 ns, Total: 476715 ns
[49.556s][info ][safepoint      ] Safepoint "Cleanup", Time since last: 1046020516 ns, Reaching safepoint: 176506 ns, At safepoint: 7400 ns, Total: 183906 ns
[50.556s][info ][safepoint      ] Safepoint "Cleanup", Time since last: 1000127842 ns, Reaching safepoint: 217406 ns, At safepoint: 3801 ns, Total: 221207 ns
[51.557s][info ][safepoint      ] Safepoint "Cleanup", Time since last: 1000131041 ns, Reaching safepoint: 101903 ns, At safepoint: 2800 ns, Total: 104703 ns
[52.535s][info ][gc,start       ] GC(16) Pause Young (Allocation Failure)
[52.543s][debug][gc,phases      ] GC(16) Scavenge 8.374ms
[52.543s][debug][gc,ref         ] GC(16) Skipped phase 1 of Reference Processing: no references
[52.543s][debug][gc,ref         ] GC(16) ReferenceProcessor::execute queues: 1, RefProcThreadModel::Single, marks_oops_alive: false
[52.543s][debug][gc,ref         ] GC(16) Skipped phase 3 of Reference Processing: no references
[52.543s][debug][gc,ref         ] GC(16) ReferenceProcessor::execute queues: 1, RefProcThreadModel::Single, marks_oops_alive: false
[52.543s][debug][gc,phases      ] GC(16) Reference Processing 0.176ms
[52.544s][debug][gc,phases      ] GC(16)   VM Weak                        Min:  0.0, Avg:  0.0, Max:  0.0, Diff:  0.0, Sum:  0.0, Workers: 4
[52.544s][debug][gc,phases      ] GC(16)     Dead                           Min: 0, Avg:  0.0, Max: 0, Diff: 0, Sum: 0, Workers: 4
[52.544s][debug][gc,phases      ] GC(16)     Total                          Min: 0, Avg: 205.5, Max: 438, Diff: 438, Sum: 822, Workers: 4
[52.544s][debug][gc,phases      ] GC(16)   ObjectSynchronizer Weak        Min:  0.0, Avg:  0.0, Max:  0.0, Diff:  0.0, Sum:  0.0, Workers: 4
[52.544s][debug][gc,phases      ] GC(16)     Dead                           Min: 0, Avg:  0.0, Max: 0, Diff: 0, Sum: 0, Workers: 4
[52.544s][debug][gc,phases      ] GC(16)     Total                          Min: 0, Avg:  6.8, Max: 27, Diff: 27, Sum: 27, Workers: 4
[52.544s][debug][gc,phases      ] GC(16)   JVMTI Tag Weak OopStorage      Min:  0.0, Avg:  0.0, Max:  0.0, Diff:  0.0, Sum:  0.0, Workers: 4
[52.544s][debug][gc,phases      ] GC(16)     Dead                           Min: 0, Avg:  0.0, Max: 0, Diff: 0, Sum: 0, Workers: 4
[52.544s][debug][gc,phases      ] GC(16)     Total                          Min: 0, Avg:  0.0, Max: 0, Diff: 0, Sum: 0, Workers: 4
[52.544s][debug][gc,phases      ] GC(16)   StringTable Weak               Min:  0.0, Avg:  0.1, Max:  0.2, Diff:  0.2, Sum:  0.4, Workers: 4
[52.544s][debug][gc,phases      ] GC(16)     Dead                           Min: 0, Avg:  0.2, Max: 1, Diff: 1, Sum: 1, Workers: 4
[52.544s][debug][gc,phases      ] GC(16)     Total                          Min: 0, Avg: 10568.5, Max: 25472, Diff: 25472, Sum: 42274, Workers: 4
[52.544s][debug][gc,phases      ] GC(16)   ResolvedMethodTable Weak       Min:  0.0, Avg:  0.0, Max:  0.0, Diff:  0.0, Sum:  0.1, Workers: 4
[52.544s][debug][gc,phases      ] GC(16)     Dead                           Min: 0, Avg:  0.0, Max: 0, Diff: 0, Sum: 0, Workers: 4
[52.544s][debug][gc,phases      ] GC(16)     Total                          Min: 0, Avg: 2163.0, Max: 4608, Diff: 4608, Sum: 8652, Workers: 4
[52.544s][debug][gc,phases      ] GC(16)   JNI Weak                       Min:  0.0, Avg:  0.0, Max:  0.0, Diff:  0.0, Sum:  0.0, Workers: 4
[52.544s][debug][gc,phases      ] GC(16)     Dead                           Min: 0, Avg:  0.0, Max: 0, Diff: 0, Sum: 0, Workers: 4
[52.544s][debug][gc,phases      ] GC(16)     Total                          Min: 0, Avg: 11.2, Max: 45, Diff: 45, Sum: 45, Workers: 4
[52.544s][debug][gc,phases      ] GC(16)   StringDedup Table Weak         Min:  0.0, Avg:  0.0, Max:  0.0, Diff:  0.0, Sum:  0.0, Workers: 4
[52.544s][debug][gc,phases      ] GC(16)     Dead                           Min: 0, Avg:  0.0, Max: 0, Diff: 0, Sum: 0, Workers: 4
[52.544s][debug][gc,phases      ] GC(16)     Total                          Min: 0, Avg:  0.0, Max: 0, Diff: 0, Sum: 0, Workers: 4
[52.544s][debug][gc,phases      ] GC(16)   StringDedup Requests0 Weak     Min:  0.0, Avg:  0.0, Max:  0.0, Diff:  0.0, Sum:  0.0, Workers: 4
[52.544s][debug][gc,phases      ] GC(16)     Dead                           Min: 0, Avg:  0.0, Max: 0, Diff: 0, Sum: 0, Workers: 4
[52.544s][debug][gc,phases      ] GC(16)     Total                          Min: 0, Avg:  0.0, Max: 0, Diff: 0, Sum: 0, Workers: 4
[52.544s][debug][gc,phases      ] GC(16)   StringDedup Requests1 Weak     Min:  0.0, Avg:  0.0, Max:  0.0, Diff:  0.0, Sum:  0.0, Workers: 4
[52.544s][debug][gc,phases      ] GC(16)     Dead                           Min: 0, Avg:  0.0, Max: 0, Diff: 0, Sum: 0, Workers: 4
[52.544s][debug][gc,phases      ] GC(16)     Total                          Min: 0, Avg:  0.0, Max: 0, Diff: 0, Sum: 0, Workers: 4
[52.544s][debug][gc,phases      ] GC(16)   Weak JFR Old Object Samples    Min:  0.0, Avg:  0.0, Max:  0.0, Diff:  0.0, Sum:  0.0, Workers: 4
[52.544s][debug][gc,phases      ] GC(16)     Dead                           Min: 0, Avg:  0.0, Max: 0, Diff: 0, Sum: 0, Workers: 4
[52.544s][debug][gc,phases      ] GC(16)     Total                          Min: 0, Avg:  0.0, Max: 0, Diff: 0, Sum: 0, Workers: 4
[52.544s][debug][gc,phases      ] GC(16) Weak Processing 0.494ms
[52.544s][debug][gc,age         ] GC(16) Desired survivor size 536870912 bytes, new threshold 1 (max threshold 15)
[52.544s][info ][gc,heap        ] GC(16) PSYoungGen: 1048576K(1572864K)->3456K(1572864K) Eden: 1048576K(1048576K)->0K(1048576K) From: 0K(524288K)->3456K(524288K)
[52.544s][info ][gc,heap        ] GC(16) ParOldGen: 380631K(532992K)->380639K(532992K)
[52.544s][info ][gc,metaspace   ] GC(16) Metaspace: 78116K(79168K)->78116K(79168K) NonClass: 66870K(67456K)->66870K(67456K) Class: 11246K(11712K)->11246K(11712K)
[52.544s][info ][gc             ] GC(16) Pause Young (Allocation Failure) 1395M->375M(2056M) 9.199ms
[52.544s][info ][gc,cpu         ] GC(16) User=0.02s Sys=0.00s Real=0.01s
[52.544s][info ][safepoint      ] Safepoint "ParallelGCFailedAllocation", Time since last: 977879624 ns, Reaching safepoint: 84703 ns, At safepoint: 9277894 ns, Total: 9362597 ns
[53.544s][info ][safepoint      ] Safepoint "Cleanup", Time since last: 1000087433 ns, Reaching safepoint: 96103 ns, At safepoint: 4200 ns, Total: 100303 ns
[54.544s][info ][safepoint      ] Safepoint "Cleanup", Time since last: 1000126434 ns, Reaching safepoint: 152705 ns, At safepoint: 5800 ns, Total: 158505 ns
[56.313s][info ][safepoint      ] Safepoint "Cleanup", Time since last: 1768887928 ns, Reaching safepoint: 165105 ns, At safepoint: 7300 ns, Total: 172405 ns
[57.314s][info ][safepoint      ] Safepoint "Cleanup", Time since last: 1000130534 ns, Reaching safepoint: 76603 ns, At safepoint: 3300 ns, Total: 79903 ns
[58.314s][info ][safepoint      ] Safepoint "Cleanup", Time since last: 1000122734 ns, Reaching safepoint: 64002 ns, At safepoint: 2900 ns, Total: 66902 ns
[59.314s][info ][safepoint      ] Safepoint "Cleanup", Time since last: 1000120034 ns, Reaching safepoint: 107404 ns, At safepoint: 3200 ns, Total: 110604 ns
[60.314s][info ][safepoint      ] Safepoint "Cleanup", Time since last: 1000121815 ns, Reaching safepoint: 108703 ns, At safepoint: 2900 ns, Total: 111603 ns
[61.315s][info ][safepoint      ] Safepoint "Cleanup", Time since last: 1000142489 ns, Reaching safepoint: 89802 ns, At safepoint: 5700 ns, Total: 95502 ns
[62.315s][info ][safepoint      ] Safepoint "Cleanup", Time since last: 1000130289 ns, Reaching safepoint: 79602 ns, At safepoint: 3500 ns, Total: 83102 ns
[63.315s][info ][safepoint      ] Safepoint "Cleanup", Time since last: 1000118489 ns, Reaching safepoint: 89602 ns, At safepoint: 7200 ns, Total: 96802 ns
[64.315s][info ][safepoint      ] Safepoint "Cleanup", Time since last: 1000117388 ns, Reaching safepoint: 87503 ns, At safepoint: 8900 ns, Total: 96403 ns
[65.315s][info ][safepoint      ] Safepoint "Cleanup", Time since last: 1000136998 ns, Reaching safepoint: 129804 ns, At safepoint: 5400 ns, Total: 135204 ns
[66.316s][info ][safepoint      ] Safepoint "Cleanup", Time since last: 1000123721 ns, Reaching safepoint: 86602 ns, At safepoint: 3300 ns, Total: 89902 ns
[67.316s][info ][safepoint      ] Safepoint "Cleanup", Time since last: 1000148122 ns, Reaching safepoint: 94703 ns, At safepoint: 4300 ns, Total: 99003 ns
[68.316s][info ][safepoint      ] Safepoint "Cleanup", Time since last: 1000126411 ns, Reaching safepoint: 82303 ns, At safepoint: 8700 ns, Total: 91003 ns
[69.316s][info ][safepoint      ] Safepoint "Cleanup", Time since last: 1000125651 ns, Reaching safepoint: 79403 ns, At safepoint: 3100 ns, Total: 82503 ns
[70.317s][info ][safepoint      ] Safepoint "Cleanup", Time since last: 1000129251 ns, Reaching safepoint: 100803 ns, At safepoint: 3100 ns, Total: 103903 ns
[71.317s][info ][safepoint      ] Safepoint "Cleanup", Time since last: 1000102750 ns, Reaching safepoint: 98304 ns, At safepoint: 3500 ns, Total: 101804 ns
[72.317s][info ][safepoint      ] Safepoint "Cleanup", Time since last: 1000120651 ns, Reaching safepoint: 67002 ns, At safepoint: 2900 ns, Total: 69902 ns
[73.317s][info ][safepoint      ] Safepoint "Cleanup", Time since last: 1000137551 ns, Reaching safepoint: 88103 ns, At safepoint: 10800 ns, Total: 98903 ns
[73.897s][info ][gc,start       ] GC(17) Pause Young (Allocation Failure)
[73.911s][debug][gc,phases      ] GC(17) Scavenge 13.285ms
[73.911s][debug][gc,ref         ] GC(17) Skipped phase 1 of Reference Processing: no references
[73.911s][debug][gc,ref         ] GC(17) ReferenceProcessor::execute queues: 1, RefProcThreadModel::Single, marks_oops_alive: false
[73.911s][debug][gc,ref         ] GC(17) Skipped phase 3 of Reference Processing: no references
[73.911s][debug][gc,ref         ] GC(17) ReferenceProcessor::execute queues: 1, RefProcThreadModel::Single, marks_oops_alive: false
[73.911s][debug][gc,phases      ] GC(17) Reference Processing 0.144ms
[73.911s][debug][gc,phases      ] GC(17)   VM Weak                        Min:  0.0, Avg:  0.0, Max:  0.0, Diff:  0.0, Sum:  0.0, Workers: 4
[73.911s][debug][gc,phases      ] GC(17)     Dead                           Min: 0, Avg:  0.0, Max: 0, Diff: 0, Sum: 0, Workers: 4
[73.911s][debug][gc,phases      ] GC(17)     Total                          Min: 0, Avg: 207.5, Max: 448, Diff: 448, Sum: 830, Workers: 4
[73.911s][debug][gc,phases      ] GC(17)   ObjectSynchronizer Weak        Min:  0.0, Avg:  0.0, Max:  0.0, Diff:  0.0, Sum:  0.0, Workers: 4
[73.911s][debug][gc,phases      ] GC(17)     Dead                           Min: 0, Avg:  0.0, Max: 0, Diff: 0, Sum: 0, Workers: 4
[73.911s][debug][gc,phases      ] GC(17)     Total                          Min: 0, Avg:  6.8, Max: 27, Diff: 27, Sum: 27, Workers: 4
[73.911s][debug][gc,phases      ] GC(17)   JVMTI Tag Weak OopStorage      Min:  0.0, Avg:  0.0, Max:  0.0, Diff:  0.0, Sum:  0.0, Workers: 4
[73.911s][debug][gc,phases      ] GC(17)     Dead                           Min: 0, Avg:  0.0, Max: 0, Diff: 0, Sum: 0, Workers: 4
[73.911s][debug][gc,phases      ] GC(17)     Total                          Min: 0, Avg:  0.0, Max: 0, Diff: 0, Sum: 0, Workers: 4
[73.911s][debug][gc,phases      ] GC(17)   StringTable Weak               Min:  0.0, Avg:  0.1, Max:  0.2, Diff:  0.2, Sum:  0.4, Workers: 4
[73.911s][debug][gc,phases      ] GC(17)     Dead                           Min: 0, Avg:  0.2, Max: 1, Diff: 1, Sum: 1, Workers: 4
[73.911s][debug][gc,phases      ] GC(17)     Total                          Min: 0, Avg: 10593.2, Max: 21189, Diff: 21189, Sum: 42373, Workers: 4
[73.911s][debug][gc,phases      ] GC(17)   ResolvedMethodTable Weak       Min:  0.0, Avg:  0.0, Max:  0.0, Diff:  0.0, Sum:  0.1, Workers: 4
[73.911s][debug][gc,phases      ] GC(17)     Dead                           Min: 0, Avg:  0.0, Max: 0, Diff: 0, Sum: 0, Workers: 4
[73.911s][debug][gc,phases      ] GC(17)     Total                          Min: 0, Avg: 2170.8, Max: 4459, Diff: 4459, Sum: 8683, Workers: 4
[73.911s][debug][gc,phases      ] GC(17)   JNI Weak                       Min:  0.0, Avg:  0.0, Max:  0.0, Diff:  0.0, Sum:  0.0, Workers: 4
[73.911s][debug][gc,phases      ] GC(17)     Dead                           Min: 0, Avg:  0.0, Max: 0, Diff: 0, Sum: 0, Workers: 4
[73.911s][debug][gc,phases      ] GC(17)     Total                          Min: 0, Avg: 11.2, Max: 45, Diff: 45, Sum: 45, Workers: 4
[73.911s][debug][gc,phases      ] GC(17)   StringDedup Table Weak         Min:  0.0, Avg:  0.0, Max:  0.0, Diff:  0.0, Sum:  0.0, Workers: 4
[73.911s][debug][gc,phases      ] GC(17)     Dead                           Min: 0, Avg:  0.0, Max: 0, Diff: 0, Sum: 0, Workers: 4
[73.911s][debug][gc,phases      ] GC(17)     Total                          Min: 0, Avg:  0.0, Max: 0, Diff: 0, Sum: 0, Workers: 4
[73.911s][debug][gc,phases      ] GC(17)   StringDedup Requests0 Weak     Min:  0.0, Avg:  0.0, Max:  0.0, Diff:  0.0, Sum:  0.0, Workers: 4
[73.911s][debug][gc,phases      ] GC(17)     Dead                           Min: 0, Avg:  0.0, Max: 0, Diff: 0, Sum: 0, Workers: 4
[73.911s][debug][gc,phases      ] GC(17)     Total                          Min: 0, Avg:  0.0, Max: 0, Diff: 0, Sum: 0, Workers: 4
[73.911s][debug][gc,phases      ] GC(17)   StringDedup Requests1 Weak     Min:  0.0, Avg:  0.0, Max:  0.0, Diff:  0.0, Sum:  0.0, Workers: 4
[73.911s][debug][gc,phases      ] GC(17)     Dead                           Min: 0, Avg:  0.0, Max: 0, Diff: 0, Sum: 0, Workers: 4
[73.911s][debug][gc,phases      ] GC(17)     Total                          Min: 0, Avg:  0.0, Max: 0, Diff: 0, Sum: 0, Workers: 4
[73.911s][debug][gc,phases      ] GC(17)   Weak JFR Old Object Samples    Min:  0.0, Avg:  0.0, Max:  0.0, Diff:  0.0, Sum:  0.0, Workers: 4
[73.911s][debug][gc,phases      ] GC(17)     Dead                           Min: 0, Avg:  0.0, Max: 0, Diff: 0, Sum: 0, Workers: 4
[73.911s][debug][gc,phases      ] GC(17)     Total                          Min: 0, Avg:  0.0, Max: 0, Diff: 0, Sum: 0, Workers: 4
[73.911s][debug][gc,phases      ] GC(17) Weak Processing 0.493ms
[73.911s][debug][gc,age         ] GC(17) Desired survivor size 536870912 bytes, new threshold 1 (max threshold 15)
[73.911s][info ][gc,heap        ] GC(17) PSYoungGen: 1052032K(1572864K)->448K(1572864K) Eden: 1048576K(1048576K)->0K(1048576K) From: 3456K(524288K)->448K(524288K)
[73.911s][info ][gc,heap        ] GC(17) ParOldGen: 380639K(532992K)->383944K(532992K)
[73.911s][info ][gc,metaspace   ] GC(17) Metaspace: 78519K(79552K)->78519K(79552K) NonClass: 67256K(67840K)->67256K(67840K) Class: 11262K(11712K)->11262K(11712K)
[73.911s][info ][gc             ] GC(17) Pause Young (Allocation Failure) 1399M->375M(2056M) 14.089ms
[73.911s][info ][gc,cpu         ] GC(17) User=0.01s Sys=0.00s Real=0.02s
[73.911s][info ][safepoint      ] Safepoint "ParallelGCFailedAllocation", Time since last: 580045409 ns, Reaching safepoint: 75102 ns, At safepoint: 14173140 ns, Total: 14248242 ns
[74.912s][info ][safepoint      ] Safepoint "Cleanup", Time since last: 1000101751 ns, Reaching safepoint: 83902 ns, At safepoint: 6701 ns, Total: 90603 ns
[76.295s][info ][safepoint      ] Safepoint "Cleanup", Time since last: 1382875934 ns, Reaching safepoint: 196606 ns, At safepoint: 7900 ns, Total: 204506 ns
[77.295s][info ][safepoint      ] Safepoint "Cleanup", Time since last: 1000108846 ns, Reaching safepoint: 90301 ns, At safepoint: 2900 ns, Total: 93201 ns
[78.296s][info ][safepoint      ] Safepoint "Cleanup", Time since last: 1000143889 ns, Reaching safepoint: 149902 ns, At safepoint: 526711 ns, Total: 676613 ns
[79.296s][info ][safepoint      ] Safepoint "Cleanup", Time since last: 1000142688 ns, Reaching safepoint: 93101 ns, At safepoint: 3400 ns, Total: 96501 ns
[80.296s][info ][safepoint      ] Safepoint "Cleanup", Time since last: 1000129160 ns, Reaching safepoint: 215607 ns, At safepoint: 4600 ns, Total: 220207 ns
[81.297s][info ][safepoint      ] Safepoint "Cleanup", Time since last: 1000183712 ns, Reaching safepoint: 91402 ns, At safepoint: 9701 ns, Total: 101103 ns
[82.298s][info ][safepoint      ] Safepoint "Cleanup", Time since last: 1001504853 ns, Reaching safepoint: 184505 ns, At safepoint: 5701 ns, Total: 190206 ns
[83.299s][info ][safepoint      ] Safepoint "Cleanup", Time since last: 1000122209 ns, Reaching safepoint: 297810 ns, At safepoint: 5200 ns, Total: 303010 ns
[85.297s][info ][safepoint      ] Safepoint "Cleanup", Time since last: 1997675884 ns, Reaching safepoint: 251308 ns, At safepoint: 5400 ns, Total: 256708 ns
[86.297s][info ][safepoint      ] Safepoint "Cleanup", Time since last: 1000122644 ns, Reaching safepoint: 534516 ns, At safepoint: 7200 ns, Total: 541716 ns
[87.298s][info ][safepoint      ] Safepoint "Cleanup", Time since last: 1000117044 ns, Reaching safepoint: 117403 ns, At safepoint: 5500 ns, Total: 122903 ns
[88.298s][info ][safepoint      ] Safepoint "Cleanup", Time since last: 1000118744 ns, Reaching safepoint: 85402 ns, At safepoint: 11301 ns, Total: 96703 ns
[89.298s][info ][safepoint      ] Safepoint "Cleanup", Time since last: 1000119643 ns, Reaching safepoint: 106503 ns, At safepoint: 7201 ns, Total: 113704 ns
[89.583s][info ][gc,start       ] GC(18) Pause Young (Allocation Failure)
[89.598s][debug][gc,phases      ] GC(18) Scavenge 15.359ms
[89.598s][debug][gc,ref         ] GC(18) Skipped phase 1 of Reference Processing: no references
[89.599s][debug][gc,ref         ] GC(18) ReferenceProcessor::execute queues: 1, RefProcThreadModel::Single, marks_oops_alive: false
[89.599s][debug][gc,ref         ] GC(18) Skipped phase 3 of Reference Processing: no references
[89.599s][debug][gc,ref         ] GC(18) ReferenceProcessor::execute queues: 1, RefProcThreadModel::Single, marks_oops_alive: false
[89.599s][debug][gc,phases      ] GC(18) Reference Processing 0.191ms
[89.599s][debug][gc,phases      ] GC(18)   VM Weak                        Min:  0.0, Avg:  0.0, Max:  0.0, Diff:  0.0, Sum:  0.0, Workers: 4
[89.599s][debug][gc,phases      ] GC(18)     Dead                           Min: 0, Avg:  0.0, Max: 0, Diff: 0, Sum: 0, Workers: 4
[89.599s][debug][gc,phases      ] GC(18)     Total                          Min: 0, Avg: 208.5, Max: 514, Diff: 514, Sum: 834, Workers: 4
[89.599s][debug][gc,phases      ] GC(18)   ObjectSynchronizer Weak        Min:  0.0, Avg:  0.0, Max:  0.0, Diff:  0.0, Sum:  0.0, Workers: 4
[89.599s][debug][gc,phases      ] GC(18)     Dead                           Min: 0, Avg:  0.0, Max: 0, Diff: 0, Sum: 0, Workers: 4
[89.599s][debug][gc,phases      ] GC(18)     Total                          Min: 0, Avg:  7.0, Max: 28, Diff: 28, Sum: 28, Workers: 4
[89.599s][debug][gc,phases      ] GC(18)   JVMTI Tag Weak OopStorage      Min:  0.0, Avg:  0.0, Max:  0.0, Diff:  0.0, Sum:  0.0, Workers: 4
[89.599s][debug][gc,phases      ] GC(18)     Dead                           Min: 0, Avg:  0.0, Max: 0, Diff: 0, Sum: 0, Workers: 4
[89.599s][debug][gc,phases      ] GC(18)     Total                          Min: 0, Avg:  0.0, Max: 0, Diff: 0, Sum: 0, Workers: 4
[89.599s][debug][gc,phases      ] GC(18)   StringTable Weak               Min:  0.0, Avg:  0.1, Max:  0.2, Diff:  0.2, Sum:  0.5, Workers: 4
[89.599s][debug][gc,phases      ] GC(18)     Dead                           Min: 0, Avg:  0.5, Max: 2, Diff: 2, Sum: 2, Workers: 4
[89.599s][debug][gc,phases      ] GC(18)     Total                          Min: 0, Avg: 10613.5, Max: 22423, Diff: 22423, Sum: 42454, Workers: 4
[89.599s][debug][gc,phases      ] GC(18)   ResolvedMethodTable Weak       Min:  0.0, Avg:  0.0, Max:  0.1, Diff:  0.1, Sum:  0.1, Workers: 4
[89.599s][debug][gc,phases      ] GC(18)     Dead                           Min: 0, Avg:  0.0, Max: 0, Diff: 0, Sum: 0, Workers: 4
[89.599s][debug][gc,phases      ] GC(18)     Total                          Min: 0, Avg: 2185.2, Max: 4608, Diff: 4608, Sum: 8741, Workers: 4
[89.599s][debug][gc,phases      ] GC(18)   JNI Weak                       Min:  0.0, Avg:  0.0, Max:  0.0, Diff:  0.0, Sum:  0.0, Workers: 4
[89.599s][debug][gc,phases      ] GC(18)     Dead                           Min: 0, Avg:  0.0, Max: 0, Diff: 0, Sum: 0, Workers: 4
[89.599s][debug][gc,phases      ] GC(18)     Total                          Min: 0, Avg: 11.2, Max: 45, Diff: 45, Sum: 45, Workers: 4
[89.599s][debug][gc,phases      ] GC(18)   StringDedup Table Weak         Min:  0.0, Avg:  0.0, Max:  0.0, Diff:  0.0, Sum:  0.0, Workers: 4
[89.599s][debug][gc,phases      ] GC(18)     Dead                           Min: 0, Avg:  0.0, Max: 0, Diff: 0, Sum: 0, Workers: 4
[89.599s][debug][gc,phases      ] GC(18)     Total                          Min: 0, Avg:  0.0, Max: 0, Diff: 0, Sum: 0, Workers: 4
[89.599s][debug][gc,phases      ] GC(18)   StringDedup Requests0 Weak     Min:  0.0, Avg:  0.0, Max:  0.0, Diff:  0.0, Sum:  0.0, Workers: 4
[89.599s][debug][gc,phases      ] GC(18)     Dead                           Min: 0, Avg:  0.0, Max: 0, Diff: 0, Sum: 0, Workers: 4
[89.599s][debug][gc,phases      ] GC(18)     Total                          Min: 0, Avg:  0.0, Max: 0, Diff: 0, Sum: 0, Workers: 4
[89.599s][debug][gc,phases      ] GC(18)   StringDedup Requests1 Weak     Min:  0.0, Avg:  0.0, Max:  0.0, Diff:  0.0, Sum:  0.0, Workers: 4
[89.599s][debug][gc,phases      ] GC(18)     Dead                           Min: 0, Avg:  0.0, Max: 0, Diff: 0, Sum: 0, Workers: 4
[89.599s][debug][gc,phases      ] GC(18)     Total                          Min: 0, Avg:  0.0, Max: 0, Diff: 0, Sum: 0, Workers: 4
[89.599s][debug][gc,phases      ] GC(18)   Weak JFR Old Object Samples    Min:  0.0, Avg:  0.0, Max:  0.0, Diff:  0.0, Sum:  0.0, Workers: 4
[89.599s][debug][gc,phases      ] GC(18)     Dead                           Min: 0, Avg:  0.0, Max: 0, Diff: 0, Sum: 0, Workers: 4
[89.599s][debug][gc,phases      ] GC(18)     Total                          Min: 0, Avg:  0.0, Max: 0, Diff: 0, Sum: 0, Workers: 4
[89.599s][debug][gc,phases      ] GC(18) Weak Processing 0.608ms
[89.599s][debug][gc,age         ] GC(18) Desired survivor size 536870912 bytes, new threshold 1 (max threshold 15)
[89.599s][info ][gc,heap        ] GC(18) PSYoungGen: 1049024K(1572864K)->2816K(1572864K) Eden: 1048576K(1048576K)->0K(1048576K) From: 448K(524288K)->2816K(524288K)
[89.599s][info ][gc,heap        ] GC(18) ParOldGen: 383944K(532992K)->384072K(532992K)
[89.599s][info ][gc,metaspace   ] GC(18) Metaspace: 78777K(79808K)->78777K(79808K) NonClass: 67485K(68032K)->67485K(68032K) Class: 11292K(11776K)->11292K(11776K)
[89.599s][info ][gc             ] GC(18) Pause Young (Allocation Failure) 1399M->377M(2056M) 16.326ms
[89.599s][info ][gc,cpu         ] GC(18) User=0.02s Sys=0.00s Real=0.02s
[89.599s][info ][safepoint      ] Safepoint "ParallelGCFailedAllocation", Time since last: 284800597 ns, Reaching safepoint: 56702 ns, At safepoint: 16422802 ns, Total: 16479504 ns
[90.600s][info ][safepoint      ] Safepoint "Cleanup", Time since last: 1000099442 ns, Reaching safepoint: 185606 ns, At safepoint: 6300 ns, Total: 191906 ns
[91.600s][info ][safepoint      ] Safepoint "Cleanup", Time since last: 1000127144 ns, Reaching safepoint: 168705 ns, At safepoint: 4400 ns, Total: 173105 ns
[92.600s][info ][safepoint      ] Safepoint "Cleanup", Time since last: 1000112675 ns, Reaching safepoint: 90202 ns, At safepoint: 2601 ns, Total: 92803 ns
[93.600s][info ][safepoint      ] Safepoint "Cleanup", Time since last: 1000115244 ns, Reaching safepoint: 72502 ns, At safepoint: 3000 ns, Total: 75502 ns
[94.601s][info ][safepoint      ] Safepoint "Cleanup", Time since last: 1000247948 ns, Reaching safepoint: 71902 ns, At safepoint: 2900 ns, Total: 74802 ns
[95.604s][info ][safepoint      ] Safepoint "Cleanup", Time since last: 1003218034 ns, Reaching safepoint: 153804 ns, At safepoint: 5000 ns, Total: 158804 ns
[96.604s][info ][safepoint      ] Safepoint "Cleanup", Time since last: 1000133945 ns, Reaching safepoint: 75902 ns, At safepoint: 10401 ns, Total: 86303 ns
[97.604s][info ][safepoint      ] Safepoint "Cleanup", Time since last: 1000145745 ns, Reaching safepoint: 74102 ns, At safepoint: 7200 ns, Total: 81302 ns
[98.605s][info ][safepoint      ] Safepoint "Cleanup", Time since last: 1000122944 ns, Reaching safepoint: 91103 ns, At safepoint: 7100 ns, Total: 98203 ns
[99.630s][info ][safepoint      ] Safepoint "Cleanup", Time since last: 1025289070 ns, Reaching safepoint: 354711 ns, At safepoint: 5400 ns, Total: 360111 ns
[101.631s][info ][safepoint      ] Safepoint "Cleanup", Time since last: 2000198459 ns, Reaching safepoint: 199006 ns, At safepoint: 7700 ns, Total: 206706 ns
[102.631s][info ][safepoint      ] Safepoint "Cleanup", Time since last: 1000131352 ns, Reaching safepoint: 171105 ns, At safepoint: 9601 ns, Total: 180706 ns
[103.631s][info ][safepoint      ] Safepoint "Cleanup", Time since last: 1000125152 ns, Reaching safepoint: 123003 ns, At safepoint: 7301 ns, Total: 130304 ns
[104.632s][info ][safepoint      ] Safepoint "Cleanup", Time since last: 1000137352 ns, Reaching safepoint: 136904 ns, At safepoint: 8101 ns, Total: 145005 ns
[106.284s][info ][safepoint      ] Safepoint "Cleanup", Time since last: 1652439249 ns, Reaching safepoint: 196105 ns, At safepoint: 6700 ns, Total: 202805 ns
[106.496s][info ][gc,start       ] GC(19) Pause Young (Allocation Failure)
[106.506s][debug][gc,phases      ] GC(19) Scavenge 9.552ms
[106.506s][debug][gc,ref         ] GC(19) Skipped phase 1 of Reference Processing: no references
[106.506s][debug][gc,ref         ] GC(19) ReferenceProcessor::execute queues: 1, RefProcThreadModel::Single, marks_oops_alive: false
[106.506s][debug][gc,ref         ] GC(19) Skipped phase 3 of Reference Processing: no references
[106.506s][debug][gc,ref         ] GC(19) ReferenceProcessor::execute queues: 1, RefProcThreadModel::Single, marks_oops_alive: false
[106.506s][debug][gc,phases      ] GC(19) Reference Processing 0.163ms
[106.506s][debug][gc,phases      ] GC(19)   VM Weak                        Min:  0.0, Avg:  0.0, Max:  0.0, Diff:  0.0, Sum:  0.0, Workers: 4
[106.506s][debug][gc,phases      ] GC(19)     Dead                           Min: 0, Avg:  0.0, Max: 0, Diff: 0, Sum: 0, Workers: 4
[106.506s][debug][gc,phases      ] GC(19)     Total                          Min: 0, Avg: 208.8, Max: 515, Diff: 515, Sum: 835, Workers: 4
[106.506s][debug][gc,phases      ] GC(19)   ObjectSynchronizer Weak        Min:  0.0, Avg:  0.0, Max:  0.0, Diff:  0.0, Sum:  0.0, Workers: 4
[106.506s][debug][gc,phases      ] GC(19)     Dead                           Min: 0, Avg:  0.0, Max: 0, Diff: 0, Sum: 0, Workers: 4
[106.506s][debug][gc,phases      ] GC(19)     Total                          Min: 0, Avg:  7.0, Max: 28, Diff: 28, Sum: 28, Workers: 4
[106.506s][debug][gc,phases      ] GC(19)   JVMTI Tag Weak OopStorage      Min:  0.0, Avg:  0.0, Max:  0.0, Diff:  0.0, Sum:  0.0, Workers: 4
[106.506s][debug][gc,phases      ] GC(19)     Dead                           Min: 0, Avg:  0.0, Max: 0, Diff: 0, Sum: 0, Workers: 4
[106.506s][debug][gc,phases      ] GC(19)     Total                          Min: 0, Avg:  0.0, Max: 0, Diff: 0, Sum: 0, Workers: 4
[106.507s][debug][gc,phases      ] GC(19)   StringTable Weak               Min:  0.0, Avg:  0.1, Max:  0.2, Diff:  0.2, Sum:  0.5, Workers: 4
[106.507s][debug][gc,phases      ] GC(19)     Dead                           Min: 0, Avg:  0.2, Max: 1, Diff: 1, Sum: 1, Workers: 4
[106.507s][debug][gc,phases      ] GC(19)     Total                          Min: 0, Avg: 10627.2, Max: 21824, Diff: 21824, Sum: 42509, Workers: 4
[106.507s][debug][gc,phases      ] GC(19)   ResolvedMethodTable Weak       Min:  0.0, Avg:  0.0, Max:  0.0, Diff:  0.0, Sum:  0.1, Workers: 4
[106.507s][debug][gc,phases      ] GC(19)     Dead                           Min: 0, Avg:  0.2, Max: 1, Diff: 1, Sum: 1, Workers: 4
[106.507s][debug][gc,phases      ] GC(19)     Total                          Min: 0, Avg: 2194.8, Max: 4416, Diff: 4416, Sum: 8779, Workers: 4
[106.507s][debug][gc,phases      ] GC(19)   JNI Weak                       Min:  0.0, Avg:  0.0, Max:  0.0, Diff:  0.0, Sum:  0.0, Workers: 4
[106.507s][debug][gc,phases      ] GC(19)     Dead                           Min: 0, Avg:  0.0, Max: 0, Diff: 0, Sum: 0, Workers: 4
[106.507s][debug][gc,phases      ] GC(19)     Total                          Min: 0, Avg: 11.2, Max: 45, Diff: 45, Sum: 45, Workers: 4
[106.507s][debug][gc,phases      ] GC(19)   StringDedup Table Weak         Min:  0.0, Avg:  0.0, Max:  0.0, Diff:  0.0, Sum:  0.0, Workers: 4
[106.507s][debug][gc,phases      ] GC(19)     Dead                           Min: 0, Avg:  0.0, Max: 0, Diff: 0, Sum: 0, Workers: 4
[106.507s][debug][gc,phases      ] GC(19)     Total                          Min: 0, Avg:  0.0, Max: 0, Diff: 0, Sum: 0, Workers: 4
[106.507s][debug][gc,phases      ] GC(19)   StringDedup Requests0 Weak     Min:  0.0, Avg:  0.0, Max:  0.0, Diff:  0.0, Sum:  0.0, Workers: 4
[106.507s][debug][gc,phases      ] GC(19)     Dead                           Min: 0, Avg:  0.0, Max: 0, Diff: 0, Sum: 0, Workers: 4
[106.507s][debug][gc,phases      ] GC(19)     Total                          Min: 0, Avg:  0.0, Max: 0, Diff: 0, Sum: 0, Workers: 4
[106.507s][debug][gc,phases      ] GC(19)   StringDedup Requests1 Weak     Min:  0.0, Avg:  0.0, Max:  0.0, Diff:  0.0, Sum:  0.0, Workers: 4
[106.507s][debug][gc,phases      ] GC(19)     Dead                           Min: 0, Avg:  0.0, Max: 0, Diff: 0, Sum: 0, Workers: 4
[106.507s][debug][gc,phases      ] GC(19)     Total                          Min: 0, Avg:  0.0, Max: 0, Diff: 0, Sum: 0, Workers: 4
[106.507s][debug][gc,phases      ] GC(19)   Weak JFR Old Object Samples    Min:  0.0, Avg:  0.0, Max:  0.0, Diff:  0.0, Sum:  0.0, Workers: 4
[106.507s][debug][gc,phases      ] GC(19)     Dead                           Min: 0, Avg:  0.0, Max: 0, Diff: 0, Sum: 0, Workers: 4
[106.507s][debug][gc,phases      ] GC(19)     Total                          Min: 0, Avg:  0.0, Max: 0, Diff: 0, Sum: 0, Workers: 4
[106.507s][debug][gc,phases      ] GC(19) Weak Processing 0.541ms
[106.507s][debug][gc,age         ] GC(19) Desired survivor size 536870912 bytes, new threshold 1 (max threshold 15)
[106.507s][info ][gc,heap        ] GC(19) PSYoungGen: 1051392K(1572864K)->3040K(1572864K) Eden: 1048576K(1048576K)->0K(1048576K) From: 2816K(524288K)->3040K(524288K)
[106.507s][info ][gc,heap        ] GC(19) ParOldGen: 384072K(532992K)->384952K(532992K)
[106.507s][info ][gc,metaspace   ] GC(19) Metaspace: 78991K(80000K)->78991K(80000K) NonClass: 67679K(68224K)->67679K(68224K) Class: 11312K(11776K)->11312K(11776K)
[106.507s][info ][gc             ] GC(19) Pause Young (Allocation Failure) 1401M->378M(2056M) 10.449ms
[106.507s][info ][gc,cpu         ] GC(19) User=0.01s Sys=0.00s Real=0.01s
[106.507s][info ][safepoint      ] Safepoint "ParallelGCFailedAllocation", Time since last: 211882943 ns, Reaching safepoint: 79103 ns, At safepoint: 10543295 ns, Total: 10622398 ns
[107.508s][info ][safepoint      ] Safepoint "Cleanup", Time since last: 1001133281 ns, Reaching safepoint: 69302 ns, At safepoint: 5400 ns, Total: 74702 ns
[108.508s][info ][safepoint      ] Safepoint "Cleanup", Time since last: 1000121556 ns, Reaching safepoint: 76303 ns, At safepoint: 2900 ns, Total: 79203 ns
[109.508s][info ][safepoint      ] Safepoint "Cleanup", Time since last: 1000131404 ns, Reaching safepoint: 94803 ns, At safepoint: 2900 ns, Total: 97703 ns
[110.509s][info ][safepoint      ] Safepoint "Cleanup", Time since last: 1000148705 ns, Reaching safepoint: 288209 ns, At safepoint: 9200 ns, Total: 297409 ns
[111.509s][info ][safepoint      ] Safepoint "Cleanup", Time since last: 1000111004 ns, Reaching safepoint: 58202 ns, At safepoint: 3300 ns, Total: 61502 ns
[112.509s][info ][safepoint      ] Safepoint "Cleanup", Time since last: 1000084703 ns, Reaching safepoint: 97003 ns, At safepoint: 4100 ns, Total: 101103 ns
[113.509s][info ][safepoint      ] Safepoint "Cleanup", Time since last: 1000133905 ns, Reaching safepoint: 109003 ns, At safepoint: 9500 ns, Total: 118503 ns
[114.510s][info ][safepoint      ] Safepoint "Cleanup", Time since last: 1000119704 ns, Reaching safepoint: 149205 ns, At safepoint: 4400 ns, Total: 153605 ns
[115.510s][info ][safepoint      ] Safepoint "Cleanup", Time since last: 1000114904 ns, Reaching safepoint: 77702 ns, At safepoint: 3301 ns, Total: 81003 ns
[116.510s][info ][safepoint      ] Safepoint "Cleanup", Time since last: 1000123242 ns, Reaching safepoint: 89002 ns, At safepoint: 3200 ns, Total: 92202 ns
[117.991s][info ][safepoint      ] Safepoint "Cleanup", Time since last: 1480745490 ns, Reaching safepoint: 164404 ns, At safepoint: 6600 ns, Total: 171004 ns
[118.991s][info ][safepoint      ] Safepoint "Cleanup", Time since last: 1000134357 ns, Reaching safepoint: 168604 ns, At safepoint: 7600 ns, Total: 176204 ns
[119.992s][info ][safepoint      ] Safepoint "Cleanup", Time since last: 1000134557 ns, Reaching safepoint: 134503 ns, At safepoint: 7300 ns, Total: 141803 ns
[120.992s][info ][safepoint      ] Safepoint "Cleanup", Time since last: 1000129157 ns, Reaching safepoint: 165104 ns, At safepoint: 5900 ns, Total: 171004 ns
[121.992s][info ][safepoint      ] Safepoint "Cleanup", Time since last: 1000133057 ns, Reaching safepoint: 136203 ns, At safepoint: 6000 ns, Total: 142203 ns
[122.992s][info ][safepoint      ] Safepoint "Cleanup", Time since last: 1000130183 ns, Reaching safepoint: 147904 ns, At safepoint: 5000 ns, Total: 152904 ns
[123.766s][info ][gc,start       ] GC(20) Pause Young (Allocation Failure)
[123.772s][debug][gc,phases      ] GC(20) Scavenge 6.117ms
[123.772s][debug][gc,ref         ] GC(20) Skipped phase 1 of Reference Processing: no references
[123.772s][debug][gc,ref         ] GC(20) ReferenceProcessor::execute queues: 1, RefProcThreadModel::Single, marks_oops_alive: false
[123.772s][debug][gc,ref         ] GC(20) Skipped phase 3 of Reference Processing: no references
[123.772s][debug][gc,ref         ] GC(20) ReferenceProcessor::execute queues: 1, RefProcThreadModel::Single, marks_oops_alive: false
[123.772s][debug][gc,phases      ] GC(20) Reference Processing 0.104ms
[123.773s][debug][gc,phases      ] GC(20)   VM Weak                        Min:  0.0, Avg:  0.0, Max:  0.0, Diff:  0.0, Sum:  0.0, Workers: 4
[123.773s][debug][gc,phases      ] GC(20)     Dead                           Min: 0, Avg:  0.0, Max: 0, Diff: 0, Sum: 0, Workers: 4
[123.773s][debug][gc,phases      ] GC(20)     Total                          Min: 0, Avg: 209.8, Max: 839, Diff: 839, Sum: 839, Workers: 4
[123.773s][debug][gc,phases      ] GC(20)   ObjectSynchronizer Weak        Min:  0.0, Avg:  0.0, Max:  0.0, Diff:  0.0, Sum:  0.0, Workers: 4
[123.773s][debug][gc,phases      ] GC(20)     Dead                           Min: 0, Avg:  0.0, Max: 0, Diff: 0, Sum: 0, Workers: 4
[123.773s][debug][gc,phases      ] GC(20)     Total                          Min: 0, Avg:  7.0, Max: 28, Diff: 28, Sum: 28, Workers: 4
[123.773s][debug][gc,phases      ] GC(20)   JVMTI Tag Weak OopStorage      Min:  0.0, Avg:  0.0, Max:  0.0, Diff:  0.0, Sum:  0.0, Workers: 4
[123.773s][debug][gc,phases      ] GC(20)     Dead                           Min: 0, Avg:  0.0, Max: 0, Diff: 0, Sum: 0, Workers: 4
[123.773s][debug][gc,phases      ] GC(20)     Total                          Min: 0, Avg:  0.0, Max: 0, Diff: 0, Sum: 0, Workers: 4
[123.773s][debug][gc,phases      ] GC(20)   StringTable Weak               Min:  0.0, Avg:  0.1, Max:  0.2, Diff:  0.2, Sum:  0.4, Workers: 4
[123.773s][debug][gc,phases      ] GC(20)     Dead                           Min: 0, Avg:  0.2, Max: 1, Diff: 1, Sum: 1, Workers: 4
[123.773s][debug][gc,phases      ] GC(20)     Total                          Min: 0, Avg: 10639.0, Max: 22333, Diff: 22333, Sum: 42556, Workers: 4
[123.773s][debug][gc,phases      ] GC(20)   ResolvedMethodTable Weak       Min:  0.0, Avg:  0.0, Max:  0.0, Diff:  0.0, Sum:  0.1, Workers: 4
[123.773s][debug][gc,phases      ] GC(20)     Dead                           Min: 0, Avg:  0.0, Max: 0, Diff: 0, Sum: 0, Workers: 4
[123.773s][debug][gc,phases      ] GC(20)     Total                          Min: 0, Avg: 2201.5, Max: 4416, Diff: 4416, Sum: 8806, Workers: 4
[123.773s][debug][gc,phases      ] GC(20)   JNI Weak                       Min:  0.0, Avg:  0.0, Max:  0.0, Diff:  0.0, Sum:  0.0, Workers: 4
[123.773s][debug][gc,phases      ] GC(20)     Dead                           Min: 0, Avg:  0.0, Max: 0, Diff: 0, Sum: 0, Workers: 4
[123.773s][debug][gc,phases      ] GC(20)     Total                          Min: 0, Avg: 11.2, Max: 45, Diff: 45, Sum: 45, Workers: 4
[123.773s][debug][gc,phases      ] GC(20)   StringDedup Table Weak         Min:  0.0, Avg:  0.0, Max:  0.0, Diff:  0.0, Sum:  0.0, Workers: 4
[123.773s][debug][gc,phases      ] GC(20)     Dead                           Min: 0, Avg:  0.0, Max: 0, Diff: 0, Sum: 0, Workers: 4
[123.773s][debug][gc,phases      ] GC(20)     Total                          Min: 0, Avg:  0.0, Max: 0, Diff: 0, Sum: 0, Workers: 4
[123.773s][debug][gc,phases      ] GC(20)   StringDedup Requests0 Weak     Min:  0.0, Avg:  0.0, Max:  0.0, Diff:  0.0, Sum:  0.0, Workers: 4
[123.773s][debug][gc,phases      ] GC(20)     Dead                           Min: 0, Avg:  0.0, Max: 0, Diff: 0, Sum: 0, Workers: 4
[123.773s][debug][gc,phases      ] GC(20)     Total                          Min: 0, Avg:  0.0, Max: 0, Diff: 0, Sum: 0, Workers: 4
[123.773s][debug][gc,phases      ] GC(20)   StringDedup Requests1 Weak     Min:  0.0, Avg:  0.0, Max:  0.0, Diff:  0.0, Sum:  0.0, Workers: 4
[123.773s][debug][gc,phases      ] GC(20)     Dead                           Min: 0, Avg:  0.0, Max: 0, Diff: 0, Sum: 0, Workers: 4
[123.773s][debug][gc,phases      ] GC(20)     Total                          Min: 0, Avg:  0.0, Max: 0, Diff: 0, Sum: 0, Workers: 4
[123.773s][debug][gc,phases      ] GC(20)   Weak JFR Old Object Samples    Min:  0.0, Avg:  0.0, Max:  0.0, Diff:  0.0, Sum:  0.0, Workers: 4
[123.773s][debug][gc,phases      ] GC(20)     Dead                           Min: 0, Avg:  0.0, Max: 0, Diff: 0, Sum: 0, Workers: 4
[123.773s][debug][gc,phases      ] GC(20)     Total                          Min: 0, Avg:  0.0, Max: 0, Diff: 0, Sum: 0, Workers: 4
[123.773s][debug][gc,phases      ] GC(20) Weak Processing 0.421ms
[123.773s][debug][gc,age         ] GC(20) Desired survivor size 536870912 bytes, new threshold 1 (max threshold 15)
[123.773s][info ][gc,heap        ] GC(20) PSYoungGen: 1051616K(1572864K)->2736K(1572864K) Eden: 1048576K(1048576K)->0K(1048576K) From: 3040K(524288K)->2736K(524288K)
[123.773s][info ][gc,heap        ] GC(20) ParOldGen: 384952K(532992K)->385944K(532992K)
[123.773s][info ][gc,metaspace   ] GC(20) Metaspace: 79152K(80128K)->79152K(80128K) NonClass: 67830K(68352K)->67830K(68352K) Class: 11321K(11776K)->11321K(11776K)
[123.773s][info ][gc             ] GC(20) Pause Young (Allocation Failure) 1402M->379M(2056M) 6.793ms
[123.773s][info ][gc,cpu         ] GC(20) User=0.01s Sys=0.00s Real=0.01s
[123.773s][info ][safepoint      ] Safepoint "ParallelGCFailedAllocation", Time since last: 773556518 ns, Reaching safepoint: 43501 ns, At safepoint: 6873101 ns, Total: 6916602 ns
[124.773s][info ][safepoint      ] Safepoint "Cleanup", Time since last: 1000088979 ns, Reaching safepoint: 56902 ns, At safepoint: 3400 ns, Total: 60302 ns
[125.773s][info ][safepoint      ] Safepoint "Cleanup", Time since last: 1000133735 ns, Reaching safepoint: 66002 ns, At safepoint: 6100 ns, Total: 72102 ns
[126.774s][info ][safepoint      ] Safepoint "Cleanup", Time since last: 1000125534 ns, Reaching safepoint: 75002 ns, At safepoint: 4101 ns, Total: 79103 ns
[127.774s][info ][safepoint      ] Safepoint "Cleanup", Time since last: 1000124834 ns, Reaching safepoint: 84802 ns, At safepoint: 8001 ns, Total: 92803 ns
[128.774s][info ][safepoint      ] Safepoint "Cleanup", Time since last: 1000122634 ns, Reaching safepoint: 85502 ns, At safepoint: 3000 ns, Total: 88502 ns
[129.774s][info ][safepoint      ] Safepoint "Cleanup", Time since last: 1000122835 ns, Reaching safepoint: 84402 ns, At safepoint: 4000 ns, Total: 88402 ns
[130.774s][info ][safepoint      ] Safepoint "Cleanup", Time since last: 1000127835 ns, Reaching safepoint: 41001 ns, At safepoint: 5000 ns, Total: 46001 ns
[131.775s][info ][safepoint      ] Safepoint "Cleanup", Time since last: 1000120534 ns, Reaching safepoint: 132704 ns, At safepoint: 4500 ns, Total: 137204 ns
[132.775s][info ][safepoint      ] Safepoint "Cleanup", Time since last: 1000130753 ns, Reaching safepoint: 81903 ns, At safepoint: 4200 ns, Total: 86103 ns
[134.775s][info ][safepoint      ] Safepoint "Cleanup", Time since last: 2000200468 ns, Reaching safepoint: 65902 ns, At safepoint: 4100 ns, Total: 70002 ns
[135.775s][info ][safepoint      ] Safepoint "Cleanup", Time since last: 1000135535 ns, Reaching safepoint: 59902 ns, At safepoint: 2800 ns, Total: 62702 ns
[136.775s][info ][safepoint      ] Safepoint "Cleanup", Time since last: 1000120935 ns, Reaching safepoint: 92203 ns, At safepoint: 6500 ns, Total: 98703 ns
[137.776s][info ][safepoint      ] Safepoint "Cleanup", Time since last: 1000126235 ns, Reaching safepoint: 71002 ns, At safepoint: 3600 ns, Total: 74602 ns
[138.776s][info ][safepoint      ] Safepoint "Cleanup", Time since last: 1000137735 ns, Reaching safepoint: 68102 ns, At safepoint: 2500 ns, Total: 70602 ns
[139.776s][info ][safepoint      ] Safepoint "Cleanup", Time since last: 1000127235 ns, Reaching safepoint: 62502 ns, At safepoint: 4100 ns, Total: 66602 ns
[140.776s][info ][safepoint      ] Safepoint "Cleanup", Time since last: 1000158279 ns, Reaching safepoint: 73202 ns, At safepoint: 6500 ns, Total: 79702 ns
[140.782s][info ][gc,start       ] GC(21) Pause Young (Allocation Failure)
[140.788s][debug][gc,phases      ] GC(21) Scavenge 5.676ms
[140.788s][debug][gc,ref         ] GC(21) Skipped phase 1 of Reference Processing: no references
[140.788s][debug][gc,ref         ] GC(21) ReferenceProcessor::execute queues: 1, RefProcThreadModel::Single, marks_oops_alive: false
[140.788s][debug][gc,ref         ] GC(21) Skipped phase 3 of Reference Processing: no references
[140.788s][debug][gc,ref         ] GC(21) ReferenceProcessor::execute queues: 1, RefProcThreadModel::Single, marks_oops_alive: false
[140.788s][debug][gc,phases      ] GC(21) Reference Processing 0.113ms
[140.788s][debug][gc,phases      ] GC(21)   VM Weak                        Min:  0.0, Avg:  0.0, Max:  0.0, Diff:  0.0, Sum:  0.0, Workers: 4
[140.788s][debug][gc,phases      ] GC(21)     Dead                           Min: 0, Avg:  0.0, Max: 0, Diff: 0, Sum: 0, Workers: 4
[140.788s][debug][gc,phases      ] GC(21)     Total                          Min: 0, Avg: 210.0, Max: 512, Diff: 512, Sum: 840, Workers: 4
[140.788s][debug][gc,phases      ] GC(21)   ObjectSynchronizer Weak        Min:  0.0, Avg:  0.0, Max:  0.0, Diff:  0.0, Sum:  0.0, Workers: 4
[140.788s][debug][gc,phases      ] GC(21)     Dead                           Min: 0, Avg:  0.0, Max: 0, Diff: 0, Sum: 0, Workers: 4
[140.788s][debug][gc,phases      ] GC(21)     Total                          Min: 0, Avg:  7.0, Max: 28, Diff: 28, Sum: 28, Workers: 4
[140.788s][debug][gc,phases      ] GC(21)   JVMTI Tag Weak OopStorage      Min:  0.0, Avg:  0.0, Max:  0.0, Diff:  0.0, Sum:  0.0, Workers: 4
[140.788s][debug][gc,phases      ] GC(21)     Dead                           Min: 0, Avg:  0.0, Max: 0, Diff: 0, Sum: 0, Workers: 4
[140.788s][debug][gc,phases      ] GC(21)     Total                          Min: 0, Avg:  0.0, Max: 0, Diff: 0, Sum: 0, Workers: 4
[140.788s][debug][gc,phases      ] GC(21)   StringTable Weak               Min:  0.0, Avg:  0.1, Max:  0.1, Diff:  0.1, Sum:  0.4, Workers: 4
[140.788s][debug][gc,phases      ] GC(21)     Dead                           Min: 0, Avg:  0.0, Max: 0, Diff: 0, Sum: 0, Workers: 4
[140.788s][debug][gc,phases      ] GC(21)     Total                          Min: 0, Avg: 10642.5, Max: 14730, Diff: 14730, Sum: 42570, Workers: 4
[140.788s][debug][gc,phases      ] GC(21)   ResolvedMethodTable Weak       Min:  0.0, Avg:  0.0, Max:  0.0, Diff:  0.0, Sum:  0.1, Workers: 4
[140.788s][debug][gc,phases      ] GC(21)     Dead                           Min: 0, Avg:  0.0, Max: 0, Diff: 0, Sum: 0, Workers: 4
[140.788s][debug][gc,phases      ] GC(21)     Total                          Min: 0, Avg: 2203.8, Max: 3136, Diff: 3136, Sum: 8815, Workers: 4
[140.788s][debug][gc,phases      ] GC(21)   JNI Weak                       Min:  0.0, Avg:  0.0, Max:  0.0, Diff:  0.0, Sum:  0.0, Workers: 4
[140.788s][debug][gc,phases      ] GC(21)     Dead                           Min: 0, Avg:  0.0, Max: 0, Diff: 0, Sum: 0, Workers: 4
[140.788s][debug][gc,phases      ] GC(21)     Total                          Min: 0, Avg: 11.2, Max: 45, Diff: 45, Sum: 45, Workers: 4
[140.788s][debug][gc,phases      ] GC(21)   StringDedup Table Weak         Min:  0.0, Avg:  0.0, Max:  0.0, Diff:  0.0, Sum:  0.0, Workers: 4
[140.788s][debug][gc,phases      ] GC(21)     Dead                           Min: 0, Avg:  0.0, Max: 0, Diff: 0, Sum: 0, Workers: 4
[140.788s][debug][gc,phases      ] GC(21)     Total                          Min: 0, Avg:  0.0, Max: 0, Diff: 0, Sum: 0, Workers: 4
[140.788s][debug][gc,phases      ] GC(21)   StringDedup Requests0 Weak     Min:  0.0, Avg:  0.0, Max:  0.0, Diff:  0.0, Sum:  0.0, Workers: 4
[140.788s][debug][gc,phases      ] GC(21)     Dead                           Min: 0, Avg:  0.0, Max: 0, Diff: 0, Sum: 0, Workers: 4
[140.788s][debug][gc,phases      ] GC(21)     Total                          Min: 0, Avg:  0.0, Max: 0, Diff: 0, Sum: 0, Workers: 4
[140.788s][debug][gc,phases      ] GC(21)   StringDedup Requests1 Weak     Min:  0.0, Avg:  0.0, Max:  0.0, Diff:  0.0, Sum:  0.0, Workers: 4
[140.788s][debug][gc,phases      ] GC(21)     Dead                           Min: 0, Avg:  0.0, Max: 0, Diff: 0, Sum: 0, Workers: 4
[140.788s][debug][gc,phases      ] GC(21)     Total                          Min: 0, Avg:  0.0, Max: 0, Diff: 0, Sum: 0, Workers: 4
[140.788s][debug][gc,phases      ] GC(21)   Weak JFR Old Object Samples    Min:  0.0, Avg:  0.0, Max:  0.0, Diff:  0.0, Sum:  0.0, Workers: 4
[140.788s][debug][gc,phases      ] GC(21)     Dead                           Min: 0, Avg:  0.0, Max: 0, Diff: 0, Sum: 0, Workers: 4
[140.788s][debug][gc,phases      ] GC(21)     Total                          Min: 0, Avg:  0.0, Max: 0, Diff: 0, Sum: 0, Workers: 4
[140.788s][debug][gc,phases      ] GC(21) Weak Processing 0.414ms
[140.788s][debug][gc,age         ] GC(21) Desired survivor size 536870912 bytes, new threshold 1 (max threshold 15)
[140.788s][info ][gc,heap        ] GC(21) PSYoungGen: 1051312K(1572864K)->2624K(1572864K) Eden: 1048576K(1048576K)->0K(1048576K) From: 2736K(524288K)->2624K(524288K)
[140.788s][info ][gc,heap        ] GC(21) ParOldGen: 385944K(532992K)->387052K(532992K)
[140.788s][info ][gc,metaspace   ] GC(21) Metaspace: 79229K(80192K)->79229K(80192K) NonClass: 67903K(68416K)->67903K(68416K) Class: 11325K(11776K)->11325K(11776K)
[140.788s][info ][gc             ] GC(21) Pause Young (Allocation Failure) 1403M->380M(2056M) 6.375ms
[140.788s][info ][gc,cpu         ] GC(21) User=0.01s Sys=0.00s Real=0.00s
[140.788s][info ][safepoint      ] Safepoint "ParallelGCFailedAllocation", Time since last: 5351846 ns, Reaching safepoint: 112703 ns, At safepoint: 6468276 ns, Total: 6580979 ns
[141.789s][info ][safepoint      ] Safepoint "Cleanup", Time since last: 1000136055 ns, Reaching safepoint: 139204 ns, At safepoint: 5000 ns, Total: 144204 ns
[142.789s][info ][safepoint      ] Safepoint "Cleanup", Time since last: 1000139156 ns, Reaching safepoint: 130003 ns, At safepoint: 6101 ns, Total: 136104 ns
[143.789s][info ][safepoint      ] Safepoint "Cleanup", Time since last: 1000148855 ns, Reaching safepoint: 140504 ns, At safepoint: 4000 ns, Total: 144504 ns
[144.789s][info ][safepoint      ] Safepoint "Cleanup", Time since last: 1000139656 ns, Reaching safepoint: 138303 ns, At safepoint: 5100 ns, Total: 143403 ns
[145.790s][info ][safepoint      ] Safepoint "Cleanup", Time since last: 1000139756 ns, Reaching safepoint: 139704 ns, At safepoint: 6000 ns, Total: 145704 ns
[146.790s][info ][safepoint      ] Safepoint "Cleanup", Time since last: 1000133355 ns, Reaching safepoint: 137004 ns, At safepoint: 6200 ns, Total: 143204 ns
[147.790s][info ][safepoint      ] Safepoint "Cleanup", Time since last: 1000160656 ns, Reaching safepoint: 161404 ns, At safepoint: 6201 ns, Total: 167605 ns
[149.430s][info ][safepoint      ] Safepoint "Cleanup", Time since last: 1639683360 ns, Reaching safepoint: 188705 ns, At safepoint: 4601 ns, Total: 193306 ns
[151.296s][info ][safepoint      ] Safepoint "Cleanup", Time since last: 1865454344 ns, Reaching safepoint: 170904 ns, At safepoint: 3701 ns, Total: 174605 ns
[152.296s][info ][safepoint      ] Safepoint "Cleanup", Time since last: 1000144931 ns, Reaching safepoint: 165805 ns, At safepoint: 4900 ns, Total: 170705 ns
[153.296s][info ][safepoint      ] Safepoint "Cleanup", Time since last: 1000131432 ns, Reaching safepoint: 128203 ns, At safepoint: 9101 ns, Total: 137304 ns
[154.297s][info ][safepoint      ] Safepoint "Cleanup", Time since last: 1000132131 ns, Reaching safepoint: 65702 ns, At safepoint: 3200 ns, Total: 68902 ns
[155.297s][info ][safepoint      ] Safepoint "Cleanup", Time since last: 1000126931 ns, Reaching safepoint: 185706 ns, At safepoint: 5000 ns, Total: 190706 ns
[156.299s][info ][safepoint      ] Safepoint "Cleanup", Time since last: 1000121931 ns, Reaching safepoint: 2120960 ns, At safepoint: 9000 ns, Total: 2129960 ns
[157.299s][info ][safepoint      ] Safepoint "Cleanup", Time since last: 1000110899 ns, Reaching safepoint: 158402 ns, At safepoint: 8300 ns, Total: 166702 ns
[158.300s][info ][safepoint      ] Safepoint "Cleanup", Time since last: 1000121151 ns, Reaching safepoint: 134302 ns, At safepoint: 9400 ns, Total: 143702 ns
[158.332s][info ][gc,start       ] GC(22) Pause Young (Allocation Failure)
[158.340s][debug][gc,phases      ] GC(22) Scavenge 7.898ms
[158.340s][debug][gc,ref         ] GC(22) Skipped phase 1 of Reference Processing: no references
[158.340s][debug][gc,ref         ] GC(22) ReferenceProcessor::execute queues: 1, RefProcThreadModel::Single, marks_oops_alive: false
[158.340s][debug][gc,ref         ] GC(22) Skipped phase 3 of Reference Processing: no references
[158.340s][debug][gc,ref         ] GC(22) ReferenceProcessor::execute queues: 1, RefProcThreadModel::Single, marks_oops_alive: false
[158.340s][debug][gc,phases      ] GC(22) Reference Processing 0.138ms
[158.340s][debug][gc,phases      ] GC(22)   VM Weak                        Min:  0.0, Avg:  0.0, Max:  0.0, Diff:  0.0, Sum:  0.0, Workers: 4
[158.340s][debug][gc,phases      ] GC(22)     Dead                           Min: 0, Avg:  0.0, Max: 0, Diff: 0, Sum: 0, Workers: 4
[158.340s][debug][gc,phases      ] GC(22)     Total                          Min: 0, Avg: 213.8, Max: 599, Diff: 599, Sum: 855, Workers: 4
[158.340s][debug][gc,phases      ] GC(22)   ObjectSynchronizer Weak        Min:  0.0, Avg:  0.0, Max:  0.0, Diff:  0.0, Sum:  0.0, Workers: 4
[158.340s][debug][gc,phases      ] GC(22)     Dead                           Min: 0, Avg:  0.0, Max: 0, Diff: 0, Sum: 0, Workers: 4
[158.340s][debug][gc,phases      ] GC(22)     Total                          Min: 0, Avg:  7.0, Max: 28, Diff: 28, Sum: 28, Workers: 4
[158.340s][debug][gc,phases      ] GC(22)   JVMTI Tag Weak OopStorage      Min:  0.0, Avg:  0.0, Max:  0.0, Diff:  0.0, Sum:  0.0, Workers: 4
[158.340s][debug][gc,phases      ] GC(22)     Dead                           Min: 0, Avg:  0.0, Max: 0, Diff: 0, Sum: 0, Workers: 4
[158.340s][debug][gc,phases      ] GC(22)     Total                          Min: 0, Avg:  0.0, Max: 0, Diff: 0, Sum: 0, Workers: 4
[158.340s][debug][gc,phases      ] GC(22)   StringTable Weak               Min:  0.0, Avg:  0.1, Max:  0.2, Diff:  0.2, Sum:  0.4, Workers: 4
[158.340s][debug][gc,phases      ] GC(22)     Dead                           Min: 0, Avg:  0.5, Max: 2, Diff: 2, Sum: 2, Workers: 4
[158.340s][debug][gc,phases      ] GC(22)     Total                          Min: 0, Avg: 10649.5, Max: 21415, Diff: 21415, Sum: 42598, Workers: 4
[158.340s][debug][gc,phases      ] GC(22)   ResolvedMethodTable Weak       Min:  0.0, Avg:  0.0, Max:  0.0, Diff:  0.0, Sum:  0.1, Workers: 4
[158.340s][debug][gc,phases      ] GC(22)     Dead                           Min: 0, Avg:  0.0, Max: 0, Diff: 0, Sum: 0, Workers: 4
[158.340s][debug][gc,phases      ] GC(22)     Total                          Min: 0, Avg: 2221.0, Max: 4544, Diff: 4544, Sum: 8884, Workers: 4
[158.340s][debug][gc,phases      ] GC(22)   JNI Weak                       Min:  0.0, Avg:  0.0, Max:  0.0, Diff:  0.0, Sum:  0.0, Workers: 4
[158.340s][debug][gc,phases      ] GC(22)     Dead                           Min: 0, Avg:  0.0, Max: 0, Diff: 0, Sum: 0, Workers: 4
[158.340s][debug][gc,phases      ] GC(22)     Total                          Min: 0, Avg: 11.2, Max: 45, Diff: 45, Sum: 45, Workers: 4
[158.340s][debug][gc,phases      ] GC(22)   StringDedup Table Weak         Min:  0.0, Avg:  0.0, Max:  0.0, Diff:  0.0, Sum:  0.0, Workers: 4
[158.340s][debug][gc,phases      ] GC(22)     Dead                           Min: 0, Avg:  0.0, Max: 0, Diff: 0, Sum: 0, Workers: 4
[158.340s][debug][gc,phases      ] GC(22)     Total                          Min: 0, Avg:  0.0, Max: 0, Diff: 0, Sum: 0, Workers: 4
[158.340s][debug][gc,phases      ] GC(22)   StringDedup Requests0 Weak     Min:  0.0, Avg:  0.0, Max:  0.0, Diff:  0.0, Sum:  0.0, Workers: 4
[158.340s][debug][gc,phases      ] GC(22)     Dead                           Min: 0, Avg:  0.0, Max: 0, Diff: 0, Sum: 0, Workers: 4
[158.340s][debug][gc,phases      ] GC(22)     Total                          Min: 0, Avg:  0.0, Max: 0, Diff: 0, Sum: 0, Workers: 4
[158.340s][debug][gc,phases      ] GC(22)   StringDedup Requests1 Weak     Min:  0.0, Avg:  0.0, Max:  0.0, Diff:  0.0, Sum:  0.0, Workers: 4
[158.340s][debug][gc,phases      ] GC(22)     Dead                           Min: 0, Avg:  0.0, Max: 0, Diff: 0, Sum: 0, Workers: 4
[158.340s][debug][gc,phases      ] GC(22)     Total                          Min: 0, Avg:  0.0, Max: 0, Diff: 0, Sum: 0, Workers: 4
[158.340s][debug][gc,phases      ] GC(22)   Weak JFR Old Object Samples    Min:  0.0, Avg:  0.0, Max:  0.0, Diff:  0.0, Sum:  0.0, Workers: 4
[158.340s][debug][gc,phases      ] GC(22)     Dead                           Min: 0, Avg:  0.0, Max: 0, Diff: 0, Sum: 0, Workers: 4
[158.340s][debug][gc,phases      ] GC(22)     Total                          Min: 0, Avg:  0.0, Max: 0, Diff: 0, Sum: 0, Workers: 4
[158.340s][debug][gc,phases      ] GC(22) Weak Processing 0.413ms
[158.340s][debug][gc,age         ] GC(22) Desired survivor size 516423680 bytes, new threshold 2 (max threshold 15)
[158.340s][info ][gc,heap        ] GC(22) PSYoungGen: 1051200K(1572864K)->2560K(1592832K) Eden: 1048576K(1048576K)->0K(1068544K) From: 2624K(524288K)->2560K(524288K)
[158.340s][info ][gc,heap        ] GC(22) ParOldGen: 387052K(532992K)->387980K(532992K)
[158.340s][info ][gc,metaspace   ] GC(22) Metaspace: 79359K(80448K)->79359K(80448K) NonClass: 68010K(68608K)->68010K(68608K) Class: 11348K(11840K)->11348K(11840K)
[158.340s][info ][gc             ] GC(22) Pause Young (Allocation Failure) 1404M->381M(2076M) 8.600ms
[158.340s][info ][gc,cpu         ] GC(22) User=0.02s Sys=0.00s Real=0.01s
[158.340s][info ][safepoint      ] Safepoint "ParallelGCFailedAllocation", Time since last: 31811401 ns, Reaching safepoint: 113902 ns, At safepoint: 8680937 ns, Total: 8794839 ns
[159.341s][info ][safepoint      ] Safepoint "Cleanup", Time since last: 1000101551 ns, Reaching safepoint: 123201 ns, At safepoint: 7901 ns, Total: 131102 ns
[160.341s][info ][safepoint      ] Safepoint "Cleanup", Time since last: 1000129933 ns, Reaching safepoint: 133104 ns, At safepoint: 4100 ns, Total: 137204 ns
[162.341s][info ][safepoint      ] Safepoint "Cleanup", Time since last: 2000200817 ns, Reaching safepoint: 129204 ns, At safepoint: 6500 ns, Total: 135704 ns
[163.341s][info ][safepoint      ] Safepoint "Cleanup", Time since last: 1000122659 ns, Reaching safepoint: 103403 ns, At safepoint: 6400 ns, Total: 109803 ns
[164.342s][info ][safepoint      ] Safepoint "Cleanup", Time since last: 1000066358 ns, Reaching safepoint: 142304 ns, At safepoint: 5500 ns, Total: 147804 ns
[165.342s][info ][safepoint      ] Safepoint "Cleanup", Time since last: 1000126006 ns, Reaching safepoint: 128403 ns, At safepoint: 5501 ns, Total: 133904 ns
[166.342s][info ][safepoint      ] Safepoint "Cleanup", Time since last: 1000124171 ns, Reaching safepoint: 124904 ns, At safepoint: 5400 ns, Total: 130304 ns
[169.343s][info ][safepoint      ] Safepoint "Cleanup", Time since last: 3000356515 ns, Reaching safepoint: 116203 ns, At safepoint: 5300 ns, Total: 121503 ns
[173.343s][info ][safepoint      ] Safepoint "Cleanup", Time since last: 4000347602 ns, Reaching safepoint: 117703 ns, At safepoint: 6200 ns, Total: 123903 ns
[174.343s][info ][safepoint      ] Safepoint "Cleanup", Time since last: 1000130271 ns, Reaching safepoint: 123004 ns, At safepoint: 7900 ns, Total: 130904 ns
[175.344s][info ][safepoint      ] Safepoint "Cleanup", Time since last: 1000139171 ns, Reaching safepoint: 52902 ns, At safepoint: 3100 ns, Total: 56002 ns
[177.297s][info ][gc,start       ] GC(23) Pause Young (Allocation Failure)
[177.305s][debug][gc,phases      ] GC(23) Scavenge 8.186ms
[177.305s][debug][gc,ref         ] GC(23) Skipped phase 1 of Reference Processing: no references
[177.305s][debug][gc,ref         ] GC(23) ReferenceProcessor::execute queues: 1, RefProcThreadModel::Single, marks_oops_alive: false
[177.305s][debug][gc,ref         ] GC(23) Skipped phase 3 of Reference Processing: no references
[177.305s][debug][gc,ref         ] GC(23) ReferenceProcessor::execute queues: 1, RefProcThreadModel::Single, marks_oops_alive: false
[177.305s][debug][gc,phases      ] GC(23) Reference Processing 0.157ms
[177.306s][debug][gc,phases      ] GC(23)   VM Weak                        Min:  0.0, Avg:  0.0, Max:  0.0, Diff:  0.0, Sum:  0.0, Workers: 4
[177.306s][debug][gc,phases      ] GC(23)     Dead                           Min: 0, Avg:  0.0, Max: 0, Diff: 0, Sum: 0, Workers: 4
[177.306s][debug][gc,phases      ] GC(23)     Total                          Min: 0, Avg: 215.8, Max: 863, Diff: 863, Sum: 863, Workers: 4
[177.306s][debug][gc,phases      ] GC(23)   ObjectSynchronizer Weak        Min:  0.0, Avg:  0.0, Max:  0.0, Diff:  0.0, Sum:  0.0, Workers: 4
[177.306s][debug][gc,phases      ] GC(23)     Dead                           Min: 0, Avg:  0.0, Max: 0, Diff: 0, Sum: 0, Workers: 4
[177.306s][debug][gc,phases      ] GC(23)     Total                          Min: 0, Avg:  7.0, Max: 28, Diff: 28, Sum: 28, Workers: 4
[177.306s][debug][gc,phases      ] GC(23)   JVMTI Tag Weak OopStorage      Min:  0.0, Avg:  0.0, Max:  0.0, Diff:  0.0, Sum:  0.0, Workers: 4
[177.306s][debug][gc,phases      ] GC(23)     Dead                           Min: 0, Avg:  0.0, Max: 0, Diff: 0, Sum: 0, Workers: 4
[177.306s][debug][gc,phases      ] GC(23)     Total                          Min: 0, Avg:  0.0, Max: 0, Diff: 0, Sum: 0, Workers: 4
[177.306s][debug][gc,phases      ] GC(23)   StringTable Weak               Min:  0.0, Avg:  0.1, Max:  0.4, Diff:  0.4, Sum:  0.4, Workers: 4
[177.306s][debug][gc,phases      ] GC(23)     Dead                           Min: 0, Avg:  0.5, Max: 2, Diff: 2, Sum: 2, Workers: 4
[177.306s][debug][gc,phases      ] GC(23)     Total                          Min: 0, Avg: 10651.5, Max: 42606, Diff: 42606, Sum: 42606, Workers: 4
[177.306s][debug][gc,phases      ] GC(23)   ResolvedMethodTable Weak       Min:  0.0, Avg:  0.0, Max:  0.1, Diff:  0.1, Sum:  0.1, Workers: 4
[177.306s][debug][gc,phases      ] GC(23)     Dead                           Min: 0, Avg:  0.0, Max: 0, Diff: 0, Sum: 0, Workers: 4
[177.306s][debug][gc,phases      ] GC(23)     Total                          Min: 0, Avg: 2228.2, Max: 8913, Diff: 8913, Sum: 8913, Workers: 4
[177.306s][debug][gc,phases      ] GC(23)   JNI Weak                       Min:  0.0, Avg:  0.0, Max:  0.0, Diff:  0.0, Sum:  0.0, Workers: 4
[177.306s][debug][gc,phases      ] GC(23)     Dead                           Min: 0, Avg:  0.0, Max: 0, Diff: 0, Sum: 0, Workers: 4
[177.306s][debug][gc,phases      ] GC(23)     Total                          Min: 0, Avg: 11.2, Max: 45, Diff: 45, Sum: 45, Workers: 4
[177.306s][debug][gc,phases      ] GC(23)   StringDedup Table Weak         Min:  0.0, Avg:  0.0, Max:  0.0, Diff:  0.0, Sum:  0.0, Workers: 4
[177.306s][debug][gc,phases      ] GC(23)     Dead                           Min: 0, Avg:  0.0, Max: 0, Diff: 0, Sum: 0, Workers: 4
[177.306s][debug][gc,phases      ] GC(23)     Total                          Min: 0, Avg:  0.0, Max: 0, Diff: 0, Sum: 0, Workers: 4
[177.306s][debug][gc,phases      ] GC(23)   StringDedup Requests0 Weak     Min:  0.0, Avg:  0.0, Max:  0.0, Diff:  0.0, Sum:  0.0, Workers: 4
[177.306s][debug][gc,phases      ] GC(23)     Dead                           Min: 0, Avg:  0.0, Max: 0, Diff: 0, Sum: 0, Workers: 4
[177.306s][debug][gc,phases      ] GC(23)     Total                          Min: 0, Avg:  0.0, Max: 0, Diff: 0, Sum: 0, Workers: 4
[177.306s][debug][gc,phases      ] GC(23)   StringDedup Requests1 Weak     Min:  0.0, Avg:  0.0, Max:  0.0, Diff:  0.0, Sum:  0.0, Workers: 4
[177.306s][debug][gc,phases      ] GC(23)     Dead                           Min: 0, Avg:  0.0, Max: 0, Diff: 0, Sum: 0, Workers: 4
[177.306s][debug][gc,phases      ] GC(23)     Total                          Min: 0, Avg:  0.0, Max: 0, Diff: 0, Sum: 0, Workers: 4
[177.306s][debug][gc,phases      ] GC(23)   Weak JFR Old Object Samples    Min:  0.0, Avg:  0.0, Max:  0.0, Diff:  0.0, Sum:  0.0, Workers: 4
[177.306s][debug][gc,phases      ] GC(23)     Dead                           Min: 0, Avg:  0.0, Max: 0, Diff: 0, Sum: 0, Workers: 4
[177.306s][debug][gc,phases      ] GC(23)     Total                          Min: 0, Avg:  0.0, Max: 0, Diff: 0, Sum: 0, Workers: 4
[177.306s][debug][gc,phases      ] GC(23) Weak Processing 0.666ms
[177.306s][debug][gc,age         ] GC(23) Desired survivor size 492306432 bytes, new threshold 3 (max threshold 15)
[177.306s][info ][gc,heap        ] GC(23) PSYoungGen: 1071104K(1592832K)->3296K(1572864K) Eden: 1068544K(1068544K)->0K(1068544K) From: 2560K(524288K)->3296K(504320K)
[177.306s][info ][gc,heap        ] GC(23) ParOldGen: 387980K(532992K)->387988K(532992K)
[177.306s][info ][gc,metaspace   ] GC(23) Metaspace: 79440K(80512K)->79440K(80512K) NonClass: 68083K(68672K)->68083K(68672K) Class: 11356K(11840K)->11356K(11840K)
[177.306s][info ][gc             ] GC(23) Pause Young (Allocation Failure) 1424M->382M(2056M) 9.180ms
[177.306s][info ][gc,cpu         ] GC(23) User=0.01s Sys=0.00s Real=0.01s
[177.306s][info ][safepoint      ] Safepoint "ParallelGCFailedAllocation", Time since last: 1953353249 ns, Reaching safepoint: 71402 ns, At safepoint: 9272156 ns, Total: 9343558 ns
[178.306s][info ][safepoint      ] Safepoint "Cleanup", Time since last: 1000101170 ns, Reaching safepoint: 95603 ns, At safepoint: 3900 ns, Total: 99503 ns
[179.307s][info ][safepoint      ] Safepoint "Cleanup", Time since last: 1000623585 ns, Reaching safepoint: 55701 ns, At safepoint: 3000 ns, Total: 58701 ns
[180.307s][info ][safepoint      ] Safepoint "Cleanup", Time since last: 1000128371 ns, Reaching safepoint: 127404 ns, At safepoint: 8700 ns, Total: 136104 ns
[181.308s][info ][safepoint      ] Safepoint "Cleanup", Time since last: 1000116846 ns, Reaching safepoint: 67402 ns, At safepoint: 2900 ns, Total: 70302 ns
[182.308s][info ][safepoint      ] Safepoint "Cleanup", Time since last: 1000131073 ns, Reaching safepoint: 60902 ns, At safepoint: 2500 ns, Total: 63402 ns
[183.308s][info ][safepoint      ] Safepoint "Cleanup", Time since last: 1000136073 ns, Reaching safepoint: 56301 ns, At safepoint: 6300 ns, Total: 62601 ns
[184.308s][info ][safepoint      ] Safepoint "Cleanup", Time since last: 1000118173 ns, Reaching safepoint: 135303 ns, At safepoint: 6501 ns, Total: 141804 ns
[185.308s][info ][safepoint      ] Safepoint "Cleanup", Time since last: 1000121072 ns, Reaching safepoint: 73102 ns, At safepoint: 2700 ns, Total: 75802 ns
[186.309s][info ][safepoint      ] Safepoint "Cleanup", Time since last: 1000132973 ns, Reaching safepoint: 46301 ns, At safepoint: 2900 ns, Total: 49201 ns
[187.309s][info ][safepoint      ] Safepoint "Cleanup", Time since last: 1000125673 ns, Reaching safepoint: 167305 ns, At safepoint: 11600 ns, Total: 178905 ns
[188.309s][info ][safepoint      ] Safepoint "Cleanup", Time since last: 1000132973 ns, Reaching safepoint: 210205 ns, At safepoint: 10000 ns, Total: 220205 ns
[189.309s][info ][safepoint      ] Safepoint "Cleanup", Time since last: 1000136005 ns, Reaching safepoint: 102003 ns, At safepoint: 8700 ns, Total: 110703 ns
[190.818s][info ][safepoint      ] Safepoint "Cleanup", Time since last: 1508812640 ns, Reaching safepoint: 102802 ns, At safepoint: 3300 ns, Total: 106102 ns
[191.819s][info ][safepoint      ] Safepoint "Cleanup", Time since last: 1000123538 ns, Reaching safepoint: 46301 ns, At safepoint: 3500 ns, Total: 49801 ns
[192.819s][info ][safepoint      ] Safepoint "Cleanup", Time since last: 1000124837 ns, Reaching safepoint: 79102 ns, At safepoint: 4200 ns, Total: 83302 ns
[193.819s][info ][safepoint      ] Safepoint "Cleanup", Time since last: 1000128338 ns, Reaching safepoint: 41401 ns, At safepoint: 2800 ns, Total: 44201 ns
[194.819s][info ][safepoint      ] Safepoint "Cleanup", Time since last: 1000376544 ns, Reaching safepoint: 56401 ns, At safepoint: 9800 ns, Total: 66201 ns
[195.820s][info ][safepoint      ] Safepoint "Cleanup", Time since last: 1000127638 ns, Reaching safepoint: 71402 ns, At safepoint: 6500 ns, Total: 77902 ns
[196.020s][info ][gc,start       ] GC(24) Pause Young (Allocation Failure)
[196.027s][debug][gc,phases      ] GC(24) Scavenge 6.859ms
[196.027s][debug][gc,ref         ] GC(24) Skipped phase 1 of Reference Processing: no references
[196.027s][debug][gc,ref         ] GC(24) ReferenceProcessor::execute queues: 1, RefProcThreadModel::Single, marks_oops_alive: false
[196.027s][debug][gc,ref         ] GC(24) Skipped phase 3 of Reference Processing: no references
[196.027s][debug][gc,ref         ] GC(24) ReferenceProcessor::execute queues: 1, RefProcThreadModel::Single, marks_oops_alive: false
[196.027s][debug][gc,phases      ] GC(24) Reference Processing 0.137ms
[196.027s][debug][gc,phases      ] GC(24)   VM Weak                        Min:  0.0, Avg:  0.0, Max:  0.0, Diff:  0.0, Sum:  0.0, Workers: 4
[196.027s][debug][gc,phases      ] GC(24)     Dead                           Min: 0, Avg:  0.0, Max: 0, Diff: 0, Sum: 0, Workers: 4
[196.027s][debug][gc,phases      ] GC(24)     Total                          Min: 0, Avg: 216.2, Max: 481, Diff: 481, Sum: 865, Workers: 4
[196.027s][debug][gc,phases      ] GC(24)   ObjectSynchronizer Weak        Min:  0.0, Avg:  0.0, Max:  0.0, Diff:  0.0, Sum:  0.0, Workers: 4
[196.027s][debug][gc,phases      ] GC(24)     Dead                           Min: 0, Avg:  0.0, Max: 0, Diff: 0, Sum: 0, Workers: 4
[196.027s][debug][gc,phases      ] GC(24)     Total                          Min: 0, Avg:  7.0, Max: 28, Diff: 28, Sum: 28, Workers: 4
[196.027s][debug][gc,phases      ] GC(24)   JVMTI Tag Weak OopStorage      Min:  0.0, Avg:  0.0, Max:  0.0, Diff:  0.0, Sum:  0.0, Workers: 4
[196.027s][debug][gc,phases      ] GC(24)     Dead                           Min: 0, Avg:  0.0, Max: 0, Diff: 0, Sum: 0, Workers: 4
[196.027s][debug][gc,phases      ] GC(24)     Total                          Min: 0, Avg:  0.0, Max: 0, Diff: 0, Sum: 0, Workers: 4
[196.027s][debug][gc,phases      ] GC(24)   StringTable Weak               Min:  0.0, Avg:  0.1, Max:  0.2, Diff:  0.2, Sum:  0.4, Workers: 4
[196.027s][debug][gc,phases      ] GC(24)     Dead                           Min: 0, Avg:  0.5, Max: 2, Diff: 2, Sum: 2, Workers: 4
[196.027s][debug][gc,phases      ] GC(24)     Total                          Min: 0, Avg: 10668.5, Max: 21939, Diff: 21939, Sum: 42674, Workers: 4
[196.027s][debug][gc,phases      ] GC(24)   ResolvedMethodTable Weak       Min:  0.0, Avg:  0.0, Max:  0.0, Diff:  0.0, Sum:  0.1, Workers: 4
[196.027s][debug][gc,phases      ] GC(24)     Dead                           Min: 0, Avg:  0.0, Max: 0, Diff: 0, Sum: 0, Workers: 4
[196.027s][debug][gc,phases      ] GC(24)     Total                          Min: 0, Avg: 2233.8, Max: 4519, Diff: 4519, Sum: 8935, Workers: 4
[196.027s][debug][gc,phases      ] GC(24)   JNI Weak                       Min:  0.0, Avg:  0.0, Max:  0.0, Diff:  0.0, Sum:  0.0, Workers: 4
[196.027s][debug][gc,phases      ] GC(24)     Dead                           Min: 0, Avg:  0.0, Max: 0, Diff: 0, Sum: 0, Workers: 4
[196.027s][debug][gc,phases      ] GC(24)     Total                          Min: 0, Avg: 11.2, Max: 45, Diff: 45, Sum: 45, Workers: 4
[196.027s][debug][gc,phases      ] GC(24)   StringDedup Table Weak         Min:  0.0, Avg:  0.0, Max:  0.0, Diff:  0.0, Sum:  0.0, Workers: 4
[196.027s][debug][gc,phases      ] GC(24)     Dead                           Min: 0, Avg:  0.0, Max: 0, Diff: 0, Sum: 0, Workers: 4
[196.027s][debug][gc,phases      ] GC(24)     Total                          Min: 0, Avg:  0.0, Max: 0, Diff: 0, Sum: 0, Workers: 4
[196.027s][debug][gc,phases      ] GC(24)   StringDedup Requests0 Weak     Min:  0.0, Avg:  0.0, Max:  0.0, Diff:  0.0, Sum:  0.0, Workers: 4
[196.027s][debug][gc,phases      ] GC(24)     Dead                           Min: 0, Avg:  0.0, Max: 0, Diff: 0, Sum: 0, Workers: 4
[196.027s][debug][gc,phases      ] GC(24)     Total                          Min: 0, Avg:  0.0, Max: 0, Diff: 0, Sum: 0, Workers: 4
[196.027s][debug][gc,phases      ] GC(24)   StringDedup Requests1 Weak     Min:  0.0, Avg:  0.0, Max:  0.0, Diff:  0.0, Sum:  0.0, Workers: 4
[196.027s][debug][gc,phases      ] GC(24)     Dead                           Min: 0, Avg:  0.0, Max: 0, Diff: 0, Sum: 0, Workers: 4
[196.027s][debug][gc,phases      ] GC(24)     Total                          Min: 0, Avg:  0.0, Max: 0, Diff: 0, Sum: 0, Workers: 4
[196.027s][debug][gc,phases      ] GC(24)   Weak JFR Old Object Samples    Min:  0.0, Avg:  0.0, Max:  0.0, Diff:  0.0, Sum:  0.0, Workers: 4
[196.027s][debug][gc,phases      ] GC(24)     Dead                           Min: 0, Avg:  0.0, Max: 0, Diff: 0, Sum: 0, Workers: 4
[196.027s][debug][gc,phases      ] GC(24)     Total                          Min: 0, Avg:  0.0, Max: 0, Diff: 0, Sum: 0, Workers: 4
[196.027s][debug][gc,phases      ] GC(24) Weak Processing 0.455ms
[196.027s][debug][gc,age         ] GC(24) Desired survivor size 468189184 bytes, new threshold 4 (max threshold 15)
[196.027s][info ][gc,heap        ] GC(24) PSYoungGen: 1071840K(1572864K)->4322K(1639936K) Eden: 1068544K(1068544K)->0K(1159168K) From: 3296K(504320K)->4322K(480768K)
[196.027s][info ][gc,heap        ] GC(24) ParOldGen: 387988K(532992K)->387996K(532992K)
[196.027s][info ][gc,metaspace   ] GC(24) Metaspace: 79556K(80640K)->79556K(80640K) NonClass: 68187K(68800K)->68187K(68800K) Class: 11369K(11840K)->11369K(11840K)
[196.027s][info ][gc             ] GC(24) Pause Young (Allocation Failure) 1425M->383M(2122M) 7.600ms
[196.027s][info ][gc,cpu         ] GC(24) User=0.02s Sys=0.00s Real=0.00s
[196.027s][info ][safepoint      ] Safepoint "ParallelGCFailedAllocation", Time since last: 199881623 ns, Reaching safepoint: 155905 ns, At safepoint: 7677108 ns, Total: 7833013 ns
[197.028s][info ][safepoint      ] Safepoint "Cleanup", Time since last: 1000095367 ns, Reaching safepoint: 89702 ns, At safepoint: 7100 ns, Total: 96802 ns
[198.028s][info ][safepoint      ] Safepoint "Cleanup", Time since last: 1000124264 ns, Reaching safepoint: 68402 ns, At safepoint: 3100 ns, Total: 71502 ns
[199.028s][info ][safepoint      ] Safepoint "Cleanup", Time since last: 1000101164 ns, Reaching safepoint: 75702 ns, At safepoint: 3100 ns, Total: 78802 ns
[200.028s][info ][safepoint      ] Safepoint "Cleanup", Time since last: 1000150665 ns, Reaching safepoint: 66801 ns, At safepoint: 3600 ns, Total: 70401 ns
[204.029s][info ][safepoint      ] Safepoint "Cleanup", Time since last: 4000332374 ns, Reaching safepoint: 114803 ns, At safepoint: 7600 ns, Total: 122403 ns
[205.031s][info ][safepoint      ] Safepoint "Cleanup", Time since last: 1001799410 ns, Reaching safepoint: 335109 ns, At safepoint: 4401 ns, Total: 339510 ns
[206.031s][info ][safepoint      ] Safepoint "Cleanup", Time since last: 1000132925 ns, Reaching safepoint: 136503 ns, At safepoint: 10200 ns, Total: 146703 ns
[207.031s][info ][safepoint      ] Safepoint "Cleanup", Time since last: 1000137026 ns, Reaching safepoint: 123403 ns, At safepoint: 5000 ns, Total: 128403 ns
[208.032s][info ][safepoint      ] Safepoint "Cleanup", Time since last: 1000138925 ns, Reaching safepoint: 134704 ns, At safepoint: 9400 ns, Total: 144104 ns
[210.032s][info ][safepoint      ] Safepoint "Cleanup", Time since last: 2000367853 ns, Reaching safepoint: 131603 ns, At safepoint: 9601 ns, Total: 141204 ns
[211.032s][info ][safepoint      ] Safepoint "Cleanup", Time since last: 1000138525 ns, Reaching safepoint: 139204 ns, At safepoint: 6000 ns, Total: 145204 ns
[212.033s][info ][safepoint      ] Safepoint "Cleanup", Time since last: 1000129125 ns, Reaching safepoint: 146204 ns, At safepoint: 8100 ns, Total: 154304 ns
[214.034s][info ][safepoint      ] Safepoint "Cleanup", Time since last: 2000933348 ns, Reaching safepoint: 130903 ns, At safepoint: 12400 ns, Total: 143303 ns
[214.999s][info ][gc,start       ] GC(25) Pause Young (Allocation Failure)
[215.010s][debug][gc,phases      ] GC(25) Scavenge 11.746ms
[215.010s][debug][gc,ref         ] GC(25) Skipped phase 1 of Reference Processing: no references
[215.011s][debug][gc,ref         ] GC(25) ReferenceProcessor::execute queues: 1, RefProcThreadModel::Single, marks_oops_alive: false
[215.011s][debug][gc,ref         ] GC(25) Skipped phase 3 of Reference Processing: no references
[215.011s][debug][gc,ref         ] GC(25) ReferenceProcessor::execute queues: 1, RefProcThreadModel::Single, marks_oops_alive: false
[215.011s][debug][gc,phases      ] GC(25) Reference Processing 0.136ms
[215.011s][debug][gc,phases      ] GC(25)   VM Weak                        Min:  0.0, Avg:  0.0, Max:  0.0, Diff:  0.0, Sum:  0.0, Workers: 4
[215.011s][debug][gc,phases      ] GC(25)     Dead                           Min: 0, Avg:  0.0, Max: 0, Diff: 0, Sum: 0, Workers: 4
[215.011s][debug][gc,phases      ] GC(25)     Total                          Min: 0, Avg: 216.2, Max: 673, Diff: 673, Sum: 865, Workers: 4
[215.011s][debug][gc,phases      ] GC(25)   ObjectSynchronizer Weak        Min:  0.0, Avg:  0.0, Max:  0.0, Diff:  0.0, Sum:  0.0, Workers: 4
[215.011s][debug][gc,phases      ] GC(25)     Dead                           Min: 0, Avg:  0.0, Max: 0, Diff: 0, Sum: 0, Workers: 4
[215.011s][debug][gc,phases      ] GC(25)     Total                          Min: 0, Avg:  7.0, Max: 28, Diff: 28, Sum: 28, Workers: 4
[215.011s][debug][gc,phases      ] GC(25)   JVMTI Tag Weak OopStorage      Min:  0.0, Avg:  0.0, Max:  0.0, Diff:  0.0, Sum:  0.0, Workers: 4
[215.011s][debug][gc,phases      ] GC(25)     Dead                           Min: 0, Avg:  0.0, Max: 0, Diff: 0, Sum: 0, Workers: 4
[215.011s][debug][gc,phases      ] GC(25)     Total                          Min: 0, Avg:  0.0, Max: 0, Diff: 0, Sum: 0, Workers: 4
[215.011s][debug][gc,phases      ] GC(25)   StringTable Weak               Min:  0.0, Avg:  0.1, Max:  0.1, Diff:  0.1, Sum:  0.4, Workers: 4
[215.011s][debug][gc,phases      ] GC(25)     Dead                           Min: 0, Avg:  0.2, Max: 1, Diff: 1, Sum: 1, Workers: 4
[215.011s][debug][gc,phases      ] GC(25)     Total                          Min: 0, Avg: 10672.0, Max: 14720, Diff: 14720, Sum: 42688, Workers: 4
[215.011s][debug][gc,phases      ] GC(25)   ResolvedMethodTable Weak       Min:  0.0, Avg:  0.0, Max:  0.0, Diff:  0.0, Sum:  0.1, Workers: 4
[215.011s][debug][gc,phases      ] GC(25)     Dead                           Min: 0, Avg:  0.0, Max: 0, Diff: 0, Sum: 0, Workers: 4
[215.011s][debug][gc,phases      ] GC(25)     Total                          Min: 0, Avg: 2234.5, Max: 3264, Diff: 3264, Sum: 8938, Workers: 4
[215.011s][debug][gc,phases      ] GC(25)   JNI Weak                       Min:  0.0, Avg:  0.0, Max:  0.0, Diff:  0.0, Sum:  0.0, Workers: 4
[215.011s][debug][gc,phases      ] GC(25)     Dead                           Min: 0, Avg:  0.0, Max: 0, Diff: 0, Sum: 0, Workers: 4
[215.011s][debug][gc,phases      ] GC(25)     Total                          Min: 0, Avg: 11.2, Max: 45, Diff: 45, Sum: 45, Workers: 4
[215.011s][debug][gc,phases      ] GC(25)   StringDedup Table Weak         Min:  0.0, Avg:  0.0, Max:  0.0, Diff:  0.0, Sum:  0.0, Workers: 4
[215.011s][debug][gc,phases      ] GC(25)     Dead                           Min: 0, Avg:  0.0, Max: 0, Diff: 0, Sum: 0, Workers: 4
[215.011s][debug][gc,phases      ] GC(25)     Total                          Min: 0, Avg:  0.0, Max: 0, Diff: 0, Sum: 0, Workers: 4
[215.011s][debug][gc,phases      ] GC(25)   StringDedup Requests0 Weak     Min:  0.0, Avg:  0.0, Max:  0.0, Diff:  0.0, Sum:  0.0, Workers: 4
[215.011s][debug][gc,phases      ] GC(25)     Dead                           Min: 0, Avg:  0.0, Max: 0, Diff: 0, Sum: 0, Workers: 4
[215.011s][debug][gc,phases      ] GC(25)     Total                          Min: 0, Avg:  0.0, Max: 0, Diff: 0, Sum: 0, Workers: 4
[215.011s][debug][gc,phases      ] GC(25)   StringDedup Requests1 Weak     Min:  0.0, Avg:  0.0, Max:  0.0, Diff:  0.0, Sum:  0.0, Workers: 4
[215.011s][debug][gc,phases      ] GC(25)     Dead                           Min: 0, Avg:  0.0, Max: 0, Diff: 0, Sum: 0, Workers: 4
[215.011s][debug][gc,phases      ] GC(25)     Total                          Min: 0, Avg:  0.0, Max: 0, Diff: 0, Sum: 0, Workers: 4
[215.011s][debug][gc,phases      ] GC(25)   Weak JFR Old Object Samples    Min:  0.0, Avg:  0.0, Max:  0.0, Diff:  0.0, Sum:  0.0, Workers: 4
[215.011s][debug][gc,phases      ] GC(25)     Dead                           Min: 0, Avg:  0.0, Max: 0, Diff: 0, Sum: 0, Workers: 4
[215.011s][debug][gc,phases      ] GC(25)     Total                          Min: 0, Avg:  0.0, Max: 0, Diff: 0, Sum: 0, Workers: 4
[215.011s][debug][gc,phases      ] GC(25) Weak Processing 0.406ms
[215.011s][debug][gc,age         ] GC(25) Desired survivor size 443547648 bytes, new threshold 5 (max threshold 15)
[215.011s][info ][gc,heap        ] GC(25) PSYoungGen: 1163490K(1639936K)->4320K(1616384K) Eden: 1159168K(1159168K)->0K(1159168K) From: 4322K(480768K)->4320K(457216K)
[215.011s][info ][gc,heap        ] GC(25) ParOldGen: 387996K(532992K)->387996K(532992K)
[215.011s][info ][gc,metaspace   ] GC(25) Metaspace: 79580K(80640K)->79580K(80640K) NonClass: 68209K(68800K)->68209K(68800K) Class: 11370K(11840K)->11370K(11840K)
[215.011s][info ][gc             ] GC(25) Pause Young (Allocation Failure) 1515M->383M(2099M) 12.486ms
[215.011s][info ][gc,cpu         ] GC(25) User=0.01s Sys=0.00s Real=0.01s
[215.011s][info ][safepoint      ] Safepoint "ParallelGCFailedAllocation", Time since last: 964749213 ns, Reaching safepoint: 62301 ns, At safepoint: 12575924 ns, Total: 12638225 ns
[216.011s][info ][safepoint      ] Safepoint "Cleanup", Time since last: 1000094721 ns, Reaching safepoint: 50001 ns, At safepoint: 6500 ns, Total: 56501 ns
[217.011s][info ][safepoint      ] Safepoint "Cleanup", Time since last: 1000121723 ns, Reaching safepoint: 72501 ns, At safepoint: 8601 ns, Total: 81102 ns
[218.012s][info ][safepoint      ] Safepoint "Cleanup", Time since last: 1000135822 ns, Reaching safepoint: 62102 ns, At safepoint: 7900 ns, Total: 70002 ns
[219.012s][info ][safepoint      ] Safepoint "Cleanup", Time since last: 1000134222 ns, Reaching safepoint: 58702 ns, At safepoint: 2700 ns, Total: 61402 ns
[220.012s][info ][safepoint      ] Safepoint "Cleanup", Time since last: 1000169723 ns, Reaching safepoint: 55402 ns, At safepoint: 2900 ns, Total: 58302 ns
[222.012s][info ][safepoint      ] Safepoint "Cleanup", Time since last: 2000160800 ns, Reaching safepoint: 66601 ns, At safepoint: 3800 ns, Total: 70401 ns
[223.013s][info ][safepoint      ] Safepoint "Cleanup", Time since last: 1000137325 ns, Reaching safepoint: 122603 ns, At safepoint: 6200 ns, Total: 128803 ns
[226.013s][info ][safepoint      ] Safepoint "Cleanup", Time since last: 3000263569 ns, Reaching safepoint: 57701 ns, At safepoint: 3400 ns, Total: 61101 ns
[227.013s][info ][safepoint      ] Safepoint "Cleanup", Time since last: 1000120624 ns, Reaching safepoint: 60802 ns, At safepoint: 3900 ns, Total: 64702 ns
[228.013s][info ][safepoint      ] Safepoint "Cleanup", Time since last: 1000113423 ns, Reaching safepoint: 86702 ns, At safepoint: 4201 ns, Total: 90903 ns
[230.014s][info ][safepoint      ] Safepoint "Cleanup", Time since last: 2000221887 ns, Reaching safepoint: 60102 ns, At safepoint: 6900 ns, Total: 67002 ns
[231.014s][info ][safepoint      ] Safepoint "Cleanup", Time since last: 1000145903 ns, Reaching safepoint: 55001 ns, At safepoint: 2700 ns, Total: 57701 ns
[233.014s][info ][safepoint      ] Safepoint "Cleanup", Time since last: 2000193204 ns, Reaching safepoint: 59601 ns, At safepoint: 5400 ns, Total: 65001 ns
[233.442s][info ][gc,start       ] GC(26) Pause Young (Allocation Failure)
[233.455s][debug][gc,phases      ] GC(26) Scavenge 12.190ms
[233.455s][debug][gc,ref         ] GC(26) Skipped phase 1 of Reference Processing: no references
[233.455s][debug][gc,ref         ] GC(26) ReferenceProcessor::execute queues: 1, RefProcThreadModel::Single, marks_oops_alive: false
[233.455s][debug][gc,ref         ] GC(26) Skipped phase 3 of Reference Processing: no references
[233.455s][debug][gc,ref         ] GC(26) ReferenceProcessor::execute queues: 1, RefProcThreadModel::Single, marks_oops_alive: false
[233.455s][debug][gc,phases      ] GC(26) Reference Processing 0.145ms
[233.455s][debug][gc,phases      ] GC(26)   VM Weak                        Min:  0.0, Avg:  0.0, Max:  0.0, Diff:  0.0, Sum:  0.0, Workers: 4
[233.455s][debug][gc,phases      ] GC(26)     Dead                           Min: 0, Avg:  0.0, Max: 0, Diff: 0, Sum: 0, Workers: 4
[233.455s][debug][gc,phases      ] GC(26)     Total                          Min: 0, Avg: 216.2, Max: 801, Diff: 801, Sum: 865, Workers: 4
[233.455s][debug][gc,phases      ] GC(26)   ObjectSynchronizer Weak        Min:  0.0, Avg:  0.0, Max:  0.0, Diff:  0.0, Sum:  0.0, Workers: 4
[233.455s][debug][gc,phases      ] GC(26)     Dead                           Min: 0, Avg:  0.0, Max: 0, Diff: 0, Sum: 0, Workers: 4
[233.455s][debug][gc,phases      ] GC(26)     Total                          Min: 0, Avg:  7.0, Max: 28, Diff: 28, Sum: 28, Workers: 4
[233.455s][debug][gc,phases      ] GC(26)   JVMTI Tag Weak OopStorage      Min:  0.0, Avg:  0.0, Max:  0.0, Diff:  0.0, Sum:  0.0, Workers: 4
[233.455s][debug][gc,phases      ] GC(26)     Dead                           Min: 0, Avg:  0.0, Max: 0, Diff: 0, Sum: 0, Workers: 4
[233.455s][debug][gc,phases      ] GC(26)     Total                          Min: 0, Avg:  0.0, Max: 0, Diff: 0, Sum: 0, Workers: 4
[233.455s][debug][gc,phases      ] GC(26)   StringTable Weak               Min:  0.0, Avg:  0.1, Max:  0.2, Diff:  0.2, Sum:  0.4, Workers: 4
[233.455s][debug][gc,phases      ] GC(26)     Dead                           Min: 0, Avg:  0.0, Max: 0, Diff: 0, Sum: 0, Workers: 4
[233.455s][debug][gc,phases      ] GC(26)     Total                          Min: 0, Avg: 10676.5, Max: 21888, Diff: 21888, Sum: 42706, Workers: 4
[233.455s][debug][gc,phases      ] GC(26)   ResolvedMethodTable Weak       Min:  0.0, Avg:  0.0, Max:  0.0, Diff:  0.0, Sum:  0.1, Workers: 4
[233.455s][debug][gc,phases      ] GC(26)     Dead                           Min: 0, Avg:  0.0, Max: 0, Diff: 0, Sum: 0, Workers: 4
[233.455s][debug][gc,phases      ] GC(26)     Total                          Min: 0, Avg: 2238.0, Max: 4536, Diff: 4536, Sum: 8952, Workers: 4
[233.455s][debug][gc,phases      ] GC(26)   JNI Weak                       Min:  0.0, Avg:  0.0, Max:  0.0, Diff:  0.0, Sum:  0.0, Workers: 4
[233.455s][debug][gc,phases      ] GC(26)     Dead                           Min: 0, Avg:  0.0, Max: 0, Diff: 0, Sum: 0, Workers: 4
[233.455s][debug][gc,phases      ] GC(26)     Total                          Min: 0, Avg: 11.2, Max: 45, Diff: 45, Sum: 45, Workers: 4
[233.455s][debug][gc,phases      ] GC(26)   StringDedup Table Weak         Min:  0.0, Avg:  0.0, Max:  0.0, Diff:  0.0, Sum:  0.0, Workers: 4
[233.455s][debug][gc,phases      ] GC(26)     Dead                           Min: 0, Avg:  0.0, Max: 0, Diff: 0, Sum: 0, Workers: 4
[233.455s][debug][gc,phases      ] GC(26)     Total                          Min: 0, Avg:  0.0, Max: 0, Diff: 0, Sum: 0, Workers: 4
[233.455s][debug][gc,phases      ] GC(26)   StringDedup Requests0 Weak     Min:  0.0, Avg:  0.0, Max:  0.0, Diff:  0.0, Sum:  0.0, Workers: 4
[233.455s][debug][gc,phases      ] GC(26)     Dead                           Min: 0, Avg:  0.0, Max: 0, Diff: 0, Sum: 0, Workers: 4
[233.455s][debug][gc,phases      ] GC(26)     Total                          Min: 0, Avg:  0.0, Max: 0, Diff: 0, Sum: 0, Workers: 4
[233.455s][debug][gc,phases      ] GC(26)   StringDedup Requests1 Weak     Min:  0.0, Avg:  0.0, Max:  0.0, Diff:  0.0, Sum:  0.0, Workers: 4
[233.455s][debug][gc,phases      ] GC(26)     Dead                           Min: 0, Avg:  0.0, Max: 0, Diff: 0, Sum: 0, Workers: 4
[233.455s][debug][gc,phases      ] GC(26)     Total                          Min: 0, Avg:  0.0, Max: 0, Diff: 0, Sum: 0, Workers: 4
[233.455s][debug][gc,phases      ] GC(26)   Weak JFR Old Object Samples    Min:  0.0, Avg:  0.0, Max:  0.0, Diff:  0.0, Sum:  0.0, Workers: 4
[233.455s][debug][gc,phases      ] GC(26)     Dead                           Min: 0, Avg:  0.0, Max: 0, Diff: 0, Sum: 0, Workers: 4
[233.455s][debug][gc,phases      ] GC(26)     Total                          Min: 0, Avg:  0.0, Max: 0, Diff: 0, Sum: 0, Workers: 4
[233.455s][debug][gc,phases      ] GC(26) Weak Processing 0.444ms
[233.455s][debug][gc,age         ] GC(26) Desired survivor size 419430400 bytes, new threshold 6 (max threshold 15)
[233.455s][info ][gc,heap        ] GC(26) PSYoungGen: 1163488K(1616384K)->4768K(1687552K) Eden: 1159168K(1159168K)->0K(1254400K) From: 4320K(457216K)->4768K(433152K)
[233.455s][info ][gc,heap        ] GC(26) ParOldGen: 387996K(532992K)->388004K(532992K)
[233.455s][info ][gc,metaspace   ] GC(26) Metaspace: 79703K(80768K)->79703K(80768K) NonClass: 68318K(68928K)->68318K(68928K) Class: 11384K(11840K)->11384K(11840K)
[233.455s][info ][gc             ] GC(26) Pause Young (Allocation Failure) 1515M->383M(2168M) 12.960ms
[233.455s][info ][gc,cpu         ] GC(26) User=0.02s Sys=0.01s Real=0.01s
[233.455s][info ][safepoint      ] Safepoint "ParallelGCFailedAllocation", Time since last: 428170861 ns, Reaching safepoint: 60501 ns, At safepoint: 13040743 ns, Total: 13101244 ns
[235.092s][info ][safepoint      ] Safepoint "Cleanup", Time since last: 1636722745 ns, Reaching safepoint: 251906 ns, At safepoint: 8801 ns, Total: 260707 ns
[236.194s][info ][safepoint      ] Safepoint "Cleanup", Time since last: 1101927279 ns, Reaching safepoint: 69802 ns, At safepoint: 3200 ns, Total: 73002 ns
[237.194s][info ][safepoint      ] Safepoint "Cleanup", Time since last: 1000121864 ns, Reaching safepoint: 63102 ns, At safepoint: 2800 ns, Total: 65902 ns
[238.195s][info ][safepoint      ] Safepoint "Cleanup", Time since last: 1000121747 ns, Reaching safepoint: 106602 ns, At safepoint: 2801 ns, Total: 109403 ns
[239.195s][info ][safepoint      ] Safepoint "Cleanup", Time since last: 1000127947 ns, Reaching safepoint: 118703 ns, At safepoint: 7400 ns, Total: 126103 ns
[240.195s][info ][safepoint      ] Safepoint "Cleanup", Time since last: 1000127447 ns, Reaching safepoint: 136503 ns, At safepoint: 4200 ns, Total: 140703 ns
[241.195s][info ][safepoint      ] Safepoint "Cleanup", Time since last: 1000133048 ns, Reaching safepoint: 125503 ns, At safepoint: 6400 ns, Total: 131903 ns
[242.196s][info ][safepoint      ] Safepoint "Cleanup", Time since last: 1000121247 ns, Reaching safepoint: 55302 ns, At safepoint: 3200 ns, Total: 58502 ns
[243.196s][info ][safepoint      ] Safepoint "Cleanup", Time since last: 1000151834 ns, Reaching safepoint: 138103 ns, At safepoint: 3801 ns, Total: 141904 ns
[244.196s][info ][safepoint      ] Safepoint "Cleanup", Time since last: 1000120310 ns, Reaching safepoint: 50701 ns, At safepoint: 2600 ns, Total: 53301 ns
[245.196s][info ][safepoint      ] Safepoint "Cleanup", Time since last: 1000129027 ns, Reaching safepoint: 137703 ns, At safepoint: 6500 ns, Total: 144203 ns
[247.197s][info ][safepoint      ] Safepoint "Cleanup", Time since last: 2000162164 ns, Reaching safepoint: 44601 ns, At safepoint: 2701 ns, Total: 47302 ns
[249.197s][info ][safepoint      ] Safepoint "Cleanup", Time since last: 2000215565 ns, Reaching safepoint: 44401 ns, At safepoint: 3500 ns, Total: 47901 ns
[250.197s][info ][safepoint      ] Safepoint "Cleanup", Time since last: 1000151334 ns, Reaching safepoint: 136603 ns, At safepoint: 4401 ns, Total: 141004 ns
[251.197s][info ][safepoint      ] Safepoint "Cleanup", Time since last: 1000139333 ns, Reaching safepoint: 127803 ns, At safepoint: 6301 ns, Total: 134104 ns
[252.198s][info ][safepoint      ] Safepoint "Cleanup", Time since last: 1000126733 ns, Reaching safepoint: 76602 ns, At safepoint: 4200 ns, Total: 80802 ns
[253.198s][info ][safepoint      ] Safepoint "Cleanup", Time since last: 1000132792 ns, Reaching safepoint: 53502 ns, At safepoint: 2800 ns, Total: 56302 ns
[256.199s][info ][safepoint      ] Safepoint "Cleanup", Time since last: 3000518729 ns, Reaching safepoint: 782420 ns, At safepoint: 5200 ns, Total: 787620 ns
[256.731s][info ][gc,start       ] GC(27) Pause Young (Allocation Failure)
[256.737s][debug][gc,phases      ] GC(27) Scavenge 5.813ms
[256.737s][debug][gc,ref         ] GC(27) Skipped phase 1 of Reference Processing: no references
[256.737s][debug][gc,ref         ] GC(27) ReferenceProcessor::execute queues: 1, RefProcThreadModel::Single, marks_oops_alive: false
[256.737s][debug][gc,ref         ] GC(27) Skipped phase 3 of Reference Processing: no references
[256.737s][debug][gc,ref         ] GC(27) ReferenceProcessor::execute queues: 1, RefProcThreadModel::Single, marks_oops_alive: false
[256.737s][debug][gc,phases      ] GC(27) Reference Processing 0.116ms
[256.737s][debug][gc,phases      ] GC(27)   VM Weak                        Min:  0.0, Avg:  0.0, Max:  0.0, Diff:  0.0, Sum:  0.0, Workers: 4
[256.737s][debug][gc,phases      ] GC(27)     Dead                           Min: 0, Avg:  0.0, Max: 0, Diff: 0, Sum: 0, Workers: 4
[256.737s][debug][gc,phases      ] GC(27)     Total                          Min: 0, Avg: 217.2, Max: 320, Diff: 320, Sum: 869, Workers: 4
[256.737s][debug][gc,phases      ] GC(27)   ObjectSynchronizer Weak        Min:  0.0, Avg:  0.0, Max:  0.0, Diff:  0.0, Sum:  0.0, Workers: 4
[256.737s][debug][gc,phases      ] GC(27)     Dead                           Min: 0, Avg:  0.0, Max: 0, Diff: 0, Sum: 0, Workers: 4
[256.737s][debug][gc,phases      ] GC(27)     Total                          Min: 0, Avg:  7.0, Max: 28, Diff: 28, Sum: 28, Workers: 4
[256.737s][debug][gc,phases      ] GC(27)   JVMTI Tag Weak OopStorage      Min:  0.0, Avg:  0.0, Max:  0.0, Diff:  0.0, Sum:  0.0, Workers: 4
[256.737s][debug][gc,phases      ] GC(27)     Dead                           Min: 0, Avg:  0.0, Max: 0, Diff: 0, Sum: 0, Workers: 4
[256.737s][debug][gc,phases      ] GC(27)     Total                          Min: 0, Avg:  0.0, Max: 0, Diff: 0, Sum: 0, Workers: 4
[256.737s][debug][gc,phases      ] GC(27)   StringTable Weak               Min:  0.0, Avg:  0.1, Max:  0.1, Diff:  0.1, Sum:  0.4, Workers: 4
[256.737s][debug][gc,phases      ] GC(27)     Dead                           Min: 0, Avg:  0.5, Max: 2, Diff: 2, Sum: 2, Workers: 4
[256.737s][debug][gc,phases      ] GC(27)     Total                          Min: 0, Avg: 10689.0, Max: 15360, Diff: 15360, Sum: 42756, Workers: 4
[256.737s][debug][gc,phases      ] GC(27)   ResolvedMethodTable Weak       Min:  0.0, Avg:  0.0, Max:  0.0, Diff:  0.0, Sum:  0.1, Workers: 4
[256.737s][debug][gc,phases      ] GC(27)     Dead                           Min: 0, Avg:  4.0, Max: 16, Diff: 16, Sum: 16, Workers: 4
[256.737s][debug][gc,phases      ] GC(27)     Total                          Min: 0, Avg: 2252.8, Max: 3187, Diff: 3187, Sum: 9011, Workers: 4
[256.737s][debug][gc,phases      ] GC(27)   JNI Weak                       Min:  0.0, Avg:  0.0, Max:  0.0, Diff:  0.0, Sum:  0.0, Workers: 4
[256.737s][debug][gc,phases      ] GC(27)     Dead                           Min: 0, Avg:  0.0, Max: 0, Diff: 0, Sum: 0, Workers: 4
[256.737s][debug][gc,phases      ] GC(27)     Total                          Min: 0, Avg: 11.2, Max: 45, Diff: 45, Sum: 45, Workers: 4
[256.737s][debug][gc,phases      ] GC(27)   StringDedup Table Weak         Min:  0.0, Avg:  0.0, Max:  0.0, Diff:  0.0, Sum:  0.0, Workers: 4
[256.737s][debug][gc,phases      ] GC(27)     Dead                           Min: 0, Avg:  0.0, Max: 0, Diff: 0, Sum: 0, Workers: 4
[256.737s][debug][gc,phases      ] GC(27)     Total                          Min: 0, Avg:  0.0, Max: 0, Diff: 0, Sum: 0, Workers: 4
[256.737s][debug][gc,phases      ] GC(27)   StringDedup Requests0 Weak     Min:  0.0, Avg:  0.0, Max:  0.0, Diff:  0.0, Sum:  0.0, Workers: 4
[256.737s][debug][gc,phases      ] GC(27)     Dead                           Min: 0, Avg:  0.0, Max: 0, Diff: 0, Sum: 0, Workers: 4
[256.737s][debug][gc,phases      ] GC(27)     Total                          Min: 0, Avg:  0.0, Max: 0, Diff: 0, Sum: 0, Workers: 4
[256.737s][debug][gc,phases      ] GC(27)   StringDedup Requests1 Weak     Min:  0.0, Avg:  0.0, Max:  0.0, Diff:  0.0, Sum:  0.0, Workers: 4
[256.737s][debug][gc,phases      ] GC(27)     Dead                           Min: 0, Avg:  0.0, Max: 0, Diff: 0, Sum: 0, Workers: 4
[256.737s][debug][gc,phases      ] GC(27)     Total                          Min: 0, Avg:  0.0, Max: 0, Diff: 0, Sum: 0, Workers: 4
[256.737s][debug][gc,phases      ] GC(27)   Weak JFR Old Object Samples    Min:  0.0, Avg:  0.0, Max:  0.0, Diff:  0.0, Sum:  0.0, Workers: 4
[256.737s][debug][gc,phases      ] GC(27)     Dead                           Min: 0, Avg:  0.0, Max: 0, Diff: 0, Sum: 0, Workers: 4
[256.737s][debug][gc,phases      ] GC(27)     Total                          Min: 0, Avg:  0.0, Max: 0, Diff: 0, Sum: 0, Workers: 4
[256.737s][debug][gc,phases      ] GC(27) Weak Processing 0.353ms
[256.737s][debug][gc,age         ] GC(27) Desired survivor size 395313152 bytes, new threshold 7 (max threshold 15)
[256.737s][info ][gc,heap        ] GC(27) PSYoungGen: 1259168K(1687552K)->4912K(1664000K) Eden: 1254400K(1254400K)->0K(1254400K) From: 4768K(433152K)->4912K(409600K)
[256.737s][info ][gc,heap        ] GC(27) ParOldGen: 388004K(532992K)->388012K(532992K)
[256.737s][info ][gc,metaspace   ] GC(27) Metaspace: 79942K(81024K)->79942K(81024K) NonClass: 68530K(69120K)->68530K(69120K) Class: 11411K(11904K)->11411K(11904K)
[256.737s][info ][gc             ] GC(27) Pause Young (Allocation Failure) 1608M->383M(2145M) 6.419ms
[256.737s][info ][gc,cpu         ] GC(27) User=0.02s Sys=0.00s Real=0.00s
[256.737s][info ][safepoint      ] Safepoint "ParallelGCFailedAllocation", Time since last: 531663762 ns, Reaching safepoint: 136403 ns, At safepoint: 6498670 ns, Total: 6635073 ns
[257.738s][info ][safepoint      ] Safepoint "Cleanup", Time since last: 1000107274 ns, Reaching safepoint: 123204 ns, At safepoint: 6300 ns, Total: 129504 ns
[258.738s][info ][safepoint      ] Safepoint "Cleanup", Time since last: 1000133975 ns, Reaching safepoint: 134304 ns, At safepoint: 4900 ns, Total: 139204 ns
[260.738s][info ][safepoint      ] Safepoint "Cleanup", Time since last: 2000212351 ns, Reaching safepoint: 120603 ns, At safepoint: 9700 ns, Total: 130303 ns
[263.740s][info ][safepoint      ] Safepoint "Cleanup", Time since last: 3001110506 ns, Reaching safepoint: 128603 ns, At safepoint: 4400 ns, Total: 133003 ns
[267.740s][info ][safepoint      ] Safepoint "Cleanup", Time since last: 4000368227 ns, Reaching safepoint: 152004 ns, At safepoint: 4800 ns, Total: 156804 ns
[268.740s][info ][safepoint      ] Safepoint "Cleanup", Time since last: 1000172382 ns, Reaching safepoint: 178105 ns, At safepoint: 6000 ns, Total: 184105 ns
[269.741s][info ][safepoint      ] Safepoint "Cleanup", Time since last: 1000153046 ns, Reaching safepoint: 131603 ns, At safepoint: 6900 ns, Total: 138503 ns
[270.741s][info ][safepoint      ] Safepoint "Cleanup", Time since last: 1000141246 ns, Reaching safepoint: 136304 ns, At safepoint: 6400 ns, Total: 142704 ns
[271.741s][info ][safepoint      ] Safepoint "Cleanup", Time since last: 1000149646 ns, Reaching safepoint: 151703 ns, At safepoint: 6401 ns, Total: 158104 ns
[272.742s][info ][safepoint      ] Safepoint "Cleanup", Time since last: 1000130945 ns, Reaching safepoint: 126003 ns, At safepoint: 5500 ns, Total: 131503 ns
[274.742s][info ][safepoint      ] Safepoint "Cleanup", Time since last: 2000201290 ns, Reaching safepoint: 131303 ns, At safepoint: 5900 ns, Total: 137203 ns
[275.742s][info ][safepoint      ] Safepoint "Cleanup", Time since last: 1000152546 ns, Reaching safepoint: 132303 ns, At safepoint: 4401 ns, Total: 136704 ns
[276.742s][info ][safepoint      ] Safepoint "Cleanup", Time since last: 1000162681 ns, Reaching safepoint: 142903 ns, At safepoint: 6300 ns, Total: 149203 ns
[277.533s][info ][gc,start       ] GC(28) Pause Young (Allocation Failure)
[277.553s][debug][gc,phases      ] GC(28) Scavenge 19.831ms
[277.553s][debug][gc,ref         ] GC(28) Skipped phase 1 of Reference Processing: no references
[277.553s][debug][gc,ref         ] GC(28) ReferenceProcessor::execute queues: 1, RefProcThreadModel::Single, marks_oops_alive: false
[277.553s][debug][gc,ref         ] GC(28) Skipped phase 3 of Reference Processing: no references
[277.553s][debug][gc,ref         ] GC(28) ReferenceProcessor::execute queues: 1, RefProcThreadModel::Single, marks_oops_alive: false
[277.553s][debug][gc,phases      ] GC(28) Reference Processing 0.151ms
[277.553s][debug][gc,phases      ] GC(28)   VM Weak                        Min:  0.0, Avg:  0.0, Max:  0.0, Diff:  0.0, Sum:  0.0, Workers: 4
[277.554s][debug][gc,phases      ] GC(28)     Dead                           Min: 0, Avg:  0.0, Max: 0, Diff: 0, Sum: 0, Workers: 4
[277.554s][debug][gc,phases      ] GC(28)     Total                          Min: 0, Avg: 217.2, Max: 869, Diff: 869, Sum: 869, Workers: 4
[277.554s][debug][gc,phases      ] GC(28)   ObjectSynchronizer Weak        Min:  0.0, Avg:  0.0, Max:  0.0, Diff:  0.0, Sum:  0.0, Workers: 4
[277.554s][debug][gc,phases      ] GC(28)     Dead                           Min: 0, Avg:  0.0, Max: 0, Diff: 0, Sum: 0, Workers: 4
[277.554s][debug][gc,phases      ] GC(28)     Total                          Min: 0, Avg:  7.0, Max: 28, Diff: 28, Sum: 28, Workers: 4
[277.554s][debug][gc,phases      ] GC(28)   JVMTI Tag Weak OopStorage      Min:  0.0, Avg:  0.0, Max:  0.0, Diff:  0.0, Sum:  0.0, Workers: 4
[277.554s][debug][gc,phases      ] GC(28)     Dead                           Min: 0, Avg:  0.0, Max: 0, Diff: 0, Sum: 0, Workers: 4
[277.554s][debug][gc,phases      ] GC(28)     Total                          Min: 0, Avg:  0.0, Max: 0, Diff: 0, Sum: 0, Workers: 4
[277.554s][debug][gc,phases      ] GC(28)   StringTable Weak               Min:  0.0, Avg:  0.1, Max:  0.4, Diff:  0.4, Sum:  0.4, Workers: 4
[277.554s][debug][gc,phases      ] GC(28)     Dead                           Min: 0, Avg:  0.0, Max: 0, Diff: 0, Sum: 0, Workers: 4
[277.554s][debug][gc,phases      ] GC(28)     Total                          Min: 0, Avg: 10689.8, Max: 42759, Diff: 42759, Sum: 42759, Workers: 4
[277.554s][debug][gc,phases      ] GC(28)   ResolvedMethodTable Weak       Min:  0.0, Avg:  0.0, Max:  0.1, Diff:  0.1, Sum:  0.1, Workers: 4
[277.554s][debug][gc,phases      ] GC(28)     Dead                           Min: 0, Avg:  0.0, Max: 0, Diff: 0, Sum: 0, Workers: 4
[277.554s][debug][gc,phases      ] GC(28)     Total                          Min: 0, Avg: 2252.8, Max: 9011, Diff: 9011, Sum: 9011, Workers: 4
[277.554s][debug][gc,phases      ] GC(28)   JNI Weak                       Min:  0.0, Avg:  0.0, Max:  0.0, Diff:  0.0, Sum:  0.0, Workers: 4
[277.554s][debug][gc,phases      ] GC(28)     Dead                           Min: 0, Avg:  0.0, Max: 0, Diff: 0, Sum: 0, Workers: 4
[277.554s][debug][gc,phases      ] GC(28)     Total                          Min: 0, Avg: 11.2, Max: 45, Diff: 45, Sum: 45, Workers: 4
[277.554s][debug][gc,phases      ] GC(28)   StringDedup Table Weak         Min:  0.0, Avg:  0.0, Max:  0.0, Diff:  0.0, Sum:  0.0, Workers: 4
[277.554s][debug][gc,phases      ] GC(28)     Dead                           Min: 0, Avg:  0.0, Max: 0, Diff: 0, Sum: 0, Workers: 4
[277.554s][debug][gc,phases      ] GC(28)     Total                          Min: 0, Avg:  0.0, Max: 0, Diff: 0, Sum: 0, Workers: 4
[277.554s][debug][gc,phases      ] GC(28)   StringDedup Requests0 Weak     Min:  0.0, Avg:  0.0, Max:  0.0, Diff:  0.0, Sum:  0.0, Workers: 4
[277.554s][debug][gc,phases      ] GC(28)     Dead                           Min: 0, Avg:  0.0, Max: 0, Diff: 0, Sum: 0, Workers: 4
[277.554s][debug][gc,phases      ] GC(28)     Total                          Min: 0, Avg:  0.0, Max: 0, Diff: 0, Sum: 0, Workers: 4
[277.554s][debug][gc,phases      ] GC(28)   StringDedup Requests1 Weak     Min:  0.0, Avg:  0.0, Max:  0.0, Diff:  0.0, Sum:  0.0, Workers: 4
[277.554s][debug][gc,phases      ] GC(28)     Dead                           Min: 0, Avg:  0.0, Max: 0, Diff: 0, Sum: 0, Workers: 4
[277.554s][debug][gc,phases      ] GC(28)     Total                          Min: 0, Avg:  0.0, Max: 0, Diff: 0, Sum: 0, Workers: 4
[277.554s][debug][gc,phases      ] GC(28)   Weak JFR Old Object Samples    Min:  0.0, Avg:  0.0, Max:  0.0, Diff:  0.0, Sum:  0.0, Workers: 4
[277.554s][debug][gc,phases      ] GC(28)     Dead                           Min: 0, Avg:  0.0, Max: 0, Diff: 0, Sum: 0, Workers: 4
[277.554s][debug][gc,phases      ] GC(28)     Total                          Min: 0, Avg:  0.0, Max: 0, Diff: 0, Sum: 0, Workers: 4
[277.554s][debug][gc,phases      ] GC(28) Weak Processing 0.730ms
[277.554s][debug][gc,age         ] GC(28) Desired survivor size 372768768 bytes, new threshold 8 (max threshold 15)
[277.554s][info ][gc,heap        ] GC(28) PSYoungGen: 1259312K(1664000K)->3984K(1733120K) Eden: 1254400K(1254400K)->0K(1347072K) From: 4912K(409600K)->3984K(386048K)
[277.554s][info ][gc,heap        ] GC(28) ParOldGen: 388012K(532992K)->388020K(532992K)
[277.554s][info ][gc,metaspace   ] GC(28) Metaspace: 79969K(81088K)->79969K(81088K) NonClass: 68557K(69184K)->68557K(69184K) Class: 11412K(11904K)->11412K(11904K)
[277.554s][info ][gc             ] GC(28) Pause Young (Allocation Failure) 1608M->382M(2213M) 20.882ms
[277.554s][info ][gc,cpu         ] GC(28) User=0.01s Sys=0.00s Real=0.02s
[277.554s][info ][safepoint      ] Safepoint "ParallelGCFailedAllocation", Time since last: 790221425 ns, Reaching safepoint: 121703 ns, At safepoint: 20974608 ns, Total: 21096311 ns
[278.554s][info ][safepoint      ] Safepoint "Cleanup", Time since last: 1000106504 ns, Reaching safepoint: 47101 ns, At safepoint: 2400 ns, Total: 49501 ns
[279.554s][info ][safepoint      ] Safepoint "Cleanup", Time since last: 1000151906 ns, Reaching safepoint: 70502 ns, At safepoint: 3400 ns, Total: 73902 ns
[280.554s][info ][safepoint      ] Safepoint "Cleanup", Time since last: 1000133405 ns, Reaching safepoint: 56602 ns, At safepoint: 3200 ns, Total: 59802 ns
[282.555s][info ][safepoint      ] Safepoint "Cleanup", Time since last: 2000190608 ns, Reaching safepoint: 130203 ns, At safepoint: 5901 ns, Total: 136104 ns
[284.555s][info ][safepoint      ] Safepoint "Cleanup", Time since last: 2000577397 ns, Reaching safepoint: 70202 ns, At safepoint: 7600 ns, Total: 77802 ns
[285.556s][info ][safepoint      ] Safepoint "Cleanup", Time since last: 1000115338 ns, Reaching safepoint: 164304 ns, At safepoint: 7701 ns, Total: 172005 ns
[286.556s][info ][safepoint      ] Safepoint "Cleanup", Time since last: 1000124738 ns, Reaching safepoint: 69802 ns, At safepoint: 2900 ns, Total: 72702 ns
[288.315s][info ][safepoint      ] Safepoint "Cleanup", Time since last: 1759265399 ns, Reaching safepoint: 105103 ns, At safepoint: 7800 ns, Total: 112903 ns
[289.320s][info ][safepoint      ] Safepoint "Cleanup", Time since last: 1004531152 ns, Reaching safepoint: 155804 ns, At safepoint: 11200 ns, Total: 167004 ns
[289.696s][info ][gc,start       ] GC(29) Pause Young (Allocation Failure)
[289.727s][debug][gc,phases      ] GC(29) Scavenge 31.625ms
[289.727s][debug][gc,ref         ] GC(29) Skipped phase 1 of Reference Processing: no references
[289.728s][debug][gc,ref         ] GC(29) ReferenceProcessor::execute queues: 1, RefProcThreadModel::Single, marks_oops_alive: false
[289.728s][debug][gc,ref         ] GC(29) Skipped phase 3 of Reference Processing: no references
[289.728s][debug][gc,ref         ] GC(29) ReferenceProcessor::execute queues: 1, RefProcThreadModel::Single, marks_oops_alive: false
[289.728s][debug][gc,phases      ] GC(29) Reference Processing 0.167ms
[289.728s][debug][gc,phases      ] GC(29)   VM Weak                        Min:  0.0, Avg:  0.0, Max:  0.0, Diff:  0.0, Sum:  0.0, Workers: 4
[289.728s][debug][gc,phases      ] GC(29)     Dead                           Min: 0, Avg:  0.0, Max: 0, Diff: 0, Sum: 0, Workers: 4
[289.728s][debug][gc,phases      ] GC(29)     Total                          Min: 0, Avg: 217.2, Max: 512, Diff: 512, Sum: 869, Workers: 4
[289.728s][debug][gc,phases      ] GC(29)   ObjectSynchronizer Weak        Min:  0.0, Avg:  0.0, Max:  0.0, Diff:  0.0, Sum:  0.0, Workers: 4
[289.728s][debug][gc,phases      ] GC(29)     Dead                           Min: 0, Avg:  0.0, Max: 0, Diff: 0, Sum: 0, Workers: 4
[289.728s][debug][gc,phases      ] GC(29)     Total                          Min: 0, Avg:  7.0, Max: 28, Diff: 28, Sum: 28, Workers: 4
[289.728s][debug][gc,phases      ] GC(29)   JVMTI Tag Weak OopStorage      Min:  0.0, Avg:  0.0, Max:  0.0, Diff:  0.0, Sum:  0.0, Workers: 4
[289.728s][debug][gc,phases      ] GC(29)     Dead                           Min: 0, Avg:  0.0, Max: 0, Diff: 0, Sum: 0, Workers: 4
[289.728s][debug][gc,phases      ] GC(29)     Total                          Min: 0, Avg:  0.0, Max: 0, Diff: 0, Sum: 0, Workers: 4
[289.728s][debug][gc,phases      ] GC(29)   StringTable Weak               Min:  0.0, Avg:  0.1, Max:  0.2, Diff:  0.2, Sum:  0.4, Workers: 4
[289.728s][debug][gc,phases      ] GC(29)     Dead                           Min: 0, Avg:  0.0, Max: 0, Diff: 0, Sum: 0, Workers: 4
[289.728s][debug][gc,phases      ] GC(29)     Total                          Min: 0, Avg: 10693.2, Max: 22016, Diff: 22016, Sum: 42773, Workers: 4
[289.728s][debug][gc,phases      ] GC(29)   ResolvedMethodTable Weak       Min:  0.0, Avg:  0.0, Max:  0.0, Diff:  0.0, Sum:  0.1, Workers: 4
[289.728s][debug][gc,phases      ] GC(29)     Dead                           Min: 0, Avg:  0.0, Max: 0, Diff: 0, Sum: 0, Workers: 4
[289.728s][debug][gc,phases      ] GC(29)     Total                          Min: 0, Avg: 2254.0, Max: 4544, Diff: 4544, Sum: 9016, Workers: 4
[289.728s][debug][gc,phases      ] GC(29)   JNI Weak                       Min:  0.0, Avg:  0.0, Max:  0.0, Diff:  0.0, Sum:  0.0, Workers: 4
[289.728s][debug][gc,phases      ] GC(29)     Dead                           Min: 0, Avg:  0.0, Max: 0, Diff: 0, Sum: 0, Workers: 4
[289.728s][debug][gc,phases      ] GC(29)     Total                          Min: 0, Avg: 11.2, Max: 45, Diff: 45, Sum: 45, Workers: 4
[289.728s][debug][gc,phases      ] GC(29)   StringDedup Table Weak         Min:  0.0, Avg:  0.0, Max:  0.0, Diff:  0.0, Sum:  0.0, Workers: 4
[289.728s][debug][gc,phases      ] GC(29)     Dead                           Min: 0, Avg:  0.0, Max: 0, Diff: 0, Sum: 0, Workers: 4
[289.728s][debug][gc,phases      ] GC(29)     Total                          Min: 0, Avg:  0.0, Max: 0, Diff: 0, Sum: 0, Workers: 4
[289.728s][debug][gc,phases      ] GC(29)   StringDedup Requests0 Weak     Min:  0.0, Avg:  0.0, Max:  0.0, Diff:  0.0, Sum:  0.0, Workers: 4
[289.728s][debug][gc,phases      ] GC(29)     Dead                           Min: 0, Avg:  0.0, Max: 0, Diff: 0, Sum: 0, Workers: 4
[289.728s][debug][gc,phases      ] GC(29)     Total                          Min: 0, Avg:  0.0, Max: 0, Diff: 0, Sum: 0, Workers: 4
[289.728s][debug][gc,phases      ] GC(29)   StringDedup Requests1 Weak     Min:  0.0, Avg:  0.0, Max:  0.0, Diff:  0.0, Sum:  0.0, Workers: 4
[289.728s][debug][gc,phases      ] GC(29)     Dead                           Min: 0, Avg:  0.0, Max: 0, Diff: 0, Sum: 0, Workers: 4
[289.728s][debug][gc,phases      ] GC(29)     Total                          Min: 0, Avg:  0.0, Max: 0, Diff: 0, Sum: 0, Workers: 4
[289.728s][debug][gc,phases      ] GC(29)   Weak JFR Old Object Samples    Min:  0.0, Avg:  0.0, Max:  0.0, Diff:  0.0, Sum:  0.0, Workers: 4
[289.728s][debug][gc,phases      ] GC(29)     Dead                           Min: 0, Avg:  0.0, Max: 0, Diff: 0, Sum: 0, Workers: 4
[289.728s][debug][gc,phases      ] GC(29)     Total                          Min: 0, Avg:  0.0, Max: 0, Diff: 0, Sum: 0, Workers: 4
[289.728s][debug][gc,phases      ] GC(29) Weak Processing 0.498ms
[289.728s][debug][gc,age         ] GC(29) Desired survivor size 341835776 bytes, new threshold 9 (max threshold 15)
[289.728s][info ][gc,heap        ] GC(29) PSYoungGen: 1351056K(1733120K)->51600K(1711104K) Eden: 1347072K(1347072K)->0K(1347072K) From: 3984K(386048K)->51600K(364032K)
[289.728s][info ][gc,heap        ] GC(29) ParOldGen: 388020K(532992K)->388028K(532992K)
[289.728s][info ][gc,metaspace   ] GC(29) Metaspace: 80043K(81152K)->80043K(81152K) NonClass: 68628K(69248K)->68628K(69248K) Class: 11415K(11904K)->11415K(11904K)
[289.728s][info ][gc             ] GC(29) Pause Young (Allocation Failure) 1698M->429M(2191M) 32.451ms
[289.728s][info ][gc,cpu         ] GC(29) User=0.08s Sys=0.00s Real=0.03s
[289.728s][info ][safepoint      ] Safepoint "ParallelGCFailedAllocation", Time since last: 375544827 ns, Reaching safepoint: 137404 ns, At safepoint: 32583635 ns, Total: 32721039 ns
[290.728s][info ][safepoint      ] Safepoint "Cleanup", Time since last: 1000089938 ns, Reaching safepoint: 74002 ns, At safepoint: 7300 ns, Total: 81302 ns
[291.729s][info ][safepoint      ] Safepoint "Cleanup", Time since last: 1000138239 ns, Reaching safepoint: 159804 ns, At safepoint: 6700 ns, Total: 166504 ns
[292.729s][info ][safepoint      ] Safepoint "Cleanup", Time since last: 1000125234 ns, Reaching safepoint: 153904 ns, At safepoint: 7800 ns, Total: 161704 ns
[293.729s][info ][safepoint      ] Safepoint "Cleanup", Time since last: 1000149014 ns, Reaching safepoint: 150004 ns, At safepoint: 5400 ns, Total: 155404 ns
[294.730s][info ][safepoint      ] Safepoint "Cleanup", Time since last: 1000131913 ns, Reaching safepoint: 137104 ns, At safepoint: 4000 ns, Total: 141104 ns
[295.730s][info ][safepoint      ] Safepoint "Cleanup", Time since last: 1000125213 ns, Reaching safepoint: 129003 ns, At safepoint: 5701 ns, Total: 134704 ns
[296.730s][info ][safepoint      ] Safepoint "Cleanup", Time since last: 1000142313 ns, Reaching safepoint: 129104 ns, At safepoint: 7400 ns, Total: 136504 ns
[297.730s][info ][safepoint      ] Safepoint "Cleanup", Time since last: 1000155714 ns, Reaching safepoint: 135204 ns, At safepoint: 7600 ns, Total: 142804 ns
[298.731s][info ][safepoint      ] Safepoint "Cleanup", Time since last: 1000136113 ns, Reaching safepoint: 126304 ns, At safepoint: 12100 ns, Total: 138404 ns
[299.731s][info ][safepoint      ] Safepoint "Cleanup", Time since last: 1000124913 ns, Reaching safepoint: 118903 ns, At safepoint: 11401 ns, Total: 130304 ns
[301.731s][info ][safepoint      ] Safepoint "Cleanup", Time since last: 2000228368 ns, Reaching safepoint: 132303 ns, At safepoint: 7601 ns, Total: 139904 ns
[302.732s][info ][safepoint      ] Safepoint "Cleanup", Time since last: 1000124894 ns, Reaching safepoint: 127303 ns, At safepoint: 7900 ns, Total: 135203 ns
[303.732s][info ][safepoint      ] Safepoint "Cleanup", Time since last: 1000129395 ns, Reaching safepoint: 137503 ns, At safepoint: 7801 ns, Total: 145304 ns
[304.283s][info ][gc,start       ] GC(30) Pause Young (Allocation Failure)
[304.313s][debug][gc,phases      ] GC(30) Scavenge 30.481ms
[304.314s][debug][gc,ref         ] GC(30) Skipped phase 1 of Reference Processing: no references
[304.314s][debug][gc,ref         ] GC(30) ReferenceProcessor::execute queues: 1, RefProcThreadModel::Single, marks_oops_alive: false
[304.314s][debug][gc,ref         ] GC(30) Skipped phase 3 of Reference Processing: no references
[304.314s][debug][gc,ref         ] GC(30) ReferenceProcessor::execute queues: 1, RefProcThreadModel::Single, marks_oops_alive: false
[304.314s][debug][gc,phases      ] GC(30) Reference Processing 0.149ms
[304.314s][debug][gc,phases      ] GC(30)   VM Weak                        Min:  0.0, Avg:  0.0, Max:  0.0, Diff:  0.0, Sum:  0.0, Workers: 4
[304.314s][debug][gc,phases      ] GC(30)     Dead                           Min: 0, Avg:  0.0, Max: 0, Diff: 0, Sum: 0, Workers: 4
[304.314s][debug][gc,phases      ] GC(30)     Total                          Min: 0, Avg: 217.8, Max: 871, Diff: 871, Sum: 871, Workers: 4
[304.314s][debug][gc,phases      ] GC(30)   ObjectSynchronizer Weak        Min:  0.0, Avg:  0.0, Max:  0.0, Diff:  0.0, Sum:  0.0, Workers: 4
[304.314s][debug][gc,phases      ] GC(30)     Dead                           Min: 0, Avg:  0.0, Max: 0, Diff: 0, Sum: 0, Workers: 4
[304.314s][debug][gc,phases      ] GC(30)     Total                          Min: 0, Avg:  7.0, Max: 28, Diff: 28, Sum: 28, Workers: 4
[304.314s][debug][gc,phases      ] GC(30)   JVMTI Tag Weak OopStorage      Min:  0.0, Avg:  0.0, Max:  0.0, Diff:  0.0, Sum:  0.0, Workers: 4
[304.314s][debug][gc,phases      ] GC(30)     Dead                           Min: 0, Avg:  0.0, Max: 0, Diff: 0, Sum: 0, Workers: 4
[304.314s][debug][gc,phases      ] GC(30)     Total                          Min: 0, Avg:  0.0, Max: 0, Diff: 0, Sum: 0, Workers: 4
[304.314s][debug][gc,phases      ] GC(30)   StringTable Weak               Min:  0.0, Avg:  0.1, Max:  0.4, Diff:  0.4, Sum:  0.4, Workers: 4
[304.314s][debug][gc,phases      ] GC(30)     Dead                           Min: 0, Avg:  0.0, Max: 0, Diff: 0, Sum: 0, Workers: 4
[304.314s][debug][gc,phases      ] GC(30)     Total                          Min: 0, Avg: 10697.5, Max: 42790, Diff: 42790, Sum: 42790, Workers: 4
[304.314s][debug][gc,phases      ] GC(30)   ResolvedMethodTable Weak       Min:  0.0, Avg:  0.0, Max:  0.1, Diff:  0.1, Sum:  0.1, Workers: 4
[304.314s][debug][gc,phases      ] GC(30)     Dead                           Min: 0, Avg:  0.0, Max: 0, Diff: 0, Sum: 0, Workers: 4
[304.314s][debug][gc,phases      ] GC(30)     Total                          Min: 0, Avg: 2257.0, Max: 9028, Diff: 9028, Sum: 9028, Workers: 4
[304.314s][debug][gc,phases      ] GC(30)   JNI Weak                       Min:  0.0, Avg:  0.0, Max:  0.0, Diff:  0.0, Sum:  0.0, Workers: 4
[304.314s][debug][gc,phases      ] GC(30)     Dead                           Min: 0, Avg:  0.0, Max: 0, Diff: 0, Sum: 0, Workers: 4
[304.314s][debug][gc,phases      ] GC(30)     Total                          Min: 0, Avg: 11.2, Max: 45, Diff: 45, Sum: 45, Workers: 4
[304.314s][debug][gc,phases      ] GC(30)   StringDedup Table Weak         Min:  0.0, Avg:  0.0, Max:  0.0, Diff:  0.0, Sum:  0.0, Workers: 4
[304.314s][debug][gc,phases      ] GC(30)     Dead                           Min: 0, Avg:  0.0, Max: 0, Diff: 0, Sum: 0, Workers: 4
[304.314s][debug][gc,phases      ] GC(30)     Total                          Min: 0, Avg:  0.0, Max: 0, Diff: 0, Sum: 0, Workers: 4
[304.314s][debug][gc,phases      ] GC(30)   StringDedup Requests0 Weak     Min:  0.0, Avg:  0.0, Max:  0.0, Diff:  0.0, Sum:  0.0, Workers: 4
[304.314s][debug][gc,phases      ] GC(30)     Dead                           Min: 0, Avg:  0.0, Max: 0, Diff: 0, Sum: 0, Workers: 4
[304.314s][debug][gc,phases      ] GC(30)     Total                          Min: 0, Avg:  0.0, Max: 0, Diff: 0, Sum: 0, Workers: 4
[304.314s][debug][gc,phases      ] GC(30)   StringDedup Requests1 Weak     Min:  0.0, Avg:  0.0, Max:  0.0, Diff:  0.0, Sum:  0.0, Workers: 4
[304.314s][debug][gc,phases      ] GC(30)     Dead                           Min: 0, Avg:  0.0, Max: 0, Diff: 0, Sum: 0, Workers: 4
[304.314s][debug][gc,phases      ] GC(30)     Total                          Min: 0, Avg:  0.0, Max: 0, Diff: 0, Sum: 0, Workers: 4
[304.314s][debug][gc,phases      ] GC(30)   Weak JFR Old Object Samples    Min:  0.0, Avg:  0.0, Max:  0.0, Diff:  0.0, Sum:  0.0, Workers: 4
[304.314s][debug][gc,phases      ] GC(30)     Dead                           Min: 0, Avg:  0.0, Max: 0, Diff: 0, Sum: 0, Workers: 4
[304.314s][debug][gc,phases      ] GC(30)     Total                          Min: 0, Avg:  0.0, Max: 0, Diff: 0, Sum: 0, Workers: 4
[304.314s][debug][gc,phases      ] GC(30) Weak Processing 0.744ms
[304.314s][debug][gc,age         ] GC(30) Desired survivor size 317718528 bytes, new threshold 10 (max threshold 15)
[304.314s][info ][gc,heap        ] GC(30) PSYoungGen: 1398672K(1711104K)->32416K(1786880K) Eden: 1347072K(1347072K)->0K(1453056K) From: 51600K(364032K)->32416K(333824K)
[304.314s][info ][gc,heap        ] GC(30) ParOldGen: 388028K(532992K)->388028K(532992K)
[304.314s][info ][gc,metaspace   ] GC(30) Metaspace: 80106K(81216K)->80106K(81216K) NonClass: 68685K(69312K)->68685K(69312K) Class: 11421K(11904K)->11421K(11904K)
[304.314s][info ][gc             ] GC(30) Pause Young (Allocation Failure) 1744M->410M(2265M) 31.531ms
[304.315s][info ][gc,cpu         ] GC(30) User=0.04s Sys=0.01s Real=0.03s
[304.315s][info ][safepoint      ] Safepoint "ParallelGCFailedAllocation", Time since last: 551046510 ns, Reaching safepoint: 56801 ns, At safepoint: 31624753 ns, Total: 31681554 ns
[305.315s][info ][safepoint      ] Safepoint "Cleanup", Time since last: 1000103194 ns, Reaching safepoint: 61301 ns, At safepoint: 3200 ns, Total: 64501 ns
[306.315s][info ][safepoint      ] Safepoint "Cleanup", Time since last: 1000121695 ns, Reaching safepoint: 61401 ns, At safepoint: 2900 ns, Total: 64301 ns
[307.315s][info ][safepoint      ] Safepoint "Cleanup", Time since last: 1000125421 ns, Reaching safepoint: 54502 ns, At safepoint: 4600 ns, Total: 59102 ns
[308.315s][info ][safepoint      ] Safepoint "Cleanup", Time since last: 1000133857 ns, Reaching safepoint: 56102 ns, At safepoint: 3300 ns, Total: 59402 ns
[310.316s][info ][safepoint      ] Safepoint "Cleanup", Time since last: 2000188826 ns, Reaching safepoint: 62201 ns, At safepoint: 4400 ns, Total: 66601 ns
[311.316s][info ][safepoint      ] Safepoint "Cleanup", Time since last: 1000131497 ns, Reaching safepoint: 56802 ns, At safepoint: 3800 ns, Total: 60602 ns
[313.316s][info ][safepoint      ] Safepoint "Cleanup", Time since last: 2000202593 ns, Reaching safepoint: 46701 ns, At safepoint: 9200 ns, Total: 55901 ns
[314.316s][info ][safepoint      ] Safepoint "Cleanup", Time since last: 1000149898 ns, Reaching safepoint: 63702 ns, At safepoint: 3400 ns, Total: 67102 ns
[315.316s][info ][safepoint      ] Safepoint "Cleanup", Time since last: 1000123197 ns, Reaching safepoint: 36901 ns, At safepoint: 2800 ns, Total: 39701 ns
[316.317s][info ][safepoint      ] Safepoint "Cleanup", Time since last: 1000120497 ns, Reaching safepoint: 60501 ns, At safepoint: 5300 ns, Total: 65801 ns
[317.317s][info ][safepoint      ] Safepoint "Cleanup", Time since last: 1000126179 ns, Reaching safepoint: 70802 ns, At safepoint: 6600 ns, Total: 77402 ns
[318.317s][info ][safepoint      ] Safepoint "Cleanup", Time since last: 1000142824 ns, Reaching safepoint: 53901 ns, At safepoint: 4600 ns, Total: 58501 ns
[319.317s][info ][safepoint      ] Safepoint "Cleanup", Time since last: 1000137724 ns, Reaching safepoint: 72102 ns, At safepoint: 3600 ns, Total: 75702 ns
[320.317s][info ][safepoint      ] Safepoint "Cleanup", Time since last: 1000141324 ns, Reaching safepoint: 57901 ns, At safepoint: 2700 ns, Total: 60601 ns
[321.318s][info ][safepoint      ] Safepoint "Cleanup", Time since last: 1000125849 ns, Reaching safepoint: 73302 ns, At safepoint: 75702 ns, Total: 149004 ns
[323.318s][info ][safepoint      ] Safepoint "Cleanup", Time since last: 2000217420 ns, Reaching safepoint: 134804 ns, At safepoint: 5400 ns, Total: 140204 ns
[325.318s][info ][safepoint      ] Safepoint "Cleanup", Time since last: 2000235952 ns, Reaching safepoint: 78501 ns, At safepoint: 19601 ns, Total: 98102 ns
[326.319s][info ][safepoint      ] Safepoint "Cleanup", Time since last: 1000131321 ns, Reaching safepoint: 57701 ns, At safepoint: 3900 ns, Total: 61601 ns
[326.322s][info ][gc,start       ] GC(31) Pause Young (Allocation Failure)
[326.335s][debug][gc,phases      ] GC(31) Scavenge 13.035ms
[326.335s][debug][gc,ref         ] GC(31) Skipped phase 1 of Reference Processing: no references
[326.335s][debug][gc,ref         ] GC(31) ReferenceProcessor::execute queues: 1, RefProcThreadModel::Single, marks_oops_alive: false
[326.335s][debug][gc,ref         ] GC(31) Skipped phase 3 of Reference Processing: no references
[326.335s][debug][gc,ref         ] GC(31) ReferenceProcessor::execute queues: 1, RefProcThreadModel::Single, marks_oops_alive: false
[326.335s][debug][gc,phases      ] GC(31) Reference Processing 0.141ms
[326.336s][debug][gc,phases      ] GC(31)   VM Weak                        Min:  0.0, Avg:  0.0, Max:  0.0, Diff:  0.0, Sum:  0.0, Workers: 4
[326.336s][debug][gc,phases      ] GC(31)     Dead                           Min: 0, Avg:  0.0, Max: 0, Diff: 0, Sum: 0, Workers: 4
[326.336s][debug][gc,phases      ] GC(31)     Total                          Min: 0, Avg: 218.8, Max: 491, Diff: 491, Sum: 875, Workers: 4
[326.336s][debug][gc,phases      ] GC(31)   ObjectSynchronizer Weak        Min:  0.0, Avg:  0.0, Max:  0.0, Diff:  0.0, Sum:  0.0, Workers: 4
[326.336s][debug][gc,phases      ] GC(31)     Dead                           Min: 0, Avg:  0.0, Max: 0, Diff: 0, Sum: 0, Workers: 4
[326.336s][debug][gc,phases      ] GC(31)     Total                          Min: 0, Avg:  7.0, Max: 28, Diff: 28, Sum: 28, Workers: 4
[326.336s][debug][gc,phases      ] GC(31)   JVMTI Tag Weak OopStorage      Min:  0.0, Avg:  0.0, Max:  0.0, Diff:  0.0, Sum:  0.0, Workers: 4
[326.336s][debug][gc,phases      ] GC(31)     Dead                           Min: 0, Avg:  0.0, Max: 0, Diff: 0, Sum: 0, Workers: 4
[326.336s][debug][gc,phases      ] GC(31)     Total                          Min: 0, Avg:  0.0, Max: 0, Diff: 0, Sum: 0, Workers: 4
[326.336s][debug][gc,phases      ] GC(31)   StringTable Weak               Min:  0.0, Avg:  0.1, Max:  0.2, Diff:  0.2, Sum:  0.4, Workers: 4
[326.336s][debug][gc,phases      ] GC(31)     Dead                           Min: 0, Avg:  0.0, Max: 0, Diff: 0, Sum: 0, Workers: 4
[326.336s][debug][gc,phases      ] GC(31)     Total                          Min: 0, Avg: 10701.2, Max: 24000, Diff: 24000, Sum: 42805, Workers: 4
[326.336s][debug][gc,phases      ] GC(31)   ResolvedMethodTable Weak       Min:  0.0, Avg:  0.0, Max:  0.0, Diff:  0.0, Sum:  0.1, Workers: 4
[326.336s][debug][gc,phases      ] GC(31)     Dead                           Min: 0, Avg:  0.0, Max: 0, Diff: 0, Sum: 0, Workers: 4
[326.336s][debug][gc,phases      ] GC(31)     Total                          Min: 0, Avg: 2260.0, Max: 5008, Diff: 5008, Sum: 9040, Workers: 4
[326.336s][debug][gc,phases      ] GC(31)   JNI Weak                       Min:  0.0, Avg:  0.0, Max:  0.0, Diff:  0.0, Sum:  0.0, Workers: 4
[326.336s][debug][gc,phases      ] GC(31)     Dead                           Min: 0, Avg:  0.0, Max: 0, Diff: 0, Sum: 0, Workers: 4
[326.336s][debug][gc,phases      ] GC(31)     Total                          Min: 0, Avg: 11.2, Max: 45, Diff: 45, Sum: 45, Workers: 4
[326.336s][debug][gc,phases      ] GC(31)   StringDedup Table Weak         Min:  0.0, Avg:  0.0, Max:  0.0, Diff:  0.0, Sum:  0.0, Workers: 4
[326.336s][debug][gc,phases      ] GC(31)     Dead                           Min: 0, Avg:  0.0, Max: 0, Diff: 0, Sum: 0, Workers: 4
[326.336s][debug][gc,phases      ] GC(31)     Total                          Min: 0, Avg:  0.0, Max: 0, Diff: 0, Sum: 0, Workers: 4
[326.336s][debug][gc,phases      ] GC(31)   StringDedup Requests0 Weak     Min:  0.0, Avg:  0.0, Max:  0.0, Diff:  0.0, Sum:  0.0, Workers: 4
[326.336s][debug][gc,phases      ] GC(31)     Dead                           Min: 0, Avg:  0.0, Max: 0, Diff: 0, Sum: 0, Workers: 4
[326.336s][debug][gc,phases      ] GC(31)     Total                          Min: 0, Avg:  0.0, Max: 0, Diff: 0, Sum: 0, Workers: 4
[326.336s][debug][gc,phases      ] GC(31)   StringDedup Requests1 Weak     Min:  0.0, Avg:  0.0, Max:  0.0, Diff:  0.0, Sum:  0.0, Workers: 4
[326.336s][debug][gc,phases      ] GC(31)     Dead                           Min: 0, Avg:  0.0, Max: 0, Diff: 0, Sum: 0, Workers: 4
[326.336s][debug][gc,phases      ] GC(31)     Total                          Min: 0, Avg:  0.0, Max: 0, Diff: 0, Sum: 0, Workers: 4
[326.336s][debug][gc,phases      ] GC(31)   Weak JFR Old Object Samples    Min:  0.0, Avg:  0.0, Max:  0.0, Diff:  0.0, Sum:  0.0, Workers: 4
[326.336s][debug][gc,phases      ] GC(31)     Dead                           Min: 0, Avg:  0.0, Max: 0, Diff: 0, Sum: 0, Workers: 4
[326.336s][debug][gc,phases      ] GC(31)     Total                          Min: 0, Avg:  0.0, Max: 0, Diff: 0, Sum: 0, Workers: 4
[326.336s][debug][gc,phases      ] GC(31) Weak Processing 0.425ms
[326.336s][debug][gc,age         ] GC(31) Desired survivor size 296747008 bytes, new threshold 11 (max threshold 15)
[326.336s][info ][gc,heap        ] GC(31) PSYoungGen: 1485472K(1786880K)->23808K(1763328K) Eden: 1453056K(1453056K)->0K(1453056K) From: 32416K(333824K)->23808K(310272K)
[326.336s][info ][gc,heap        ] GC(31) ParOldGen: 388028K(532992K)->388028K(532992K)
[326.336s][info ][gc,metaspace   ] GC(31) Metaspace: 80155K(81216K)->80155K(81216K) NonClass: 68729K(69312K)->68729K(69312K) Class: 11425K(11904K)->11425K(11904K)
[326.336s][info ][gc             ] GC(31) Pause Young (Allocation Failure) 1829M->402M(2242M) 13.726ms
[326.336s][info ][gc,cpu         ] GC(31) User=0.04s Sys=0.00s Real=0.01s
[326.336s][info ][safepoint      ] Safepoint "ParallelGCFailedAllocation", Time since last: 3625969 ns, Reaching safepoint: 24200 ns, At safepoint: 13801663 ns, Total: 13825863 ns
[327.336s][info ][safepoint      ] Safepoint "Cleanup", Time since last: 1000086720 ns, Reaching safepoint: 118702 ns, At safepoint: 6000 ns, Total: 124702 ns
[328.336s][info ][safepoint      ] Safepoint "Cleanup", Time since last: 1000109678 ns, Reaching safepoint: 126604 ns, At safepoint: 6200 ns, Total: 132804 ns
[329.619s][info ][safepoint      ] Safepoint "Cleanup", Time since last: 1282171370 ns, Reaching safepoint: 203105 ns, At safepoint: 8600 ns, Total: 211705 ns
[330.619s][info ][safepoint      ] Safepoint "Cleanup", Time since last: 1000123438 ns, Reaching safepoint: 52901 ns, At safepoint: 3200 ns, Total: 56101 ns
[331.619s][info ][safepoint      ] Safepoint "Cleanup", Time since last: 1000114837 ns, Reaching safepoint: 49201 ns, At safepoint: 4101 ns, Total: 53302 ns
[332.619s][info ][safepoint      ] Safepoint "Cleanup", Time since last: 1000134350 ns, Reaching safepoint: 56702 ns, At safepoint: 3800 ns, Total: 60502 ns
[335.620s][info ][safepoint      ] Safepoint "Cleanup", Time since last: 3000261481 ns, Reaching safepoint: 127703 ns, At safepoint: 10000 ns, Total: 137703 ns
[336.620s][info ][safepoint      ] Safepoint "Cleanup", Time since last: 1000129962 ns, Reaching safepoint: 74802 ns, At safepoint: 3600 ns, Total: 78402 ns
[336.825s][info ][gc,start       ] GC(32) Pause Young (Allocation Failure)
[336.853s][debug][gc,phases      ] GC(32) Scavenge 28.091ms
[336.853s][debug][gc,ref         ] GC(32) Skipped phase 1 of Reference Processing: no references
[336.853s][debug][gc,ref         ] GC(32) ReferenceProcessor::execute queues: 1, RefProcThreadModel::Single, marks_oops_alive: false
[336.853s][debug][gc,ref         ] GC(32) Skipped phase 3 of Reference Processing: no references
[336.853s][debug][gc,ref         ] GC(32) ReferenceProcessor::execute queues: 1, RefProcThreadModel::Single, marks_oops_alive: false
[336.853s][debug][gc,phases      ] GC(32) Reference Processing 0.178ms
[336.854s][debug][gc,phases      ] GC(32)   VM Weak                        Min:  0.0, Avg:  0.0, Max:  0.0, Diff:  0.0, Sum:  0.0, Workers: 4
[336.854s][debug][gc,phases      ] GC(32)     Dead                           Min: 0, Avg:  0.0, Max: 0, Diff: 0, Sum: 0, Workers: 4
[336.854s][debug][gc,phases      ] GC(32)     Total                          Min: 0, Avg: 219.0, Max: 876, Diff: 876, Sum: 876, Workers: 4
[336.854s][debug][gc,phases      ] GC(32)   ObjectSynchronizer Weak        Min:  0.0, Avg:  0.0, Max:  0.0, Diff:  0.0, Sum:  0.0, Workers: 4
[336.854s][debug][gc,phases      ] GC(32)     Dead                           Min: 0, Avg:  0.0, Max: 0, Diff: 0, Sum: 0, Workers: 4
[336.854s][debug][gc,phases      ] GC(32)     Total                          Min: 0, Avg:  7.0, Max: 28, Diff: 28, Sum: 28, Workers: 4
[336.854s][debug][gc,phases      ] GC(32)   JVMTI Tag Weak OopStorage      Min:  0.0, Avg:  0.0, Max:  0.0, Diff:  0.0, Sum:  0.0, Workers: 4
[336.854s][debug][gc,phases      ] GC(32)     Dead                           Min: 0, Avg:  0.0, Max: 0, Diff: 0, Sum: 0, Workers: 4
[336.854s][debug][gc,phases      ] GC(32)     Total                          Min: 0, Avg:  0.0, Max: 0, Diff: 0, Sum: 0, Workers: 4
[336.854s][debug][gc,phases      ] GC(32)   StringTable Weak               Min:  0.0, Avg:  0.1, Max:  0.5, Diff:  0.5, Sum:  0.5, Workers: 4
[336.854s][debug][gc,phases      ] GC(32)     Dead                           Min: 0, Avg:  0.5, Max: 2, Diff: 2, Sum: 2, Workers: 4
[336.854s][debug][gc,phases      ] GC(32)     Total                          Min: 0, Avg: 10716.8, Max: 42867, Diff: 42867, Sum: 42867, Workers: 4
[336.854s][debug][gc,phases      ] GC(32)   ResolvedMethodTable Weak       Min:  0.0, Avg:  0.0, Max:  0.1, Diff:  0.1, Sum:  0.1, Workers: 4
[336.854s][debug][gc,phases      ] GC(32)     Dead                           Min: 0, Avg:  0.0, Max: 0, Diff: 0, Sum: 0, Workers: 4
[336.854s][debug][gc,phases      ] GC(32)     Total                          Min: 0, Avg: 2272.8, Max: 9091, Diff: 9091, Sum: 9091, Workers: 4
[336.854s][debug][gc,phases      ] GC(32)   JNI Weak                       Min:  0.0, Avg:  0.0, Max:  0.0, Diff:  0.0, Sum:  0.0, Workers: 4
[336.854s][debug][gc,phases      ] GC(32)     Dead                           Min: 0, Avg:  0.0, Max: 0, Diff: 0, Sum: 0, Workers: 4
[336.854s][debug][gc,phases      ] GC(32)     Total                          Min: 0, Avg: 11.2, Max: 45, Diff: 45, Sum: 45, Workers: 4
[336.854s][debug][gc,phases      ] GC(32)   StringDedup Table Weak         Min:  0.0, Avg:  0.0, Max:  0.0, Diff:  0.0, Sum:  0.0, Workers: 4
[336.854s][debug][gc,phases      ] GC(32)     Dead                           Min: 0, Avg:  0.0, Max: 0, Diff: 0, Sum: 0, Workers: 4
[336.854s][debug][gc,phases      ] GC(32)     Total                          Min: 0, Avg:  0.0, Max: 0, Diff: 0, Sum: 0, Workers: 4
[336.854s][debug][gc,phases      ] GC(32)   StringDedup Requests0 Weak     Min:  0.0, Avg:  0.0, Max:  0.0, Diff:  0.0, Sum:  0.0, Workers: 4
[336.854s][debug][gc,phases      ] GC(32)     Dead                           Min: 0, Avg:  0.0, Max: 0, Diff: 0, Sum: 0, Workers: 4
[336.854s][debug][gc,phases      ] GC(32)     Total                          Min: 0, Avg:  0.0, Max: 0, Diff: 0, Sum: 0, Workers: 4
[336.854s][debug][gc,phases      ] GC(32)   StringDedup Requests1 Weak     Min:  0.0, Avg:  0.0, Max:  0.0, Diff:  0.0, Sum:  0.0, Workers: 4
[336.854s][debug][gc,phases      ] GC(32)     Dead                           Min: 0, Avg:  0.0, Max: 0, Diff: 0, Sum: 0, Workers: 4
[336.854s][debug][gc,phases      ] GC(32)     Total                          Min: 0, Avg:  0.0, Max: 0, Diff: 0, Sum: 0, Workers: 4
[336.854s][debug][gc,phases      ] GC(32)   Weak JFR Old Object Samples    Min:  0.0, Avg:  0.0, Max:  0.0, Diff:  0.0, Sum:  0.0, Workers: 4
[336.854s][debug][gc,phases      ] GC(32)     Dead                           Min: 0, Avg:  0.0, Max: 0, Diff: 0, Sum: 0, Workers: 4
[336.854s][debug][gc,phases      ] GC(32)     Total                          Min: 0, Avg:  0.0, Max: 0, Diff: 0, Sum: 0, Workers: 4
[336.854s][debug][gc,phases      ] GC(32) Weak Processing 0.893ms
[336.854s][debug][gc,age         ] GC(32) Desired survivor size 273678336 bytes, new threshold 12 (max threshold 15)
[336.854s][info ][gc,heap        ] GC(32) PSYoungGen: 1476864K(1763328K)->42224K(1829888K) Eden: 1453056K(1453056K)->0K(1540096K) From: 23808K(310272K)->42224K(289792K)
[336.854s][info ][gc,heap        ] GC(32) ParOldGen: 388028K(532992K)->388036K(532992K)
[336.854s][info ][gc,metaspace   ] GC(32) Metaspace: 80382K(81472K)->80382K(81472K) NonClass: 68928K(69504K)->68928K(69504K) Class: 11454K(11968K)->11454K(11968K)
[336.854s][info ][gc             ] GC(32) Pause Young (Allocation Failure) 1821M->420M(2307M) 29.304ms
[336.854s][info ][gc,cpu         ] GC(32) User=0.07s Sys=0.00s Real=0.03s
[336.854s][info ][safepoint      ] Safepoint "ParallelGCFailedAllocation", Time since last: 204520675 ns, Reaching safepoint: 33301 ns, At safepoint: 29395172 ns, Total: 29428473 ns
[338.159s][info ][safepoint      ] Safepoint "Cleanup", Time since last: 1304656222 ns, Reaching safepoint: 132003 ns, At safepoint: 3700 ns, Total: 135703 ns
[339.159s][info ][safepoint      ] Safepoint "Cleanup", Time since last: 1000132658 ns, Reaching safepoint: 78002 ns, At safepoint: 2700 ns, Total: 80702 ns
[340.231s][info ][safepoint      ] Safepoint "Cleanup", Time since last: 1071522640 ns, Reaching safepoint: 289207 ns, At safepoint: 8301 ns, Total: 297508 ns
[341.231s][info ][safepoint      ] Safepoint "Cleanup", Time since last: 1000126930 ns, Reaching safepoint: 137203 ns, At safepoint: 5500 ns, Total: 142703 ns
[342.231s][info ][safepoint      ] Safepoint "Cleanup", Time since last: 1000123049 ns, Reaching safepoint: 124503 ns, At safepoint: 6300 ns, Total: 130803 ns
[343.232s][info ][safepoint      ] Safepoint "Cleanup", Time since last: 1000131349 ns, Reaching safepoint: 142303 ns, At safepoint: 5200 ns, Total: 147503 ns
[344.238s][info ][safepoint      ] Safepoint "Cleanup", Time since last: 1000130749 ns, Reaching safepoint: 6735945 ns, At safepoint: 15000 ns, Total: 6750945 ns
[345.239s][info ][safepoint      ] Safepoint "Cleanup", Time since last: 1000123949 ns, Reaching safepoint: 119202 ns, At safepoint: 3300 ns, Total: 122502 ns
[346.239s][info ][safepoint      ] Safepoint "Cleanup", Time since last: 1000130668 ns, Reaching safepoint: 60602 ns, At safepoint: 3000 ns, Total: 63602 ns
[347.838s][info ][safepoint      ] Safepoint "Cleanup", Time since last: 1598780464 ns, Reaching safepoint: 138303 ns, At safepoint: 5100 ns, Total: 143403 ns
[348.838s][info ][safepoint      ] Safepoint "Cleanup", Time since last: 1000565853 ns, Reaching safepoint: 136704 ns, At safepoint: 4700 ns, Total: 141404 ns
[350.583s][info ][gc,start       ] GC(33) Pause Young (Allocation Failure)
[350.631s][debug][gc,phases      ] GC(33) Scavenge 48.201ms
[350.631s][debug][gc,ref         ] GC(33) Skipped phase 1 of Reference Processing: no references
[350.631s][debug][gc,ref         ] GC(33) ReferenceProcessor::execute queues: 1, RefProcThreadModel::Single, marks_oops_alive: false
[350.631s][debug][gc,ref         ] GC(33) Skipped phase 3 of Reference Processing: no references
[350.631s][debug][gc,ref         ] GC(33) ReferenceProcessor::execute queues: 1, RefProcThreadModel::Single, marks_oops_alive: false
[350.631s][debug][gc,phases      ] GC(33) Reference Processing 0.182ms
[350.631s][debug][gc,phases      ] GC(33)   VM Weak                        Min:  0.0, Avg:  0.0, Max:  0.0, Diff:  0.0, Sum:  0.0, Workers: 4
[350.632s][debug][gc,phases      ] GC(33)     Dead                           Min: 0, Avg:  0.0, Max: 0, Diff: 0, Sum: 0, Workers: 4
[350.632s][debug][gc,phases      ] GC(33)     Total                          Min: 0, Avg: 219.0, Max: 556, Diff: 556, Sum: 876, Workers: 4
[350.632s][debug][gc,phases      ] GC(33)   ObjectSynchronizer Weak        Min:  0.0, Avg:  0.0, Max:  0.0, Diff:  0.0, Sum:  0.0, Workers: 4
[350.632s][debug][gc,phases      ] GC(33)     Dead                           Min: 0, Avg:  0.0, Max: 0, Diff: 0, Sum: 0, Workers: 4
[350.632s][debug][gc,phases      ] GC(33)     Total                          Min: 0, Avg:  7.2, Max: 29, Diff: 29, Sum: 29, Workers: 4
[350.632s][debug][gc,phases      ] GC(33)   JVMTI Tag Weak OopStorage      Min:  0.0, Avg:  0.0, Max:  0.0, Diff:  0.0, Sum:  0.0, Workers: 4
[350.632s][debug][gc,phases      ] GC(33)     Dead                           Min: 0, Avg:  0.0, Max: 0, Diff: 0, Sum: 0, Workers: 4
[350.632s][debug][gc,phases      ] GC(33)     Total                          Min: 0, Avg:  0.0, Max: 0, Diff: 0, Sum: 0, Workers: 4
[350.632s][debug][gc,phases      ] GC(33)   StringTable Weak               Min:  0.0, Avg:  0.1, Max:  0.2, Diff:  0.2, Sum:  0.4, Workers: 4
[350.632s][debug][gc,phases      ] GC(33)     Dead                           Min: 0, Avg:  0.2, Max: 1, Diff: 1, Sum: 1, Workers: 4
[350.632s][debug][gc,phases      ] GC(33)     Total                          Min: 0, Avg: 10719.2, Max: 22912, Diff: 22912, Sum: 42877, Workers: 4
[350.632s][debug][gc,phases      ] GC(33)   ResolvedMethodTable Weak       Min:  0.0, Avg:  0.0, Max:  0.0, Diff:  0.0, Sum:  0.1, Workers: 4
[350.632s][debug][gc,phases      ] GC(33)     Dead                           Min: 0, Avg:  0.0, Max: 0, Diff: 0, Sum: 0, Workers: 4
[350.632s][debug][gc,phases      ] GC(33)     Total                          Min: 0, Avg: 2276.0, Max: 4944, Diff: 4944, Sum: 9104, Workers: 4
[350.632s][debug][gc,phases      ] GC(33)   JNI Weak                       Min:  0.0, Avg:  0.0, Max:  0.0, Diff:  0.0, Sum:  0.0, Workers: 4
[350.632s][debug][gc,phases      ] GC(33)     Dead                           Min: 0, Avg:  0.0, Max: 0, Diff: 0, Sum: 0, Workers: 4
[350.632s][debug][gc,phases      ] GC(33)     Total                          Min: 0, Avg: 11.2, Max: 45, Diff: 45, Sum: 45, Workers: 4
[350.632s][debug][gc,phases      ] GC(33)   StringDedup Table Weak         Min:  0.0, Avg:  0.0, Max:  0.0, Diff:  0.0, Sum:  0.0, Workers: 4
[350.632s][debug][gc,phases      ] GC(33)     Dead                           Min: 0, Avg:  0.0, Max: 0, Diff: 0, Sum: 0, Workers: 4
[350.632s][debug][gc,phases      ] GC(33)     Total                          Min: 0, Avg:  0.0, Max: 0, Diff: 0, Sum: 0, Workers: 4
[350.632s][debug][gc,phases      ] GC(33)   StringDedup Requests0 Weak     Min:  0.0, Avg:  0.0, Max:  0.0, Diff:  0.0, Sum:  0.0, Workers: 4
[350.632s][debug][gc,phases      ] GC(33)     Dead                           Min: 0, Avg:  0.0, Max: 0, Diff: 0, Sum: 0, Workers: 4
[350.632s][debug][gc,phases      ] GC(33)     Total                          Min: 0, Avg:  0.0, Max: 0, Diff: 0, Sum: 0, Workers: 4
[350.632s][debug][gc,phases      ] GC(33)   StringDedup Requests1 Weak     Min:  0.0, Avg:  0.0, Max:  0.0, Diff:  0.0, Sum:  0.0, Workers: 4
[350.632s][debug][gc,phases      ] GC(33)     Dead                           Min: 0, Avg:  0.0, Max: 0, Diff: 0, Sum: 0, Workers: 4
[350.632s][debug][gc,phases      ] GC(33)     Total                          Min: 0, Avg:  0.0, Max: 0, Diff: 0, Sum: 0, Workers: 4
[350.632s][debug][gc,phases      ] GC(33)   Weak JFR Old Object Samples    Min:  0.0, Avg:  0.0, Max:  0.0, Diff:  0.0, Sum:  0.0, Workers: 4
[350.632s][debug][gc,phases      ] GC(33)     Dead                           Min: 0, Avg:  0.0, Max: 0, Diff: 0, Sum: 0, Workers: 4
[350.632s][debug][gc,phases      ] GC(33)     Total                          Min: 0, Avg:  0.0, Max: 0, Diff: 0, Sum: 0, Workers: 4
[350.632s][debug][gc,phases      ] GC(33) Weak Processing 0.474ms
[350.632s][debug][gc,age         ] GC(33) Desired survivor size 256376832 bytes, new threshold 13 (max threshold 15)
[350.632s][info ][gc,heap        ] GC(33) PSYoungGen: 1582320K(1829888K)->62720K(1807360K) Eden: 1540096K(1540096K)->0K(1540096K) From: 42224K(289792K)->62720K(267264K)
[350.632s][info ][gc,heap        ] GC(33) ParOldGen: 388036K(532992K)->388044K(532992K)
[350.632s][info ][gc,metaspace   ] GC(33) Metaspace: 80442K(81536K)->80442K(81536K) NonClass: 68980K(69568K)->68980K(69568K) Class: 11461K(11968K)->11461K(11968K)
[350.632s][info ][gc             ] GC(33) Pause Young (Allocation Failure) 1924M->440M(2285M) 49.054ms
[350.632s][info ][gc,cpu         ] GC(33) User=0.07s Sys=0.01s Real=0.05s
[350.632s][info ][safepoint      ] Safepoint "ParallelGCFailedAllocation", Time since last: 1744085596 ns, Reaching safepoint: 62301 ns, At safepoint: 49147512 ns, Total: 49209813 ns
[351.632s][info ][safepoint      ] Safepoint "Cleanup", Time since last: 1000087554 ns, Reaching safepoint: 117003 ns, At safepoint: 4100 ns, Total: 121103 ns
[352.632s][info ][safepoint      ] Safepoint "Cleanup", Time since last: 1000124155 ns, Reaching safepoint: 131504 ns, At safepoint: 5300 ns, Total: 136804 ns
[353.632s][info ][safepoint      ] Safepoint "Cleanup", Time since last: 1000128855 ns, Reaching safepoint: 64002 ns, At safepoint: 3100 ns, Total: 67102 ns
[354.633s][info ][safepoint      ] Safepoint "Cleanup", Time since last: 1000126255 ns, Reaching safepoint: 128903 ns, At safepoint: 3601 ns, Total: 132504 ns
[355.633s][info ][safepoint      ] Safepoint "Cleanup", Time since last: 1000127755 ns, Reaching safepoint: 135503 ns, At safepoint: 5700 ns, Total: 141203 ns
[356.633s][info ][safepoint      ] Safepoint "Cleanup", Time since last: 1000129217 ns, Reaching safepoint: 131203 ns, At safepoint: 7300 ns, Total: 138503 ns
[357.634s][info ][safepoint      ] Safepoint "Cleanup", Time since last: 1000128427 ns, Reaching safepoint: 131603 ns, At safepoint: 5800 ns, Total: 137403 ns
[358.634s][info ][safepoint      ] Safepoint "Cleanup", Time since last: 1000132327 ns, Reaching safepoint: 120303 ns, At safepoint: 7700 ns, Total: 128003 ns
[360.634s][info ][safepoint      ] Safepoint "Cleanup", Time since last: 2000206452 ns, Reaching safepoint: 130703 ns, At safepoint: 6101 ns, Total: 136804 ns
[363.635s][info ][safepoint      ] Safepoint "Cleanup", Time since last: 3000268477 ns, Reaching safepoint: 132703 ns, At safepoint: 6000 ns, Total: 138703 ns
[364.635s][info ][safepoint      ] Safepoint "Cleanup", Time since last: 1000117444 ns, Reaching safepoint: 136304 ns, At safepoint: 5300 ns, Total: 141604 ns
[366.635s][info ][safepoint      ] Safepoint "Cleanup", Time since last: 2000198870 ns, Reaching safepoint: 166204 ns, At safepoint: 6101 ns, Total: 172305 ns
[367.635s][info ][safepoint      ] Safepoint "Cleanup", Time since last: 1000141586 ns, Reaching safepoint: 157404 ns, At safepoint: 6300 ns, Total: 163704 ns
[369.636s][info ][safepoint      ] Safepoint "Cleanup", Time since last: 2000225171 ns, Reaching safepoint: 121303 ns, At safepoint: 5700 ns, Total: 127003 ns
[371.636s][info ][safepoint      ] Safepoint "Cleanup", Time since last: 2000201471 ns, Reaching safepoint: 119803 ns, At safepoint: 5400 ns, Total: 125203 ns
[372.636s][info ][safepoint      ] Safepoint "Cleanup", Time since last: 1000134586 ns, Reaching safepoint: 115302 ns, At safepoint: 6900 ns, Total: 122202 ns
[374.637s][info ][safepoint      ] Safepoint "Cleanup", Time since last: 2000216181 ns, Reaching safepoint: 122103 ns, At safepoint: 5100 ns, Total: 127203 ns
[375.637s][info ][safepoint      ] Safepoint "Cleanup", Time since last: 1000154042 ns, Reaching safepoint: 42001 ns, At safepoint: 3200 ns, Total: 45201 ns
[378.637s][info ][safepoint      ] Safepoint "Cleanup", Time since last: 3000266420 ns, Reaching safepoint: 51501 ns, At safepoint: 4700 ns, Total: 56201 ns
[380.638s][info ][safepoint      ] Safepoint "Cleanup", Time since last: 2000213671 ns, Reaching safepoint: 122403 ns, At safepoint: 4600 ns, Total: 127003 ns
[382.638s][info ][safepoint      ] Safepoint "Cleanup", Time since last: 2000217945 ns, Reaching safepoint: 53401 ns, At safepoint: 6601 ns, Total: 60002 ns
[383.638s][info ][safepoint      ] Safepoint "Cleanup", Time since last: 1000126273 ns, Reaching safepoint: 61201 ns, At safepoint: 2900 ns, Total: 64101 ns
[389.639s][info ][safepoint      ] Safepoint "Cleanup", Time since last: 6000455865 ns, Reaching safepoint: 48901 ns, At safepoint: 6100 ns, Total: 55001 ns
[391.639s][info ][safepoint      ] Safepoint "Cleanup", Time since last: 2000189206 ns, Reaching safepoint: 51101 ns, At safepoint: 3400 ns, Total: 54501 ns
[392.639s][info ][safepoint      ] Safepoint "Cleanup", Time since last: 1000125304 ns, Reaching safepoint: 46201 ns, At safepoint: 3000 ns, Total: 49201 ns
[393.639s][info ][safepoint      ] Safepoint "Cleanup", Time since last: 1000090803 ns, Reaching safepoint: 50301 ns, At safepoint: 2700 ns, Total: 53001 ns
[394.132s][info ][gc,start       ] GC(34) Pause Young (Allocation Failure)
[394.178s][debug][gc,phases      ] GC(34) Scavenge 45.617ms
[394.178s][debug][gc,ref         ] GC(34) Skipped phase 1 of Reference Processing: no references
[394.178s][debug][gc,ref         ] GC(34) ReferenceProcessor::execute queues: 1, RefProcThreadModel::Single, marks_oops_alive: false
[394.178s][debug][gc,ref         ] GC(34) Skipped phase 3 of Reference Processing: no references
[394.178s][debug][gc,ref         ] GC(34) ReferenceProcessor::execute queues: 1, RefProcThreadModel::Single, marks_oops_alive: false
[394.178s][debug][gc,phases      ] GC(34) Reference Processing 0.237ms
[394.179s][debug][gc,phases      ] GC(34)   VM Weak                        Min:  0.0, Avg:  0.0, Max:  0.0, Diff:  0.0, Sum:  0.0, Workers: 4
[394.179s][debug][gc,phases      ] GC(34)     Dead                           Min: 0, Avg:  0.0, Max: 0, Diff: 0, Sum: 0, Workers: 4
[394.179s][debug][gc,phases      ] GC(34)     Total                          Min: 0, Avg: 221.0, Max: 884, Diff: 884, Sum: 884, Workers: 4
[394.179s][debug][gc,phases      ] GC(34)   ObjectSynchronizer Weak        Min:  0.0, Avg:  0.0, Max:  0.0, Diff:  0.0, Sum:  0.0, Workers: 4
[394.179s][debug][gc,phases      ] GC(34)     Dead                           Min: 0, Avg:  0.0, Max: 0, Diff: 0, Sum: 0, Workers: 4
[394.179s][debug][gc,phases      ] GC(34)     Total                          Min: 0, Avg:  7.2, Max: 29, Diff: 29, Sum: 29, Workers: 4
[394.179s][debug][gc,phases      ] GC(34)   JVMTI Tag Weak OopStorage      Min:  0.0, Avg:  0.0, Max:  0.0, Diff:  0.0, Sum:  0.0, Workers: 4
[394.179s][debug][gc,phases      ] GC(34)     Dead                           Min: 0, Avg:  0.0, Max: 0, Diff: 0, Sum: 0, Workers: 4
[394.179s][debug][gc,phases      ] GC(34)     Total                          Min: 0, Avg:  0.0, Max: 0, Diff: 0, Sum: 0, Workers: 4
[394.179s][debug][gc,phases      ] GC(34)   StringTable Weak               Min:  0.0, Avg:  0.1, Max:  0.5, Diff:  0.5, Sum:  0.5, Workers: 4
[394.179s][debug][gc,phases      ] GC(34)     Dead                           Min: 0, Avg:  0.5, Max: 2, Diff: 2, Sum: 2, Workers: 4
[394.179s][debug][gc,phases      ] GC(34)     Total                          Min: 0, Avg: 10731.8, Max: 37056, Diff: 37056, Sum: 42927, Workers: 4
[394.179s][debug][gc,phases      ] GC(34)   ResolvedMethodTable Weak       Min:  0.0, Avg:  0.0, Max:  0.0, Diff:  0.0, Sum:  0.1, Workers: 4
[394.179s][debug][gc,phases      ] GC(34)     Dead                           Min: 0, Avg:  0.0, Max: 0, Diff: 0, Sum: 0, Workers: 4
[394.179s][debug][gc,phases      ] GC(34)     Total                          Min: 0, Avg: 2283.0, Max: 5312, Diff: 5312, Sum: 9132, Workers: 4
[394.179s][debug][gc,phases      ] GC(34)   JNI Weak                       Min:  0.0, Avg:  0.0, Max:  0.0, Diff:  0.0, Sum:  0.0, Workers: 4
[394.179s][debug][gc,phases      ] GC(34)     Dead                           Min: 0, Avg:  0.0, Max: 0, Diff: 0, Sum: 0, Workers: 4
[394.179s][debug][gc,phases      ] GC(34)     Total                          Min: 0, Avg: 11.2, Max: 45, Diff: 45, Sum: 45, Workers: 4
[394.179s][debug][gc,phases      ] GC(34)   StringDedup Table Weak         Min:  0.0, Avg:  0.0, Max:  0.0, Diff:  0.0, Sum:  0.0, Workers: 4
[394.179s][debug][gc,phases      ] GC(34)     Dead                           Min: 0, Avg:  0.0, Max: 0, Diff: 0, Sum: 0, Workers: 4
[394.179s][debug][gc,phases      ] GC(34)     Total                          Min: 0, Avg:  0.0, Max: 0, Diff: 0, Sum: 0, Workers: 4
[394.179s][debug][gc,phases      ] GC(34)   StringDedup Requests0 Weak     Min:  0.0, Avg:  0.0, Max:  0.0, Diff:  0.0, Sum:  0.0, Workers: 4
[394.179s][debug][gc,phases      ] GC(34)     Dead                           Min: 0, Avg:  0.0, Max: 0, Diff: 0, Sum: 0, Workers: 4
[394.179s][debug][gc,phases      ] GC(34)     Total                          Min: 0, Avg:  0.0, Max: 0, Diff: 0, Sum: 0, Workers: 4
[394.179s][debug][gc,phases      ] GC(34)   StringDedup Requests1 Weak     Min:  0.0, Avg:  0.0, Max:  0.0, Diff:  0.0, Sum:  0.0, Workers: 4
[394.179s][debug][gc,phases      ] GC(34)     Dead                           Min: 0, Avg:  0.0, Max: 0, Diff: 0, Sum: 0, Workers: 4
[394.179s][debug][gc,phases      ] GC(34)     Total                          Min: 0, Avg:  0.0, Max: 0, Diff: 0, Sum: 0, Workers: 4
[394.179s][debug][gc,phases      ] GC(34)   Weak JFR Old Object Samples    Min:  0.0, Avg:  0.0, Max:  0.0, Diff:  0.0, Sum:  0.0, Workers: 4
[394.179s][debug][gc,phases      ] GC(34)     Dead                           Min: 0, Avg:  0.0, Max: 0, Diff: 0, Sum: 0, Workers: 4
[394.179s][debug][gc,phases      ] GC(34)     Total                          Min: 0, Avg:  0.0, Max: 0, Diff: 0, Sum: 0, Workers: 4
[394.179s][debug][gc,phases      ] GC(34) Weak Processing 0.732ms
[394.179s][debug][gc,age         ] GC(34) Desired survivor size 239075328 bytes, new threshold 14 (max threshold 15)
[394.179s][info ][gc,heap        ] GC(34) PSYoungGen: 1602816K(1807360K)->59184K(1863680K) Eden: 1540096K(1540096K)->0K(1613312K) From: 62720K(267264K)->59184K(250368K)
[394.179s][info ][gc,heap        ] GC(34) ParOldGen: 388044K(532992K)->388052K(532992K)
[394.179s][info ][gc,metaspace   ] GC(34) Metaspace: 80527K(81664K)->80527K(81664K) NonClass: 69057K(69696K)->69057K(69696K) Class: 11470K(11968K)->11470K(11968K)
[394.179s][info ][gc             ] GC(34) Pause Young (Allocation Failure) 1944M->436M(2340M) 46.839ms
[394.179s][info ][gc,cpu         ] GC(34) User=0.08s Sys=0.00s Real=0.05s
[394.179s][info ][safepoint      ] Safepoint "ParallelGCFailedAllocation", Time since last: 493140586 ns, Reaching safepoint: 36201 ns, At safepoint: 46921922 ns, Total: 46958123 ns
[395.459s][info ][safepoint      ] Safepoint "Cleanup", Time since last: 1280039193 ns, Reaching safepoint: 65602 ns, At safepoint: 3600 ns, Total: 69202 ns
[396.460s][info ][safepoint      ] Safepoint "Cleanup", Time since last: 1000124504 ns, Reaching safepoint: 131303 ns, At safepoint: 4300 ns, Total: 135603 ns
[398.460s][info ][safepoint      ] Safepoint "Cleanup", Time since last: 2000214378 ns, Reaching safepoint: 67302 ns, At safepoint: 7400 ns, Total: 74702 ns
[399.460s][info ][safepoint      ] Safepoint "Cleanup", Time since last: 1000117711 ns, Reaching safepoint: 59701 ns, At safepoint: 2900 ns, Total: 62601 ns
[403.460s][info ][safepoint      ] Safepoint "Cleanup", Time since last: 4000340041 ns, Reaching safepoint: 64701 ns, At safepoint: 5300 ns, Total: 70001 ns
[406.461s][info ][safepoint      ] Safepoint "Cleanup", Time since last: 3000305787 ns, Reaching safepoint: 53301 ns, At safepoint: 6201 ns, Total: 59502 ns
[408.461s][info ][safepoint      ] Safepoint "Cleanup", Time since last: 2000244970 ns, Reaching safepoint: 56801 ns, At safepoint: 3300 ns, Total: 60101 ns
[409.461s][info ][safepoint      ] Safepoint "Cleanup", Time since last: 1000131636 ns, Reaching safepoint: 62601 ns, At safepoint: 6201 ns, Total: 68802 ns
[410.462s][info ][safepoint      ] Safepoint "Cleanup", Time since last: 1000141735 ns, Reaching safepoint: 56902 ns, At safepoint: 2600 ns, Total: 59502 ns
[414.462s][info ][safepoint      ] Safepoint "Cleanup", Time since last: 4000330139 ns, Reaching safepoint: 56101 ns, At safepoint: 2800 ns, Total: 58901 ns
[420.462s][info ][safepoint      ] Safepoint "Cleanup", Time since last: 6000461979 ns, Reaching safepoint: 60401 ns, At safepoint: 6200 ns, Total: 66601 ns
[421.463s][info ][safepoint      ] Safepoint "Cleanup", Time since last: 1000122764 ns, Reaching safepoint: 52501 ns, At safepoint: 4100 ns, Total: 56601 ns
[422.463s][info ][safepoint      ] Safepoint "Cleanup", Time since last: 1000136204 ns, Reaching safepoint: 129703 ns, At safepoint: 5500 ns, Total: 135203 ns
[423.463s][info ][safepoint      ] Safepoint "Cleanup", Time since last: 1000159605 ns, Reaching safepoint: 58102 ns, At safepoint: 3300 ns, Total: 61402 ns
[424.463s][info ][safepoint      ] Safepoint "Cleanup", Time since last: 1000186505 ns, Reaching safepoint: 90002 ns, At safepoint: 6800 ns, Total: 96802 ns
[425.464s][info ][safepoint      ] Safepoint "Cleanup", Time since last: 1000114204 ns, Reaching safepoint: 50601 ns, At safepoint: 2800 ns, Total: 53401 ns
[426.464s][info ][safepoint      ] Safepoint "Cleanup", Time since last: 1000135805 ns, Reaching safepoint: 63801 ns, At safepoint: 3000 ns, Total: 66801 ns
[427.464s][info ][safepoint      ] Safepoint "Cleanup", Time since last: 1000130804 ns, Reaching safepoint: 52402 ns, At safepoint: 3000 ns, Total: 55402 ns
[429.464s][info ][safepoint      ] Safepoint "Cleanup", Time since last: 2000214746 ns, Reaching safepoint: 47501 ns, At safepoint: 2400 ns, Total: 49901 ns
[430.464s][info ][safepoint      ] Safepoint "Cleanup", Time since last: 1000107261 ns, Reaching safepoint: 47901 ns, At safepoint: 3600 ns, Total: 51501 ns
[431.465s][info ][safepoint      ] Safepoint "Cleanup", Time since last: 1000124862 ns, Reaching safepoint: 39501 ns, At safepoint: 3200 ns, Total: 42701 ns
[432.465s][info ][safepoint      ] Safepoint "Cleanup", Time since last: 1000110361 ns, Reaching safepoint: 126203 ns, At safepoint: 8900 ns, Total: 135103 ns
[433.465s][info ][safepoint      ] Safepoint "Cleanup", Time since last: 1000131061 ns, Reaching safepoint: 49101 ns, At safepoint: 2900 ns, Total: 52001 ns
[435.465s][info ][safepoint      ] Safepoint "Cleanup", Time since last: 2000187522 ns, Reaching safepoint: 208505 ns, At safepoint: 3200 ns, Total: 211705 ns
[436.466s][info ][safepoint      ] Safepoint "Cleanup", Time since last: 1000143561 ns, Reaching safepoint: 69902 ns, At safepoint: 3000 ns, Total: 72902 ns
[437.466s][info ][safepoint      ] Safepoint "Cleanup", Time since last: 1000147337 ns, Reaching safepoint: 64902 ns, At safepoint: 7400 ns, Total: 72302 ns
[438.466s][info ][safepoint      ] Safepoint "Cleanup", Time since last: 1000151062 ns, Reaching safepoint: 60501 ns, At safepoint: 3400 ns, Total: 63901 ns
[439.466s][info ][safepoint      ] Safepoint "Cleanup", Time since last: 1000087360 ns, Reaching safepoint: 74502 ns, At safepoint: 3000 ns, Total: 77502 ns
[441.466s][info ][safepoint      ] Safepoint "Cleanup", Time since last: 2000211322 ns, Reaching safepoint: 49101 ns, At safepoint: 3400 ns, Total: 52501 ns
[442.467s][info ][safepoint      ] Safepoint "Cleanup", Time since last: 1000128361 ns, Reaching safepoint: 46301 ns, At safepoint: 3100 ns, Total: 49401 ns
[446.467s][info ][safepoint      ] Safepoint "Cleanup", Time since last: 4000331785 ns, Reaching safepoint: 46102 ns, At safepoint: 3800 ns, Total: 49902 ns
[447.467s][info ][safepoint      ] Safepoint "Cleanup", Time since last: 1000140163 ns, Reaching safepoint: 45401 ns, At safepoint: 3100 ns, Total: 48501 ns
[448.467s][info ][safepoint      ] Safepoint "Cleanup", Time since last: 1000132163 ns, Reaching safepoint: 63101 ns, At safepoint: 4901 ns, Total: 68002 ns
[449.468s][info ][safepoint      ] Safepoint "Cleanup", Time since last: 1000133863 ns, Reaching safepoint: 63701 ns, At safepoint: 2800 ns, Total: 66501 ns
[450.468s][info ][safepoint      ] Safepoint "Cleanup", Time since last: 1000116863 ns, Reaching safepoint: 53301 ns, At safepoint: 3300 ns, Total: 56601 ns
[451.468s][info ][safepoint      ] Safepoint "Cleanup", Time since last: 1000113763 ns, Reaching safepoint: 52301 ns, At safepoint: 3100 ns, Total: 55401 ns
[452.468s][info ][safepoint      ] Safepoint "Cleanup", Time since last: 1000126763 ns, Reaching safepoint: 60301 ns, At safepoint: 4500 ns, Total: 64801 ns
[453.468s][info ][safepoint      ] Safepoint "Cleanup", Time since last: 1000126901 ns, Reaching safepoint: 59002 ns, At safepoint: 9500 ns, Total: 68502 ns
[454.469s][info ][safepoint      ] Safepoint "Cleanup", Time since last: 1000122612 ns, Reaching safepoint: 55901 ns, At safepoint: 2600 ns, Total: 58501 ns
[455.469s][info ][safepoint      ] Safepoint "Cleanup", Time since last: 1000119513 ns, Reaching safepoint: 43701 ns, At safepoint: 3900 ns, Total: 47601 ns
[456.469s][info ][safepoint      ] Safepoint "Cleanup", Time since last: 1000124912 ns, Reaching safepoint: 112303 ns, At safepoint: 11500 ns, Total: 123803 ns
[456.685s][info ][gc,start       ] GC(35) Pause Young (Allocation Failure)
[456.711s][debug][gc,phases      ] GC(35) Scavenge 25.683ms
[456.711s][debug][gc,ref         ] GC(35) Skipped phase 1 of Reference Processing: no references
[456.711s][debug][gc,ref         ] GC(35) ReferenceProcessor::execute queues: 1, RefProcThreadModel::Single, marks_oops_alive: false
[456.711s][debug][gc,ref         ] GC(35) Skipped phase 3 of Reference Processing: no references
[456.711s][debug][gc,ref         ] GC(35) ReferenceProcessor::execute queues: 1, RefProcThreadModel::Single, marks_oops_alive: false
[456.711s][debug][gc,phases      ] GC(35) Reference Processing 0.717ms
[456.712s][debug][gc,phases      ] GC(35)   VM Weak                        Min:  0.0, Avg:  0.0, Max:  0.0, Diff:  0.0, Sum:  0.0, Workers: 4
[456.712s][debug][gc,phases      ] GC(35)     Dead                           Min: 0, Avg:  0.0, Max: 0, Diff: 0, Sum: 0, Workers: 4
[456.712s][debug][gc,phases      ] GC(35)     Total                          Min: 0, Avg: 222.2, Max: 512, Diff: 512, Sum: 889, Workers: 4
[456.712s][debug][gc,phases      ] GC(35)   ObjectSynchronizer Weak        Min:  0.0, Avg:  0.0, Max:  0.0, Diff:  0.0, Sum:  0.0, Workers: 4
[456.712s][debug][gc,phases      ] GC(35)     Dead                           Min: 0, Avg:  0.0, Max: 0, Diff: 0, Sum: 0, Workers: 4
[456.712s][debug][gc,phases      ] GC(35)     Total                          Min: 0, Avg:  7.2, Max: 29, Diff: 29, Sum: 29, Workers: 4
[456.712s][debug][gc,phases      ] GC(35)   JVMTI Tag Weak OopStorage      Min:  0.0, Avg:  0.0, Max:  0.0, Diff:  0.0, Sum:  0.0, Workers: 4
[456.712s][debug][gc,phases      ] GC(35)     Dead                           Min: 0, Avg:  0.0, Max: 0, Diff: 0, Sum: 0, Workers: 4
[456.712s][debug][gc,phases      ] GC(35)     Total                          Min: 0, Avg:  0.0, Max: 0, Diff: 0, Sum: 0, Workers: 4
[456.712s][debug][gc,phases      ] GC(35)   StringTable Weak               Min:  0.0, Avg:  0.1, Max:  0.1, Diff:  0.1, Sum:  0.4, Workers: 4
[456.712s][debug][gc,phases      ] GC(35)     Dead                           Min: 0, Avg:  0.2, Max: 1, Diff: 1, Sum: 1, Workers: 4
[456.712s][debug][gc,phases      ] GC(35)     Total                          Min: 0, Avg: 10738.8, Max: 16127, Diff: 16127, Sum: 42955, Workers: 4
[456.712s][debug][gc,phases      ] GC(35)   ResolvedMethodTable Weak       Min:  0.0, Avg:  0.0, Max:  0.0, Diff:  0.0, Sum:  0.1, Workers: 4
[456.712s][debug][gc,phases      ] GC(35)     Dead                           Min: 0, Avg:  0.0, Max: 0, Diff: 0, Sum: 0, Workers: 4
[456.712s][debug][gc,phases      ] GC(35)     Total                          Min: 0, Avg: 2291.5, Max: 3200, Diff: 3200, Sum: 9166, Workers: 4
[456.712s][debug][gc,phases      ] GC(35)   JNI Weak                       Min:  0.0, Avg:  0.0, Max:  0.0, Diff:  0.0, Sum:  0.0, Workers: 4
[456.712s][debug][gc,phases      ] GC(35)     Dead                           Min: 0, Avg:  0.0, Max: 0, Diff: 0, Sum: 0, Workers: 4
[456.712s][debug][gc,phases      ] GC(35)     Total                          Min: 0, Avg: 11.2, Max: 45, Diff: 45, Sum: 45, Workers: 4
[456.712s][debug][gc,phases      ] GC(35)   StringDedup Table Weak         Min:  0.0, Avg:  0.0, Max:  0.0, Diff:  0.0, Sum:  0.0, Workers: 4
[456.712s][debug][gc,phases      ] GC(35)     Dead                           Min: 0, Avg:  0.0, Max: 0, Diff: 0, Sum: 0, Workers: 4
[456.712s][debug][gc,phases      ] GC(35)     Total                          Min: 0, Avg:  0.0, Max: 0, Diff: 0, Sum: 0, Workers: 4
[456.712s][debug][gc,phases      ] GC(35)   StringDedup Requests0 Weak     Min:  0.0, Avg:  0.0, Max:  0.0, Diff:  0.0, Sum:  0.0, Workers: 4
[456.712s][debug][gc,phases      ] GC(35)     Dead                           Min: 0, Avg:  0.0, Max: 0, Diff: 0, Sum: 0, Workers: 4
[456.712s][debug][gc,phases      ] GC(35)     Total                          Min: 0, Avg:  0.0, Max: 0, Diff: 0, Sum: 0, Workers: 4
[456.712s][debug][gc,phases      ] GC(35)   StringDedup Requests1 Weak     Min:  0.0, Avg:  0.0, Max:  0.0, Diff:  0.0, Sum:  0.0, Workers: 4
[456.712s][debug][gc,phases      ] GC(35)     Dead                           Min: 0, Avg:  0.0, Max: 0, Diff: 0, Sum: 0, Workers: 4
[456.712s][debug][gc,phases      ] GC(35)     Total                          Min: 0, Avg:  0.0, Max: 0, Diff: 0, Sum: 0, Workers: 4
[456.712s][debug][gc,phases      ] GC(35)   Weak JFR Old Object Samples    Min:  0.0, Avg:  0.0, Max:  0.0, Diff:  0.0, Sum:  0.0, Workers: 4
[456.712s][debug][gc,phases      ] GC(35)     Dead                           Min: 0, Avg:  0.0, Max: 0, Diff: 0, Sum: 0, Workers: 4
[456.712s][debug][gc,phases      ] GC(35)     Total                          Min: 0, Avg:  0.0, Max: 0, Diff: 0, Sum: 0, Workers: 4
[456.712s][debug][gc,phases      ] GC(35) Weak Processing 0.388ms
[456.712s][debug][gc,age         ] GC(35) Desired survivor size 223346688 bytes, new threshold 15 (max threshold 15)
[456.712s][info ][gc,heap        ] GC(35) PSYoungGen: 1672496K(1863680K)->59776K(1846784K) Eden: 1613312K(1613312K)->0K(1613312K) From: 59184K(250368K)->59776K(233472K)
[456.712s][info ][gc,heap        ] GC(35) ParOldGen: 388052K(532992K)->388060K(532992K)
[456.712s][info ][gc,metaspace   ] GC(35) Metaspace: 80633K(81728K)->80633K(81728K) NonClass: 69150K(69760K)->69150K(69760K) Class: 11482K(11968K)->11482K(11968K)
[456.712s][info ][gc             ] GC(35) Pause Young (Allocation Failure) 2012M->437M(2324M) 26.943ms
[456.712s][info ][gc,cpu         ] GC(35) User=0.06s Sys=0.00s Real=0.03s
[456.712s][info ][safepoint      ] Safepoint "ParallelGCFailedAllocation", Time since last: 215942777 ns, Reaching safepoint: 49201 ns, At safepoint: 27022535 ns, Total: 27071736 ns
[457.712s][info ][safepoint      ] Safepoint "Cleanup", Time since last: 1000084912 ns, Reaching safepoint: 120302 ns, At safepoint: 3400 ns, Total: 123702 ns
[459.712s][info ][safepoint      ] Safepoint "Cleanup", Time since last: 2000222624 ns, Reaching safepoint: 53802 ns, At safepoint: 26100 ns, Total: 79902 ns
[464.713s][info ][safepoint      ] Safepoint "Cleanup", Time since last: 5000376076 ns, Reaching safepoint: 300307 ns, At safepoint: 5800 ns, Total: 306107 ns
[465.713s][info ][safepoint      ] Safepoint "Cleanup", Time since last: 1000132343 ns, Reaching safepoint: 62902 ns, At safepoint: 2600 ns, Total: 65502 ns
[466.714s][info ][safepoint      ] Safepoint "Cleanup", Time since last: 1000143043 ns, Reaching safepoint: 58301 ns, At safepoint: 6501 ns, Total: 64802 ns
[467.714s][info ][safepoint      ] Safepoint "Cleanup", Time since last: 1000143543 ns, Reaching safepoint: 65801 ns, At safepoint: 7600 ns, Total: 73401 ns
[472.714s][info ][safepoint      ] Safepoint "Cleanup", Time since last: 5000449790 ns, Reaching safepoint: 53401 ns, At safepoint: 3000 ns, Total: 56401 ns
[473.715s][info ][safepoint      ] Safepoint "Cleanup", Time since last: 1000160989 ns, Reaching safepoint: 57002 ns, At safepoint: 13300 ns, Total: 70302 ns
[476.719s][info ][safepoint      ] Safepoint "Cleanup", Time since last: 3003969348 ns, Reaching safepoint: 62502 ns, At safepoint: 6700 ns, Total: 69202 ns
[477.719s][info ][safepoint      ] Safepoint "Cleanup", Time since last: 1000136978 ns, Reaching safepoint: 52501 ns, At safepoint: 2900 ns, Total: 55401 ns
[489.720s][info ][safepoint      ] Safepoint "Cleanup", Time since last: 12000875179 ns, Reaching safepoint: 68401 ns, At safepoint: 6300 ns, Total: 74701 ns
[492.720s][info ][safepoint      ] Safepoint "Cleanup", Time since last: 3000264622 ns, Reaching safepoint: 52001 ns, At safepoint: 2800 ns, Total: 54801 ns
[494.720s][info ][safepoint      ] Safepoint "Cleanup", Time since last: 2000164250 ns, Reaching safepoint: 36501 ns, At safepoint: 5200 ns, Total: 41701 ns
[495.720s][info ][safepoint      ] Safepoint "Cleanup", Time since last: 1000113471 ns, Reaching safepoint: 52001 ns, At safepoint: 3000 ns, Total: 55001 ns
[496.721s][info ][safepoint      ] Safepoint "Cleanup", Time since last: 1000118771 ns, Reaching safepoint: 65201 ns, At safepoint: 12101 ns, Total: 77302 ns
[497.721s][info ][safepoint      ] Safepoint "Cleanup", Time since last: 1000142371 ns, Reaching safepoint: 61302 ns, At safepoint: 11200 ns, Total: 72502 ns
[498.721s][info ][safepoint      ] Safepoint "Cleanup", Time since last: 1000135971 ns, Reaching safepoint: 60602 ns, At safepoint: 3000 ns, Total: 63602 ns
[509.722s][info ][safepoint      ] Safepoint "Cleanup", Time since last: 11000871860 ns, Reaching safepoint: 54801 ns, At safepoint: 6901 ns, Total: 61702 ns
[511.722s][info ][safepoint      ] Safepoint "Cleanup", Time since last: 2000183535 ns, Reaching safepoint: 53201 ns, At safepoint: 2700 ns, Total: 55901 ns
[513.722s][info ][safepoint      ] Safepoint "Cleanup", Time since last: 2000178335 ns, Reaching safepoint: 57301 ns, At safepoint: 3100 ns, Total: 60401 ns
[514.488s][info ][gc,start       ] GC(36) Pause Young (Allocation Failure)
[514.517s][debug][gc,phases      ] GC(36) Scavenge 29.150ms
[514.517s][debug][gc,ref         ] GC(36) Skipped phase 1 of Reference Processing: no references
[514.517s][debug][gc,ref         ] GC(36) ReferenceProcessor::execute queues: 1, RefProcThreadModel::Single, marks_oops_alive: false
[514.517s][debug][gc,ref         ] GC(36) Skipped phase 3 of Reference Processing: no references
[514.517s][debug][gc,ref         ] GC(36) ReferenceProcessor::execute queues: 1, RefProcThreadModel::Single, marks_oops_alive: false
[514.517s][debug][gc,phases      ] GC(36) Reference Processing 0.173ms
[514.518s][debug][gc,phases      ] GC(36)   VM Weak                        Min:  0.0, Avg:  0.0, Max:  0.0, Diff:  0.0, Sum:  0.0, Workers: 4
[514.518s][debug][gc,phases      ] GC(36)     Dead                           Min: 0, Avg:  0.0, Max: 0, Diff: 0, Sum: 0, Workers: 4
[514.518s][debug][gc,phases      ] GC(36)     Total                          Min: 0, Avg: 223.2, Max: 448, Diff: 448, Sum: 893, Workers: 4
[514.518s][debug][gc,phases      ] GC(36)   ObjectSynchronizer Weak        Min:  0.0, Avg:  0.0, Max:  0.0, Diff:  0.0, Sum:  0.0, Workers: 4
[514.518s][debug][gc,phases      ] GC(36)     Dead                           Min: 0, Avg:  0.0, Max: 0, Diff: 0, Sum: 0, Workers: 4
[514.518s][debug][gc,phases      ] GC(36)     Total                          Min: 0, Avg:  7.2, Max: 29, Diff: 29, Sum: 29, Workers: 4
[514.518s][debug][gc,phases      ] GC(36)   JVMTI Tag Weak OopStorage      Min:  0.0, Avg:  0.0, Max:  0.0, Diff:  0.0, Sum:  0.0, Workers: 4
[514.518s][debug][gc,phases      ] GC(36)     Dead                           Min: 0, Avg:  0.0, Max: 0, Diff: 0, Sum: 0, Workers: 4
[514.518s][debug][gc,phases      ] GC(36)     Total                          Min: 0, Avg:  0.0, Max: 0, Diff: 0, Sum: 0, Workers: 4
[514.518s][debug][gc,phases      ] GC(36)   StringTable Weak               Min:  0.0, Avg:  0.1, Max:  0.2, Diff:  0.2, Sum:  0.4, Workers: 4
[514.518s][debug][gc,phases      ] GC(36)     Dead                           Min: 0, Avg:  0.0, Max: 0, Diff: 0, Sum: 0, Workers: 4
[514.518s][debug][gc,phases      ] GC(36)     Total                          Min: 0, Avg: 10740.2, Max: 21504, Diff: 21504, Sum: 42961, Workers: 4
[514.518s][debug][gc,phases      ] GC(36)   ResolvedMethodTable Weak       Min:  0.0, Avg:  0.0, Max:  0.1, Diff:  0.1, Sum:  0.1, Workers: 4
[514.518s][debug][gc,phases      ] GC(36)     Dead                           Min: 0, Avg:  0.0, Max: 0, Diff: 0, Sum: 0, Workers: 4
[514.518s][debug][gc,phases      ] GC(36)     Total                          Min: 0, Avg: 2295.0, Max: 4608, Diff: 4608, Sum: 9180, Workers: 4
[514.518s][debug][gc,phases      ] GC(36)   JNI Weak                       Min:  0.0, Avg:  0.0, Max:  0.0, Diff:  0.0, Sum:  0.0, Workers: 4
[514.518s][debug][gc,phases      ] GC(36)     Dead                           Min: 0, Avg:  0.0, Max: 0, Diff: 0, Sum: 0, Workers: 4
[514.518s][debug][gc,phases      ] GC(36)     Total                          Min: 0, Avg: 11.2, Max: 45, Diff: 45, Sum: 45, Workers: 4
[514.518s][debug][gc,phases      ] GC(36)   StringDedup Table Weak         Min:  0.0, Avg:  0.0, Max:  0.0, Diff:  0.0, Sum:  0.0, Workers: 4
[514.518s][debug][gc,phases      ] GC(36)     Dead                           Min: 0, Avg:  0.0, Max: 0, Diff: 0, Sum: 0, Workers: 4
[514.518s][debug][gc,phases      ] GC(36)     Total                          Min: 0, Avg:  0.0, Max: 0, Diff: 0, Sum: 0, Workers: 4
[514.518s][debug][gc,phases      ] GC(36)   StringDedup Requests0 Weak     Min:  0.0, Avg:  0.0, Max:  0.0, Diff:  0.0, Sum:  0.0, Workers: 4
[514.518s][debug][gc,phases      ] GC(36)     Dead                           Min: 0, Avg:  0.0, Max: 0, Diff: 0, Sum: 0, Workers: 4
[514.518s][debug][gc,phases      ] GC(36)     Total                          Min: 0, Avg:  0.0, Max: 0, Diff: 0, Sum: 0, Workers: 4
[514.518s][debug][gc,phases      ] GC(36)   StringDedup Requests1 Weak     Min:  0.0, Avg:  0.0, Max:  0.0, Diff:  0.0, Sum:  0.0, Workers: 4
[514.518s][debug][gc,phases      ] GC(36)     Dead                           Min: 0, Avg:  0.0, Max: 0, Diff: 0, Sum: 0, Workers: 4
[514.518s][debug][gc,phases      ] GC(36)     Total                          Min: 0, Avg:  0.0, Max: 0, Diff: 0, Sum: 0, Workers: 4
[514.518s][debug][gc,phases      ] GC(36)   Weak JFR Old Object Samples    Min:  0.0, Avg:  0.0, Max:  0.0, Diff:  0.0, Sum:  0.0, Workers: 4
[514.518s][debug][gc,phases      ] GC(36)     Dead                           Min: 0, Avg:  0.0, Max: 0, Diff: 0, Sum: 0, Workers: 4
[514.518s][debug][gc,phases      ] GC(36)     Total                          Min: 0, Avg:  0.0, Max: 0, Diff: 0, Sum: 0, Workers: 4
[514.518s][debug][gc,phases      ] GC(36) Weak Processing 0.521ms
[514.518s][debug][gc,age         ] GC(36) Desired survivor size 209190912 bytes, new threshold 15 (max threshold 15)
[514.518s][info ][gc,heap        ] GC(36) PSYoungGen: 1673088K(1846784K)->59952K(1892864K) Eden: 1613312K(1613312K)->0K(1674752K) From: 59776K(233472K)->59952K(218112K)
[514.518s][info ][gc,heap        ] GC(36) ParOldGen: 388060K(532992K)->388068K(532992K)
[514.518s][info ][gc,metaspace   ] GC(36) Metaspace: 80718K(81792K)->80718K(81792K) NonClass: 69232K(69824K)->69232K(69824K) Class: 11486K(11968K)->11486K(11968K)
[514.518s][info ][gc             ] GC(36) Pause Young (Allocation Failure) 2012M->437M(2369M) 30.005ms
[514.518s][info ][gc,cpu         ] GC(36) User=0.07s Sys=0.00s Real=0.03s
[514.518s][info ][safepoint      ] Safepoint "ParallelGCFailedAllocation", Time since last: 765274798 ns, Reaching safepoint: 48501 ns, At safepoint: 30132289 ns, Total: 30180790 ns
[516.518s][info ][safepoint      ] Safepoint "Cleanup", Time since last: 2000163935 ns, Reaching safepoint: 64302 ns, At safepoint: 3100 ns, Total: 67402 ns
[523.519s][info ][safepoint      ] Safepoint "Cleanup", Time since last: 7000428627 ns, Reaching safepoint: 58101 ns, At safepoint: 8901 ns, Total: 67002 ns
[528.519s][info ][safepoint      ] Safepoint "Cleanup", Time since last: 5000369604 ns, Reaching safepoint: 48501 ns, At safepoint: 2800 ns, Total: 51301 ns
[529.519s][info ][safepoint      ] Safepoint "Cleanup", Time since last: 1000125017 ns, Reaching safepoint: 52601 ns, At safepoint: 3000 ns, Total: 55601 ns
[531.519s][info ][safepoint      ] Safepoint "Cleanup", Time since last: 2000201233 ns, Reaching safepoint: 61401 ns, At safepoint: 3300 ns, Total: 64701 ns
[532.520s][info ][safepoint      ] Safepoint "Cleanup", Time since last: 1000132817 ns, Reaching safepoint: 45801 ns, At safepoint: 4100 ns, Total: 49901 ns
[535.520s][info ][safepoint      ] Safepoint "Cleanup", Time since last: 3000302883 ns, Reaching safepoint: 70502 ns, At safepoint: 2900 ns, Total: 73402 ns
[539.520s][info ][safepoint      ] Safepoint "Cleanup", Time since last: 4000337467 ns, Reaching safepoint: 53101 ns, At safepoint: 10901 ns, Total: 64002 ns
[543.521s][info ][safepoint      ] Safepoint "Cleanup", Time since last: 4000315324 ns, Reaching safepoint: 53902 ns, At safepoint: 4300 ns, Total: 58202 ns
[545.521s][info ][safepoint      ] Safepoint "Cleanup", Time since last: 2000187898 ns, Reaching safepoint: 75202 ns, At safepoint: 29900 ns, Total: 105102 ns
[546.521s][info ][safepoint      ] Safepoint "Cleanup", Time since last: 1000116250 ns, Reaching safepoint: 47701 ns, At safepoint: 7800 ns, Total: 55501 ns
[547.521s][info ][safepoint      ] Safepoint "Cleanup", Time since last: 1000122213 ns, Reaching safepoint: 53201 ns, At safepoint: 2900 ns, Total: 56101 ns
[548.522s][info ][safepoint      ] Safepoint "Cleanup", Time since last: 1000132014 ns, Reaching safepoint: 60001 ns, At safepoint: 2700 ns, Total: 62701 ns
[554.522s][info ][safepoint      ] Safepoint "Cleanup", Time since last: 6000450891 ns, Reaching safepoint: 47701 ns, At safepoint: 4100 ns, Total: 51801 ns
[556.522s][info ][safepoint      ] Safepoint "Cleanup", Time since last: 2000207162 ns, Reaching safepoint: 53301 ns, At safepoint: 2800 ns, Total: 56101 ns
[557.523s][info ][safepoint      ] Safepoint "Cleanup", Time since last: 1000200793 ns, Reaching safepoint: 53101 ns, At safepoint: 6100 ns, Total: 59201 ns
[558.523s][info ][safepoint      ] Safepoint "Cleanup", Time since last: 1000122322 ns, Reaching safepoint: 60601 ns, At safepoint: 2900 ns, Total: 63501 ns
[561.523s][info ][safepoint      ] Safepoint "Cleanup", Time since last: 3000261664 ns, Reaching safepoint: 54201 ns, At safepoint: 3100 ns, Total: 57301 ns
[562.523s][info ][safepoint      ] Safepoint "Cleanup", Time since last: 1000153323 ns, Reaching safepoint: 60201 ns, At safepoint: 3900 ns, Total: 64101 ns
[564.524s][info ][safepoint      ] Safepoint "Cleanup", Time since last: 2000197566 ns, Reaching safepoint: 49802 ns, At safepoint: 3400 ns, Total: 53202 ns
[568.524s][info ][safepoint      ] Safepoint "Cleanup", Time since last: 4000332579 ns, Reaching safepoint: 49801 ns, At safepoint: 3800 ns, Total: 53601 ns
[572.736s][info ][gc,start       ] GC(37) Pause Young (Allocation Failure)
[572.761s][debug][gc,phases      ] GC(37) Scavenge 25.351ms
[572.761s][debug][gc,ref         ] GC(37) Skipped phase 1 of Reference Processing: no references
[572.762s][debug][gc,ref         ] GC(37) ReferenceProcessor::execute queues: 1, RefProcThreadModel::Single, marks_oops_alive: false
[572.762s][debug][gc,ref         ] GC(37) Skipped phase 3 of Reference Processing: no references
[572.762s][debug][gc,ref         ] GC(37) ReferenceProcessor::execute queues: 1, RefProcThreadModel::Single, marks_oops_alive: false
[572.762s][debug][gc,phases      ] GC(37) Reference Processing 0.149ms
[572.762s][debug][gc,phases      ] GC(37)   VM Weak                        Min:  0.0, Avg:  0.0, Max:  0.0, Diff:  0.0, Sum:  0.0, Workers: 4
[572.762s][debug][gc,phases      ] GC(37)     Dead                           Min: 0, Avg:  0.0, Max: 0, Diff: 0, Sum: 0, Workers: 4
[572.762s][debug][gc,phases      ] GC(37)     Total                          Min: 0, Avg: 223.2, Max: 573, Diff: 573, Sum: 893, Workers: 4
[572.762s][debug][gc,phases      ] GC(37)   ObjectSynchronizer Weak        Min:  0.0, Avg:  0.0, Max:  0.0, Diff:  0.0, Sum:  0.0, Workers: 4
[572.762s][debug][gc,phases      ] GC(37)     Dead                           Min: 0, Avg:  0.0, Max: 0, Diff: 0, Sum: 0, Workers: 4
[572.762s][debug][gc,phases      ] GC(37)     Total                          Min: 0, Avg:  7.2, Max: 29, Diff: 29, Sum: 29, Workers: 4
[572.762s][debug][gc,phases      ] GC(37)   JVMTI Tag Weak OopStorage      Min:  0.0, Avg:  0.0, Max:  0.0, Diff:  0.0, Sum:  0.0, Workers: 4
[572.762s][debug][gc,phases      ] GC(37)     Dead                           Min: 0, Avg:  0.0, Max: 0, Diff: 0, Sum: 0, Workers: 4
[572.762s][debug][gc,phases      ] GC(37)     Total                          Min: 0, Avg:  0.0, Max: 0, Diff: 0, Sum: 0, Workers: 4
[572.762s][debug][gc,phases      ] GC(37)   StringTable Weak               Min:  0.1, Avg:  0.2, Max:  0.2, Diff:  0.2, Sum:  0.7, Workers: 4
[572.762s][debug][gc,phases      ] GC(37)     Dead                           Min: 0, Avg:  0.0, Max: 0, Diff: 0, Sum: 0, Workers: 4
[572.762s][debug][gc,phases      ] GC(37)     Total                          Min: 3648, Avg: 10741.8, Max: 16000, Diff: 12352, Sum: 42967, Workers: 4
[572.762s][debug][gc,phases      ] GC(37)   ResolvedMethodTable Weak       Min:  0.0, Avg:  0.0, Max:  0.0, Diff:  0.0, Sum:  0.1, Workers: 4
[572.762s][debug][gc,phases      ] GC(37)     Dead                           Min: 0, Avg:  0.0, Max: 0, Diff: 0, Sum: 0, Workers: 4
[572.762s][debug][gc,phases      ] GC(37)     Total                          Min: 0, Avg: 2295.0, Max: 3456, Diff: 3456, Sum: 9180, Workers: 4
[572.762s][debug][gc,phases      ] GC(37)   JNI Weak                       Min:  0.0, Avg:  0.0, Max:  0.0, Diff:  0.0, Sum:  0.0, Workers: 4
[572.762s][debug][gc,phases      ] GC(37)     Dead                           Min: 0, Avg:  0.0, Max: 0, Diff: 0, Sum: 0, Workers: 4
[572.762s][debug][gc,phases      ] GC(37)     Total                          Min: 0, Avg: 11.2, Max: 45, Diff: 45, Sum: 45, Workers: 4
[572.762s][debug][gc,phases      ] GC(37)   StringDedup Table Weak         Min:  0.0, Avg:  0.0, Max:  0.0, Diff:  0.0, Sum:  0.0, Workers: 4
[572.762s][debug][gc,phases      ] GC(37)     Dead                           Min: 0, Avg:  0.0, Max: 0, Diff: 0, Sum: 0, Workers: 4
[572.762s][debug][gc,phases      ] GC(37)     Total                          Min: 0, Avg:  0.0, Max: 0, Diff: 0, Sum: 0, Workers: 4
[572.762s][debug][gc,phases      ] GC(37)   StringDedup Requests0 Weak     Min:  0.0, Avg:  0.0, Max:  0.0, Diff:  0.0, Sum:  0.0, Workers: 4
[572.762s][debug][gc,phases      ] GC(37)     Dead                           Min: 0, Avg:  0.0, Max: 0, Diff: 0, Sum: 0, Workers: 4
[572.762s][debug][gc,phases      ] GC(37)     Total                          Min: 0, Avg:  0.0, Max: 0, Diff: 0, Sum: 0, Workers: 4
[572.762s][debug][gc,phases      ] GC(37)   StringDedup Requests1 Weak     Min:  0.0, Avg:  0.0, Max:  0.0, Diff:  0.0, Sum:  0.0, Workers: 4
[572.762s][debug][gc,phases      ] GC(37)     Dead                           Min: 0, Avg:  0.0, Max: 0, Diff: 0, Sum: 0, Workers: 4
[572.762s][debug][gc,phases      ] GC(37)     Total                          Min: 0, Avg:  0.0, Max: 0, Diff: 0, Sum: 0, Workers: 4
[572.762s][debug][gc,phases      ] GC(37)   Weak JFR Old Object Samples    Min:  0.0, Avg:  0.0, Max:  0.0, Diff:  0.0, Sum:  0.0, Workers: 4
[572.762s][debug][gc,phases      ] GC(37)     Dead                           Min: 0, Avg:  0.0, Max: 0, Diff: 0, Sum: 0, Workers: 4
[572.762s][debug][gc,phases      ] GC(37)     Total                          Min: 0, Avg:  0.0, Max: 0, Diff: 0, Sum: 0, Workers: 4
[572.762s][debug][gc,phases      ] GC(37) Weak Processing 0.494ms
[572.762s][debug][gc,age         ] GC(37) Desired survivor size 196083712 bytes, new threshold 15 (max threshold 15)
[572.762s][info ][gc,heap        ] GC(37) PSYoungGen: 1734704K(1892864K)->60144K(1879040K) Eden: 1674752K(1674752K)->0K(1674752K) From: 59952K(218112K)->60144K(204288K)
[572.762s][info ][gc,heap        ] GC(37) ParOldGen: 388068K(532992K)->388276K(532992K)
[572.762s][info ][gc,metaspace   ] GC(37) Metaspace: 80757K(81856K)->80757K(81856K) NonClass: 69270K(69888K)->69270K(69888K) Class: 11486K(11968K)->11486K(11968K)
[572.762s][info ][gc             ] GC(37) Pause Young (Allocation Failure) 2073M->437M(2355M) 26.143ms
[572.762s][info ][gc,cpu         ] GC(37) User=0.06s Sys=0.00s Real=0.03s
[572.762s][info ][safepoint      ] Safepoint "ParallelGCFailedAllocation", Time since last: 4211887347 ns, Reaching safepoint: 49401 ns, At safepoint: 26241591 ns, Total: 26290992 ns
[585.763s][info ][safepoint      ] Safepoint "Cleanup", Time since last: 13000947350 ns, Reaching safepoint: 54501 ns, At safepoint: 4601 ns, Total: 59102 ns
[587.764s][info ][safepoint      ] Safepoint "Cleanup", Time since last: 2000214468 ns, Reaching safepoint: 72902 ns, At safepoint: 3100 ns, Total: 76002 ns
[589.764s][info ][safepoint      ] Safepoint "Cleanup", Time since last: 2000193238 ns, Reaching safepoint: 52501 ns, At safepoint: 3000 ns, Total: 55501 ns
[590.764s][info ][safepoint      ] Safepoint "Cleanup", Time since last: 1000134819 ns, Reaching safepoint: 57601 ns, At safepoint: 10200 ns, Total: 67801 ns
[592.764s][info ][safepoint      ] Safepoint "Cleanup", Time since last: 2000199335 ns, Reaching safepoint: 65302 ns, At safepoint: 2300 ns, Total: 67602 ns
[599.997s][info ][safepoint      ] Safepoint "Cleanup", Time since last: 7232942880 ns, Reaching safepoint: 79902 ns, At safepoint: 6700 ns, Total: 86602 ns
[621.999s][info ][safepoint      ] Safepoint "Cleanup", Time since last: 22001789715 ns, Reaching safepoint: 57501 ns, At safepoint: 3600 ns, Total: 61101 ns
[628.584s][info ][safepoint      ] Safepoint "Cleanup", Time since last: 6584549140 ns, Reaching safepoint: 172904 ns, At safepoint: 10200 ns, Total: 183104 ns
[629.986s][info ][safepoint      ] Safepoint "Cleanup", Time since last: 1402178293 ns, Reaching safepoint: 148202 ns, At safepoint: 7300 ns, Total: 155502 ns
[630.784s][info ][gc,start       ] GC(38) Pause Young (Allocation Failure)
[630.831s][debug][gc,phases      ] GC(38) Scavenge 47.451ms
[630.831s][debug][gc,ref         ] GC(38) Skipped phase 1 of Reference Processing: no references
[630.831s][debug][gc,ref         ] GC(38) ReferenceProcessor::execute queues: 1, RefProcThreadModel::Single, marks_oops_alive: false
[630.831s][debug][gc,ref         ] GC(38) Skipped phase 3 of Reference Processing: no references
[630.831s][debug][gc,ref         ] GC(38) ReferenceProcessor::execute queues: 1, RefProcThreadModel::Single, marks_oops_alive: false
[630.831s][debug][gc,phases      ] GC(38) Reference Processing 0.151ms
[630.832s][debug][gc,phases      ] GC(38)   VM Weak                        Min:  0.0, Avg:  0.0, Max:  0.0, Diff:  0.0, Sum:  0.0, Workers: 4
[630.832s][debug][gc,phases      ] GC(38)     Dead                           Min: 0, Avg:  0.0, Max: 0, Diff: 0, Sum: 0, Workers: 4
[630.832s][debug][gc,phases      ] GC(38)     Total                          Min: 0, Avg: 224.2, Max: 897, Diff: 897, Sum: 897, Workers: 4
[630.832s][debug][gc,phases      ] GC(38)   ObjectSynchronizer Weak        Min:  0.0, Avg:  0.0, Max:  0.0, Diff:  0.0, Sum:  0.0, Workers: 4
[630.832s][debug][gc,phases      ] GC(38)     Dead                           Min: 0, Avg:  0.0, Max: 0, Diff: 0, Sum: 0, Workers: 4
[630.832s][debug][gc,phases      ] GC(38)     Total                          Min: 0, Avg:  7.2, Max: 29, Diff: 29, Sum: 29, Workers: 4
[630.832s][debug][gc,phases      ] GC(38)   JVMTI Tag Weak OopStorage      Min:  0.0, Avg:  0.0, Max:  0.0, Diff:  0.0, Sum:  0.0, Workers: 4
[630.832s][debug][gc,phases      ] GC(38)     Dead                           Min: 0, Avg:  0.0, Max: 0, Diff: 0, Sum: 0, Workers: 4
[630.832s][debug][gc,phases      ] GC(38)     Total                          Min: 0, Avg:  0.0, Max: 0, Diff: 0, Sum: 0, Workers: 4
[630.832s][debug][gc,phases      ] GC(38)   StringTable Weak               Min:  0.0, Avg:  0.1, Max:  0.3, Diff:  0.3, Sum:  0.4, Workers: 4
[630.832s][debug][gc,phases      ] GC(38)     Dead                           Min: 0, Avg:  0.0, Max: 0, Diff: 0, Sum: 0, Workers: 4
[630.832s][debug][gc,phases      ] GC(38)     Total                          Min: 0, Avg: 10744.8, Max: 27044, Diff: 27044, Sum: 42979, Workers: 4
[630.832s][debug][gc,phases      ] GC(38)   ResolvedMethodTable Weak       Min:  0.0, Avg:  0.0, Max:  0.0, Diff:  0.0, Sum:  0.1, Workers: 4
[630.832s][debug][gc,phases      ] GC(38)     Dead                           Min: 0, Avg:  0.0, Max: 0, Diff: 0, Sum: 0, Workers: 4
[630.832s][debug][gc,phases      ] GC(38)     Total                          Min: 0, Avg: 2297.5, Max: 4736, Diff: 4736, Sum: 9190, Workers: 4
[630.832s][debug][gc,phases      ] GC(38)   JNI Weak                       Min:  0.0, Avg:  0.0, Max:  0.0, Diff:  0.0, Sum:  0.0, Workers: 4
[630.832s][debug][gc,phases      ] GC(38)     Dead                           Min: 0, Avg:  0.0, Max: 0, Diff: 0, Sum: 0, Workers: 4
[630.832s][debug][gc,phases      ] GC(38)     Total                          Min: 0, Avg: 11.2, Max: 45, Diff: 45, Sum: 45, Workers: 4
[630.832s][debug][gc,phases      ] GC(38)   StringDedup Table Weak         Min:  0.0, Avg:  0.0, Max:  0.0, Diff:  0.0, Sum:  0.0, Workers: 4
[630.832s][debug][gc,phases      ] GC(38)     Dead                           Min: 0, Avg:  0.0, Max: 0, Diff: 0, Sum: 0, Workers: 4
[630.832s][debug][gc,phases      ] GC(38)     Total                          Min: 0, Avg:  0.0, Max: 0, Diff: 0, Sum: 0, Workers: 4
[630.832s][debug][gc,phases      ] GC(38)   StringDedup Requests0 Weak     Min:  0.0, Avg:  0.0, Max:  0.0, Diff:  0.0, Sum:  0.0, Workers: 4
[630.832s][debug][gc,phases      ] GC(38)     Dead                           Min: 0, Avg:  0.0, Max: 0, Diff: 0, Sum: 0, Workers: 4
[630.832s][debug][gc,phases      ] GC(38)     Total                          Min: 0, Avg:  0.0, Max: 0, Diff: 0, Sum: 0, Workers: 4
[630.832s][debug][gc,phases      ] GC(38)   StringDedup Requests1 Weak     Min:  0.0, Avg:  0.0, Max:  0.0, Diff:  0.0, Sum:  0.0, Workers: 4
[630.832s][debug][gc,phases      ] GC(38)     Dead                           Min: 0, Avg:  0.0, Max: 0, Diff: 0, Sum: 0, Workers: 4
[630.832s][debug][gc,phases      ] GC(38)     Total                          Min: 0, Avg:  0.0, Max: 0, Diff: 0, Sum: 0, Workers: 4
[630.832s][debug][gc,phases      ] GC(38)   Weak JFR Old Object Samples    Min:  0.0, Avg:  0.0, Max:  0.0, Diff:  0.0, Sum:  0.0, Workers: 4
[630.832s][debug][gc,phases      ] GC(38)     Dead                           Min: 0, Avg:  0.0, Max: 0, Diff: 0, Sum: 0, Workers: 4
[630.832s][debug][gc,phases      ] GC(38)     Total                          Min: 0, Avg:  0.0, Max: 0, Diff: 0, Sum: 0, Workers: 4
[630.832s][debug][gc,phases      ] GC(38) Weak Processing 0.557ms
[630.832s][debug][gc,age         ] GC(38) Desired survivor size 184549376 bytes, new threshold 15 (max threshold 15)
[630.832s][info ][gc,heap        ] GC(38) PSYoungGen: 1734896K(1879040K)->60016K(1916928K) Eden: 1674752K(1674752K)->0K(1725440K) From: 60144K(204288K)->60016K(191488K)
[630.832s][info ][gc,heap        ] GC(38) ParOldGen: 388276K(532992K)->388436K(532992K)
[630.832s][info ][gc,metaspace   ] GC(38) Metaspace: 80814K(81920K)->80814K(81920K) NonClass: 69325K(69952K)->69325K(69952K) Class: 11489K(11968K)->11489K(11968K)
[630.832s][info ][gc             ] GC(38) Pause Young (Allocation Failure) 2073M->437M(2392M) 48.332ms
[630.832s][info ][gc,cpu         ] GC(38) User=0.07s Sys=0.00s Real=0.05s
[630.832s][info ][safepoint      ] Safepoint "ParallelGCFailedAllocation", Time since last: 797278249 ns, Reaching safepoint: 135502 ns, At safepoint: 48429454 ns, Total: 48564956 ns
[631.832s][info ][safepoint      ] Safepoint "Cleanup", Time since last: 1000099722 ns, Reaching safepoint: 135102 ns, At safepoint: 5500 ns, Total: 140602 ns
[632.833s][info ][safepoint      ] Safepoint "Cleanup", Time since last: 1000136618 ns, Reaching safepoint: 127603 ns, At safepoint: 5800 ns, Total: 133403 ns
[638.833s][info ][safepoint      ] Safepoint "Cleanup", Time since last: 6000601876 ns, Reaching safepoint: 135303 ns, At safepoint: 5800 ns, Total: 141103 ns
[640.834s][info ][safepoint      ] Safepoint "Cleanup", Time since last: 2000295474 ns, Reaching safepoint: 134203 ns, At safepoint: 4700 ns, Total: 138903 ns
[645.834s][info ][safepoint      ] Safepoint "Cleanup", Time since last: 5000494995 ns, Reaching safepoint: 152304 ns, At safepoint: 4500 ns, Total: 156804 ns
[646.835s][info ][safepoint      ] Safepoint "Cleanup", Time since last: 1000128324 ns, Reaching safepoint: 133803 ns, At safepoint: 4500 ns, Total: 138303 ns
[648.835s][info ][safepoint      ] Safepoint "Cleanup", Time since last: 2000195547 ns, Reaching safepoint: 121103 ns, At safepoint: 4700 ns, Total: 125803 ns
[662.836s][info ][safepoint      ] Safepoint "Cleanup", Time since last: 14001091316 ns, Reaching safepoint: 154804 ns, At safepoint: 4700 ns, Total: 159504 ns
[664.837s][info ][safepoint      ] Safepoint "Cleanup", Time since last: 2000211773 ns, Reaching safepoint: 109302 ns, At safepoint: 6100 ns, Total: 115402 ns
[665.837s][info ][safepoint      ] Safepoint "Cleanup", Time since last: 1000125437 ns, Reaching safepoint: 135703 ns, At safepoint: 4700 ns, Total: 140403 ns
[666.837s][info ][safepoint      ] Safepoint "Cleanup", Time since last: 1000139538 ns, Reaching safepoint: 181003 ns, At safepoint: 6401 ns, Total: 187404 ns
[670.838s][info ][safepoint      ] Safepoint "Cleanup", Time since last: 4000382655 ns, Reaching safepoint: 121003 ns, At safepoint: 8900 ns, Total: 129903 ns
[671.838s][info ][safepoint      ] Safepoint "Cleanup", Time since last: 1000137256 ns, Reaching safepoint: 189504 ns, At safepoint: 4001 ns, Total: 193505 ns
[673.838s][info ][safepoint      ] Safepoint "Cleanup", Time since last: 2000234211 ns, Reaching safepoint: 143203 ns, At safepoint: 7700 ns, Total: 150903 ns
[678.839s][info ][safepoint      ] Safepoint "Cleanup", Time since last: 5000455649 ns, Reaching safepoint: 127502 ns, At safepoint: 5100 ns, Total: 132602 ns
[680.839s][info ][safepoint      ] Safepoint "Cleanup", Time since last: 2000217934 ns, Reaching safepoint: 63301 ns, At safepoint: 3100 ns, Total: 66401 ns
[681.839s][info ][safepoint      ] Safepoint "Cleanup", Time since last: 1000132617 ns, Reaching safepoint: 37401 ns, At safepoint: 3100 ns, Total: 40501 ns
[682.840s][info ][safepoint      ] Safepoint "Cleanup", Time since last: 1000135817 ns, Reaching safepoint: 116602 ns, At safepoint: 4901 ns, Total: 121503 ns
[683.840s][info ][safepoint      ] Safepoint "Cleanup", Time since last: 1000137717 ns, Reaching safepoint: 65901 ns, At safepoint: 3700 ns, Total: 69601 ns
[686.586s][info ][gc,start       ] GC(39) Pause Young (Allocation Failure)
[686.609s][debug][gc,phases      ] GC(39) Scavenge 22.382ms
[686.609s][debug][gc,ref         ] GC(39) Skipped phase 1 of Reference Processing: no references
[686.609s][debug][gc,ref         ] GC(39) ReferenceProcessor::execute queues: 1, RefProcThreadModel::Single, marks_oops_alive: false
[686.609s][debug][gc,ref         ] GC(39) Skipped phase 3 of Reference Processing: no references
[686.609s][debug][gc,ref         ] GC(39) ReferenceProcessor::execute queues: 1, RefProcThreadModel::Single, marks_oops_alive: false
[686.609s][debug][gc,phases      ] GC(39) Reference Processing 0.135ms
[686.609s][debug][gc,phases      ] GC(39)   VM Weak                        Min:  0.0, Avg:  0.0, Max:  0.0, Diff:  0.0, Sum:  0.0, Workers: 4
[686.609s][debug][gc,phases      ] GC(39)     Dead                           Min: 0, Avg:  0.0, Max: 0, Diff: 0, Sum: 0, Workers: 4
[686.609s][debug][gc,phases      ] GC(39)     Total                          Min: 0, Avg: 224.2, Max: 449, Diff: 449, Sum: 897, Workers: 4
[686.609s][debug][gc,phases      ] GC(39)   ObjectSynchronizer Weak        Min:  0.0, Avg:  0.0, Max:  0.0, Diff:  0.0, Sum:  0.0, Workers: 4
[686.609s][debug][gc,phases      ] GC(39)     Dead                           Min: 0, Avg:  0.0, Max: 0, Diff: 0, Sum: 0, Workers: 4
[686.609s][debug][gc,phases      ] GC(39)     Total                          Min: 0, Avg:  7.2, Max: 29, Diff: 29, Sum: 29, Workers: 4
[686.609s][debug][gc,phases      ] GC(39)   JVMTI Tag Weak OopStorage      Min:  0.0, Avg:  0.0, Max:  0.0, Diff:  0.0, Sum:  0.0, Workers: 4
[686.609s][debug][gc,phases      ] GC(39)     Dead                           Min: 0, Avg:  0.0, Max: 0, Diff: 0, Sum: 0, Workers: 4
[686.609s][debug][gc,phases      ] GC(39)     Total                          Min: 0, Avg:  0.0, Max: 0, Diff: 0, Sum: 0, Workers: 4
[686.609s][debug][gc,phases      ] GC(39)   StringTable Weak               Min:  0.0, Avg:  0.1, Max:  0.1, Diff:  0.1, Sum:  0.4, Workers: 4
[686.609s][debug][gc,phases      ] GC(39)     Dead                           Min: 0, Avg:  0.0, Max: 0, Diff: 0, Sum: 0, Workers: 4
[686.609s][debug][gc,phases      ] GC(39)     Total                          Min: 0, Avg: 10745.8, Max: 15104, Diff: 15104, Sum: 42983, Workers: 4
[686.609s][debug][gc,phases      ] GC(39)   ResolvedMethodTable Weak       Min:  0.0, Avg:  0.0, Max:  0.0, Diff:  0.0, Sum:  0.1, Workers: 4
[686.609s][debug][gc,phases      ] GC(39)     Dead                           Min: 0, Avg:  0.0, Max: 0, Diff: 0, Sum: 0, Workers: 4
[686.609s][debug][gc,phases      ] GC(39)     Total                          Min: 0, Avg: 2298.8, Max: 3179, Diff: 3179, Sum: 9195, Workers: 4
[686.609s][debug][gc,phases      ] GC(39)   JNI Weak                       Min:  0.0, Avg:  0.0, Max:  0.0, Diff:  0.0, Sum:  0.0, Workers: 4
[686.609s][debug][gc,phases      ] GC(39)     Dead                           Min: 0, Avg:  0.0, Max: 0, Diff: 0, Sum: 0, Workers: 4
[686.609s][debug][gc,phases      ] GC(39)     Total                          Min: 0, Avg: 11.2, Max: 45, Diff: 45, Sum: 45, Workers: 4
[686.609s][debug][gc,phases      ] GC(39)   StringDedup Table Weak         Min:  0.0, Avg:  0.0, Max:  0.0, Diff:  0.0, Sum:  0.0, Workers: 4
[686.609s][debug][gc,phases      ] GC(39)     Dead                           Min: 0, Avg:  0.0, Max: 0, Diff: 0, Sum: 0, Workers: 4
[686.609s][debug][gc,phases      ] GC(39)     Total                          Min: 0, Avg:  0.0, Max: 0, Diff: 0, Sum: 0, Workers: 4
[686.609s][debug][gc,phases      ] GC(39)   StringDedup Requests0 Weak     Min:  0.0, Avg:  0.0, Max:  0.0, Diff:  0.0, Sum:  0.0, Workers: 4
[686.609s][debug][gc,phases      ] GC(39)     Dead                           Min: 0, Avg:  0.0, Max: 0, Diff: 0, Sum: 0, Workers: 4
[686.609s][debug][gc,phases      ] GC(39)     Total                          Min: 0, Avg:  0.0, Max: 0, Diff: 0, Sum: 0, Workers: 4
[686.609s][debug][gc,phases      ] GC(39)   StringDedup Requests1 Weak     Min:  0.0, Avg:  0.0, Max:  0.0, Diff:  0.0, Sum:  0.0, Workers: 4
[686.609s][debug][gc,phases      ] GC(39)     Dead                           Min: 0, Avg:  0.0, Max: 0, Diff: 0, Sum: 0, Workers: 4
[686.609s][debug][gc,phases      ] GC(39)     Total                          Min: 0, Avg:  0.0, Max: 0, Diff: 0, Sum: 0, Workers: 4
[686.609s][debug][gc,phases      ] GC(39)   Weak JFR Old Object Samples    Min:  0.0, Avg:  0.0, Max:  0.0, Diff:  0.0, Sum:  0.0, Workers: 4
[686.609s][debug][gc,phases      ] GC(39)     Dead                           Min: 0, Avg:  0.0, Max: 0, Diff: 0, Sum: 0, Workers: 4
[686.609s][debug][gc,phases      ] GC(39)     Total                          Min: 0, Avg:  0.0, Max: 0, Diff: 0, Sum: 0, Workers: 4
[686.609s][debug][gc,phases      ] GC(39) Weak Processing 0.377ms
[686.609s][debug][gc,age         ] GC(39) Desired survivor size 173539328 bytes, new threshold 15 (max threshold 15)
[686.609s][info ][gc,heap        ] GC(39) PSYoungGen: 1785456K(1916928K)->59648K(1905664K) Eden: 1725440K(1725440K)->0K(1725440K) From: 60016K(191488K)->59648K(180224K)
[686.609s][info ][gc,heap        ] GC(39) ParOldGen: 388436K(532992K)->388600K(532992K)
[686.609s][info ][gc,metaspace   ] GC(39) Metaspace: 80849K(81920K)->80849K(81920K) NonClass: 69357K(69952K)->69357K(69952K) Class: 11491K(11968K)->11491K(11968K)
[686.609s][info ][gc             ] GC(39) Pause Young (Allocation Failure) 2122M->437M(2381M) 23.063ms
[686.609s][info ][gc,cpu         ] GC(39) User=0.06s Sys=0.00s Real=0.02s
[686.609s][info ][safepoint      ] Safepoint "ParallelGCFailedAllocation", Time since last: 2746145750 ns, Reaching safepoint: 46801 ns, At safepoint: 23148004 ns, Total: 23194805 ns
[688.609s][info ][safepoint      ] Safepoint "Cleanup", Time since last: 2000161717 ns, Reaching safepoint: 55401 ns, At safepoint: 2901 ns, Total: 58302 ns
[689.610s][info ][safepoint      ] Safepoint "Cleanup", Time since last: 1000123859 ns, Reaching safepoint: 45701 ns, At safepoint: 2500 ns, Total: 48201 ns
[693.610s][info ][safepoint      ] Safepoint "Cleanup", Time since last: 4000363833 ns, Reaching safepoint: 62601 ns, At safepoint: 2900 ns, Total: 65501 ns
[696.610s][info ][safepoint      ] Safepoint "Cleanup", Time since last: 3000261965 ns, Reaching safepoint: 70701 ns, At safepoint: 3100 ns, Total: 73801 ns
[701.611s][info ][safepoint      ] Safepoint "Cleanup", Time since last: 5000409911 ns, Reaching safepoint: 51301 ns, At safepoint: 11600 ns, Total: 62901 ns
[711.612s][info ][safepoint      ] Safepoint "Cleanup", Time since last: 10000732978 ns, Reaching safepoint: 55601 ns, At safepoint: 3600 ns, Total: 59201 ns
[712.612s][info ][safepoint      ] Safepoint "Cleanup", Time since last: 1000125634 ns, Reaching safepoint: 49201 ns, At safepoint: 4300 ns, Total: 53501 ns
[713.612s][info ][safepoint      ] Safepoint "Cleanup", Time since last: 1000120633 ns, Reaching safepoint: 51101 ns, At safepoint: 2900 ns, Total: 54001 ns
[720.613s][info ][safepoint      ] Safepoint "Cleanup", Time since last: 7000549346 ns, Reaching safepoint: 45901 ns, At safepoint: 4101 ns, Total: 50002 ns
[724.613s][info ][safepoint      ] Safepoint "Cleanup", Time since last: 4000330371 ns, Reaching safepoint: 53301 ns, At safepoint: 47101 ns, Total: 100402 ns
[727.613s][info ][safepoint      ] Safepoint "Cleanup", Time since last: 3000265434 ns, Reaching safepoint: 55801 ns, At safepoint: 4301 ns, Total: 60102 ns
[728.613s][info ][safepoint      ] Safepoint "Cleanup", Time since last: 1000123539 ns, Reaching safepoint: 48401 ns, At safepoint: 2500 ns, Total: 50901 ns
[734.614s][info ][safepoint      ] Safepoint "Cleanup", Time since last: 6000428605 ns, Reaching safepoint: 68602 ns, At safepoint: 30100 ns, Total: 98702 ns
[736.614s][info ][safepoint      ] Safepoint "Cleanup", Time since last: 2000184751 ns, Reaching safepoint: 41400 ns, At safepoint: 2601 ns, Total: 44001 ns
[739.615s][info ][safepoint      ] Safepoint "Cleanup", Time since last: 3000217973 ns, Reaching safepoint: 49601 ns, At safepoint: 3301 ns, Total: 52902 ns
[741.615s][info ][safepoint      ] Safepoint "Cleanup", Time since last: 2000165593 ns, Reaching safepoint: 54701 ns, At safepoint: 3800 ns, Total: 58501 ns
[742.683s][info ][gc,start       ] GC(40) Pause Young (Allocation Failure)
[742.714s][debug][gc,phases      ] GC(40) Scavenge 31.691ms
[742.714s][debug][gc,ref         ] GC(40) Skipped phase 1 of Reference Processing: no references
[742.715s][debug][gc,ref         ] GC(40) ReferenceProcessor::execute queues: 1, RefProcThreadModel::Single, marks_oops_alive: false
[742.715s][debug][gc,ref         ] GC(40) Skipped phase 3 of Reference Processing: no references
[742.715s][debug][gc,ref         ] GC(40) ReferenceProcessor::execute queues: 1, RefProcThreadModel::Single, marks_oops_alive: false
[742.715s][debug][gc,phases      ] GC(40) Reference Processing 0.146ms
[742.715s][debug][gc,phases      ] GC(40)   VM Weak                        Min:  0.0, Avg:  0.0, Max:  0.0, Diff:  0.0, Sum:  0.0, Workers: 4
[742.715s][debug][gc,phases      ] GC(40)     Dead                           Min: 0, Avg:  0.0, Max: 0, Diff: 0, Sum: 0, Workers: 4
[742.715s][debug][gc,phases      ] GC(40)     Total                          Min: 0, Avg: 224.2, Max: 768, Diff: 768, Sum: 897, Workers: 4
[742.715s][debug][gc,phases      ] GC(40)   ObjectSynchronizer Weak        Min:  0.0, Avg:  0.0, Max:  0.0, Diff:  0.0, Sum:  0.0, Workers: 4
[742.715s][debug][gc,phases      ] GC(40)     Dead                           Min: 0, Avg:  0.0, Max: 0, Diff: 0, Sum: 0, Workers: 4
[742.715s][debug][gc,phases      ] GC(40)     Total                          Min: 0, Avg:  7.2, Max: 29, Diff: 29, Sum: 29, Workers: 4
[742.715s][debug][gc,phases      ] GC(40)   JVMTI Tag Weak OopStorage      Min:  0.0, Avg:  0.0, Max:  0.0, Diff:  0.0, Sum:  0.0, Workers: 4
[742.715s][debug][gc,phases      ] GC(40)     Dead                           Min: 0, Avg:  0.0, Max: 0, Diff: 0, Sum: 0, Workers: 4
[742.715s][debug][gc,phases      ] GC(40)     Total                          Min: 0, Avg:  0.0, Max: 0, Diff: 0, Sum: 0, Workers: 4
[742.715s][debug][gc,phases      ] GC(40)   StringTable Weak               Min:  0.0, Avg:  0.1, Max:  0.1, Diff:  0.1, Sum:  0.4, Workers: 4
[742.715s][debug][gc,phases      ] GC(40)     Dead                           Min: 0, Avg:  0.0, Max: 0, Diff: 0, Sum: 0, Workers: 4
[742.715s][debug][gc,phases      ] GC(40)     Total                          Min: 0, Avg: 10747.5, Max: 14719, Diff: 14719, Sum: 42990, Workers: 4
[742.715s][debug][gc,phases      ] GC(40)   ResolvedMethodTable Weak       Min:  0.0, Avg:  0.0, Max:  0.0, Diff:  0.0, Sum:  0.1, Workers: 4
[742.715s][debug][gc,phases      ] GC(40)     Dead                           Min: 0, Avg:  0.0, Max: 0, Diff: 0, Sum: 0, Workers: 4
[742.715s][debug][gc,phases      ] GC(40)     Total                          Min: 0, Avg: 2298.8, Max: 3264, Diff: 3264, Sum: 9195, Workers: 4
[742.715s][debug][gc,phases      ] GC(40)   JNI Weak                       Min:  0.0, Avg:  0.0, Max:  0.0, Diff:  0.0, Sum:  0.0, Workers: 4
[742.715s][debug][gc,phases      ] GC(40)     Dead                           Min: 0, Avg:  0.0, Max: 0, Diff: 0, Sum: 0, Workers: 4
[742.715s][debug][gc,phases      ] GC(40)     Total                          Min: 0, Avg: 11.2, Max: 45, Diff: 45, Sum: 45, Workers: 4
[742.715s][debug][gc,phases      ] GC(40)   StringDedup Table Weak         Min:  0.0, Avg:  0.0, Max:  0.0, Diff:  0.0, Sum:  0.0, Workers: 4
[742.715s][debug][gc,phases      ] GC(40)     Dead                           Min: 0, Avg:  0.0, Max: 0, Diff: 0, Sum: 0, Workers: 4
[742.715s][debug][gc,phases      ] GC(40)     Total                          Min: 0, Avg:  0.0, Max: 0, Diff: 0, Sum: 0, Workers: 4
[742.715s][debug][gc,phases      ] GC(40)   StringDedup Requests0 Weak     Min:  0.0, Avg:  0.0, Max:  0.0, Diff:  0.0, Sum:  0.0, Workers: 4
[742.715s][debug][gc,phases      ] GC(40)     Dead                           Min: 0, Avg:  0.0, Max: 0, Diff: 0, Sum: 0, Workers: 4
[742.715s][debug][gc,phases      ] GC(40)     Total                          Min: 0, Avg:  0.0, Max: 0, Diff: 0, Sum: 0, Workers: 4
[742.715s][debug][gc,phases      ] GC(40)   StringDedup Requests1 Weak     Min:  0.0, Avg:  0.0, Max:  0.0, Diff:  0.0, Sum:  0.0, Workers: 4
[742.715s][debug][gc,phases      ] GC(40)     Dead                           Min: 0, Avg:  0.0, Max: 0, Diff: 0, Sum: 0, Workers: 4
[742.715s][debug][gc,phases      ] GC(40)     Total                          Min: 0, Avg:  0.0, Max: 0, Diff: 0, Sum: 0, Workers: 4
[742.715s][debug][gc,phases      ] GC(40)   Weak JFR Old Object Samples    Min:  0.0, Avg:  0.0, Max:  0.0, Diff:  0.0, Sum:  0.0, Workers: 4
[742.715s][debug][gc,phases      ] GC(40)     Dead                           Min: 0, Avg:  0.0, Max: 0, Diff: 0, Sum: 0, Workers: 4
[742.715s][debug][gc,phases      ] GC(40)     Total                          Min: 0, Avg:  0.0, Max: 0, Diff: 0, Sum: 0, Workers: 4
[742.715s][debug][gc,phases      ] GC(40) Weak Processing 0.426ms
[742.715s][debug][gc,age         ] GC(40) Desired survivor size 163577856 bytes, new threshold 15 (max threshold 15)
[742.715s][info ][gc,heap        ] GC(40) PSYoungGen: 1785088K(1905664K)->59808K(1937408K) Eden: 1725440K(1725440K)->0K(1767936K) From: 59648K(180224K)->59808K(169472K)
[742.715s][info ][gc,heap        ] GC(40) ParOldGen: 388600K(532992K)->388741K(532992K)
[742.715s][info ][gc,metaspace   ] GC(40) Metaspace: 80887K(81984K)->80887K(81984K) NonClass: 69395K(70016K)->69395K(70016K) Class: 11491K(11968K)->11491K(11968K)
[742.715s][info ][gc             ] GC(40) Pause Young (Allocation Failure) 2122M->438M(2412M) 32.414ms
[742.715s][info ][gc,cpu         ] GC(40) User=0.07s Sys=0.00s Real=0.03s
[742.715s][info ][safepoint      ] Safepoint "ParallelGCFailedAllocation", Time since last: 1067742451 ns, Reaching safepoint: 107402 ns, At safepoint: 32503293 ns, Total: 32610695 ns
[744.715s][info ][safepoint      ] Safepoint "Cleanup", Time since last: 2000168019 ns, Reaching safepoint: 53301 ns, At safepoint: 5800 ns, Total: 59101 ns
[752.716s][info ][safepoint      ] Safepoint "Cleanup", Time since last: 8000619051 ns, Reaching safepoint: 53101 ns, At safepoint: 4400 ns, Total: 57501 ns
[757.716s][info ][safepoint      ] Safepoint "Cleanup", Time since last: 5000376685 ns, Reaching safepoint: 53001 ns, At safepoint: 3100 ns, Total: 56101 ns
[764.718s][info ][safepoint      ] Safepoint "Cleanup", Time since last: 7001276000 ns, Reaching safepoint: 63301 ns, At safepoint: 2900 ns, Total: 66201 ns
[775.719s][info ][safepoint      ] Safepoint "Cleanup", Time since last: 11000746265 ns, Reaching safepoint: 49301 ns, At safepoint: 2500 ns, Total: 51801 ns
[776.719s][info ][safepoint      ] Safepoint "Cleanup", Time since last: 1000146465 ns, Reaching safepoint: 55001 ns, At safepoint: 4800 ns, Total: 59801 ns
[777.719s][info ][safepoint      ] Safepoint "Cleanup", Time since last: 1000122664 ns, Reaching safepoint: 47401 ns, At safepoint: 4200 ns, Total: 51601 ns
[780.719s][info ][safepoint      ] Safepoint "Cleanup", Time since last: 3000269689 ns, Reaching safepoint: 55801 ns, At safepoint: 10800 ns, Total: 66601 ns
[787.720s][info ][safepoint      ] Safepoint "Cleanup", Time since last: 7000551790 ns, Reaching safepoint: 63402 ns, At safepoint: 2800 ns, Total: 66202 ns
[788.720s][info ][safepoint      ] Safepoint "Cleanup", Time since last: 1000136541 ns, Reaching safepoint: 48702 ns, At safepoint: 2800 ns, Total: 51502 ns
[792.721s][info ][safepoint      ] Safepoint "Cleanup", Time since last: 4000332901 ns, Reaching safepoint: 109102 ns, At safepoint: 5800 ns, Total: 114902 ns
[794.721s][info ][safepoint      ] Safepoint "Cleanup", Time since last: 2000210404 ns, Reaching safepoint: 60901 ns, At safepoint: 2800 ns, Total: 63701 ns
[797.721s][info ][safepoint      ] Safepoint "Cleanup", Time since last: 3000263714 ns, Reaching safepoint: 69902 ns, At safepoint: 3500 ns, Total: 73402 ns
[797.882s][info ][gc,start       ] GC(41) Pause Young (Allocation Failure)
[797.906s][debug][gc,phases      ] GC(41) Scavenge 24.619ms
[797.906s][debug][gc,ref         ] GC(41) Skipped phase 1 of Reference Processing: no references
[797.907s][debug][gc,ref         ] GC(41) ReferenceProcessor::execute queues: 1, RefProcThreadModel::Single, marks_oops_alive: false
[797.907s][debug][gc,ref         ] GC(41) Skipped phase 3 of Reference Processing: no references
[797.907s][debug][gc,ref         ] GC(41) ReferenceProcessor::execute queues: 1, RefProcThreadModel::Single, marks_oops_alive: false
[797.907s][debug][gc,phases      ] GC(41) Reference Processing 0.133ms
[797.907s][debug][gc,phases      ] GC(41)   VM Weak                        Min:  0.0, Avg:  0.0, Max:  0.0, Diff:  0.0, Sum:  0.0, Workers: 4
[797.907s][debug][gc,phases      ] GC(41)     Dead                           Min: 0, Avg:  0.0, Max: 0, Diff: 0, Sum: 0, Workers: 4
[797.907s][debug][gc,phases      ] GC(41)     Total                          Min: 0, Avg: 224.2, Max: 513, Diff: 513, Sum: 897, Workers: 4
[797.907s][debug][gc,phases      ] GC(41)   ObjectSynchronizer Weak        Min:  0.0, Avg:  0.0, Max:  0.0, Diff:  0.0, Sum:  0.0, Workers: 4
[797.907s][debug][gc,phases      ] GC(41)     Dead                           Min: 0, Avg:  0.0, Max: 0, Diff: 0, Sum: 0, Workers: 4
[797.907s][debug][gc,phases      ] GC(41)     Total                          Min: 0, Avg:  7.2, Max: 29, Diff: 29, Sum: 29, Workers: 4
[797.907s][debug][gc,phases      ] GC(41)   JVMTI Tag Weak OopStorage      Min:  0.0, Avg:  0.0, Max:  0.0, Diff:  0.0, Sum:  0.0, Workers: 4
[797.907s][debug][gc,phases      ] GC(41)     Dead                           Min: 0, Avg:  0.0, Max: 0, Diff: 0, Sum: 0, Workers: 4
[797.907s][debug][gc,phases      ] GC(41)     Total                          Min: 0, Avg:  0.0, Max: 0, Diff: 0, Sum: 0, Workers: 4
[797.907s][debug][gc,phases      ] GC(41)   StringTable Weak               Min:  0.0, Avg:  0.1, Max:  0.2, Diff:  0.2, Sum:  0.4, Workers: 4
[797.907s][debug][gc,phases      ] GC(41)     Dead                           Min: 0, Avg:  0.0, Max: 0, Diff: 0, Sum: 0, Workers: 4
[797.907s][debug][gc,phases      ] GC(41)     Total                          Min: 0, Avg: 10748.0, Max: 21631, Diff: 21631, Sum: 42992, Workers: 4
[797.907s][debug][gc,phases      ] GC(41)   ResolvedMethodTable Weak       Min:  0.0, Avg:  0.0, Max:  0.1, Diff:  0.1, Sum:  0.1, Workers: 4
[797.907s][debug][gc,phases      ] GC(41)     Dead                           Min: 0, Avg:  0.0, Max: 0, Diff: 0, Sum: 0, Workers: 4
[797.907s][debug][gc,phases      ] GC(41)     Total                          Min: 0, Avg: 2299.5, Max: 4718, Diff: 4718, Sum: 9198, Workers: 4
[797.907s][debug][gc,phases      ] GC(41)   JNI Weak                       Min:  0.0, Avg:  0.0, Max:  0.0, Diff:  0.0, Sum:  0.0, Workers: 4
[797.907s][debug][gc,phases      ] GC(41)     Dead                           Min: 0, Avg:  0.0, Max: 0, Diff: 0, Sum: 0, Workers: 4
[797.907s][debug][gc,phases      ] GC(41)     Total                          Min: 0, Avg: 11.2, Max: 45, Diff: 45, Sum: 45, Workers: 4
[797.907s][debug][gc,phases      ] GC(41)   StringDedup Table Weak         Min:  0.0, Avg:  0.0, Max:  0.0, Diff:  0.0, Sum:  0.0, Workers: 4
[797.907s][debug][gc,phases      ] GC(41)     Dead                           Min: 0, Avg:  0.0, Max: 0, Diff: 0, Sum: 0, Workers: 4
[797.907s][debug][gc,phases      ] GC(41)     Total                          Min: 0, Avg:  0.0, Max: 0, Diff: 0, Sum: 0, Workers: 4
[797.907s][debug][gc,phases      ] GC(41)   StringDedup Requests0 Weak     Min:  0.0, Avg:  0.0, Max:  0.0, Diff:  0.0, Sum:  0.0, Workers: 4
[797.907s][debug][gc,phases      ] GC(41)     Dead                           Min: 0, Avg:  0.0, Max: 0, Diff: 0, Sum: 0, Workers: 4
[797.907s][debug][gc,phases      ] GC(41)     Total                          Min: 0, Avg:  0.0, Max: 0, Diff: 0, Sum: 0, Workers: 4
[797.907s][debug][gc,phases      ] GC(41)   StringDedup Requests1 Weak     Min:  0.0, Avg:  0.0, Max:  0.0, Diff:  0.0, Sum:  0.0, Workers: 4
[797.907s][debug][gc,phases      ] GC(41)     Dead                           Min: 0, Avg:  0.0, Max: 0, Diff: 0, Sum: 0, Workers: 4
[797.907s][debug][gc,phases      ] GC(41)     Total                          Min: 0, Avg:  0.0, Max: 0, Diff: 0, Sum: 0, Workers: 4
[797.907s][debug][gc,phases      ] GC(41)   Weak JFR Old Object Samples    Min:  0.0, Avg:  0.0, Max:  0.0, Diff:  0.0, Sum:  0.0, Workers: 4
[797.907s][debug][gc,phases      ] GC(41)     Dead                           Min: 0, Avg:  0.0, Max: 0, Diff: 0, Sum: 0, Workers: 4
[797.907s][debug][gc,phases      ] GC(41)     Total                          Min: 0, Avg:  0.0, Max: 0, Diff: 0, Sum: 0, Workers: 4
[797.907s][debug][gc,phases      ] GC(41) Weak Processing 0.465ms
[797.907s][debug][gc,age         ] GC(41) Desired survivor size 154664960 bytes, new threshold 15 (max threshold 15)
[797.907s][info ][gc,heap        ] GC(41) PSYoungGen: 1827744K(1937408K)->59440K(1927680K) Eden: 1767936K(1767936K)->0K(1767936K) From: 59808K(169472K)->59440K(159744K)
[797.907s][info ][gc,heap        ] GC(41) ParOldGen: 388741K(532992K)->388965K(532992K)
[797.907s][info ][gc,metaspace   ] GC(41) Metaspace: 80931K(81984K)->80931K(81984K) NonClass: 69438K(70016K)->69438K(70016K) Class: 11493K(11968K)->11493K(11968K)
[797.907s][info ][gc             ] GC(41) Pause Young (Allocation Failure) 2164M->437M(2403M) 25.365ms
[797.907s][info ][gc,cpu         ] GC(41) User=0.06s Sys=0.00s Real=0.02s
[797.907s][info ][safepoint      ] Safepoint "ParallelGCFailedAllocation", Time since last: 160449840 ns, Reaching safepoint: 122102 ns, At safepoint: 25451946 ns, Total: 25574048 ns
[798.907s][info ][safepoint      ] Safepoint "Cleanup", Time since last: 1000091042 ns, Reaching safepoint: 61201 ns, At safepoint: 2900 ns, Total: 64101 ns
[801.908s][info ][safepoint      ] Safepoint "Cleanup", Time since last: 3000265325 ns, Reaching safepoint: 61701 ns, At safepoint: 3500 ns, Total: 65201 ns
[802.915s][info ][safepoint      ] Safepoint "Cleanup", Time since last: 1006772985 ns, Reaching safepoint: 61202 ns, At safepoint: 2800 ns, Total: 64002 ns
[804.915s][info ][safepoint      ] Safepoint "Cleanup", Time since last: 2000207984 ns, Reaching safepoint: 43901 ns, At safepoint: 3600 ns, Total: 47501 ns
[805.915s][info ][safepoint      ] Safepoint "Cleanup", Time since last: 1000131106 ns, Reaching safepoint: 133302 ns, At safepoint: 5901 ns, Total: 139203 ns
[807.915s][info ][safepoint      ] Safepoint "Cleanup", Time since last: 2000195366 ns, Reaching safepoint: 54101 ns, At safepoint: 3800 ns, Total: 57901 ns
[808.915s][info ][safepoint      ] Safepoint "Cleanup", Time since last: 1000129134 ns, Reaching safepoint: 40401 ns, At safepoint: 2000 ns, Total: 42401 ns
[810.916s][info ][safepoint      ] Safepoint "Cleanup", Time since last: 2000254167 ns, Reaching safepoint: 46801 ns, At safepoint: 4600 ns, Total: 51401 ns
[812.916s][info ][safepoint      ] Safepoint "Cleanup", Time since last: 2000158166 ns, Reaching safepoint: 54001 ns, At safepoint: 6900 ns, Total: 60901 ns
[814.916s][info ][safepoint      ] Safepoint "Cleanup", Time since last: 2000195933 ns, Reaching safepoint: 62702 ns, At safepoint: 3800 ns, Total: 66502 ns
[815.916s][info ][safepoint      ] Safepoint "Cleanup", Time since last: 1000127916 ns, Reaching safepoint: 67201 ns, At safepoint: 7200 ns, Total: 74401 ns
[819.917s][info ][safepoint      ] Safepoint "Cleanup", Time since last: 4000364161 ns, Reaching safepoint: 63701 ns, At safepoint: 2900 ns, Total: 66601 ns
[821.917s][info ][safepoint      ] Safepoint "Cleanup", Time since last: 2000159522 ns, Reaching safepoint: 46701 ns, At safepoint: 3000 ns, Total: 49701 ns
[825.917s][info ][safepoint      ] Safepoint "Cleanup", Time since last: 4000331067 ns, Reaching safepoint: 57801 ns, At safepoint: 3200 ns, Total: 61001 ns
[827.918s][info ][safepoint      ] Safepoint "Cleanup", Time since last: 2000202384 ns, Reaching safepoint: 55201 ns, At safepoint: 9000 ns, Total: 64201 ns
[830.918s][info ][safepoint      ] Safepoint "Cleanup", Time since last: 3000278486 ns, Reaching safepoint: 61201 ns, At safepoint: 4900 ns, Total: 66101 ns
[833.919s][info ][safepoint      ] Safepoint "Cleanup", Time since last: 3000290642 ns, Reaching safepoint: 139703 ns, At safepoint: 8300 ns, Total: 148003 ns
[834.919s][info ][safepoint      ] Safepoint "Cleanup", Time since last: 1000123315 ns, Reaching safepoint: 52801 ns, At safepoint: 3700 ns, Total: 56501 ns
[835.919s][info ][safepoint      ] Safepoint "Cleanup", Time since last: 1000112015 ns, Reaching safepoint: 52701 ns, At safepoint: 3400 ns, Total: 56101 ns
[836.919s][info ][safepoint      ] Safepoint "Cleanup", Time since last: 1000138315 ns, Reaching safepoint: 49601 ns, At safepoint: 4000 ns, Total: 53601 ns
[846.920s][info ][safepoint      ] Safepoint "Cleanup", Time since last: 10000762252 ns, Reaching safepoint: 55301 ns, At safepoint: 3200 ns, Total: 58501 ns
[852.920s][info ][safepoint      ] Safepoint "Cleanup", Time since last: 6000461936 ns, Reaching safepoint: 51001 ns, At safepoint: 4300 ns, Total: 55301 ns
[858.130s][info ][gc,start       ] GC(42) Pause Young (Allocation Failure)
[858.159s][debug][gc,phases      ] GC(42) Scavenge 28.981ms
[858.159s][debug][gc,ref         ] GC(42) Skipped phase 1 of Reference Processing: no references
[858.159s][debug][gc,ref         ] GC(42) ReferenceProcessor::execute queues: 1, RefProcThreadModel::Single, marks_oops_alive: false
[858.159s][debug][gc,ref         ] GC(42) Skipped phase 3 of Reference Processing: no references
[858.159s][debug][gc,ref         ] GC(42) ReferenceProcessor::execute queues: 1, RefProcThreadModel::Single, marks_oops_alive: false
[858.159s][debug][gc,phases      ] GC(42) Reference Processing 0.126ms
[858.160s][debug][gc,phases      ] GC(42)   VM Weak                        Min:  0.0, Avg:  0.0, Max:  0.0, Diff:  0.0, Sum:  0.0, Workers: 4
[858.160s][debug][gc,phases      ] GC(42)     Dead                           Min: 0, Avg:  0.0, Max: 0, Diff: 0, Sum: 0, Workers: 4
[858.160s][debug][gc,phases      ] GC(42)     Total                          Min: 0, Avg: 224.2, Max: 577, Diff: 577, Sum: 897, Workers: 4
[858.160s][debug][gc,phases      ] GC(42)   ObjectSynchronizer Weak        Min:  0.0, Avg:  0.0, Max:  0.0, Diff:  0.0, Sum:  0.0, Workers: 4
[858.160s][debug][gc,phases      ] GC(42)     Dead                           Min: 0, Avg:  0.0, Max: 0, Diff: 0, Sum: 0, Workers: 4
[858.160s][debug][gc,phases      ] GC(42)     Total                          Min: 0, Avg:  7.2, Max: 29, Diff: 29, Sum: 29, Workers: 4
[858.160s][debug][gc,phases      ] GC(42)   JVMTI Tag Weak OopStorage      Min:  0.0, Avg:  0.0, Max:  0.0, Diff:  0.0, Sum:  0.0, Workers: 4
[858.160s][debug][gc,phases      ] GC(42)     Dead                           Min: 0, Avg:  0.0, Max: 0, Diff: 0, Sum: 0, Workers: 4
[858.160s][debug][gc,phases      ] GC(42)     Total                          Min: 0, Avg:  0.0, Max: 0, Diff: 0, Sum: 0, Workers: 4
[858.160s][debug][gc,phases      ] GC(42)   StringTable Weak               Min:  0.0, Avg:  0.1, Max:  0.2, Diff:  0.2, Sum:  0.4, Workers: 4
[858.160s][debug][gc,phases      ] GC(42)     Dead                           Min: 0, Avg:  0.2, Max: 1, Diff: 1, Sum: 1, Workers: 4
[858.160s][debug][gc,phases      ] GC(42)     Total                          Min: 0, Avg: 10750.8, Max: 22078, Diff: 22078, Sum: 43003, Workers: 4
[858.160s][debug][gc,phases      ] GC(42)   ResolvedMethodTable Weak       Min:  0.0, Avg:  0.0, Max:  0.0, Diff:  0.0, Sum:  0.1, Workers: 4
[858.160s][debug][gc,phases      ] GC(42)     Dead                           Min: 0, Avg:  0.0, Max: 0, Diff: 0, Sum: 0, Workers: 4
[858.160s][debug][gc,phases      ] GC(42)     Total                          Min: 0, Avg: 2302.8, Max: 5371, Diff: 5371, Sum: 9211, Workers: 4
[858.160s][debug][gc,phases      ] GC(42)   JNI Weak                       Min:  0.0, Avg:  0.0, Max:  0.0, Diff:  0.0, Sum:  0.0, Workers: 4
[858.160s][debug][gc,phases      ] GC(42)     Dead                           Min: 0, Avg:  0.0, Max: 0, Diff: 0, Sum: 0, Workers: 4
[858.160s][debug][gc,phases      ] GC(42)     Total                          Min: 0, Avg: 11.2, Max: 45, Diff: 45, Sum: 45, Workers: 4
[858.160s][debug][gc,phases      ] GC(42)   StringDedup Table Weak         Min:  0.0, Avg:  0.0, Max:  0.0, Diff:  0.0, Sum:  0.0, Workers: 4
[858.160s][debug][gc,phases      ] GC(42)     Dead                           Min: 0, Avg:  0.0, Max: 0, Diff: 0, Sum: 0, Workers: 4
[858.160s][debug][gc,phases      ] GC(42)     Total                          Min: 0, Avg:  0.0, Max: 0, Diff: 0, Sum: 0, Workers: 4
[858.160s][debug][gc,phases      ] GC(42)   StringDedup Requests0 Weak     Min:  0.0, Avg:  0.0, Max:  0.0, Diff:  0.0, Sum:  0.0, Workers: 4
[858.160s][debug][gc,phases      ] GC(42)     Dead                           Min: 0, Avg:  0.0, Max: 0, Diff: 0, Sum: 0, Workers: 4
[858.160s][debug][gc,phases      ] GC(42)     Total                          Min: 0, Avg:  0.0, Max: 0, Diff: 0, Sum: 0, Workers: 4
[858.160s][debug][gc,phases      ] GC(42)   StringDedup Requests1 Weak     Min:  0.0, Avg:  0.0, Max:  0.0, Diff:  0.0, Sum:  0.0, Workers: 4
[858.160s][debug][gc,phases      ] GC(42)     Dead                           Min: 0, Avg:  0.0, Max: 0, Diff: 0, Sum: 0, Workers: 4
[858.160s][debug][gc,phases      ] GC(42)     Total                          Min: 0, Avg:  0.0, Max: 0, Diff: 0, Sum: 0, Workers: 4
[858.160s][debug][gc,phases      ] GC(42)   Weak JFR Old Object Samples    Min:  0.0, Avg:  0.0, Max:  0.0, Diff:  0.0, Sum:  0.0, Workers: 4
[858.160s][debug][gc,phases      ] GC(42)     Dead                           Min: 0, Avg:  0.0, Max: 0, Diff: 0, Sum: 0, Workers: 4
[858.160s][debug][gc,phases      ] GC(42)     Total                          Min: 0, Avg:  0.0, Max: 0, Diff: 0, Sum: 0, Workers: 4
[858.160s][debug][gc,phases      ] GC(42) Weak Processing 0.447ms
[858.160s][debug][gc,age         ] GC(42) Desired survivor size 145752064 bytes, new threshold 15 (max threshold 15)
[858.160s][info ][gc,heap        ] GC(42) PSYoungGen: 1827376K(1927680K)->59168K(1954816K) Eden: 1767936K(1767936K)->0K(1803776K) From: 59440K(159744K)->59168K(151040K)
[858.160s][info ][gc,heap        ] GC(42) ParOldGen: 388965K(532992K)->389141K(532992K)
[858.160s][info ][gc,metaspace   ] GC(42) Metaspace: 80977K(82048K)->80977K(82048K) NonClass: 69479K(70080K)->69479K(70080K) Class: 11497K(11968K)->11497K(11968K)
[858.160s][info ][gc             ] GC(42) Pause Young (Allocation Failure) 2164M->437M(2429M) 29.702ms
[858.160s][info ][gc,cpu         ] GC(42) User=0.06s Sys=0.00s Real=0.04s
[858.160s][info ][safepoint      ] Safepoint "ParallelGCFailedAllocation", Time since last: 5209630958 ns, Reaching safepoint: 37601 ns, At safepoint: 29776637 ns, Total: 29814238 ns
[859.160s][info ][safepoint      ] Safepoint "Cleanup", Time since last: 1000090018 ns, Reaching safepoint: 63502 ns, At safepoint: 3900 ns, Total: 67402 ns
[866.161s][info ][safepoint      ] Safepoint "Cleanup", Time since last: 7000584314 ns, Reaching safepoint: 97502 ns, At safepoint: 8000 ns, Total: 105502 ns
[868.161s][info ][safepoint      ] Safepoint "Cleanup", Time since last: 2000196672 ns, Reaching safepoint: 70201 ns, At safepoint: 2600 ns, Total: 72801 ns
[869.161s][info ][safepoint      ] Safepoint "Cleanup", Time since last: 1000119037 ns, Reaching safepoint: 42501 ns, At safepoint: 4700 ns, Total: 47201 ns
[870.161s][info ][safepoint      ] Safepoint "Cleanup", Time since last: 1000099825 ns, Reaching safepoint: 51401 ns, At safepoint: 9100 ns, Total: 60501 ns
[872.162s][info ][safepoint      ] Safepoint "Cleanup", Time since last: 2000186548 ns, Reaching safepoint: 60402 ns, At safepoint: 2500 ns, Total: 62902 ns
[873.162s][info ][safepoint      ] Safepoint "Cleanup", Time since last: 1000134025 ns, Reaching safepoint: 64201 ns, At safepoint: 3700 ns, Total: 67901 ns
[881.163s][info ][safepoint      ] Safepoint "Cleanup", Time since last: 8000843303 ns, Reaching safepoint: 44201 ns, At safepoint: 2800 ns, Total: 47001 ns
[882.163s][info ][safepoint      ] Safepoint "Cleanup", Time since last: 1000098778 ns, Reaching safepoint: 56901 ns, At safepoint: 2900 ns, Total: 59801 ns
[886.163s][info ][safepoint      ] Safepoint "Cleanup", Time since last: 4000328885 ns, Reaching safepoint: 54401 ns, At safepoint: 3500 ns, Total: 57901 ns
[895.164s][info ][safepoint      ] Safepoint "Cleanup", Time since last: 9000661744 ns, Reaching safepoint: 57802 ns, At safepoint: 2900 ns, Total: 60702 ns
[896.164s][info ][safepoint      ] Safepoint "Cleanup", Time since last: 1000136746 ns, Reaching safepoint: 43501 ns, At safepoint: 7900 ns, Total: 51401 ns
[897.164s][info ][safepoint      ] Safepoint "Cleanup", Time since last: 1000125646 ns, Reaching safepoint: 56401 ns, At safepoint: 3700 ns, Total: 60101 ns
[901.165s][info ][safepoint      ] Safepoint "Cleanup", Time since last: 4000336377 ns, Reaching safepoint: 47201 ns, At safepoint: 3400 ns, Total: 50601 ns
[915.166s][info ][safepoint      ] Safepoint "Cleanup", Time since last: 14001570189 ns, Reaching safepoint: 65002 ns, At safepoint: 4200 ns, Total: 69202 ns
[920.167s][info ][safepoint      ] Safepoint "Cleanup", Time since last: 5000381843 ns, Reaching safepoint: 59802 ns, At safepoint: 30800 ns, Total: 90602 ns
[922.633s][info ][gc,start       ] GC(43) Pause Young (Allocation Failure)
[922.666s][debug][gc,phases      ] GC(43) Scavenge 33.105ms
[922.667s][debug][gc,ref         ] GC(43) Skipped phase 1 of Reference Processing: no references
[922.667s][debug][gc,ref         ] GC(43) ReferenceProcessor::execute queues: 1, RefProcThreadModel::Single, marks_oops_alive: false
[922.667s][debug][gc,ref         ] GC(43) Skipped phase 3 of Reference Processing: no references
[922.667s][debug][gc,ref         ] GC(43) ReferenceProcessor::execute queues: 1, RefProcThreadModel::Single, marks_oops_alive: false
[922.667s][debug][gc,phases      ] GC(43) Reference Processing 0.151ms
[922.667s][debug][gc,phases      ] GC(43)   VM Weak                        Min:  0.0, Avg:  0.0, Max:  0.0, Diff:  0.0, Sum:  0.0, Workers: 4
[922.667s][debug][gc,phases      ] GC(43)     Dead                           Min: 0, Avg:  0.0, Max: 0, Diff: 0, Sum: 0, Workers: 4
[922.667s][debug][gc,phases      ] GC(43)     Total                          Min: 0, Avg: 224.2, Max: 513, Diff: 513, Sum: 897, Workers: 4
[922.667s][debug][gc,phases      ] GC(43)   ObjectSynchronizer Weak        Min:  0.0, Avg:  0.0, Max:  0.0, Diff:  0.0, Sum:  0.0, Workers: 4
[922.667s][debug][gc,phases      ] GC(43)     Dead                           Min: 0, Avg:  0.0, Max: 0, Diff: 0, Sum: 0, Workers: 4
[922.667s][debug][gc,phases      ] GC(43)     Total                          Min: 0, Avg:  7.2, Max: 29, Diff: 29, Sum: 29, Workers: 4
[922.667s][debug][gc,phases      ] GC(43)   JVMTI Tag Weak OopStorage      Min:  0.0, Avg:  0.0, Max:  0.0, Diff:  0.0, Sum:  0.0, Workers: 4
[922.667s][debug][gc,phases      ] GC(43)     Dead                           Min: 0, Avg:  0.0, Max: 0, Diff: 0, Sum: 0, Workers: 4
[922.667s][debug][gc,phases      ] GC(43)     Total                          Min: 0, Avg:  0.0, Max: 0, Diff: 0, Sum: 0, Workers: 4
[922.667s][debug][gc,phases      ] GC(43)   StringTable Weak               Min:  0.0, Avg:  0.1, Max:  0.2, Diff:  0.2, Sum:  0.4, Workers: 4
[922.667s][debug][gc,phases      ] GC(43)     Dead                           Min: 0, Avg:  0.0, Max: 0, Diff: 0, Sum: 0, Workers: 4
[922.667s][debug][gc,phases      ] GC(43)     Total                          Min: 0, Avg: 10753.5, Max: 17728, Diff: 17728, Sum: 43014, Workers: 4
[922.667s][debug][gc,phases      ] GC(43)   ResolvedMethodTable Weak       Min:  0.0, Avg:  0.0, Max:  0.0, Diff:  0.0, Sum:  0.1, Workers: 4
[922.667s][debug][gc,phases      ] GC(43)     Dead                           Min: 0, Avg:  0.0, Max: 0, Diff: 0, Sum: 0, Workers: 4
[922.667s][debug][gc,phases      ] GC(43)     Total                          Min: 0, Avg: 2303.5, Max: 3136, Diff: 3136, Sum: 9214, Workers: 4
[922.667s][debug][gc,phases      ] GC(43)   JNI Weak                       Min:  0.0, Avg:  0.0, Max:  0.0, Diff:  0.0, Sum:  0.0, Workers: 4
[922.667s][debug][gc,phases      ] GC(43)     Dead                           Min: 0, Avg:  0.0, Max: 0, Diff: 0, Sum: 0, Workers: 4
[922.667s][debug][gc,phases      ] GC(43)     Total                          Min: 0, Avg: 11.2, Max: 45, Diff: 45, Sum: 45, Workers: 4
[922.667s][debug][gc,phases      ] GC(43)   StringDedup Table Weak         Min:  0.0, Avg:  0.0, Max:  0.0, Diff:  0.0, Sum:  0.0, Workers: 4
[922.667s][debug][gc,phases      ] GC(43)     Dead                           Min: 0, Avg:  0.0, Max: 0, Diff: 0, Sum: 0, Workers: 4
[922.667s][debug][gc,phases      ] GC(43)     Total                          Min: 0, Avg:  0.0, Max: 0, Diff: 0, Sum: 0, Workers: 4
[922.667s][debug][gc,phases      ] GC(43)   StringDedup Requests0 Weak     Min:  0.0, Avg:  0.0, Max:  0.0, Diff:  0.0, Sum:  0.0, Workers: 4
[922.667s][debug][gc,phases      ] GC(43)     Dead                           Min: 0, Avg:  0.0, Max: 0, Diff: 0, Sum: 0, Workers: 4
[922.667s][debug][gc,phases      ] GC(43)     Total                          Min: 0, Avg:  0.0, Max: 0, Diff: 0, Sum: 0, Workers: 4
[922.667s][debug][gc,phases      ] GC(43)   StringDedup Requests1 Weak     Min:  0.0, Avg:  0.0, Max:  0.0, Diff:  0.0, Sum:  0.0, Workers: 4
[922.667s][debug][gc,phases      ] GC(43)     Dead                           Min: 0, Avg:  0.0, Max: 0, Diff: 0, Sum: 0, Workers: 4
[922.667s][debug][gc,phases      ] GC(43)     Total                          Min: 0, Avg:  0.0, Max: 0, Diff: 0, Sum: 0, Workers: 4
[922.667s][debug][gc,phases      ] GC(43)   Weak JFR Old Object Samples    Min:  0.0, Avg:  0.0, Max:  0.0, Diff:  0.0, Sum:  0.0, Workers: 4
[922.667s][debug][gc,phases      ] GC(43)     Dead                           Min: 0, Avg:  0.0, Max: 0, Diff: 0, Sum: 0, Workers: 4
[922.667s][debug][gc,phases      ] GC(43)     Total                          Min: 0, Avg:  0.0, Max: 0, Diff: 0, Sum: 0, Workers: 4
[922.667s][debug][gc,phases      ] GC(43) Weak Processing 0.441ms
[922.667s][debug][gc,age         ] GC(43) Desired survivor size 137887744 bytes, new threshold 15 (max threshold 15)
[922.667s][info ][gc,heap        ] GC(43) PSYoungGen: 1862944K(1954816K)->58736K(1946112K) Eden: 1803776K(1803776K)->0K(1803776K) From: 59168K(151040K)->58736K(142336K)
[922.667s][info ][gc,heap        ] GC(43) ParOldGen: 389141K(532992K)->389317K(532992K)
[922.667s][info ][gc,metaspace   ] GC(43) Metaspace: 81022K(82176K)->81022K(82176K) NonClass: 69522K(70144K)->69522K(70144K) Class: 11500K(12032K)->11500K(12032K)
[922.667s][info ][gc             ] GC(43) Pause Young (Allocation Failure) 2199M->437M(2421M) 33.870ms
[922.667s][info ][gc,cpu         ] GC(43) User=0.07s Sys=0.00s Real=0.03s
[922.667s][info ][safepoint      ] Safepoint "ParallelGCFailedAllocation", Time since last: 2466447971 ns, Reaching safepoint: 43201 ns, At safepoint: 33955110 ns, Total: 33998311 ns
[923.667s][info ][safepoint      ] Safepoint "Cleanup", Time since last: 1000091010 ns, Reaching safepoint: 48201 ns, At safepoint: 3001 ns, Total: 51202 ns
[926.668s][info ][safepoint      ] Safepoint "Cleanup", Time since last: 3000270151 ns, Reaching safepoint: 114702 ns, At safepoint: 7500 ns, Total: 122202 ns
[928.674s][info ][safepoint      ] Safepoint "Cleanup", Time since last: 2002578237 ns, Reaching safepoint: 4033786 ns, At safepoint: 11500 ns, Total: 4045286 ns
[935.675s][info ][safepoint      ] Safepoint "Cleanup", Time since last: 7000519537 ns, Reaching safepoint: 54302 ns, At safepoint: 3700 ns, Total: 58002 ns
[955.676s][info ][safepoint      ] Safepoint "Cleanup", Time since last: 20001445040 ns, Reaching safepoint: 73402 ns, At safepoint: 2800 ns, Total: 76202 ns
[964.677s][info ][safepoint      ] Safepoint "Cleanup", Time since last: 9000685637 ns, Reaching safepoint: 38401 ns, At safepoint: 4000 ns, Total: 42401 ns
[965.677s][info ][safepoint      ] Safepoint "Cleanup", Time since last: 1000125528 ns, Reaching safepoint: 50905 ns, At safepoint: 3500 ns, Total: 54405 ns
[966.678s][info ][safepoint      ] Safepoint "Cleanup", Time since last: 1000125138 ns, Reaching safepoint: 61305 ns, At safepoint: 2800 ns, Total: 64105 ns
[973.678s][info ][safepoint      ] Safepoint "Cleanup", Time since last: 7000568996 ns, Reaching safepoint: 60213 ns, At safepoint: 4301 ns, Total: 64514 ns
[974.678s][info ][safepoint      ] Safepoint "Cleanup", Time since last: 1000133977 ns, Reaching safepoint: 125503 ns, At safepoint: 5900 ns, Total: 131403 ns
[975.679s][info ][safepoint      ] Safepoint "Cleanup", Time since last: 1000129476 ns, Reaching safepoint: 192004 ns, At safepoint: 4700 ns, Total: 196704 ns
[976.679s][info ][safepoint      ] Safepoint "Cleanup", Time since last: 1000127675 ns, Reaching safepoint: 158304 ns, At safepoint: 6200 ns, Total: 164504 ns
[981.680s][info ][safepoint      ] Safepoint "Cleanup", Time since last: 5000417743 ns, Reaching safepoint: 137721 ns, At safepoint: 3901 ns, Total: 141622 ns
[984.680s][info ][safepoint      ] Safepoint "Cleanup", Time since last: 3000276528 ns, Reaching safepoint: 119903 ns, At safepoint: 6900 ns, Total: 126803 ns
[986.486s][info ][gc,start       ] GC(44) Pause Young (Allocation Failure)
[986.517s][debug][gc,phases      ] GC(44) Scavenge 30.864ms
[986.517s][debug][gc,ref         ] GC(44) Skipped phase 1 of Reference Processing: no references
[986.517s][debug][gc,ref         ] GC(44) ReferenceProcessor::execute queues: 1, RefProcThreadModel::Single, marks_oops_alive: false
[986.517s][debug][gc,ref         ] GC(44) Skipped phase 3 of Reference Processing: no references
[986.517s][debug][gc,ref         ] GC(44) ReferenceProcessor::execute queues: 1, RefProcThreadModel::Single, marks_oops_alive: false
[986.517s][debug][gc,phases      ] GC(44) Reference Processing 0.116ms
[986.517s][debug][gc,phases      ] GC(44)   VM Weak                        Min:  0.0, Avg:  0.0, Max:  0.0, Diff:  0.0, Sum:  0.0, Workers: 4
[986.517s][debug][gc,phases      ] GC(44)     Dead                           Min: 0, Avg:  0.0, Max: 0, Diff: 0, Sum: 0, Workers: 4
[986.517s][debug][gc,phases      ] GC(44)     Total                          Min: 0, Avg: 224.2, Max: 513, Diff: 513, Sum: 897, Workers: 4
[986.517s][debug][gc,phases      ] GC(44)   ObjectSynchronizer Weak        Min:  0.0, Avg:  0.0, Max:  0.0, Diff:  0.0, Sum:  0.0, Workers: 4
[986.517s][debug][gc,phases      ] GC(44)     Dead                           Min: 0, Avg:  0.0, Max: 0, Diff: 0, Sum: 0, Workers: 4
[986.517s][debug][gc,phases      ] GC(44)     Total                          Min: 0, Avg:  7.2, Max: 29, Diff: 29, Sum: 29, Workers: 4
[986.517s][debug][gc,phases      ] GC(44)   JVMTI Tag Weak OopStorage      Min:  0.0, Avg:  0.0, Max:  0.0, Diff:  0.0, Sum:  0.0, Workers: 4
[986.517s][debug][gc,phases      ] GC(44)     Dead                           Min: 0, Avg:  0.0, Max: 0, Diff: 0, Sum: 0, Workers: 4
[986.517s][debug][gc,phases      ] GC(44)     Total                          Min: 0, Avg:  0.0, Max: 0, Diff: 0, Sum: 0, Workers: 4
[986.518s][debug][gc,phases      ] GC(44)   StringTable Weak               Min:  0.0, Avg:  0.1, Max:  0.1, Diff:  0.1, Sum:  0.4, Workers: 4
[986.518s][debug][gc,phases      ] GC(44)     Dead                           Min: 0, Avg:  0.0, Max: 0, Diff: 0, Sum: 0, Workers: 4
[986.518s][debug][gc,phases      ] GC(44)     Total                          Min: 0, Avg: 10758.8, Max: 15451, Diff: 15451, Sum: 43035, Workers: 4
[986.518s][debug][gc,phases      ] GC(44)   ResolvedMethodTable Weak       Min:  0.0, Avg:  0.0, Max:  0.0, Diff:  0.0, Sum:  0.1, Workers: 4
[986.518s][debug][gc,phases      ] GC(44)     Dead                           Min: 0, Avg:  0.0, Max: 0, Diff: 0, Sum: 0, Workers: 4
[986.518s][debug][gc,phases      ] GC(44)     Total                          Min: 0, Avg: 2304.2, Max: 3584, Diff: 3584, Sum: 9217, Workers: 4
[986.518s][debug][gc,phases      ] GC(44)   JNI Weak                       Min:  0.0, Avg:  0.0, Max:  0.0, Diff:  0.0, Sum:  0.0, Workers: 4
[986.518s][debug][gc,phases      ] GC(44)     Dead                           Min: 0, Avg:  0.0, Max: 0, Diff: 0, Sum: 0, Workers: 4
[986.518s][debug][gc,phases      ] GC(44)     Total                          Min: 0, Avg: 11.2, Max: 45, Diff: 45, Sum: 45, Workers: 4
[986.518s][debug][gc,phases      ] GC(44)   StringDedup Table Weak         Min:  0.0, Avg:  0.0, Max:  0.0, Diff:  0.0, Sum:  0.0, Workers: 4
[986.518s][debug][gc,phases      ] GC(44)     Dead                           Min: 0, Avg:  0.0, Max: 0, Diff: 0, Sum: 0, Workers: 4
[986.518s][debug][gc,phases      ] GC(44)     Total                          Min: 0, Avg:  0.0, Max: 0, Diff: 0, Sum: 0, Workers: 4
[986.518s][debug][gc,phases      ] GC(44)   StringDedup Requests0 Weak     Min:  0.0, Avg:  0.0, Max:  0.0, Diff:  0.0, Sum:  0.0, Workers: 4
[986.518s][debug][gc,phases      ] GC(44)     Dead                           Min: 0, Avg:  0.0, Max: 0, Diff: 0, Sum: 0, Workers: 4
[986.518s][debug][gc,phases      ] GC(44)     Total                          Min: 0, Avg:  0.0, Max: 0, Diff: 0, Sum: 0, Workers: 4
[986.518s][debug][gc,phases      ] GC(44)   StringDedup Requests1 Weak     Min:  0.0, Avg:  0.0, Max:  0.0, Diff:  0.0, Sum:  0.0, Workers: 4
[986.518s][debug][gc,phases      ] GC(44)     Dead                           Min: 0, Avg:  0.0, Max: 0, Diff: 0, Sum: 0, Workers: 4
[986.518s][debug][gc,phases      ] GC(44)     Total                          Min: 0, Avg:  0.0, Max: 0, Diff: 0, Sum: 0, Workers: 4
[986.518s][debug][gc,phases      ] GC(44)   Weak JFR Old Object Samples    Min:  0.0, Avg:  0.0, Max:  0.0, Diff:  0.0, Sum:  0.0, Workers: 4
[986.518s][debug][gc,phases      ] GC(44)     Dead                           Min: 0, Avg:  0.0, Max: 0, Diff: 0, Sum: 0, Workers: 4
[986.518s][debug][gc,phases      ] GC(44)     Total                          Min: 0, Avg:  0.0, Max: 0, Diff: 0, Sum: 0, Workers: 4
[986.518s][debug][gc,phases      ] GC(44) Weak Processing 0.383ms
[986.518s][debug][gc,age         ] GC(44) Desired survivor size 131596288 bytes, new threshold 15 (max threshold 15)
[986.518s][info ][gc,heap        ] GC(44) PSYoungGen: 1862512K(1946112K)->47456K(1968640K) Eden: 1803776K(1803776K)->0K(1833984K) From: 58736K(142336K)->47456K(134656K)
[986.518s][info ][gc,heap        ] GC(44) ParOldGen: 389317K(532992K)->401465K(532992K)
[986.518s][info ][gc,metaspace   ] GC(44) Metaspace: 81083K(82240K)->81083K(82240K) NonClass: 69581K(70208K)->69581K(70208K) Class: 11501K(12032K)->11501K(12032K)
[986.518s][info ][gc             ] GC(44) Pause Young (Allocation Failure) 2199M->438M(2443M) 31.537ms
[986.518s][info ][gc,cpu         ] GC(44) User=0.06s Sys=0.00s Real=0.03s
[986.518s][info ][safepoint      ] Safepoint "ParallelGCFailedAllocation", Time since last: 1805969966 ns, Reaching safepoint: 46102 ns, At safepoint: 31628222 ns, Total: 31674324 ns
[990.518s][info ][safepoint      ] Safepoint "Cleanup", Time since last: 4000308481 ns, Reaching safepoint: 62104 ns, At safepoint: 7800 ns, Total: 69904 ns
[993.518s][info ][safepoint      ] Safepoint "Cleanup", Time since last: 3000253148 ns, Reaching safepoint: 44001 ns, At safepoint: 3500 ns, Total: 47501 ns
[994.519s][info ][safepoint      ] Safepoint "Cleanup", Time since last: 1000132137 ns, Reaching safepoint: 51602 ns, At safepoint: 6601 ns, Total: 58203 ns
[995.519s][info ][safepoint      ] Safepoint "Cleanup", Time since last: 1000135237 ns, Reaching safepoint: 72602 ns, At safepoint: 3300 ns, Total: 75902 ns
[997.519s][info ][safepoint      ] Safepoint "Cleanup", Time since last: 2000200615 ns, Reaching safepoint: 46402 ns, At safepoint: 3800 ns, Total: 50202 ns
[1002.520s][info ][safepoint      ] Safepoint "Cleanup", Time since last: 5000402352 ns, Reaching safepoint: 61502 ns, At safepoint: 2800 ns, Total: 64302 ns
[1003.520s][info ][safepoint      ] Safepoint "Cleanup", Time since last: 1000299438 ns, Reaching safepoint: 66802 ns, At safepoint: 3200 ns, Total: 70002 ns
[1011.521s][info ][safepoint      ] Safepoint "Cleanup", Time since last: 8000640113 ns, Reaching safepoint: 58902 ns, At safepoint: 3100 ns, Total: 62002 ns
[1035.522s][info ][safepoint      ] Safepoint "Cleanup", Time since last: 24001681936 ns, Reaching safepoint: 54102 ns, At safepoint: 11600 ns, Total: 65702 ns
[1036.523s][info ][safepoint      ] Safepoint "Cleanup", Time since last: 1000144839 ns, Reaching safepoint: 61402 ns, At safepoint: 2500 ns, Total: 63902 ns
[1046.523s][info ][safepoint      ] Safepoint "Cleanup", Time since last: 10000772684 ns, Reaching safepoint: 49802 ns, At safepoint: 2800 ns, Total: 52602 ns
[1049.524s][info ][safepoint      ] Safepoint "Cleanup", Time since last: 3000270018 ns, Reaching safepoint: 49501 ns, At safepoint: 3100 ns, Total: 52601 ns
[1051.524s][info ][safepoint      ] Safepoint "Cleanup", Time since last: 2000149778 ns, Reaching safepoint: 62302 ns, At safepoint: 3600 ns, Total: 65902 ns
[1052.524s][info ][safepoint      ] Safepoint "Cleanup", Time since last: 1000133082 ns, Reaching safepoint: 52302 ns, At safepoint: 3400 ns, Total: 55702 ns
[1052.732s][info ][gc,start       ] GC(45) Pause Young (Allocation Failure)
[1052.762s][debug][gc,phases      ] GC(45) Scavenge 30.207ms
[1052.763s][debug][gc,ref         ] GC(45) Skipped phase 1 of Reference Processing: no references
[1052.763s][debug][gc,ref         ] GC(45) ReferenceProcessor::execute queues: 1, RefProcThreadModel::Single, marks_oops_alive: false
[1052.763s][debug][gc,ref         ] GC(45) Skipped phase 3 of Reference Processing: no references
[1052.763s][debug][gc,ref         ] GC(45) ReferenceProcessor::execute queues: 1, RefProcThreadModel::Single, marks_oops_alive: false
[1052.763s][debug][gc,phases      ] GC(45) Reference Processing 0.158ms
[1052.763s][debug][gc,phases      ] GC(45)   VM Weak                        Min:  0.0, Avg:  0.0, Max:  0.0, Diff:  0.0, Sum:  0.0, Workers: 4
[1052.763s][debug][gc,phases      ] GC(45)     Dead                           Min: 0, Avg:  0.0, Max: 0, Diff: 0, Sum: 0, Workers: 4
[1052.763s][debug][gc,phases      ] GC(45)     Total                          Min: 0, Avg: 224.2, Max: 576, Diff: 576, Sum: 897, Workers: 4
[1052.763s][debug][gc,phases      ] GC(45)   ObjectSynchronizer Weak        Min:  0.0, Avg:  0.0, Max:  0.0, Diff:  0.0, Sum:  0.0, Workers: 4
[1052.763s][debug][gc,phases      ] GC(45)     Dead                           Min: 0, Avg:  0.0, Max: 0, Diff: 0, Sum: 0, Workers: 4
[1052.763s][debug][gc,phases      ] GC(45)     Total                          Min: 0, Avg:  7.2, Max: 29, Diff: 29, Sum: 29, Workers: 4
[1052.763s][debug][gc,phases      ] GC(45)   JVMTI Tag Weak OopStorage      Min:  0.0, Avg:  0.0, Max:  0.0, Diff:  0.0, Sum:  0.0, Workers: 4
[1052.763s][debug][gc,phases      ] GC(45)     Dead                           Min: 0, Avg:  0.0, Max: 0, Diff: 0, Sum: 0, Workers: 4
[1052.763s][debug][gc,phases      ] GC(45)     Total                          Min: 0, Avg:  0.0, Max: 0, Diff: 0, Sum: 0, Workers: 4
[1052.763s][debug][gc,phases      ] GC(45)   StringTable Weak               Min:  0.0, Avg:  0.1, Max:  0.1, Diff:  0.1, Sum:  0.4, Workers: 4
[1052.763s][debug][gc,phases      ] GC(45)     Dead                           Min: 0, Avg:  0.0, Max: 0, Diff: 0, Sum: 0, Workers: 4
[1052.763s][debug][gc,phases      ] GC(45)     Total                          Min: 0, Avg: 10758.8, Max: 15451, Diff: 15451, Sum: 43035, Workers: 4
[1052.763s][debug][gc,phases      ] GC(45)   ResolvedMethodTable Weak       Min:  0.0, Avg:  0.0, Max:  0.0, Diff:  0.0, Sum:  0.1, Workers: 4
[1052.763s][debug][gc,phases      ] GC(45)     Dead                           Min: 0, Avg:  0.0, Max: 0, Diff: 0, Sum: 0, Workers: 4
[1052.763s][debug][gc,phases      ] GC(45)     Total                          Min: 0, Avg: 2304.2, Max: 3520, Diff: 3520, Sum: 9217, Workers: 4
[1052.763s][debug][gc,phases      ] GC(45)   JNI Weak                       Min:  0.0, Avg:  0.0, Max:  0.0, Diff:  0.0, Sum:  0.0, Workers: 4
[1052.763s][debug][gc,phases      ] GC(45)     Dead                           Min: 0, Avg:  0.0, Max: 0, Diff: 0, Sum: 0, Workers: 4
[1052.763s][debug][gc,phases      ] GC(45)     Total                          Min: 0, Avg: 11.2, Max: 45, Diff: 45, Sum: 45, Workers: 4
[1052.763s][debug][gc,phases      ] GC(45)   StringDedup Table Weak         Min:  0.0, Avg:  0.0, Max:  0.0, Diff:  0.0, Sum:  0.0, Workers: 4
[1052.763s][debug][gc,phases      ] GC(45)     Dead                           Min: 0, Avg:  0.0, Max: 0, Diff: 0, Sum: 0, Workers: 4
[1052.763s][debug][gc,phases      ] GC(45)     Total                          Min: 0, Avg:  0.0, Max: 0, Diff: 0, Sum: 0, Workers: 4
[1052.763s][debug][gc,phases      ] GC(45)   StringDedup Requests0 Weak     Min:  0.0, Avg:  0.0, Max:  0.0, Diff:  0.0, Sum:  0.0, Workers: 4
[1052.763s][debug][gc,phases      ] GC(45)     Dead                           Min: 0, Avg:  0.0, Max: 0, Diff: 0, Sum: 0, Workers: 4
[1052.763s][debug][gc,phases      ] GC(45)     Total                          Min: 0, Avg:  0.0, Max: 0, Diff: 0, Sum: 0, Workers: 4
[1052.763s][debug][gc,phases      ] GC(45)   StringDedup Requests1 Weak     Min:  0.0, Avg:  0.0, Max:  0.0, Diff:  0.0, Sum:  0.0, Workers: 4
[1052.763s][debug][gc,phases      ] GC(45)     Dead                           Min: 0, Avg:  0.0, Max: 0, Diff: 0, Sum: 0, Workers: 4
[1052.763s][debug][gc,phases      ] GC(45)     Total                          Min: 0, Avg:  0.0, Max: 0, Diff: 0, Sum: 0, Workers: 4
[1052.763s][debug][gc,phases      ] GC(45)   Weak JFR Old Object Samples    Min:  0.0, Avg:  0.0, Max:  0.0, Diff:  0.0, Sum:  0.0, Workers: 4
[1052.763s][debug][gc,phases      ] GC(45)     Dead                           Min: 0, Avg:  0.0, Max: 0, Diff: 0, Sum: 0, Workers: 4
[1052.763s][debug][gc,phases      ] GC(45)     Total                          Min: 0, Avg:  0.0, Max: 0, Diff: 0, Sum: 0, Workers: 4
[1052.763s][debug][gc,phases      ] GC(45) Weak Processing 0.419ms
[1052.763s][debug][gc,age         ] GC(45) Desired survivor size 125829120 bytes, new threshold 15 (max threshold 15)
[1052.763s][info ][gc,heap        ] GC(45) PSYoungGen: 1881440K(1968640K)->45056K(1962496K) Eden: 1833984K(1833984K)->0K(1833984K) From: 47456K(134656K)->45056K(128512K)
[1052.763s][info ][gc,heap        ] GC(45) ParOldGen: 401465K(532992K)->404073K(532992K)
[1052.763s][info ][gc,metaspace   ] GC(45) Metaspace: 81123K(82240K)->81123K(82240K) NonClass: 69621K(70208K)->69621K(70208K) Class: 11501K(12032K)->11501K(12032K)
[1052.763s][info ][gc             ] GC(45) Pause Young (Allocation Failure) 2229M->438M(2437M) 30.951ms
[1052.763s][info ][gc,cpu         ] GC(45) User=0.06s Sys=0.00s Real=0.03s
[1052.763s][info ][safepoint      ] Safepoint "ParallelGCFailedAllocation", Time since last: 207967837 ns, Reaching safepoint: 134904 ns, At safepoint: 31040550 ns, Total: 31175454 ns
[1055.764s][info ][safepoint      ] Safepoint "Cleanup", Time since last: 3000244790 ns, Reaching safepoint: 48601 ns, At safepoint: 3300 ns, Total: 51901 ns
[1060.764s][info ][safepoint      ] Safepoint "Cleanup", Time since last: 5000353389 ns, Reaching safepoint: 61102 ns, At safepoint: 9800 ns, Total: 70902 ns
[1062.764s][info ][safepoint      ] Safepoint "Cleanup", Time since last: 2000188914 ns, Reaching safepoint: 54501 ns, At safepoint: 3100 ns, Total: 57601 ns
[1064.764s][info ][safepoint      ] Safepoint "Cleanup", Time since last: 2000187884 ns, Reaching safepoint: 51001 ns, At safepoint: 2700 ns, Total: 53701 ns
[1065.765s][info ][safepoint      ] Safepoint "Cleanup", Time since last: 1000126543 ns, Reaching safepoint: 48002 ns, At safepoint: 3400 ns, Total: 51402 ns
[1066.765s][info ][safepoint      ] Safepoint "Cleanup", Time since last: 1000132643 ns, Reaching safepoint: 63801 ns, At safepoint: 4901 ns, Total: 68702 ns
[1083.766s][info ][safepoint      ] Safepoint "Cleanup", Time since last: 17001266275 ns, Reaching safepoint: 66802 ns, At safepoint: 3000 ns, Total: 69802 ns
[1087.767s][info ][safepoint      ] Safepoint "Cleanup", Time since last: 4000312778 ns, Reaching safepoint: 62102 ns, At safepoint: 10300 ns, Total: 72402 ns
[1088.767s][info ][safepoint      ] Safepoint "Cleanup", Time since last: 1000120459 ns, Reaching safepoint: 45602 ns, At safepoint: 10200 ns, Total: 55802 ns
[1107.768s][info ][safepoint      ] Safepoint "Cleanup", Time since last: 19001310891 ns, Reaching safepoint: 50401 ns, At safepoint: 2700 ns, Total: 53101 ns
[1110.768s][info ][safepoint      ] Safepoint "Cleanup", Time since last: 3000266911 ns, Reaching safepoint: 51702 ns, At safepoint: 30601 ns, Total: 82303 ns
[1116.769s][info ][safepoint      ] Safepoint "Cleanup", Time since last: 6000458785 ns, Reaching safepoint: 57702 ns, At safepoint: 9800 ns, Total: 67502 ns
[1117.286s][info ][gc,start       ] GC(46) Pause Young (Allocation Failure)
[1117.329s][debug][gc,phases      ] GC(46) Scavenge 42.674ms
[1117.329s][debug][gc,ref         ] GC(46) Skipped phase 1 of Reference Processing: no references
[1117.329s][debug][gc,ref         ] GC(46) ReferenceProcessor::execute queues: 1, RefProcThreadModel::Single, marks_oops_alive: false
[1117.329s][debug][gc,ref         ] GC(46) Skipped phase 3 of Reference Processing: no references
[1117.329s][debug][gc,ref         ] GC(46) ReferenceProcessor::execute queues: 1, RefProcThreadModel::Single, marks_oops_alive: false
[1117.329s][debug][gc,phases      ] GC(46) Reference Processing 0.146ms
[1117.330s][debug][gc,phases      ] GC(46)   VM Weak                        Min:  0.0, Avg:  0.0, Max:  0.0, Diff:  0.0, Sum:  0.0, Workers: 4
[1117.330s][debug][gc,phases      ] GC(46)     Dead                           Min: 0, Avg:  0.0, Max: 0, Diff: 0, Sum: 0, Workers: 4
[1117.330s][debug][gc,phases      ] GC(46)     Total                          Min: 0, Avg: 224.2, Max: 449, Diff: 449, Sum: 897, Workers: 4
[1117.330s][debug][gc,phases      ] GC(46)   ObjectSynchronizer Weak        Min:  0.0, Avg:  0.0, Max:  0.0, Diff:  0.0, Sum:  0.0, Workers: 4
[1117.330s][debug][gc,phases      ] GC(46)     Dead                           Min: 0, Avg:  0.0, Max: 0, Diff: 0, Sum: 0, Workers: 4
[1117.330s][debug][gc,phases      ] GC(46)     Total                          Min: 0, Avg:  7.2, Max: 29, Diff: 29, Sum: 29, Workers: 4
[1117.330s][debug][gc,phases      ] GC(46)   JVMTI Tag Weak OopStorage      Min:  0.0, Avg:  0.0, Max:  0.0, Diff:  0.0, Sum:  0.0, Workers: 4
[1117.330s][debug][gc,phases      ] GC(46)     Dead                           Min: 0, Avg:  0.0, Max: 0, Diff: 0, Sum: 0, Workers: 4
[1117.330s][debug][gc,phases      ] GC(46)     Total                          Min: 0, Avg:  0.0, Max: 0, Diff: 0, Sum: 0, Workers: 4
[1117.330s][debug][gc,phases      ] GC(46)   StringTable Weak               Min:  0.0, Avg:  0.1, Max:  0.2, Diff:  0.2, Sum:  0.4, Workers: 4
[1117.330s][debug][gc,phases      ] GC(46)     Dead                           Min: 0, Avg:  0.0, Max: 0, Diff: 0, Sum: 0, Workers: 4
[1117.330s][debug][gc,phases      ] GC(46)     Total                          Min: 0, Avg: 10759.2, Max: 22016, Diff: 22016, Sum: 43037, Workers: 4
[1117.330s][debug][gc,phases      ] GC(46)   ResolvedMethodTable Weak       Min:  0.0, Avg:  0.0, Max:  0.0, Diff:  0.0, Sum:  0.1, Workers: 4
[1117.330s][debug][gc,phases      ] GC(46)     Dead                           Min: 0, Avg:  0.0, Max: 0, Diff: 0, Sum: 0, Workers: 4
[1117.330s][debug][gc,phases      ] GC(46)     Total                          Min: 0, Avg: 2304.2, Max: 4929, Diff: 4929, Sum: 9217, Workers: 4
[1117.330s][debug][gc,phases      ] GC(46)   JNI Weak                       Min:  0.0, Avg:  0.0, Max:  0.0, Diff:  0.0, Sum:  0.0, Workers: 4
[1117.330s][debug][gc,phases      ] GC(46)     Dead                           Min: 0, Avg:  0.0, Max: 0, Diff: 0, Sum: 0, Workers: 4
[1117.330s][debug][gc,phases      ] GC(46)     Total                          Min: 0, Avg: 11.2, Max: 45, Diff: 45, Sum: 45, Workers: 4
[1117.330s][debug][gc,phases      ] GC(46)   StringDedup Table Weak         Min:  0.0, Avg:  0.0, Max:  0.0, Diff:  0.0, Sum:  0.0, Workers: 4
[1117.330s][debug][gc,phases      ] GC(46)     Dead                           Min: 0, Avg:  0.0, Max: 0, Diff: 0, Sum: 0, Workers: 4
[1117.330s][debug][gc,phases      ] GC(46)     Total                          Min: 0, Avg:  0.0, Max: 0, Diff: 0, Sum: 0, Workers: 4
[1117.330s][debug][gc,phases      ] GC(46)   StringDedup Requests0 Weak     Min:  0.0, Avg:  0.0, Max:  0.0, Diff:  0.0, Sum:  0.0, Workers: 4
[1117.330s][debug][gc,phases      ] GC(46)     Dead                           Min: 0, Avg:  0.0, Max: 0, Diff: 0, Sum: 0, Workers: 4
[1117.330s][debug][gc,phases      ] GC(46)     Total                          Min: 0, Avg:  0.0, Max: 0, Diff: 0, Sum: 0, Workers: 4
[1117.330s][debug][gc,phases      ] GC(46)   StringDedup Requests1 Weak     Min:  0.0, Avg:  0.0, Max:  0.0, Diff:  0.0, Sum:  0.0, Workers: 4
[1117.330s][debug][gc,phases      ] GC(46)     Dead                           Min: 0, Avg:  0.0, Max: 0, Diff: 0, Sum: 0, Workers: 4
[1117.330s][debug][gc,phases      ] GC(46)     Total                          Min: 0, Avg:  0.0, Max: 0, Diff: 0, Sum: 0, Workers: 4
[1117.330s][debug][gc,phases      ] GC(46)   Weak JFR Old Object Samples    Min:  0.0, Avg:  0.0, Max:  0.0, Diff:  0.0, Sum:  0.0, Workers: 4
[1117.330s][debug][gc,phases      ] GC(46)     Dead                           Min: 0, Avg:  0.0, Max: 0, Diff: 0, Sum: 0, Workers: 4
[1117.330s][debug][gc,phases      ] GC(46)     Total                          Min: 0, Avg:  0.0, Max: 0, Diff: 0, Sum: 0, Workers: 4
[1117.330s][debug][gc,phases      ] GC(46) Weak Processing 0.502ms
[1117.330s][debug][gc,age         ] GC(46) Desired survivor size 120586240 bytes, new threshold 15 (max threshold 15)
[1117.330s][info ][gc,heap        ] GC(46) PSYoungGen: 1879040K(1962496K)->44720K(1979392K) Eden: 1833984K(1833984K)->0K(1856512K) From: 45056K(128512K)->44720K(122880K)
[1117.330s][info ][gc,heap        ] GC(46) ParOldGen: 404073K(532992K)->404701K(532992K)
[1117.330s][info ][gc,metaspace   ] GC(46) Metaspace: 81132K(82240K)->81132K(82240K) NonClass: 69630K(70208K)->69630K(70208K) Class: 11501K(12032K)->11501K(12032K)
[1117.330s][info ][gc             ] GC(46) Pause Young (Allocation Failure) 2229M->438M(2453M) 43.485ms
[1117.330s][info ][gc,cpu         ] GC(46) User=0.06s Sys=0.00s Real=0.04s
[1117.330s][info ][safepoint      ] Safepoint "ParallelGCFailedAllocation", Time since last: 517293933 ns, Reaching safepoint: 47602 ns, At safepoint: 43584409 ns, Total: 43632011 ns
[1130.331s][info ][safepoint      ] Safepoint "Cleanup", Time since last: 13000982155 ns, Reaching safepoint: 114203 ns, At safepoint: 5500 ns, Total: 119703 ns
[1156.333s][info ][safepoint      ] Safepoint "Cleanup", Time since last: 26002340473 ns, Reaching safepoint: 119804 ns, At safepoint: 4200 ns, Total: 124004 ns
[1164.334s][info ][safepoint      ] Safepoint "Cleanup", Time since last: 8000722263 ns, Reaching safepoint: 106803 ns, At safepoint: 9100 ns, Total: 115903 ns
[1174.335s][info ][safepoint      ] Safepoint "Cleanup", Time since last: 10000778832 ns, Reaching safepoint: 113703 ns, At safepoint: 5200 ns, Total: 118903 ns
[1178.336s][info ][safepoint      ] Safepoint "Cleanup", Time since last: 4000364656 ns, Reaching safepoint: 124404 ns, At safepoint: 4800 ns, Total: 129204 ns
[1180.338s][info ][safepoint      ] Safepoint "Cleanup", Time since last: 2000276180 ns, Reaching safepoint: 2436269 ns, At safepoint: 7200 ns, Total: 2443469 ns
[1181.339s][info ][safepoint      ] Safepoint "Cleanup", Time since last: 1000108890 ns, Reaching safepoint: 50201 ns, At safepoint: 2500 ns, Total: 52701 ns
[1181.580s][info ][gc,start       ] GC(47) Pause Young (Allocation Failure)
[1181.614s][debug][gc,phases      ] GC(47) Scavenge 33.916ms
[1181.614s][debug][gc,ref         ] GC(47) Skipped phase 1 of Reference Processing: no references
[1181.614s][debug][gc,ref         ] GC(47) ReferenceProcessor::execute queues: 1, RefProcThreadModel::Single, marks_oops_alive: false
[1181.614s][debug][gc,ref         ] GC(47) Skipped phase 3 of Reference Processing: no references
[1181.614s][debug][gc,ref         ] GC(47) ReferenceProcessor::execute queues: 1, RefProcThreadModel::Single, marks_oops_alive: false
[1181.614s][debug][gc,phases      ] GC(47) Reference Processing 0.144ms
[1181.614s][debug][gc,phases      ] GC(47)   VM Weak                        Min:  0.0, Avg:  0.0, Max:  0.0, Diff:  0.0, Sum:  0.0, Workers: 4
[1181.614s][debug][gc,phases      ] GC(47)     Dead                           Min: 0, Avg:  0.0, Max: 0, Diff: 0, Sum: 0, Workers: 4
[1181.614s][debug][gc,phases      ] GC(47)     Total                          Min: 0, Avg: 224.2, Max: 897, Diff: 897, Sum: 897, Workers: 4
[1181.614s][debug][gc,phases      ] GC(47)   ObjectSynchronizer Weak        Min:  0.0, Avg:  0.0, Max:  0.0, Diff:  0.0, Sum:  0.0, Workers: 4
[1181.614s][debug][gc,phases      ] GC(47)     Dead                           Min: 0, Avg:  0.0, Max: 0, Diff: 0, Sum: 0, Workers: 4
[1181.614s][debug][gc,phases      ] GC(47)     Total                          Min: 0, Avg:  7.2, Max: 29, Diff: 29, Sum: 29, Workers: 4
[1181.614s][debug][gc,phases      ] GC(47)   JVMTI Tag Weak OopStorage      Min:  0.0, Avg:  0.0, Max:  0.0, Diff:  0.0, Sum:  0.0, Workers: 4
[1181.614s][debug][gc,phases      ] GC(47)     Dead                           Min: 0, Avg:  0.0, Max: 0, Diff: 0, Sum: 0, Workers: 4
[1181.614s][debug][gc,phases      ] GC(47)     Total                          Min: 0, Avg:  0.0, Max: 0, Diff: 0, Sum: 0, Workers: 4
[1181.614s][debug][gc,phases      ] GC(47)   StringTable Weak               Min:  0.0, Avg:  0.1, Max:  0.4, Diff:  0.4, Sum:  0.4, Workers: 4
[1181.614s][debug][gc,phases      ] GC(47)     Dead                           Min: 0, Avg:  0.0, Max: 0, Diff: 0, Sum: 0, Workers: 4
[1181.614s][debug][gc,phases      ] GC(47)     Total                          Min: 0, Avg: 10760.8, Max: 43043, Diff: 43043, Sum: 43043, Workers: 4
[1181.614s][debug][gc,phases      ] GC(47)   ResolvedMethodTable Weak       Min:  0.0, Avg:  0.0, Max:  0.1, Diff:  0.1, Sum:  0.1, Workers: 4
[1181.614s][debug][gc,phases      ] GC(47)     Dead                           Min: 0, Avg:  0.0, Max: 0, Diff: 0, Sum: 0, Workers: 4
[1181.614s][debug][gc,phases      ] GC(47)     Total                          Min: 0, Avg: 2304.2, Max: 9217, Diff: 9217, Sum: 9217, Workers: 4
[1181.614s][debug][gc,phases      ] GC(47)   JNI Weak                       Min:  0.0, Avg:  0.0, Max:  0.0, Diff:  0.0, Sum:  0.0, Workers: 4
[1181.614s][debug][gc,phases      ] GC(47)     Dead                           Min: 0, Avg:  0.0, Max: 0, Diff: 0, Sum: 0, Workers: 4
[1181.614s][debug][gc,phases      ] GC(47)     Total                          Min: 0, Avg: 11.2, Max: 45, Diff: 45, Sum: 45, Workers: 4
[1181.614s][debug][gc,phases      ] GC(47)   StringDedup Table Weak         Min:  0.0, Avg:  0.0, Max:  0.0, Diff:  0.0, Sum:  0.0, Workers: 4
[1181.614s][debug][gc,phases      ] GC(47)     Dead                           Min: 0, Avg:  0.0, Max: 0, Diff: 0, Sum: 0, Workers: 4
[1181.614s][debug][gc,phases      ] GC(47)     Total                          Min: 0, Avg:  0.0, Max: 0, Diff: 0, Sum: 0, Workers: 4
[1181.614s][debug][gc,phases      ] GC(47)   StringDedup Requests0 Weak     Min:  0.0, Avg:  0.0, Max:  0.0, Diff:  0.0, Sum:  0.0, Workers: 4
[1181.614s][debug][gc,phases      ] GC(47)     Dead                           Min: 0, Avg:  0.0, Max: 0, Diff: 0, Sum: 0, Workers: 4
[1181.614s][debug][gc,phases      ] GC(47)     Total                          Min: 0, Avg:  0.0, Max: 0, Diff: 0, Sum: 0, Workers: 4
[1181.614s][debug][gc,phases      ] GC(47)   StringDedup Requests1 Weak     Min:  0.0, Avg:  0.0, Max:  0.0, Diff:  0.0, Sum:  0.0, Workers: 4
[1181.614s][debug][gc,phases      ] GC(47)     Dead                           Min: 0, Avg:  0.0, Max: 0, Diff: 0, Sum: 0, Workers: 4
[1181.614s][debug][gc,phases      ] GC(47)     Total                          Min: 0, Avg:  0.0, Max: 0, Diff: 0, Sum: 0, Workers: 4
[1181.614s][debug][gc,phases      ] GC(47)   Weak JFR Old Object Samples    Min:  0.0, Avg:  0.0, Max:  0.0, Diff:  0.0, Sum:  0.0, Workers: 4
[1181.614s][debug][gc,phases      ] GC(47)     Dead                           Min: 0, Avg:  0.0, Max: 0, Diff: 0, Sum: 0, Workers: 4
[1181.614s][debug][gc,phases      ] GC(47)     Total                          Min: 0, Avg:  0.0, Max: 0, Diff: 0, Sum: 0, Workers: 4
[1181.614s][debug][gc,phases      ] GC(47) Weak Processing 0.783ms
[1181.615s][debug][gc,age         ] GC(47) Desired survivor size 119537664 bytes, new threshold 15 (max threshold 15)
[1181.615s][info ][gc,heap        ] GC(47) PSYoungGen: 1901232K(1979392K)->22736K(1974272K) Eden: 1856512K(1856512K)->0K(1856512K) From: 44720K(122880K)->22736K(117760K)
[1181.615s][info ][gc,heap        ] GC(47) ParOldGen: 404701K(532992K)->428077K(532992K)
[1181.615s][info ][gc,metaspace   ] GC(47) Metaspace: 81148K(82240K)->81148K(82240K) NonClass: 69646K(70208K)->69646K(70208K) Class: 11501K(12032K)->11501K(12032K)
[1181.615s][info ][gc             ] GC(47) Pause Young (Allocation Failure) 2251M->440M(2448M) 35.003ms
[1181.615s][info ][gc,cpu         ] GC(47) User=0.05s Sys=0.01s Real=0.03s
[1181.615s][info ][safepoint      ] Safepoint "ParallelGCFailedAllocation", Time since last: 240911540 ns, Reaching safepoint: 41401 ns, At safepoint: 35086681 ns, Total: 35128082 ns
[1185.615s][info ][safepoint      ] Safepoint "Cleanup", Time since last: 4000302781 ns, Reaching safepoint: 59102 ns, At safepoint: 2900 ns, Total: 62002 ns
[1191.616s][info ][safepoint      ] Safepoint "Cleanup", Time since last: 6000484906 ns, Reaching safepoint: 73702 ns, At safepoint: 3700 ns, Total: 77402 ns
[1197.616s][info ][safepoint      ] Safepoint "Cleanup", Time since last: 6000464469 ns, Reaching safepoint: 38701 ns, At safepoint: 3200 ns, Total: 41901 ns
[1200.616s][info ][safepoint      ] Safepoint "Cleanup", Time since last: 3000250667 ns, Reaching safepoint: 57801 ns, At safepoint: 17601 ns, Total: 75402 ns
[1210.617s][info ][safepoint      ] Safepoint "Cleanup", Time since last: 10000704957 ns, Reaching safepoint: 59802 ns, At safepoint: 2700 ns, Total: 62502 ns
[1228.553s][info ][safepoint      ] Safepoint "Cleanup", Time since last: 17935757402 ns, Reaching safepoint: 109803 ns, At safepoint: 8600 ns, Total: 118403 ns
[1229.553s][info ][safepoint      ] Safepoint "Cleanup", Time since last: 1000114374 ns, Reaching safepoint: 72702 ns, At safepoint: 7200 ns, Total: 79902 ns
[1244.337s][info ][gc,start       ] GC(48) Pause Young (Allocation Failure)
[1244.359s][debug][gc,phases      ] GC(48) Scavenge 22.448ms
[1244.359s][debug][gc,ref         ] GC(48) Skipped phase 1 of Reference Processing: no references
[1244.359s][debug][gc,ref         ] GC(48) ReferenceProcessor::execute queues: 1, RefProcThreadModel::Single, marks_oops_alive: false
[1244.359s][debug][gc,ref         ] GC(48) Skipped phase 3 of Reference Processing: no references
[1244.359s][debug][gc,ref         ] GC(48) Skipped phase 4 of Reference Processing: no references
[1244.359s][debug][gc,phases      ] GC(48) Reference Processing 0.143ms
[1244.360s][debug][gc,phases      ] GC(48)   VM Weak                        Min:  0.0, Avg:  0.0, Max:  0.0, Diff:  0.0, Sum:  0.0, Workers: 4
[1244.360s][debug][gc,phases      ] GC(48)     Dead                           Min: 0, Avg:  0.0, Max: 0, Diff: 0, Sum: 0, Workers: 4
[1244.360s][debug][gc,phases      ] GC(48)     Total                          Min: 0, Avg: 224.2, Max: 513, Diff: 513, Sum: 897, Workers: 4
[1244.360s][debug][gc,phases      ] GC(48)   ObjectSynchronizer Weak        Min:  0.0, Avg:  0.0, Max:  0.0, Diff:  0.0, Sum:  0.0, Workers: 4
[1244.360s][debug][gc,phases      ] GC(48)     Dead                           Min: 0, Avg:  0.0, Max: 0, Diff: 0, Sum: 0, Workers: 4
[1244.360s][debug][gc,phases      ] GC(48)     Total                          Min: 0, Avg:  7.2, Max: 29, Diff: 29, Sum: 29, Workers: 4
[1244.360s][debug][gc,phases      ] GC(48)   JVMTI Tag Weak OopStorage      Min:  0.0, Avg:  0.0, Max:  0.0, Diff:  0.0, Sum:  0.0, Workers: 4
[1244.360s][debug][gc,phases      ] GC(48)     Dead                           Min: 0, Avg:  0.0, Max: 0, Diff: 0, Sum: 0, Workers: 4
[1244.360s][debug][gc,phases      ] GC(48)     Total                          Min: 0, Avg:  0.0, Max: 0, Diff: 0, Sum: 0, Workers: 4
[1244.360s][debug][gc,phases      ] GC(48)   StringTable Weak               Min:  0.0, Avg:  0.1, Max:  0.2, Diff:  0.2, Sum:  0.4, Workers: 4
[1244.360s][debug][gc,phases      ] GC(48)     Dead                           Min: 0, Avg:  0.0, Max: 0, Diff: 0, Sum: 0, Workers: 4
[1244.360s][debug][gc,phases      ] GC(48)     Total                          Min: 0, Avg: 10761.8, Max: 22656, Diff: 22656, Sum: 43047, Workers: 4
[1244.360s][debug][gc,phases      ] GC(48)   ResolvedMethodTable Weak       Min:  0.0, Avg:  0.0, Max:  0.0, Diff:  0.0, Sum:  0.1, Workers: 4
[1244.360s][debug][gc,phases      ] GC(48)     Dead                           Min: 0, Avg:  0.0, Max: 0, Diff: 0, Sum: 0, Workers: 4
[1244.360s][debug][gc,phases      ] GC(48)     Total                          Min: 0, Avg: 2304.2, Max: 4737, Diff: 4737, Sum: 9217, Workers: 4
[1244.360s][debug][gc,phases      ] GC(48)   JNI Weak                       Min:  0.0, Avg:  0.0, Max:  0.0, Diff:  0.0, Sum:  0.0, Workers: 4
[1244.360s][debug][gc,phases      ] GC(48)     Dead                           Min: 0, Avg:  0.0, Max: 0, Diff: 0, Sum: 0, Workers: 4
[1244.360s][debug][gc,phases      ] GC(48)     Total                          Min: 0, Avg: 11.2, Max: 45, Diff: 45, Sum: 45, Workers: 4
[1244.360s][debug][gc,phases      ] GC(48)   StringDedup Table Weak         Min:  0.0, Avg:  0.0, Max:  0.0, Diff:  0.0, Sum:  0.0, Workers: 4
[1244.360s][debug][gc,phases      ] GC(48)     Dead                           Min: 0, Avg:  0.0, Max: 0, Diff: 0, Sum: 0, Workers: 4
[1244.360s][debug][gc,phases      ] GC(48)     Total                          Min: 0, Avg:  0.0, Max: 0, Diff: 0, Sum: 0, Workers: 4
[1244.360s][debug][gc,phases      ] GC(48)   StringDedup Requests0 Weak     Min:  0.0, Avg:  0.0, Max:  0.0, Diff:  0.0, Sum:  0.0, Workers: 4
[1244.360s][debug][gc,phases      ] GC(48)     Dead                           Min: 0, Avg:  0.0, Max: 0, Diff: 0, Sum: 0, Workers: 4
[1244.360s][debug][gc,phases      ] GC(48)     Total                          Min: 0, Avg:  0.0, Max: 0, Diff: 0, Sum: 0, Workers: 4
[1244.360s][debug][gc,phases      ] GC(48)   StringDedup Requests1 Weak     Min:  0.0, Avg:  0.0, Max:  0.0, Diff:  0.0, Sum:  0.0, Workers: 4
[1244.360s][debug][gc,phases      ] GC(48)     Dead                           Min: 0, Avg:  0.0, Max: 0, Diff: 0, Sum: 0, Workers: 4
[1244.360s][debug][gc,phases      ] GC(48)     Total                          Min: 0, Avg:  0.0, Max: 0, Diff: 0, Sum: 0, Workers: 4
[1244.360s][debug][gc,phases      ] GC(48)   Weak JFR Old Object Samples    Min:  0.0, Avg:  0.0, Max:  0.0, Diff:  0.0, Sum:  0.0, Workers: 4
[1244.360s][debug][gc,phases      ] GC(48)     Dead                           Min: 0, Avg:  0.0, Max: 0, Diff: 0, Sum: 0, Workers: 4
[1244.360s][debug][gc,phases      ] GC(48)     Total                          Min: 0, Avg:  0.0, Max: 0, Diff: 0, Sum: 0, Workers: 4
[1244.360s][debug][gc,phases      ] GC(48) Weak Processing 0.507ms
[1244.360s][debug][gc,age         ] GC(48) Desired survivor size 121110528 bytes, new threshold 15 (max threshold 15)
[1244.360s][info ][gc,heap        ] GC(48) PSYoungGen: 1879248K(1974272K)->3984K(1977344K) Eden: 1856512K(1856512K)->0K(1860608K) From: 22736K(117760K)->3984K(116736K)
[1244.360s][info ][gc,heap        ] GC(48) ParOldGen: 428077K(532992K)->447825K(532992K)
[1244.360s][info ][gc,metaspace   ] GC(48) Metaspace: 81175K(82304K)->81175K(82304K) NonClass: 69673K(70272K)->69673K(70272K) Class: 11501K(12032K)->11501K(12032K)
[1244.360s][info ][gc             ] GC(48) Pause Young (Allocation Failure) 2253M->441M(2451M) 23.266ms
[1244.360s][info ][gc,cpu         ] GC(48) User=0.03s Sys=0.01s Real=0.03s
[1244.360s][info ][safepoint      ] Safepoint "ParallelGCFailedAllocation", Time since last: 14783472303 ns, Reaching safepoint: 34101 ns, At safepoint: 23348476 ns, Total: 23382577 ns
[1245.360s][info ][safepoint      ] Safepoint "Cleanup", Time since last: 1000093779 ns, Reaching safepoint: 40401 ns, At safepoint: 3300 ns, Total: 43701 ns
[1253.361s][info ][safepoint      ] Safepoint "Cleanup", Time since last: 8000705564 ns, Reaching safepoint: 57801 ns, At safepoint: 2901 ns, Total: 60702 ns
[1259.362s][info ][safepoint      ] Safepoint "Cleanup", Time since last: 6000525136 ns, Reaching safepoint: 54901 ns, At safepoint: 5900 ns, Total: 60801 ns
[1261.362s][info ][safepoint      ] Safepoint "Cleanup", Time since last: 2000206444 ns, Reaching safepoint: 47001 ns, At safepoint: 6701 ns, Total: 53702 ns
[1277.363s][info ][safepoint      ] Safepoint "Cleanup", Time since last: 16001114298 ns, Reaching safepoint: 59902 ns, At safepoint: 2900 ns, Total: 62802 ns
[1301.365s][info ][safepoint      ] Safepoint "Cleanup", Time since last: 24002145207 ns, Reaching safepoint: 51102 ns, At safepoint: 2700 ns, Total: 53802 ns
[1303.285s][info ][gc,start       ] GC(49) Pause Young (Allocation Failure)
[1303.297s][debug][gc,phases      ] GC(49) Scavenge 11.671ms
[1303.297s][debug][gc,ref         ] GC(49) Skipped phase 1 of Reference Processing: no references
[1303.297s][debug][gc,ref         ] GC(49) ReferenceProcessor::execute queues: 1, RefProcThreadModel::Single, marks_oops_alive: false
[1303.297s][debug][gc,ref         ] GC(49) Skipped phase 3 of Reference Processing: no references
[1303.297s][debug][gc,ref         ] GC(49) Skipped phase 4 of Reference Processing: no references
[1303.297s][debug][gc,phases      ] GC(49) Reference Processing 0.121ms
[1303.298s][debug][gc,phases      ] GC(49)   VM Weak                        Min:  0.0, Avg:  0.0, Max:  0.0, Diff:  0.0, Sum:  0.0, Workers: 4
[1303.298s][debug][gc,phases      ] GC(49)     Dead                           Min: 0, Avg:  0.0, Max: 0, Diff: 0, Sum: 0, Workers: 4
[1303.298s][debug][gc,phases      ] GC(49)     Total                          Min: 0, Avg: 224.2, Max: 897, Diff: 897, Sum: 897, Workers: 4
[1303.298s][debug][gc,phases      ] GC(49)   ObjectSynchronizer Weak        Min:  0.0, Avg:  0.0, Max:  0.0, Diff:  0.0, Sum:  0.0, Workers: 4
[1303.298s][debug][gc,phases      ] GC(49)     Dead                           Min: 0, Avg:  0.0, Max: 0, Diff: 0, Sum: 0, Workers: 4
[1303.298s][debug][gc,phases      ] GC(49)     Total                          Min: 0, Avg:  7.2, Max: 29, Diff: 29, Sum: 29, Workers: 4
[1303.298s][debug][gc,phases      ] GC(49)   JVMTI Tag Weak OopStorage      Min:  0.0, Avg:  0.0, Max:  0.0, Diff:  0.0, Sum:  0.0, Workers: 4
[1303.298s][debug][gc,phases      ] GC(49)     Dead                           Min: 0, Avg:  0.0, Max: 0, Diff: 0, Sum: 0, Workers: 4
[1303.298s][debug][gc,phases      ] GC(49)     Total                          Min: 0, Avg:  0.0, Max: 0, Diff: 0, Sum: 0, Workers: 4
[1303.298s][debug][gc,phases      ] GC(49)   StringTable Weak               Min:  0.0, Avg:  0.1, Max:  0.4, Diff:  0.4, Sum:  0.4, Workers: 4
[1303.298s][debug][gc,phases      ] GC(49)     Dead                           Min: 0, Avg:  0.0, Max: 0, Diff: 0, Sum: 0, Workers: 4
[1303.298s][debug][gc,phases      ] GC(49)     Total                          Min: 0, Avg: 10762.2, Max: 43049, Diff: 43049, Sum: 43049, Workers: 4
[1303.298s][debug][gc,phases      ] GC(49)   ResolvedMethodTable Weak       Min:  0.0, Avg:  0.0, Max:  0.1, Diff:  0.1, Sum:  0.1, Workers: 4
[1303.298s][debug][gc,phases      ] GC(49)     Dead                           Min: 0, Avg:  0.0, Max: 0, Diff: 0, Sum: 0, Workers: 4
[1303.298s][debug][gc,phases      ] GC(49)     Total                          Min: 0, Avg: 2304.2, Max: 9217, Diff: 9217, Sum: 9217, Workers: 4
[1303.298s][debug][gc,phases      ] GC(49)   JNI Weak                       Min:  0.0, Avg:  0.0, Max:  0.0, Diff:  0.0, Sum:  0.0, Workers: 4
[1303.298s][debug][gc,phases      ] GC(49)     Dead                           Min: 0, Avg:  0.0, Max: 0, Diff: 0, Sum: 0, Workers: 4
[1303.298s][debug][gc,phases      ] GC(49)     Total                          Min: 0, Avg: 11.2, Max: 45, Diff: 45, Sum: 45, Workers: 4
[1303.298s][debug][gc,phases      ] GC(49)   StringDedup Table Weak         Min:  0.0, Avg:  0.0, Max:  0.0, Diff:  0.0, Sum:  0.0, Workers: 4
[1303.298s][debug][gc,phases      ] GC(49)     Dead                           Min: 0, Avg:  0.0, Max: 0, Diff: 0, Sum: 0, Workers: 4
[1303.298s][debug][gc,phases      ] GC(49)     Total                          Min: 0, Avg:  0.0, Max: 0, Diff: 0, Sum: 0, Workers: 4
[1303.298s][debug][gc,phases      ] GC(49)   StringDedup Requests0 Weak     Min:  0.0, Avg:  0.0, Max:  0.0, Diff:  0.0, Sum:  0.0, Workers: 4
[1303.298s][debug][gc,phases      ] GC(49)     Dead                           Min: 0, Avg:  0.0, Max: 0, Diff: 0, Sum: 0, Workers: 4
[1303.298s][debug][gc,phases      ] GC(49)     Total                          Min: 0, Avg:  0.0, Max: 0, Diff: 0, Sum: 0, Workers: 4
[1303.298s][debug][gc,phases      ] GC(49)   StringDedup Requests1 Weak     Min:  0.0, Avg:  0.0, Max:  0.0, Diff:  0.0, Sum:  0.0, Workers: 4
[1303.298s][debug][gc,phases      ] GC(49)     Dead                           Min: 0, Avg:  0.0, Max: 0, Diff: 0, Sum: 0, Workers: 4
[1303.298s][debug][gc,phases      ] GC(49)     Total                          Min: 0, Avg:  0.0, Max: 0, Diff: 0, Sum: 0, Workers: 4
[1303.298s][debug][gc,phases      ] GC(49)   Weak JFR Old Object Samples    Min:  0.0, Avg:  0.0, Max:  0.0, Diff:  0.0, Sum:  0.0, Workers: 4
[1303.298s][debug][gc,phases      ] GC(49)     Dead                           Min: 0, Avg:  0.0, Max: 0, Diff: 0, Sum: 0, Workers: 4
[1303.298s][debug][gc,phases      ] GC(49)     Total                          Min: 0, Avg:  0.0, Max: 0, Diff: 0, Sum: 0, Workers: 4
[1303.298s][debug][gc,phases      ] GC(49) Weak Processing 0.739ms
[1303.298s][debug][gc,age         ] GC(49) Desired survivor size 121110528 bytes, new threshold 15 (max threshold 15)
[1303.298s][info ][gc,heap        ] GC(49) PSYoungGen: 1864592K(1977344K)->1760K(1978880K) Eden: 1860608K(1860608K)->0K(1860608K) From: 3984K(116736K)->1760K(118272K)
[1303.298s][info ][gc,heap        ] GC(49) ParOldGen: 447825K(532992K)->450738K(532992K)
[1303.298s][info ][gc,metaspace   ] GC(49) Metaspace: 81200K(82304K)->81200K(82304K) NonClass: 69698K(70272K)->69698K(70272K) Class: 11501K(12032K)->11501K(12032K)
[1303.298s][info ][gc             ] GC(49) Pause Young (Allocation Failure) 2258M->441M(2453M) 12.675ms
[1303.298s][info ][gc,cpu         ] GC(49) User=0.01s Sys=0.00s Real=0.01s
[1303.298s][info ][safepoint      ] Safepoint "ParallelGCFailedAllocation", Time since last: 1920171578 ns, Reaching safepoint: 41001 ns, At safepoint: 12765610 ns, Total: 12806611 ns
[1312.299s][info ][safepoint      ] Safepoint "Cleanup", Time since last: 9000666888 ns, Reaching safepoint: 57701 ns, At safepoint: 2600 ns, Total: 60301 ns
[1313.299s][info ][safepoint      ] Safepoint "Cleanup", Time since last: 1000120460 ns, Reaching safepoint: 49502 ns, At safepoint: 3000 ns, Total: 52502 ns
[1314.299s][info ][safepoint      ] Safepoint "Cleanup", Time since last: 1000118860 ns, Reaching safepoint: 51801 ns, At safepoint: 8300 ns, Total: 60101 ns
[1315.299s][info ][safepoint      ] Safepoint "Cleanup", Time since last: 1000070359 ns, Reaching safepoint: 49501 ns, At safepoint: 2700 ns, Total: 52201 ns
[1316.299s][info ][safepoint      ] Safepoint "Cleanup", Time since last: 1000073259 ns, Reaching safepoint: 52001 ns, At safepoint: 3000 ns, Total: 55001 ns
[1318.300s][info ][safepoint      ] Safepoint "Cleanup", Time since last: 2000230294 ns, Reaching safepoint: 53601 ns, At safepoint: 2900 ns, Total: 56501 ns
[1320.300s][info ][safepoint      ] Safepoint "Cleanup", Time since last: 2000171509 ns, Reaching safepoint: 52401 ns, At safepoint: 6500 ns, Total: 58901 ns
[1330.301s][info ][safepoint      ] Safepoint "Cleanup", Time since last: 10000597635 ns, Reaching safepoint: 54501 ns, At safepoint: 7101 ns, Total: 61602 ns
[1335.301s][info ][safepoint      ] Safepoint "Cleanup", Time since last: 5000339494 ns, Reaching safepoint: 54101 ns, At safepoint: 2700 ns, Total: 56801 ns
[1339.301s][info ][safepoint      ] Safepoint "Cleanup", Time since last: 4000328407 ns, Reaching safepoint: 38601 ns, At safepoint: 3000 ns, Total: 41601 ns
[1340.302s][info ][safepoint      ] Safepoint "Cleanup", Time since last: 1000099052 ns, Reaching safepoint: 63402 ns, At safepoint: 4000 ns, Total: 67402 ns
[1343.302s][info ][safepoint      ] Safepoint "Cleanup", Time since last: 3000237053 ns, Reaching safepoint: 83202 ns, At safepoint: 3600 ns, Total: 86802 ns
[1344.302s][info ][safepoint      ] Safepoint "Cleanup", Time since last: 1000106693 ns, Reaching safepoint: 53201 ns, At safepoint: 4200 ns, Total: 57401 ns
[1346.302s][info ][safepoint      ] Safepoint "Cleanup", Time since last: 2000184684 ns, Reaching safepoint: 49802 ns, At safepoint: 11300 ns, Total: 61102 ns
[1354.303s][info ][safepoint      ] Safepoint "Cleanup", Time since last: 8000569061 ns, Reaching safepoint: 78002 ns, At safepoint: 42501 ns, Total: 120503 ns
[1361.035s][info ][gc,start       ] GC(50) Pause Young (Allocation Failure)
[1361.043s][debug][gc,phases      ] GC(50) Scavenge 7.986ms
[1361.043s][debug][gc,ref         ] GC(50) Skipped phase 1 of Reference Processing: no references
[1361.043s][debug][gc,ref         ] GC(50) ReferenceProcessor::execute queues: 1, RefProcThreadModel::Single, marks_oops_alive: false
[1361.043s][debug][gc,ref         ] GC(50) Skipped phase 3 of Reference Processing: no references
[1361.043s][debug][gc,ref         ] GC(50) ReferenceProcessor::execute queues: 1, RefProcThreadModel::Single, marks_oops_alive: false
[1361.043s][debug][gc,phases      ] GC(50) Reference Processing 0.128ms
[1361.043s][debug][gc,phases      ] GC(50)   VM Weak                        Min:  0.0, Avg:  0.0, Max:  0.0, Diff:  0.0, Sum:  0.0, Workers: 4
[1361.043s][debug][gc,phases      ] GC(50)     Dead                           Min: 0, Avg:  0.0, Max: 0, Diff: 0, Sum: 0, Workers: 4
[1361.043s][debug][gc,phases      ] GC(50)     Total                          Min: 0, Avg: 224.2, Max: 897, Diff: 897, Sum: 897, Workers: 4
[1361.043s][debug][gc,phases      ] GC(50)   ObjectSynchronizer Weak        Min:  0.0, Avg:  0.0, Max:  0.0, Diff:  0.0, Sum:  0.0, Workers: 4
[1361.043s][debug][gc,phases      ] GC(50)     Dead                           Min: 0, Avg:  0.0, Max: 0, Diff: 0, Sum: 0, Workers: 4
[1361.043s][debug][gc,phases      ] GC(50)     Total                          Min: 0, Avg:  7.2, Max: 29, Diff: 29, Sum: 29, Workers: 4
[1361.043s][debug][gc,phases      ] GC(50)   JVMTI Tag Weak OopStorage      Min:  0.0, Avg:  0.0, Max:  0.0, Diff:  0.0, Sum:  0.0, Workers: 4
[1361.043s][debug][gc,phases      ] GC(50)     Dead                           Min: 0, Avg:  0.0, Max: 0, Diff: 0, Sum: 0, Workers: 4
[1361.043s][debug][gc,phases      ] GC(50)     Total                          Min: 0, Avg:  0.0, Max: 0, Diff: 0, Sum: 0, Workers: 4
[1361.044s][debug][gc,phases      ] GC(50)   StringTable Weak               Min:  0.0, Avg:  0.1, Max:  0.4, Diff:  0.4, Sum:  0.4, Workers: 4
[1361.044s][debug][gc,phases      ] GC(50)     Dead                           Min: 0, Avg:  0.5, Max: 2, Diff: 2, Sum: 2, Workers: 4
[1361.044s][debug][gc,phases      ] GC(50)     Total                          Min: 0, Avg: 10764.5, Max: 43058, Diff: 43058, Sum: 43058, Workers: 4
[1361.044s][debug][gc,phases      ] GC(50)   ResolvedMethodTable Weak       Min:  0.0, Avg:  0.0, Max:  0.1, Diff:  0.1, Sum:  0.1, Workers: 4
[1361.044s][debug][gc,phases      ] GC(50)     Dead                           Min: 0, Avg:  4.2, Max: 17, Diff: 17, Sum: 17, Workers: 4
[1361.044s][debug][gc,phases      ] GC(50)     Total                          Min: 0, Avg: 2309.8, Max: 9239, Diff: 9239, Sum: 9239, Workers: 4
[1361.044s][debug][gc,phases      ] GC(50)   JNI Weak                       Min:  0.0, Avg:  0.0, Max:  0.0, Diff:  0.0, Sum:  0.0, Workers: 4
[1361.044s][debug][gc,phases      ] GC(50)     Dead                           Min: 0, Avg:  0.0, Max: 0, Diff: 0, Sum: 0, Workers: 4
[1361.044s][debug][gc,phases      ] GC(50)     Total                          Min: 0, Avg: 11.2, Max: 45, Diff: 45, Sum: 45, Workers: 4
[1361.044s][debug][gc,phases      ] GC(50)   StringDedup Table Weak         Min:  0.0, Avg:  0.0, Max:  0.0, Diff:  0.0, Sum:  0.0, Workers: 4
[1361.044s][debug][gc,phases      ] GC(50)     Dead                           Min: 0, Avg:  0.0, Max: 0, Diff: 0, Sum: 0, Workers: 4
[1361.044s][debug][gc,phases      ] GC(50)     Total                          Min: 0, Avg:  0.0, Max: 0, Diff: 0, Sum: 0, Workers: 4
[1361.044s][debug][gc,phases      ] GC(50)   StringDedup Requests0 Weak     Min:  0.0, Avg:  0.0, Max:  0.0, Diff:  0.0, Sum:  0.0, Workers: 4
[1361.044s][debug][gc,phases      ] GC(50)     Dead                           Min: 0, Avg:  0.0, Max: 0, Diff: 0, Sum: 0, Workers: 4
[1361.044s][debug][gc,phases      ] GC(50)     Total                          Min: 0, Avg:  0.0, Max: 0, Diff: 0, Sum: 0, Workers: 4
[1361.044s][debug][gc,phases      ] GC(50)   StringDedup Requests1 Weak     Min:  0.0, Avg:  0.0, Max:  0.0, Diff:  0.0, Sum:  0.0, Workers: 4
[1361.044s][debug][gc,phases      ] GC(50)     Dead                           Min: 0, Avg:  0.0, Max: 0, Diff: 0, Sum: 0, Workers: 4
[1361.044s][debug][gc,phases      ] GC(50)     Total                          Min: 0, Avg:  0.0, Max: 0, Diff: 0, Sum: 0, Workers: 4
[1361.044s][debug][gc,phases      ] GC(50)   Weak JFR Old Object Samples    Min:  0.0, Avg:  0.0, Max:  0.0, Diff:  0.0, Sum:  0.0, Workers: 4
[1361.044s][debug][gc,phases      ] GC(50)     Dead                           Min: 0, Avg:  0.0, Max: 0, Diff: 0, Sum: 0, Workers: 4
[1361.044s][debug][gc,phases      ] GC(50)     Total                          Min: 0, Avg:  0.0, Max: 0, Diff: 0, Sum: 0, Workers: 4
[1361.044s][debug][gc,phases      ] GC(50) Weak Processing 0.696ms
[1361.044s][debug][gc,age         ] GC(50) Desired survivor size 120586240 bytes, new threshold 15 (max threshold 15)
[1361.044s][info ][gc,heap        ] GC(50) PSYoungGen: 1862368K(1978880K)->1344K(1979392K) Eden: 1860608K(1860608K)->0K(1861120K) From: 1760K(118272K)->1344K(118272K)
[1361.044s][info ][gc,heap        ] GC(50) ParOldGen: 450738K(532992K)->450778K(532992K)
[1361.044s][info ][gc,metaspace   ] GC(50) Metaspace: 81261K(82368K)->81261K(82368K) NonClass: 69753K(70336K)->69753K(70336K) Class: 11508K(12032K)->11508K(12032K)
[1361.044s][info ][gc             ] GC(50) Pause Young (Allocation Failure) 2258M->441M(2453M) 8.954ms
[1361.044s][info ][gc,cpu         ] GC(50) User=0.01s Sys=0.00s Real=0.01s
[1361.044s][info ][safepoint      ] Safepoint "ParallelGCFailedAllocation", Time since last: 6731648784 ns, Reaching safepoint: 39001 ns, At safepoint: 9039477 ns, Total: 9078478 ns
[1363.044s][info ][safepoint      ] Safepoint "Cleanup", Time since last: 2000167493 ns, Reaching safepoint: 49301 ns, At safepoint: 7900 ns, Total: 57201 ns
[1367.044s][info ][safepoint      ] Safepoint "Cleanup", Time since last: 4000305857 ns, Reaching safepoint: 47301 ns, At safepoint: 3100 ns, Total: 50401 ns
[1372.045s][info ][safepoint      ] Safepoint "Cleanup", Time since last: 5000494290 ns, Reaching safepoint: 126003 ns, At safepoint: 29200 ns, Total: 155203 ns
[1376.045s][info ][safepoint      ] Safepoint "Cleanup", Time since last: 4000328542 ns, Reaching safepoint: 59502 ns, At safepoint: 3500 ns, Total: 63002 ns
[1381.046s][info ][safepoint      ] Safepoint "Cleanup", Time since last: 5000354311 ns, Reaching safepoint: 83002 ns, At safepoint: 33001 ns, Total: 116003 ns
[1396.047s][info ][safepoint      ] Safepoint "Cleanup", Time since last: 15001094535 ns, Reaching safepoint: 51201 ns, At safepoint: 33501 ns, Total: 84702 ns
[1398.047s][info ][safepoint      ] Safepoint "Cleanup", Time since last: 2000147459 ns, Reaching safepoint: 62801 ns, At safepoint: 10100 ns, Total: 72901 ns
[1404.048s][info ][safepoint      ] Safepoint "Cleanup", Time since last: 6000513482 ns, Reaching safepoint: 47501 ns, At safepoint: 3101 ns, Total: 50602 ns
[1423.055s][info ][safepoint      ] Safepoint "Cleanup", Time since last: 19007542618 ns, Reaching safepoint: 52401 ns, At safepoint: 4000 ns, Total: 56401 ns
[1424.791s][info ][gc,start       ] GC(51) Pause Young (Allocation Failure)
[1424.803s][debug][gc,phases      ] GC(51) Scavenge 11.945ms
[1424.803s][debug][gc,ref         ] GC(51) Skipped phase 1 of Reference Processing: no references
[1424.803s][debug][gc,ref         ] GC(51) ReferenceProcessor::execute queues: 1, RefProcThreadModel::Single, marks_oops_alive: false
[1424.803s][debug][gc,ref         ] GC(51) Skipped phase 3 of Reference Processing: no references
[1424.803s][debug][gc,ref         ] GC(51) Skipped phase 4 of Reference Processing: no references
[1424.803s][debug][gc,phases      ] GC(51) Reference Processing 0.137ms
[1424.803s][debug][gc,phases      ] GC(51)   VM Weak                        Min:  0.0, Avg:  0.0, Max:  0.0, Diff:  0.0, Sum:  0.0, Workers: 4
[1424.803s][debug][gc,phases      ] GC(51)     Dead                           Min: 0, Avg:  0.0, Max: 0, Diff: 0, Sum: 0, Workers: 4
[1424.803s][debug][gc,phases      ] GC(51)     Total                          Min: 0, Avg: 224.2, Max: 897, Diff: 897, Sum: 897, Workers: 4
[1424.803s][debug][gc,phases      ] GC(51)   ObjectSynchronizer Weak        Min:  0.0, Avg:  0.0, Max:  0.0, Diff:  0.0, Sum:  0.0, Workers: 4
[1424.803s][debug][gc,phases      ] GC(51)     Dead                           Min: 0, Avg:  0.0, Max: 0, Diff: 0, Sum: 0, Workers: 4
[1424.803s][debug][gc,phases      ] GC(51)     Total                          Min: 0, Avg:  7.2, Max: 29, Diff: 29, Sum: 29, Workers: 4
[1424.803s][debug][gc,phases      ] GC(51)   JVMTI Tag Weak OopStorage      Min:  0.0, Avg:  0.0, Max:  0.0, Diff:  0.0, Sum:  0.0, Workers: 4
[1424.803s][debug][gc,phases      ] GC(51)     Dead                           Min: 0, Avg:  0.0, Max: 0, Diff: 0, Sum: 0, Workers: 4
[1424.803s][debug][gc,phases      ] GC(51)     Total                          Min: 0, Avg:  0.0, Max: 0, Diff: 0, Sum: 0, Workers: 4
[1424.803s][debug][gc,phases      ] GC(51)   StringTable Weak               Min:  0.0, Avg:  0.1, Max:  0.5, Diff:  0.5, Sum:  0.5, Workers: 4
[1424.803s][debug][gc,phases      ] GC(51)     Dead                           Min: 0, Avg:  0.0, Max: 0, Diff: 0, Sum: 0, Workers: 4
[1424.803s][debug][gc,phases      ] GC(51)     Total                          Min: 0, Avg: 10764.5, Max: 43058, Diff: 43058, Sum: 43058, Workers: 4
[1424.803s][debug][gc,phases      ] GC(51)   ResolvedMethodTable Weak       Min:  0.0, Avg:  0.0, Max:  0.1, Diff:  0.1, Sum:  0.1, Workers: 4
[1424.803s][debug][gc,phases      ] GC(51)     Dead                           Min: 0, Avg:  0.0, Max: 0, Diff: 0, Sum: 0, Workers: 4
[1424.803s][debug][gc,phases      ] GC(51)     Total                          Min: 0, Avg: 2309.8, Max: 9239, Diff: 9239, Sum: 9239, Workers: 4
[1424.803s][debug][gc,phases      ] GC(51)   JNI Weak                       Min:  0.0, Avg:  0.0, Max:  0.0, Diff:  0.0, Sum:  0.0, Workers: 4
[1424.803s][debug][gc,phases      ] GC(51)     Dead                           Min: 0, Avg:  0.0, Max: 0, Diff: 0, Sum: 0, Workers: 4
[1424.803s][debug][gc,phases      ] GC(51)     Total                          Min: 0, Avg: 11.2, Max: 45, Diff: 45, Sum: 45, Workers: 4
[1424.804s][debug][gc,phases      ] GC(51)   StringDedup Table Weak         Min:  0.0, Avg:  0.0, Max:  0.0, Diff:  0.0, Sum:  0.0, Workers: 4
[1424.804s][debug][gc,phases      ] GC(51)     Dead                           Min: 0, Avg:  0.0, Max: 0, Diff: 0, Sum: 0, Workers: 4
[1424.804s][debug][gc,phases      ] GC(51)     Total                          Min: 0, Avg:  0.0, Max: 0, Diff: 0, Sum: 0, Workers: 4
[1424.804s][debug][gc,phases      ] GC(51)   StringDedup Requests0 Weak     Min:  0.0, Avg:  0.0, Max:  0.0, Diff:  0.0, Sum:  0.0, Workers: 4
[1424.804s][debug][gc,phases      ] GC(51)     Dead                           Min: 0, Avg:  0.0, Max: 0, Diff: 0, Sum: 0, Workers: 4
[1424.804s][debug][gc,phases      ] GC(51)     Total                          Min: 0, Avg:  0.0, Max: 0, Diff: 0, Sum: 0, Workers: 4
[1424.804s][debug][gc,phases      ] GC(51)   StringDedup Requests1 Weak     Min:  0.0, Avg:  0.0, Max:  0.0, Diff:  0.0, Sum:  0.0, Workers: 4
[1424.804s][debug][gc,phases      ] GC(51)     Dead                           Min: 0, Avg:  0.0, Max: 0, Diff: 0, Sum: 0, Workers: 4
[1424.804s][debug][gc,phases      ] GC(51)     Total                          Min: 0, Avg:  0.0, Max: 0, Diff: 0, Sum: 0, Workers: 4
[1424.804s][debug][gc,phases      ] GC(51)   Weak JFR Old Object Samples    Min:  0.0, Avg:  0.0, Max:  0.0, Diff:  0.0, Sum:  0.0, Workers: 4
[1424.804s][debug][gc,phases      ] GC(51)     Dead                           Min: 0, Avg:  0.0, Max: 0, Diff: 0, Sum: 0, Workers: 4
[1424.804s][debug][gc,phases      ] GC(51)     Total                          Min: 0, Avg:  0.0, Max: 0, Diff: 0, Sum: 0, Workers: 4
[1424.804s][debug][gc,phases      ] GC(51) Weak Processing 0.929ms
[1424.804s][debug][gc,age         ] GC(51) Desired survivor size 118489088 bytes, new threshold 15 (max threshold 15)
[1424.804s][info ][gc,heap        ] GC(51) PSYoungGen: 1862464K(1979392K)->1472K(1978880K) Eden: 1861120K(1861120K)->0K(1861120K) From: 1344K(118272K)->1472K(117760K)
[1424.804s][info ][gc,heap        ] GC(51) ParOldGen: 450778K(532992K)->450810K(532992K)
[1424.804s][info ][gc,metaspace   ] GC(51) Metaspace: 81265K(82368K)->81265K(82368K) NonClass: 69756K(70336K)->69756K(70336K) Class: 11508K(12032K)->11508K(12032K)
[1424.804s][info ][gc             ] GC(51) Pause Young (Allocation Failure) 2259M->441M(2453M) 13.168ms
[1424.804s][info ][gc,cpu         ] GC(51) User=0.01s Sys=0.00s Real=0.01s
[1424.804s][info ][safepoint      ] Safepoint "ParallelGCFailedAllocation", Time since last: 1735033341 ns, Reaching safepoint: 39401 ns, At safepoint: 13251116 ns, Total: 13290517 ns
[1433.804s][info ][safepoint      ] Safepoint "Cleanup", Time since last: 9000611430 ns, Reaching safepoint: 65602 ns, At safepoint: 4100 ns, Total: 69702 ns
[1436.805s][info ][safepoint      ] Safepoint "Cleanup", Time since last: 3000284566 ns, Reaching safepoint: 60002 ns, At safepoint: 3400 ns, Total: 63402 ns
[1437.805s][info ][safepoint      ] Safepoint "Cleanup", Time since last: 1000151228 ns, Reaching safepoint: 41701 ns, At safepoint: 2700 ns, Total: 44401 ns
[1443.805s][info ][safepoint      ] Safepoint "Cleanup", Time since last: 6000483726 ns, Reaching safepoint: 50702 ns, At safepoint: 6900 ns, Total: 57602 ns
[1445.806s][info ][safepoint      ] Safepoint "Cleanup", Time since last: 2000198460 ns, Reaching safepoint: 56502 ns, At safepoint: 2500 ns, Total: 59002 ns
[1446.806s][info ][safepoint      ] Safepoint "Cleanup", Time since last: 1000131270 ns, Reaching safepoint: 57001 ns, At safepoint: 2900 ns, Total: 59901 ns
[1453.807s][info ][safepoint      ] Safepoint "Cleanup", Time since last: 7000535075 ns, Reaching safepoint: 43201 ns, At safepoint: 2700 ns, Total: 45901 ns
[1458.807s][info ][safepoint      ] Safepoint "Cleanup", Time since last: 5000395191 ns, Reaching safepoint: 54501 ns, At safepoint: 3600 ns, Total: 58101 ns
[1487.809s][info ][safepoint      ] Safepoint "Cleanup", Time since last: 29001972287 ns, Reaching safepoint: 46701 ns, At safepoint: 2400 ns, Total: 49101 ns
[1488.133s][info ][gc,start       ] GC(52) Pause Young (Allocation Failure)
[1488.137s][debug][gc,phases      ] GC(52) Scavenge 3.441ms
[1488.137s][debug][gc,ref         ] GC(52) Skipped phase 1 of Reference Processing: no references
[1488.137s][debug][gc,ref         ] GC(52) ReferenceProcessor::execute queues: 1, RefProcThreadModel::Single, marks_oops_alive: false
[1488.137s][debug][gc,ref         ] GC(52) Skipped phase 3 of Reference Processing: no references
[1488.137s][debug][gc,ref         ] GC(52) Skipped phase 4 of Reference Processing: no references
[1488.137s][debug][gc,phases      ] GC(52) Reference Processing 0.102ms
[1488.137s][debug][gc,phases      ] GC(52)   VM Weak                        Min:  0.0, Avg:  0.0, Max:  0.0, Diff:  0.0, Sum:  0.0, Workers: 4
[1488.137s][debug][gc,phases      ] GC(52)     Dead                           Min: 0, Avg:  0.0, Max: 0, Diff: 0, Sum: 0, Workers: 4
[1488.137s][debug][gc,phases      ] GC(52)     Total                          Min: 0, Avg: 224.2, Max: 513, Diff: 513, Sum: 897, Workers: 4
[1488.137s][debug][gc,phases      ] GC(52)   ObjectSynchronizer Weak        Min:  0.0, Avg:  0.0, Max:  0.0, Diff:  0.0, Sum:  0.0, Workers: 4
[1488.137s][debug][gc,phases      ] GC(52)     Dead                           Min: 0, Avg:  0.0, Max: 0, Diff: 0, Sum: 0, Workers: 4
[1488.137s][debug][gc,phases      ] GC(52)     Total                          Min: 0, Avg:  7.2, Max: 29, Diff: 29, Sum: 29, Workers: 4
[1488.137s][debug][gc,phases      ] GC(52)   JVMTI Tag Weak OopStorage      Min:  0.0, Avg:  0.0, Max:  0.0, Diff:  0.0, Sum:  0.0, Workers: 4
[1488.137s][debug][gc,phases      ] GC(52)     Dead                           Min: 0, Avg:  0.0, Max: 0, Diff: 0, Sum: 0, Workers: 4
[1488.137s][debug][gc,phases      ] GC(52)     Total                          Min: 0, Avg:  0.0, Max: 0, Diff: 0, Sum: 0, Workers: 4
[1488.137s][debug][gc,phases      ] GC(52)   StringTable Weak               Min:  0.0, Avg:  0.1, Max:  0.2, Diff:  0.2, Sum:  0.4, Workers: 4
[1488.137s][debug][gc,phases      ] GC(52)     Dead                           Min: 0, Avg:  0.0, Max: 0, Diff: 0, Sum: 0, Workers: 4
[1488.137s][debug][gc,phases      ] GC(52)     Total                          Min: 0, Avg: 10765.2, Max: 22070, Diff: 22070, Sum: 43061, Workers: 4
[1488.137s][debug][gc,phases      ] GC(52)   ResolvedMethodTable Weak       Min:  0.0, Avg:  0.0, Max:  0.0, Diff:  0.0, Sum:  0.1, Workers: 4
[1488.137s][debug][gc,phases      ] GC(52)     Dead                           Min: 0, Avg:  0.0, Max: 0, Diff: 0, Sum: 0, Workers: 4
[1488.137s][debug][gc,phases      ] GC(52)     Total                          Min: 0, Avg: 2309.8, Max: 4887, Diff: 4887, Sum: 9239, Workers: 4
[1488.137s][debug][gc,phases      ] GC(52)   JNI Weak                       Min:  0.0, Avg:  0.0, Max:  0.0, Diff:  0.0, Sum:  0.0, Workers: 4
[1488.137s][debug][gc,phases      ] GC(52)     Dead                           Min: 0, Avg:  0.0, Max: 0, Diff: 0, Sum: 0, Workers: 4
[1488.137s][debug][gc,phases      ] GC(52)     Total                          Min: 0, Avg: 11.2, Max: 45, Diff: 45, Sum: 45, Workers: 4
[1488.137s][debug][gc,phases      ] GC(52)   StringDedup Table Weak         Min:  0.0, Avg:  0.0, Max:  0.0, Diff:  0.0, Sum:  0.0, Workers: 4
[1488.137s][debug][gc,phases      ] GC(52)     Dead                           Min: 0, Avg:  0.0, Max: 0, Diff: 0, Sum: 0, Workers: 4
[1488.137s][debug][gc,phases      ] GC(52)     Total                          Min: 0, Avg:  0.0, Max: 0, Diff: 0, Sum: 0, Workers: 4
[1488.137s][debug][gc,phases      ] GC(52)   StringDedup Requests0 Weak     Min:  0.0, Avg:  0.0, Max:  0.0, Diff:  0.0, Sum:  0.0, Workers: 4
[1488.137s][debug][gc,phases      ] GC(52)     Dead                           Min: 0, Avg:  0.0, Max: 0, Diff: 0, Sum: 0, Workers: 4
[1488.137s][debug][gc,phases      ] GC(52)     Total                          Min: 0, Avg:  0.0, Max: 0, Diff: 0, Sum: 0, Workers: 4
[1488.137s][debug][gc,phases      ] GC(52)   StringDedup Requests1 Weak     Min:  0.0, Avg:  0.0, Max:  0.0, Diff:  0.0, Sum:  0.0, Workers: 4
[1488.137s][debug][gc,phases      ] GC(52)     Dead                           Min: 0, Avg:  0.0, Max: 0, Diff: 0, Sum: 0, Workers: 4
[1488.137s][debug][gc,phases      ] GC(52)     Total                          Min: 0, Avg:  0.0, Max: 0, Diff: 0, Sum: 0, Workers: 4
[1488.137s][debug][gc,phases      ] GC(52)   Weak JFR Old Object Samples    Min:  0.0, Avg:  0.0, Max:  0.0, Diff:  0.0, Sum:  0.0, Workers: 4
[1488.137s][debug][gc,phases      ] GC(52)     Dead                           Min: 0, Avg:  0.0, Max: 0, Diff: 0, Sum: 0, Workers: 4
[1488.137s][debug][gc,phases      ] GC(52)     Total                          Min: 0, Avg:  0.0, Max: 0, Diff: 0, Sum: 0, Workers: 4
[1488.137s][debug][gc,phases      ] GC(52) Weak Processing 0.435ms
[1488.137s][debug][gc,age         ] GC(52) Desired survivor size 115867648 bytes, new threshold 15 (max threshold 15)
[1488.137s][info ][gc,heap        ] GC(52) PSYoungGen: 1862592K(1978880K)->1424K(1984000K) Eden: 1861120K(1861120K)->0K(1868288K) From: 1472K(117760K)->1424K(115712K)
[1488.137s][info ][gc,heap        ] GC(52) ParOldGen: 450810K(532992K)->450842K(532992K)
[1488.137s][info ][gc,metaspace   ] GC(52) Metaspace: 81289K(82432K)->81289K(82432K) NonClass: 69781K(70400K)->69781K(70400K) Class: 11508K(12032K)->11508K(12032K)
[1488.137s][info ][gc             ] GC(52) Pause Young (Allocation Failure) 2259M->441M(2458M) 4.097ms
[1488.137s][info ][gc,cpu         ] GC(52) User=0.01s Sys=0.00s Real=0.00s
[1488.137s][info ][safepoint      ] Safepoint "ParallelGCFailedAllocation", Time since last: 324294615 ns, Reaching safepoint: 43401 ns, At safepoint: 4169997 ns, Total: 4213398 ns
[1508.139s][info ][safepoint      ] Safepoint "Cleanup", Time since last: 20001504034 ns, Reaching safepoint: 125202 ns, At safepoint: 4201 ns, Total: 129403 ns
[1510.139s][info ][safepoint      ] Safepoint "Cleanup", Time since last: 2000218091 ns, Reaching safepoint: 52401 ns, At safepoint: 3100 ns, Total: 55501 ns
[1513.140s][info ][safepoint      ] Safepoint "Cleanup", Time since last: 3000267605 ns, Reaching safepoint: 125603 ns, At safepoint: 33701 ns, Total: 159304 ns
[1529.141s][info ][safepoint      ] Safepoint "Cleanup", Time since last: 16001205677 ns, Reaching safepoint: 65802 ns, At safepoint: 8100 ns, Total: 73902 ns
[1535.142s][info ][safepoint      ] Safepoint "Cleanup", Time since last: 6000568600 ns, Reaching safepoint: 71902 ns, At safepoint: 4400 ns, Total: 76302 ns
[1549.143s][info ][safepoint      ] Safepoint "Cleanup", Time since last: 14001045390 ns, Reaching safepoint: 51202 ns, At safepoint: 2600 ns, Total: 53802 ns
[1554.782s][info ][gc,start       ] GC(53) Pause Young (Allocation Failure)
[1554.785s][debug][gc,phases      ] GC(53) Scavenge 3.252ms
[1554.785s][debug][gc,ref         ] GC(53) Skipped phase 1 of Reference Processing: no references
[1554.785s][debug][gc,ref         ] GC(53) ReferenceProcessor::execute queues: 1, RefProcThreadModel::Single, marks_oops_alive: false
[1554.785s][debug][gc,ref         ] GC(53) Skipped phase 3 of Reference Processing: no references
[1554.785s][debug][gc,ref         ] GC(53) Skipped phase 4 of Reference Processing: no references
[1554.785s][debug][gc,phases      ] GC(53) Reference Processing 0.106ms
[1554.786s][debug][gc,phases      ] GC(53)   VM Weak                        Min:  0.0, Avg:  0.0, Max:  0.0, Diff:  0.0, Sum:  0.0, Workers: 4
[1554.786s][debug][gc,phases      ] GC(53)     Dead                           Min: 0, Avg:  0.0, Max: 0, Diff: 0, Sum: 0, Workers: 4
[1554.786s][debug][gc,phases      ] GC(53)     Total                          Min: 0, Avg: 224.2, Max: 449, Diff: 449, Sum: 897, Workers: 4
[1554.786s][debug][gc,phases      ] GC(53)   ObjectSynchronizer Weak        Min:  0.0, Avg:  0.0, Max:  0.0, Diff:  0.0, Sum:  0.0, Workers: 4
[1554.786s][debug][gc,phases      ] GC(53)     Dead                           Min: 0, Avg:  0.0, Max: 0, Diff: 0, Sum: 0, Workers: 4
[1554.786s][debug][gc,phases      ] GC(53)     Total                          Min: 0, Avg:  7.2, Max: 29, Diff: 29, Sum: 29, Workers: 4
[1554.786s][debug][gc,phases      ] GC(53)   JVMTI Tag Weak OopStorage      Min:  0.0, Avg:  0.0, Max:  0.0, Diff:  0.0, Sum:  0.0, Workers: 4
[1554.786s][debug][gc,phases      ] GC(53)     Dead                           Min: 0, Avg:  0.0, Max: 0, Diff: 0, Sum: 0, Workers: 4
[1554.786s][debug][gc,phases      ] GC(53)     Total                          Min: 0, Avg:  0.0, Max: 0, Diff: 0, Sum: 0, Workers: 4
[1554.786s][debug][gc,phases      ] GC(53)   StringTable Weak               Min:  0.0, Avg:  0.1, Max:  0.1, Diff:  0.1, Sum:  0.4, Workers: 4
[1554.786s][debug][gc,phases      ] GC(53)     Dead                           Min: 0, Avg:  0.0, Max: 0, Diff: 0, Sum: 0, Workers: 4
[1554.786s][debug][gc,phases      ] GC(53)     Total                          Min: 0, Avg: 10766.0, Max: 15550, Diff: 15550, Sum: 43064, Workers: 4
[1554.786s][debug][gc,phases      ] GC(53)   ResolvedMethodTable Weak       Min:  0.0, Avg:  0.0, Max:  0.0, Diff:  0.0, Sum:  0.1, Workers: 4
[1554.786s][debug][gc,phases      ] GC(53)     Dead                           Min: 0, Avg:  0.0, Max: 0, Diff: 0, Sum: 0, Workers: 4
[1554.786s][debug][gc,phases      ] GC(53)     Total                          Min: 0, Avg: 2309.8, Max: 3231, Diff: 3231, Sum: 9239, Workers: 4
[1554.786s][debug][gc,phases      ] GC(53)   JNI Weak                       Min:  0.0, Avg:  0.0, Max:  0.0, Diff:  0.0, Sum:  0.0, Workers: 4
[1554.786s][debug][gc,phases      ] GC(53)     Dead                           Min: 0, Avg:  0.0, Max: 0, Diff: 0, Sum: 0, Workers: 4
[1554.786s][debug][gc,phases      ] GC(53)     Total                          Min: 0, Avg: 11.2, Max: 45, Diff: 45, Sum: 45, Workers: 4
[1554.786s][debug][gc,phases      ] GC(53)   StringDedup Table Weak         Min:  0.0, Avg:  0.0, Max:  0.0, Diff:  0.0, Sum:  0.0, Workers: 4
[1554.786s][debug][gc,phases      ] GC(53)     Dead                           Min: 0, Avg:  0.0, Max: 0, Diff: 0, Sum: 0, Workers: 4
[1554.786s][debug][gc,phases      ] GC(53)     Total                          Min: 0, Avg:  0.0, Max: 0, Diff: 0, Sum: 0, Workers: 4
[1554.786s][debug][gc,phases      ] GC(53)   StringDedup Requests0 Weak     Min:  0.0, Avg:  0.0, Max:  0.0, Diff:  0.0, Sum:  0.0, Workers: 4
[1554.786s][debug][gc,phases      ] GC(53)     Dead                           Min: 0, Avg:  0.0, Max: 0, Diff: 0, Sum: 0, Workers: 4
[1554.786s][debug][gc,phases      ] GC(53)     Total                          Min: 0, Avg:  0.0, Max: 0, Diff: 0, Sum: 0, Workers: 4
[1554.786s][debug][gc,phases      ] GC(53)   StringDedup Requests1 Weak     Min:  0.0, Avg:  0.0, Max:  0.0, Diff:  0.0, Sum:  0.0, Workers: 4
[1554.786s][debug][gc,phases      ] GC(53)     Dead                           Min: 0, Avg:  0.0, Max: 0, Diff: 0, Sum: 0, Workers: 4
[1554.786s][debug][gc,phases      ] GC(53)     Total                          Min: 0, Avg:  0.0, Max: 0, Diff: 0, Sum: 0, Workers: 4
[1554.786s][debug][gc,phases      ] GC(53)   Weak JFR Old Object Samples    Min:  0.0, Avg:  0.0, Max:  0.0, Diff:  0.0, Sum:  0.0, Workers: 4
[1554.786s][debug][gc,phases      ] GC(53)     Dead                           Min: 0, Avg:  0.0, Max: 0, Diff: 0, Sum: 0, Workers: 4
[1554.786s][debug][gc,phases      ] GC(53)     Total                          Min: 0, Avg:  0.0, Max: 0, Diff: 0, Sum: 0, Workers: 4
[1554.786s][debug][gc,phases      ] GC(53) Weak Processing 0.369ms
[1554.786s][debug][gc,age         ] GC(53) Desired survivor size 112721920 bytes, new threshold 15 (max threshold 15)
[1554.786s][info ][gc,heap        ] GC(53) PSYoungGen: 1869712K(1984000K)->992K(1981440K) Eden: 1868288K(1868288K)->0K(1868288K) From: 1424K(115712K)->992K(113152K)
[1554.786s][info ][gc,heap        ] GC(53) ParOldGen: 450842K(532992K)->450882K(532992K)
[1554.786s][info ][gc,metaspace   ] GC(53) Metaspace: 81308K(82432K)->81308K(82432K) NonClass: 69800K(70400K)->69800K(70400K) Class: 11508K(12032K)->11508K(12032K)
[1554.786s][info ][gc             ] GC(53) Pause Young (Allocation Failure) 2266M->441M(2455M) 3.851ms
[1554.786s][info ][gc,cpu         ] GC(53) User=0.01s Sys=0.00s Real=0.00s
[1554.786s][info ][safepoint      ] Safepoint "ParallelGCFailedAllocation", Time since last: 5638877974 ns, Reaching safepoint: 103903 ns, At safepoint: 3927889 ns, Total: 4031792 ns
[1565.787s][info ][safepoint      ] Safepoint "Cleanup", Time since last: 11000868333 ns, Reaching safepoint: 40901 ns, At safepoint: 33401 ns, Total: 74302 ns
[1566.787s][info ][safepoint      ] Safepoint "Cleanup", Time since last: 1000124451 ns, Reaching safepoint: 51101 ns, At safepoint: 2500 ns, Total: 53601 ns
[1594.789s][info ][safepoint      ] Safepoint "Cleanup", Time since last: 28002472244 ns, Reaching safepoint: 50001 ns, At safepoint: 2600 ns, Total: 52601 ns
[1614.791s][info ][safepoint      ] Safepoint "Cleanup", Time since last: 20001477668 ns, Reaching safepoint: 46701 ns, At safepoint: 2700 ns, Total: 49401 ns
[1622.385s][info ][gc,start       ] GC(54) Pause Young (Allocation Failure)
[1622.389s][debug][gc,phases      ] GC(54) Scavenge 3.297ms
[1622.389s][debug][gc,ref         ] GC(54) Skipped phase 1 of Reference Processing: no references
[1622.389s][debug][gc,ref         ] GC(54) ReferenceProcessor::execute queues: 1, RefProcThreadModel::Single, marks_oops_alive: false
[1622.389s][debug][gc,ref         ] GC(54) Skipped phase 3 of Reference Processing: no references
[1622.389s][debug][gc,ref         ] GC(54) Skipped phase 4 of Reference Processing: no references
[1622.389s][debug][gc,phases      ] GC(54) Reference Processing 0.105ms
[1622.389s][debug][gc,phases      ] GC(54)   VM Weak                        Min:  0.0, Avg:  0.0, Max:  0.0, Diff:  0.0, Sum:  0.0, Workers: 4
[1622.389s][debug][gc,phases      ] GC(54)     Dead                           Min: 0, Avg:  0.0, Max: 0, Diff: 0, Sum: 0, Workers: 4
[1622.389s][debug][gc,phases      ] GC(54)     Total                          Min: 0, Avg: 224.2, Max: 384, Diff: 384, Sum: 897, Workers: 4
[1622.389s][debug][gc,phases      ] GC(54)   ObjectSynchronizer Weak        Min:  0.0, Avg:  0.0, Max:  0.0, Diff:  0.0, Sum:  0.0, Workers: 4
[1622.389s][debug][gc,phases      ] GC(54)     Dead                           Min: 0, Avg:  0.0, Max: 0, Diff: 0, Sum: 0, Workers: 4
[1622.389s][debug][gc,phases      ] GC(54)     Total                          Min: 0, Avg:  7.2, Max: 29, Diff: 29, Sum: 29, Workers: 4
[1622.389s][debug][gc,phases      ] GC(54)   JVMTI Tag Weak OopStorage      Min:  0.0, Avg:  0.0, Max:  0.0, Diff:  0.0, Sum:  0.0, Workers: 4
[1622.389s][debug][gc,phases      ] GC(54)     Dead                           Min: 0, Avg:  0.0, Max: 0, Diff: 0, Sum: 0, Workers: 4
[1622.389s][debug][gc,phases      ] GC(54)     Total                          Min: 0, Avg:  0.0, Max: 0, Diff: 0, Sum: 0, Workers: 4
[1622.389s][debug][gc,phases      ] GC(54)   StringTable Weak               Min:  0.0, Avg:  0.1, Max:  0.1, Diff:  0.1, Sum:  0.4, Workers: 4
[1622.389s][debug][gc,phases      ] GC(54)     Dead                           Min: 0, Avg:  0.0, Max: 0, Diff: 0, Sum: 0, Workers: 4
[1622.389s][debug][gc,phases      ] GC(54)     Total                          Min: 0, Avg: 10766.0, Max: 14720, Diff: 14720, Sum: 43064, Workers: 4
[1622.389s][debug][gc,phases      ] GC(54)   ResolvedMethodTable Weak       Min:  0.0, Avg:  0.0, Max:  0.0, Diff:  0.0, Sum:  0.1, Workers: 4
[1622.389s][debug][gc,phases      ] GC(54)     Dead                           Min: 0, Avg:  0.0, Max: 0, Diff: 0, Sum: 0, Workers: 4
[1622.389s][debug][gc,phases      ] GC(54)     Total                          Min: 0, Avg: 2309.8, Max: 3423, Diff: 3423, Sum: 9239, Workers: 4
[1622.389s][debug][gc,phases      ] GC(54)   JNI Weak                       Min:  0.0, Avg:  0.0, Max:  0.0, Diff:  0.0, Sum:  0.0, Workers: 4
[1622.389s][debug][gc,phases      ] GC(54)     Dead                           Min: 0, Avg:  0.0, Max: 0, Diff: 0, Sum: 0, Workers: 4
[1622.389s][debug][gc,phases      ] GC(54)     Total                          Min: 0, Avg: 11.2, Max: 45, Diff: 45, Sum: 45, Workers: 4
[1622.389s][debug][gc,phases      ] GC(54)   StringDedup Table Weak         Min:  0.0, Avg:  0.0, Max:  0.0, Diff:  0.0, Sum:  0.0, Workers: 4
[1622.389s][debug][gc,phases      ] GC(54)     Dead                           Min: 0, Avg:  0.0, Max: 0, Diff: 0, Sum: 0, Workers: 4
[1622.389s][debug][gc,phases      ] GC(54)     Total                          Min: 0, Avg:  0.0, Max: 0, Diff: 0, Sum: 0, Workers: 4
[1622.389s][debug][gc,phases      ] GC(54)   StringDedup Requests0 Weak     Min:  0.0, Avg:  0.0, Max:  0.0, Diff:  0.0, Sum:  0.0, Workers: 4
[1622.389s][debug][gc,phases      ] GC(54)     Dead                           Min: 0, Avg:  0.0, Max: 0, Diff: 0, Sum: 0, Workers: 4
[1622.389s][debug][gc,phases      ] GC(54)     Total                          Min: 0, Avg:  0.0, Max: 0, Diff: 0, Sum: 0, Workers: 4
[1622.389s][debug][gc,phases      ] GC(54)   StringDedup Requests1 Weak     Min:  0.0, Avg:  0.0, Max:  0.0, Diff:  0.0, Sum:  0.0, Workers: 4
[1622.389s][debug][gc,phases      ] GC(54)     Dead                           Min: 0, Avg:  0.0, Max: 0, Diff: 0, Sum: 0, Workers: 4
[1622.389s][debug][gc,phases      ] GC(54)     Total                          Min: 0, Avg:  0.0, Max: 0, Diff: 0, Sum: 0, Workers: 4
[1622.389s][debug][gc,phases      ] GC(54)   Weak JFR Old Object Samples    Min:  0.0, Avg:  0.0, Max:  0.0, Diff:  0.0, Sum:  0.0, Workers: 4
[1622.389s][debug][gc,phases      ] GC(54)     Dead                           Min: 0, Avg:  0.0, Max: 0, Diff: 0, Sum: 0, Workers: 4
[1622.389s][debug][gc,phases      ] GC(54)     Total                          Min: 0, Avg:  0.0, Max: 0, Diff: 0, Sum: 0, Workers: 4
[1622.389s][debug][gc,phases      ] GC(54) Weak Processing 0.373ms
[1622.389s][debug][gc,age         ] GC(54) Desired survivor size 108527616 bytes, new threshold 15 (max threshold 15)
[1622.389s][info ][gc,heap        ] GC(54) PSYoungGen: 1869280K(1981440K)->1024K(1991168K) Eden: 1868288K(1868288K)->0K(1881088K) From: 992K(113152K)->1024K(110080K)
[1622.389s][info ][gc,heap        ] GC(54) ParOldGen: 450882K(532992K)->450914K(532992K)
[1622.389s][info ][gc,metaspace   ] GC(54) Metaspace: 81314K(82432K)->81314K(82432K) NonClass: 69805K(70400K)->69805K(70400K) Class: 11508K(12032K)->11508K(12032K)
[1622.389s][info ][gc             ] GC(54) Pause Young (Allocation Failure) 2265M->441M(2465M) 3.909ms
[1622.389s][info ][gc,cpu         ] GC(54) User=0.01s Sys=0.00s Real=0.00s
[1622.389s][info ][safepoint      ] Safepoint "ParallelGCFailedAllocation", Time since last: 7594219846 ns, Reaching safepoint: 62201 ns, At safepoint: 3984289 ns, Total: 4046490 ns
[1623.389s][info ][safepoint      ] Safepoint "Cleanup", Time since last: 1000097608 ns, Reaching safepoint: 58101 ns, At safepoint: 3400 ns, Total: 61501 ns
[1626.390s][info ][safepoint      ] Safepoint "Cleanup", Time since last: 3000267924 ns, Reaching safepoint: 43001 ns, At safepoint: 4000 ns, Total: 47001 ns
[1628.390s][info ][safepoint      ] Safepoint "Cleanup", Time since last: 2000213417 ns, Reaching safepoint: 52401 ns, At safepoint: 4001 ns, Total: 56402 ns
[1630.390s][info ][safepoint      ] Safepoint "Cleanup", Time since last: 2000214769 ns, Reaching safepoint: 60001 ns, At safepoint: 3100 ns, Total: 63101 ns
[1677.395s][info ][safepoint      ] Safepoint "Cleanup", Time since last: 47004771104 ns, Reaching safepoint: 41001 ns, At safepoint: 8200 ns, Total: 49201 ns
[1689.485s][info ][gc,start       ] GC(55) Pause Young (Allocation Failure)
[1689.488s][debug][gc,phases      ] GC(55) Scavenge 3.178ms
[1689.488s][debug][gc,ref         ] GC(55) Skipped phase 1 of Reference Processing: no references
[1689.488s][debug][gc,ref         ] GC(55) ReferenceProcessor::execute queues: 1, RefProcThreadModel::Single, marks_oops_alive: false
[1689.488s][debug][gc,ref         ] GC(55) Skipped phase 3 of Reference Processing: no references
[1689.488s][debug][gc,ref         ] GC(55) Skipped phase 4 of Reference Processing: no references
[1689.488s][debug][gc,phases      ] GC(55) Reference Processing 0.105ms
[1689.488s][debug][gc,phases      ] GC(55)   VM Weak                        Min:  0.0, Avg:  0.0, Max:  0.0, Diff:  0.0, Sum:  0.0, Workers: 4
[1689.488s][debug][gc,phases      ] GC(55)     Dead                           Min: 0, Avg:  0.0, Max: 0, Diff: 0, Sum: 0, Workers: 4
[1689.488s][debug][gc,phases      ] GC(55)     Total                          Min: 0, Avg: 224.2, Max: 577, Diff: 577, Sum: 897, Workers: 4
[1689.488s][debug][gc,phases      ] GC(55)   ObjectSynchronizer Weak        Min:  0.0, Avg:  0.0, Max:  0.0, Diff:  0.0, Sum:  0.0, Workers: 4
[1689.488s][debug][gc,phases      ] GC(55)     Dead                           Min: 0, Avg:  0.0, Max: 0, Diff: 0, Sum: 0, Workers: 4
[1689.488s][debug][gc,phases      ] GC(55)     Total                          Min: 0, Avg:  7.2, Max: 29, Diff: 29, Sum: 29, Workers: 4
[1689.488s][debug][gc,phases      ] GC(55)   JVMTI Tag Weak OopStorage      Min:  0.0, Avg:  0.0, Max:  0.0, Diff:  0.0, Sum:  0.0, Workers: 4
[1689.488s][debug][gc,phases      ] GC(55)     Dead                           Min: 0, Avg:  0.0, Max: 0, Diff: 0, Sum: 0, Workers: 4
[1689.488s][debug][gc,phases      ] GC(55)     Total                          Min: 0, Avg:  0.0, Max: 0, Diff: 0, Sum: 0, Workers: 4
[1689.488s][debug][gc,phases      ] GC(55)   StringTable Weak               Min:  0.0, Avg:  0.1, Max:  0.2, Diff:  0.2, Sum:  0.4, Workers: 4
[1689.488s][debug][gc,phases      ] GC(55)     Dead                           Min: 0, Avg:  0.0, Max: 0, Diff: 0, Sum: 0, Workers: 4
[1689.488s][debug][gc,phases      ] GC(55)     Total                          Min: 0, Avg: 10766.0, Max: 23609, Diff: 23609, Sum: 43064, Workers: 4
[1689.488s][debug][gc,phases      ] GC(55)   ResolvedMethodTable Weak       Min:  0.0, Avg:  0.0, Max:  0.0, Diff:  0.0, Sum:  0.1, Workers: 4
[1689.489s][debug][gc,phases      ] GC(55)     Dead                           Min: 0, Avg:  0.0, Max: 0, Diff: 0, Sum: 0, Workers: 4
[1689.489s][debug][gc,phases      ] GC(55)     Total                          Min: 0, Avg: 2309.8, Max: 5015, Diff: 5015, Sum: 9239, Workers: 4
[1689.489s][debug][gc,phases      ] GC(55)   JNI Weak                       Min:  0.0, Avg:  0.0, Max:  0.0, Diff:  0.0, Sum:  0.0, Workers: 4
[1689.489s][debug][gc,phases      ] GC(55)     Dead                           Min: 0, Avg:  0.0, Max: 0, Diff: 0, Sum: 0, Workers: 4
[1689.489s][debug][gc,phases      ] GC(55)     Total                          Min: 0, Avg: 11.2, Max: 45, Diff: 45, Sum: 45, Workers: 4
[1689.489s][debug][gc,phases      ] GC(55)   StringDedup Table Weak         Min:  0.0, Avg:  0.0, Max:  0.0, Diff:  0.0, Sum:  0.0, Workers: 4
[1689.489s][debug][gc,phases      ] GC(55)     Dead                           Min: 0, Avg:  0.0, Max: 0, Diff: 0, Sum: 0, Workers: 4
[1689.489s][debug][gc,phases      ] GC(55)     Total                          Min: 0, Avg:  0.0, Max: 0, Diff: 0, Sum: 0, Workers: 4
[1689.489s][debug][gc,phases      ] GC(55)   StringDedup Requests0 Weak     Min:  0.0, Avg:  0.0, Max:  0.0, Diff:  0.0, Sum:  0.0, Workers: 4
[1689.489s][debug][gc,phases      ] GC(55)     Dead                           Min: 0, Avg:  0.0, Max: 0, Diff: 0, Sum: 0, Workers: 4
[1689.489s][debug][gc,phases      ] GC(55)     Total                          Min: 0, Avg:  0.0, Max: 0, Diff: 0, Sum: 0, Workers: 4
[1689.489s][debug][gc,phases      ] GC(55)   StringDedup Requests1 Weak     Min:  0.0, Avg:  0.0, Max:  0.0, Diff:  0.0, Sum:  0.0, Workers: 4
[1689.489s][debug][gc,phases      ] GC(55)     Dead                           Min: 0, Avg:  0.0, Max: 0, Diff: 0, Sum: 0, Workers: 4
[1689.489s][debug][gc,phases      ] GC(55)     Total                          Min: 0, Avg:  0.0, Max: 0, Diff: 0, Sum: 0, Workers: 4
[1689.489s][debug][gc,phases      ] GC(55)   Weak JFR Old Object Samples    Min:  0.0, Avg:  0.0, Max:  0.0, Diff:  0.0, Sum:  0.0, Workers: 4
[1689.489s][debug][gc,phases      ] GC(55)     Dead                           Min: 0, Avg:  0.0, Max: 0, Diff: 0, Sum: 0, Workers: 4
[1689.489s][debug][gc,phases      ] GC(55)     Total                          Min: 0, Avg:  0.0, Max: 0, Diff: 0, Sum: 0, Workers: 4
[1689.489s][debug][gc,phases      ] GC(55) Weak Processing 0.424ms
[1689.489s][debug][gc,age         ] GC(55) Desired survivor size 104333312 bytes, new threshold 15 (max threshold 15)
[1689.489s][info ][gc,heap        ] GC(55) PSYoungGen: 1882112K(1991168K)->1216K(1987072K) Eden: 1881088K(1881088K)->0K(1881088K) From: 1024K(110080K)->1216K(105984K)
[1689.489s][info ][gc,heap        ] GC(55) ParOldGen: 450914K(532992K)->450930K(532992K)
[1689.489s][info ][gc,metaspace   ] GC(55) Metaspace: 81321K(82432K)->81321K(82432K) NonClass: 69813K(70400K)->69813K(70400K) Class: 11508K(12032K)->11508K(12032K)
[1689.489s][info ][gc             ] GC(55) Pause Young (Allocation Failure) 2278M->441M(2461M) 3.849ms
[1689.489s][info ][gc,cpu         ] GC(55) User=0.01s Sys=0.00s Real=0.00s
[1689.489s][info ][safepoint      ] Safepoint "ParallelGCFailedAllocation", Time since last: 12089645631 ns, Reaching safepoint: 44201 ns, At safepoint: 3924086 ns, Total: 3968287 ns
[1691.489s][info ][safepoint      ] Safepoint "Cleanup", Time since last: 2000170479 ns, Reaching safepoint: 65401 ns, At safepoint: 6001 ns, Total: 71402 ns
[1692.489s][info ][safepoint      ] Safepoint "Cleanup", Time since last: 1000121690 ns, Reaching safepoint: 47501 ns, At safepoint: 2300 ns, Total: 49801 ns
[1693.489s][info ][safepoint      ] Safepoint "Cleanup", Time since last: 1000123590 ns, Reaching safepoint: 61701 ns, At safepoint: 4000 ns, Total: 65701 ns
[1701.490s][info ][safepoint      ] Safepoint "Cleanup", Time since last: 8000638652 ns, Reaching safepoint: 67001 ns, At safepoint: 3500 ns, Total: 70501 ns
[1707.491s][info ][safepoint      ] Safepoint "Cleanup", Time since last: 6000451331 ns, Reaching safepoint: 47901 ns, At safepoint: 36301 ns, Total: 84202 ns
[1724.492s][info ][safepoint      ] Safepoint "Cleanup", Time since last: 17001250648 ns, Reaching safepoint: 53701 ns, At safepoint: 3300 ns, Total: 57001 ns
[1746.494s][info ][safepoint      ] Safepoint "Cleanup", Time since last: 22001634920 ns, Reaching safepoint: 56501 ns, At safepoint: 2900 ns, Total: 59401 ns
[1759.495s][info ][safepoint      ] Safepoint "Cleanup", Time since last: 13001050293 ns, Reaching safepoint: 39800 ns, At safepoint: 3000 ns, Total: 42800 ns
[1760.984s][info ][gc,start       ] GC(56) Pause Young (Allocation Failure)
[1760.994s][debug][gc,phases      ] GC(56) Scavenge 10.523ms
[1760.994s][debug][gc,ref         ] GC(56) Skipped phase 1 of Reference Processing: no references
[1760.995s][debug][gc,ref         ] GC(56) ReferenceProcessor::execute queues: 1, RefProcThreadModel::Single, marks_oops_alive: false
[1760.995s][debug][gc,ref         ] GC(56) Skipped phase 3 of Reference Processing: no references
[1760.995s][debug][gc,ref         ] GC(56) Skipped phase 4 of Reference Processing: no references
[1760.995s][debug][gc,phases      ] GC(56) Reference Processing 0.137ms
[1760.995s][debug][gc,phases      ] GC(56)   VM Weak                        Min:  0.0, Avg:  0.0, Max:  0.0, Diff:  0.0, Sum:  0.0, Workers: 4
[1760.995s][debug][gc,phases      ] GC(56)     Dead                           Min: 0, Avg:  0.0, Max: 0, Diff: 0, Sum: 0, Workers: 4
[1760.995s][debug][gc,phases      ] GC(56)     Total                          Min: 0, Avg: 224.2, Max: 576, Diff: 576, Sum: 897, Workers: 4
[1760.995s][debug][gc,phases      ] GC(56)   ObjectSynchronizer Weak        Min:  0.0, Avg:  0.0, Max:  0.0, Diff:  0.0, Sum:  0.0, Workers: 4
[1760.995s][debug][gc,phases      ] GC(56)     Dead                           Min: 0, Avg:  0.0, Max: 0, Diff: 0, Sum: 0, Workers: 4
[1760.995s][debug][gc,phases      ] GC(56)     Total                          Min: 0, Avg:  7.2, Max: 29, Diff: 29, Sum: 29, Workers: 4
[1760.995s][debug][gc,phases      ] GC(56)   JVMTI Tag Weak OopStorage      Min:  0.0, Avg:  0.0, Max:  0.0, Diff:  0.0, Sum:  0.0, Workers: 4
[1760.995s][debug][gc,phases      ] GC(56)     Dead                           Min: 0, Avg:  0.0, Max: 0, Diff: 0, Sum: 0, Workers: 4
[1760.995s][debug][gc,phases      ] GC(56)     Total                          Min: 0, Avg:  0.0, Max: 0, Diff: 0, Sum: 0, Workers: 4
[1760.995s][debug][gc,phases      ] GC(56)   StringTable Weak               Min:  0.0, Avg:  0.1, Max:  0.3, Diff:  0.3, Sum:  0.5, Workers: 4
[1760.995s][debug][gc,phases      ] GC(56)     Dead                           Min: 0, Avg:  0.0, Max: 0, Diff: 0, Sum: 0, Workers: 4
[1760.995s][debug][gc,phases      ] GC(56)     Total                          Min: 0, Avg: 10766.0, Max: 21568, Diff: 21568, Sum: 43064, Workers: 4
[1760.995s][debug][gc,phases      ] GC(56)   ResolvedMethodTable Weak       Min:  0.0, Avg:  0.0, Max:  0.1, Diff:  0.1, Sum:  0.1, Workers: 4
[1760.995s][debug][gc,phases      ] GC(56)     Dead                           Min: 0, Avg:  0.0, Max: 0, Diff: 0, Sum: 0, Workers: 4
[1760.995s][debug][gc,phases      ] GC(56)     Total                          Min: 0, Avg: 2309.8, Max: 7775, Diff: 7775, Sum: 9239, Workers: 4
[1760.995s][debug][gc,phases      ] GC(56)   JNI Weak                       Min:  0.0, Avg:  0.0, Max:  0.0, Diff:  0.0, Sum:  0.0, Workers: 4
[1760.995s][debug][gc,phases      ] GC(56)     Dead                           Min: 0, Avg:  0.0, Max: 0, Diff: 0, Sum: 0, Workers: 4
[1760.995s][debug][gc,phases      ] GC(56)     Total                          Min: 0, Avg: 11.2, Max: 45, Diff: 45, Sum: 45, Workers: 4
[1760.995s][debug][gc,phases      ] GC(56)   StringDedup Table Weak         Min:  0.0, Avg:  0.0, Max:  0.0, Diff:  0.0, Sum:  0.0, Workers: 4
[1760.995s][debug][gc,phases      ] GC(56)     Dead                           Min: 0, Avg:  0.0, Max: 0, Diff: 0, Sum: 0, Workers: 4
[1760.995s][debug][gc,phases      ] GC(56)     Total                          Min: 0, Avg:  0.0, Max: 0, Diff: 0, Sum: 0, Workers: 4
[1760.995s][debug][gc,phases      ] GC(56)   StringDedup Requests0 Weak     Min:  0.0, Avg:  0.0, Max:  0.0, Diff:  0.0, Sum:  0.0, Workers: 4
[1760.995s][debug][gc,phases      ] GC(56)     Dead                           Min: 0, Avg:  0.0, Max: 0, Diff: 0, Sum: 0, Workers: 4
[1760.995s][debug][gc,phases      ] GC(56)     Total                          Min: 0, Avg:  0.0, Max: 0, Diff: 0, Sum: 0, Workers: 4
[1760.995s][debug][gc,phases      ] GC(56)   StringDedup Requests1 Weak     Min:  0.0, Avg:  0.0, Max:  0.0, Diff:  0.0, Sum:  0.0, Workers: 4
[1760.995s][debug][gc,phases      ] GC(56)     Dead                           Min: 0, Avg:  0.0, Max: 0, Diff: 0, Sum: 0, Workers: 4
[1760.995s][debug][gc,phases      ] GC(56)     Total                          Min: 0, Avg:  0.0, Max: 0, Diff: 0, Sum: 0, Workers: 4
[1760.995s][debug][gc,phases      ] GC(56)   Weak JFR Old Object Samples    Min:  0.0, Avg:  0.0, Max:  0.0, Diff:  0.0, Sum:  0.0, Workers: 4
[1760.995s][debug][gc,phases      ] GC(56)     Dead                           Min: 0, Avg:  0.0, Max: 0, Diff: 0, Sum: 0, Workers: 4
[1760.995s][debug][gc,phases      ] GC(56)     Total                          Min: 0, Avg:  0.0, Max: 0, Diff: 0, Sum: 0, Workers: 4
[1760.995s][debug][gc,phases      ] GC(56) Weak Processing 0.552ms
[1760.995s][debug][gc,age         ] GC(56) Desired survivor size 100139008 bytes, new threshold 15 (max threshold 15)
[1760.995s][info ][gc,heap        ] GC(56) PSYoungGen: 1882304K(1987072K)->1056K(1999360K) Eden: 1881088K(1881088K)->0K(1897472K) From: 1216K(105984K)->1056K(101888K)
[1760.995s][info ][gc,heap        ] GC(56) ParOldGen: 450930K(532992K)->450954K(532992K)
[1760.995s][info ][gc,metaspace   ] GC(56) Metaspace: 81325K(82432K)->81325K(82432K) NonClass: 69817K(70400K)->69817K(70400K) Class: 11508K(12032K)->11508K(12032K)
[1760.995s][info ][gc             ] GC(56) Pause Young (Allocation Failure) 2278M->441M(2473M) 11.381ms
[1760.995s][info ][gc,cpu         ] GC(56) User=0.01s Sys=0.00s Real=0.01s
[1760.995s][info ][safepoint      ] Safepoint "ParallelGCFailedAllocation", Time since last: 1489151375 ns, Reaching safepoint: 45501 ns, At safepoint: 11472245 ns, Total: 11517746 ns
[1764.996s][info ][safepoint      ] Safepoint "Cleanup", Time since last: 4000300256 ns, Reaching safepoint: 42201 ns, At safepoint: 2400 ns, Total: 44601 ns
[1786.997s][info ][safepoint      ] Safepoint "Cleanup", Time since last: 22001498796 ns, Reaching safepoint: 52201 ns, At safepoint: 2700 ns, Total: 54901 ns
[1797.998s][info ][safepoint      ] Safepoint "Cleanup", Time since last: 11000838245 ns, Reaching safepoint: 60501 ns, At safepoint: 12801 ns, Total: 73302 ns
[1801.273s][info ][safepoint      ] Safepoint "Cleanup", Time since last: 3274532110 ns, Reaching safepoint: 53101 ns, At safepoint: 2600 ns, Total: 55701 ns
[1817.286s][info ][safepoint      ] Safepoint "Cleanup", Time since last: 16009704974 ns, Reaching safepoint: 4010086 ns, At safepoint: 9701 ns, Total: 4019787 ns
[1826.688s][info ][gc,start       ] GC(57) Pause Young (Allocation Failure)
[1826.691s][debug][gc,phases      ] GC(57) Scavenge 2.927ms
[1826.692s][debug][gc,ref         ] GC(57) Skipped phase 1 of Reference Processing: no references
[1826.692s][debug][gc,ref         ] GC(57) ReferenceProcessor::execute queues: 1, RefProcThreadModel::Single, marks_oops_alive: false
[1826.692s][debug][gc,ref         ] GC(57) Skipped phase 3 of Reference Processing: no references
[1826.692s][debug][gc,ref         ] GC(57) ReferenceProcessor::execute queues: 1, RefProcThreadModel::Single, marks_oops_alive: false
[1826.692s][debug][gc,phases      ] GC(57) Reference Processing 0.106ms
[1826.692s][debug][gc,phases      ] GC(57)   VM Weak                        Min:  0.0, Avg:  0.0, Max:  0.0, Diff:  0.0, Sum:  0.0, Workers: 4
[1826.692s][debug][gc,phases      ] GC(57)     Dead                           Min: 0, Avg:  0.0, Max: 0, Diff: 0, Sum: 0, Workers: 4
[1826.692s][debug][gc,phases      ] GC(57)     Total                          Min: 0, Avg: 224.2, Max: 512, Diff: 512, Sum: 897, Workers: 4
[1826.692s][debug][gc,phases      ] GC(57)   ObjectSynchronizer Weak        Min:  0.0, Avg:  0.0, Max:  0.0, Diff:  0.0, Sum:  0.0, Workers: 4
[1826.692s][debug][gc,phases      ] GC(57)     Dead                           Min: 0, Avg:  0.0, Max: 0, Diff: 0, Sum: 0, Workers: 4
[1826.692s][debug][gc,phases      ] GC(57)     Total                          Min: 0, Avg:  7.2, Max: 29, Diff: 29, Sum: 29, Workers: 4
[1826.692s][debug][gc,phases      ] GC(57)   JVMTI Tag Weak OopStorage      Min:  0.0, Avg:  0.0, Max:  0.0, Diff:  0.0, Sum:  0.0, Workers: 4
[1826.692s][debug][gc,phases      ] GC(57)     Dead                           Min: 0, Avg:  0.0, Max: 0, Diff: 0, Sum: 0, Workers: 4
[1826.692s][debug][gc,phases      ] GC(57)     Total                          Min: 0, Avg:  0.0, Max: 0, Diff: 0, Sum: 0, Workers: 4
[1826.692s][debug][gc,phases      ] GC(57)   StringTable Weak               Min:  0.0, Avg:  0.1, Max:  0.1, Diff:  0.1, Sum:  0.4, Workers: 4
[1826.692s][debug][gc,phases      ] GC(57)     Dead                           Min: 0, Avg:  0.5, Max: 2, Diff: 2, Sum: 2, Workers: 4
[1826.692s][debug][gc,phases      ] GC(57)     Total                          Min: 0, Avg: 10770.5, Max: 15807, Diff: 15807, Sum: 43082, Workers: 4
[1826.692s][debug][gc,phases      ] GC(57)   ResolvedMethodTable Weak       Min:  0.0, Avg:  0.0, Max:  0.0, Diff:  0.0, Sum:  0.1, Workers: 4
[1826.692s][debug][gc,phases      ] GC(57)     Dead                           Min: 0, Avg:  0.0, Max: 0, Diff: 0, Sum: 0, Workers: 4
[1826.692s][debug][gc,phases      ] GC(57)     Total                          Min: 0, Avg: 2316.2, Max: 3328, Diff: 3328, Sum: 9265, Workers: 4
[1826.692s][debug][gc,phases      ] GC(57)   JNI Weak                       Min:  0.0, Avg:  0.0, Max:  0.0, Diff:  0.0, Sum:  0.0, Workers: 4
[1826.692s][debug][gc,phases      ] GC(57)     Dead                           Min: 0, Avg:  0.0, Max: 0, Diff: 0, Sum: 0, Workers: 4
[1826.692s][debug][gc,phases      ] GC(57)     Total                          Min: 0, Avg: 11.2, Max: 45, Diff: 45, Sum: 45, Workers: 4
[1826.692s][debug][gc,phases      ] GC(57)   StringDedup Table Weak         Min:  0.0, Avg:  0.0, Max:  0.0, Diff:  0.0, Sum:  0.0, Workers: 4
[1826.692s][debug][gc,phases      ] GC(57)     Dead                           Min: 0, Avg:  0.0, Max: 0, Diff: 0, Sum: 0, Workers: 4
[1826.692s][debug][gc,phases      ] GC(57)     Total                          Min: 0, Avg:  0.0, Max: 0, Diff: 0, Sum: 0, Workers: 4
[1826.692s][debug][gc,phases      ] GC(57)   StringDedup Requests0 Weak     Min:  0.0, Avg:  0.0, Max:  0.0, Diff:  0.0, Sum:  0.0, Workers: 4
[1826.692s][debug][gc,phases      ] GC(57)     Dead                           Min: 0, Avg:  0.0, Max: 0, Diff: 0, Sum: 0, Workers: 4
[1826.692s][debug][gc,phases      ] GC(57)     Total                          Min: 0, Avg:  0.0, Max: 0, Diff: 0, Sum: 0, Workers: 4
[1826.692s][debug][gc,phases      ] GC(57)   StringDedup Requests1 Weak     Min:  0.0, Avg:  0.0, Max:  0.0, Diff:  0.0, Sum:  0.0, Workers: 4
[1826.692s][debug][gc,phases      ] GC(57)     Dead                           Min: 0, Avg:  0.0, Max: 0, Diff: 0, Sum: 0, Workers: 4
[1826.692s][debug][gc,phases      ] GC(57)     Total                          Min: 0, Avg:  0.0, Max: 0, Diff: 0, Sum: 0, Workers: 4
[1826.692s][debug][gc,phases      ] GC(57)   Weak JFR Old Object Samples    Min:  0.0, Avg:  0.0, Max:  0.0, Diff:  0.0, Sum:  0.0, Workers: 4
[1826.692s][debug][gc,phases      ] GC(57)     Dead                           Min: 0, Avg:  0.0, Max: 0, Diff: 0, Sum: 0, Workers: 4
[1826.692s][debug][gc,phases      ] GC(57)     Total                          Min: 0, Avg:  0.0, Max: 0, Diff: 0, Sum: 0, Workers: 4
[1826.692s][debug][gc,phases      ] GC(57) Weak Processing 0.355ms
[1826.692s][debug][gc,age         ] GC(57) Desired survivor size 95420416 bytes, new threshold 15 (max threshold 15)
[1826.692s][info ][gc,heap        ] GC(57) PSYoungGen: 1898528K(1999360K)->1184K(1995264K) Eden: 1897472K(1897472K)->0K(1897472K) From: 1056K(101888K)->1184K(97792K)
[1826.692s][info ][gc,heap        ] GC(57) ParOldGen: 450954K(532992K)->450978K(532992K)
[1826.692s][info ][gc,metaspace   ] GC(57) Metaspace: 81396K(82496K)->81396K(82496K) NonClass: 69872K(70464K)->69872K(70464K) Class: 11524K(12032K)->11524K(12032K)
[1826.692s][info ][gc             ] GC(57) Pause Young (Allocation Failure) 2294M->441M(2469M) 3.512ms
[1826.692s][info ][gc,cpu         ] GC(57) User=0.01s Sys=0.00s Real=0.01s
[1826.692s][info ][safepoint      ] Safepoint "ParallelGCFailedAllocation", Time since last: 9402019724 ns, Reaching safepoint: 46501 ns, At safepoint: 3579077 ns, Total: 3625578 ns
[1828.692s][info ][safepoint      ] Safepoint "Cleanup", Time since last: 2000158491 ns, Reaching safepoint: 51601 ns, At safepoint: 3700 ns, Total: 55301 ns
[1848.694s][info ][safepoint      ] Safepoint "Cleanup", Time since last: 20001557343 ns, Reaching safepoint: 45401 ns, At safepoint: 2800 ns, Total: 48201 ns
[1873.696s][info ][safepoint      ] Safepoint "Cleanup", Time since last: 25001785028 ns, Reaching safepoint: 54101 ns, At safepoint: 5600 ns, Total: 59701 ns
[1877.696s][info ][safepoint      ] Safepoint "Cleanup", Time since last: 4000299180 ns, Reaching safepoint: 60002 ns, At safepoint: 3100 ns, Total: 63102 ns
[1897.780s][info ][gc,start       ] GC(58) Pause Young (Allocation Failure)
[1897.784s][debug][gc,phases      ] GC(58) Scavenge 3.240ms
[1897.784s][debug][gc,ref         ] GC(58) Skipped phase 1 of Reference Processing: no references
[1897.784s][debug][gc,ref         ] GC(58) ReferenceProcessor::execute queues: 1, RefProcThreadModel::Single, marks_oops_alive: false
[1897.784s][debug][gc,ref         ] GC(58) Skipped phase 3 of Reference Processing: no references
[1897.784s][debug][gc,ref         ] GC(58) Skipped phase 4 of Reference Processing: no references
[1897.784s][debug][gc,phases      ] GC(58) Reference Processing 0.100ms
[1897.784s][debug][gc,phases      ] GC(58)   VM Weak                        Min:  0.0, Avg:  0.0, Max:  0.0, Diff:  0.0, Sum:  0.0, Workers: 4
[1897.784s][debug][gc,phases      ] GC(58)     Dead                           Min: 0, Avg:  0.0, Max: 0, Diff: 0, Sum: 0, Workers: 4
[1897.784s][debug][gc,phases      ] GC(58)     Total                          Min: 0, Avg: 224.2, Max: 641, Diff: 641, Sum: 897, Workers: 4
[1897.784s][debug][gc,phases      ] GC(58)   ObjectSynchronizer Weak        Min:  0.0, Avg:  0.0, Max:  0.0, Diff:  0.0, Sum:  0.0, Workers: 4
[1897.784s][debug][gc,phases      ] GC(58)     Dead                           Min: 0, Avg:  0.0, Max: 0, Diff: 0, Sum: 0, Workers: 4
[1897.784s][debug][gc,phases      ] GC(58)     Total                          Min: 0, Avg:  7.2, Max: 29, Diff: 29, Sum: 29, Workers: 4
[1897.784s][debug][gc,phases      ] GC(58)   JVMTI Tag Weak OopStorage      Min:  0.0, Avg:  0.0, Max:  0.0, Diff:  0.0, Sum:  0.0, Workers: 4
[1897.784s][debug][gc,phases      ] GC(58)     Dead                           Min: 0, Avg:  0.0, Max: 0, Diff: 0, Sum: 0, Workers: 4
[1897.784s][debug][gc,phases      ] GC(58)     Total                          Min: 0, Avg:  0.0, Max: 0, Diff: 0, Sum: 0, Workers: 4
[1897.784s][debug][gc,phases      ] GC(58)   StringTable Weak               Min:  0.0, Avg:  0.1, Max:  0.1, Diff:  0.1, Sum:  0.4, Workers: 4
[1897.784s][debug][gc,phases      ] GC(58)     Dead                           Min: 0, Avg:  0.0, Max: 0, Diff: 0, Sum: 0, Workers: 4
[1897.784s][debug][gc,phases      ] GC(58)     Total                          Min: 0, Avg: 10775.2, Max: 16285, Diff: 16285, Sum: 43101, Workers: 4
[1897.784s][debug][gc,phases      ] GC(58)   ResolvedMethodTable Weak       Min:  0.0, Avg:  0.0, Max:  0.1, Diff:  0.1, Sum:  0.1, Workers: 4
[1897.784s][debug][gc,phases      ] GC(58)     Dead                           Min: 0, Avg:  0.0, Max: 0, Diff: 0, Sum: 0, Workers: 4
[1897.784s][debug][gc,phases      ] GC(58)     Total                          Min: 0, Avg: 2316.2, Max: 3385, Diff: 3385, Sum: 9265, Workers: 4
[1897.784s][debug][gc,phases      ] GC(58)   JNI Weak                       Min:  0.0, Avg:  0.0, Max:  0.0, Diff:  0.0, Sum:  0.0, Workers: 4
[1897.784s][debug][gc,phases      ] GC(58)     Dead                           Min: 0, Avg:  0.0, Max: 0, Diff: 0, Sum: 0, Workers: 4
[1897.784s][debug][gc,phases      ] GC(58)     Total                          Min: 0, Avg: 11.2, Max: 45, Diff: 45, Sum: 45, Workers: 4
[1897.784s][debug][gc,phases      ] GC(58)   StringDedup Table Weak         Min:  0.0, Avg:  0.0, Max:  0.0, Diff:  0.0, Sum:  0.0, Workers: 4
[1897.784s][debug][gc,phases      ] GC(58)     Dead                           Min: 0, Avg:  0.0, Max: 0, Diff: 0, Sum: 0, Workers: 4
[1897.784s][debug][gc,phases      ] GC(58)     Total                          Min: 0, Avg:  0.0, Max: 0, Diff: 0, Sum: 0, Workers: 4
[1897.784s][debug][gc,phases      ] GC(58)   StringDedup Requests0 Weak     Min:  0.0, Avg:  0.0, Max:  0.0, Diff:  0.0, Sum:  0.0, Workers: 4
[1897.784s][debug][gc,phases      ] GC(58)     Dead                           Min: 0, Avg:  0.0, Max: 0, Diff: 0, Sum: 0, Workers: 4
[1897.784s][debug][gc,phases      ] GC(58)     Total                          Min: 0, Avg:  0.0, Max: 0, Diff: 0, Sum: 0, Workers: 4
[1897.784s][debug][gc,phases      ] GC(58)   StringDedup Requests1 Weak     Min:  0.0, Avg:  0.0, Max:  0.0, Diff:  0.0, Sum:  0.0, Workers: 4
[1897.784s][debug][gc,phases      ] GC(58)     Dead                           Min: 0, Avg:  0.0, Max: 0, Diff: 0, Sum: 0, Workers: 4
[1897.784s][debug][gc,phases      ] GC(58)     Total                          Min: 0, Avg:  0.0, Max: 0, Diff: 0, Sum: 0, Workers: 4
[1897.784s][debug][gc,phases      ] GC(58)   Weak JFR Old Object Samples    Min:  0.0, Avg:  0.0, Max:  0.0, Diff:  0.0, Sum:  0.0, Workers: 4
[1897.784s][debug][gc,phases      ] GC(58)     Dead                           Min: 0, Avg:  0.0, Max: 0, Diff: 0, Sum: 0, Workers: 4
[1897.784s][debug][gc,phases      ] GC(58)     Total                          Min: 0, Avg:  0.0, Max: 0, Diff: 0, Sum: 0, Workers: 4
[1897.784s][debug][gc,phases      ] GC(58) Weak Processing 0.379ms
[1897.784s][debug][gc,age         ] GC(58) Desired survivor size 91226112 bytes, new threshold 15 (max threshold 15)
[1897.784s][info ][gc,heap        ] GC(58) PSYoungGen: 1898656K(1995264K)->960K(2008064K) Eden: 1897472K(1897472K)->0K(1914880K) From: 1184K(97792K)->960K(93184K)
[1897.784s][info ][gc,heap        ] GC(58) ParOldGen: 450978K(532992K)->451010K(532992K)
[1897.784s][info ][gc,metaspace   ] GC(58) Metaspace: 81401K(82496K)->81401K(82496K) NonClass: 69877K(70464K)->69877K(70464K) Class: 11524K(12032K)->11524K(12032K)
[1897.784s][info ][gc             ] GC(58) Pause Young (Allocation Failure) 2294M->441M(2481M) 3.829ms
[1897.784s][info ][gc,cpu         ] GC(58) User=0.01s Sys=0.00s Real=0.00s
[1897.784s][info ][safepoint      ] Safepoint "ParallelGCFailedAllocation", Time since last: 20084331358 ns, Reaching safepoint: 36501 ns, At safepoint: 3920484 ns, Total: 3956985 ns
[1900.785s][info ][safepoint      ] Safepoint "Cleanup", Time since last: 3000280788 ns, Reaching safepoint: 122802 ns, At safepoint: 4100 ns, Total: 126902 ns
[1918.787s][info ][safepoint      ] Safepoint "Cleanup", Time since last: 18001581316 ns, Reaching safepoint: 134302 ns, At safepoint: 34601 ns, Total: 168903 ns
[1965.790s][info ][safepoint      ] Safepoint "Cleanup", Time since last: 47003638871 ns, Reaching safepoint: 49501 ns, At safepoint: 43701 ns, Total: 93202 ns
[1968.590s][info ][gc,start       ] GC(59) Pause Young (Allocation Failure)
[1968.595s][debug][gc,phases      ] GC(59) Scavenge 5.689ms
[1968.595s][debug][gc,ref         ] GC(59) Skipped phase 1 of Reference Processing: no references
[1968.596s][debug][gc,ref         ] GC(59) ReferenceProcessor::execute queues: 1, RefProcThreadModel::Single, marks_oops_alive: false
[1968.596s][debug][gc,ref         ] GC(59) Skipped phase 3 of Reference Processing: no references
[1968.596s][debug][gc,ref         ] GC(59) Skipped phase 4 of Reference Processing: no references
[1968.596s][debug][gc,phases      ] GC(59) Reference Processing 0.125ms
[1968.596s][debug][gc,phases      ] GC(59)   VM Weak                        Min:  0.0, Avg:  0.0, Max:  0.0, Diff:  0.0, Sum:  0.0, Workers: 4
[1968.596s][debug][gc,phases      ] GC(59)     Dead                           Min: 0, Avg:  0.0, Max: 0, Diff: 0, Sum: 0, Workers: 4
[1968.596s][debug][gc,phases      ] GC(59)     Total                          Min: 0, Avg: 224.2, Max: 449, Diff: 449, Sum: 897, Workers: 4
[1968.596s][debug][gc,phases      ] GC(59)   ObjectSynchronizer Weak        Min:  0.0, Avg:  0.0, Max:  0.0, Diff:  0.0, Sum:  0.0, Workers: 4
[1968.596s][debug][gc,phases      ] GC(59)     Dead                           Min: 0, Avg:  0.0, Max: 0, Diff: 0, Sum: 0, Workers: 4
[1968.596s][debug][gc,phases      ] GC(59)     Total                          Min: 0, Avg:  7.2, Max: 29, Diff: 29, Sum: 29, Workers: 4
[1968.596s][debug][gc,phases      ] GC(59)   JVMTI Tag Weak OopStorage      Min:  0.0, Avg:  0.0, Max:  0.0, Diff:  0.0, Sum:  0.0, Workers: 4
[1968.596s][debug][gc,phases      ] GC(59)     Dead                           Min: 0, Avg:  0.0, Max: 0, Diff: 0, Sum: 0, Workers: 4
[1968.596s][debug][gc,phases      ] GC(59)     Total                          Min: 0, Avg:  0.0, Max: 0, Diff: 0, Sum: 0, Workers: 4
[1968.596s][debug][gc,phases      ] GC(59)   StringTable Weak               Min:  0.0, Avg:  0.1, Max:  0.2, Diff:  0.2, Sum:  0.4, Workers: 4
[1968.596s][debug][gc,phases      ] GC(59)     Dead                           Min: 0, Avg:  0.0, Max: 0, Diff: 0, Sum: 0, Workers: 4
[1968.596s][debug][gc,phases      ] GC(59)     Total                          Min: 0, Avg: 10776.8, Max: 21731, Diff: 21731, Sum: 43107, Workers: 4
[1968.596s][debug][gc,phases      ] GC(59)   ResolvedMethodTable Weak       Min:  0.0, Avg:  0.0, Max:  0.0, Diff:  0.0, Sum:  0.1, Workers: 4
[1968.596s][debug][gc,phases      ] GC(59)     Dead                           Min: 0, Avg:  0.0, Max: 0, Diff: 0, Sum: 0, Workers: 4
[1968.596s][debug][gc,phases      ] GC(59)     Total                          Min: 0, Avg: 2316.2, Max: 4672, Diff: 4672, Sum: 9265, Workers: 4
[1968.596s][debug][gc,phases      ] GC(59)   JNI Weak                       Min:  0.0, Avg:  0.0, Max:  0.0, Diff:  0.0, Sum:  0.0, Workers: 4
[1968.596s][debug][gc,phases      ] GC(59)     Dead                           Min: 0, Avg:  0.0, Max: 0, Diff: 0, Sum: 0, Workers: 4
[1968.596s][debug][gc,phases      ] GC(59)     Total                          Min: 0, Avg: 11.2, Max: 45, Diff: 45, Sum: 45, Workers: 4
[1968.596s][debug][gc,phases      ] GC(59)   StringDedup Table Weak         Min:  0.0, Avg:  0.0, Max:  0.0, Diff:  0.0, Sum:  0.0, Workers: 4
[1968.596s][debug][gc,phases      ] GC(59)     Dead                           Min: 0, Avg:  0.0, Max: 0, Diff: 0, Sum: 0, Workers: 4
[1968.596s][debug][gc,phases      ] GC(59)     Total                          Min: 0, Avg:  0.0, Max: 0, Diff: 0, Sum: 0, Workers: 4
[1968.596s][debug][gc,phases      ] GC(59)   StringDedup Requests0 Weak     Min:  0.0, Avg:  0.0, Max:  0.0, Diff:  0.0, Sum:  0.0, Workers: 4
[1968.596s][debug][gc,phases      ] GC(59)     Dead                           Min: 0, Avg:  0.0, Max: 0, Diff: 0, Sum: 0, Workers: 4
[1968.596s][debug][gc,phases      ] GC(59)     Total                          Min: 0, Avg:  0.0, Max: 0, Diff: 0, Sum: 0, Workers: 4
[1968.596s][debug][gc,phases      ] GC(59)   StringDedup Requests1 Weak     Min:  0.0, Avg:  0.0, Max:  0.0, Diff:  0.0, Sum:  0.0, Workers: 4
[1968.596s][debug][gc,phases      ] GC(59)     Dead                           Min: 0, Avg:  0.0, Max: 0, Diff: 0, Sum: 0, Workers: 4
[1968.596s][debug][gc,phases      ] GC(59)     Total                          Min: 0, Avg:  0.0, Max: 0, Diff: 0, Sum: 0, Workers: 4
[1968.596s][debug][gc,phases      ] GC(59)   Weak JFR Old Object Samples    Min:  0.0, Avg:  0.0, Max:  0.0, Diff:  0.0, Sum:  0.0, Workers: 4
[1968.596s][debug][gc,phases      ] GC(59)     Dead                           Min: 0, Avg:  0.0, Max: 0, Diff: 0, Sum: 0, Workers: 4
[1968.596s][debug][gc,phases      ] GC(59)     Total                          Min: 0, Avg:  0.0, Max: 0, Diff: 0, Sum: 0, Workers: 4
[1968.596s][debug][gc,phases      ] GC(59) Weak Processing 0.505ms
[1968.596s][debug][gc,age         ] GC(59) Desired survivor size 86507520 bytes, new threshold 15 (max threshold 15)
[1968.596s][info ][gc,heap        ] GC(59) PSYoungGen: 1915840K(2008064K)->1568K(2003968K) Eden: 1914880K(1914880K)->0K(1914880K) From: 960K(93184K)->1568K(89088K)
[1968.596s][info ][gc,heap        ] GC(59) ParOldGen: 451010K(532992K)->451034K(532992K)
[1968.596s][info ][gc,metaspace   ] GC(59) Metaspace: 81408K(82496K)->81408K(82496K) NonClass: 69883K(70464K)->69883K(70464K) Class: 11524K(12032K)->11524K(12032K)
[1968.596s][info ][gc             ] GC(59) Pause Young (Allocation Failure) 2311M->441M(2477M) 6.464ms
[1968.596s][info ][gc,cpu         ] GC(59) User=0.02s Sys=0.00s Real=0.01s
[1968.596s][info ][safepoint      ] Safepoint "ParallelGCFailedAllocation", Time since last: 2799315640 ns, Reaching safepoint: 43101 ns, At safepoint: 6541939 ns, Total: 6585040 ns
[1978.597s][info ][safepoint      ] Safepoint "Cleanup", Time since last: 10000704076 ns, Reaching safepoint: 56401 ns, At safepoint: 3500 ns, Total: 59901 ns
[2011.599s][info ][safepoint      ] Safepoint "Cleanup", Time since last: 33002283890 ns, Reaching safepoint: 42101 ns, At safepoint: 3000 ns, Total: 45101 ns
[2017.600s][info ][safepoint      ] Safepoint "Cleanup", Time since last: 6000578409 ns, Reaching safepoint: 65103 ns, At safepoint: 36401 ns, Total: 101504 ns
[2022.600s][info ][safepoint      ] Safepoint "Cleanup", Time since last: 5000416817 ns, Reaching safepoint: 71903 ns, At safepoint: 9300 ns, Total: 81203 ns
[2027.081s][info ][gc,start       ] GC(60) Pause Young (Allocation Failure)
[2027.085s][debug][gc,phases      ] GC(60) Scavenge 3.448ms
[2027.085s][debug][gc,ref         ] GC(60) Skipped phase 1 of Reference Processing: no references
[2027.085s][debug][gc,ref         ] GC(60) ReferenceProcessor::execute queues: 1, RefProcThreadModel::Single, marks_oops_alive: false
[2027.085s][debug][gc,ref         ] GC(60) Skipped phase 3 of Reference Processing: no references
[2027.085s][debug][gc,ref         ] GC(60) ReferenceProcessor::execute queues: 1, RefProcThreadModel::Single, marks_oops_alive: false
[2027.085s][debug][gc,phases      ] GC(60) Reference Processing 0.120ms
[2027.085s][debug][gc,phases      ] GC(60)   VM Weak                        Min:  0.0, Avg:  0.0, Max:  0.0, Diff:  0.0, Sum:  0.0, Workers: 4
[2027.085s][debug][gc,phases      ] GC(60)     Dead                           Min: 0, Avg:  0.0, Max: 0, Diff: 0, Sum: 0, Workers: 4
[2027.085s][debug][gc,phases      ] GC(60)     Total                          Min: 0, Avg: 224.2, Max: 576, Diff: 576, Sum: 897, Workers: 4
[2027.085s][debug][gc,phases      ] GC(60)   ObjectSynchronizer Weak        Min:  0.0, Avg:  0.0, Max:  0.0, Diff:  0.0, Sum:  0.0, Workers: 4
[2027.085s][debug][gc,phases      ] GC(60)     Dead                           Min: 0, Avg:  0.0, Max: 0, Diff: 0, Sum: 0, Workers: 4
[2027.085s][debug][gc,phases      ] GC(60)     Total                          Min: 0, Avg:  7.5, Max: 30, Diff: 30, Sum: 30, Workers: 4
[2027.085s][debug][gc,phases      ] GC(60)   JVMTI Tag Weak OopStorage      Min:  0.0, Avg:  0.0, Max:  0.0, Diff:  0.0, Sum:  0.0, Workers: 4
[2027.085s][debug][gc,phases      ] GC(60)     Dead                           Min: 0, Avg:  0.0, Max: 0, Diff: 0, Sum: 0, Workers: 4
[2027.085s][debug][gc,phases      ] GC(60)     Total                          Min: 0, Avg:  0.0, Max: 0, Diff: 0, Sum: 0, Workers: 4
[2027.085s][debug][gc,phases      ] GC(60)   StringTable Weak               Min:  0.0, Avg:  0.1, Max:  0.1, Diff:  0.1, Sum:  0.4, Workers: 4
[2027.085s][debug][gc,phases      ] GC(60)     Dead                           Min: 0, Avg:  0.0, Max: 0, Diff: 0, Sum: 0, Workers: 4
[2027.085s][debug][gc,phases      ] GC(60)     Total                          Min: 0, Avg: 10777.5, Max: 15872, Diff: 15872, Sum: 43110, Workers: 4
[2027.085s][debug][gc,phases      ] GC(60)   ResolvedMethodTable Weak       Min:  0.0, Avg:  0.0, Max:  0.0, Diff:  0.0, Sum:  0.1, Workers: 4
[2027.085s][debug][gc,phases      ] GC(60)     Dead                           Min: 0, Avg:  0.0, Max: 0, Diff: 0, Sum: 0, Workers: 4
[2027.085s][debug][gc,phases      ] GC(60)     Total                          Min: 0, Avg: 2316.2, Max: 3257, Diff: 3257, Sum: 9265, Workers: 4
[2027.085s][debug][gc,phases      ] GC(60)   JNI Weak                       Min:  0.0, Avg:  0.0, Max:  0.0, Diff:  0.0, Sum:  0.0, Workers: 4
[2027.085s][debug][gc,phases      ] GC(60)     Dead                           Min: 0, Avg:  0.0, Max: 0, Diff: 0, Sum: 0, Workers: 4
[2027.085s][debug][gc,phases      ] GC(60)     Total                          Min: 0, Avg: 11.2, Max: 45, Diff: 45, Sum: 45, Workers: 4
[2027.085s][debug][gc,phases      ] GC(60)   StringDedup Table Weak         Min:  0.0, Avg:  0.0, Max:  0.0, Diff:  0.0, Sum:  0.0, Workers: 4
[2027.085s][debug][gc,phases      ] GC(60)     Dead                           Min: 0, Avg:  0.0, Max: 0, Diff: 0, Sum: 0, Workers: 4
[2027.085s][debug][gc,phases      ] GC(60)     Total                          Min: 0, Avg:  0.0, Max: 0, Diff: 0, Sum: 0, Workers: 4
[2027.085s][debug][gc,phases      ] GC(60)   StringDedup Requests0 Weak     Min:  0.0, Avg:  0.0, Max:  0.0, Diff:  0.0, Sum:  0.0, Workers: 4
[2027.085s][debug][gc,phases      ] GC(60)     Dead                           Min: 0, Avg:  0.0, Max: 0, Diff: 0, Sum: 0, Workers: 4
[2027.085s][debug][gc,phases      ] GC(60)     Total                          Min: 0, Avg:  0.0, Max: 0, Diff: 0, Sum: 0, Workers: 4
[2027.085s][debug][gc,phases      ] GC(60)   StringDedup Requests1 Weak     Min:  0.0, Avg:  0.0, Max:  0.0, Diff:  0.0, Sum:  0.0, Workers: 4
[2027.085s][debug][gc,phases      ] GC(60)     Dead                           Min: 0, Avg:  0.0, Max: 0, Diff: 0, Sum: 0, Workers: 4
[2027.085s][debug][gc,phases      ] GC(60)     Total                          Min: 0, Avg:  0.0, Max: 0, Diff: 0, Sum: 0, Workers: 4
[2027.085s][debug][gc,phases      ] GC(60)   Weak JFR Old Object Samples    Min:  0.0, Avg:  0.0, Max:  0.0, Diff:  0.0, Sum:  0.0, Workers: 4
[2027.085s][debug][gc,phases      ] GC(60)     Dead                           Min: 0, Avg:  0.0, Max: 0, Diff: 0, Sum: 0, Workers: 4
[2027.085s][debug][gc,phases      ] GC(60)     Total                          Min: 0, Avg:  0.0, Max: 0, Diff: 0, Sum: 0, Workers: 4
[2027.085s][debug][gc,phases      ] GC(60) Weak Processing 0.434ms
[2027.085s][debug][gc,age         ] GC(60) Desired survivor size 81788928 bytes, new threshold 15 (max threshold 15)
[2027.085s][info ][gc,heap        ] GC(60) PSYoungGen: 1916448K(2003968K)->1952K(2017280K) Eden: 1914880K(1914880K)->0K(1932800K) From: 1568K(89088K)->1952K(84480K)
[2027.085s][info ][gc,heap        ] GC(60) ParOldGen: 451034K(532992K)->451066K(532992K)
[2027.085s][info ][gc,metaspace   ] GC(60) Metaspace: 81424K(82560K)->81424K(82560K) NonClass: 69899K(70528K)->69899K(70528K) Class: 11524K(12032K)->11524K(12032K)
[2027.085s][info ][gc             ] GC(60) Pause Young (Allocation Failure) 2311M->442M(2490M) 4.150ms
[2027.086s][info ][gc,cpu         ] GC(60) User=0.01s Sys=0.00s Real=0.00s
[2027.086s][info ][safepoint      ] Safepoint "ParallelGCFailedAllocation", Time since last: 4480779181 ns, Reaching safepoint: 112704 ns, At safepoint: 4236359 ns, Total: 4349063 ns
[2038.087s][info ][safepoint      ] Safepoint "Cleanup", Time since last: 11000884001 ns, Reaching safepoint: 127704 ns, At safepoint: 4600 ns, Total: 132304 ns
[2044.089s][info ][safepoint      ] Safepoint "Cleanup", Time since last: 6000486703 ns, Reaching safepoint: 2059066 ns, At safepoint: 7101 ns, Total: 2066167 ns
[2047.090s][info ][safepoint      ] Safepoint "Cleanup", Time since last: 3000299551 ns, Reaching safepoint: 120704 ns, At safepoint: 4701 ns, Total: 125405 ns
[2048.090s][info ][safepoint      ] Safepoint "Cleanup", Time since last: 1000149756 ns, Reaching safepoint: 134404 ns, At safepoint: 4801 ns, Total: 139205 ns
[2053.090s][info ][safepoint      ] Safepoint "Cleanup", Time since last: 5000413269 ns, Reaching safepoint: 54002 ns, At safepoint: 2800 ns, Total: 56802 ns
[2062.095s][info ][safepoint      ] Safepoint "Cleanup", Time since last: 9004704084 ns, Reaching safepoint: 59802 ns, At safepoint: 2700 ns, Total: 62502 ns
[2070.096s][info ][safepoint      ] Safepoint "Cleanup", Time since last: 8000591481 ns, Reaching safepoint: 60602 ns, At safepoint: 2400 ns, Total: 63002 ns
[2073.096s][info ][safepoint      ] Safepoint "Cleanup", Time since last: 3000267205 ns, Reaching safepoint: 54402 ns, At safepoint: 7400 ns, Total: 61802 ns
[2082.097s][info ][safepoint      ] Safepoint "Cleanup", Time since last: 9000667318 ns, Reaching safepoint: 75402 ns, At safepoint: 3000 ns, Total: 78402 ns
[2089.081s][info ][gc,start       ] GC(61) Pause Young (Allocation Failure)
[2089.087s][debug][gc,phases      ] GC(61) Scavenge 5.690ms
[2089.087s][debug][gc,ref         ] GC(61) Skipped phase 1 of Reference Processing: no references
[2089.087s][debug][gc,ref         ] GC(61) ReferenceProcessor::execute queues: 1, RefProcThreadModel::Single, marks_oops_alive: false
[2089.087s][debug][gc,ref         ] GC(61) Skipped phase 3 of Reference Processing: no references
[2089.087s][debug][gc,ref         ] GC(61) ReferenceProcessor::execute queues: 1, RefProcThreadModel::Single, marks_oops_alive: false
[2089.087s][debug][gc,phases      ] GC(61) Reference Processing 0.114ms
[2089.087s][debug][gc,phases      ] GC(61)   VM Weak                        Min:  0.0, Avg:  0.0, Max:  0.0, Diff:  0.0, Sum:  0.0, Workers: 4
[2089.087s][debug][gc,phases      ] GC(61)     Dead                           Min: 0, Avg:  0.0, Max: 0, Diff: 0, Sum: 0, Workers: 4
[2089.087s][debug][gc,phases      ] GC(61)     Total                          Min: 0, Avg: 224.2, Max: 576, Diff: 576, Sum: 897, Workers: 4
[2089.087s][debug][gc,phases      ] GC(61)   ObjectSynchronizer Weak        Min:  0.0, Avg:  0.0, Max:  0.0, Diff:  0.0, Sum:  0.0, Workers: 4
[2089.087s][debug][gc,phases      ] GC(61)     Dead                           Min: 0, Avg:  0.0, Max: 0, Diff: 0, Sum: 0, Workers: 4
[2089.087s][debug][gc,phases      ] GC(61)     Total                          Min: 0, Avg:  7.5, Max: 30, Diff: 30, Sum: 30, Workers: 4
[2089.087s][debug][gc,phases      ] GC(61)   JVMTI Tag Weak OopStorage      Min:  0.0, Avg:  0.0, Max:  0.0, Diff:  0.0, Sum:  0.0, Workers: 4
[2089.088s][debug][gc,phases      ] GC(61)     Dead                           Min: 0, Avg:  0.0, Max: 0, Diff: 0, Sum: 0, Workers: 4
[2089.088s][debug][gc,phases      ] GC(61)     Total                          Min: 0, Avg:  0.0, Max: 0, Diff: 0, Sum: 0, Workers: 4
[2089.088s][debug][gc,phases      ] GC(61)   StringTable Weak               Min:  0.0, Avg:  0.1, Max:  0.2, Diff:  0.2, Sum:  0.4, Workers: 4
[2089.088s][debug][gc,phases      ] GC(61)     Dead                           Min: 0, Avg:  0.5, Max: 2, Diff: 2, Sum: 2, Workers: 4
[2089.088s][debug][gc,phases      ] GC(61)     Total                          Min: 0, Avg: 10778.8, Max: 22719, Diff: 22719, Sum: 43115, Workers: 4
[2089.088s][debug][gc,phases      ] GC(61)   ResolvedMethodTable Weak       Min:  0.0, Avg:  0.0, Max:  0.0, Diff:  0.0, Sum:  0.1, Workers: 4
[2089.088s][debug][gc,phases      ] GC(61)     Dead                           Min: 0, Avg:  0.0, Max: 0, Diff: 0, Sum: 0, Workers: 4
[2089.088s][debug][gc,phases      ] GC(61)     Total                          Min: 0, Avg: 2318.5, Max: 5050, Diff: 5050, Sum: 9274, Workers: 4
[2089.088s][debug][gc,phases      ] GC(61)   JNI Weak                       Min:  0.0, Avg:  0.0, Max:  0.0, Diff:  0.0, Sum:  0.0, Workers: 4
[2089.088s][debug][gc,phases      ] GC(61)     Dead                           Min: 0, Avg:  0.0, Max: 0, Diff: 0, Sum: 0, Workers: 4
[2089.088s][debug][gc,phases      ] GC(61)     Total                          Min: 0, Avg: 11.2, Max: 45, Diff: 45, Sum: 45, Workers: 4
[2089.088s][debug][gc,phases      ] GC(61)   StringDedup Table Weak         Min:  0.0, Avg:  0.0, Max:  0.0, Diff:  0.0, Sum:  0.0, Workers: 4
[2089.088s][debug][gc,phases      ] GC(61)     Dead                           Min: 0, Avg:  0.0, Max: 0, Diff: 0, Sum: 0, Workers: 4
[2089.088s][debug][gc,phases      ] GC(61)     Total                          Min: 0, Avg:  0.0, Max: 0, Diff: 0, Sum: 0, Workers: 4
[2089.088s][debug][gc,phases      ] GC(61)   StringDedup Requests0 Weak     Min:  0.0, Avg:  0.0, Max:  0.0, Diff:  0.0, Sum:  0.0, Workers: 4
[2089.088s][debug][gc,phases      ] GC(61)     Dead                           Min: 0, Avg:  0.0, Max: 0, Diff: 0, Sum: 0, Workers: 4
[2089.088s][debug][gc,phases      ] GC(61)     Total                          Min: 0, Avg:  0.0, Max: 0, Diff: 0, Sum: 0, Workers: 4
[2089.088s][debug][gc,phases      ] GC(61)   StringDedup Requests1 Weak     Min:  0.0, Avg:  0.0, Max:  0.0, Diff:  0.0, Sum:  0.0, Workers: 4
[2089.088s][debug][gc,phases      ] GC(61)     Dead                           Min: 0, Avg:  0.0, Max: 0, Diff: 0, Sum: 0, Workers: 4
[2089.088s][debug][gc,phases      ] GC(61)     Total                          Min: 0, Avg:  0.0, Max: 0, Diff: 0, Sum: 0, Workers: 4
[2089.088s][debug][gc,phases      ] GC(61)   Weak JFR Old Object Samples    Min:  0.0, Avg:  0.0, Max:  0.0, Diff:  0.0, Sum:  0.0, Workers: 4
[2089.088s][debug][gc,phases      ] GC(61)     Dead                           Min: 0, Avg:  0.0, Max: 0, Diff: 0, Sum: 0, Workers: 4
[2089.088s][debug][gc,phases      ] GC(61)     Total                          Min: 0, Avg:  0.0, Max: 0, Diff: 0, Sum: 0, Workers: 4
[2089.088s][debug][gc,phases      ] GC(61) Weak Processing 0.429ms
[2089.088s][debug][gc,age         ] GC(61) Desired survivor size 76546048 bytes, new threshold 15 (max threshold 15)
[2089.088s][info ][gc,heap        ] GC(61) PSYoungGen: 1934752K(2017280K)->3520K(2012672K) Eden: 1932800K(1932800K)->0K(1932800K) From: 1952K(84480K)->3520K(79872K)
[2089.088s][info ][gc,heap        ] GC(61) ParOldGen: 451066K(532992K)->451090K(532992K)
[2089.088s][info ][gc,metaspace   ] GC(61) Metaspace: 81454K(82560K)->81454K(82560K) NonClass: 69925K(70528K)->69925K(70528K) Class: 11529K(12032K)->11529K(12032K)
[2089.088s][info ][gc             ] GC(61) Pause Young (Allocation Failure) 2329M->443M(2486M) 6.364ms
[2089.088s][info ][gc,cpu         ] GC(61) User=0.01s Sys=0.00s Real=0.00s
[2089.088s][info ][safepoint      ] Safepoint "ParallelGCFailedAllocation", Time since last: 6984356778 ns, Reaching safepoint: 114304 ns, At safepoint: 6442607 ns, Total: 6556911 ns
[2090.088s][info ][safepoint      ] Safepoint "Cleanup", Time since last: 1000097892 ns, Reaching safepoint: 111103 ns, At safepoint: 6000 ns, Total: 117103 ns
[2094.090s][info ][safepoint      ] Safepoint "Cleanup", Time since last: 4001444801 ns, Reaching safepoint: 137004 ns, At safepoint: 3600 ns, Total: 140604 ns
[2116.091s][info ][safepoint      ] Safepoint "Cleanup", Time since last: 22001709973 ns, Reaching safepoint: 53001 ns, At safepoint: 2700 ns, Total: 55701 ns
[2117.091s][info ][safepoint      ] Safepoint "Cleanup", Time since last: 1000128779 ns, Reaching safepoint: 66402 ns, At safepoint: 7200 ns, Total: 73602 ns
[2118.092s][info ][safepoint      ] Safepoint "Cleanup", Time since last: 1000138779 ns, Reaching safepoint: 57202 ns, At safepoint: 2400 ns, Total: 59602 ns
[2121.092s][info ][safepoint      ] Safepoint "Cleanup", Time since last: 3000268905 ns, Reaching safepoint: 48401 ns, At safepoint: 2400 ns, Total: 50801 ns
[2124.092s][info ][safepoint      ] Safepoint "Cleanup", Time since last: 3000257143 ns, Reaching safepoint: 35201 ns, At safepoint: 3000 ns, Total: 38201 ns
[2139.093s][info ][safepoint      ] Safepoint "Cleanup", Time since last: 15001141753 ns, Reaching safepoint: 67202 ns, At safepoint: 2700 ns, Total: 69902 ns
[2145.094s][info ][safepoint      ] Safepoint "Cleanup", Time since last: 6000444995 ns, Reaching safepoint: 67402 ns, At safepoint: 3900 ns, Total: 71302 ns
[2148.531s][info ][gc,start       ] GC(62) Pause Young (Allocation Failure)
[2148.536s][debug][gc,phases      ] GC(62) Scavenge 4.460ms
[2148.536s][debug][gc,ref         ] GC(62) Skipped phase 1 of Reference Processing: no references
[2148.536s][debug][gc,ref         ] GC(62) ReferenceProcessor::execute queues: 1, RefProcThreadModel::Single, marks_oops_alive: false
[2148.536s][debug][gc,ref         ] GC(62) Skipped phase 3 of Reference Processing: no references
[2148.536s][debug][gc,ref         ] GC(62) ReferenceProcessor::execute queues: 1, RefProcThreadModel::Single, marks_oops_alive: false
[2148.536s][debug][gc,phases      ] GC(62) Reference Processing 0.114ms
[2148.536s][debug][gc,phases      ] GC(62)   VM Weak                        Min:  0.0, Avg:  0.0, Max:  0.0, Diff:  0.0, Sum:  0.0, Workers: 4
[2148.536s][debug][gc,phases      ] GC(62)     Dead                           Min: 0, Avg:  0.0, Max: 0, Diff: 0, Sum: 0, Workers: 4
[2148.536s][debug][gc,phases      ] GC(62)     Total                          Min: 0, Avg: 224.2, Max: 640, Diff: 640, Sum: 897, Workers: 4
[2148.536s][debug][gc,phases      ] GC(62)   ObjectSynchronizer Weak        Min:  0.0, Avg:  0.0, Max:  0.0, Diff:  0.0, Sum:  0.0, Workers: 4
[2148.536s][debug][gc,phases      ] GC(62)     Dead                           Min: 0, Avg:  0.0, Max: 0, Diff: 0, Sum: 0, Workers: 4
[2148.536s][debug][gc,phases      ] GC(62)     Total                          Min: 0, Avg:  7.5, Max: 30, Diff: 30, Sum: 30, Workers: 4
[2148.536s][debug][gc,phases      ] GC(62)   JVMTI Tag Weak OopStorage      Min:  0.0, Avg:  0.0, Max:  0.0, Diff:  0.0, Sum:  0.0, Workers: 4
[2148.536s][debug][gc,phases      ] GC(62)     Dead                           Min: 0, Avg:  0.0, Max: 0, Diff: 0, Sum: 0, Workers: 4
[2148.536s][debug][gc,phases      ] GC(62)     Total                          Min: 0, Avg:  0.0, Max: 0, Diff: 0, Sum: 0, Workers: 4
[2148.536s][debug][gc,phases      ] GC(62)   StringTable Weak               Min:  0.0, Avg:  0.1, Max:  0.1, Diff:  0.1, Sum:  0.4, Workers: 4
[2148.536s][debug][gc,phases      ] GC(62)     Dead                           Min: 0, Avg:  0.0, Max: 0, Diff: 0, Sum: 0, Workers: 4
[2148.536s][debug][gc,phases      ] GC(62)     Total                          Min: 0, Avg: 10785.8, Max: 15111, Diff: 15111, Sum: 43143, Workers: 4
[2148.536s][debug][gc,phases      ] GC(62)   ResolvedMethodTable Weak       Min:  0.0, Avg:  0.0, Max:  0.0, Diff:  0.0, Sum:  0.1, Workers: 4
[2148.536s][debug][gc,phases      ] GC(62)     Dead                           Min: 0, Avg:  0.0, Max: 0, Diff: 0, Sum: 0, Workers: 4
[2148.536s][debug][gc,phases      ] GC(62)     Total                          Min: 0, Avg: 2318.5, Max: 3328, Diff: 3328, Sum: 9274, Workers: 4
[2148.536s][debug][gc,phases      ] GC(62)   JNI Weak                       Min:  0.0, Avg:  0.0, Max:  0.0, Diff:  0.0, Sum:  0.0, Workers: 4
[2148.536s][debug][gc,phases      ] GC(62)     Dead                           Min: 0, Avg:  0.0, Max: 0, Diff: 0, Sum: 0, Workers: 4
[2148.536s][debug][gc,phases      ] GC(62)     Total                          Min: 0, Avg: 11.2, Max: 45, Diff: 45, Sum: 45, Workers: 4
[2148.536s][debug][gc,phases      ] GC(62)   StringDedup Table Weak         Min:  0.0, Avg:  0.0, Max:  0.0, Diff:  0.0, Sum:  0.0, Workers: 4
[2148.536s][debug][gc,phases      ] GC(62)     Dead                           Min: 0, Avg:  0.0, Max: 0, Diff: 0, Sum: 0, Workers: 4
[2148.536s][debug][gc,phases      ] GC(62)     Total                          Min: 0, Avg:  0.0, Max: 0, Diff: 0, Sum: 0, Workers: 4
[2148.536s][debug][gc,phases      ] GC(62)   StringDedup Requests0 Weak     Min:  0.0, Avg:  0.0, Max:  0.0, Diff:  0.0, Sum:  0.0, Workers: 4
[2148.536s][debug][gc,phases      ] GC(62)     Dead                           Min: 0, Avg:  0.0, Max: 0, Diff: 0, Sum: 0, Workers: 4
[2148.536s][debug][gc,phases      ] GC(62)     Total                          Min: 0, Avg:  0.0, Max: 0, Diff: 0, Sum: 0, Workers: 4
[2148.536s][debug][gc,phases      ] GC(62)   StringDedup Requests1 Weak     Min:  0.0, Avg:  0.0, Max:  0.0, Diff:  0.0, Sum:  0.0, Workers: 4
[2148.536s][debug][gc,phases      ] GC(62)     Dead                           Min: 0, Avg:  0.0, Max: 0, Diff: 0, Sum: 0, Workers: 4
[2148.536s][debug][gc,phases      ] GC(62)     Total                          Min: 0, Avg:  0.0, Max: 0, Diff: 0, Sum: 0, Workers: 4
[2148.536s][debug][gc,phases      ] GC(62)   Weak JFR Old Object Samples    Min:  0.0, Avg:  0.0, Max:  0.0, Diff:  0.0, Sum:  0.0, Workers: 4
[2148.536s][debug][gc,phases      ] GC(62)     Dead                           Min: 0, Avg:  0.0, Max: 0, Diff: 0, Sum: 0, Workers: 4
[2148.536s][debug][gc,phases      ] GC(62)     Total                          Min: 0, Avg:  0.0, Max: 0, Diff: 0, Sum: 0, Workers: 4
[2148.536s][debug][gc,phases      ] GC(62) Weak Processing 0.356ms
[2148.536s][debug][gc,age         ] GC(62) Desired survivor size 71827456 bytes, new threshold 15 (max threshold 15)
[2148.536s][info ][gc,heap        ] GC(62) PSYoungGen: 1936320K(2012672K)->3712K(2027008K) Eden: 1932800K(1932800K)->0K(1952256K) From: 3520K(79872K)->3712K(74752K)
[2148.536s][info ][gc,heap        ] GC(62) ParOldGen: 451090K(532992K)->451114K(532992K)
[2148.536s][info ][gc,metaspace   ] GC(62) Metaspace: 81466K(82624K)->81466K(82624K) NonClass: 69937K(70592K)->69937K(70592K) Class: 11529K(12032K)->11529K(12032K)
[2148.537s][info ][gc             ] GC(62) Pause Young (Allocation Failure) 2331M->444M(2500M) 5.116ms
[2148.537s][info ][gc,cpu         ] GC(62) User=0.01s Sys=0.00s Real=0.00s
[2148.537s][info ][safepoint      ] Safepoint "ParallelGCFailedAllocation", Time since last: 3437180810 ns, Reaching safepoint: 127404 ns, At safepoint: 5228946 ns, Total: 5356350 ns
[2150.537s][info ][safepoint      ] Safepoint "Cleanup", Time since last: 2000168400 ns, Reaching safepoint: 117804 ns, At safepoint: 6200 ns, Total: 124004 ns
[2164.538s][info ][safepoint      ] Safepoint "Cleanup", Time since last: 14001215923 ns, Reaching safepoint: 200006 ns, At safepoint: 4800 ns, Total: 204806 ns
[2166.539s][info ][safepoint      ] Safepoint "Cleanup", Time since last: 2000212547 ns, Reaching safepoint: 69802 ns, At safepoint: 5700 ns, Total: 75502 ns
[2177.539s][info ][safepoint      ] Safepoint "Cleanup", Time since last: 11000772655 ns, Reaching safepoint: 39201 ns, At safepoint: 2700 ns, Total: 41901 ns
[2203.542s][info ][safepoint      ] Safepoint "Cleanup", Time since last: 26002010418 ns, Reaching safepoint: 192606 ns, At safepoint: 42001 ns, Total: 234607 ns
[2209.731s][info ][gc,start       ] GC(63) Pause Young (Allocation Failure)
[2209.738s][debug][gc,phases      ] GC(63) Scavenge 7.171ms
[2209.739s][debug][gc,ref         ] GC(63) Skipped phase 1 of Reference Processing: no references
[2209.739s][debug][gc,ref         ] GC(63) ReferenceProcessor::execute queues: 1, RefProcThreadModel::Single, marks_oops_alive: false
[2209.739s][debug][gc,ref         ] GC(63) Skipped phase 3 of Reference Processing: no references
[2209.739s][debug][gc,ref         ] GC(63) Skipped phase 4 of Reference Processing: no references
[2209.739s][debug][gc,phases      ] GC(63) Reference Processing 0.087ms
[2209.739s][debug][gc,phases      ] GC(63)   VM Weak                        Min:  0.0, Avg:  0.0, Max:  0.0, Diff:  0.0, Sum:  0.0, Workers: 4
[2209.739s][debug][gc,phases      ] GC(63)     Dead                           Min: 0, Avg:  0.0, Max: 0, Diff: 0, Sum: 0, Workers: 4
[2209.739s][debug][gc,phases      ] GC(63)     Total                          Min: 0, Avg: 224.2, Max: 449, Diff: 449, Sum: 897, Workers: 4
[2209.739s][debug][gc,phases      ] GC(63)   ObjectSynchronizer Weak        Min:  0.0, Avg:  0.0, Max:  0.0, Diff:  0.0, Sum:  0.0, Workers: 4
[2209.739s][debug][gc,phases      ] GC(63)     Dead                           Min: 0, Avg:  0.0, Max: 0, Diff: 0, Sum: 0, Workers: 4
[2209.739s][debug][gc,phases      ] GC(63)     Total                          Min: 0, Avg:  7.5, Max: 30, Diff: 30, Sum: 30, Workers: 4
[2209.739s][debug][gc,phases      ] GC(63)   JVMTI Tag Weak OopStorage      Min:  0.0, Avg:  0.0, Max:  0.0, Diff:  0.0, Sum:  0.0, Workers: 4
[2209.739s][debug][gc,phases      ] GC(63)     Dead                           Min: 0, Avg:  0.0, Max: 0, Diff: 0, Sum: 0, Workers: 4
[2209.739s][debug][gc,phases      ] GC(63)     Total                          Min: 0, Avg:  0.0, Max: 0, Diff: 0, Sum: 0, Workers: 4
[2209.739s][debug][gc,phases      ] GC(63)   StringTable Weak               Min:  0.0, Avg:  0.1, Max:  0.2, Diff:  0.2, Sum:  0.4, Workers: 4
[2209.739s][debug][gc,phases      ] GC(63)     Dead                           Min: 0, Avg:  0.0, Max: 0, Diff: 0, Sum: 0, Workers: 4
[2209.739s][debug][gc,phases      ] GC(63)     Total                          Min: 0, Avg: 10786.0, Max: 21576, Diff: 21576, Sum: 43144, Workers: 4
[2209.739s][debug][gc,phases      ] GC(63)   ResolvedMethodTable Weak       Min:  0.0, Avg:  0.0, Max:  0.0, Diff:  0.0, Sum:  0.1, Workers: 4
[2209.739s][debug][gc,phases      ] GC(63)     Dead                           Min: 0, Avg:  0.0, Max: 0, Diff: 0, Sum: 0, Workers: 4
[2209.739s][debug][gc,phases      ] GC(63)     Total                          Min: 0, Avg: 2318.5, Max: 4800, Diff: 4800, Sum: 9274, Workers: 4
[2209.739s][debug][gc,phases      ] GC(63)   JNI Weak                       Min:  0.0, Avg:  0.0, Max:  0.0, Diff:  0.0, Sum:  0.0, Workers: 4
[2209.739s][debug][gc,phases      ] GC(63)     Dead                           Min: 0, Avg:  0.0, Max: 0, Diff: 0, Sum: 0, Workers: 4
[2209.739s][debug][gc,phases      ] GC(63)     Total                          Min: 0, Avg: 11.2, Max: 45, Diff: 45, Sum: 45, Workers: 4
[2209.739s][debug][gc,phases      ] GC(63)   StringDedup Table Weak         Min:  0.0, Avg:  0.0, Max:  0.0, Diff:  0.0, Sum:  0.0, Workers: 4
[2209.739s][debug][gc,phases      ] GC(63)     Dead                           Min: 0, Avg:  0.0, Max: 0, Diff: 0, Sum: 0, Workers: 4
[2209.739s][debug][gc,phases      ] GC(63)     Total                          Min: 0, Avg:  0.0, Max: 0, Diff: 0, Sum: 0, Workers: 4
[2209.739s][debug][gc,phases      ] GC(63)   StringDedup Requests0 Weak     Min:  0.0, Avg:  0.0, Max:  0.0, Diff:  0.0, Sum:  0.0, Workers: 4
[2209.739s][debug][gc,phases      ] GC(63)     Dead                           Min: 0, Avg:  0.0, Max: 0, Diff: 0, Sum: 0, Workers: 4
[2209.739s][debug][gc,phases      ] GC(63)     Total                          Min: 0, Avg:  0.0, Max: 0, Diff: 0, Sum: 0, Workers: 4
[2209.739s][debug][gc,phases      ] GC(63)   StringDedup Requests1 Weak     Min:  0.0, Avg:  0.0, Max:  0.0, Diff:  0.0, Sum:  0.0, Workers: 4
[2209.739s][debug][gc,phases      ] GC(63)     Dead                           Min: 0, Avg:  0.0, Max: 0, Diff: 0, Sum: 0, Workers: 4
[2209.739s][debug][gc,phases      ] GC(63)     Total                          Min: 0, Avg:  0.0, Max: 0, Diff: 0, Sum: 0, Workers: 4
[2209.739s][debug][gc,phases      ] GC(63)   Weak JFR Old Object Samples    Min:  0.0, Avg:  0.0, Max:  0.0, Diff:  0.0, Sum:  0.0, Workers: 4
[2209.739s][debug][gc,phases      ] GC(63)     Dead                           Min: 0, Avg:  0.0, Max: 0, Diff: 0, Sum: 0, Workers: 4
[2209.739s][debug][gc,phases      ] GC(63)     Total                          Min: 0, Avg:  0.0, Max: 0, Diff: 0, Sum: 0, Workers: 4
[2209.739s][debug][gc,phases      ] GC(63) Weak Processing 0.421ms
[2209.739s][debug][gc,age         ] GC(63) Desired survivor size 67633152 bytes, new threshold 15 (max threshold 15)
[2209.739s][info ][gc,heap        ] GC(63) PSYoungGen: 1955968K(2027008K)->4000K(2022400K) Eden: 1952256K(1952256K)->0K(1952256K) From: 3712K(74752K)->4000K(70144K)
[2209.739s][info ][gc,heap        ] GC(63) ParOldGen: 451114K(532992K)->451138K(532992K)
[2209.739s][info ][gc,metaspace   ] GC(63) Metaspace: 81471K(82624K)->81471K(82624K) NonClass: 69942K(70592K)->69942K(70592K) Class: 11529K(12032K)->11529K(12032K)
[2209.739s][info ][gc             ] GC(63) Pause Young (Allocation Failure) 2350M->444M(2495M) 7.815ms
[2209.739s][info ][gc,cpu         ] GC(63) User=0.01s Sys=0.00s Real=0.01s
[2209.739s][info ][safepoint      ] Safepoint "ParallelGCFailedAllocation", Time since last: 6189483986 ns, Reaching safepoint: 110903 ns, At safepoint: 7890326 ns, Total: 8001229 ns
[2217.740s][info ][safepoint      ] Safepoint "Cleanup", Time since last: 8000503493 ns, Reaching safepoint: 56402 ns, At safepoint: 9000 ns, Total: 65402 ns
[2218.740s][info ][safepoint      ] Safepoint "Cleanup", Time since last: 1000125727 ns, Reaching safepoint: 47002 ns, At safepoint: 2900 ns, Total: 49902 ns
[2220.844s][info ][safepoint      ] Safepoint "Cleanup", Time since last: 2104448942 ns, Reaching safepoint: 46302 ns, At safepoint: 2300 ns, Total: 48602 ns
[2221.845s][info ][safepoint      ] Safepoint "Cleanup", Time since last: 1000125327 ns, Reaching safepoint: 49501 ns, At safepoint: 3000 ns, Total: 52501 ns
[2222.845s][info ][safepoint      ] Safepoint "Cleanup", Time since last: 1000114235 ns, Reaching safepoint: 53401 ns, At safepoint: 5500 ns, Total: 58901 ns
[2234.846s][info ][safepoint      ] Safepoint "Cleanup", Time since last: 12000852132 ns, Reaching safepoint: 53901 ns, At safepoint: 34401 ns, Total: 88302 ns
[2258.847s][info ][safepoint      ] Safepoint "Cleanup", Time since last: 24001600073 ns, Reaching safepoint: 50301 ns, At safepoint: 2500 ns, Total: 52801 ns
[2263.848s][info ][safepoint      ] Safepoint "Cleanup", Time since last: 5000396239 ns, Reaching safepoint: 53601 ns, At safepoint: 3301 ns, Total: 56902 ns
[2265.848s][info ][safepoint      ] Safepoint "Cleanup", Time since last: 2000204959 ns, Reaching safepoint: 53201 ns, At safepoint: 27301 ns, Total: 80502 ns
[2266.580s][info ][gc,start       ] GC(64) Pause Young (Allocation Failure)
[2266.586s][debug][gc,phases      ] GC(64) Scavenge 5.162ms
[2266.586s][debug][gc,ref         ] GC(64) Skipped phase 1 of Reference Processing: no references
[2266.586s][debug][gc,ref         ] GC(64) ReferenceProcessor::execute queues: 1, RefProcThreadModel::Single, marks_oops_alive: false
[2266.586s][debug][gc,ref         ] GC(64) Skipped phase 3 of Reference Processing: no references
[2266.586s][debug][gc,ref         ] GC(64) ReferenceProcessor::execute queues: 1, RefProcThreadModel::Single, marks_oops_alive: false
[2266.586s][debug][gc,phases      ] GC(64) Reference Processing 0.111ms
[2266.586s][debug][gc,phases      ] GC(64)   VM Weak                        Min:  0.0, Avg:  0.0, Max:  0.0, Diff:  0.0, Sum:  0.0, Workers: 4
[2266.586s][debug][gc,phases      ] GC(64)     Dead                           Min: 0, Avg:  0.0, Max: 0, Diff: 0, Sum: 0, Workers: 4
[2266.586s][debug][gc,phases      ] GC(64)     Total                          Min: 0, Avg: 224.2, Max: 641, Diff: 641, Sum: 897, Workers: 4
[2266.586s][debug][gc,phases      ] GC(64)   ObjectSynchronizer Weak        Min:  0.0, Avg:  0.0, Max:  0.0, Diff:  0.0, Sum:  0.0, Workers: 4
[2266.586s][debug][gc,phases      ] GC(64)     Dead                           Min: 0, Avg:  0.0, Max: 0, Diff: 0, Sum: 0, Workers: 4
[2266.586s][debug][gc,phases      ] GC(64)     Total                          Min: 0, Avg:  7.5, Max: 30, Diff: 30, Sum: 30, Workers: 4
[2266.586s][debug][gc,phases      ] GC(64)   JVMTI Tag Weak OopStorage      Min:  0.0, Avg:  0.0, Max:  0.0, Diff:  0.0, Sum:  0.0, Workers: 4
[2266.586s][debug][gc,phases      ] GC(64)     Dead                           Min: 0, Avg:  0.0, Max: 0, Diff: 0, Sum: 0, Workers: 4
[2266.586s][debug][gc,phases      ] GC(64)     Total                          Min: 0, Avg:  0.0, Max: 0, Diff: 0, Sum: 0, Workers: 4
[2266.586s][debug][gc,phases      ] GC(64)   StringTable Weak               Min:  0.0, Avg:  0.1, Max:  0.1, Diff:  0.1, Sum:  0.4, Workers: 4
[2266.586s][debug][gc,phases      ] GC(64)     Dead                           Min: 0, Avg:  0.0, Max: 0, Diff: 0, Sum: 0, Workers: 4
[2266.586s][debug][gc,phases      ] GC(64)     Total                          Min: 0, Avg: 10786.8, Max: 14592, Diff: 14592, Sum: 43147, Workers: 4
[2266.586s][debug][gc,phases      ] GC(64)   ResolvedMethodTable Weak       Min:  0.0, Avg:  0.0, Max:  0.0, Diff:  0.0, Sum:  0.1, Workers: 4
[2266.586s][debug][gc,phases      ] GC(64)     Dead                           Min: 0, Avg:  0.0, Max: 0, Diff: 0, Sum: 0, Workers: 4
[2266.586s][debug][gc,phases      ] GC(64)     Total                          Min: 0, Avg: 2319.0, Max: 3452, Diff: 3452, Sum: 9276, Workers: 4
[2266.586s][debug][gc,phases      ] GC(64)   JNI Weak                       Min:  0.0, Avg:  0.0, Max:  0.0, Diff:  0.0, Sum:  0.0, Workers: 4
[2266.586s][debug][gc,phases      ] GC(64)     Dead                           Min: 0, Avg:  0.0, Max: 0, Diff: 0, Sum: 0, Workers: 4
[2266.586s][debug][gc,phases      ] GC(64)     Total                          Min: 0, Avg: 11.2, Max: 45, Diff: 45, Sum: 45, Workers: 4
[2266.586s][debug][gc,phases      ] GC(64)   StringDedup Table Weak         Min:  0.0, Avg:  0.0, Max:  0.0, Diff:  0.0, Sum:  0.0, Workers: 4
[2266.586s][debug][gc,phases      ] GC(64)     Dead                           Min: 0, Avg:  0.0, Max: 0, Diff: 0, Sum: 0, Workers: 4
[2266.586s][debug][gc,phases      ] GC(64)     Total                          Min: 0, Avg:  0.0, Max: 0, Diff: 0, Sum: 0, Workers: 4
[2266.586s][debug][gc,phases      ] GC(64)   StringDedup Requests0 Weak     Min:  0.0, Avg:  0.0, Max:  0.0, Diff:  0.0, Sum:  0.0, Workers: 4
[2266.586s][debug][gc,phases      ] GC(64)     Dead                           Min: 0, Avg:  0.0, Max: 0, Diff: 0, Sum: 0, Workers: 4
[2266.586s][debug][gc,phases      ] GC(64)     Total                          Min: 0, Avg:  0.0, Max: 0, Diff: 0, Sum: 0, Workers: 4
[2266.586s][debug][gc,phases      ] GC(64)   StringDedup Requests1 Weak     Min:  0.0, Avg:  0.0, Max:  0.0, Diff:  0.0, Sum:  0.0, Workers: 4
[2266.586s][debug][gc,phases      ] GC(64)     Dead                           Min: 0, Avg:  0.0, Max: 0, Diff: 0, Sum: 0, Workers: 4
[2266.586s][debug][gc,phases      ] GC(64)     Total                          Min: 0, Avg:  0.0, Max: 0, Diff: 0, Sum: 0, Workers: 4
[2266.586s][debug][gc,phases      ] GC(64)   Weak JFR Old Object Samples    Min:  0.0, Avg:  0.0, Max:  0.0, Diff:  0.0, Sum:  0.0, Workers: 4
[2266.586s][debug][gc,phases      ] GC(64)     Dead                           Min: 0, Avg:  0.0, Max: 0, Diff: 0, Sum: 0, Workers: 4
[2266.586s][debug][gc,phases      ] GC(64)     Total                          Min: 0, Avg:  0.0, Max: 0, Diff: 0, Sum: 0, Workers: 4
[2266.586s][debug][gc,phases      ] GC(64) Weak Processing 0.374ms
[2266.586s][debug][gc,age         ] GC(64) Desired survivor size 62914560 bytes, new threshold 15 (max threshold 15)
[2266.586s][info ][gc,heap        ] GC(64) PSYoungGen: 1956256K(2022400K)->4128K(2035712K) Eden: 1952256K(1952256K)->0K(1969664K) From: 4000K(70144K)->4128K(66048K)
[2266.586s][info ][gc,heap        ] GC(64) ParOldGen: 451138K(532992K)->451146K(532992K)
[2266.586s][info ][gc,metaspace   ] GC(64) Metaspace: 81480K(82624K)->81480K(82624K) NonClass: 69950K(70592K)->69950K(70592K) Class: 11530K(12032K)->11530K(12032K)
[2266.586s][info ][gc             ] GC(64) Pause Young (Allocation Failure) 2350M->444M(2508M) 5.801ms
[2266.586s][info ][gc,cpu         ] GC(64) User=0.01s Sys=0.00s Real=0.00s
[2266.586s][info ][safepoint      ] Safepoint "ParallelGCFailedAllocation", Time since last: 732194881 ns, Reaching safepoint: 48501 ns, At safepoint: 5881349 ns, Total: 5929850 ns
[2273.587s][info ][safepoint      ] Safepoint "Cleanup", Time since last: 7000564940 ns, Reaching safepoint: 120603 ns, At safepoint: 7100 ns, Total: 127703 ns
[2286.589s][info ][safepoint      ] Safepoint "Cleanup", Time since last: 13001563752 ns, Reaching safepoint: 121803 ns, At safepoint: 8400 ns, Total: 130203 ns
[2293.589s][info ][safepoint      ] Safepoint "Cleanup", Time since last: 7000581951 ns, Reaching safepoint: 117303 ns, At safepoint: 8400 ns, Total: 125703 ns
[2297.590s][info ][safepoint      ] Safepoint "Cleanup", Time since last: 4000341041 ns, Reaching safepoint: 50901 ns, At safepoint: 2300 ns, Total: 53201 ns
[2309.591s][info ][safepoint      ] Safepoint "Cleanup", Time since last: 12000840890 ns, Reaching safepoint: 51301 ns, At safepoint: 2300 ns, Total: 53601 ns
[2317.591s][info ][safepoint      ] Safepoint "Cleanup", Time since last: 8000564830 ns, Reaching safepoint: 53602 ns, At safepoint: 8700 ns, Total: 62302 ns
[2328.082s][info ][gc,start       ] GC(65) Pause Young (Allocation Failure)
[2328.086s][debug][gc,phases      ] GC(65) Scavenge 4.248ms
[2328.086s][debug][gc,ref         ] GC(65) Skipped phase 1 of Reference Processing: no references
[2328.086s][debug][gc,ref         ] GC(65) ReferenceProcessor::execute queues: 1, RefProcThreadModel::Single, marks_oops_alive: false
[2328.086s][debug][gc,ref         ] GC(65) Skipped phase 3 of Reference Processing: no references
[2328.086s][debug][gc,ref         ] GC(65) ReferenceProcessor::execute queues: 1, RefProcThreadModel::Single, marks_oops_alive: false
[2328.086s][debug][gc,phases      ] GC(65) Reference Processing 0.111ms
[2328.087s][debug][gc,phases      ] GC(65)   VM Weak                        Min:  0.0, Avg:  0.0, Max:  0.0, Diff:  0.0, Sum:  0.0, Workers: 4
[2328.087s][debug][gc,phases      ] GC(65)     Dead                           Min: 0, Avg:  0.0, Max: 0, Diff: 0, Sum: 0, Workers: 4
[2328.087s][debug][gc,phases      ] GC(65)     Total                          Min: 0, Avg: 224.2, Max: 577, Diff: 577, Sum: 897, Workers: 4
[2328.087s][debug][gc,phases      ] GC(65)   ObjectSynchronizer Weak        Min:  0.0, Avg:  0.0, Max:  0.0, Diff:  0.0, Sum:  0.0, Workers: 4
[2328.087s][debug][gc,phases      ] GC(65)     Dead                           Min: 0, Avg:  0.0, Max: 0, Diff: 0, Sum: 0, Workers: 4
[2328.087s][debug][gc,phases      ] GC(65)     Total                          Min: 0, Avg:  7.5, Max: 30, Diff: 30, Sum: 30, Workers: 4
[2328.087s][debug][gc,phases      ] GC(65)   JVMTI Tag Weak OopStorage      Min:  0.0, Avg:  0.0, Max:  0.0, Diff:  0.0, Sum:  0.0, Workers: 4
[2328.087s][debug][gc,phases      ] GC(65)     Dead                           Min: 0, Avg:  0.0, Max: 0, Diff: 0, Sum: 0, Workers: 4
[2328.087s][debug][gc,phases      ] GC(65)     Total                          Min: 0, Avg:  0.0, Max: 0, Diff: 0, Sum: 0, Workers: 4
[2328.087s][debug][gc,phases      ] GC(65)   StringTable Weak               Min:  0.0, Avg:  0.1, Max:  0.2, Diff:  0.2, Sum:  0.4, Workers: 4
[2328.087s][debug][gc,phases      ] GC(65)     Dead                           Min: 0, Avg:  0.0, Max: 0, Diff: 0, Sum: 0, Workers: 4
[2328.087s][debug][gc,phases      ] GC(65)     Total                          Min: 0, Avg: 10786.8, Max: 23051, Diff: 23051, Sum: 43147, Workers: 4
[2328.087s][debug][gc,phases      ] GC(65)   ResolvedMethodTable Weak       Min:  0.0, Avg:  0.0, Max:  0.0, Diff:  0.0, Sum:  0.1, Workers: 4
[2328.087s][debug][gc,phases      ] GC(65)     Dead                           Min: 0, Avg:  0.0, Max: 0, Diff: 0, Sum: 0, Workers: 4
[2328.087s][debug][gc,phases      ] GC(65)     Total                          Min: 0, Avg: 2319.0, Max: 5052, Diff: 5052, Sum: 9276, Workers: 4
[2328.087s][debug][gc,phases      ] GC(65)   JNI Weak                       Min:  0.0, Avg:  0.0, Max:  0.0, Diff:  0.0, Sum:  0.0, Workers: 4
[2328.087s][debug][gc,phases      ] GC(65)     Dead                           Min: 0, Avg:  0.0, Max: 0, Diff: 0, Sum: 0, Workers: 4
[2328.087s][debug][gc,phases      ] GC(65)     Total                          Min: 0, Avg: 11.2, Max: 45, Diff: 45, Sum: 45, Workers: 4
[2328.087s][debug][gc,phases      ] GC(65)   StringDedup Table Weak         Min:  0.0, Avg:  0.0, Max:  0.0, Diff:  0.0, Sum:  0.0, Workers: 4
[2328.087s][debug][gc,phases      ] GC(65)     Dead                           Min: 0, Avg:  0.0, Max: 0, Diff: 0, Sum: 0, Workers: 4
[2328.087s][debug][gc,phases      ] GC(65)     Total                          Min: 0, Avg:  0.0, Max: 0, Diff: 0, Sum: 0, Workers: 4
[2328.087s][debug][gc,phases      ] GC(65)   StringDedup Requests0 Weak     Min:  0.0, Avg:  0.0, Max:  0.0, Diff:  0.0, Sum:  0.0, Workers: 4
[2328.087s][debug][gc,phases      ] GC(65)     Dead                           Min: 0, Avg:  0.0, Max: 0, Diff: 0, Sum: 0, Workers: 4
[2328.087s][debug][gc,phases      ] GC(65)     Total                          Min: 0, Avg:  0.0, Max: 0, Diff: 0, Sum: 0, Workers: 4
[2328.087s][debug][gc,phases      ] GC(65)   StringDedup Requests1 Weak     Min:  0.0, Avg:  0.0, Max:  0.0, Diff:  0.0, Sum:  0.0, Workers: 4
[2328.087s][debug][gc,phases      ] GC(65)     Dead                           Min: 0, Avg:  0.0, Max: 0, Diff: 0, Sum: 0, Workers: 4
[2328.087s][debug][gc,phases      ] GC(65)     Total                          Min: 0, Avg:  0.0, Max: 0, Diff: 0, Sum: 0, Workers: 4
[2328.087s][debug][gc,phases      ] GC(65)   Weak JFR Old Object Samples    Min:  0.0, Avg:  0.0, Max:  0.0, Diff:  0.0, Sum:  0.0, Workers: 4
[2328.087s][debug][gc,phases      ] GC(65)     Dead                           Min: 0, Avg:  0.0, Max: 0, Diff: 0, Sum: 0, Workers: 4
[2328.087s][debug][gc,phases      ] GC(65)     Total                          Min: 0, Avg:  0.0, Max: 0, Diff: 0, Sum: 0, Workers: 4
[2328.087s][debug][gc,phases      ] GC(65) Weak Processing 0.431ms
[2328.087s][debug][gc,age         ] GC(65) Desired survivor size 59244544 bytes, new threshold 15 (max threshold 15)
[2328.087s][info ][gc,heap        ] GC(65) PSYoungGen: 1973792K(2035712K)->3712K(2031104K) Eden: 1969664K(1969664K)->0K(1969664K) From: 4128K(66048K)->3712K(61440K)
[2328.087s][info ][gc,heap        ] GC(65) ParOldGen: 451146K(532992K)->451178K(532992K)
[2328.087s][info ][gc,metaspace   ] GC(65) Metaspace: 81493K(82624K)->81493K(82624K) NonClass: 69963K(70592K)->69963K(70592K) Class: 11530K(12032K)->11530K(12032K)
[2328.087s][info ][gc             ] GC(65) Pause Young (Allocation Failure) 2368M->444M(2504M) 4.927ms
[2328.087s][info ][gc,cpu         ] GC(65) User=0.01s Sys=0.00s Real=0.00s
[2328.087s][info ][safepoint      ] Safepoint "ParallelGCFailedAllocation", Time since last: 10490466248 ns, Reaching safepoint: 116303 ns, At safepoint: 5008232 ns, Total: 5124535 ns
[2332.087s][info ][safepoint      ] Safepoint "Cleanup", Time since last: 4000338068 ns, Reaching safepoint: 49401 ns, At safepoint: 35401 ns, Total: 84802 ns
[2340.088s][info ][safepoint      ] Safepoint "Cleanup", Time since last: 8000645576 ns, Reaching safepoint: 40101 ns, At safepoint: 3100 ns, Total: 43201 ns
[2355.091s][info ][safepoint      ] Safepoint "Cleanup", Time since last: 15002697262 ns, Reaching safepoint: 97203 ns, At safepoint: 6900 ns, Total: 104103 ns
[2361.091s][info ][safepoint      ] Safepoint "Cleanup", Time since last: 6000494236 ns, Reaching safepoint: 43901 ns, At safepoint: 2600 ns, Total: 46501 ns
[2368.092s][info ][safepoint      ] Safepoint "Cleanup", Time since last: 7000546584 ns, Reaching safepoint: 50901 ns, At safepoint: 34801 ns, Total: 85702 ns
[2371.093s][info ][safepoint      ] Safepoint "Cleanup", Time since last: 3000218215 ns, Reaching safepoint: 618115 ns, At safepoint: 8500 ns, Total: 626615 ns
[2372.093s][info ][safepoint      ] Safepoint "Cleanup", Time since last: 1000137307 ns, Reaching safepoint: 64801 ns, At safepoint: 3501 ns, Total: 68302 ns
[2385.094s][info ][safepoint      ] Safepoint "Cleanup", Time since last: 13001004292 ns, Reaching safepoint: 44801 ns, At safepoint: 2800 ns, Total: 47601 ns
[2394.387s][info ][safepoint      ] Safepoint "Cleanup", Time since last: 9292633656 ns, Reaching safepoint: 144203 ns, At safepoint: 8601 ns, Total: 152804 ns
[2397.633s][info ][gc,start       ] GC(66) Pause Young (Allocation Failure)
[2397.637s][debug][gc,phases      ] GC(66) Scavenge 3.710ms
[2397.637s][debug][gc,ref         ] GC(66) Skipped phase 1 of Reference Processing: no references
[2397.637s][debug][gc,ref         ] GC(66) ReferenceProcessor::execute queues: 1, RefProcThreadModel::Single, marks_oops_alive: false
[2397.637s][debug][gc,ref         ] GC(66) Skipped phase 3 of Reference Processing: no references
[2397.637s][debug][gc,ref         ] GC(66) ReferenceProcessor::execute queues: 1, RefProcThreadModel::Single, marks_oops_alive: false
[2397.637s][debug][gc,phases      ] GC(66) Reference Processing 0.134ms
[2397.637s][debug][gc,phases      ] GC(66)   VM Weak                        Min:  0.0, Avg:  0.0, Max:  0.0, Diff:  0.0, Sum:  0.0, Workers: 4
[2397.637s][debug][gc,phases      ] GC(66)     Dead                           Min: 0, Avg:  0.0, Max: 0, Diff: 0, Sum: 0, Workers: 4
[2397.637s][debug][gc,phases      ] GC(66)     Total                          Min: 0, Avg: 224.2, Max: 512, Diff: 512, Sum: 897, Workers: 4
[2397.637s][debug][gc,phases      ] GC(66)   ObjectSynchronizer Weak        Min:  0.0, Avg:  0.0, Max:  0.0, Diff:  0.0, Sum:  0.0, Workers: 4
[2397.637s][debug][gc,phases      ] GC(66)     Dead                           Min: 0, Avg:  0.0, Max: 0, Diff: 0, Sum: 0, Workers: 4
[2397.637s][debug][gc,phases      ] GC(66)     Total                          Min: 0, Avg:  7.5, Max: 30, Diff: 30, Sum: 30, Workers: 4
[2397.637s][debug][gc,phases      ] GC(66)   JVMTI Tag Weak OopStorage      Min:  0.0, Avg:  0.0, Max:  0.0, Diff:  0.0, Sum:  0.0, Workers: 4
[2397.637s][debug][gc,phases      ] GC(66)     Dead                           Min: 0, Avg:  0.0, Max: 0, Diff: 0, Sum: 0, Workers: 4
[2397.637s][debug][gc,phases      ] GC(66)     Total                          Min: 0, Avg:  0.0, Max: 0, Diff: 0, Sum: 0, Workers: 4
[2397.637s][debug][gc,phases      ] GC(66)   StringTable Weak               Min:  0.0, Avg:  0.1, Max:  0.2, Diff:  0.2, Sum:  0.4, Workers: 4
[2397.637s][debug][gc,phases      ] GC(66)     Dead                           Min: 0, Avg:  0.0, Max: 0, Diff: 0, Sum: 0, Workers: 4
[2397.637s][debug][gc,phases      ] GC(66)     Total                          Min: 0, Avg: 10787.0, Max: 22412, Diff: 22412, Sum: 43148, Workers: 4
[2397.637s][debug][gc,phases      ] GC(66)   ResolvedMethodTable Weak       Min:  0.0, Avg:  0.0, Max:  0.0, Diff:  0.0, Sum:  0.1, Workers: 4
[2397.637s][debug][gc,phases      ] GC(66)     Dead                           Min: 0, Avg:  0.0, Max: 0, Diff: 0, Sum: 0, Workers: 4
[2397.637s][debug][gc,phases      ] GC(66)     Total                          Min: 0, Avg: 2319.0, Max: 4800, Diff: 4800, Sum: 9276, Workers: 4
[2397.637s][debug][gc,phases      ] GC(66)   JNI Weak                       Min:  0.0, Avg:  0.0, Max:  0.0, Diff:  0.0, Sum:  0.0, Workers: 4
[2397.637s][debug][gc,phases      ] GC(66)     Dead                           Min: 0, Avg:  0.0, Max: 0, Diff: 0, Sum: 0, Workers: 4
[2397.638s][debug][gc,phases      ] GC(66)     Total                          Min: 0, Avg: 11.2, Max: 45, Diff: 45, Sum: 45, Workers: 4
[2397.638s][debug][gc,phases      ] GC(66)   StringDedup Table Weak         Min:  0.0, Avg:  0.0, Max:  0.0, Diff:  0.0, Sum:  0.0, Workers: 4
[2397.638s][debug][gc,phases      ] GC(66)     Dead                           Min: 0, Avg:  0.0, Max: 0, Diff: 0, Sum: 0, Workers: 4
[2397.638s][debug][gc,phases      ] GC(66)     Total                          Min: 0, Avg:  0.0, Max: 0, Diff: 0, Sum: 0, Workers: 4
[2397.638s][debug][gc,phases      ] GC(66)   StringDedup Requests0 Weak     Min:  0.0, Avg:  0.0, Max:  0.0, Diff:  0.0, Sum:  0.0, Workers: 4
[2397.638s][debug][gc,phases      ] GC(66)     Dead                           Min: 0, Avg:  0.0, Max: 0, Diff: 0, Sum: 0, Workers: 4
[2397.638s][debug][gc,phases      ] GC(66)     Total                          Min: 0, Avg:  0.0, Max: 0, Diff: 0, Sum: 0, Workers: 4
[2397.638s][debug][gc,phases      ] GC(66)   StringDedup Requests1 Weak     Min:  0.0, Avg:  0.0, Max:  0.0, Diff:  0.0, Sum:  0.0, Workers: 4
[2397.638s][debug][gc,phases      ] GC(66)     Dead                           Min: 0, Avg:  0.0, Max: 0, Diff: 0, Sum: 0, Workers: 4
[2397.638s][debug][gc,phases      ] GC(66)     Total                          Min: 0, Avg:  0.0, Max: 0, Diff: 0, Sum: 0, Workers: 4
[2397.638s][debug][gc,phases      ] GC(66)   Weak JFR Old Object Samples    Min:  0.0, Avg:  0.0, Max:  0.0, Diff:  0.0, Sum:  0.0, Workers: 4
[2397.638s][debug][gc,phases      ] GC(66)     Dead                           Min: 0, Avg:  0.0, Max: 0, Diff: 0, Sum: 0, Workers: 4
[2397.638s][debug][gc,phases      ] GC(66)     Total                          Min: 0, Avg:  0.0, Max: 0, Diff: 0, Sum: 0, Workers: 4
[2397.638s][debug][gc,phases      ] GC(66) Weak Processing 0.487ms
[2397.638s][debug][gc,age         ] GC(66) Desired survivor size 55050240 bytes, new threshold 15 (max threshold 15)
[2397.638s][info ][gc,heap        ] GC(66) PSYoungGen: 1973376K(2031104K)->3296K(2043392K) Eden: 1969664K(1969664K)->0K(1985536K) From: 3712K(61440K)->3296K(57856K)
[2397.638s][info ][gc,heap        ] GC(66) ParOldGen: 451178K(532992K)->451194K(532992K)
[2397.638s][info ][gc,metaspace   ] GC(66) Metaspace: 81499K(82624K)->81499K(82624K) NonClass: 69968K(70592K)->69968K(70592K) Class: 11530K(12032K)->11530K(12032K)
[2397.638s][info ][gc             ] GC(66) Pause Young (Allocation Failure) 2367M->443M(2516M) 4.518ms
[2397.638s][info ][gc,cpu         ] GC(66) User=0.01s Sys=0.00s Real=0.00s
[2397.638s][info ][safepoint      ] Safepoint "ParallelGCFailedAllocation", Time since last: 3246311122 ns, Reaching safepoint: 36101 ns, At safepoint: 4628813 ns, Total: 4664914 ns
[2428.640s][info ][safepoint      ] Safepoint "Cleanup", Time since last: 31002306305 ns, Reaching safepoint: 128903 ns, At safepoint: 5200 ns, Total: 134103 ns
[2468.185s][info ][gc,start       ] GC(67) Pause Young (Allocation Failure)
[2468.189s][debug][gc,phases      ] GC(67) Scavenge 3.871ms
[2468.189s][debug][gc,ref         ] GC(67) Skipped phase 1 of Reference Processing: no references
[2468.189s][debug][gc,ref         ] GC(67) ReferenceProcessor::execute queues: 1, RefProcThreadModel::Single, marks_oops_alive: false
[2468.189s][debug][gc,ref         ] GC(67) Skipped phase 3 of Reference Processing: no references
[2468.189s][debug][gc,ref         ] GC(67) ReferenceProcessor::execute queues: 1, RefProcThreadModel::Single, marks_oops_alive: false
[2468.189s][debug][gc,phases      ] GC(67) Reference Processing 0.140ms
[2468.189s][debug][gc,phases      ] GC(67)   VM Weak                        Min:  0.0, Avg:  0.0, Max:  0.0, Diff:  0.0, Sum:  0.0, Workers: 4
[2468.189s][debug][gc,phases      ] GC(67)     Dead                           Min: 0, Avg:  0.0, Max: 0, Diff: 0, Sum: 0, Workers: 4
[2468.189s][debug][gc,phases      ] GC(67)     Total                          Min: 0, Avg: 224.2, Max: 577, Diff: 577, Sum: 897, Workers: 4
[2468.189s][debug][gc,phases      ] GC(67)   ObjectSynchronizer Weak        Min:  0.0, Avg:  0.0, Max:  0.0, Diff:  0.0, Sum:  0.0, Workers: 4
[2468.189s][debug][gc,phases      ] GC(67)     Dead                           Min: 0, Avg:  0.0, Max: 0, Diff: 0, Sum: 0, Workers: 4
[2468.189s][debug][gc,phases      ] GC(67)     Total                          Min: 0, Avg:  7.5, Max: 30, Diff: 30, Sum: 30, Workers: 4
[2468.189s][debug][gc,phases      ] GC(67)   JVMTI Tag Weak OopStorage      Min:  0.0, Avg:  0.0, Max:  0.0, Diff:  0.0, Sum:  0.0, Workers: 4
[2468.189s][debug][gc,phases      ] GC(67)     Dead                           Min: 0, Avg:  0.0, Max: 0, Diff: 0, Sum: 0, Workers: 4
[2468.189s][debug][gc,phases      ] GC(67)     Total                          Min: 0, Avg:  0.0, Max: 0, Diff: 0, Sum: 0, Workers: 4
[2468.189s][debug][gc,phases      ] GC(67)   StringTable Weak               Min:  0.0, Avg:  0.1, Max:  0.1, Diff:  0.1, Sum:  0.4, Workers: 4
[2468.189s][debug][gc,phases      ] GC(67)     Dead                           Min: 0, Avg:  0.0, Max: 0, Diff: 0, Sum: 0, Workers: 4
[2468.189s][debug][gc,phases      ] GC(67)     Total                          Min: 0, Avg: 10789.2, Max: 15509, Diff: 15509, Sum: 43157, Workers: 4
[2468.189s][debug][gc,phases      ] GC(67)   ResolvedMethodTable Weak       Min:  0.0, Avg:  0.0, Max:  0.0, Diff:  0.0, Sum:  0.1, Workers: 4
[2468.189s][debug][gc,phases      ] GC(67)     Dead                           Min: 0, Avg:  0.0, Max: 0, Diff: 0, Sum: 0, Workers: 4
[2468.189s][debug][gc,phases      ] GC(67)     Total                          Min: 0, Avg: 2319.0, Max: 3136, Diff: 3136, Sum: 9276, Workers: 4
[2468.189s][debug][gc,phases      ] GC(67)   JNI Weak                       Min:  0.0, Avg:  0.0, Max:  0.0, Diff:  0.0, Sum:  0.0, Workers: 4
[2468.189s][debug][gc,phases      ] GC(67)     Dead                           Min: 0, Avg:  0.0, Max: 0, Diff: 0, Sum: 0, Workers: 4
[2468.189s][debug][gc,phases      ] GC(67)     Total                          Min: 0, Avg: 11.2, Max: 45, Diff: 45, Sum: 45, Workers: 4
[2468.189s][debug][gc,phases      ] GC(67)   StringDedup Table Weak         Min:  0.0, Avg:  0.0, Max:  0.0, Diff:  0.0, Sum:  0.0, Workers: 4
[2468.189s][debug][gc,phases      ] GC(67)     Dead                           Min: 0, Avg:  0.0, Max: 0, Diff: 0, Sum: 0, Workers: 4
[2468.189s][debug][gc,phases      ] GC(67)     Total                          Min: 0, Avg:  0.0, Max: 0, Diff: 0, Sum: 0, Workers: 4
[2468.189s][debug][gc,phases      ] GC(67)   StringDedup Requests0 Weak     Min:  0.0, Avg:  0.0, Max:  0.0, Diff:  0.0, Sum:  0.0, Workers: 4
[2468.189s][debug][gc,phases      ] GC(67)     Dead                           Min: 0, Avg:  0.0, Max: 0, Diff: 0, Sum: 0, Workers: 4
[2468.189s][debug][gc,phases      ] GC(67)     Total                          Min: 0, Avg:  0.0, Max: 0, Diff: 0, Sum: 0, Workers: 4
[2468.190s][debug][gc,phases      ] GC(67)   StringDedup Requests1 Weak     Min:  0.0, Avg:  0.0, Max:  0.0, Diff:  0.0, Sum:  0.0, Workers: 4
[2468.190s][debug][gc,phases      ] GC(67)     Dead                           Min: 0, Avg:  0.0, Max: 0, Diff: 0, Sum: 0, Workers: 4
[2468.190s][debug][gc,phases      ] GC(67)     Total                          Min: 0, Avg:  0.0, Max: 0, Diff: 0, Sum: 0, Workers: 4
[2468.190s][debug][gc,phases      ] GC(67)   Weak JFR Old Object Samples    Min:  0.0, Avg:  0.0, Max:  0.0, Diff:  0.0, Sum:  0.0, Workers: 4
[2468.190s][debug][gc,phases      ] GC(67)     Dead                           Min: 0, Avg:  0.0, Max: 0, Diff: 0, Sum: 0, Workers: 4
[2468.190s][debug][gc,phases      ] GC(67)     Total                          Min: 0, Avg:  0.0, Max: 0, Diff: 0, Sum: 0, Workers: 4
[2468.190s][debug][gc,phases      ] GC(67) Weak Processing 0.420ms
[2468.190s][debug][gc,age         ] GC(67) Desired survivor size 51380224 bytes, new threshold 15 (max threshold 15)
[2468.190s][info ][gc,heap        ] GC(67) PSYoungGen: 1988832K(2043392K)->4032K(2039296K) Eden: 1985536K(1985536K)->0K(1985536K) From: 3296K(57856K)->4032K(53760K)
[2468.190s][info ][gc,heap        ] GC(67) ParOldGen: 451194K(532992K)->451218K(532992K)
[2468.190s][info ][gc,metaspace   ] GC(67) Metaspace: 81507K(82624K)->81507K(82624K) NonClass: 69977K(70592K)->69977K(70592K) Class: 11530K(12032K)->11530K(12032K)
[2468.190s][info ][gc             ] GC(67) Pause Young (Allocation Failure) 2382M->444M(2512M) 4.608ms
[2468.190s][info ][gc,cpu         ] GC(67) User=0.01s Sys=0.00s Real=0.00s
[2468.190s][info ][safepoint      ] Safepoint "ParallelGCFailedAllocation", Time since last: 39544748619 ns, Reaching safepoint: 62301 ns, At safepoint: 4694309 ns, Total: 4756610 ns
[2478.191s][info ][safepoint      ] Safepoint "Cleanup", Time since last: 10000795055 ns, Reaching safepoint: 124302 ns, At safepoint: 5301 ns, Total: 129603 ns
[2505.193s][info ][safepoint      ] Safepoint "Cleanup", Time since last: 27002053278 ns, Reaching safepoint: 50801 ns, At safepoint: 2400 ns, Total: 53201 ns
[2526.882s][info ][gc,start       ] GC(68) Pause Young (Allocation Failure)
[2526.886s][debug][gc,phases      ] GC(68) Scavenge 4.010ms
[2526.886s][debug][gc,ref         ] GC(68) Skipped phase 1 of Reference Processing: no references
[2526.886s][debug][gc,ref         ] GC(68) ReferenceProcessor::execute queues: 1, RefProcThreadModel::Single, marks_oops_alive: false
[2526.886s][debug][gc,ref         ] GC(68) Skipped phase 3 of Reference Processing: no references
[2526.886s][debug][gc,ref         ] GC(68) ReferenceProcessor::execute queues: 1, RefProcThreadModel::Single, marks_oops_alive: false
[2526.886s][debug][gc,phases      ] GC(68) Reference Processing 0.131ms
[2526.886s][debug][gc,phases      ] GC(68)   VM Weak                        Min:  0.0, Avg:  0.0, Max:  0.0, Diff:  0.0, Sum:  0.0, Workers: 4
[2526.886s][debug][gc,phases      ] GC(68)     Dead                           Min: 0, Avg:  0.0, Max: 0, Diff: 0, Sum: 0, Workers: 4
[2526.886s][debug][gc,phases      ] GC(68)     Total                          Min: 0, Avg: 224.2, Max: 769, Diff: 769, Sum: 897, Workers: 4
[2526.886s][debug][gc,phases      ] GC(68)   ObjectSynchronizer Weak        Min:  0.0, Avg:  0.0, Max:  0.0, Diff:  0.0, Sum:  0.0, Workers: 4
[2526.886s][debug][gc,phases      ] GC(68)     Dead                           Min: 0, Avg:  0.0, Max: 0, Diff: 0, Sum: 0, Workers: 4
[2526.886s][debug][gc,phases      ] GC(68)     Total                          Min: 0, Avg:  7.5, Max: 30, Diff: 30, Sum: 30, Workers: 4
[2526.886s][debug][gc,phases      ] GC(68)   JVMTI Tag Weak OopStorage      Min:  0.0, Avg:  0.0, Max:  0.0, Diff:  0.0, Sum:  0.0, Workers: 4
[2526.886s][debug][gc,phases      ] GC(68)     Dead                           Min: 0, Avg:  0.0, Max: 0, Diff: 0, Sum: 0, Workers: 4
[2526.886s][debug][gc,phases      ] GC(68)     Total                          Min: 0, Avg:  0.0, Max: 0, Diff: 0, Sum: 0, Workers: 4
[2526.886s][debug][gc,phases      ] GC(68)   StringTable Weak               Min:  0.0, Avg:  0.1, Max:  0.2, Diff:  0.2, Sum:  0.4, Workers: 4
[2526.886s][debug][gc,phases      ] GC(68)     Dead                           Min: 0, Avg:  0.0, Max: 0, Diff: 0, Sum: 0, Workers: 4
[2526.886s][debug][gc,phases      ] GC(68)     Total                          Min: 0, Avg: 10789.2, Max: 22293, Diff: 22293, Sum: 43157, Workers: 4
[2526.886s][debug][gc,phases      ] GC(68)   ResolvedMethodTable Weak       Min:  0.0, Avg:  0.0, Max:  0.0, Diff:  0.0, Sum:  0.1, Workers: 4
[2526.886s][debug][gc,phases      ] GC(68)     Dead                           Min: 0, Avg:  0.0, Max: 0, Diff: 0, Sum: 0, Workers: 4
[2526.886s][debug][gc,phases      ] GC(68)     Total                          Min: 0, Avg: 2319.0, Max: 5052, Diff: 5052, Sum: 9276, Workers: 4
[2526.886s][debug][gc,phases      ] GC(68)   JNI Weak                       Min:  0.0, Avg:  0.0, Max:  0.0, Diff:  0.0, Sum:  0.0, Workers: 4
[2526.886s][debug][gc,phases      ] GC(68)     Dead                           Min: 0, Avg:  0.0, Max: 0, Diff: 0, Sum: 0, Workers: 4
[2526.886s][debug][gc,phases      ] GC(68)     Total                          Min: 0, Avg: 11.2, Max: 45, Diff: 45, Sum: 45, Workers: 4
[2526.886s][debug][gc,phases      ] GC(68)   StringDedup Table Weak         Min:  0.0, Avg:  0.0, Max:  0.0, Diff:  0.0, Sum:  0.0, Workers: 4
[2526.886s][debug][gc,phases      ] GC(68)     Dead                           Min: 0, Avg:  0.0, Max: 0, Diff: 0, Sum: 0, Workers: 4
[2526.886s][debug][gc,phases      ] GC(68)     Total                          Min: 0, Avg:  0.0, Max: 0, Diff: 0, Sum: 0, Workers: 4
[2526.886s][debug][gc,phases      ] GC(68)   StringDedup Requests0 Weak     Min:  0.0, Avg:  0.0, Max:  0.0, Diff:  0.0, Sum:  0.0, Workers: 4
[2526.886s][debug][gc,phases      ] GC(68)     Dead                           Min: 0, Avg:  0.0, Max: 0, Diff: 0, Sum: 0, Workers: 4
[2526.886s][debug][gc,phases      ] GC(68)     Total                          Min: 0, Avg:  0.0, Max: 0, Diff: 0, Sum: 0, Workers: 4
[2526.886s][debug][gc,phases      ] GC(68)   StringDedup Requests1 Weak     Min:  0.0, Avg:  0.0, Max:  0.0, Diff:  0.0, Sum:  0.0, Workers: 4
[2526.886s][debug][gc,phases      ] GC(68)     Dead                           Min: 0, Avg:  0.0, Max: 0, Diff: 0, Sum: 0, Workers: 4
[2526.886s][debug][gc,phases      ] GC(68)     Total                          Min: 0, Avg:  0.0, Max: 0, Diff: 0, Sum: 0, Workers: 4
[2526.886s][debug][gc,phases      ] GC(68)   Weak JFR Old Object Samples    Min:  0.0, Avg:  0.0, Max:  0.0, Diff:  0.0, Sum:  0.0, Workers: 4
[2526.886s][debug][gc,phases      ] GC(68)     Dead                           Min: 0, Avg:  0.0, Max: 0, Diff: 0, Sum: 0, Workers: 4
[2526.886s][debug][gc,phases      ] GC(68)     Total                          Min: 0, Avg:  0.0, Max: 0, Diff: 0, Sum: 0, Workers: 4
[2526.886s][debug][gc,phases      ] GC(68) Weak Processing 0.454ms
[2526.886s][debug][gc,age         ] GC(68) Desired survivor size 48234496 bytes, new threshold 15 (max threshold 15)
[2526.886s][info ][gc,heap        ] GC(68) PSYoungGen: 1989568K(2039296K)->4192K(2050048K) Eden: 1985536K(1985536K)->0K(1999872K) From: 4032K(53760K)->4192K(50176K)
[2526.886s][info ][gc,heap        ] GC(68) ParOldGen: 451218K(532992K)->451242K(532992K)
[2526.886s][info ][gc,metaspace   ] GC(68) Metaspace: 81507K(82624K)->81507K(82624K) NonClass: 69977K(70592K)->69977K(70592K) Class: 11530K(12032K)->11530K(12032K)
[2526.886s][info ][gc             ] GC(68) Pause Young (Allocation Failure) 2383M->444M(2522M) 4.733ms
[2526.886s][info ][gc,cpu         ] GC(68) User=0.02s Sys=0.00s Real=0.00s
[2526.886s][info ][safepoint      ] Safepoint "ParallelGCFailedAllocation", Time since last: 21688866071 ns, Reaching safepoint: 109303 ns, At safepoint: 4842816 ns, Total: 4952119 ns
[2546.895s][info ][safepoint      ] Safepoint "Cleanup", Time since last: 20008155573 ns, Reaching safepoint: 58601 ns, At safepoint: 33801 ns, Total: 92402 ns
[2554.895s][info ][safepoint      ] Safepoint "Cleanup", Time since last: 8000654607 ns, Reaching safepoint: 54701 ns, At safepoint: 2900 ns, Total: 57601 ns
[2562.896s][info ][safepoint      ] Safepoint "Cleanup", Time since last: 8000618310 ns, Reaching safepoint: 111703 ns, At safepoint: 3100 ns, Total: 114803 ns
[2570.897s][info ][safepoint      ] Safepoint "Cleanup", Time since last: 8000659960 ns, Reaching safepoint: 71602 ns, At safepoint: 3600 ns, Total: 75202 ns
[2586.189s][info ][gc,start       ] GC(69) Pause Young (Allocation Failure)
[2586.192s][debug][gc,phases      ] GC(69) Scavenge 3.614ms
[2586.192s][debug][gc,ref         ] GC(69) Skipped phase 1 of Reference Processing: no references
[2586.192s][debug][gc,ref         ] GC(69) ReferenceProcessor::execute queues: 1, RefProcThreadModel::Single, marks_oops_alive: false
[2586.192s][debug][gc,ref         ] GC(69) Skipped phase 3 of Reference Processing: no references
[2586.192s][debug][gc,ref         ] GC(69) ReferenceProcessor::execute queues: 1, RefProcThreadModel::Single, marks_oops_alive: false
[2586.192s][debug][gc,phases      ] GC(69) Reference Processing 0.108ms
[2586.193s][debug][gc,phases      ] GC(69)   VM Weak                        Min:  0.0, Avg:  0.0, Max:  0.0, Diff:  0.0, Sum:  0.0, Workers: 4
[2586.193s][debug][gc,phases      ] GC(69)     Dead                           Min: 0, Avg:  0.0, Max: 0, Diff: 0, Sum: 0, Workers: 4
[2586.193s][debug][gc,phases      ] GC(69)     Total                          Min: 0, Avg: 224.2, Max: 512, Diff: 512, Sum: 897, Workers: 4
[2586.193s][debug][gc,phases      ] GC(69)   ObjectSynchronizer Weak        Min:  0.0, Avg:  0.0, Max:  0.0, Diff:  0.0, Sum:  0.0, Workers: 4
[2586.193s][debug][gc,phases      ] GC(69)     Dead                           Min: 0, Avg:  0.0, Max: 0, Diff: 0, Sum: 0, Workers: 4
[2586.193s][debug][gc,phases      ] GC(69)     Total                          Min: 0, Avg:  7.5, Max: 30, Diff: 30, Sum: 30, Workers: 4
[2586.193s][debug][gc,phases      ] GC(69)   JVMTI Tag Weak OopStorage      Min:  0.0, Avg:  0.0, Max:  0.0, Diff:  0.0, Sum:  0.0, Workers: 4
[2586.193s][debug][gc,phases      ] GC(69)     Dead                           Min: 0, Avg:  0.0, Max: 0, Diff: 0, Sum: 0, Workers: 4
[2586.193s][debug][gc,phases      ] GC(69)     Total                          Min: 0, Avg:  0.0, Max: 0, Diff: 0, Sum: 0, Workers: 4
[2586.193s][debug][gc,phases      ] GC(69)   StringTable Weak               Min:  0.0, Avg:  0.1, Max:  0.2, Diff:  0.2, Sum:  0.3, Workers: 4
[2586.193s][debug][gc,phases      ] GC(69)     Dead                           Min: 0, Avg:  0.0, Max: 0, Diff: 0, Sum: 0, Workers: 4
[2586.193s][debug][gc,phases      ] GC(69)     Total                          Min: 0, Avg: 10789.2, Max: 23893, Diff: 23893, Sum: 43157, Workers: 4
[2586.193s][debug][gc,phases      ] GC(69)   ResolvedMethodTable Weak       Min:  0.0, Avg:  0.0, Max:  0.0, Diff:  0.0, Sum:  0.1, Workers: 4
[2586.193s][debug][gc,phases      ] GC(69)     Dead                           Min: 0, Avg:  0.0, Max: 0, Diff: 0, Sum: 0, Workers: 4
[2586.193s][debug][gc,phases      ] GC(69)     Total                          Min: 0, Avg: 2319.0, Max: 5052, Diff: 5052, Sum: 9276, Workers: 4
[2586.193s][debug][gc,phases      ] GC(69)   JNI Weak                       Min:  0.0, Avg:  0.0, Max:  0.0, Diff:  0.0, Sum:  0.0, Workers: 4
[2586.193s][debug][gc,phases      ] GC(69)     Dead                           Min: 0, Avg:  0.0, Max: 0, Diff: 0, Sum: 0, Workers: 4
[2586.193s][debug][gc,phases      ] GC(69)     Total                          Min: 0, Avg: 11.2, Max: 45, Diff: 45, Sum: 45, Workers: 4
[2586.193s][debug][gc,phases      ] GC(69)   StringDedup Table Weak         Min:  0.0, Avg:  0.0, Max:  0.0, Diff:  0.0, Sum:  0.0, Workers: 4
[2586.193s][debug][gc,phases      ] GC(69)     Dead                           Min: 0, Avg:  0.0, Max: 0, Diff: 0, Sum: 0, Workers: 4
[2586.193s][debug][gc,phases      ] GC(69)     Total                          Min: 0, Avg:  0.0, Max: 0, Diff: 0, Sum: 0, Workers: 4
[2586.193s][debug][gc,phases      ] GC(69)   StringDedup Requests0 Weak     Min:  0.0, Avg:  0.0, Max:  0.0, Diff:  0.0, Sum:  0.0, Workers: 4
[2586.193s][debug][gc,phases      ] GC(69)     Dead                           Min: 0, Avg:  0.0, Max: 0, Diff: 0, Sum: 0, Workers: 4
[2586.193s][debug][gc,phases      ] GC(69)     Total                          Min: 0, Avg:  0.0, Max: 0, Diff: 0, Sum: 0, Workers: 4
[2586.193s][debug][gc,phases      ] GC(69)   StringDedup Requests1 Weak     Min:  0.0, Avg:  0.0, Max:  0.0, Diff:  0.0, Sum:  0.0, Workers: 4
[2586.193s][debug][gc,phases      ] GC(69)     Dead                           Min: 0, Avg:  0.0, Max: 0, Diff: 0, Sum: 0, Workers: 4
[2586.193s][debug][gc,phases      ] GC(69)     Total                          Min: 0, Avg:  0.0, Max: 0, Diff: 0, Sum: 0, Workers: 4
[2586.193s][debug][gc,phases      ] GC(69)   Weak JFR Old Object Samples    Min:  0.0, Avg:  0.0, Max:  0.0, Diff:  0.0, Sum:  0.0, Workers: 4
[2586.193s][debug][gc,phases      ] GC(69)     Dead                           Min: 0, Avg:  0.0, Max: 0, Diff: 0, Sum: 0, Workers: 4
[2586.193s][debug][gc,phases      ] GC(69)     Total                          Min: 0, Avg:  0.0, Max: 0, Diff: 0, Sum: 0, Workers: 4
[2586.193s][debug][gc,phases      ] GC(69) Weak Processing 0.400ms
[2586.193s][debug][gc,age         ] GC(69) Desired survivor size 45088768 bytes, new threshold 15 (max threshold 15)
[2586.193s][info ][gc,heap        ] GC(69) PSYoungGen: 2004064K(2050048K)->3424K(2046976K) Eden: 1999872K(1999872K)->0K(1999872K) From: 4192K(50176K)->3424K(47104K)
[2586.193s][info ][gc,heap        ] GC(69) ParOldGen: 451242K(532992K)->451266K(532992K)
[2586.193s][info ][gc,metaspace   ] GC(69) Metaspace: 81512K(82624K)->81512K(82624K) NonClass: 69982K(70592K)->69982K(70592K) Class: 11530K(12032K)->11530K(12032K)
[2586.193s][info ][gc             ] GC(69) Pause Young (Allocation Failure) 2397M->444M(2519M) 4.262ms
[2586.193s][info ][gc,cpu         ] GC(69) User=0.01s Sys=0.00s Real=0.01s
[2586.193s][info ][safepoint      ] Safepoint "ParallelGCFailedAllocation", Time since last: 15291600924 ns, Reaching safepoint: 41600 ns, At safepoint: 4341098 ns, Total: 4382698 ns
[2588.193s][info ][safepoint      ] Safepoint "Cleanup", Time since last: 2000176213 ns, Reaching safepoint: 58402 ns, At safepoint: 36001 ns, Total: 94403 ns
[2611.195s][info ][safepoint      ] Safepoint "Cleanup", Time since last: 23001795566 ns, Reaching safepoint: 46101 ns, At safepoint: 3400 ns, Total: 49501 ns
[2614.195s][info ][safepoint      ] Safepoint "Cleanup", Time since last: 3000255714 ns, Reaching safepoint: 62801 ns, At safepoint: 3900 ns, Total: 66701 ns
[2658.529s][info ][gc,start       ] GC(70) Pause Young (Allocation Failure)
[2658.536s][debug][gc,phases      ] GC(70) Scavenge 6.521ms
[2658.536s][debug][gc,ref         ] GC(70) Skipped phase 1 of Reference Processing: no references
[2658.536s][debug][gc,ref         ] GC(70) ReferenceProcessor::execute queues: 1, RefProcThreadModel::Single, marks_oops_alive: false
[2658.536s][debug][gc,ref         ] GC(70) Skipped phase 3 of Reference Processing: no references
[2658.536s][debug][gc,ref         ] GC(70) ReferenceProcessor::execute queues: 1, RefProcThreadModel::Single, marks_oops_alive: false
[2658.536s][debug][gc,phases      ] GC(70) Reference Processing 0.122ms
[2658.536s][debug][gc,phases      ] GC(70)   VM Weak                        Min:  0.0, Avg:  0.0, Max:  0.0, Diff:  0.0, Sum:  0.0, Workers: 4
[2658.536s][debug][gc,phases      ] GC(70)     Dead                           Min: 0, Avg:  0.0, Max: 0, Diff: 0, Sum: 0, Workers: 4
[2658.536s][debug][gc,phases      ] GC(70)     Total                          Min: 0, Avg: 224.2, Max: 513, Diff: 513, Sum: 897, Workers: 4
[2658.536s][debug][gc,phases      ] GC(70)   ObjectSynchronizer Weak        Min:  0.0, Avg:  0.0, Max:  0.0, Diff:  0.0, Sum:  0.0, Workers: 4
[2658.536s][debug][gc,phases      ] GC(70)     Dead                           Min: 0, Avg:  0.0, Max: 0, Diff: 0, Sum: 0, Workers: 4
[2658.536s][debug][gc,phases      ] GC(70)     Total                          Min: 0, Avg:  7.5, Max: 30, Diff: 30, Sum: 30, Workers: 4
[2658.536s][debug][gc,phases      ] GC(70)   JVMTI Tag Weak OopStorage      Min:  0.0, Avg:  0.0, Max:  0.0, Diff:  0.0, Sum:  0.0, Workers: 4
[2658.536s][debug][gc,phases      ] GC(70)     Dead                           Min: 0, Avg:  0.0, Max: 0, Diff: 0, Sum: 0, Workers: 4
[2658.536s][debug][gc,phases      ] GC(70)     Total                          Min: 0, Avg:  0.0, Max: 0, Diff: 0, Sum: 0, Workers: 4
[2658.536s][debug][gc,phases      ] GC(70)   StringTable Weak               Min:  0.0, Avg:  0.1, Max:  0.2, Diff:  0.2, Sum:  0.4, Workers: 4
[2658.536s][debug][gc,phases      ] GC(70)     Dead                           Min: 0, Avg:  0.0, Max: 0, Diff: 0, Sum: 0, Workers: 4
[2658.536s][debug][gc,phases      ] GC(70)     Total                          Min: 0, Avg: 10789.2, Max: 22528, Diff: 22528, Sum: 43157, Workers: 4
[2658.536s][debug][gc,phases      ] GC(70)   ResolvedMethodTable Weak       Min:  0.0, Avg:  0.0, Max:  0.0, Diff:  0.0, Sum:  0.1, Workers: 4
[2658.536s][debug][gc,phases      ] GC(70)     Dead                           Min: 0, Avg:  0.0, Max: 0, Diff: 0, Sum: 0, Workers: 4
[2658.536s][debug][gc,phases      ] GC(70)     Total                          Min: 0, Avg: 2319.0, Max: 4988, Diff: 4988, Sum: 9276, Workers: 4
[2658.536s][debug][gc,phases      ] GC(70)   JNI Weak                       Min:  0.0, Avg:  0.0, Max:  0.0, Diff:  0.0, Sum:  0.0, Workers: 4
[2658.536s][debug][gc,phases      ] GC(70)     Dead                           Min: 0, Avg:  0.0, Max: 0, Diff: 0, Sum: 0, Workers: 4
[2658.536s][debug][gc,phases      ] GC(70)     Total                          Min: 0, Avg: 11.2, Max: 45, Diff: 45, Sum: 45, Workers: 4
[2658.536s][debug][gc,phases      ] GC(70)   StringDedup Table Weak         Min:  0.0, Avg:  0.0, Max:  0.0, Diff:  0.0, Sum:  0.0, Workers: 4
[2658.536s][debug][gc,phases      ] GC(70)     Dead                           Min: 0, Avg:  0.0, Max: 0, Diff: 0, Sum: 0, Workers: 4
[2658.536s][debug][gc,phases      ] GC(70)     Total                          Min: 0, Avg:  0.0, Max: 0, Diff: 0, Sum: 0, Workers: 4
[2658.536s][debug][gc,phases      ] GC(70)   StringDedup Requests0 Weak     Min:  0.0, Avg:  0.0, Max:  0.0, Diff:  0.0, Sum:  0.0, Workers: 4
[2658.536s][debug][gc,phases      ] GC(70)     Dead                           Min: 0, Avg:  0.0, Max: 0, Diff: 0, Sum: 0, Workers: 4
[2658.536s][debug][gc,phases      ] GC(70)     Total                          Min: 0, Avg:  0.0, Max: 0, Diff: 0, Sum: 0, Workers: 4
[2658.536s][debug][gc,phases      ] GC(70)   StringDedup Requests1 Weak     Min:  0.0, Avg:  0.0, Max:  0.0, Diff:  0.0, Sum:  0.0, Workers: 4
[2658.536s][debug][gc,phases      ] GC(70)     Dead                           Min: 0, Avg:  0.0, Max: 0, Diff: 0, Sum: 0, Workers: 4
[2658.536s][debug][gc,phases      ] GC(70)     Total                          Min: 0, Avg:  0.0, Max: 0, Diff: 0, Sum: 0, Workers: 4
[2658.536s][debug][gc,phases      ] GC(70)   Weak JFR Old Object Samples    Min:  0.0, Avg:  0.0, Max:  0.0, Diff:  0.0, Sum:  0.0, Workers: 4
[2658.536s][debug][gc,phases      ] GC(70)     Dead                           Min: 0, Avg:  0.0, Max: 0, Diff: 0, Sum: 0, Workers: 4
[2658.536s][debug][gc,phases      ] GC(70)     Total                          Min: 0, Avg:  0.0, Max: 0, Diff: 0, Sum: 0, Workers: 4
[2658.536s][debug][gc,phases      ] GC(70) Weak Processing 0.485ms
[2658.536s][debug][gc,age         ] GC(70) Desired survivor size 41943040 bytes, new threshold 15 (max threshold 15)
[2658.536s][info ][gc,heap        ] GC(70) PSYoungGen: 2003296K(2046976K)->3520K(2056192K) Eden: 1999872K(1999872K)->0K(2012160K) From: 3424K(47104K)->3520K(44032K)
[2658.536s][info ][gc,heap        ] GC(70) ParOldGen: 451266K(532992K)->451290K(532992K)
[2658.536s][info ][gc,metaspace   ] GC(70) Metaspace: 81515K(82624K)->81515K(82624K) NonClass: 69984K(70592K)->69984K(70592K) Class: 11530K(12032K)->11530K(12032K)
[2658.536s][info ][gc             ] GC(70) Pause Young (Allocation Failure) 2397M->444M(2528M) 7.293ms
[2658.536s][info ][gc,cpu         ] GC(70) User=0.01s Sys=0.00s Real=0.01s
[2658.536s][info ][safepoint      ] Safepoint "ParallelGCFailedAllocation", Time since last: 44333708561 ns, Reaching safepoint: 29001 ns, At safepoint: 7404166 ns, Total: 7433167 ns
[2662.537s][info ][safepoint      ] Safepoint "Cleanup", Time since last: 4000323575 ns, Reaching safepoint: 134303 ns, At safepoint: 6100 ns, Total: 140403 ns
[2664.537s][info ][safepoint      ] Safepoint "Cleanup", Time since last: 2000243623 ns, Reaching safepoint: 137103 ns, At safepoint: 5300 ns, Total: 142403 ns
[2671.538s][info ][safepoint      ] Safepoint "Cleanup", Time since last: 7000576584 ns, Reaching safepoint: 117302 ns, At safepoint: 6401 ns, Total: 123703 ns
[2698.293s][info ][safepoint      ] Safepoint "Cleanup", Time since last: 26754773918 ns, Reaching safepoint: 82802 ns, At safepoint: 3600 ns, Total: 86402 ns
[2700.293s][info ][safepoint      ] Safepoint "Cleanup", Time since last: 2000234764 ns, Reaching safepoint: 55801 ns, At safepoint: 2600 ns, Total: 58401 ns
[2703.293s][info ][safepoint      ] Safepoint "Cleanup", Time since last: 3000247540 ns, Reaching safepoint: 48601 ns, At safepoint: 3200 ns, Total: 51801 ns
[2706.294s][info ][safepoint      ] Safepoint "Cleanup", Time since last: 3000257266 ns, Reaching safepoint: 45201 ns, At safepoint: 3200 ns, Total: 48401 ns
[2725.295s][info ][safepoint      ] Safepoint "Cleanup", Time since last: 19001455442 ns, Reaching safepoint: 46101 ns, At safepoint: 2900 ns, Total: 49001 ns
[2727.262s][info ][safepoint      ] Safepoint "Cleanup", Time since last: 1967037283 ns, Reaching safepoint: 57801 ns, At safepoint: 9500 ns, Total: 67301 ns
[2728.379s][info ][gc,start       ] GC(71) Pause Young (Allocation Failure)
[2728.384s][debug][gc,phases      ] GC(71) Scavenge 5.117ms
[2728.384s][debug][gc,ref         ] GC(71) Skipped phase 1 of Reference Processing: no references
[2728.384s][debug][gc,ref         ] GC(71) ReferenceProcessor::execute queues: 1, RefProcThreadModel::Single, marks_oops_alive: false
[2728.384s][debug][gc,ref         ] GC(71) Skipped phase 3 of Reference Processing: no references
[2728.384s][debug][gc,ref         ] GC(71) ReferenceProcessor::execute queues: 1, RefProcThreadModel::Single, marks_oops_alive: false
[2728.384s][debug][gc,phases      ] GC(71) Reference Processing 0.147ms
[2728.384s][debug][gc,phases      ] GC(71)   VM Weak                        Min:  0.0, Avg:  0.0, Max:  0.0, Diff:  0.0, Sum:  0.0, Workers: 4
[2728.384s][debug][gc,phases      ] GC(71)     Dead                           Min: 0, Avg:  0.0, Max: 0, Diff: 0, Sum: 0, Workers: 4
[2728.384s][debug][gc,phases      ] GC(71)     Total                          Min: 0, Avg: 224.2, Max: 513, Diff: 513, Sum: 897, Workers: 4
[2728.384s][debug][gc,phases      ] GC(71)   ObjectSynchronizer Weak        Min:  0.0, Avg:  0.0, Max:  0.0, Diff:  0.0, Sum:  0.0, Workers: 4
[2728.384s][debug][gc,phases      ] GC(71)     Dead                           Min: 0, Avg:  0.0, Max: 0, Diff: 0, Sum: 0, Workers: 4
[2728.384s][debug][gc,phases      ] GC(71)     Total                          Min: 0, Avg:  7.5, Max: 30, Diff: 30, Sum: 30, Workers: 4
[2728.384s][debug][gc,phases      ] GC(71)   JVMTI Tag Weak OopStorage      Min:  0.0, Avg:  0.0, Max:  0.0, Diff:  0.0, Sum:  0.0, Workers: 4
[2728.384s][debug][gc,phases      ] GC(71)     Dead                           Min: 0, Avg:  0.0, Max: 0, Diff: 0, Sum: 0, Workers: 4
[2728.384s][debug][gc,phases      ] GC(71)     Total                          Min: 0, Avg:  0.0, Max: 0, Diff: 0, Sum: 0, Workers: 4
[2728.384s][debug][gc,phases      ] GC(71)   StringTable Weak               Min:  0.0, Avg:  0.1, Max:  0.2, Diff:  0.2, Sum:  0.4, Workers: 4
[2728.384s][debug][gc,phases      ] GC(71)     Dead                           Min: 0, Avg:  0.5, Max: 2, Diff: 2, Sum: 2, Workers: 4
[2728.384s][debug][gc,phases      ] GC(71)     Total                          Min: 0, Avg: 10789.8, Max: 23038, Diff: 23038, Sum: 43159, Workers: 4
[2728.384s][debug][gc,phases      ] GC(71)   ResolvedMethodTable Weak       Min:  0.0, Avg:  0.0, Max:  0.0, Diff:  0.0, Sum:  0.1, Workers: 4
[2728.384s][debug][gc,phases      ] GC(71)     Dead                           Min: 0, Avg:  0.0, Max: 0, Diff: 0, Sum: 0, Workers: 4
[2728.384s][debug][gc,phases      ] GC(71)     Total                          Min: 0, Avg: 2320.2, Max: 4673, Diff: 4673, Sum: 9281, Workers: 4
[2728.384s][debug][gc,phases      ] GC(71)   JNI Weak                       Min:  0.0, Avg:  0.0, Max:  0.0, Diff:  0.0, Sum:  0.0, Workers: 4
[2728.384s][debug][gc,phases      ] GC(71)     Dead                           Min: 0, Avg:  0.0, Max: 0, Diff: 0, Sum: 0, Workers: 4
[2728.384s][debug][gc,phases      ] GC(71)     Total                          Min: 0, Avg: 11.2, Max: 45, Diff: 45, Sum: 45, Workers: 4
[2728.384s][debug][gc,phases      ] GC(71)   StringDedup Table Weak         Min:  0.0, Avg:  0.0, Max:  0.0, Diff:  0.0, Sum:  0.0, Workers: 4
[2728.384s][debug][gc,phases      ] GC(71)     Dead                           Min: 0, Avg:  0.0, Max: 0, Diff: 0, Sum: 0, Workers: 4
[2728.384s][debug][gc,phases      ] GC(71)     Total                          Min: 0, Avg:  0.0, Max: 0, Diff: 0, Sum: 0, Workers: 4
[2728.384s][debug][gc,phases      ] GC(71)   StringDedup Requests0 Weak     Min:  0.0, Avg:  0.0, Max:  0.0, Diff:  0.0, Sum:  0.0, Workers: 4
[2728.384s][debug][gc,phases      ] GC(71)     Dead                           Min: 0, Avg:  0.0, Max: 0, Diff: 0, Sum: 0, Workers: 4
[2728.384s][debug][gc,phases      ] GC(71)     Total                          Min: 0, Avg:  0.0, Max: 0, Diff: 0, Sum: 0, Workers: 4
[2728.384s][debug][gc,phases      ] GC(71)   StringDedup Requests1 Weak     Min:  0.0, Avg:  0.0, Max:  0.0, Diff:  0.0, Sum:  0.0, Workers: 4
[2728.384s][debug][gc,phases      ] GC(71)     Dead                           Min: 0, Avg:  0.0, Max: 0, Diff: 0, Sum: 0, Workers: 4
[2728.384s][debug][gc,phases      ] GC(71)     Total                          Min: 0, Avg:  0.0, Max: 0, Diff: 0, Sum: 0, Workers: 4
[2728.384s][debug][gc,phases      ] GC(71)   Weak JFR Old Object Samples    Min:  0.0, Avg:  0.0, Max:  0.0, Diff:  0.0, Sum:  0.0, Workers: 4
[2728.385s][debug][gc,phases      ] GC(71)     Dead                           Min: 0, Avg:  0.0, Max: 0, Diff: 0, Sum: 0, Workers: 4
[2728.385s][debug][gc,phases      ] GC(71)     Total                          Min: 0, Avg:  0.0, Max: 0, Diff: 0, Sum: 0, Workers: 4
[2728.385s][debug][gc,phases      ] GC(71) Weak Processing 0.442ms
[2728.385s][debug][gc,age         ] GC(71) Desired survivor size 39321600 bytes, new threshold 15 (max threshold 15)
[2728.385s][info ][gc,heap        ] GC(71) PSYoungGen: 2015680K(2056192K)->3296K(2053120K) Eden: 2012160K(2012160K)->0K(2012160K) From: 3520K(44032K)->3296K(40960K)
[2728.385s][info ][gc,heap        ] GC(71) ParOldGen: 451290K(532992K)->451306K(532992K)
[2728.385s][info ][gc,metaspace   ] GC(71) Metaspace: 81527K(82624K)->81527K(82624K) NonClass: 69994K(70592K)->69994K(70592K) Class: 11532K(12032K)->11532K(12032K)
[2728.385s][info ][gc             ] GC(71) Pause Young (Allocation Failure) 2409M->443M(2525M) 5.868ms
[2728.385s][info ][gc,cpu         ] GC(71) User=0.01s Sys=0.00s Real=0.00s
[2728.385s][info ][safepoint      ] Safepoint "ParallelGCFailedAllocation", Time since last: 1116226193 ns, Reaching safepoint: 30000 ns, At safepoint: 5948630 ns, Total: 5978630 ns
[2765.388s][info ][safepoint      ] Safepoint "Cleanup", Time since last: 37002948319 ns, Reaching safepoint: 123903 ns, At safepoint: 44700 ns, Total: 168603 ns
[2783.390s][info ][safepoint      ] Safepoint "Cleanup", Time since last: 18002519271 ns, Reaching safepoint: 63802 ns, At safepoint: 21200 ns, Total: 85002 ns
[2787.391s][info ][safepoint      ] Safepoint "Cleanup", Time since last: 4000349997 ns, Reaching safepoint: 57401 ns, At safepoint: 5300 ns, Total: 62701 ns
[2801.518s][info ][gc,start       ] GC(72) Pause Young (Allocation Failure)
[2801.521s][debug][gc,phases      ] GC(72) Scavenge 3.361ms
[2801.521s][debug][gc,ref         ] GC(72) Skipped phase 1 of Reference Processing: no references
[2801.521s][debug][gc,ref         ] GC(72) ReferenceProcessor::execute queues: 1, RefProcThreadModel::Single, marks_oops_alive: false
[2801.521s][debug][gc,ref         ] GC(72) Skipped phase 3 of Reference Processing: no references
[2801.521s][debug][gc,ref         ] GC(72) ReferenceProcessor::execute queues: 1, RefProcThreadModel::Single, marks_oops_alive: false
[2801.521s][debug][gc,phases      ] GC(72) Reference Processing 0.122ms
[2801.521s][debug][gc,phases      ] GC(72)   VM Weak                        Min:  0.0, Avg:  0.0, Max:  0.0, Diff:  0.0, Sum:  0.0, Workers: 4
[2801.521s][debug][gc,phases      ] GC(72)     Dead                           Min: 0, Avg:  0.0, Max: 0, Diff: 0, Sum: 0, Workers: 4
[2801.521s][debug][gc,phases      ] GC(72)     Total                          Min: 0, Avg: 224.2, Max: 641, Diff: 641, Sum: 897, Workers: 4
[2801.521s][debug][gc,phases      ] GC(72)   ObjectSynchronizer Weak        Min:  0.0, Avg:  0.0, Max:  0.0, Diff:  0.0, Sum:  0.0, Workers: 4
[2801.521s][debug][gc,phases      ] GC(72)     Dead                           Min: 0, Avg:  0.0, Max: 0, Diff: 0, Sum: 0, Workers: 4
[2801.521s][debug][gc,phases      ] GC(72)     Total                          Min: 0, Avg:  7.5, Max: 30, Diff: 30, Sum: 30, Workers: 4
[2801.521s][debug][gc,phases      ] GC(72)   JVMTI Tag Weak OopStorage      Min:  0.0, Avg:  0.0, Max:  0.0, Diff:  0.0, Sum:  0.0, Workers: 4
[2801.521s][debug][gc,phases      ] GC(72)     Dead                           Min: 0, Avg:  0.0, Max: 0, Diff: 0, Sum: 0, Workers: 4
[2801.521s][debug][gc,phases      ] GC(72)     Total                          Min: 0, Avg:  0.0, Max: 0, Diff: 0, Sum: 0, Workers: 4
[2801.521s][debug][gc,phases      ] GC(72)   StringTable Weak               Min:  0.1, Avg:  0.1, Max:  0.1, Diff:  0.0, Sum:  0.4, Workers: 4
[2801.521s][debug][gc,phases      ] GC(72)     Dead                           Min: 0, Avg:  0.0, Max: 0, Diff: 0, Sum: 0, Workers: 4
[2801.521s][debug][gc,phases      ] GC(72)     Total                          Min: 9856, Avg: 10789.8, Max: 12351, Diff: 2495, Sum: 43159, Workers: 4
[2801.521s][debug][gc,phases      ] GC(72)   ResolvedMethodTable Weak       Min:  0.0, Avg:  0.0, Max:  0.0, Diff:  0.0, Sum:  0.1, Workers: 4
[2801.521s][debug][gc,phases      ] GC(72)     Dead                           Min: 0, Avg:  0.0, Max: 0, Diff: 0, Sum: 0, Workers: 4
[2801.521s][debug][gc,phases      ] GC(72)     Total                          Min: 2112, Avg: 2320.2, Max: 2496, Diff: 384, Sum: 9281, Workers: 4
[2801.521s][debug][gc,phases      ] GC(72)   JNI Weak                       Min:  0.0, Avg:  0.0, Max:  0.0, Diff:  0.0, Sum:  0.0, Workers: 4
[2801.521s][debug][gc,phases      ] GC(72)     Dead                           Min: 0, Avg:  0.0, Max: 0, Diff: 0, Sum: 0, Workers: 4
[2801.521s][debug][gc,phases      ] GC(72)     Total                          Min: 0, Avg: 11.2, Max: 45, Diff: 45, Sum: 45, Workers: 4
[2801.521s][debug][gc,phases      ] GC(72)   StringDedup Table Weak         Min:  0.0, Avg:  0.0, Max:  0.0, Diff:  0.0, Sum:  0.0, Workers: 4
[2801.521s][debug][gc,phases      ] GC(72)     Dead                           Min: 0, Avg:  0.0, Max: 0, Diff: 0, Sum: 0, Workers: 4
[2801.521s][debug][gc,phases      ] GC(72)     Total                          Min: 0, Avg:  0.0, Max: 0, Diff: 0, Sum: 0, Workers: 4
[2801.521s][debug][gc,phases      ] GC(72)   StringDedup Requests0 Weak     Min:  0.0, Avg:  0.0, Max:  0.0, Diff:  0.0, Sum:  0.0, Workers: 4
[2801.521s][debug][gc,phases      ] GC(72)     Dead                           Min: 0, Avg:  0.0, Max: 0, Diff: 0, Sum: 0, Workers: 4
[2801.521s][debug][gc,phases      ] GC(72)     Total                          Min: 0, Avg:  0.0, Max: 0, Diff: 0, Sum: 0, Workers: 4
[2801.521s][debug][gc,phases      ] GC(72)   StringDedup Requests1 Weak     Min:  0.0, Avg:  0.0, Max:  0.0, Diff:  0.0, Sum:  0.0, Workers: 4
[2801.521s][debug][gc,phases      ] GC(72)     Dead                           Min: 0, Avg:  0.0, Max: 0, Diff: 0, Sum: 0, Workers: 4
[2801.521s][debug][gc,phases      ] GC(72)     Total                          Min: 0, Avg:  0.0, Max: 0, Diff: 0, Sum: 0, Workers: 4
[2801.521s][debug][gc,phases      ] GC(72)   Weak JFR Old Object Samples    Min:  0.0, Avg:  0.0, Max:  0.0, Diff:  0.0, Sum:  0.0, Workers: 4
[2801.521s][debug][gc,phases      ] GC(72)     Dead                           Min: 0, Avg:  0.0, Max: 0, Diff: 0, Sum: 0, Workers: 4
[2801.521s][debug][gc,phases      ] GC(72)     Total                          Min: 0, Avg:  0.0, Max: 0, Diff: 0, Sum: 0, Workers: 4
[2801.521s][debug][gc,phases      ] GC(72) Weak Processing 0.337ms
[2801.521s][debug][gc,age         ] GC(72) Desired survivor size 36700160 bytes, new threshold 15 (max threshold 15)
[2801.521s][info ][gc,heap        ] GC(72) PSYoungGen: 2015456K(2053120K)->3200K(2061312K) Eden: 2012160K(2012160K)->0K(2022912K) From: 3296K(40960K)->3200K(38400K)
[2801.521s][info ][gc,heap        ] GC(72) ParOldGen: 451306K(532992K)->451346K(532992K)
[2801.521s][info ][gc,metaspace   ] GC(72) Metaspace: 81530K(82624K)->81530K(82624K) NonClass: 69997K(70592K)->69997K(70592K) Class: 11532K(12032K)->11532K(12032K)
[2801.521s][info ][gc             ] GC(72) Pause Young (Allocation Failure) 2408M->443M(2533M) 3.967ms
[2801.521s][info ][gc,cpu         ] GC(72) User=0.01s Sys=0.00s Real=0.01s
[2801.522s][info ][safepoint      ] Safepoint "ParallelGCFailedAllocation", Time since last: 14126707036 ns, Reaching safepoint: 27300 ns, At safepoint: 4052587 ns, Total: 4079887 ns
[2802.522s][info ][safepoint      ] Safepoint "Cleanup", Time since last: 1000092542 ns, Reaching safepoint: 56802 ns, At safepoint: 7300 ns, Total: 64102 ns
[2863.526s][info ][safepoint      ] Safepoint "Cleanup", Time since last: 61004288593 ns, Reaching safepoint: 59401 ns, At safepoint: 6201 ns, Total: 65602 ns
[2878.932s][info ][gc,start       ] GC(73) Pause Young (Allocation Failure)
[2878.936s][debug][gc,phases      ] GC(73) Scavenge 3.394ms
[2878.936s][debug][gc,ref         ] GC(73) Skipped phase 1 of Reference Processing: no references
[2878.936s][debug][gc,ref         ] GC(73) ReferenceProcessor::execute queues: 1, RefProcThreadModel::Single, marks_oops_alive: false
[2878.936s][debug][gc,ref         ] GC(73) Skipped phase 3 of Reference Processing: no references
[2878.936s][debug][gc,ref         ] GC(73) ReferenceProcessor::execute queues: 1, RefProcThreadModel::Single, marks_oops_alive: false
[2878.936s][debug][gc,phases      ] GC(73) Reference Processing 0.141ms
[2878.936s][debug][gc,phases      ] GC(73)   VM Weak                        Min:  0.0, Avg:  0.0, Max:  0.0, Diff:  0.0, Sum:  0.0, Workers: 4
[2878.936s][debug][gc,phases      ] GC(73)     Dead                           Min: 0, Avg:  0.0, Max: 0, Diff: 0, Sum: 0, Workers: 4
[2878.936s][debug][gc,phases      ] GC(73)     Total                          Min: 0, Avg: 224.2, Max: 768, Diff: 768, Sum: 897, Workers: 4
[2878.936s][debug][gc,phases      ] GC(73)   ObjectSynchronizer Weak        Min:  0.0, Avg:  0.0, Max:  0.0, Diff:  0.0, Sum:  0.0, Workers: 4
[2878.936s][debug][gc,phases      ] GC(73)     Dead                           Min: 0, Avg:  0.0, Max: 0, Diff: 0, Sum: 0, Workers: 4
[2878.936s][debug][gc,phases      ] GC(73)     Total                          Min: 0, Avg:  7.5, Max: 30, Diff: 30, Sum: 30, Workers: 4
[2878.936s][debug][gc,phases      ] GC(73)   JVMTI Tag Weak OopStorage      Min:  0.0, Avg:  0.0, Max:  0.0, Diff:  0.0, Sum:  0.0, Workers: 4
[2878.936s][debug][gc,phases      ] GC(73)     Dead                           Min: 0, Avg:  0.0, Max: 0, Diff: 0, Sum: 0, Workers: 4
[2878.936s][debug][gc,phases      ] GC(73)     Total                          Min: 0, Avg:  0.0, Max: 0, Diff: 0, Sum: 0, Workers: 4
[2878.936s][debug][gc,phases      ] GC(73)   StringTable Weak               Min:  0.0, Avg:  0.1, Max:  0.2, Diff:  0.2, Sum:  0.4, Workers: 4
[2878.936s][debug][gc,phases      ] GC(73)     Dead                           Min: 0, Avg:  0.0, Max: 0, Diff: 0, Sum: 0, Workers: 4
[2878.936s][debug][gc,phases      ] GC(73)     Total                          Min: 0, Avg: 10789.8, Max: 22937, Diff: 22937, Sum: 43159, Workers: 4
[2878.936s][debug][gc,phases      ] GC(73)   ResolvedMethodTable Weak       Min:  0.0, Avg:  0.0, Max:  0.0, Diff:  0.0, Sum:  0.1, Workers: 4
[2878.936s][debug][gc,phases      ] GC(73)     Dead                           Min: 0, Avg:  0.0, Max: 0, Diff: 0, Sum: 0, Workers: 4
[2878.936s][debug][gc,phases      ] GC(73)     Total                          Min: 0, Avg: 2320.2, Max: 4865, Diff: 4865, Sum: 9281, Workers: 4
[2878.936s][debug][gc,phases      ] GC(73)   JNI Weak                       Min:  0.0, Avg:  0.0, Max:  0.0, Diff:  0.0, Sum:  0.0, Workers: 4
[2878.936s][debug][gc,phases      ] GC(73)     Dead                           Min: 0, Avg:  0.0, Max: 0, Diff: 0, Sum: 0, Workers: 4
[2878.936s][debug][gc,phases      ] GC(73)     Total                          Min: 0, Avg: 11.2, Max: 45, Diff: 45, Sum: 45, Workers: 4
[2878.936s][debug][gc,phases      ] GC(73)   StringDedup Table Weak         Min:  0.0, Avg:  0.0, Max:  0.0, Diff:  0.0, Sum:  0.0, Workers: 4
[2878.936s][debug][gc,phases      ] GC(73)     Dead                           Min: 0, Avg:  0.0, Max: 0, Diff: 0, Sum: 0, Workers: 4
[2878.936s][debug][gc,phases      ] GC(73)     Total                          Min: 0, Avg:  0.0, Max: 0, Diff: 0, Sum: 0, Workers: 4
[2878.936s][debug][gc,phases      ] GC(73)   StringDedup Requests0 Weak     Min:  0.0, Avg:  0.0, Max:  0.0, Diff:  0.0, Sum:  0.0, Workers: 4
[2878.936s][debug][gc,phases      ] GC(73)     Dead                           Min: 0, Avg:  0.0, Max: 0, Diff: 0, Sum: 0, Workers: 4
[2878.936s][debug][gc,phases      ] GC(73)     Total                          Min: 0, Avg:  0.0, Max: 0, Diff: 0, Sum: 0, Workers: 4
[2878.936s][debug][gc,phases      ] GC(73)   StringDedup Requests1 Weak     Min:  0.0, Avg:  0.0, Max:  0.0, Diff:  0.0, Sum:  0.0, Workers: 4
[2878.936s][debug][gc,phases      ] GC(73)     Dead                           Min: 0, Avg:  0.0, Max: 0, Diff: 0, Sum: 0, Workers: 4
[2878.936s][debug][gc,phases      ] GC(73)     Total                          Min: 0, Avg:  0.0, Max: 0, Diff: 0, Sum: 0, Workers: 4
[2878.936s][debug][gc,phases      ] GC(73)   Weak JFR Old Object Samples    Min:  0.0, Avg:  0.0, Max:  0.0, Diff:  0.0, Sum:  0.0, Workers: 4
[2878.936s][debug][gc,phases      ] GC(73)     Dead                           Min: 0, Avg:  0.0, Max: 0, Diff: 0, Sum: 0, Workers: 4
[2878.936s][debug][gc,phases      ] GC(73)     Total                          Min: 0, Avg:  0.0, Max: 0, Diff: 0, Sum: 0, Workers: 4
[2878.936s][debug][gc,phases      ] GC(73) Weak Processing 0.493ms
[2878.936s][debug][gc,age         ] GC(73) Desired survivor size 34078720 bytes, new threshold 15 (max threshold 15)
[2878.936s][info ][gc,heap        ] GC(73) PSYoungGen: 2026112K(2061312K)->3712K(2058752K) Eden: 2022912K(2022912K)->0K(2022912K) From: 3200K(38400K)->3712K(35840K)
[2878.936s][info ][gc,heap        ] GC(73) ParOldGen: 451346K(532992K)->451446K(532992K)
[2878.936s][info ][gc,metaspace   ] GC(73) Metaspace: 81533K(82688K)->81533K(82688K) NonClass: 70001K(70656K)->70001K(70656K) Class: 11532K(12032K)->11532K(12032K)
[2878.936s][info ][gc             ] GC(73) Pause Young (Allocation Failure) 2419M->444M(2531M) 4.194ms
[2878.936s][info ][gc,cpu         ] GC(73) User=0.01s Sys=0.00s Real=0.00s
[2878.936s][info ][safepoint      ] Safepoint "ParallelGCFailedAllocation", Time since last: 15405964160 ns, Reaching safepoint: 114603 ns, At safepoint: 4283092 ns, Total: 4397695 ns
[2931.943s][info ][safepoint      ] Safepoint "Cleanup", Time since last: 53006895631 ns, Reaching safepoint: 53302 ns, At safepoint: 2600 ns, Total: 55902 ns
[2941.944s][info ][safepoint      ] Safepoint "Cleanup", Time since last: 10000708431 ns, Reaching safepoint: 52802 ns, At safepoint: 29500 ns, Total: 82302 ns
[2943.585s][info ][gc,start       ] GC(74) Pause Young (Allocation Failure)
[2943.588s][debug][gc,phases      ] GC(74) Scavenge 3.724ms
[2943.589s][debug][gc,ref         ] GC(74) Skipped phase 1 of Reference Processing: no references
[2943.589s][debug][gc,ref         ] GC(74) ReferenceProcessor::execute queues: 1, RefProcThreadModel::Single, marks_oops_alive: false
[2943.589s][debug][gc,ref         ] GC(74) Skipped phase 3 of Reference Processing: no references
[2943.589s][debug][gc,ref         ] GC(74) ReferenceProcessor::execute queues: 1, RefProcThreadModel::Single, marks_oops_alive: false
[2943.589s][debug][gc,phases      ] GC(74) Reference Processing 0.132ms
[2943.589s][debug][gc,phases      ] GC(74)   VM Weak                        Min:  0.0, Avg:  0.0, Max:  0.0, Diff:  0.0, Sum:  0.0, Workers: 4
[2943.589s][debug][gc,phases      ] GC(74)     Dead                           Min: 0, Avg:  0.0, Max: 0, Diff: 0, Sum: 0, Workers: 4
[2943.589s][debug][gc,phases      ] GC(74)     Total                          Min: 0, Avg: 224.2, Max: 897, Diff: 897, Sum: 897, Workers: 4
[2943.589s][debug][gc,phases      ] GC(74)   ObjectSynchronizer Weak        Min:  0.0, Avg:  0.0, Max:  0.0, Diff:  0.0, Sum:  0.0, Workers: 4
[2943.589s][debug][gc,phases      ] GC(74)     Dead                           Min: 0, Avg:  0.0, Max: 0, Diff: 0, Sum: 0, Workers: 4
[2943.589s][debug][gc,phases      ] GC(74)     Total                          Min: 0, Avg:  7.5, Max: 30, Diff: 30, Sum: 30, Workers: 4
[2943.589s][debug][gc,phases      ] GC(74)   JVMTI Tag Weak OopStorage      Min:  0.0, Avg:  0.0, Max:  0.0, Diff:  0.0, Sum:  0.0, Workers: 4
[2943.589s][debug][gc,phases      ] GC(74)     Dead                           Min: 0, Avg:  0.0, Max: 0, Diff: 0, Sum: 0, Workers: 4
[2943.589s][debug][gc,phases      ] GC(74)     Total                          Min: 0, Avg:  0.0, Max: 0, Diff: 0, Sum: 0, Workers: 4
[2943.589s][debug][gc,phases      ] GC(74)   StringTable Weak               Min:  0.0, Avg:  0.1, Max:  0.2, Diff:  0.2, Sum:  0.4, Workers: 4
[2943.589s][debug][gc,phases      ] GC(74)     Dead                           Min: 0, Avg:  0.0, Max: 0, Diff: 0, Sum: 0, Workers: 4
[2943.589s][debug][gc,phases      ] GC(74)     Total                          Min: 0, Avg: 10790.0, Max: 25535, Diff: 25535, Sum: 43160, Workers: 4
[2943.589s][debug][gc,phases      ] GC(74)   ResolvedMethodTable Weak       Min:  0.0, Avg:  0.0, Max:  0.0, Diff:  0.0, Sum:  0.1, Workers: 4
[2943.589s][debug][gc,phases      ] GC(74)     Dead                           Min: 0, Avg:  0.0, Max: 0, Diff: 0, Sum: 0, Workers: 4
[2943.589s][debug][gc,phases      ] GC(74)     Total                          Min: 0, Avg: 2320.2, Max: 5569, Diff: 5569, Sum: 9281, Workers: 4
[2943.589s][debug][gc,phases      ] GC(74)   JNI Weak                       Min:  0.0, Avg:  0.0, Max:  0.0, Diff:  0.0, Sum:  0.0, Workers: 4
[2943.589s][debug][gc,phases      ] GC(74)     Dead                           Min: 0, Avg:  0.0, Max: 0, Diff: 0, Sum: 0, Workers: 4
[2943.589s][debug][gc,phases      ] GC(74)     Total                          Min: 0, Avg: 11.2, Max: 45, Diff: 45, Sum: 45, Workers: 4
[2943.589s][debug][gc,phases      ] GC(74)   StringDedup Table Weak         Min:  0.0, Avg:  0.0, Max:  0.0, Diff:  0.0, Sum:  0.0, Workers: 4
[2943.589s][debug][gc,phases      ] GC(74)     Dead                           Min: 0, Avg:  0.0, Max: 0, Diff: 0, Sum: 0, Workers: 4
[2943.589s][debug][gc,phases      ] GC(74)     Total                          Min: 0, Avg:  0.0, Max: 0, Diff: 0, Sum: 0, Workers: 4
[2943.589s][debug][gc,phases      ] GC(74)   StringDedup Requests0 Weak     Min:  0.0, Avg:  0.0, Max:  0.0, Diff:  0.0, Sum:  0.0, Workers: 4
[2943.589s][debug][gc,phases      ] GC(74)     Dead                           Min: 0, Avg:  0.0, Max: 0, Diff: 0, Sum: 0, Workers: 4
[2943.589s][debug][gc,phases      ] GC(74)     Total                          Min: 0, Avg:  0.0, Max: 0, Diff: 0, Sum: 0, Workers: 4
[2943.589s][debug][gc,phases      ] GC(74)   StringDedup Requests1 Weak     Min:  0.0, Avg:  0.0, Max:  0.0, Diff:  0.0, Sum:  0.0, Workers: 4
[2943.589s][debug][gc,phases      ] GC(74)     Dead                           Min: 0, Avg:  0.0, Max: 0, Diff: 0, Sum: 0, Workers: 4
[2943.589s][debug][gc,phases      ] GC(74)     Total                          Min: 0, Avg:  0.0, Max: 0, Diff: 0, Sum: 0, Workers: 4
[2943.589s][debug][gc,phases      ] GC(74)   Weak JFR Old Object Samples    Min:  0.0, Avg:  0.0, Max:  0.0, Diff:  0.0, Sum:  0.0, Workers: 4
[2943.589s][debug][gc,phases      ] GC(74)     Dead                           Min: 0, Avg:  0.0, Max: 0, Diff: 0, Sum: 0, Workers: 4
[2943.589s][debug][gc,phases      ] GC(74)     Total                          Min: 0, Avg:  0.0, Max: 0, Diff: 0, Sum: 0, Workers: 4
[2943.589s][debug][gc,phases      ] GC(74) Weak Processing 0.451ms
[2943.589s][debug][gc,age         ] GC(74) Desired survivor size 31981568 bytes, new threshold 15 (max threshold 15)
[2943.589s][info ][gc,heap        ] GC(74) PSYoungGen: 2026624K(2058752K)->2912K(2065920K) Eden: 2022912K(2022912K)->0K(2032640K) From: 3712K(35840K)->2912K(33280K)
[2943.589s][info ][gc,heap        ] GC(74) ParOldGen: 451446K(532992K)->452050K(532992K)
[2943.589s][info ][gc,metaspace   ] GC(74) Metaspace: 81535K(82688K)->81535K(82688K) NonClass: 70002K(70656K)->70002K(70656K) Class: 11533K(12032K)->11533K(12032K)
[2943.589s][info ][gc             ] GC(74) Pause Young (Allocation Failure) 2419M->444M(2538M) 4.492ms
[2943.589s][info ][gc,cpu         ] GC(74) User=0.02s Sys=0.00s Real=0.00s
[2943.589s][info ][safepoint      ] Safepoint "ParallelGCFailedAllocation", Time since last: 1640420664 ns, Reaching safepoint: 46601 ns, At safepoint: 4571297 ns, Total: 4617898 ns
[2945.589s][info ][safepoint      ] Safepoint "Cleanup", Time since last: 2000164402 ns, Reaching safepoint: 42500 ns, At safepoint: 2801 ns, Total: 45301 ns
[2947.590s][info ][safepoint      ] Safepoint "Cleanup", Time since last: 2000146300 ns, Reaching safepoint: 60902 ns, At safepoint: 3300 ns, Total: 64202 ns
[2954.590s][info ][safepoint      ] Safepoint "Cleanup", Time since last: 7000559198 ns, Reaching safepoint: 38801 ns, At safepoint: 6300 ns, Total: 45101 ns
[2964.591s][info ][safepoint      ] Safepoint "Cleanup", Time since last: 10000922123 ns, Reaching safepoint: 52801 ns, At safepoint: 36901 ns, Total: 89702 ns
[2977.592s][info ][safepoint      ] Safepoint "Cleanup", Time since last: 13000972284 ns, Reaching safepoint: 63801 ns, At safepoint: 6900 ns, Total: 70701 ns
[3011.881s][info ][gc,start       ] GC(75) Pause Young (Allocation Failure)
[3011.887s][debug][gc,phases      ] GC(75) Scavenge 5.938ms
[3011.887s][debug][gc,ref         ] GC(75) Skipped phase 1 of Reference Processing: no references
[3011.888s][debug][gc,ref         ] GC(75) ReferenceProcessor::execute queues: 1, RefProcThreadModel::Single, marks_oops_alive: false
[3011.888s][debug][gc,ref         ] GC(75) Skipped phase 3 of Reference Processing: no references
[3011.888s][debug][gc,ref         ] GC(75) ReferenceProcessor::execute queues: 1, RefProcThreadModel::Single, marks_oops_alive: false
[3011.888s][debug][gc,phases      ] GC(75) Reference Processing 0.104ms
[3011.888s][debug][gc,phases      ] GC(75)   VM Weak                        Min:  0.0, Avg:  0.0, Max:  0.0, Diff:  0.0, Sum:  0.0, Workers: 4
[3011.888s][debug][gc,phases      ] GC(75)     Dead                           Min: 0, Avg:  0.0, Max: 0, Diff: 0, Sum: 0, Workers: 4
[3011.888s][debug][gc,phases      ] GC(75)     Total                          Min: 0, Avg: 224.2, Max: 576, Diff: 576, Sum: 897, Workers: 4
[3011.888s][debug][gc,phases      ] GC(75)   ObjectSynchronizer Weak        Min:  0.0, Avg:  0.0, Max:  0.0, Diff:  0.0, Sum:  0.0, Workers: 4
[3011.888s][debug][gc,phases      ] GC(75)     Dead                           Min: 0, Avg:  0.0, Max: 0, Diff: 0, Sum: 0, Workers: 4
[3011.888s][debug][gc,phases      ] GC(75)     Total                          Min: 0, Avg:  7.5, Max: 30, Diff: 30, Sum: 30, Workers: 4
[3011.888s][debug][gc,phases      ] GC(75)   JVMTI Tag Weak OopStorage      Min:  0.0, Avg:  0.0, Max:  0.0, Diff:  0.0, Sum:  0.0, Workers: 4
[3011.888s][debug][gc,phases      ] GC(75)     Dead                           Min: 0, Avg:  0.0, Max: 0, Diff: 0, Sum: 0, Workers: 4
[3011.888s][debug][gc,phases      ] GC(75)     Total                          Min: 0, Avg:  0.0, Max: 0, Diff: 0, Sum: 0, Workers: 4
[3011.888s][debug][gc,phases      ] GC(75)   StringTable Weak               Min:  0.0, Avg:  0.1, Max:  0.2, Diff:  0.2, Sum:  0.3, Workers: 4
[3011.888s][debug][gc,phases      ] GC(75)     Dead                           Min: 0, Avg:  0.0, Max: 0, Diff: 0, Sum: 0, Workers: 4
[3011.888s][debug][gc,phases      ] GC(75)     Total                          Min: 0, Avg: 10790.0, Max: 23679, Diff: 23679, Sum: 43160, Workers: 4
[3011.888s][debug][gc,phases      ] GC(75)   ResolvedMethodTable Weak       Min:  0.0, Avg:  0.0, Max:  0.0, Diff:  0.0, Sum:  0.1, Workers: 4
[3011.888s][debug][gc,phases      ] GC(75)     Dead                           Min: 0, Avg:  0.0, Max: 0, Diff: 0, Sum: 0, Workers: 4
[3011.888s][debug][gc,phases      ] GC(75)     Total                          Min: 0, Avg: 2320.2, Max: 5120, Diff: 5120, Sum: 9281, Workers: 4
[3011.888s][debug][gc,phases      ] GC(75)   JNI Weak                       Min:  0.0, Avg:  0.0, Max:  0.0, Diff:  0.0, Sum:  0.0, Workers: 4
[3011.888s][debug][gc,phases      ] GC(75)     Dead                           Min: 0, Avg:  0.0, Max: 0, Diff: 0, Sum: 0, Workers: 4
[3011.888s][debug][gc,phases      ] GC(75)     Total                          Min: 0, Avg: 11.2, Max: 45, Diff: 45, Sum: 45, Workers: 4
[3011.888s][debug][gc,phases      ] GC(75)   StringDedup Table Weak         Min:  0.0, Avg:  0.0, Max:  0.0, Diff:  0.0, Sum:  0.0, Workers: 4
[3011.888s][debug][gc,phases      ] GC(75)     Dead                           Min: 0, Avg:  0.0, Max: 0, Diff: 0, Sum: 0, Workers: 4
[3011.888s][debug][gc,phases      ] GC(75)     Total                          Min: 0, Avg:  0.0, Max: 0, Diff: 0, Sum: 0, Workers: 4
[3011.888s][debug][gc,phases      ] GC(75)   StringDedup Requests0 Weak     Min:  0.0, Avg:  0.0, Max:  0.0, Diff:  0.0, Sum:  0.0, Workers: 4
[3011.888s][debug][gc,phases      ] GC(75)     Dead                           Min: 0, Avg:  0.0, Max: 0, Diff: 0, Sum: 0, Workers: 4
[3011.888s][debug][gc,phases      ] GC(75)     Total                          Min: 0, Avg:  0.0, Max: 0, Diff: 0, Sum: 0, Workers: 4
[3011.888s][debug][gc,phases      ] GC(75)   StringDedup Requests1 Weak     Min:  0.0, Avg:  0.0, Max:  0.0, Diff:  0.0, Sum:  0.0, Workers: 4
[3011.888s][debug][gc,phases      ] GC(75)     Dead                           Min: 0, Avg:  0.0, Max: 0, Diff: 0, Sum: 0, Workers: 4
[3011.888s][debug][gc,phases      ] GC(75)     Total                          Min: 0, Avg:  0.0, Max: 0, Diff: 0, Sum: 0, Workers: 4
[3011.888s][debug][gc,phases      ] GC(75)   Weak JFR Old Object Samples    Min:  0.0, Avg:  0.0, Max:  0.0, Diff:  0.0, Sum:  0.0, Workers: 4
[3011.888s][debug][gc,phases      ] GC(75)     Dead                           Min: 0, Avg:  0.0, Max: 0, Diff: 0, Sum: 0, Workers: 4
[3011.888s][debug][gc,phases      ] GC(75)     Total                          Min: 0, Avg:  0.0, Max: 0, Diff: 0, Sum: 0, Workers: 4
[3011.888s][debug][gc,phases      ] GC(75) Weak Processing 0.396ms
[3011.888s][debug][gc,age         ] GC(75) Desired survivor size 29884416 bytes, new threshold 15 (max threshold 15)
[3011.888s][info ][gc,heap        ] GC(75) PSYoungGen: 2035552K(2065920K)->2976K(2063872K) Eden: 2032640K(2032640K)->0K(2032640K) From: 2912K(33280K)->2976K(31232K)
[3011.888s][info ][gc,heap        ] GC(75) ParOldGen: 452050K(532992K)->452366K(532992K)
[3011.888s][info ][gc,metaspace   ] GC(75) Metaspace: 81538K(82688K)->81538K(82688K) NonClass: 70005K(70656K)->70005K(70656K) Class: 11533K(12032K)->11533K(12032K)
[3011.888s][info ][gc             ] GC(75) Pause Young (Allocation Failure) 2429M->444M(2536M) 6.576ms
[3011.888s][info ][gc,cpu         ] GC(75) User=0.01s Sys=0.00s Real=0.00s
[3011.888s][info ][safepoint      ] Safepoint "ParallelGCFailedAllocation", Time since last: 34289052952 ns, Reaching safepoint: 119003 ns, At safepoint: 6655943 ns, Total: 6774946 ns
[3028.889s][info ][safepoint      ] Safepoint "Cleanup", Time since last: 17001256226 ns, Reaching safepoint: 43501 ns, At safepoint: 2300 ns, Total: 45801 ns
[3035.890s][info ][safepoint      ] Safepoint "Cleanup", Time since last: 7000556944 ns, Reaching safepoint: 73801 ns, At safepoint: 3700 ns, Total: 77501 ns
[3042.891s][info ][safepoint      ] Safepoint "Cleanup", Time since last: 7000492943 ns, Reaching safepoint: 52401 ns, At safepoint: 2900 ns, Total: 55301 ns
[3043.895s][info ][safepoint      ] Safepoint "Cleanup", Time since last: 1000121274 ns, Reaching safepoint: 4247093 ns, At safepoint: 9800 ns, Total: 4256893 ns
[3052.896s][info ][safepoint      ] Safepoint "Cleanup", Time since last: 9000649922 ns, Reaching safepoint: 55302 ns, At safepoint: 2600 ns, Total: 57902 ns
[3058.896s][info ][safepoint      ] Safepoint "Cleanup", Time since last: 6000439535 ns, Reaching safepoint: 50502 ns, At safepoint: 3800 ns, Total: 54302 ns
[3063.897s][info ][safepoint      ] Safepoint "Cleanup", Time since last: 5000452240 ns, Reaching safepoint: 53802 ns, At safepoint: 3400 ns, Total: 57202 ns
[3069.897s][info ][safepoint      ] Safepoint "Cleanup", Time since last: 6000486147 ns, Reaching safepoint: 41901 ns, At safepoint: 3101 ns, Total: 45002 ns
[3073.084s][info ][gc,start       ] GC(76) Pause Young (Allocation Failure)
[3073.088s][debug][gc,phases      ] GC(76) Scavenge 3.977ms
[3073.088s][debug][gc,ref         ] GC(76) Skipped phase 1 of Reference Processing: no references
[3073.088s][debug][gc,ref         ] GC(76) ReferenceProcessor::execute queues: 1, RefProcThreadModel::Single, marks_oops_alive: false
[3073.088s][debug][gc,ref         ] GC(76) Skipped phase 3 of Reference Processing: no references
[3073.088s][debug][gc,ref         ] GC(76) ReferenceProcessor::execute queues: 1, RefProcThreadModel::Single, marks_oops_alive: false
[3073.088s][debug][gc,phases      ] GC(76) Reference Processing 0.138ms
[3073.089s][debug][gc,phases      ] GC(76)   VM Weak                        Min:  0.0, Avg:  0.0, Max:  0.0, Diff:  0.0, Sum:  0.0, Workers: 4
[3073.089s][debug][gc,phases      ] GC(76)     Dead                           Min: 0, Avg:  0.0, Max: 0, Diff: 0, Sum: 0, Workers: 4
[3073.089s][debug][gc,phases      ] GC(76)     Total                          Min: 0, Avg: 224.2, Max: 640, Diff: 640, Sum: 897, Workers: 4
[3073.089s][debug][gc,phases      ] GC(76)   ObjectSynchronizer Weak        Min:  0.0, Avg:  0.0, Max:  0.0, Diff:  0.0, Sum:  0.0, Workers: 4
[3073.089s][debug][gc,phases      ] GC(76)     Dead                           Min: 0, Avg:  0.0, Max: 0, Diff: 0, Sum: 0, Workers: 4
[3073.089s][debug][gc,phases      ] GC(76)     Total                          Min: 0, Avg:  7.5, Max: 30, Diff: 30, Sum: 30, Workers: 4
[3073.089s][debug][gc,phases      ] GC(76)   JVMTI Tag Weak OopStorage      Min:  0.0, Avg:  0.0, Max:  0.0, Diff:  0.0, Sum:  0.0, Workers: 4
[3073.089s][debug][gc,phases      ] GC(76)     Dead                           Min: 0, Avg:  0.0, Max: 0, Diff: 0, Sum: 0, Workers: 4
[3073.089s][debug][gc,phases      ] GC(76)     Total                          Min: 0, Avg:  0.0, Max: 0, Diff: 0, Sum: 0, Workers: 4
[3073.089s][debug][gc,phases      ] GC(76)   StringTable Weak               Min:  0.0, Avg:  0.1, Max:  0.1, Diff:  0.1, Sum:  0.4, Workers: 4
[3073.089s][debug][gc,phases      ] GC(76)     Dead                           Min: 0, Avg:  0.0, Max: 0, Diff: 0, Sum: 0, Workers: 4
[3073.089s][debug][gc,phases      ] GC(76)     Total                          Min: 0, Avg: 10791.0, Max: 15487, Diff: 15487, Sum: 43164, Workers: 4
[3073.089s][debug][gc,phases      ] GC(76)   ResolvedMethodTable Weak       Min:  0.0, Avg:  0.0, Max:  0.0, Diff:  0.0, Sum:  0.1, Workers: 4
[3073.089s][debug][gc,phases      ] GC(76)     Dead                           Min: 0, Avg:  0.0, Max: 0, Diff: 0, Sum: 0, Workers: 4
[3073.089s][debug][gc,phases      ] GC(76)     Total                          Min: 0, Avg: 2320.2, Max: 3328, Diff: 3328, Sum: 9281, Workers: 4
[3073.089s][debug][gc,phases      ] GC(76)   JNI Weak                       Min:  0.0, Avg:  0.0, Max:  0.0, Diff:  0.0, Sum:  0.0, Workers: 4
[3073.089s][debug][gc,phases      ] GC(76)     Dead                           Min: 0, Avg:  0.0, Max: 0, Diff: 0, Sum: 0, Workers: 4
[3073.089s][debug][gc,phases      ] GC(76)     Total                          Min: 0, Avg: 11.2, Max: 45, Diff: 45, Sum: 45, Workers: 4
[3073.089s][debug][gc,phases      ] GC(76)   StringDedup Table Weak         Min:  0.0, Avg:  0.0, Max:  0.0, Diff:  0.0, Sum:  0.0, Workers: 4
[3073.089s][debug][gc,phases      ] GC(76)     Dead                           Min: 0, Avg:  0.0, Max: 0, Diff: 0, Sum: 0, Workers: 4
[3073.089s][debug][gc,phases      ] GC(76)     Total                          Min: 0, Avg:  0.0, Max: 0, Diff: 0, Sum: 0, Workers: 4
[3073.089s][debug][gc,phases      ] GC(76)   StringDedup Requests0 Weak     Min:  0.0, Avg:  0.0, Max:  0.0, Diff:  0.0, Sum:  0.0, Workers: 4
[3073.089s][debug][gc,phases      ] GC(76)     Dead                           Min: 0, Avg:  0.0, Max: 0, Diff: 0, Sum: 0, Workers: 4
[3073.089s][debug][gc,phases      ] GC(76)     Total                          Min: 0, Avg:  0.0, Max: 0, Diff: 0, Sum: 0, Workers: 4
[3073.089s][debug][gc,phases      ] GC(76)   StringDedup Requests1 Weak     Min:  0.0, Avg:  0.0, Max:  0.0, Diff:  0.0, Sum:  0.0, Workers: 4
[3073.089s][debug][gc,phases      ] GC(76)     Dead                           Min: 0, Avg:  0.0, Max: 0, Diff: 0, Sum: 0, Workers: 4
[3073.089s][debug][gc,phases      ] GC(76)     Total                          Min: 0, Avg:  0.0, Max: 0, Diff: 0, Sum: 0, Workers: 4
[3073.089s][debug][gc,phases      ] GC(76)   Weak JFR Old Object Samples    Min:  0.0, Avg:  0.0, Max:  0.0, Diff:  0.0, Sum:  0.0, Workers: 4
[3073.089s][debug][gc,phases      ] GC(76)     Dead                           Min: 0, Avg:  0.0, Max: 0, Diff: 0, Sum: 0, Workers: 4
[3073.089s][debug][gc,phases      ] GC(76)     Total                          Min: 0, Avg:  0.0, Max: 0, Diff: 0, Sum: 0, Workers: 4
[3073.089s][debug][gc,phases      ] GC(76) Weak Processing 0.356ms
[3073.089s][debug][gc,age         ] GC(76) Desired survivor size 28311552 bytes, new threshold 15 (max threshold 15)
[3073.089s][info ][gc,heap        ] GC(76) PSYoungGen: 2035616K(2063872K)->2912K(2069504K) Eden: 2032640K(2032640K)->0K(2040320K) From: 2976K(31232K)->2912K(29184K)
[3073.089s][info ][gc,heap        ] GC(76) ParOldGen: 452366K(532992K)->452779K(532992K)
[3073.089s][info ][gc,metaspace   ] GC(76) Metaspace: 81575K(82688K)->81575K(82688K) NonClass: 70042K(70656K)->70042K(70656K) Class: 11533K(12032K)->11533K(12032K)
[3073.089s][info ][gc             ] GC(76) Pause Young (Allocation Failure) 2429M->445M(2541M) 4.618ms
[3073.089s][info ][gc,cpu         ] GC(76) User=0.01s Sys=0.00s Real=0.00s
[3073.089s][info ][safepoint      ] Safepoint "ParallelGCFailedAllocation", Time since last: 3186936527 ns, Reaching safepoint: 29501 ns, At safepoint: 4697756 ns, Total: 4727257 ns
[3102.092s][info ][safepoint      ] Safepoint "Cleanup", Time since last: 29003437093 ns, Reaching safepoint: 49402 ns, At safepoint: 36401 ns, Total: 85803 ns
[3108.093s][info ][safepoint      ] Safepoint "Cleanup", Time since last: 6000556211 ns, Reaching safepoint: 42302 ns, At safepoint: 3300 ns, Total: 45602 ns
[3110.095s][info ][safepoint      ] Safepoint "Cleanup", Time since last: 2000195696 ns, Reaching safepoint: 2147466 ns, At safepoint: 9200 ns, Total: 2156666 ns
[3124.096s][info ][safepoint      ] Safepoint "Cleanup", Time since last: 14001080329 ns, Reaching safepoint: 52701 ns, At safepoint: 7500 ns, Total: 60201 ns
[3138.084s][info ][gc,start       ] GC(77) Pause Young (Allocation Failure)
[3138.088s][debug][gc,phases      ] GC(77) Scavenge 3.624ms
[3138.088s][debug][gc,ref         ] GC(77) Skipped phase 1 of Reference Processing: no references
[3138.088s][debug][gc,ref         ] GC(77) ReferenceProcessor::execute queues: 1, RefProcThreadModel::Single, marks_oops_alive: false
[3138.088s][debug][gc,ref         ] GC(77) Skipped phase 3 of Reference Processing: no references
[3138.088s][debug][gc,ref         ] GC(77) ReferenceProcessor::execute queues: 1, RefProcThreadModel::Single, marks_oops_alive: false
[3138.088s][debug][gc,phases      ] GC(77) Reference Processing 0.127ms
[3138.088s][debug][gc,phases      ] GC(77)   VM Weak                        Min:  0.0, Avg:  0.0, Max:  0.0, Diff:  0.0, Sum:  0.0, Workers: 4
[3138.088s][debug][gc,phases      ] GC(77)     Dead                           Min: 0, Avg:  0.0, Max: 0, Diff: 0, Sum: 0, Workers: 4
[3138.088s][debug][gc,phases      ] GC(77)     Total                          Min: 0, Avg: 224.2, Max: 640, Diff: 640, Sum: 897, Workers: 4
[3138.088s][debug][gc,phases      ] GC(77)   ObjectSynchronizer Weak        Min:  0.0, Avg:  0.0, Max:  0.0, Diff:  0.0, Sum:  0.0, Workers: 4
[3138.088s][debug][gc,phases      ] GC(77)     Dead                           Min: 0, Avg:  0.0, Max: 0, Diff: 0, Sum: 0, Workers: 4
[3138.088s][debug][gc,phases      ] GC(77)     Total                          Min: 0, Avg:  7.5, Max: 30, Diff: 30, Sum: 30, Workers: 4
[3138.088s][debug][gc,phases      ] GC(77)   JVMTI Tag Weak OopStorage      Min:  0.0, Avg:  0.0, Max:  0.0, Diff:  0.0, Sum:  0.0, Workers: 4
[3138.088s][debug][gc,phases      ] GC(77)     Dead                           Min: 0, Avg:  0.0, Max: 0, Diff: 0, Sum: 0, Workers: 4
[3138.088s][debug][gc,phases      ] GC(77)     Total                          Min: 0, Avg:  0.0, Max: 0, Diff: 0, Sum: 0, Workers: 4
[3138.088s][debug][gc,phases      ] GC(77)   StringTable Weak               Min:  0.0, Avg:  0.1, Max:  0.1, Diff:  0.1, Sum:  0.4, Workers: 4
[3138.088s][debug][gc,phases      ] GC(77)     Dead                           Min: 0, Avg:  0.0, Max: 0, Diff: 0, Sum: 0, Workers: 4
[3138.088s][debug][gc,phases      ] GC(77)     Total                          Min: 0, Avg: 10791.8, Max: 15072, Diff: 15072, Sum: 43167, Workers: 4
[3138.088s][debug][gc,phases      ] GC(77)   ResolvedMethodTable Weak       Min:  0.0, Avg:  0.0, Max:  0.0, Diff:  0.0, Sum:  0.1, Workers: 4
[3138.088s][debug][gc,phases      ] GC(77)     Dead                           Min: 0, Avg:  0.0, Max: 0, Diff: 0, Sum: 0, Workers: 4
[3138.088s][debug][gc,phases      ] GC(77)     Total                          Min: 0, Avg: 2320.2, Max: 3393, Diff: 3393, Sum: 9281, Workers: 4
[3138.088s][debug][gc,phases      ] GC(77)   JNI Weak                       Min:  0.0, Avg:  0.0, Max:  0.0, Diff:  0.0, Sum:  0.0, Workers: 4
[3138.088s][debug][gc,phases      ] GC(77)     Dead                           Min: 0, Avg:  0.0, Max: 0, Diff: 0, Sum: 0, Workers: 4
[3138.088s][debug][gc,phases      ] GC(77)     Total                          Min: 0, Avg: 11.2, Max: 45, Diff: 45, Sum: 45, Workers: 4
[3138.088s][debug][gc,phases      ] GC(77)   StringDedup Table Weak         Min:  0.0, Avg:  0.0, Max:  0.0, Diff:  0.0, Sum:  0.0, Workers: 4
[3138.088s][debug][gc,phases      ] GC(77)     Dead                           Min: 0, Avg:  0.0, Max: 0, Diff: 0, Sum: 0, Workers: 4
[3138.088s][debug][gc,phases      ] GC(77)     Total                          Min: 0, Avg:  0.0, Max: 0, Diff: 0, Sum: 0, Workers: 4
[3138.088s][debug][gc,phases      ] GC(77)   StringDedup Requests0 Weak     Min:  0.0, Avg:  0.0, Max:  0.0, Diff:  0.0, Sum:  0.0, Workers: 4
[3138.088s][debug][gc,phases      ] GC(77)     Dead                           Min: 0, Avg:  0.0, Max: 0, Diff: 0, Sum: 0, Workers: 4
[3138.088s][debug][gc,phases      ] GC(77)     Total                          Min: 0, Avg:  0.0, Max: 0, Diff: 0, Sum: 0, Workers: 4
[3138.088s][debug][gc,phases      ] GC(77)   StringDedup Requests1 Weak     Min:  0.0, Avg:  0.0, Max:  0.0, Diff:  0.0, Sum:  0.0, Workers: 4
[3138.088s][debug][gc,phases      ] GC(77)     Dead                           Min: 0, Avg:  0.0, Max: 0, Diff: 0, Sum: 0, Workers: 4
[3138.088s][debug][gc,phases      ] GC(77)     Total                          Min: 0, Avg:  0.0, Max: 0, Diff: 0, Sum: 0, Workers: 4
[3138.088s][debug][gc,phases      ] GC(77)   Weak JFR Old Object Samples    Min:  0.0, Avg:  0.0, Max:  0.0, Diff:  0.0, Sum:  0.0, Workers: 4
[3138.088s][debug][gc,phases      ] GC(77)     Dead                           Min: 0, Avg:  0.0, Max: 0, Diff: 0, Sum: 0, Workers: 4
[3138.088s][debug][gc,phases      ] GC(77)     Total                          Min: 0, Avg:  0.0, Max: 0, Diff: 0, Sum: 0, Workers: 4
[3138.088s][debug][gc,phases      ] GC(77) Weak Processing 0.386ms
[3138.088s][debug][gc,age         ] GC(77) Desired survivor size 26214400 bytes, new threshold 15 (max threshold 15)
[3138.088s][info ][gc,heap        ] GC(77) PSYoungGen: 2043232K(2069504K)->1824K(2067968K) Eden: 2040320K(2040320K)->0K(2040320K) From: 2912K(29184K)->1824K(27648K)
[3138.088s][info ][gc,heap        ] GC(77) ParOldGen: 452779K(532992K)->452851K(532992K)
[3138.088s][info ][gc,metaspace   ] GC(77) Metaspace: 81576K(82688K)->81576K(82688K) NonClass: 70043K(70656K)->70043K(70656K) Class: 11533K(12032K)->11533K(12032K)
[3138.088s][info ][gc             ] GC(77) Pause Young (Allocation Failure) 2437M->444M(2540M) 4.282ms
[3138.088s][info ][gc,cpu         ] GC(77) User=0.01s Sys=0.00s Real=0.00s
[3138.088s][info ][safepoint      ] Safepoint "ParallelGCFailedAllocation", Time since last: 13987280348 ns, Reaching safepoint: 107703 ns, At safepoint: 4396835 ns, Total: 4504538 ns
[3140.088s][info ][safepoint      ] Safepoint "Cleanup", Time since last: 2000173484 ns, Reaching safepoint: 52502 ns, At safepoint: 3000 ns, Total: 55502 ns
[3168.092s][info ][safepoint      ] Safepoint "Cleanup", Time since last: 28003259455 ns, Reaching safepoint: 54302 ns, At safepoint: 23500 ns, Total: 77802 ns
[3190.094s][info ][safepoint      ] Safepoint "Cleanup", Time since last: 22001551315 ns, Reaching safepoint: 75302 ns, At safepoint: 192706 ns, Total: 268008 ns
[3203.099s][info ][safepoint      ] Safepoint "Cleanup", Time since last: 13004951793 ns, Reaching safepoint: 47701 ns, At safepoint: 2900 ns, Total: 50601 ns
[3217.136s][info ][gc,start       ] GC(78) Pause Young (Allocation Failure)
[3217.139s][debug][gc,phases      ] GC(78) Scavenge 3.174ms
[3217.139s][debug][gc,ref         ] GC(78) Skipped phase 1 of Reference Processing: no references
[3217.139s][debug][gc,ref         ] GC(78) ReferenceProcessor::execute queues: 1, RefProcThreadModel::Single, marks_oops_alive: false
[3217.139s][debug][gc,ref         ] GC(78) Skipped phase 3 of Reference Processing: no references
[3217.139s][debug][gc,ref         ] GC(78) ReferenceProcessor::execute queues: 1, RefProcThreadModel::Single, marks_oops_alive: false
[3217.139s][debug][gc,phases      ] GC(78) Reference Processing 0.105ms
[3217.140s][debug][gc,phases      ] GC(78)   VM Weak                        Min:  0.0, Avg:  0.0, Max:  0.0, Diff:  0.0, Sum:  0.0, Workers: 4
[3217.140s][debug][gc,phases      ] GC(78)     Dead                           Min: 0, Avg:  0.0, Max: 0, Diff: 0, Sum: 0, Workers: 4
[3217.140s][debug][gc,phases      ] GC(78)     Total                          Min: 0, Avg: 224.2, Max: 577, Diff: 577, Sum: 897, Workers: 4
[3217.140s][debug][gc,phases      ] GC(78)   ObjectSynchronizer Weak        Min:  0.0, Avg:  0.0, Max:  0.0, Diff:  0.0, Sum:  0.0, Workers: 4
[3217.140s][debug][gc,phases      ] GC(78)     Dead                           Min: 0, Avg:  0.0, Max: 0, Diff: 0, Sum: 0, Workers: 4
[3217.140s][debug][gc,phases      ] GC(78)     Total                          Min: 0, Avg:  7.5, Max: 30, Diff: 30, Sum: 30, Workers: 4
[3217.140s][debug][gc,phases      ] GC(78)   JVMTI Tag Weak OopStorage      Min:  0.0, Avg:  0.0, Max:  0.0, Diff:  0.0, Sum:  0.0, Workers: 4
[3217.140s][debug][gc,phases      ] GC(78)     Dead                           Min: 0, Avg:  0.0, Max: 0, Diff: 0, Sum: 0, Workers: 4
[3217.140s][debug][gc,phases      ] GC(78)     Total                          Min: 0, Avg:  0.0, Max: 0, Diff: 0, Sum: 0, Workers: 4
[3217.140s][debug][gc,phases      ] GC(78)   StringTable Weak               Min:  0.0, Avg:  0.1, Max:  0.2, Diff:  0.2, Sum:  0.4, Workers: 4
[3217.140s][debug][gc,phases      ] GC(78)     Dead                           Min: 0, Avg:  0.0, Max: 0, Diff: 0, Sum: 0, Workers: 4
[3217.140s][debug][gc,phases      ] GC(78)     Total                          Min: 0, Avg: 10791.8, Max: 22113, Diff: 22113, Sum: 43167, Workers: 4
[3217.140s][debug][gc,phases      ] GC(78)   ResolvedMethodTable Weak       Min:  0.0, Avg:  0.0, Max:  0.0, Diff:  0.0, Sum:  0.1, Workers: 4
[3217.140s][debug][gc,phases      ] GC(78)     Dead                           Min: 0, Avg:  0.0, Max: 0, Diff: 0, Sum: 0, Workers: 4
[3217.140s][debug][gc,phases      ] GC(78)     Total                          Min: 0, Avg: 2320.2, Max: 5121, Diff: 5121, Sum: 9281, Workers: 4
[3217.140s][debug][gc,phases      ] GC(78)   JNI Weak                       Min:  0.0, Avg:  0.0, Max:  0.0, Diff:  0.0, Sum:  0.0, Workers: 4
[3217.140s][debug][gc,phases      ] GC(78)     Dead                           Min: 0, Avg:  0.0, Max: 0, Diff: 0, Sum: 0, Workers: 4
[3217.140s][debug][gc,phases      ] GC(78)     Total                          Min: 0, Avg: 11.2, Max: 45, Diff: 45, Sum: 45, Workers: 4
[3217.140s][debug][gc,phases      ] GC(78)   StringDedup Table Weak         Min:  0.0, Avg:  0.0, Max:  0.0, Diff:  0.0, Sum:  0.0, Workers: 4
[3217.140s][debug][gc,phases      ] GC(78)     Dead                           Min: 0, Avg:  0.0, Max: 0, Diff: 0, Sum: 0, Workers: 4
[3217.140s][debug][gc,phases      ] GC(78)     Total                          Min: 0, Avg:  0.0, Max: 0, Diff: 0, Sum: 0, Workers: 4
[3217.140s][debug][gc,phases      ] GC(78)   StringDedup Requests0 Weak     Min:  0.0, Avg:  0.0, Max:  0.0, Diff:  0.0, Sum:  0.0, Workers: 4
[3217.140s][debug][gc,phases      ] GC(78)     Dead                           Min: 0, Avg:  0.0, Max: 0, Diff: 0, Sum: 0, Workers: 4
[3217.140s][debug][gc,phases      ] GC(78)     Total                          Min: 0, Avg:  0.0, Max: 0, Diff: 0, Sum: 0, Workers: 4
[3217.140s][debug][gc,phases      ] GC(78)   StringDedup Requests1 Weak     Min:  0.0, Avg:  0.0, Max:  0.0, Diff:  0.0, Sum:  0.0, Workers: 4
[3217.140s][debug][gc,phases      ] GC(78)     Dead                           Min: 0, Avg:  0.0, Max: 0, Diff: 0, Sum: 0, Workers: 4
[3217.140s][debug][gc,phases      ] GC(78)     Total                          Min: 0, Avg:  0.0, Max: 0, Diff: 0, Sum: 0, Workers: 4
[3217.140s][debug][gc,phases      ] GC(78)   Weak JFR Old Object Samples    Min:  0.0, Avg:  0.0, Max:  0.0, Diff:  0.0, Sum:  0.0, Workers: 4
[3217.140s][debug][gc,phases      ] GC(78)     Dead                           Min: 0, Avg:  0.0, Max: 0, Diff: 0, Sum: 0, Workers: 4
[3217.140s][debug][gc,phases      ] GC(78)     Total                          Min: 0, Avg:  0.0, Max: 0, Diff: 0, Sum: 0, Workers: 4
[3217.140s][debug][gc,phases      ] GC(78) Weak Processing 0.409ms
[3217.140s][debug][gc,age         ] GC(78) Desired survivor size 24641536 bytes, new threshold 15 (max threshold 15)
[3217.140s][info ][gc,heap        ] GC(78) PSYoungGen: 2042144K(2067968K)->2304K(2073088K) Eden: 2040320K(2040320K)->0K(2047488K) From: 1824K(27648K)->2304K(25600K)
[3217.140s][info ][gc,heap        ] GC(78) ParOldGen: 452851K(532992K)->452895K(532992K)
[3217.140s][info ][gc,metaspace   ] GC(78) Metaspace: 81588K(82688K)->81588K(82688K) NonClass: 70055K(70656K)->70055K(70656K) Class: 11533K(12032K)->11533K(12032K)
[3217.140s][info ][gc             ] GC(78) Pause Young (Allocation Failure) 2436M->444M(2545M) 4.011ms
[3217.140s][info ][gc,cpu         ] GC(78) User=0.01s Sys=0.00s Real=0.01s
[3217.140s][info ][safepoint      ] Safepoint "ParallelGCFailedAllocation", Time since last: 14037082087 ns, Reaching safepoint: 46701 ns, At safepoint: 4098417 ns, Total: 4145118 ns
[3228.142s][info ][safepoint      ] Safepoint "Cleanup", Time since last: 11002469427 ns, Reaching safepoint: 123403 ns, At safepoint: 11800 ns, Total: 135203 ns
[3280.584s][info ][gc,start       ] GC(79) Pause Young (Allocation Failure)
[3280.587s][debug][gc,phases      ] GC(79) Scavenge 3.372ms
[3280.587s][debug][gc,ref         ] GC(79) Skipped phase 1 of Reference Processing: no references
[3280.588s][debug][gc,ref         ] GC(79) ReferenceProcessor::execute queues: 1, RefProcThreadModel::Single, marks_oops_alive: false
[3280.588s][debug][gc,ref         ] GC(79) Skipped phase 3 of Reference Processing: no references
[3280.588s][debug][gc,ref         ] GC(79) ReferenceProcessor::execute queues: 1, RefProcThreadModel::Single, marks_oops_alive: false
[3280.588s][debug][gc,phases      ] GC(79) Reference Processing 0.131ms
[3280.588s][debug][gc,phases      ] GC(79)   VM Weak                        Min:  0.0, Avg:  0.0, Max:  0.0, Diff:  0.0, Sum:  0.0, Workers: 4
[3280.588s][debug][gc,phases      ] GC(79)     Dead                           Min: 0, Avg:  0.0, Max: 0, Diff: 0, Sum: 0, Workers: 4
[3280.588s][debug][gc,phases      ] GC(79)     Total                          Min: 0, Avg: 224.2, Max: 577, Diff: 577, Sum: 897, Workers: 4
[3280.588s][debug][gc,phases      ] GC(79)   ObjectSynchronizer Weak        Min:  0.0, Avg:  0.0, Max:  0.0, Diff:  0.0, Sum:  0.0, Workers: 4
[3280.588s][debug][gc,phases      ] GC(79)     Dead                           Min: 0, Avg:  0.0, Max: 0, Diff: 0, Sum: 0, Workers: 4
[3280.588s][debug][gc,phases      ] GC(79)     Total                          Min: 0, Avg:  7.5, Max: 30, Diff: 30, Sum: 30, Workers: 4
[3280.588s][debug][gc,phases      ] GC(79)   JVMTI Tag Weak OopStorage      Min:  0.0, Avg:  0.0, Max:  0.0, Diff:  0.0, Sum:  0.0, Workers: 4
[3280.588s][debug][gc,phases      ] GC(79)     Dead                           Min: 0, Avg:  0.0, Max: 0, Diff: 0, Sum: 0, Workers: 4
[3280.588s][debug][gc,phases      ] GC(79)     Total                          Min: 0, Avg:  0.0, Max: 0, Diff: 0, Sum: 0, Workers: 4
[3280.588s][debug][gc,phases      ] GC(79)   StringTable Weak               Min:  0.0, Avg:  0.1, Max:  0.2, Diff:  0.2, Sum:  0.4, Workers: 4
[3280.588s][debug][gc,phases      ] GC(79)     Dead                           Min: 0, Avg:  0.0, Max: 0, Diff: 0, Sum: 0, Workers: 4
[3280.588s][debug][gc,phases      ] GC(79)     Total                          Min: 0, Avg: 10791.8, Max: 16062, Diff: 16062, Sum: 43167, Workers: 4
[3280.588s][debug][gc,phases      ] GC(79)   ResolvedMethodTable Weak       Min:  0.0, Avg:  0.0, Max:  0.1, Diff:  0.1, Sum:  0.2, Workers: 4
[3280.588s][debug][gc,phases      ] GC(79)     Dead                           Min: 0, Avg:  0.0, Max: 0, Diff: 0, Sum: 0, Workers: 4
[3280.588s][debug][gc,phases      ] GC(79)     Total                          Min: 0, Avg: 2320.2, Max: 5056, Diff: 5056, Sum: 9281, Workers: 4
[3280.588s][debug][gc,phases      ] GC(79)   JNI Weak                       Min:  0.0, Avg:  0.0, Max:  0.0, Diff:  0.0, Sum:  0.0, Workers: 4
[3280.588s][debug][gc,phases      ] GC(79)     Dead                           Min: 0, Avg:  0.0, Max: 0, Diff: 0, Sum: 0, Workers: 4
[3280.588s][debug][gc,phases      ] GC(79)     Total                          Min: 0, Avg: 11.2, Max: 45, Diff: 45, Sum: 45, Workers: 4
[3280.588s][debug][gc,phases      ] GC(79)   StringDedup Table Weak         Min:  0.0, Avg:  0.0, Max:  0.0, Diff:  0.0, Sum:  0.0, Workers: 4
[3280.588s][debug][gc,phases      ] GC(79)     Dead                           Min: 0, Avg:  0.0, Max: 0, Diff: 0, Sum: 0, Workers: 4
[3280.588s][debug][gc,phases      ] GC(79)     Total                          Min: 0, Avg:  0.0, Max: 0, Diff: 0, Sum: 0, Workers: 4
[3280.588s][debug][gc,phases      ] GC(79)   StringDedup Requests0 Weak     Min:  0.0, Avg:  0.0, Max:  0.0, Diff:  0.0, Sum:  0.0, Workers: 4
[3280.588s][debug][gc,phases      ] GC(79)     Dead                           Min: 0, Avg:  0.0, Max: 0, Diff: 0, Sum: 0, Workers: 4
[3280.588s][debug][gc,phases      ] GC(79)     Total                          Min: 0, Avg:  0.0, Max: 0, Diff: 0, Sum: 0, Workers: 4
[3280.588s][debug][gc,phases      ] GC(79)   StringDedup Requests1 Weak     Min:  0.0, Avg:  0.0, Max:  0.0, Diff:  0.0, Sum:  0.0, Workers: 4
[3280.588s][debug][gc,phases      ] GC(79)     Dead                           Min: 0, Avg:  0.0, Max: 0, Diff: 0, Sum: 0, Workers: 4
[3280.588s][debug][gc,phases      ] GC(79)     Total                          Min: 0, Avg:  0.0, Max: 0, Diff: 0, Sum: 0, Workers: 4
[3280.588s][debug][gc,phases      ] GC(79)   Weak JFR Old Object Samples    Min:  0.0, Avg:  0.0, Max:  0.0, Diff:  0.0, Sum:  0.0, Workers: 4
[3280.588s][debug][gc,phases      ] GC(79)     Dead                           Min: 0, Avg:  0.0, Max: 0, Diff: 0, Sum: 0, Workers: 4
[3280.588s][debug][gc,phases      ] GC(79)     Total                          Min: 0, Avg:  0.0, Max: 0, Diff: 0, Sum: 0, Workers: 4
[3280.588s][debug][gc,phases      ] GC(79) Weak Processing 0.504ms
[3280.588s][debug][gc,age         ] GC(79) Desired survivor size 23068672 bytes, new threshold 15 (max threshold 15)
[3280.588s][info ][gc,heap        ] GC(79) PSYoungGen: 2049792K(2073088K)->2752K(2071552K) Eden: 2047488K(2047488K)->0K(2047488K) From: 2304K(25600K)->2752K(24064K)
[3280.588s][info ][gc,heap        ] GC(79) ParOldGen: 452895K(532992K)->452919K(532992K)
[3280.588s][info ][gc,metaspace   ] GC(79) Metaspace: 81589K(82688K)->81589K(82688K) NonClass: 70056K(70656K)->70056K(70656K) Class: 11533K(12032K)->11533K(12032K)
[3280.588s][info ][gc             ] GC(79) Pause Young (Allocation Failure) 2444M->444M(2543M) 4.150ms
[3280.588s][info ][gc,cpu         ] GC(79) User=0.01s Sys=0.00s Real=0.00s
[3280.588s][info ][safepoint      ] Safepoint "ParallelGCFailedAllocation", Time since last: 52441409602 ns, Reaching safepoint: 43602 ns, At safepoint: 4255104 ns, Total: 4298706 ns
[3321.591s][info ][safepoint      ] Safepoint "Cleanup", Time since last: 41003089913 ns, Reaching safepoint: 66402 ns, At safepoint: 39201 ns, Total: 105603 ns
[3328.592s][info ][safepoint      ] Safepoint "Cleanup", Time since last: 7000559172 ns, Reaching safepoint: 58001 ns, At safepoint: 11000 ns, Total: 69001 ns
[3346.433s][info ][gc,start       ] GC(80) Pause Young (Allocation Failure)
[3346.437s][debug][gc,phases      ] GC(80) Scavenge 3.266ms
[3346.437s][debug][gc,ref         ] GC(80) Skipped phase 1 of Reference Processing: no references
[3346.437s][debug][gc,ref         ] GC(80) ReferenceProcessor::execute queues: 1, RefProcThreadModel::Single, marks_oops_alive: false
[3346.437s][debug][gc,ref         ] GC(80) Skipped phase 3 of Reference Processing: no references
[3346.437s][debug][gc,ref         ] GC(80) ReferenceProcessor::execute queues: 1, RefProcThreadModel::Single, marks_oops_alive: false
[3346.437s][debug][gc,phases      ] GC(80) Reference Processing 0.131ms
[3346.437s][debug][gc,phases      ] GC(80)   VM Weak                        Min:  0.0, Avg:  0.0, Max:  0.0, Diff:  0.0, Sum:  0.0, Workers: 4
[3346.437s][debug][gc,phases      ] GC(80)     Dead                           Min: 0, Avg:  0.0, Max: 0, Diff: 0, Sum: 0, Workers: 4
[3346.437s][debug][gc,phases      ] GC(80)     Total                          Min: 0, Avg: 224.2, Max: 769, Diff: 769, Sum: 897, Workers: 4
[3346.437s][debug][gc,phases      ] GC(80)   ObjectSynchronizer Weak        Min:  0.0, Avg:  0.0, Max:  0.0, Diff:  0.0, Sum:  0.0, Workers: 4
[3346.437s][debug][gc,phases      ] GC(80)     Dead                           Min: 0, Avg:  0.0, Max: 0, Diff: 0, Sum: 0, Workers: 4
[3346.437s][debug][gc,phases      ] GC(80)     Total                          Min: 0, Avg:  7.5, Max: 30, Diff: 30, Sum: 30, Workers: 4
[3346.437s][debug][gc,phases      ] GC(80)   JVMTI Tag Weak OopStorage      Min:  0.0, Avg:  0.0, Max:  0.0, Diff:  0.0, Sum:  0.0, Workers: 4
[3346.437s][debug][gc,phases      ] GC(80)     Dead                           Min: 0, Avg:  0.0, Max: 0, Diff: 0, Sum: 0, Workers: 4
[3346.437s][debug][gc,phases      ] GC(80)     Total                          Min: 0, Avg:  0.0, Max: 0, Diff: 0, Sum: 0, Workers: 4
[3346.437s][debug][gc,phases      ] GC(80)   StringTable Weak               Min:  0.0, Avg:  0.1, Max:  0.1, Diff:  0.1, Sum:  0.4, Workers: 4
[3346.437s][debug][gc,phases      ] GC(80)     Dead                           Min: 0, Avg:  0.0, Max: 0, Diff: 0, Sum: 0, Workers: 4
[3346.437s][debug][gc,phases      ] GC(80)     Total                          Min: 0, Avg: 10791.8, Max: 15231, Diff: 15231, Sum: 43167, Workers: 4
[3346.437s][debug][gc,phases      ] GC(80)   ResolvedMethodTable Weak       Min:  0.0, Avg:  0.0, Max:  0.0, Diff:  0.0, Sum:  0.1, Workers: 4
[3346.437s][debug][gc,phases      ] GC(80)     Dead                           Min: 0, Avg:  0.0, Max: 0, Diff: 0, Sum: 0, Workers: 4
[3346.437s][debug][gc,phases      ] GC(80)     Total                          Min: 0, Avg: 2320.2, Max: 3265, Diff: 3265, Sum: 9281, Workers: 4
[3346.437s][debug][gc,phases      ] GC(80)   JNI Weak                       Min:  0.0, Avg:  0.0, Max:  0.0, Diff:  0.0, Sum:  0.0, Workers: 4
[3346.437s][debug][gc,phases      ] GC(80)     Dead                           Min: 0, Avg:  0.0, Max: 0, Diff: 0, Sum: 0, Workers: 4
[3346.437s][debug][gc,phases      ] GC(80)     Total                          Min: 0, Avg: 11.2, Max: 45, Diff: 45, Sum: 45, Workers: 4
[3346.437s][debug][gc,phases      ] GC(80)   StringDedup Table Weak         Min:  0.0, Avg:  0.0, Max:  0.0, Diff:  0.0, Sum:  0.0, Workers: 4
[3346.437s][debug][gc,phases      ] GC(80)     Dead                           Min: 0, Avg:  0.0, Max: 0, Diff: 0, Sum: 0, Workers: 4
[3346.437s][debug][gc,phases      ] GC(80)     Total                          Min: 0, Avg:  0.0, Max: 0, Diff: 0, Sum: 0, Workers: 4
[3346.437s][debug][gc,phases      ] GC(80)   StringDedup Requests0 Weak     Min:  0.0, Avg:  0.0, Max:  0.0, Diff:  0.0, Sum:  0.0, Workers: 4
[3346.437s][debug][gc,phases      ] GC(80)     Dead                           Min: 0, Avg:  0.0, Max: 0, Diff: 0, Sum: 0, Workers: 4
[3346.437s][debug][gc,phases      ] GC(80)     Total                          Min: 0, Avg:  0.0, Max: 0, Diff: 0, Sum: 0, Workers: 4
[3346.437s][debug][gc,phases      ] GC(80)   StringDedup Requests1 Weak     Min:  0.0, Avg:  0.0, Max:  0.0, Diff:  0.0, Sum:  0.0, Workers: 4
[3346.437s][debug][gc,phases      ] GC(80)     Dead                           Min: 0, Avg:  0.0, Max: 0, Diff: 0, Sum: 0, Workers: 4
[3346.437s][debug][gc,phases      ] GC(80)     Total                          Min: 0, Avg:  0.0, Max: 0, Diff: 0, Sum: 0, Workers: 4
[3346.437s][debug][gc,phases      ] GC(80)   Weak JFR Old Object Samples    Min:  0.0, Avg:  0.0, Max:  0.0, Diff:  0.0, Sum:  0.0, Workers: 4
[3346.437s][debug][gc,phases      ] GC(80)     Dead                           Min: 0, Avg:  0.0, Max: 0, Diff: 0, Sum: 0, Workers: 4
[3346.437s][debug][gc,phases      ] GC(80)     Total                          Min: 0, Avg:  0.0, Max: 0, Diff: 0, Sum: 0, Workers: 4
[3346.437s][debug][gc,phases      ] GC(80) Weak Processing 0.356ms
[3346.437s][debug][gc,age         ] GC(80) Desired survivor size 21495808 bytes, new threshold 15 (max threshold 15)
[3346.437s][info ][gc,heap        ] GC(80) PSYoungGen: 2050240K(2071552K)->2656K(2076160K) Eden: 2047488K(2047488K)->0K(2053632K) From: 2752K(24064K)->2656K(22528K)
[3346.437s][info ][gc,heap        ] GC(80) ParOldGen: 452919K(532992K)->453023K(532992K)
[3346.437s][info ][gc,metaspace   ] GC(80) Metaspace: 81589K(82688K)->81589K(82688K) NonClass: 70056K(70656K)->70056K(70656K) Class: 11533K(12032K)->11533K(12032K)
[3346.437s][info ][gc             ] GC(80) Pause Young (Allocation Failure) 2444M->444M(2548M) 3.906ms
[3346.437s][info ][gc,cpu         ] GC(80) User=0.00s Sys=0.00s Real=0.00s
[3346.437s][info ][safepoint      ] Safepoint "ParallelGCFailedAllocation", Time since last: 17841276205 ns, Reaching safepoint: 35900 ns, At safepoint: 3974997 ns, Total: 4010897 ns
[3415.479s][info ][gc,start       ] GC(81) Pause Young (Allocation Failure)
[3415.483s][debug][gc,phases      ] GC(81) Scavenge 3.383ms
[3415.483s][debug][gc,ref         ] GC(81) Skipped phase 1 of Reference Processing: no references
[3415.483s][debug][gc,ref         ] GC(81) ReferenceProcessor::execute queues: 1, RefProcThreadModel::Single, marks_oops_alive: false
[3415.483s][debug][gc,ref         ] GC(81) Skipped phase 3 of Reference Processing: no references
[3415.483s][debug][gc,ref         ] GC(81) ReferenceProcessor::execute queues: 1, RefProcThreadModel::Single, marks_oops_alive: false
[3415.483s][debug][gc,phases      ] GC(81) Reference Processing 0.112ms
[3415.483s][debug][gc,phases      ] GC(81)   VM Weak                        Min:  0.0, Avg:  0.0, Max:  0.0, Diff:  0.0, Sum:  0.0, Workers: 4
[3415.483s][debug][gc,phases      ] GC(81)     Dead                           Min: 0, Avg:  0.0, Max: 0, Diff: 0, Sum: 0, Workers: 4
[3415.483s][debug][gc,phases      ] GC(81)     Total                          Min: 0, Avg: 224.2, Max: 640, Diff: 640, Sum: 897, Workers: 4
[3415.483s][debug][gc,phases      ] GC(81)   ObjectSynchronizer Weak        Min:  0.0, Avg:  0.0, Max:  0.0, Diff:  0.0, Sum:  0.0, Workers: 4
[3415.483s][debug][gc,phases      ] GC(81)     Dead                           Min: 0, Avg:  0.0, Max: 0, Diff: 0, Sum: 0, Workers: 4
[3415.483s][debug][gc,phases      ] GC(81)     Total                          Min: 0, Avg:  7.5, Max: 30, Diff: 30, Sum: 30, Workers: 4
[3415.483s][debug][gc,phases      ] GC(81)   JVMTI Tag Weak OopStorage      Min:  0.0, Avg:  0.0, Max:  0.0, Diff:  0.0, Sum:  0.0, Workers: 4
[3415.483s][debug][gc,phases      ] GC(81)     Dead                           Min: 0, Avg:  0.0, Max: 0, Diff: 0, Sum: 0, Workers: 4
[3415.483s][debug][gc,phases      ] GC(81)     Total                          Min: 0, Avg:  0.0, Max: 0, Diff: 0, Sum: 0, Workers: 4
[3415.483s][debug][gc,phases      ] GC(81)   StringTable Weak               Min:  0.0, Avg:  0.1, Max:  0.2, Diff:  0.2, Sum:  0.4, Workers: 4
[3415.483s][debug][gc,phases      ] GC(81)     Dead                           Min: 0, Avg:  0.0, Max: 0, Diff: 0, Sum: 0, Workers: 4
[3415.483s][debug][gc,phases      ] GC(81)     Total                          Min: 0, Avg: 10791.8, Max: 23103, Diff: 23103, Sum: 43167, Workers: 4
[3415.483s][debug][gc,phases      ] GC(81)   ResolvedMethodTable Weak       Min:  0.0, Avg:  0.0, Max:  0.0, Diff:  0.0, Sum:  0.1, Workers: 4
[3415.483s][debug][gc,phases      ] GC(81)     Dead                           Min: 0, Avg:  0.0, Max: 0, Diff: 0, Sum: 0, Workers: 4
[3415.483s][debug][gc,phases      ] GC(81)     Total                          Min: 0, Avg: 2320.2, Max: 4993, Diff: 4993, Sum: 9281, Workers: 4
[3415.483s][debug][gc,phases      ] GC(81)   JNI Weak                       Min:  0.0, Avg:  0.0, Max:  0.0, Diff:  0.0, Sum:  0.0, Workers: 4
[3415.483s][debug][gc,phases      ] GC(81)     Dead                           Min: 0, Avg:  0.0, Max: 0, Diff: 0, Sum: 0, Workers: 4
[3415.483s][debug][gc,phases      ] GC(81)     Total                          Min: 0, Avg: 11.2, Max: 45, Diff: 45, Sum: 45, Workers: 4
[3415.483s][debug][gc,phases      ] GC(81)   StringDedup Table Weak         Min:  0.0, Avg:  0.0, Max:  0.0, Diff:  0.0, Sum:  0.0, Workers: 4
[3415.483s][debug][gc,phases      ] GC(81)     Dead                           Min: 0, Avg:  0.0, Max: 0, Diff: 0, Sum: 0, Workers: 4
[3415.483s][debug][gc,phases      ] GC(81)     Total                          Min: 0, Avg:  0.0, Max: 0, Diff: 0, Sum: 0, Workers: 4
[3415.483s][debug][gc,phases      ] GC(81)   StringDedup Requests0 Weak     Min:  0.0, Avg:  0.0, Max:  0.0, Diff:  0.0, Sum:  0.0, Workers: 4
[3415.483s][debug][gc,phases      ] GC(81)     Dead                           Min: 0, Avg:  0.0, Max: 0, Diff: 0, Sum: 0, Workers: 4
[3415.483s][debug][gc,phases      ] GC(81)     Total                          Min: 0, Avg:  0.0, Max: 0, Diff: 0, Sum: 0, Workers: 4
[3415.483s][debug][gc,phases      ] GC(81)   StringDedup Requests1 Weak     Min:  0.0, Avg:  0.0, Max:  0.0, Diff:  0.0, Sum:  0.0, Workers: 4
[3415.483s][debug][gc,phases      ] GC(81)     Dead                           Min: 0, Avg:  0.0, Max: 0, Diff: 0, Sum: 0, Workers: 4
[3415.483s][debug][gc,phases      ] GC(81)     Total                          Min: 0, Avg:  0.0, Max: 0, Diff: 0, Sum: 0, Workers: 4
[3415.483s][debug][gc,phases      ] GC(81)   Weak JFR Old Object Samples    Min:  0.0, Avg:  0.0, Max:  0.0, Diff:  0.0, Sum:  0.0, Workers: 4
[3415.483s][debug][gc,phases      ] GC(81)     Dead                           Min: 0, Avg:  0.0, Max: 0, Diff: 0, Sum: 0, Workers: 4
[3415.483s][debug][gc,phases      ] GC(81)     Total                          Min: 0, Avg:  0.0, Max: 0, Diff: 0, Sum: 0, Workers: 4
[3415.483s][debug][gc,phases      ] GC(81) Weak Processing 0.453ms
[3415.483s][debug][gc,age         ] GC(81) Desired survivor size 20447232 bytes, new threshold 15 (max threshold 15)
[3415.483s][info ][gc,heap        ] GC(81) PSYoungGen: 2056288K(2076160K)->3200K(2074624K) Eden: 2053632K(2053632K)->0K(2053632K) From: 2656K(22528K)->3200K(20992K)
[3415.483s][info ][gc,heap        ] GC(81) ParOldGen: 453023K(532992K)->453055K(532992K)
[3415.483s][info ][gc,metaspace   ] GC(81) Metaspace: 81592K(82688K)->81592K(82688K) NonClass: 70059K(70656K)->70059K(70656K) Class: 11533K(12032K)->11533K(12032K)
[3415.483s][info ][gc             ] GC(81) Pause Young (Allocation Failure) 2450M->445M(2546M) 4.089ms
[3415.483s][info ][gc,cpu         ] GC(81) User=0.01s Sys=0.00s Real=0.00s
[3415.483s][info ][safepoint      ] Safepoint "ParallelGCFailedAllocation", Time since last: 69041780302 ns, Reaching safepoint: 35601 ns, At safepoint: 4160704 ns, Total: 4196305 ns
[3488.965s][info ][gc,start       ] GC(82) Pause Young (Allocation Failure)
[3488.969s][debug][gc,phases      ] GC(82) Scavenge 3.260ms
[3488.969s][debug][gc,ref         ] GC(82) Skipped phase 1 of Reference Processing: no references
[3488.969s][debug][gc,ref         ] GC(82) ReferenceProcessor::execute queues: 1, RefProcThreadModel::Single, marks_oops_alive: false
[3488.969s][debug][gc,ref         ] GC(82) Skipped phase 3 of Reference Processing: no references
[3488.969s][debug][gc,ref         ] GC(82) ReferenceProcessor::execute queues: 1, RefProcThreadModel::Single, marks_oops_alive: false
[3488.969s][debug][gc,phases      ] GC(82) Reference Processing 0.117ms
[3488.969s][debug][gc,phases      ] GC(82)   VM Weak                        Min:  0.0, Avg:  0.0, Max:  0.0, Diff:  0.0, Sum:  0.0, Workers: 4
[3488.969s][debug][gc,phases      ] GC(82)     Dead                           Min: 0, Avg:  0.0, Max: 0, Diff: 0, Sum: 0, Workers: 4
[3488.969s][debug][gc,phases      ] GC(82)     Total                          Min: 0, Avg: 224.2, Max: 512, Diff: 512, Sum: 897, Workers: 4
[3488.969s][debug][gc,phases      ] GC(82)   ObjectSynchronizer Weak        Min:  0.0, Avg:  0.0, Max:  0.0, Diff:  0.0, Sum:  0.0, Workers: 4
[3488.969s][debug][gc,phases      ] GC(82)     Dead                           Min: 0, Avg:  0.0, Max: 0, Diff: 0, Sum: 0, Workers: 4
[3488.969s][debug][gc,phases      ] GC(82)     Total                          Min: 0, Avg:  7.5, Max: 30, Diff: 30, Sum: 30, Workers: 4
[3488.969s][debug][gc,phases      ] GC(82)   JVMTI Tag Weak OopStorage      Min:  0.0, Avg:  0.0, Max:  0.0, Diff:  0.0, Sum:  0.0, Workers: 4
[3488.969s][debug][gc,phases      ] GC(82)     Dead                           Min: 0, Avg:  0.0, Max: 0, Diff: 0, Sum: 0, Workers: 4
[3488.969s][debug][gc,phases      ] GC(82)     Total                          Min: 0, Avg:  0.0, Max: 0, Diff: 0, Sum: 0, Workers: 4
[3488.969s][debug][gc,phases      ] GC(82)   StringTable Weak               Min:  0.0, Avg:  0.1, Max:  0.1, Diff:  0.1, Sum:  0.4, Workers: 4
[3488.969s][debug][gc,phases      ] GC(82)     Dead                           Min: 0, Avg:  0.0, Max: 0, Diff: 0, Sum: 0, Workers: 4
[3488.969s][debug][gc,phases      ] GC(82)     Total                          Min: 0, Avg: 10791.8, Max: 16191, Diff: 16191, Sum: 43167, Workers: 4
[3488.969s][debug][gc,phases      ] GC(82)   ResolvedMethodTable Weak       Min:  0.0, Avg:  0.0, Max:  0.0, Diff:  0.0, Sum:  0.1, Workers: 4
[3488.969s][debug][gc,phases      ] GC(82)     Dead                           Min: 0, Avg:  0.0, Max: 0, Diff: 0, Sum: 0, Workers: 4
[3488.969s][debug][gc,phases      ] GC(82)     Total                          Min: 0, Avg: 2320.2, Max: 3521, Diff: 3521, Sum: 9281, Workers: 4
[3488.969s][debug][gc,phases      ] GC(82)   JNI Weak                       Min:  0.0, Avg:  0.0, Max:  0.0, Diff:  0.0, Sum:  0.0, Workers: 4
[3488.969s][debug][gc,phases      ] GC(82)     Dead                           Min: 0, Avg:  0.0, Max: 0, Diff: 0, Sum: 0, Workers: 4
[3488.969s][debug][gc,phases      ] GC(82)     Total                          Min: 0, Avg: 11.2, Max: 45, Diff: 45, Sum: 45, Workers: 4
[3488.969s][debug][gc,phases      ] GC(82)   StringDedup Table Weak         Min:  0.0, Avg:  0.0, Max:  0.0, Diff:  0.0, Sum:  0.0, Workers: 4
[3488.969s][debug][gc,phases      ] GC(82)     Dead                           Min: 0, Avg:  0.0, Max: 0, Diff: 0, Sum: 0, Workers: 4
[3488.969s][debug][gc,phases      ] GC(82)     Total                          Min: 0, Avg:  0.0, Max: 0, Diff: 0, Sum: 0, Workers: 4
[3488.969s][debug][gc,phases      ] GC(82)   StringDedup Requests0 Weak     Min:  0.0, Avg:  0.0, Max:  0.0, Diff:  0.0, Sum:  0.0, Workers: 4
[3488.969s][debug][gc,phases      ] GC(82)     Dead                           Min: 0, Avg:  0.0, Max: 0, Diff: 0, Sum: 0, Workers: 4
[3488.969s][debug][gc,phases      ] GC(82)     Total                          Min: 0, Avg:  0.0, Max: 0, Diff: 0, Sum: 0, Workers: 4
[3488.969s][debug][gc,phases      ] GC(82)   StringDedup Requests1 Weak     Min:  0.0, Avg:  0.0, Max:  0.0, Diff:  0.0, Sum:  0.0, Workers: 4
[3488.969s][debug][gc,phases      ] GC(82)     Dead                           Min: 0, Avg:  0.0, Max: 0, Diff: 0, Sum: 0, Workers: 4
[3488.969s][debug][gc,phases      ] GC(82)     Total                          Min: 0, Avg:  0.0, Max: 0, Diff: 0, Sum: 0, Workers: 4
[3488.969s][debug][gc,phases      ] GC(82)   Weak JFR Old Object Samples    Min:  0.0, Avg:  0.0, Max:  0.0, Diff:  0.0, Sum:  0.0, Workers: 4
[3488.969s][debug][gc,phases      ] GC(82)     Dead                           Min: 0, Avg:  0.0, Max: 0, Diff: 0, Sum: 0, Workers: 4
[3488.969s][debug][gc,phases      ] GC(82)     Total                          Min: 0, Avg:  0.0, Max: 0, Diff: 0, Sum: 0, Workers: 4
[3488.969s][debug][gc,phases      ] GC(82) Weak Processing 0.372ms
[3488.969s][debug][gc,age         ] GC(82) Desired survivor size 18874368 bytes, new threshold 15 (max threshold 15)
[3488.969s][info ][gc,heap        ] GC(82) PSYoungGen: 2056832K(2074624K)->3552K(2078720K) Eden: 2053632K(2053632K)->0K(2058752K) From: 3200K(20992K)->3552K(19968K)
[3488.969s][info ][gc,heap        ] GC(82) ParOldGen: 453055K(532992K)->453071K(532992K)
[3488.969s][info ][gc,metaspace   ] GC(82) Metaspace: 81593K(82688K)->81593K(82688K) NonClass: 70060K(70656K)->70060K(70656K) Class: 11533K(12032K)->11533K(12032K)
[3488.969s][info ][gc             ] GC(82) Pause Young (Allocation Failure) 2451M->445M(2550M) 3.915ms
[3488.969s][info ][gc,cpu         ] GC(82) User=0.02s Sys=0.00s Real=0.00s
[3488.969s][info ][safepoint      ] Safepoint "ParallelGCFailedAllocation", Time since last: 73482139926 ns, Reaching safepoint: 29001 ns, At safepoint: 3992097 ns, Total: 4021098 ns
[3517.971s][info ][safepoint      ] Safepoint "Cleanup", Time since last: 29001972741 ns, Reaching safepoint: 66102 ns, At safepoint: 2400 ns, Total: 68502 ns
[3523.972s][info ][safepoint      ] Safepoint "Cleanup", Time since last: 6000361382 ns, Reaching safepoint: 43401 ns, At safepoint: 2901 ns, Total: 46302 ns
[3536.973s][info ][safepoint      ] Safepoint "Cleanup", Time since last: 13000868649 ns, Reaching safepoint: 54701 ns, At safepoint: 5801 ns, Total: 60502 ns
[3544.973s][info ][safepoint      ] Safepoint "Cleanup", Time since last: 8000604324 ns, Reaching safepoint: 44001 ns, At safepoint: 2100 ns, Total: 46101 ns
[3564.630s][info ][gc,start       ] GC(83) Pause Young (Allocation Failure)
[3564.634s][debug][gc,phases      ] GC(83) Scavenge 3.425ms
[3564.634s][debug][gc,ref         ] GC(83) Skipped phase 1 of Reference Processing: no references
[3564.634s][debug][gc,ref         ] GC(83) ReferenceProcessor::execute queues: 1, RefProcThreadModel::Single, marks_oops_alive: false
[3564.634s][debug][gc,ref         ] GC(83) Skipped phase 3 of Reference Processing: no references
[3564.634s][debug][gc,ref         ] GC(83) ReferenceProcessor::execute queues: 1, RefProcThreadModel::Single, marks_oops_alive: false
[3564.634s][debug][gc,phases      ] GC(83) Reference Processing 0.103ms
[3564.634s][debug][gc,phases      ] GC(83)   VM Weak                        Min:  0.0, Avg:  0.0, Max:  0.0, Diff:  0.0, Sum:  0.0, Workers: 4
[3564.634s][debug][gc,phases      ] GC(83)     Dead                           Min: 0, Avg:  0.0, Max: 0, Diff: 0, Sum: 0, Workers: 4
[3564.634s][debug][gc,phases      ] GC(83)     Total                          Min: 0, Avg: 224.2, Max: 512, Diff: 512, Sum: 897, Workers: 4
[3564.634s][debug][gc,phases      ] GC(83)   ObjectSynchronizer Weak        Min:  0.0, Avg:  0.0, Max:  0.0, Diff:  0.0, Sum:  0.0, Workers: 4
[3564.634s][debug][gc,phases      ] GC(83)     Dead                           Min: 0, Avg:  0.0, Max: 0, Diff: 0, Sum: 0, Workers: 4
[3564.634s][debug][gc,phases      ] GC(83)     Total                          Min: 0, Avg:  7.5, Max: 30, Diff: 30, Sum: 30, Workers: 4
[3564.634s][debug][gc,phases      ] GC(83)   JVMTI Tag Weak OopStorage      Min:  0.0, Avg:  0.0, Max:  0.0, Diff:  0.0, Sum:  0.0, Workers: 4
[3564.634s][debug][gc,phases      ] GC(83)     Dead                           Min: 0, Avg:  0.0, Max: 0, Diff: 0, Sum: 0, Workers: 4
[3564.634s][debug][gc,phases      ] GC(83)     Total                          Min: 0, Avg:  0.0, Max: 0, Diff: 0, Sum: 0, Workers: 4
[3564.634s][debug][gc,phases      ] GC(83)   StringTable Weak               Min:  0.0, Avg:  0.1, Max:  0.2, Diff:  0.2, Sum:  0.3, Workers: 4
[3564.634s][debug][gc,phases      ] GC(83)     Dead                           Min: 0, Avg:  0.0, Max: 0, Diff: 0, Sum: 0, Workers: 4
[3564.634s][debug][gc,phases      ] GC(83)     Total                          Min: 0, Avg: 10799.2, Max: 23678, Diff: 23678, Sum: 43197, Workers: 4
[3564.634s][debug][gc,phases      ] GC(83)   ResolvedMethodTable Weak       Min:  0.0, Avg:  0.0, Max:  0.0, Diff:  0.0, Sum:  0.1, Workers: 4
[3564.634s][debug][gc,phases      ] GC(83)     Dead                           Min: 0, Avg:  0.0, Max: 0, Diff: 0, Sum: 0, Workers: 4
[3564.634s][debug][gc,phases      ] GC(83)     Total                          Min: 0, Avg: 2320.2, Max: 4992, Diff: 4992, Sum: 9281, Workers: 4
[3564.634s][debug][gc,phases      ] GC(83)   JNI Weak                       Min:  0.0, Avg:  0.0, Max:  0.0, Diff:  0.0, Sum:  0.0, Workers: 4
[3564.634s][debug][gc,phases      ] GC(83)     Dead                           Min: 0, Avg:  0.0, Max: 0, Diff: 0, Sum: 0, Workers: 4
[3564.634s][debug][gc,phases      ] GC(83)     Total                          Min: 0, Avg: 11.2, Max: 45, Diff: 45, Sum: 45, Workers: 4
[3564.634s][debug][gc,phases      ] GC(83)   StringDedup Table Weak         Min:  0.0, Avg:  0.0, Max:  0.0, Diff:  0.0, Sum:  0.0, Workers: 4
[3564.634s][debug][gc,phases      ] GC(83)     Dead                           Min: 0, Avg:  0.0, Max: 0, Diff: 0, Sum: 0, Workers: 4
[3564.634s][debug][gc,phases      ] GC(83)     Total                          Min: 0, Avg:  0.0, Max: 0, Diff: 0, Sum: 0, Workers: 4
[3564.634s][debug][gc,phases      ] GC(83)   StringDedup Requests0 Weak     Min:  0.0, Avg:  0.0, Max:  0.0, Diff:  0.0, Sum:  0.0, Workers: 4
[3564.634s][debug][gc,phases      ] GC(83)     Dead                           Min: 0, Avg:  0.0, Max: 0, Diff: 0, Sum: 0, Workers: 4
[3564.634s][debug][gc,phases      ] GC(83)     Total                          Min: 0, Avg:  0.0, Max: 0, Diff: 0, Sum: 0, Workers: 4
[3564.634s][debug][gc,phases      ] GC(83)   StringDedup Requests1 Weak     Min:  0.0, Avg:  0.0, Max:  0.0, Diff:  0.0, Sum:  0.0, Workers: 4
[3564.634s][debug][gc,phases      ] GC(83)     Dead                           Min: 0, Avg:  0.0, Max: 0, Diff: 0, Sum: 0, Workers: 4
[3564.634s][debug][gc,phases      ] GC(83)     Total                          Min: 0, Avg:  0.0, Max: 0, Diff: 0, Sum: 0, Workers: 4
[3564.634s][debug][gc,phases      ] GC(83)   Weak JFR Old Object Samples    Min:  0.0, Avg:  0.0, Max:  0.0, Diff:  0.0, Sum:  0.0, Workers: 4
[3564.634s][debug][gc,phases      ] GC(83)     Dead                           Min: 0, Avg:  0.0, Max: 0, Diff: 0, Sum: 0, Workers: 4
[3564.634s][debug][gc,phases      ] GC(83)     Total                          Min: 0, Avg:  0.0, Max: 0, Diff: 0, Sum: 0, Workers: 4
[3564.634s][debug][gc,phases      ] GC(83) Weak Processing 0.401ms
[3564.634s][debug][gc,age         ] GC(83) Desired survivor size 17301504 bytes, new threshold 15 (max threshold 15)
[3564.634s][info ][gc,heap        ] GC(83) PSYoungGen: 2062304K(2078720K)->3104K(2077184K) Eden: 2058752K(2058752K)->0K(2058752K) From: 3552K(19968K)->3104K(18432K)
[3564.634s][info ][gc,heap        ] GC(83) ParOldGen: 453071K(532992K)->453087K(532992K)
[3564.634s][info ][gc,metaspace   ] GC(83) Metaspace: 81594K(82688K)->81594K(82688K) NonClass: 70061K(70656K)->70061K(70656K) Class: 11533K(12032K)->11533K(12032K)
[3564.634s][info ][gc             ] GC(83) Pause Young (Allocation Failure) 2456M->445M(2549M) 4.086ms
[3564.634s][info ][gc,cpu         ] GC(83) User=0.01s Sys=0.00s Real=0.01s
[3564.634s][info ][safepoint      ] Safepoint "ParallelGCFailedAllocation", Time since last: 19656618003 ns, Reaching safepoint: 34501 ns, At safepoint: 4157489 ns, Total: 4191990 ns
[3579.636s][info ][safepoint      ] Safepoint "Cleanup", Time since last: 15001360594 ns, Reaching safepoint: 149603 ns, At safepoint: 7700 ns, Total: 157303 ns
[3601.638s][info ][safepoint      ] Safepoint "Cleanup", Time since last: 22001770983 ns, Reaching safepoint: 118502 ns, At safepoint: 6400 ns, Total: 124902 ns
[3602.638s][info ][safepoint      ] Safepoint "Cleanup", Time since last: 1000149938 ns, Reaching safepoint: 112403 ns, At safepoint: 8000 ns, Total: 120403 ns
[3617.639s][info ][safepoint      ] Safepoint "Cleanup", Time since last: 15001129853 ns, Reaching safepoint: 43301 ns, At safepoint: 44201 ns, Total: 87502 ns
[3619.648s][info ][safepoint      ] Safepoint "Cleanup", Time since last: 2000187930 ns, Reaching safepoint: 8871402 ns, At safepoint: 8800 ns, Total: 8880202 ns
[3626.651s][info ][safepoint      ] Safepoint "Cleanup", Time since last: 7002976523 ns, Reaching safepoint: 159304 ns, At safepoint: 3700 ns, Total: 163004 ns
[3627.652s][info ][safepoint      ] Safepoint "Cleanup", Time since last: 1000106983 ns, Reaching safepoint: 51601 ns, At safepoint: 2500 ns, Total: 54101 ns
[3628.652s][info ][safepoint      ] Safepoint "Cleanup", Time since last: 1000116984 ns, Reaching safepoint: 132003 ns, At safepoint: 3900 ns, Total: 135903 ns
[3634.652s][info ][safepoint      ] Safepoint "Cleanup", Time since last: 6000401212 ns, Reaching safepoint: 47801 ns, At safepoint: 2900 ns, Total: 50701 ns
[3636.653s][info ][safepoint      ] Safepoint "Cleanup", Time since last: 2000208864 ns, Reaching safepoint: 56402 ns, At safepoint: 2200 ns, Total: 58602 ns
[3639.382s][info ][gc,start       ] GC(84) Pause Young (Allocation Failure)
[3639.386s][debug][gc,phases      ] GC(84) Scavenge 3.335ms
[3639.386s][debug][gc,ref         ] GC(84) Skipped phase 1 of Reference Processing: no references
[3639.386s][debug][gc,ref         ] GC(84) ReferenceProcessor::execute queues: 1, RefProcThreadModel::Single, marks_oops_alive: false
[3639.386s][debug][gc,ref         ] GC(84) Skipped phase 3 of Reference Processing: no references
[3639.386s][debug][gc,ref         ] GC(84) ReferenceProcessor::execute queues: 1, RefProcThreadModel::Single, marks_oops_alive: false
[3639.386s][debug][gc,phases      ] GC(84) Reference Processing 0.135ms
[3639.386s][debug][gc,phases      ] GC(84)   VM Weak                        Min:  0.0, Avg:  0.0, Max:  0.0, Diff:  0.0, Sum:  0.0, Workers: 4
[3639.386s][debug][gc,phases      ] GC(84)     Dead                           Min: 0, Avg:  0.0, Max: 0, Diff: 0, Sum: 0, Workers: 4
[3639.386s][debug][gc,phases      ] GC(84)     Total                          Min: 0, Avg: 224.2, Max: 641, Diff: 641, Sum: 897, Workers: 4
[3639.386s][debug][gc,phases      ] GC(84)   ObjectSynchronizer Weak        Min:  0.0, Avg:  0.0, Max:  0.0, Diff:  0.0, Sum:  0.0, Workers: 4
[3639.386s][debug][gc,phases      ] GC(84)     Dead                           Min: 0, Avg:  0.0, Max: 0, Diff: 0, Sum: 0, Workers: 4
[3639.386s][debug][gc,phases      ] GC(84)     Total                          Min: 0, Avg:  7.5, Max: 30, Diff: 30, Sum: 30, Workers: 4
[3639.386s][debug][gc,phases      ] GC(84)   JVMTI Tag Weak OopStorage      Min:  0.0, Avg:  0.0, Max:  0.0, Diff:  0.0, Sum:  0.0, Workers: 4
[3639.386s][debug][gc,phases      ] GC(84)     Dead                           Min: 0, Avg:  0.0, Max: 0, Diff: 0, Sum: 0, Workers: 4
[3639.386s][debug][gc,phases      ] GC(84)     Total                          Min: 0, Avg:  0.0, Max: 0, Diff: 0, Sum: 0, Workers: 4
[3639.386s][debug][gc,phases      ] GC(84)   StringTable Weak               Min:  0.0, Avg:  0.1, Max:  0.2, Diff:  0.2, Sum:  0.4, Workers: 4
[3639.386s][debug][gc,phases      ] GC(84)     Dead                           Min: 0, Avg:  0.0, Max: 0, Diff: 0, Sum: 0, Workers: 4
[3639.386s][debug][gc,phases      ] GC(84)     Total                          Min: 0, Avg: 10802.2, Max: 22857, Diff: 22857, Sum: 43209, Workers: 4
[3639.386s][debug][gc,phases      ] GC(84)   ResolvedMethodTable Weak       Min:  0.0, Avg:  0.0, Max:  0.0, Diff:  0.0, Sum:  0.1, Workers: 4
[3639.386s][debug][gc,phases      ] GC(84)     Dead                           Min: 0, Avg:  0.0, Max: 0, Diff: 0, Sum: 0, Workers: 4
[3639.386s][debug][gc,phases      ] GC(84)     Total                          Min: 0, Avg: 2320.2, Max: 4673, Diff: 4673, Sum: 9281, Workers: 4
[3639.386s][debug][gc,phases      ] GC(84)   JNI Weak                       Min:  0.0, Avg:  0.0, Max:  0.0, Diff:  0.0, Sum:  0.0, Workers: 4
[3639.386s][debug][gc,phases      ] GC(84)     Dead                           Min: 0, Avg:  0.0, Max: 0, Diff: 0, Sum: 0, Workers: 4
[3639.386s][debug][gc,phases      ] GC(84)     Total                          Min: 0, Avg: 11.2, Max: 45, Diff: 45, Sum: 45, Workers: 4
[3639.386s][debug][gc,phases      ] GC(84)   StringDedup Table Weak         Min:  0.0, Avg:  0.0, Max:  0.0, Diff:  0.0, Sum:  0.0, Workers: 4
[3639.386s][debug][gc,phases      ] GC(84)     Dead                           Min: 0, Avg:  0.0, Max: 0, Diff: 0, Sum: 0, Workers: 4
[3639.386s][debug][gc,phases      ] GC(84)     Total                          Min: 0, Avg:  0.0, Max: 0, Diff: 0, Sum: 0, Workers: 4
[3639.386s][debug][gc,phases      ] GC(84)   StringDedup Requests0 Weak     Min:  0.0, Avg:  0.0, Max:  0.0, Diff:  0.0, Sum:  0.0, Workers: 4
[3639.386s][debug][gc,phases      ] GC(84)     Dead                           Min: 0, Avg:  0.0, Max: 0, Diff: 0, Sum: 0, Workers: 4
[3639.386s][debug][gc,phases      ] GC(84)     Total                          Min: 0, Avg:  0.0, Max: 0, Diff: 0, Sum: 0, Workers: 4
[3639.386s][debug][gc,phases      ] GC(84)   StringDedup Requests1 Weak     Min:  0.0, Avg:  0.0, Max:  0.0, Diff:  0.0, Sum:  0.0, Workers: 4
[3639.386s][debug][gc,phases      ] GC(84)     Dead                           Min: 0, Avg:  0.0, Max: 0, Diff: 0, Sum: 0, Workers: 4
[3639.386s][debug][gc,phases      ] GC(84)     Total                          Min: 0, Avg:  0.0, Max: 0, Diff: 0, Sum: 0, Workers: 4
[3639.386s][debug][gc,phases      ] GC(84)   Weak JFR Old Object Samples    Min:  0.0, Avg:  0.0, Max:  0.0, Diff:  0.0, Sum:  0.0, Workers: 4
[3639.386s][debug][gc,phases      ] GC(84)     Dead                           Min: 0, Avg:  0.0, Max: 0, Diff: 0, Sum: 0, Workers: 4
[3639.386s][debug][gc,phases      ] GC(84)     Total                          Min: 0, Avg:  0.0, Max: 0, Diff: 0, Sum: 0, Workers: 4
[3639.386s][debug][gc,phases      ] GC(84) Weak Processing 0.489ms
[3639.386s][debug][gc,age         ] GC(84) Desired survivor size 16252928 bytes, new threshold 15 (max threshold 15)
[3639.386s][info ][gc,heap        ] GC(84) PSYoungGen: 2061856K(2077184K)->3648K(2081280K) Eden: 2058752K(2058752K)->0K(2064384K) From: 3104K(18432K)->3648K(16896K)
[3639.386s][info ][gc,heap        ] GC(84) ParOldGen: 453087K(532992K)->453111K(532992K)
[3639.386s][info ][gc,metaspace   ] GC(84) Metaspace: 81605K(82688K)->81605K(82688K) NonClass: 70071K(70656K)->70071K(70656K) Class: 11533K(12032K)->11533K(12032K)
[3639.387s][info ][gc             ] GC(84) Pause Young (Allocation Failure) 2455M->446M(2553M) 4.121ms
[3639.387s][info ][gc,cpu         ] GC(84) User=0.01s Sys=0.00s Real=0.00s
[3639.387s][info ][safepoint      ] Safepoint "ParallelGCFailedAllocation", Time since last: 2729705399 ns, Reaching safepoint: 127003 ns, At safepoint: 4212295 ns, Total: 4339298 ns
[3642.387s][info ][safepoint      ] Safepoint "Cleanup", Time since last: 3000257338 ns, Reaching safepoint: 133803 ns, At safepoint: 8900 ns, Total: 142703 ns
[3699.391s][info ][safepoint      ] Safepoint "Cleanup", Time since last: 57004243135 ns, Reaching safepoint: 49401 ns, At safepoint: 32401 ns, Total: 81802 ns
[3701.392s][info ][safepoint      ] Safepoint "Cleanup", Time since last: 2000185251 ns, Reaching safepoint: 57702 ns, At safepoint: 3000 ns, Total: 60702 ns
[3703.082s][info ][gc,start       ] GC(85) Pause Young (Allocation Failure)
[3703.086s][debug][gc,phases      ] GC(85) Scavenge 3.713ms
[3703.086s][debug][gc,ref         ] GC(85) Skipped phase 1 of Reference Processing: no references
[3703.086s][debug][gc,ref         ] GC(85) ReferenceProcessor::execute queues: 1, RefProcThreadModel::Single, marks_oops_alive: false
[3703.086s][debug][gc,ref         ] GC(85) Skipped phase 3 of Reference Processing: no references
[3703.086s][debug][gc,ref         ] GC(85) ReferenceProcessor::execute queues: 1, RefProcThreadModel::Single, marks_oops_alive: false
[3703.086s][debug][gc,phases      ] GC(85) Reference Processing 0.143ms
[3703.086s][debug][gc,phases      ] GC(85)   VM Weak                        Min:  0.0, Avg:  0.0, Max:  0.0, Diff:  0.0, Sum:  0.0, Workers: 4
[3703.086s][debug][gc,phases      ] GC(85)     Dead                           Min: 0, Avg:  0.0, Max: 0, Diff: 0, Sum: 0, Workers: 4
[3703.086s][debug][gc,phases      ] GC(85)     Total                          Min: 0, Avg: 224.2, Max: 576, Diff: 576, Sum: 897, Workers: 4
[3703.086s][debug][gc,phases      ] GC(85)   ObjectSynchronizer Weak        Min:  0.0, Avg:  0.0, Max:  0.0, Diff:  0.0, Sum:  0.0, Workers: 4
[3703.086s][debug][gc,phases      ] GC(85)     Dead                           Min: 0, Avg:  0.0, Max: 0, Diff: 0, Sum: 0, Workers: 4
[3703.086s][debug][gc,phases      ] GC(85)     Total                          Min: 0, Avg:  7.5, Max: 30, Diff: 30, Sum: 30, Workers: 4
[3703.086s][debug][gc,phases      ] GC(85)   JVMTI Tag Weak OopStorage      Min:  0.0, Avg:  0.0, Max:  0.0, Diff:  0.0, Sum:  0.0, Workers: 4
[3703.086s][debug][gc,phases      ] GC(85)     Dead                           Min: 0, Avg:  0.0, Max: 0, Diff: 0, Sum: 0, Workers: 4
[3703.086s][debug][gc,phases      ] GC(85)     Total                          Min: 0, Avg:  0.0, Max: 0, Diff: 0, Sum: 0, Workers: 4
[3703.086s][debug][gc,phases      ] GC(85)   StringTable Weak               Min:  0.0, Avg:  0.1, Max:  0.2, Diff:  0.2, Sum:  0.4, Workers: 4
[3703.086s][debug][gc,phases      ] GC(85)     Dead                           Min: 0, Avg:  0.0, Max: 0, Diff: 0, Sum: 0, Workers: 4
[3703.086s][debug][gc,phases      ] GC(85)     Total                          Min: 0, Avg: 10802.2, Max: 22144, Diff: 22144, Sum: 43209, Workers: 4
[3703.086s][debug][gc,phases      ] GC(85)   ResolvedMethodTable Weak       Min:  0.0, Avg:  0.0, Max:  0.0, Diff:  0.0, Sum:  0.1, Workers: 4
[3703.086s][debug][gc,phases      ] GC(85)     Dead                           Min: 0, Avg:  0.0, Max: 0, Diff: 0, Sum: 0, Workers: 4
[3703.086s][debug][gc,phases      ] GC(85)     Total                          Min: 0, Avg: 2320.2, Max: 4736, Diff: 4736, Sum: 9281, Workers: 4
[3703.086s][debug][gc,phases      ] GC(85)   JNI Weak                       Min:  0.0, Avg:  0.0, Max:  0.0, Diff:  0.0, Sum:  0.0, Workers: 4
[3703.086s][debug][gc,phases      ] GC(85)     Dead                           Min: 0, Avg:  0.0, Max: 0, Diff: 0, Sum: 0, Workers: 4
[3703.086s][debug][gc,phases      ] GC(85)     Total                          Min: 0, Avg: 11.2, Max: 45, Diff: 45, Sum: 45, Workers: 4
[3703.086s][debug][gc,phases      ] GC(85)   StringDedup Table Weak         Min:  0.0, Avg:  0.0, Max:  0.0, Diff:  0.0, Sum:  0.0, Workers: 4
[3703.086s][debug][gc,phases      ] GC(85)     Dead                           Min: 0, Avg:  0.0, Max: 0, Diff: 0, Sum: 0, Workers: 4
[3703.086s][debug][gc,phases      ] GC(85)     Total                          Min: 0, Avg:  0.0, Max: 0, Diff: 0, Sum: 0, Workers: 4
[3703.086s][debug][gc,phases      ] GC(85)   StringDedup Requests0 Weak     Min:  0.0, Avg:  0.0, Max:  0.0, Diff:  0.0, Sum:  0.0, Workers: 4
[3703.086s][debug][gc,phases      ] GC(85)     Dead                           Min: 0, Avg:  0.0, Max: 0, Diff: 0, Sum: 0, Workers: 4
[3703.086s][debug][gc,phases      ] GC(85)     Total                          Min: 0, Avg:  0.0, Max: 0, Diff: 0, Sum: 0, Workers: 4
[3703.086s][debug][gc,phases      ] GC(85)   StringDedup Requests1 Weak     Min:  0.0, Avg:  0.0, Max:  0.0, Diff:  0.0, Sum:  0.0, Workers: 4
[3703.086s][debug][gc,phases      ] GC(85)     Dead                           Min: 0, Avg:  0.0, Max: 0, Diff: 0, Sum: 0, Workers: 4
[3703.086s][debug][gc,phases      ] GC(85)     Total                          Min: 0, Avg:  0.0, Max: 0, Diff: 0, Sum: 0, Workers: 4
[3703.086s][debug][gc,phases      ] GC(85)   Weak JFR Old Object Samples    Min:  0.0, Avg:  0.0, Max:  0.0, Diff:  0.0, Sum:  0.0, Workers: 4
[3703.086s][debug][gc,phases      ] GC(85)     Dead                           Min: 0, Avg:  0.0, Max: 0, Diff: 0, Sum: 0, Workers: 4
[3703.086s][debug][gc,phases      ] GC(85)     Total                          Min: 0, Avg:  0.0, Max: 0, Diff: 0, Sum: 0, Workers: 4
[3703.086s][debug][gc,phases      ] GC(85) Weak Processing 0.526ms
[3703.086s][debug][gc,age         ] GC(85) Desired survivor size 15204352 bytes, new threshold 15 (max threshold 15)
[3703.086s][info ][gc,heap        ] GC(85) PSYoungGen: 2068032K(2081280K)->4320K(2080256K) Eden: 2064384K(2064384K)->0K(2064384K) From: 3648K(16896K)->4320K(15872K)
[3703.086s][info ][gc,heap        ] GC(85) ParOldGen: 453111K(532992K)->453143K(532992K)
[3703.086s][info ][gc,metaspace   ] GC(85) Metaspace: 81605K(82688K)->81605K(82688K) NonClass: 70071K(70656K)->70071K(70656K) Class: 11533K(12032K)->11533K(12032K)
[3703.086s][info ][gc             ] GC(85) Pause Young (Allocation Failure) 2462M->446M(2552M) 4.548ms
[3703.087s][info ][gc,cpu         ] GC(85) User=0.00s Sys=0.00s Real=0.00s
[3703.087s][info ][safepoint      ] Safepoint "ParallelGCFailedAllocation", Time since last: 1690262963 ns, Reaching safepoint: 109703 ns, At safepoint: 4633703 ns, Total: 4743406 ns
[3718.088s][info ][safepoint      ] Safepoint "Cleanup", Time since last: 15001191709 ns, Reaching safepoint: 130903 ns, At safepoint: 10100 ns, Total: 141003 ns
[3746.090s][info ][safepoint      ] Safepoint "Cleanup", Time since last: 28001871440 ns, Reaching safepoint: 50201 ns, At safepoint: 2600 ns, Total: 52801 ns
[3749.090s][info ][safepoint      ] Safepoint "Cleanup", Time since last: 3000227042 ns, Reaching safepoint: 118802 ns, At safepoint: 5600 ns, Total: 124402 ns
[3766.437s][info ][gc,start       ] GC(86) Pause Young (Allocation Failure)
[3766.440s][debug][gc,phases      ] GC(86) Scavenge 3.517ms
[3766.440s][debug][gc,ref         ] GC(86) Skipped phase 1 of Reference Processing: no references
[3766.440s][debug][gc,ref         ] GC(86) ReferenceProcessor::execute queues: 1, RefProcThreadModel::Single, marks_oops_alive: false
[3766.440s][debug][gc,ref         ] GC(86) Skipped phase 3 of Reference Processing: no references
[3766.440s][debug][gc,ref         ] GC(86) ReferenceProcessor::execute queues: 1, RefProcThreadModel::Single, marks_oops_alive: false
[3766.440s][debug][gc,phases      ] GC(86) Reference Processing 0.113ms
[3766.440s][debug][gc,phases      ] GC(86)   VM Weak                        Min:  0.0, Avg:  0.0, Max:  0.0, Diff:  0.0, Sum:  0.0, Workers: 4
[3766.440s][debug][gc,phases      ] GC(86)     Dead                           Min: 0, Avg:  0.0, Max: 0, Diff: 0, Sum: 0, Workers: 4
[3766.440s][debug][gc,phases      ] GC(86)     Total                          Min: 0, Avg: 224.2, Max: 705, Diff: 705, Sum: 897, Workers: 4
[3766.440s][debug][gc,phases      ] GC(86)   ObjectSynchronizer Weak        Min:  0.0, Avg:  0.0, Max:  0.0, Diff:  0.0, Sum:  0.0, Workers: 4
[3766.440s][debug][gc,phases      ] GC(86)     Dead                           Min: 0, Avg:  0.0, Max: 0, Diff: 0, Sum: 0, Workers: 4
[3766.440s][debug][gc,phases      ] GC(86)     Total                          Min: 0, Avg:  7.5, Max: 30, Diff: 30, Sum: 30, Workers: 4
[3766.440s][debug][gc,phases      ] GC(86)   JVMTI Tag Weak OopStorage      Min:  0.0, Avg:  0.0, Max:  0.0, Diff:  0.0, Sum:  0.0, Workers: 4
[3766.440s][debug][gc,phases      ] GC(86)     Dead                           Min: 0, Avg:  0.0, Max: 0, Diff: 0, Sum: 0, Workers: 4
[3766.441s][debug][gc,phases      ] GC(86)     Total                          Min: 0, Avg:  0.0, Max: 0, Diff: 0, Sum: 0, Workers: 4
[3766.441s][debug][gc,phases      ] GC(86)   StringTable Weak               Min:  0.0, Avg:  0.1, Max:  0.1, Diff:  0.1, Sum:  0.4, Workers: 4
[3766.441s][debug][gc,phases      ] GC(86)     Dead                           Min: 0, Avg:  0.0, Max: 0, Diff: 0, Sum: 0, Workers: 4
[3766.441s][debug][gc,phases      ] GC(86)     Total                          Min: 0, Avg: 10802.2, Max: 15232, Diff: 15232, Sum: 43209, Workers: 4
[3766.441s][debug][gc,phases      ] GC(86)   ResolvedMethodTable Weak       Min:  0.0, Avg:  0.0, Max:  0.0, Diff:  0.0, Sum:  0.1, Workers: 4
[3766.441s][debug][gc,phases      ] GC(86)     Dead                           Min: 0, Avg:  0.0, Max: 0, Diff: 0, Sum: 0, Workers: 4
[3766.441s][debug][gc,phases      ] GC(86)     Total                          Min: 0, Avg: 2320.2, Max: 3264, Diff: 3264, Sum: 9281, Workers: 4
[3766.441s][debug][gc,phases      ] GC(86)   JNI Weak                       Min:  0.0, Avg:  0.0, Max:  0.0, Diff:  0.0, Sum:  0.0, Workers: 4
[3766.441s][debug][gc,phases      ] GC(86)     Dead                           Min: 0, Avg:  0.0, Max: 0, Diff: 0, Sum: 0, Workers: 4
[3766.441s][debug][gc,phases      ] GC(86)     Total                          Min: 0, Avg: 11.2, Max: 45, Diff: 45, Sum: 45, Workers: 4
[3766.441s][debug][gc,phases      ] GC(86)   StringDedup Table Weak         Min:  0.0, Avg:  0.0, Max:  0.0, Diff:  0.0, Sum:  0.0, Workers: 4
[3766.441s][debug][gc,phases      ] GC(86)     Dead                           Min: 0, Avg:  0.0, Max: 0, Diff: 0, Sum: 0, Workers: 4
[3766.441s][debug][gc,phases      ] GC(86)     Total                          Min: 0, Avg:  0.0, Max: 0, Diff: 0, Sum: 0, Workers: 4
[3766.441s][debug][gc,phases      ] GC(86)   StringDedup Requests0 Weak     Min:  0.0, Avg:  0.0, Max:  0.0, Diff:  0.0, Sum:  0.0, Workers: 4
[3766.441s][debug][gc,phases      ] GC(86)     Dead                           Min: 0, Avg:  0.0, Max: 0, Diff: 0, Sum: 0, Workers: 4
[3766.441s][debug][gc,phases      ] GC(86)     Total                          Min: 0, Avg:  0.0, Max: 0, Diff: 0, Sum: 0, Workers: 4
[3766.441s][debug][gc,phases      ] GC(86)   StringDedup Requests1 Weak     Min:  0.0, Avg:  0.0, Max:  0.0, Diff:  0.0, Sum:  0.0, Workers: 4
[3766.441s][debug][gc,phases      ] GC(86)     Dead                           Min: 0, Avg:  0.0, Max: 0, Diff: 0, Sum: 0, Workers: 4
[3766.441s][debug][gc,phases      ] GC(86)     Total                          Min: 0, Avg:  0.0, Max: 0, Diff: 0, Sum: 0, Workers: 4
[3766.441s][debug][gc,phases      ] GC(86)   Weak JFR Old Object Samples    Min:  0.0, Avg:  0.0, Max:  0.0, Diff:  0.0, Sum:  0.0, Workers: 4
[3766.441s][debug][gc,phases      ] GC(86)     Dead                           Min: 0, Avg:  0.0, Max: 0, Diff: 0, Sum: 0, Workers: 4
[3766.441s][debug][gc,phases      ] GC(86)     Total                          Min: 0, Avg:  0.0, Max: 0, Diff: 0, Sum: 0, Workers: 4
[3766.441s][debug][gc,phases      ] GC(86) Weak Processing 0.363ms
[3766.441s][debug][gc,age         ] GC(86) Desired survivor size 14155776 bytes, new threshold 15 (max threshold 15)
[3766.441s][info ][gc,heap        ] GC(86) PSYoungGen: 2068704K(2080256K)->3072K(2083328K) Eden: 2064384K(2064384K)->0K(2068480K) From: 4320K(15872K)->3072K(14848K)
[3766.441s][info ][gc,heap        ] GC(86) ParOldGen: 453143K(532992K)->453175K(532992K)
[3766.441s][info ][gc,metaspace   ] GC(86) Metaspace: 81605K(82688K)->81605K(82688K) NonClass: 70071K(70656K)->70071K(70656K) Class: 11533K(12032K)->11533K(12032K)
[3766.441s][info ][gc             ] GC(86) Pause Young (Allocation Failure) 2462M->445M(2555M) 4.151ms
[3766.441s][info ][gc,cpu         ] GC(86) User=0.02s Sys=0.00s Real=0.01s
[3766.441s][info ][safepoint      ] Safepoint "ParallelGCFailedAllocation", Time since last: 17346253939 ns, Reaching safepoint: 44601 ns, At safepoint: 4256288 ns, Total: 4300889 ns
[3791.443s][info ][safepoint      ] Safepoint "Cleanup", Time since last: 25001799277 ns, Reaching safepoint: 45201 ns, At safepoint: 29401 ns, Total: 74602 ns
[3798.443s][info ][safepoint      ] Safepoint "Cleanup", Time since last: 7000559859 ns, Reaching safepoint: 42901 ns, At safepoint: 2500 ns, Total: 45401 ns
[3842.383s][info ][gc,start       ] GC(87) Pause Young (Allocation Failure)
[3842.387s][debug][gc,phases      ] GC(87) Scavenge 3.297ms
[3842.387s][debug][gc,ref         ] GC(87) Skipped phase 1 of Reference Processing: no references
[3842.387s][debug][gc,ref         ] GC(87) ReferenceProcessor::execute queues: 1, RefProcThreadModel::Single, marks_oops_alive: false
[3842.387s][debug][gc,ref         ] GC(87) Skipped phase 3 of Reference Processing: no references
[3842.387s][debug][gc,ref         ] GC(87) ReferenceProcessor::execute queues: 1, RefProcThreadModel::Single, marks_oops_alive: false
[3842.387s][debug][gc,phases      ] GC(87) Reference Processing 0.135ms
[3842.387s][debug][gc,phases      ] GC(87)   VM Weak                        Min:  0.0, Avg:  0.0, Max:  0.0, Diff:  0.0, Sum:  0.0, Workers: 4
[3842.387s][debug][gc,phases      ] GC(87)     Dead                           Min: 0, Avg:  0.0, Max: 0, Diff: 0, Sum: 0, Workers: 4
[3842.387s][debug][gc,phases      ] GC(87)     Total                          Min: 0, Avg: 224.2, Max: 832, Diff: 832, Sum: 897, Workers: 4
[3842.387s][debug][gc,phases      ] GC(87)   ObjectSynchronizer Weak        Min:  0.0, Avg:  0.0, Max:  0.0, Diff:  0.0, Sum:  0.0, Workers: 4
[3842.387s][debug][gc,phases      ] GC(87)     Dead                           Min: 0, Avg:  0.0, Max: 0, Diff: 0, Sum: 0, Workers: 4
[3842.387s][debug][gc,phases      ] GC(87)     Total                          Min: 0, Avg:  7.5, Max: 30, Diff: 30, Sum: 30, Workers: 4
[3842.387s][debug][gc,phases      ] GC(87)   JVMTI Tag Weak OopStorage      Min:  0.0, Avg:  0.0, Max:  0.0, Diff:  0.0, Sum:  0.0, Workers: 4
[3842.387s][debug][gc,phases      ] GC(87)     Dead                           Min: 0, Avg:  0.0, Max: 0, Diff: 0, Sum: 0, Workers: 4
[3842.387s][debug][gc,phases      ] GC(87)     Total                          Min: 0, Avg:  0.0, Max: 0, Diff: 0, Sum: 0, Workers: 4
[3842.387s][debug][gc,phases      ] GC(87)   StringTable Weak               Min:  0.0, Avg:  0.1, Max:  0.1, Diff:  0.1, Sum:  0.4, Workers: 4
[3842.387s][debug][gc,phases      ] GC(87)     Dead                           Min: 0, Avg:  0.0, Max: 0, Diff: 0, Sum: 0, Workers: 4
[3842.387s][debug][gc,phases      ] GC(87)     Total                          Min: 0, Avg: 10802.2, Max: 15424, Diff: 15424, Sum: 43209, Workers: 4
[3842.387s][debug][gc,phases      ] GC(87)   ResolvedMethodTable Weak       Min:  0.0, Avg:  0.0, Max:  0.0, Diff:  0.0, Sum:  0.1, Workers: 4
[3842.387s][debug][gc,phases      ] GC(87)     Dead                           Min: 0, Avg:  0.0, Max: 0, Diff: 0, Sum: 0, Workers: 4
[3842.387s][debug][gc,phases      ] GC(87)     Total                          Min: 0, Avg: 2320.2, Max: 3264, Diff: 3264, Sum: 9281, Workers: 4
[3842.387s][debug][gc,phases      ] GC(87)   JNI Weak                       Min:  0.0, Avg:  0.0, Max:  0.0, Diff:  0.0, Sum:  0.0, Workers: 4
[3842.387s][debug][gc,phases      ] GC(87)     Dead                           Min: 0, Avg:  0.0, Max: 0, Diff: 0, Sum: 0, Workers: 4
[3842.387s][debug][gc,phases      ] GC(87)     Total                          Min: 0, Avg: 11.2, Max: 45, Diff: 45, Sum: 45, Workers: 4
[3842.387s][debug][gc,phases      ] GC(87)   StringDedup Table Weak         Min:  0.0, Avg:  0.0, Max:  0.0, Diff:  0.0, Sum:  0.0, Workers: 4
[3842.387s][debug][gc,phases      ] GC(87)     Dead                           Min: 0, Avg:  0.0, Max: 0, Diff: 0, Sum: 0, Workers: 4
[3842.387s][debug][gc,phases      ] GC(87)     Total                          Min: 0, Avg:  0.0, Max: 0, Diff: 0, Sum: 0, Workers: 4
[3842.387s][debug][gc,phases      ] GC(87)   StringDedup Requests0 Weak     Min:  0.0, Avg:  0.0, Max:  0.0, Diff:  0.0, Sum:  0.0, Workers: 4
[3842.387s][debug][gc,phases      ] GC(87)     Dead                           Min: 0, Avg:  0.0, Max: 0, Diff: 0, Sum: 0, Workers: 4
[3842.387s][debug][gc,phases      ] GC(87)     Total                          Min: 0, Avg:  0.0, Max: 0, Diff: 0, Sum: 0, Workers: 4
[3842.387s][debug][gc,phases      ] GC(87)   StringDedup Requests1 Weak     Min:  0.0, Avg:  0.0, Max:  0.0, Diff:  0.0, Sum:  0.0, Workers: 4
[3842.387s][debug][gc,phases      ] GC(87)     Dead                           Min: 0, Avg:  0.0, Max: 0, Diff: 0, Sum: 0, Workers: 4
[3842.387s][debug][gc,phases      ] GC(87)     Total                          Min: 0, Avg:  0.0, Max: 0, Diff: 0, Sum: 0, Workers: 4
[3842.387s][debug][gc,phases      ] GC(87)   Weak JFR Old Object Samples    Min:  0.0, Avg:  0.0, Max:  0.0, Diff:  0.0, Sum:  0.0, Workers: 4
[3842.387s][debug][gc,phases      ] GC(87)     Dead                           Min: 0, Avg:  0.0, Max: 0, Diff: 0, Sum: 0, Workers: 4
[3842.387s][debug][gc,phases      ] GC(87)     Total                          Min: 0, Avg:  0.0, Max: 0, Diff: 0, Sum: 0, Workers: 4
[3842.387s][debug][gc,phases      ] GC(87) Weak Processing 0.407ms
[3842.387s][debug][gc,age         ] GC(87) Desired survivor size 13631488 bytes, new threshold 15 (max threshold 15)
[3842.387s][info ][gc,heap        ] GC(87) PSYoungGen: 2071552K(2083328K)->3248K(2082304K) Eden: 2068480K(2068480K)->0K(2068480K) From: 3072K(14848K)->3248K(13824K)
[3842.387s][info ][gc,heap        ] GC(87) ParOldGen: 453175K(532992K)->453975K(532992K)
[3842.387s][info ][gc,metaspace   ] GC(87) Metaspace: 81610K(82752K)->81610K(82752K) NonClass: 70076K(70720K)->70076K(70720K) Class: 11533K(12032K)->11533K(12032K)
[3842.387s][info ][gc             ] GC(87) Pause Young (Allocation Failure) 2465M->446M(2554M) 4.000ms
[3842.387s][info ][gc,cpu         ] GC(87) User=0.01s Sys=0.00s Real=0.00s
[3842.387s][info ][safepoint      ] Safepoint "ParallelGCFailedAllocation", Time since last: 43939910367 ns, Reaching safepoint: 43501 ns, At safepoint: 4108989 ns, Total: 4152490 ns
[3904.387s][info ][gc,start       ] GC(88) Pause Young (Allocation Failure)
[3904.390s][debug][gc,phases      ] GC(88) Scavenge 3.140ms
[3904.390s][debug][gc,ref         ] GC(88) Skipped phase 1 of Reference Processing: no references
[3904.390s][debug][gc,ref         ] GC(88) ReferenceProcessor::execute queues: 1, RefProcThreadModel::Single, marks_oops_alive: false
[3904.390s][debug][gc,ref         ] GC(88) Skipped phase 3 of Reference Processing: no references
[3904.390s][debug][gc,ref         ] GC(88) ReferenceProcessor::execute queues: 1, RefProcThreadModel::Single, marks_oops_alive: false
[3904.390s][debug][gc,phases      ] GC(88) Reference Processing 0.107ms
[3904.390s][debug][gc,phases      ] GC(88)   VM Weak                        Min:  0.0, Avg:  0.0, Max:  0.0, Diff:  0.0, Sum:  0.0, Workers: 4
[3904.390s][debug][gc,phases      ] GC(88)     Dead                           Min: 0, Avg:  0.0, Max: 0, Diff: 0, Sum: 0, Workers: 4
[3904.390s][debug][gc,phases      ] GC(88)     Total                          Min: 0, Avg: 224.2, Max: 449, Diff: 449, Sum: 897, Workers: 4
[3904.390s][debug][gc,phases      ] GC(88)   ObjectSynchronizer Weak        Min:  0.0, Avg:  0.0, Max:  0.0, Diff:  0.0, Sum:  0.0, Workers: 4
[3904.390s][debug][gc,phases      ] GC(88)     Dead                           Min: 0, Avg:  0.0, Max: 0, Diff: 0, Sum: 0, Workers: 4
[3904.390s][debug][gc,phases      ] GC(88)     Total                          Min: 0, Avg:  7.5, Max: 30, Diff: 30, Sum: 30, Workers: 4
[3904.390s][debug][gc,phases      ] GC(88)   JVMTI Tag Weak OopStorage      Min:  0.0, Avg:  0.0, Max:  0.0, Diff:  0.0, Sum:  0.0, Workers: 4
[3904.390s][debug][gc,phases      ] GC(88)     Dead                           Min: 0, Avg:  0.0, Max: 0, Diff: 0, Sum: 0, Workers: 4
[3904.390s][debug][gc,phases      ] GC(88)     Total                          Min: 0, Avg:  0.0, Max: 0, Diff: 0, Sum: 0, Workers: 4
[3904.390s][debug][gc,phases      ] GC(88)   StringTable Weak               Min:  0.0, Avg:  0.1, Max:  0.1, Diff:  0.1, Sum:  0.4, Workers: 4
[3904.390s][debug][gc,phases      ] GC(88)     Dead                           Min: 0, Avg:  0.0, Max: 0, Diff: 0, Sum: 0, Workers: 4
[3904.390s][debug][gc,phases      ] GC(88)     Total                          Min: 0, Avg: 10802.2, Max: 15616, Diff: 15616, Sum: 43209, Workers: 4
[3904.390s][debug][gc,phases      ] GC(88)   ResolvedMethodTable Weak       Min:  0.0, Avg:  0.0, Max:  0.0, Diff:  0.0, Sum:  0.1, Workers: 4
[3904.390s][debug][gc,phases      ] GC(88)     Dead                           Min: 0, Avg:  0.0, Max: 0, Diff: 0, Sum: 0, Workers: 4
[3904.390s][debug][gc,phases      ] GC(88)     Total                          Min: 0, Avg: 2320.2, Max: 3648, Diff: 3648, Sum: 9281, Workers: 4
[3904.390s][debug][gc,phases      ] GC(88)   JNI Weak                       Min:  0.0, Avg:  0.0, Max:  0.0, Diff:  0.0, Sum:  0.0, Workers: 4
[3904.390s][debug][gc,phases      ] GC(88)     Dead                           Min: 0, Avg:  0.0, Max: 0, Diff: 0, Sum: 0, Workers: 4
[3904.390s][debug][gc,phases      ] GC(88)     Total                          Min: 0, Avg: 11.2, Max: 45, Diff: 45, Sum: 45, Workers: 4
[3904.390s][debug][gc,phases      ] GC(88)   StringDedup Table Weak         Min:  0.0, Avg:  0.0, Max:  0.0, Diff:  0.0, Sum:  0.0, Workers: 4
[3904.390s][debug][gc,phases      ] GC(88)     Dead                           Min: 0, Avg:  0.0, Max: 0, Diff: 0, Sum: 0, Workers: 4
[3904.390s][debug][gc,phases      ] GC(88)     Total                          Min: 0, Avg:  0.0, Max: 0, Diff: 0, Sum: 0, Workers: 4
[3904.390s][debug][gc,phases      ] GC(88)   StringDedup Requests0 Weak     Min:  0.0, Avg:  0.0, Max:  0.0, Diff:  0.0, Sum:  0.0, Workers: 4
[3904.390s][debug][gc,phases      ] GC(88)     Dead                           Min: 0, Avg:  0.0, Max: 0, Diff: 0, Sum: 0, Workers: 4
[3904.390s][debug][gc,phases      ] GC(88)     Total                          Min: 0, Avg:  0.0, Max: 0, Diff: 0, Sum: 0, Workers: 4
[3904.390s][debug][gc,phases      ] GC(88)   StringDedup Requests1 Weak     Min:  0.0, Avg:  0.0, Max:  0.0, Diff:  0.0, Sum:  0.0, Workers: 4
[3904.390s][debug][gc,phases      ] GC(88)     Dead                           Min: 0, Avg:  0.0, Max: 0, Diff: 0, Sum: 0, Workers: 4
[3904.390s][debug][gc,phases      ] GC(88)     Total                          Min: 0, Avg:  0.0, Max: 0, Diff: 0, Sum: 0, Workers: 4
[3904.390s][debug][gc,phases      ] GC(88)   Weak JFR Old Object Samples    Min:  0.0, Avg:  0.0, Max:  0.0, Diff:  0.0, Sum:  0.0, Workers: 4
[3904.390s][debug][gc,phases      ] GC(88)     Dead                           Min: 0, Avg:  0.0, Max: 0, Diff: 0, Sum: 0, Workers: 4
[3904.390s][debug][gc,phases      ] GC(88)     Total                          Min: 0, Avg:  0.0, Max: 0, Diff: 0, Sum: 0, Workers: 4
[3904.390s][debug][gc,phases      ] GC(88) Weak Processing 0.372ms
[3904.390s][debug][gc,age         ] GC(88) Desired survivor size 12582912 bytes, new threshold 15 (max threshold 15)
[3904.390s][info ][gc,heap        ] GC(88) PSYoungGen: 2071728K(2082304K)->2704K(2084864K) Eden: 2068480K(2068480K)->0K(2071552K) From: 3248K(13824K)->2704K(13312K)
[3904.390s][info ][gc,heap        ] GC(88) ParOldGen: 453975K(532992K)->453991K(532992K)
[3904.390s][info ][gc,metaspace   ] GC(88) Metaspace: 81612K(82752K)->81612K(82752K) NonClass: 70078K(70720K)->70078K(70720K) Class: 11533K(12032K)->11533K(12032K)
[3904.390s][info ][gc             ] GC(88) Pause Young (Allocation Failure) 2466M->445M(2556M) 3.761ms
[3904.390s][info ][gc,cpu         ] GC(88) User=0.01s Sys=0.00s Real=0.01s
[3904.390s][info ][safepoint      ] Safepoint "ParallelGCFailedAllocation", Time since last: 61999390517 ns, Reaching safepoint: 31200 ns, At safepoint: 3829883 ns, Total: 3861083 ns
[3964.395s][info ][safepoint      ] Safepoint "Cleanup", Time since last: 60004310888 ns, Reaching safepoint: 50901 ns, At safepoint: 25600 ns, Total: 76501 ns
[3965.395s][info ][safepoint      ] Safepoint "Cleanup", Time since last: 1000116042 ns, Reaching safepoint: 54501 ns, At safepoint: 6100 ns, Total: 60601 ns
[3978.984s][info ][gc,start       ] GC(89) Pause Young (Allocation Failure)
[3978.990s][debug][gc,phases      ] GC(89) Scavenge 6.121ms
[3978.990s][debug][gc,ref         ] GC(89) Skipped phase 1 of Reference Processing: no references
[3978.990s][debug][gc,ref         ] GC(89) ReferenceProcessor::execute queues: 1, RefProcThreadModel::Single, marks_oops_alive: false
[3978.990s][debug][gc,ref         ] GC(89) Skipped phase 3 of Reference Processing: no references
[3978.990s][debug][gc,ref         ] GC(89) ReferenceProcessor::execute queues: 1, RefProcThreadModel::Single, marks_oops_alive: false
[3978.990s][debug][gc,phases      ] GC(89) Reference Processing 0.130ms
[3978.991s][debug][gc,phases      ] GC(89)   VM Weak                        Min:  0.0, Avg:  0.0, Max:  0.0, Diff:  0.0, Sum:  0.0, Workers: 4
[3978.991s][debug][gc,phases      ] GC(89)     Dead                           Min: 0, Avg:  0.0, Max: 0, Diff: 0, Sum: 0, Workers: 4
[3978.991s][debug][gc,phases      ] GC(89)     Total                          Min: 0, Avg: 224.2, Max: 448, Diff: 448, Sum: 897, Workers: 4
[3978.991s][debug][gc,phases      ] GC(89)   ObjectSynchronizer Weak        Min:  0.0, Avg:  0.0, Max:  0.0, Diff:  0.0, Sum:  0.0, Workers: 4
[3978.991s][debug][gc,phases      ] GC(89)     Dead                           Min: 0, Avg:  0.0, Max: 0, Diff: 0, Sum: 0, Workers: 4
[3978.991s][debug][gc,phases      ] GC(89)     Total                          Min: 0, Avg:  7.5, Max: 30, Diff: 30, Sum: 30, Workers: 4
[3978.991s][debug][gc,phases      ] GC(89)   JVMTI Tag Weak OopStorage      Min:  0.0, Avg:  0.0, Max:  0.0, Diff:  0.0, Sum:  0.0, Workers: 4
[3978.991s][debug][gc,phases      ] GC(89)     Dead                           Min: 0, Avg:  0.0, Max: 0, Diff: 0, Sum: 0, Workers: 4
[3978.991s][debug][gc,phases      ] GC(89)     Total                          Min: 0, Avg:  0.0, Max: 0, Diff: 0, Sum: 0, Workers: 4
[3978.991s][debug][gc,phases      ] GC(89)   StringTable Weak               Min:  0.0, Avg:  0.1, Max:  0.1, Diff:  0.1, Sum:  0.4, Workers: 4
[3978.991s][debug][gc,phases      ] GC(89)     Dead                           Min: 0, Avg:  0.0, Max: 0, Diff: 0, Sum: 0, Workers: 4
[3978.991s][debug][gc,phases      ] GC(89)     Total                          Min: 0, Avg: 10802.2, Max: 15360, Diff: 15360, Sum: 43209, Workers: 4
[3978.991s][debug][gc,phases      ] GC(89)   ResolvedMethodTable Weak       Min:  0.0, Avg:  0.0, Max:  0.0, Diff:  0.0, Sum:  0.1, Workers: 4
[3978.991s][debug][gc,phases      ] GC(89)     Dead                           Min: 0, Avg:  0.0, Max: 0, Diff: 0, Sum: 0, Workers: 4
[3978.991s][debug][gc,phases      ] GC(89)     Total                          Min: 0, Avg: 2320.2, Max: 3328, Diff: 3328, Sum: 9281, Workers: 4
[3978.991s][debug][gc,phases      ] GC(89)   JNI Weak                       Min:  0.0, Avg:  0.0, Max:  0.0, Diff:  0.0, Sum:  0.0, Workers: 4
[3978.991s][debug][gc,phases      ] GC(89)     Dead                           Min: 0, Avg:  0.0, Max: 0, Diff: 0, Sum: 0, Workers: 4
[3978.991s][debug][gc,phases      ] GC(89)     Total                          Min: 0, Avg: 11.2, Max: 45, Diff: 45, Sum: 45, Workers: 4
[3978.991s][debug][gc,phases      ] GC(89)   StringDedup Table Weak         Min:  0.0, Avg:  0.0, Max:  0.0, Diff:  0.0, Sum:  0.0, Workers: 4
[3978.991s][debug][gc,phases      ] GC(89)     Dead                           Min: 0, Avg:  0.0, Max: 0, Diff: 0, Sum: 0, Workers: 4
[3978.991s][debug][gc,phases      ] GC(89)     Total                          Min: 0, Avg:  0.0, Max: 0, Diff: 0, Sum: 0, Workers: 4
[3978.991s][debug][gc,phases      ] GC(89)   StringDedup Requests0 Weak     Min:  0.0, Avg:  0.0, Max:  0.0, Diff:  0.0, Sum:  0.0, Workers: 4
[3978.991s][debug][gc,phases      ] GC(89)     Dead                           Min: 0, Avg:  0.0, Max: 0, Diff: 0, Sum: 0, Workers: 4
[3978.991s][debug][gc,phases      ] GC(89)     Total                          Min: 0, Avg:  0.0, Max: 0, Diff: 0, Sum: 0, Workers: 4
[3978.991s][debug][gc,phases      ] GC(89)   StringDedup Requests1 Weak     Min:  0.0, Avg:  0.0, Max:  0.0, Diff:  0.0, Sum:  0.0, Workers: 4
[3978.991s][debug][gc,phases      ] GC(89)     Dead                           Min: 0, Avg:  0.0, Max: 0, Diff: 0, Sum: 0, Workers: 4
[3978.991s][debug][gc,phases      ] GC(89)     Total                          Min: 0, Avg:  0.0, Max: 0, Diff: 0, Sum: 0, Workers: 4
[3978.991s][debug][gc,phases      ] GC(89)   Weak JFR Old Object Samples    Min:  0.0, Avg:  0.0, Max:  0.0, Diff:  0.0, Sum:  0.0, Workers: 4
[3978.991s][debug][gc,phases      ] GC(89)     Dead                           Min: 0, Avg:  0.0, Max: 0, Diff: 0, Sum: 0, Workers: 4
[3978.991s][debug][gc,phases      ] GC(89)     Total                          Min: 0, Avg:  0.0, Max: 0, Diff: 0, Sum: 0, Workers: 4
[3978.991s][debug][gc,phases      ] GC(89) Weak Processing 0.352ms
[3978.991s][debug][gc,age         ] GC(89) Desired survivor size 12058624 bytes, new threshold 15 (max threshold 15)
[3978.991s][info ][gc,heap        ] GC(89) PSYoungGen: 2074256K(2084864K)->2864K(2083840K) Eden: 2071552K(2071552K)->0K(2071552K) From: 2704K(13312K)->2864K(12288K)
[3978.991s][info ][gc,heap        ] GC(89) ParOldGen: 453991K(532992K)->454023K(532992K)
[3978.991s][info ][gc,metaspace   ] GC(89) Metaspace: 81616K(82752K)->81616K(82752K) NonClass: 70083K(70720K)->70083K(70720K) Class: 11533K(12032K)->11533K(12032K)
[3978.991s][info ][gc             ] GC(89) Pause Young (Allocation Failure) 2468M->446M(2555M) 6.753ms
[3978.991s][info ][gc,cpu         ] GC(89) User=0.00s Sys=0.00s Real=0.01s
[3978.991s][info ][safepoint      ] Safepoint "ParallelGCFailedAllocation", Time since last: 13588932022 ns, Reaching safepoint: 36001 ns, At safepoint: 6831847 ns, Total: 6867848 ns
[3983.991s][info ][safepoint      ] Safepoint "Cleanup", Time since last: 5000358020 ns, Reaching safepoint: 120902 ns, At safepoint: 2800 ns, Total: 123702 ns
[3987.992s][info ][safepoint      ] Safepoint "Cleanup", Time since last: 4000328100 ns, Reaching safepoint: 50401 ns, At safepoint: 3100 ns, Total: 53501 ns
[4017.994s][info ][safepoint      ] Safepoint "Cleanup", Time since last: 30002285418 ns, Reaching safepoint: 51401 ns, At safepoint: 6600 ns, Total: 58001 ns
[4025.995s][info ][safepoint      ] Safepoint "Cleanup", Time since last: 8000604381 ns, Reaching safepoint: 49301 ns, At safepoint: 2800 ns, Total: 52101 ns
[4049.997s][info ][safepoint      ] Safepoint "Cleanup", Time since last: 24001805896 ns, Reaching safepoint: 72402 ns, At safepoint: 10600 ns, Total: 83002 ns
[4050.682s][info ][gc,start       ] GC(90) Pause Young (Allocation Failure)
[4050.687s][debug][gc,phases      ] GC(90) Scavenge 4.815ms
[4050.687s][debug][gc,ref         ] GC(90) Skipped phase 1 of Reference Processing: no references
[4050.687s][debug][gc,ref         ] GC(90) ReferenceProcessor::execute queues: 1, RefProcThreadModel::Single, marks_oops_alive: false
[4050.687s][debug][gc,ref         ] GC(90) Skipped phase 3 of Reference Processing: no references
[4050.687s][debug][gc,ref         ] GC(90) ReferenceProcessor::execute queues: 1, RefProcThreadModel::Single, marks_oops_alive: false
[4050.687s][debug][gc,phases      ] GC(90) Reference Processing 0.112ms
[4050.687s][debug][gc,phases      ] GC(90)   VM Weak                        Min:  0.0, Avg:  0.0, Max:  0.0, Diff:  0.0, Sum:  0.0, Workers: 4
[4050.687s][debug][gc,phases      ] GC(90)     Dead                           Min: 0, Avg:  0.0, Max: 0, Diff: 0, Sum: 0, Workers: 4
[4050.687s][debug][gc,phases      ] GC(90)     Total                          Min: 0, Avg: 224.2, Max: 640, Diff: 640, Sum: 897, Workers: 4
[4050.687s][debug][gc,phases      ] GC(90)   ObjectSynchronizer Weak        Min:  0.0, Avg:  0.0, Max:  0.0, Diff:  0.0, Sum:  0.0, Workers: 4
[4050.687s][debug][gc,phases      ] GC(90)     Dead                           Min: 0, Avg:  0.0, Max: 0, Diff: 0, Sum: 0, Workers: 4
[4050.687s][debug][gc,phases      ] GC(90)     Total                          Min: 0, Avg:  7.5, Max: 30, Diff: 30, Sum: 30, Workers: 4
[4050.687s][debug][gc,phases      ] GC(90)   JVMTI Tag Weak OopStorage      Min:  0.0, Avg:  0.0, Max:  0.0, Diff:  0.0, Sum:  0.0, Workers: 4
[4050.687s][debug][gc,phases      ] GC(90)     Dead                           Min: 0, Avg:  0.0, Max: 0, Diff: 0, Sum: 0, Workers: 4
[4050.687s][debug][gc,phases      ] GC(90)     Total                          Min: 0, Avg:  0.0, Max: 0, Diff: 0, Sum: 0, Workers: 4
[4050.687s][debug][gc,phases      ] GC(90)   StringTable Weak               Min:  0.0, Avg:  0.1, Max:  0.1, Diff:  0.1, Sum:  0.4, Workers: 4
[4050.687s][debug][gc,phases      ] GC(90)     Dead                           Min: 0, Avg:  0.0, Max: 0, Diff: 0, Sum: 0, Workers: 4
[4050.687s][debug][gc,phases      ] GC(90)     Total                          Min: 0, Avg: 10802.5, Max: 15434, Diff: 15434, Sum: 43210, Workers: 4
[4050.687s][debug][gc,phases      ] GC(90)   ResolvedMethodTable Weak       Min:  0.0, Avg:  0.0, Max:  0.0, Diff:  0.0, Sum:  0.1, Workers: 4
[4050.687s][debug][gc,phases      ] GC(90)     Dead                           Min: 0, Avg:  0.0, Max: 0, Diff: 0, Sum: 0, Workers: 4
[4050.687s][debug][gc,phases      ] GC(90)     Total                          Min: 0, Avg: 2320.8, Max: 3264, Diff: 3264, Sum: 9283, Workers: 4
[4050.687s][debug][gc,phases      ] GC(90)   JNI Weak                       Min:  0.0, Avg:  0.0, Max:  0.0, Diff:  0.0, Sum:  0.0, Workers: 4
[4050.687s][debug][gc,phases      ] GC(90)     Dead                           Min: 0, Avg:  0.0, Max: 0, Diff: 0, Sum: 0, Workers: 4
[4050.687s][debug][gc,phases      ] GC(90)     Total                          Min: 0, Avg: 11.2, Max: 45, Diff: 45, Sum: 45, Workers: 4
[4050.687s][debug][gc,phases      ] GC(90)   StringDedup Table Weak         Min:  0.0, Avg:  0.0, Max:  0.0, Diff:  0.0, Sum:  0.0, Workers: 4
[4050.687s][debug][gc,phases      ] GC(90)     Dead                           Min: 0, Avg:  0.0, Max: 0, Diff: 0, Sum: 0, Workers: 4
[4050.687s][debug][gc,phases      ] GC(90)     Total                          Min: 0, Avg:  0.0, Max: 0, Diff: 0, Sum: 0, Workers: 4
[4050.687s][debug][gc,phases      ] GC(90)   StringDedup Requests0 Weak     Min:  0.0, Avg:  0.0, Max:  0.0, Diff:  0.0, Sum:  0.0, Workers: 4
[4050.687s][debug][gc,phases      ] GC(90)     Dead                           Min: 0, Avg:  0.0, Max: 0, Diff: 0, Sum: 0, Workers: 4
[4050.687s][debug][gc,phases      ] GC(90)     Total                          Min: 0, Avg:  0.0, Max: 0, Diff: 0, Sum: 0, Workers: 4
[4050.687s][debug][gc,phases      ] GC(90)   StringDedup Requests1 Weak     Min:  0.0, Avg:  0.0, Max:  0.0, Diff:  0.0, Sum:  0.0, Workers: 4
[4050.687s][debug][gc,phases      ] GC(90)     Dead                           Min: 0, Avg:  0.0, Max: 0, Diff: 0, Sum: 0, Workers: 4
[4050.687s][debug][gc,phases      ] GC(90)     Total                          Min: 0, Avg:  0.0, Max: 0, Diff: 0, Sum: 0, Workers: 4
[4050.687s][debug][gc,phases      ] GC(90)   Weak JFR Old Object Samples    Min:  0.0, Avg:  0.0, Max:  0.0, Diff:  0.0, Sum:  0.0, Workers: 4
[4050.687s][debug][gc,phases      ] GC(90)     Dead                           Min: 0, Avg:  0.0, Max: 0, Diff: 0, Sum: 0, Workers: 4
[4050.687s][debug][gc,phases      ] GC(90)     Total                          Min: 0, Avg:  0.0, Max: 0, Diff: 0, Sum: 0, Workers: 4
[4050.687s][debug][gc,phases      ] GC(90) Weak Processing 0.355ms
[4050.687s][debug][gc,age         ] GC(90) Desired survivor size 11010048 bytes, new threshold 15 (max threshold 15)
[4050.687s][info ][gc,heap        ] GC(90) PSYoungGen: 2074416K(2083840K)->3584K(2086400K) Eden: 2071552K(2071552K)->0K(2074624K) From: 2864K(12288K)->3584K(11776K)
[4050.687s][info ][gc,heap        ] GC(90) ParOldGen: 454023K(532992K)->454039K(532992K)
[4050.687s][info ][gc,metaspace   ] GC(90) Metaspace: 81622K(82752K)->81622K(82752K) NonClass: 70088K(70720K)->70088K(70720K) Class: 11534K(12032K)->11534K(12032K)
[4050.687s][info ][gc             ] GC(90) Pause Young (Allocation Failure) 2469M->446M(2558M) 5.435ms
[4050.687s][info ][gc,cpu         ] GC(90) User=0.02s Sys=0.00s Real=0.00s
[4050.687s][info ][safepoint      ] Safepoint "ParallelGCFailedAllocation", Time since last: 685245641 ns, Reaching safepoint: 121002 ns, At safepoint: 5519821 ns, Total: 5640823 ns
[4052.688s][info ][safepoint      ] Safepoint "Cleanup", Time since last: 2000163910 ns, Reaching safepoint: 47301 ns, At safepoint: 35000 ns, Total: 82301 ns
[4055.688s][info ][safepoint      ] Safepoint "Cleanup", Time since last: 3000273916 ns, Reaching safepoint: 65901 ns, At safepoint: 6800 ns, Total: 72701 ns
[4083.690s][info ][safepoint      ] Safepoint "Cleanup", Time since last: 28002118679 ns, Reaching safepoint: 57902 ns, At safepoint: 2500 ns, Total: 60402 ns
[4101.692s][info ][safepoint      ] Safepoint "Cleanup", Time since last: 18001414433 ns, Reaching safepoint: 52702 ns, At safepoint: 3200 ns, Total: 55902 ns
[4104.692s][info ][safepoint      ] Safepoint "Cleanup", Time since last: 3000270783 ns, Reaching safepoint: 45402 ns, At safepoint: 2700 ns, Total: 48102 ns
[4115.693s][info ][safepoint      ] Safepoint "Cleanup", Time since last: 11000829656 ns, Reaching safepoint: 56001 ns, At safepoint: 3700 ns, Total: 59701 ns
[4117.588s][info ][gc,start       ] GC(91) Pause Young (Allocation Failure)
[4117.591s][debug][gc,phases      ] GC(91) Scavenge 3.722ms
[4117.591s][debug][gc,ref         ] GC(91) Skipped phase 1 of Reference Processing: no references
[4117.591s][debug][gc,ref         ] GC(91) ReferenceProcessor::execute queues: 1, RefProcThreadModel::Single, marks_oops_alive: false
[4117.591s][debug][gc,ref         ] GC(91) Skipped phase 3 of Reference Processing: no references
[4117.591s][debug][gc,ref         ] GC(91) ReferenceProcessor::execute queues: 1, RefProcThreadModel::Single, marks_oops_alive: false
[4117.591s][debug][gc,phases      ] GC(91) Reference Processing 0.122ms
[4117.592s][debug][gc,phases      ] GC(91)   VM Weak                        Min:  0.0, Avg:  0.0, Max:  0.0, Diff:  0.0, Sum:  0.0, Workers: 4
[4117.592s][debug][gc,phases      ] GC(91)     Dead                           Min: 0, Avg:  0.0, Max: 0, Diff: 0, Sum: 0, Workers: 4
[4117.592s][debug][gc,phases      ] GC(91)     Total                          Min: 0, Avg: 224.2, Max: 704, Diff: 704, Sum: 897, Workers: 4
[4117.592s][debug][gc,phases      ] GC(91)   ObjectSynchronizer Weak        Min:  0.0, Avg:  0.0, Max:  0.0, Diff:  0.0, Sum:  0.0, Workers: 4
[4117.592s][debug][gc,phases      ] GC(91)     Dead                           Min: 0, Avg:  0.0, Max: 0, Diff: 0, Sum: 0, Workers: 4
[4117.592s][debug][gc,phases      ] GC(91)     Total                          Min: 0, Avg:  7.5, Max: 30, Diff: 30, Sum: 30, Workers: 4
[4117.592s][debug][gc,phases      ] GC(91)   JVMTI Tag Weak OopStorage      Min:  0.0, Avg:  0.0, Max:  0.0, Diff:  0.0, Sum:  0.0, Workers: 4
[4117.592s][debug][gc,phases      ] GC(91)     Dead                           Min: 0, Avg:  0.0, Max: 0, Diff: 0, Sum: 0, Workers: 4
[4117.592s][debug][gc,phases      ] GC(91)     Total                          Min: 0, Avg:  0.0, Max: 0, Diff: 0, Sum: 0, Workers: 4
[4117.592s][debug][gc,phases      ] GC(91)   StringTable Weak               Min:  0.0, Avg:  0.1, Max:  0.1, Diff:  0.1, Sum:  0.4, Workers: 4
[4117.592s][debug][gc,phases      ] GC(91)     Dead                           Min: 0, Avg:  0.0, Max: 0, Diff: 0, Sum: 0, Workers: 4
[4117.592s][debug][gc,phases      ] GC(91)     Total                          Min: 0, Avg: 10803.0, Max: 14720, Diff: 14720, Sum: 43212, Workers: 4
[4117.592s][debug][gc,phases      ] GC(91)   ResolvedMethodTable Weak       Min:  0.0, Avg:  0.0, Max:  0.0, Diff:  0.0, Sum:  0.1, Workers: 4
[4117.592s][debug][gc,phases      ] GC(91)     Dead                           Min: 0, Avg:  0.0, Max: 0, Diff: 0, Sum: 0, Workers: 4
[4117.592s][debug][gc,phases      ] GC(91)     Total                          Min: 0, Avg: 2320.8, Max: 3136, Diff: 3136, Sum: 9283, Workers: 4
[4117.592s][debug][gc,phases      ] GC(91)   JNI Weak                       Min:  0.0, Avg:  0.0, Max:  0.0, Diff:  0.0, Sum:  0.0, Workers: 4
[4117.592s][debug][gc,phases      ] GC(91)     Dead                           Min: 0, Avg:  0.0, Max: 0, Diff: 0, Sum: 0, Workers: 4
[4117.592s][debug][gc,phases      ] GC(91)     Total                          Min: 0, Avg: 11.2, Max: 45, Diff: 45, Sum: 45, Workers: 4
[4117.592s][debug][gc,phases      ] GC(91)   StringDedup Table Weak         Min:  0.0, Avg:  0.0, Max:  0.0, Diff:  0.0, Sum:  0.0, Workers: 4
[4117.592s][debug][gc,phases      ] GC(91)     Dead                           Min: 0, Avg:  0.0, Max: 0, Diff: 0, Sum: 0, Workers: 4
[4117.592s][debug][gc,phases      ] GC(91)     Total                          Min: 0, Avg:  0.0, Max: 0, Diff: 0, Sum: 0, Workers: 4
[4117.592s][debug][gc,phases      ] GC(91)   StringDedup Requests0 Weak     Min:  0.0, Avg:  0.0, Max:  0.0, Diff:  0.0, Sum:  0.0, Workers: 4
[4117.592s][debug][gc,phases      ] GC(91)     Dead                           Min: 0, Avg:  0.0, Max: 0, Diff: 0, Sum: 0, Workers: 4
[4117.592s][debug][gc,phases      ] GC(91)     Total                          Min: 0, Avg:  0.0, Max: 0, Diff: 0, Sum: 0, Workers: 4
[4117.592s][debug][gc,phases      ] GC(91)   StringDedup Requests1 Weak     Min:  0.0, Avg:  0.0, Max:  0.0, Diff:  0.0, Sum:  0.0, Workers: 4
[4117.592s][debug][gc,phases      ] GC(91)     Dead                           Min: 0, Avg:  0.0, Max: 0, Diff: 0, Sum: 0, Workers: 4
[4117.592s][debug][gc,phases      ] GC(91)     Total                          Min: 0, Avg:  0.0, Max: 0, Diff: 0, Sum: 0, Workers: 4
[4117.592s][debug][gc,phases      ] GC(91)   Weak JFR Old Object Samples    Min:  0.0, Avg:  0.0, Max:  0.0, Diff:  0.0, Sum:  0.0, Workers: 4
[4117.592s][debug][gc,phases      ] GC(91)     Dead                           Min: 0, Avg:  0.0, Max: 0, Diff: 0, Sum: 0, Workers: 4
[4117.592s][debug][gc,phases      ] GC(91)     Total                          Min: 0, Avg:  0.0, Max: 0, Diff: 0, Sum: 0, Workers: 4
[4117.592s][debug][gc,phases      ] GC(91) Weak Processing 0.368ms
[4117.592s][debug][gc,age         ] GC(91) Desired survivor size 10485760 bytes, new threshold 15 (max threshold 15)
[4117.592s][info ][gc,heap        ] GC(91) PSYoungGen: 2078208K(2086400K)->2896K(2085376K) Eden: 2074624K(2074624K)->0K(2074624K) From: 3584K(11776K)->2896K(10752K)
[4117.592s][info ][gc,heap        ] GC(91) ParOldGen: 454039K(532992K)->454071K(532992K)
[4117.592s][info ][gc,metaspace   ] GC(91) Metaspace: 81632K(82752K)->81632K(82752K) NonClass: 70097K(70720K)->70097K(70720K) Class: 11534K(12032K)->11534K(12032K)
[4117.592s][info ][gc             ] GC(91) Pause Young (Allocation Failure) 2472M->446M(2557M) 4.352ms
[4117.592s][info ][gc,cpu         ] GC(91) User=0.01s Sys=0.00s Real=0.01s
[4117.592s][info ][safepoint      ] Safepoint "ParallelGCFailedAllocation", Time since last: 1894497414 ns, Reaching safepoint: 45402 ns, At safepoint: 4425047 ns, Total: 4470449 ns
[4131.593s][info ][safepoint      ] Safepoint "Cleanup", Time since last: 14001078738 ns, Reaching safepoint: 55302 ns, At safepoint: 2800 ns, Total: 58102 ns
[4138.594s][info ][safepoint      ] Safepoint "Cleanup", Time since last: 7000641569 ns, Reaching safepoint: 63402 ns, At safepoint: 5800 ns, Total: 69202 ns
[4139.896s][info ][safepoint      ] Safepoint "Cleanup", Time since last: 1302289885 ns, Reaching safepoint: 60102 ns, At safepoint: 12901 ns, Total: 73003 ns
[4140.896s][info ][safepoint      ] Safepoint "Cleanup", Time since last: 1000107145 ns, Reaching safepoint: 110303 ns, At safepoint: 6900 ns, Total: 117203 ns
[4147.897s][info ][safepoint      ] Safepoint "Cleanup", Time since last: 7000730714 ns, Reaching safepoint: 50001 ns, At safepoint: 2900 ns, Total: 52901 ns
[4150.897s][info ][safepoint      ] Safepoint "Cleanup", Time since last: 3000227484 ns, Reaching safepoint: 61302 ns, At safepoint: 2800 ns, Total: 64102 ns
[4228.903s][info ][safepoint      ] Safepoint "Cleanup", Time since last: 78005262730 ns, Reaching safepoint: 57402 ns, At safepoint: 3100 ns, Total: 60502 ns
[4260.905s][info ][safepoint      ] Safepoint "Cleanup", Time since last: 32002151350 ns, Reaching safepoint: 107703 ns, At safepoint: 9000 ns, Total: 116703 ns
[4261.247s][info ][gc,heap,exit   ] Heap
[4261.247s][info ][gc,heap,exit   ]  PSYoungGen      total 2085376K, used 1462628K [0x0000000780000000, 0x0000000800000000, 0x0000000800000000)
[4261.247s][info ][gc,heap,exit   ]   eden space 2074624K, 70% used [0x0000000780000000,0x00000007d9185180,0x00000007fea00000)
[4261.247s][info ][gc,heap,exit   ]   from space 10752K, 26% used [0x00000007fea00000,0x00000007fecd4048,0x00000007ff480000)
[4261.247s][info ][gc,heap,exit   ]   to   space 10240K, 0% used [0x00000007ff600000,0x00000007ff600000,0x0000000800000000)
[4261.247s][info ][gc,heap,exit   ]  ParOldGen       total 532992K, used 454071K [0x0000000740000000, 0x0000000760880000, 0x0000000780000000)
[4261.247s][info ][gc,heap,exit   ]   object space 532992K, 85% used [0x0000000740000000,0x000000075bb6dc60,0x0000000760880000)
[4261.247s][info ][gc,heap,exit   ]  Metaspace       used 81712K, committed 82816K, reserved 1179648K
[4261.247s][info ][gc,heap,exit   ]   class space    used 11544K, committed 12032K, reserved 1048576K
