[0.003s][info][gc] Using Parallel
[0.005s][info][gc,init] Version: 17.0.7+7-LTS (release)
[0.005s][info][gc,init] CPUs: 4 total, 4 available
[0.005s][info][gc,init] Memory: 16003M
[0.005s][info][gc,init] Large Page Support: Disabled
[0.005s][info][gc,init] NUMA Support: Disabled
[0.005s][info][gc,init] Compressed Oops: Enabled (Zero based)
[0.005s][info][gc,init] Alignments: Space 512K, Generation 512K, Heap 2M
[0.005s][info][gc,init] Heap Min Capacity: 2054M
[0.005s][info][gc,init] Heap Initial Capacity: 2054M
[0.005s][info][gc,init] Heap Max Capacity: 3G
[0.005s][info][gc,init] Pre-touch: Disabled
[0.005s][info][gc,init] Parallel Workers: 4
[0.005s][info][gc,metaspace] CDS archive(s) mapped at: [0x0000000800000000-0x0000000800be1000-0x0000000800be1000), size 12455936, SharedBaseAddress: 0x0000000800000000, ArchiveRelocationMode: 0.
[0.005s][info][gc,metaspace] Compressed class space mapped at: 0x0000000801000000-0x0000000841000000, reserved size: 1073741824
[0.005s][info][gc,metaspace] Narrow klass base: 0x0000000800000000, Narrow klass shift: 0, Narrow klass range: 0x100000000
[0.847s][info][safepoint   ] Safepoint "ICBufferFull", Time since last: 834018582 ns, Reaching safepoint: 235905 ns, At safepoint: 5100 ns, Total: 241005 ns
[1.219s][info][safepoint   ] Safepoint "ICBufferFull", Time since last: 372086558 ns, Reaching safepoint: 239706 ns, At safepoint: 7800 ns, Total: 247506 ns
[1.815s][info][safepoint   ] Safepoint "ICBufferFull", Time since last: 595692201 ns, Reaching safepoint: 172404 ns, At safepoint: 9900 ns, Total: 182304 ns
[1.869s][info][gc,start    ] GC(0) Pause Young (Metadata GC Threshold)
[1.888s][debug][gc,phases   ] GC(0) Scavenge 18.642ms
[1.888s][debug][gc,ref      ] GC(0) Skipped phase 1 of Reference Processing: no references
[1.888s][debug][gc,ref      ] GC(0) ReferenceProcessor::execute queues: 4, RefProcThreadModel::Multi, marks_oops_alive: false
[1.888s][debug][gc,ref      ] GC(0) Skipped phase 3 of Reference Processing: no references
[1.889s][debug][gc,ref      ] GC(0) ReferenceProcessor::execute queues: 1, RefProcThreadModel::Single, marks_oops_alive: false
[1.889s][debug][gc,phases   ] GC(0) Reference Processing 0.436ms
[1.889s][debug][gc,phases   ] GC(0)   VM Weak                        Min:  0.0, Avg:  0.0, Max:  0.0, Diff:  0.0, Sum:  0.0, Workers: 4
[1.889s][debug][gc,phases   ] GC(0)     Dead                           Min: 0, Avg:  0.0, Max: 0, Diff: 0, Sum: 0, Workers: 4
[1.889s][debug][gc,phases   ] GC(0)     Total                          Min: 0, Avg: 58.0, Max: 192, Diff: 192, Sum: 232, Workers: 4
[1.889s][debug][gc,phases   ] GC(0)   ObjectSynchronizer Weak        Min:  0.0, Avg:  0.0, Max:  0.0, Diff:  0.0, Sum:  0.0, Workers: 4
[1.889s][debug][gc,phases   ] GC(0)     Dead                           Min: 0, Avg:  0.2, Max: 1, Diff: 1, Sum: 1, Workers: 4
[1.889s][debug][gc,phases   ] GC(0)     Total                          Min: 0, Avg:  2.0, Max: 8, Diff: 8, Sum: 8, Workers: 4
[1.889s][debug][gc,phases   ] GC(0)   JVMTI Tag Weak OopStorage      Min:  0.0, Avg:  0.0, Max:  0.0, Diff:  0.0, Sum:  0.0, Workers: 4
[1.889s][debug][gc,phases   ] GC(0)     Dead                           Min: 0, Avg:  0.0, Max: 0, Diff: 0, Sum: 0, Workers: 4
[1.889s][debug][gc,phases   ] GC(0)     Total                          Min: 0, Avg:  0.0, Max: 0, Diff: 0, Sum: 0, Workers: 4
[1.889s][debug][gc,phases   ] GC(0)   StringTable Weak               Min:  0.0, Avg:  0.1, Max:  0.2, Diff:  0.2, Sum:  0.4, Workers: 4
[1.889s][debug][gc,phases   ] GC(0)     Dead                           Min: 0, Avg:  6.5, Max: 18, Diff: 18, Sum: 26, Workers: 4
[1.889s][debug][gc,phases   ] GC(0)     Total                          Min: 0, Avg: 3286.0, Max: 7960, Diff: 7960, Sum: 13144, Workers: 4
[1.889s][debug][gc,phases   ] GC(0)   ResolvedMethodTable Weak       Min:  0.0, Avg:  0.0, Max:  0.0, Diff:  0.0, Sum:  0.0, Workers: 4
[1.889s][debug][gc,phases   ] GC(0)     Dead                           Min: 0, Avg: 20.5, Max: 46, Diff: 46, Sum: 82, Workers: 4
[1.889s][debug][gc,phases   ] GC(0)     Total                          Min: 0, Avg: 320.8, Max: 835, Diff: 835, Sum: 1283, Workers: 4
[1.889s][debug][gc,phases   ] GC(0)   JNI Weak                       Min:  0.0, Avg:  0.0, Max:  0.0, Diff:  0.0, Sum:  0.0, Workers: 4
[1.889s][debug][gc,phases   ] GC(0)     Dead                           Min: 0, Avg:  0.0, Max: 0, Diff: 0, Sum: 0, Workers: 4
[1.889s][debug][gc,phases   ] GC(0)     Total                          Min: 0, Avg: 11.2, Max: 45, Diff: 45, Sum: 45, Workers: 4
[1.889s][debug][gc,phases   ] GC(0)   StringDedup Table Weak         Min:  0.0, Avg:  0.0, Max:  0.0, Diff:  0.0, Sum:  0.0, Workers: 4
[1.889s][debug][gc,phases   ] GC(0)     Dead                           Min: 0, Avg:  0.0, Max: 0, Diff: 0, Sum: 0, Workers: 4
[1.889s][debug][gc,phases   ] GC(0)     Total                          Min: 0, Avg:  0.0, Max: 0, Diff: 0, Sum: 0, Workers: 4
[1.889s][debug][gc,phases   ] GC(0)   StringDedup Requests0 Weak     Min:  0.0, Avg:  0.0, Max:  0.0, Diff:  0.0, Sum:  0.0, Workers: 4
[1.889s][debug][gc,phases   ] GC(0)     Dead                           Min: 0, Avg:  0.0, Max: 0, Diff: 0, Sum: 0, Workers: 4
[1.889s][debug][gc,phases   ] GC(0)     Total                          Min: 0, Avg:  0.0, Max: 0, Diff: 0, Sum: 0, Workers: 4
[1.889s][debug][gc,phases   ] GC(0)   StringDedup Requests1 Weak     Min:  0.0, Avg:  0.0, Max:  0.0, Diff:  0.0, Sum:  0.0, Workers: 4
[1.889s][debug][gc,phases   ] GC(0)     Dead                           Min: 0, Avg:  0.0, Max: 0, Diff: 0, Sum: 0, Workers: 4
[1.889s][debug][gc,phases   ] GC(0)     Total                          Min: 0, Avg:  0.0, Max: 0, Diff: 0, Sum: 0, Workers: 4
[1.889s][debug][gc,phases   ] GC(0)   Weak JFR Old Object Samples    Min:  0.0, Avg:  0.0, Max:  0.0, Diff:  0.0, Sum:  0.0, Workers: 4
[1.889s][debug][gc,phases   ] GC(0)     Dead                           Min: 0, Avg:  0.0, Max: 0, Diff: 0, Sum: 0, Workers: 4
[1.889s][debug][gc,phases   ] GC(0)     Total                          Min: 0, Avg:  0.0, Max: 0, Diff: 0, Sum: 0, Workers: 4
[1.889s][debug][gc,phases   ] GC(0) Weak Processing 0.409ms
[1.889s][debug][gc,age      ] GC(0) Desired survivor size 536870912 bytes, new threshold 7 (max threshold 15)
[1.889s][info ][gc,heap     ] GC(0) PSYoungGen: 230696K(1572864K)->31558K(1572864K) Eden: 230696K(1048576K)->0K(1048576K) From: 0K(524288K)->31558K(524288K)
[1.889s][info ][gc,heap     ] GC(0) ParOldGen: 0K(6144K)->80K(6144K)
[1.889s][info ][gc,metaspace] GC(0) Metaspace: 21153K(21504K)->21153K(21504K) NonClass: 18673K(18880K)->18673K(18880K) Class: 2480K(2624K)->2480K(2624K)
[1.889s][info ][gc          ] GC(0) Pause Young (Metadata GC Threshold) 225M->30M(1542M) 19.836ms
[1.889s][info ][gc,cpu      ] GC(0) User=0.05s Sys=0.00s Real=0.02s
[1.889s][debug][gc,phases   ] GC(1) Pre Compact 0.012ms
[1.889s][info ][gc,start    ] GC(1) Pause Full (Metadata GC Threshold)
[1.889s][info ][gc,phases,start] GC(1) Marking Phase
[1.898s][debug][gc,phases      ] GC(1) Par Mark 8.950ms
[1.898s][debug][gc,ref         ] GC(1) Skipped phase 1 of Reference Processing: no references
[1.898s][debug][gc,ref         ] GC(1) ReferenceProcessor::execute queues: 3, RefProcThreadModel::Multi, marks_oops_alive: false
[1.899s][debug][gc,ref         ] GC(1) Skipped phase 3 of Reference Processing: no references
[1.899s][debug][gc,ref         ] GC(1) ReferenceProcessor::execute queues: 1, RefProcThreadModel::Single, marks_oops_alive: false
[1.899s][debug][gc,phases      ] GC(1) Reference Processing 0.509ms
[1.899s][debug][gc,phases      ] GC(1)   VM Weak                        Min:  0.0, Avg:  0.0, Max:  0.0, Diff:  0.0, Sum:  0.0, Workers: 4
[1.899s][debug][gc,phases      ] GC(1)     Dead                           Min: 0, Avg:  0.0, Max: 0, Diff: 0, Sum: 0, Workers: 4
[1.899s][debug][gc,phases      ] GC(1)     Total                          Min: 0, Avg: 58.0, Max: 232, Diff: 232, Sum: 232, Workers: 4
[1.899s][debug][gc,phases      ] GC(1)   ObjectSynchronizer Weak        Min:  0.0, Avg:  0.0, Max:  0.0, Diff:  0.0, Sum:  0.0, Workers: 4
[1.899s][debug][gc,phases      ] GC(1)     Dead                           Min: 0, Avg:  0.0, Max: 0, Diff: 0, Sum: 0, Workers: 4
[1.899s][debug][gc,phases      ] GC(1)     Total                          Min: 0, Avg:  2.0, Max: 8, Diff: 8, Sum: 8, Workers: 4
[1.899s][debug][gc,phases      ] GC(1)   JVMTI Tag Weak OopStorage      Min:  0.0, Avg:  0.0, Max:  0.0, Diff:  0.0, Sum:  0.0, Workers: 4
[1.899s][debug][gc,phases      ] GC(1)     Dead                           Min: 0, Avg:  0.0, Max: 0, Diff: 0, Sum: 0, Workers: 4
[1.899s][debug][gc,phases      ] GC(1)     Total                          Min: 0, Avg:  0.0, Max: 0, Diff: 0, Sum: 0, Workers: 4
[1.899s][debug][gc,phases      ] GC(1)   StringTable Weak               Min:  0.0, Avg:  0.0, Max:  0.1, Diff:  0.1, Sum:  0.1, Workers: 4
[1.899s][debug][gc,phases      ] GC(1)     Dead                           Min: 0, Avg:  0.0, Max: 0, Diff: 0, Sum: 0, Workers: 4
[1.899s][debug][gc,phases      ] GC(1)     Total                          Min: 0, Avg: 3286.0, Max: 7744, Diff: 7744, Sum: 13144, Workers: 4
[1.899s][debug][gc,phases      ] GC(1)   ResolvedMethodTable Weak       Min:  0.0, Avg:  0.0, Max:  0.0, Diff:  0.0, Sum:  0.0, Workers: 4
[1.899s][debug][gc,phases      ] GC(1)     Dead                           Min: 0, Avg:  0.0, Max: 0, Diff: 0, Sum: 0, Workers: 4
[1.899s][debug][gc,phases      ] GC(1)     Total                          Min: 0, Avg: 320.8, Max: 1027, Diff: 1027, Sum: 1283, Workers: 4
[1.899s][debug][gc,phases      ] GC(1)   JNI Weak                       Min:  0.0, Avg:  0.0, Max:  0.0, Diff:  0.0, Sum:  0.0, Workers: 4
[1.899s][debug][gc,phases      ] GC(1)     Dead                           Min: 0, Avg:  0.0, Max: 0, Diff: 0, Sum: 0, Workers: 4
[1.899s][debug][gc,phases      ] GC(1)     Total                          Min: 0, Avg: 11.2, Max: 45, Diff: 45, Sum: 45, Workers: 4
[1.899s][debug][gc,phases      ] GC(1)   StringDedup Table Weak         Min:  0.0, Avg:  0.0, Max:  0.0, Diff:  0.0, Sum:  0.0, Workers: 4
[1.899s][debug][gc,phases      ] GC(1)     Dead                           Min: 0, Avg:  0.0, Max: 0, Diff: 0, Sum: 0, Workers: 4
[1.899s][debug][gc,phases      ] GC(1)     Total                          Min: 0, Avg:  0.0, Max: 0, Diff: 0, Sum: 0, Workers: 4
[1.899s][debug][gc,phases      ] GC(1)   StringDedup Requests0 Weak     Min:  0.0, Avg:  0.0, Max:  0.0, Diff:  0.0, Sum:  0.0, Workers: 4
[1.899s][debug][gc,phases      ] GC(1)     Dead                           Min: 0, Avg:  0.0, Max: 0, Diff: 0, Sum: 0, Workers: 4
[1.899s][debug][gc,phases      ] GC(1)     Total                          Min: 0, Avg:  0.0, Max: 0, Diff: 0, Sum: 0, Workers: 4
[1.899s][debug][gc,phases      ] GC(1)   StringDedup Requests1 Weak     Min:  0.0, Avg:  0.0, Max:  0.0, Diff:  0.0, Sum:  0.0, Workers: 4
[1.899s][debug][gc,phases      ] GC(1)     Dead                           Min: 0, Avg:  0.0, Max: 0, Diff: 0, Sum: 0, Workers: 4
[1.899s][debug][gc,phases      ] GC(1)     Total                          Min: 0, Avg:  0.0, Max: 0, Diff: 0, Sum: 0, Workers: 4
[1.899s][debug][gc,phases      ] GC(1)   Weak JFR Old Object Samples    Min:  0.0, Avg:  0.0, Max:  0.0, Diff:  0.0, Sum:  0.0, Workers: 4
[1.899s][debug][gc,phases      ] GC(1)     Dead                           Min: 0, Avg:  0.0, Max: 0, Diff: 0, Sum: 0, Workers: 4
[1.899s][debug][gc,phases      ] GC(1)     Total                          Min: 0, Avg:  0.0, Max: 0, Diff: 0, Sum: 0, Workers: 4
[1.899s][debug][gc,phases      ] GC(1) Weak Processing 0.273ms
[1.899s][debug][gc,phases      ] GC(1) ClassLoaderData 0.029ms
[1.899s][debug][gc,phases      ] GC(1) Trigger cleanups 0.000ms
[1.902s][debug][gc,phases      ] GC(1) Class Unloading 3.100ms
[1.902s][info ][gc,phases      ] GC(1) Marking Phase 12.930ms
[1.902s][info ][gc,phases,start] GC(1) Summary Phase
[1.902s][info ][gc,phases      ] GC(1) Summary Phase 0.008ms
[1.902s][info ][gc,phases,start] GC(1) Adjust Roots
[1.906s][info ][gc,phases      ] GC(1) Adjust Roots 3.687ms
[1.906s][info ][gc,phases,start] GC(1) Compaction Phase
[1.927s][info ][gc,phases      ] GC(1) Compaction Phase 21.485ms
[1.927s][info ][gc,phases,start] GC(1) Post Compact
[1.929s][info ][gc,phases      ] GC(1) Post Compact 1.294ms
[1.929s][info ][gc,heap        ] GC(1) PSYoungGen: 31558K(1572864K)->25788K(1572864K) Eden: 0K(1048576K)->0K(1048576K) From: 31558K(524288K)->25788K(524288K)
[1.929s][info ][gc,heap        ] GC(1) ParOldGen: 80K(6144K)->5656K(6144K)
[1.929s][info ][gc,metaspace   ] GC(1) Metaspace: 21153K(21504K)->21153K(21504K) NonClass: 18673K(18880K)->18673K(18880K) Class: 2480K(2624K)->2480K(2624K)
[1.929s][info ][gc             ] GC(1) Pause Full (Metadata GC Threshold) 30M->30M(1542M) 39.538ms
[1.929s][info ][gc,cpu         ] GC(1) User=0.10s Sys=0.00s Real=0.04s
[1.929s][info ][safepoint      ] Safepoint "CollectForMetadataAllocation", Time since last: 54175146 ns, Reaching safepoint: 67002 ns, At safepoint: 59492468 ns, Total: 59559470 ns
[2.095s][info ][safepoint      ] Safepoint "ICBufferFull", Time since last: 165780413 ns, Reaching safepoint: 186604 ns, At safepoint: 2500 ns, Total: 189104 ns
[2.291s][info ][safepoint      ] Safepoint "ICBufferFull", Time since last: 196378217 ns, Reaching safepoint: 279606 ns, At safepoint: 8100 ns, Total: 287706 ns
[2.486s][info ][safepoint      ] Safepoint "ICBufferFull", Time since last: 194330270 ns, Reaching safepoint: 178504 ns, At safepoint: 7600 ns, Total: 186104 ns
[2.905s][info ][safepoint      ] Safepoint "ICBufferFull", Time since last: 418785432 ns, Reaching safepoint: 516312 ns, At safepoint: 6000 ns, Total: 522312 ns
[3.164s][info ][safepoint      ] Safepoint "ICBufferFull", Time since last: 258562247 ns, Reaching safepoint: 170104 ns, At safepoint: 4600 ns, Total: 174704 ns
[3.365s][info ][safepoint      ] Safepoint "ICBufferFull", Time since last: 200717917 ns, Reaching safepoint: 177904 ns, At safepoint: 2400 ns, Total: 180304 ns
[3.530s][info ][safepoint      ] Safepoint "ICBufferFull", Time since last: 164671087 ns, Reaching safepoint: 315607 ns, At safepoint: 2600 ns, Total: 318207 ns
[3.608s][info ][safepoint      ] Safepoint "ICBufferFull", Time since last: 78236100 ns, Reaching safepoint: 233905 ns, At safepoint: 5500 ns, Total: 239405 ns
[3.802s][info ][safepoint      ] Safepoint "ICBufferFull", Time since last: 193376787 ns, Reaching safepoint: 237905 ns, At safepoint: 6600 ns, Total: 244505 ns
[4.034s][info ][safepoint      ] Safepoint "ICBufferFull", Time since last: 231929635 ns, Reaching safepoint: 220305 ns, At safepoint: 4900 ns, Total: 225205 ns
[4.152s][info ][safepoint      ] Safepoint "ICBufferFull", Time since last: 117822460 ns, Reaching safepoint: 172704 ns, At safepoint: 2800 ns, Total: 175504 ns
[4.206s][info ][gc,start       ] GC(2) Pause Young (Metadata GC Threshold)
[4.282s][debug][gc,phases      ] GC(2) Scavenge 76.119ms
[4.283s][debug][gc,ref         ] GC(2) Skipped phase 1 of Reference Processing: no references
[4.283s][debug][gc,ref         ] GC(2) ReferenceProcessor::execute queues: 4, RefProcThreadModel::Multi, marks_oops_alive: false
[4.283s][debug][gc,ref         ] GC(2) Skipped phase 3 of Reference Processing: no references
[4.283s][debug][gc,ref         ] GC(2) ReferenceProcessor::execute queues: 1, RefProcThreadModel::Single, marks_oops_alive: false
[4.283s][debug][gc,phases      ] GC(2) Reference Processing 0.708ms
[4.284s][debug][gc,phases      ] GC(2)   VM Weak                        Min:  0.0, Avg:  0.0, Max:  0.0, Diff:  0.0, Sum:  0.0, Workers: 4
[4.284s][debug][gc,phases      ] GC(2)     Dead                           Min: 0, Avg:  0.0, Max: 0, Diff: 0, Sum: 0, Workers: 4
[4.284s][debug][gc,phases      ] GC(2)     Total                          Min: 0, Avg: 88.5, Max: 192, Diff: 192, Sum: 354, Workers: 4
[4.284s][debug][gc,phases      ] GC(2)   ObjectSynchronizer Weak        Min:  0.0, Avg:  0.0, Max:  0.0, Diff:  0.0, Sum:  0.0, Workers: 4
[4.284s][debug][gc,phases      ] GC(2)     Dead                           Min: 0, Avg:  0.0, Max: 0, Diff: 0, Sum: 0, Workers: 4
[4.284s][debug][gc,phases      ] GC(2)     Total                          Min: 0, Avg:  2.0, Max: 8, Diff: 8, Sum: 8, Workers: 4
[4.284s][debug][gc,phases      ] GC(2)   JVMTI Tag Weak OopStorage      Min:  0.0, Avg:  0.0, Max:  0.0, Diff:  0.0, Sum:  0.0, Workers: 4
[4.284s][debug][gc,phases      ] GC(2)     Dead                           Min: 0, Avg:  0.0, Max: 0, Diff: 0, Sum: 0, Workers: 4
[4.284s][debug][gc,phases      ] GC(2)     Total                          Min: 0, Avg:  0.0, Max: 0, Diff: 0, Sum: 0, Workers: 4
[4.284s][debug][gc,phases      ] GC(2)   StringTable Weak               Min:  0.0, Avg:  0.3, Max:  0.4, Diff:  0.4, Sum:  1.2, Workers: 4
[4.284s][debug][gc,phases      ] GC(2)     Dead                           Min: 0, Avg:  2.2, Max: 4, Diff: 4, Sum: 9, Workers: 4
[4.284s][debug][gc,phases      ] GC(2)     Total                          Min: 0, Avg: 6545.5, Max: 9600, Diff: 9600, Sum: 26182, Workers: 4
[4.284s][debug][gc,phases      ] GC(2)   ResolvedMethodTable Weak       Min:  0.0, Avg:  0.0, Max:  0.0, Diff:  0.0, Sum:  0.1, Workers: 4
[4.284s][debug][gc,phases      ] GC(2)     Dead                           Min: 0, Avg: 14.2, Max: 49, Diff: 49, Sum: 57, Workers: 4
[4.284s][debug][gc,phases      ] GC(2)     Total                          Min: 0, Avg: 612.0, Max: 896, Diff: 896, Sum: 2448, Workers: 4
[4.284s][debug][gc,phases      ] GC(2)   JNI Weak                       Min:  0.0, Avg:  0.0, Max:  0.0, Diff:  0.0, Sum:  0.0, Workers: 4
[4.284s][debug][gc,phases      ] GC(2)     Dead                           Min: 0, Avg:  0.0, Max: 0, Diff: 0, Sum: 0, Workers: 4
[4.284s][debug][gc,phases      ] GC(2)     Total                          Min: 0, Avg: 11.8, Max: 47, Diff: 47, Sum: 47, Workers: 4
[4.284s][debug][gc,phases      ] GC(2)   StringDedup Table Weak         Min:  0.0, Avg:  0.0, Max:  0.0, Diff:  0.0, Sum:  0.0, Workers: 4
[4.284s][debug][gc,phases      ] GC(2)     Dead                           Min: 0, Avg:  0.0, Max: 0, Diff: 0, Sum: 0, Workers: 4
[4.284s][debug][gc,phases      ] GC(2)     Total                          Min: 0, Avg:  0.0, Max: 0, Diff: 0, Sum: 0, Workers: 4
[4.284s][debug][gc,phases      ] GC(2)   StringDedup Requests0 Weak     Min:  0.0, Avg:  0.0, Max:  0.0, Diff:  0.0, Sum:  0.0, Workers: 4
[4.284s][debug][gc,phases      ] GC(2)     Dead                           Min: 0, Avg:  0.0, Max: 0, Diff: 0, Sum: 0, Workers: 4
[4.284s][debug][gc,phases      ] GC(2)     Total                          Min: 0, Avg:  0.0, Max: 0, Diff: 0, Sum: 0, Workers: 4
[4.284s][debug][gc,phases      ] GC(2)   StringDedup Requests1 Weak     Min:  0.0, Avg:  0.0, Max:  0.0, Diff:  0.0, Sum:  0.0, Workers: 4
[4.284s][debug][gc,phases      ] GC(2)     Dead                           Min: 0, Avg:  0.0, Max: 0, Diff: 0, Sum: 0, Workers: 4
[4.284s][debug][gc,phases      ] GC(2)     Total                          Min: 0, Avg:  0.0, Max: 0, Diff: 0, Sum: 0, Workers: 4
[4.284s][debug][gc,phases      ] GC(2)   Weak JFR Old Object Samples    Min:  0.0, Avg:  0.0, Max:  0.0, Diff:  0.0, Sum:  0.0, Workers: 4
[4.284s][debug][gc,phases      ] GC(2)     Dead                           Min: 0, Avg:  0.0, Max: 0, Diff: 0, Sum: 0, Workers: 4
[4.284s][debug][gc,phases      ] GC(2)     Total                          Min: 0, Avg:  0.0, Max: 0, Diff: 0, Sum: 0, Workers: 4
[4.284s][debug][gc,phases      ] GC(2) Weak Processing 0.720ms
[4.284s][debug][gc,age         ] GC(2) Desired survivor size 536870912 bytes, new threshold 7 (max threshold 15)
[4.284s][info ][gc,heap        ] GC(2) PSYoungGen: 571052K(1572864K)->82610K(1572864K) Eden: 545263K(1048576K)->0K(1048576K) From: 25788K(524288K)->82610K(524288K)
[4.284s][info ][gc,heap        ] GC(2) ParOldGen: 5656K(6144K)->5664K(6144K)
[4.284s][info ][gc,metaspace   ] GC(2) Metaspace: 35364K(35840K)->35364K(35840K) NonClass: 30736K(30976K)->30736K(30976K) Class: 4628K(4864K)->4628K(4864K)
[4.284s][info ][gc             ] GC(2) Pause Young (Metadata GC Threshold) 563M->86M(1542M) 77.696ms
[4.284s][info ][gc,cpu         ] GC(2) User=0.19s Sys=0.06s Real=0.08s
[4.284s][debug][gc,phases      ] GC(3) Pre Compact 0.014ms
[4.284s][info ][gc,start       ] GC(3) Pause Full (Metadata GC Threshold)
[4.284s][info ][gc,phases,start] GC(3) Marking Phase
[4.331s][debug][gc,phases      ] GC(3) Par Mark 46.455ms
[4.331s][debug][gc,ref         ] GC(3) Skipped phase 1 of Reference Processing: no references
[4.331s][debug][gc,ref         ] GC(3) ReferenceProcessor::execute queues: 4, RefProcThreadModel::Multi, marks_oops_alive: false
[4.331s][debug][gc,ref         ] GC(3) Skipped phase 3 of Reference Processing: no references
[4.331s][debug][gc,ref         ] GC(3) ReferenceProcessor::execute queues: 1, RefProcThreadModel::Single, marks_oops_alive: false
[4.331s][debug][gc,phases      ] GC(3) Reference Processing 0.376ms
[4.331s][debug][gc,phases      ] GC(3)   VM Weak                        Min:  0.0, Avg:  0.0, Max:  0.0, Diff:  0.0, Sum:  0.0, Workers: 4
[4.331s][debug][gc,phases      ] GC(3)     Dead                           Min: 0, Avg:  0.0, Max: 0, Diff: 0, Sum: 0, Workers: 4
[4.331s][debug][gc,phases      ] GC(3)     Total                          Min: 0, Avg: 88.5, Max: 192, Diff: 192, Sum: 354, Workers: 4
[4.331s][debug][gc,phases      ] GC(3)   ObjectSynchronizer Weak        Min:  0.0, Avg:  0.0, Max:  0.0, Diff:  0.0, Sum:  0.0, Workers: 4
[4.331s][debug][gc,phases      ] GC(3)     Dead                           Min: 0, Avg:  0.0, Max: 0, Diff: 0, Sum: 0, Workers: 4
[4.331s][debug][gc,phases      ] GC(3)     Total                          Min: 0, Avg:  2.0, Max: 8, Diff: 8, Sum: 8, Workers: 4
[4.331s][debug][gc,phases      ] GC(3)   JVMTI Tag Weak OopStorage      Min:  0.0, Avg:  0.0, Max:  0.0, Diff:  0.0, Sum:  0.0, Workers: 4
[4.331s][debug][gc,phases      ] GC(3)     Dead                           Min: 0, Avg:  0.0, Max: 0, Diff: 0, Sum: 0, Workers: 4
[4.331s][debug][gc,phases      ] GC(3)     Total                          Min: 0, Avg:  0.0, Max: 0, Diff: 0, Sum: 0, Workers: 4
[4.331s][debug][gc,phases      ] GC(3)   StringTable Weak               Min:  0.0, Avg:  0.1, Max:  0.1, Diff:  0.1, Sum:  0.4, Workers: 4
[4.331s][debug][gc,phases      ] GC(3)     Dead                           Min: 0, Avg:  0.0, Max: 0, Diff: 0, Sum: 0, Workers: 4
[4.331s][debug][gc,phases      ] GC(3)     Total                          Min: 0, Avg: 6545.5, Max: 9414, Diff: 9414, Sum: 26182, Workers: 4
[4.331s][debug][gc,phases      ] GC(3)   ResolvedMethodTable Weak       Min:  0.0, Avg:  0.0, Max:  0.0, Diff:  0.0, Sum:  0.0, Workers: 4
[4.331s][debug][gc,phases      ] GC(3)     Dead                           Min: 0, Avg:  0.0, Max: 0, Diff: 0, Sum: 0, Workers: 4
[4.331s][debug][gc,phases      ] GC(3)     Total                          Min: 0, Avg: 612.0, Max: 849, Diff: 849, Sum: 2448, Workers: 4
[4.331s][debug][gc,phases      ] GC(3)   JNI Weak                       Min:  0.0, Avg:  0.0, Max:  0.0, Diff:  0.0, Sum:  0.0, Workers: 4
[4.331s][debug][gc,phases      ] GC(3)     Dead                           Min: 0, Avg:  0.0, Max: 0, Diff: 0, Sum: 0, Workers: 4
[4.331s][debug][gc,phases      ] GC(3)     Total                          Min: 0, Avg: 11.8, Max: 47, Diff: 47, Sum: 47, Workers: 4
[4.331s][debug][gc,phases      ] GC(3)   StringDedup Table Weak         Min:  0.0, Avg:  0.0, Max:  0.0, Diff:  0.0, Sum:  0.0, Workers: 4
[4.331s][debug][gc,phases      ] GC(3)     Dead                           Min: 0, Avg:  0.0, Max: 0, Diff: 0, Sum: 0, Workers: 4
[4.331s][debug][gc,phases      ] GC(3)     Total                          Min: 0, Avg:  0.0, Max: 0, Diff: 0, Sum: 0, Workers: 4
[4.331s][debug][gc,phases      ] GC(3)   StringDedup Requests0 Weak     Min:  0.0, Avg:  0.0, Max:  0.0, Diff:  0.0, Sum:  0.0, Workers: 4
[4.331s][debug][gc,phases      ] GC(3)     Dead                           Min: 0, Avg:  0.0, Max: 0, Diff: 0, Sum: 0, Workers: 4
[4.331s][debug][gc,phases      ] GC(3)     Total                          Min: 0, Avg:  0.0, Max: 0, Diff: 0, Sum: 0, Workers: 4
[4.331s][debug][gc,phases      ] GC(3)   StringDedup Requests1 Weak     Min:  0.0, Avg:  0.0, Max:  0.0, Diff:  0.0, Sum:  0.0, Workers: 4
[4.331s][debug][gc,phases      ] GC(3)     Dead                           Min: 0, Avg:  0.0, Max: 0, Diff: 0, Sum: 0, Workers: 4
[4.331s][debug][gc,phases      ] GC(3)     Total                          Min: 0, Avg:  0.0, Max: 0, Diff: 0, Sum: 0, Workers: 4
[4.331s][debug][gc,phases      ] GC(3)   Weak JFR Old Object Samples    Min:  0.0, Avg:  0.0, Max:  0.0, Diff:  0.0, Sum:  0.0, Workers: 4
[4.331s][debug][gc,phases      ] GC(3)     Dead                           Min: 0, Avg:  0.0, Max: 0, Diff: 0, Sum: 0, Workers: 4
[4.331s][debug][gc,phases      ] GC(3)     Total                          Min: 0, Avg:  0.0, Max: 0, Diff: 0, Sum: 0, Workers: 4
[4.331s][debug][gc,phases      ] GC(3) Weak Processing 0.375ms
[4.331s][debug][gc,phases      ] GC(3) ClassLoaderData 0.047ms
[4.331s][debug][gc,phases      ] GC(3) Trigger cleanups 0.000ms
[4.340s][debug][gc,phases      ] GC(3) Class Unloading 8.272ms
[4.340s][info ][gc,phases      ] GC(3) Marking Phase 55.708ms
[4.340s][info ][gc,phases,start] GC(3) Summary Phase
[4.340s][info ][gc,phases      ] GC(3) Summary Phase 0.010ms
[4.340s][info ][gc,phases,start] GC(3) Adjust Roots
[4.347s][info ][gc,phases      ] GC(3) Adjust Roots 7.259ms
[4.347s][info ][gc,phases,start] GC(3) Compaction Phase
[4.714s][info ][gc,phases      ] GC(3) Compaction Phase 366.474ms
[4.714s][info ][gc,phases,start] GC(3) Post Compact
[4.715s][info ][gc,phases      ] GC(3) Post Compact 1.463ms
[4.715s][info ][gc,heap        ] GC(3) PSYoungGen: 82610K(1572864K)->81889K(1572864K) Eden: 0K(1048576K)->0K(1048576K) From: 82610K(524288K)->81889K(524288K)
[4.715s][info ][gc,heap        ] GC(3) ParOldGen: 5664K(6144K)->6071K(6144K)
[4.715s][info ][gc,metaspace   ] GC(3) Metaspace: 35364K(35840K)->35364K(35840K) NonClass: 30736K(30976K)->30736K(30976K) Class: 4628K(4864K)->4628K(4864K)
[4.715s][info ][gc             ] GC(3) Pause Full (Metadata GC Threshold) 86M->85M(1542M) 431.094ms
[4.715s][info ][gc,cpu         ] GC(3) User=0.88s Sys=0.01s Real=0.43s
[4.715s][info ][safepoint      ] Safepoint "CollectForMetadataAllocation", Time since last: 54243124 ns, Reaching safepoint: 61702 ns, At safepoint: 508922787 ns, Total: 508984489 ns
[4.923s][info ][safepoint      ] Safepoint "ICBufferFull", Time since last: 207543485 ns, Reaching safepoint: 298506 ns, At safepoint: 2801 ns, Total: 301307 ns
[5.224s][info ][safepoint      ] Safepoint "ICBufferFull", Time since last: 300677986 ns, Reaching safepoint: 645915 ns, At safepoint: 9000 ns, Total: 654915 ns
[6.030s][info ][safepoint      ] Safepoint "ICBufferFull", Time since last: 805628785 ns, Reaching safepoint: 221605 ns, At safepoint: 2300 ns, Total: 223905 ns
[6.182s][info ][safepoint      ] Safepoint "ICBufferFull", Time since last: 151856128 ns, Reaching safepoint: 244105 ns, At safepoint: 9900 ns, Total: 254005 ns
[6.296s][info ][safepoint      ] Safepoint "ICBufferFull", Time since last: 113922172 ns, Reaching safepoint: 149803 ns, At safepoint: 7400 ns, Total: 157203 ns
[6.532s][info ][safepoint      ] Safepoint "ICBufferFull", Time since last: 235748022 ns, Reaching safepoint: 177504 ns, At safepoint: 5300 ns, Total: 182804 ns
[6.717s][info ][safepoint      ] Safepoint "ICBufferFull", Time since last: 184210758 ns, Reaching safepoint: 208304 ns, At safepoint: 6101 ns, Total: 214405 ns
[6.953s][info ][safepoint      ] Safepoint "ICBufferFull", Time since last: 235902424 ns, Reaching safepoint: 288907 ns, At safepoint: 9700 ns, Total: 298607 ns
[7.175s][info ][safepoint      ] Safepoint "ICBufferFull", Time since last: 221380097 ns, Reaching safepoint: 146903 ns, At safepoint: 2700 ns, Total: 149603 ns
[7.822s][info ][safepoint      ] Safepoint "ICBufferFull", Time since last: 647124807 ns, Reaching safepoint: 190505 ns, At safepoint: 3900 ns, Total: 194405 ns
[8.279s][debug][gc,phases      ] GC(4) Pre Compact 0.019ms
[8.279s][info ][gc,start       ] GC(4) Pause Full (Metadata GC Threshold)
[8.279s][info ][gc,phases,start] GC(4) Marking Phase
[8.357s][debug][gc,phases      ] GC(4) Par Mark 77.870ms
[8.357s][debug][gc,ref         ] GC(4) Skipped phase 1 of Reference Processing: no references
[8.358s][debug][gc,ref         ] GC(4) ReferenceProcessor::execute queues: 4, RefProcThreadModel::Multi, marks_oops_alive: false
[8.358s][debug][gc,ref         ] GC(4) Skipped phase 3 of Reference Processing: no references
[8.359s][debug][gc,ref         ] GC(4) ReferenceProcessor::execute queues: 4, RefProcThreadModel::Multi, marks_oops_alive: false
[8.359s][debug][gc,phases      ] GC(4) Reference Processing 1.665ms
[8.359s][debug][gc,phases      ] GC(4)   VM Weak                        Min:  0.0, Avg:  0.0, Max:  0.0, Diff:  0.0, Sum:  0.0, Workers: 4
[8.359s][debug][gc,phases      ] GC(4)     Dead                           Min: 0, Avg:  0.0, Max: 0, Diff: 0, Sum: 0, Workers: 4
[8.359s][debug][gc,phases      ] GC(4)     Total                          Min: 0, Avg: 133.2, Max: 256, Diff: 256, Sum: 533, Workers: 4
[8.359s][debug][gc,phases      ] GC(4)   ObjectSynchronizer Weak        Min:  0.0, Avg:  0.0, Max:  0.0, Diff:  0.0, Sum:  0.0, Workers: 4
[8.359s][debug][gc,phases      ] GC(4)     Dead                           Min: 0, Avg:  0.8, Max: 3, Diff: 3, Sum: 3, Workers: 4
[8.359s][debug][gc,phases      ] GC(4)     Total                          Min: 0, Avg:  4.5, Max: 18, Diff: 18, Sum: 18, Workers: 4
[8.359s][debug][gc,phases      ] GC(4)   JVMTI Tag Weak OopStorage      Min:  0.0, Avg:  0.0, Max:  0.0, Diff:  0.0, Sum:  0.0, Workers: 4
[8.359s][debug][gc,phases      ] GC(4)     Dead                           Min: 0, Avg:  0.0, Max: 0, Diff: 0, Sum: 0, Workers: 4
[8.359s][debug][gc,phases      ] GC(4)     Total                          Min: 0, Avg:  0.0, Max: 0, Diff: 0, Sum: 0, Workers: 4
[8.359s][debug][gc,phases      ] GC(4)   StringTable Weak               Min:  0.1, Avg:  0.1, Max:  0.2, Diff:  0.0, Sum:  0.6, Workers: 4
[8.359s][debug][gc,phases      ] GC(4)     Dead                           Min: 0, Avg:  5.5, Max: 11, Diff: 11, Sum: 22, Workers: 4
[8.359s][debug][gc,phases      ] GC(4)     Total                          Min: 8832, Avg: 9043.5, Max: 9422, Diff: 590, Sum: 36174, Workers: 4
[8.359s][debug][gc,phases      ] GC(4)   ResolvedMethodTable Weak       Min:  0.0, Avg:  0.0, Max:  0.0, Diff:  0.0, Sum:  0.1, Workers: 4
[8.359s][debug][gc,phases      ] GC(4)     Dead                           Min: 60, Avg: 84.8, Max: 104, Diff: 44, Sum: 339, Workers: 4
[8.359s][debug][gc,phases      ] GC(4)     Total                          Min: 1280, Avg: 1673.8, Max: 1856, Diff: 576, Sum: 6695, Workers: 4
[8.359s][debug][gc,phases      ] GC(4)   JNI Weak                       Min:  0.0, Avg:  0.0, Max:  0.0, Diff:  0.0, Sum:  0.0, Workers: 4
[8.359s][debug][gc,phases      ] GC(4)     Dead                           Min: 0, Avg:  0.0, Max: 0, Diff: 0, Sum: 0, Workers: 4
[8.359s][debug][gc,phases      ] GC(4)     Total                          Min: 0, Avg: 12.0, Max: 48, Diff: 48, Sum: 48, Workers: 4
[8.359s][debug][gc,phases      ] GC(4)   StringDedup Table Weak         Min:  0.0, Avg:  0.0, Max:  0.0, Diff:  0.0, Sum:  0.0, Workers: 4
[8.359s][debug][gc,phases      ] GC(4)     Dead                           Min: 0, Avg:  0.0, Max: 0, Diff: 0, Sum: 0, Workers: 4
[8.359s][debug][gc,phases      ] GC(4)     Total                          Min: 0, Avg:  0.0, Max: 0, Diff: 0, Sum: 0, Workers: 4
[8.359s][debug][gc,phases      ] GC(4)   StringDedup Requests0 Weak     Min:  0.0, Avg:  0.0, Max:  0.0, Diff:  0.0, Sum:  0.0, Workers: 4
[8.359s][debug][gc,phases      ] GC(4)     Dead                           Min: 0, Avg:  0.0, Max: 0, Diff: 0, Sum: 0, Workers: 4
[8.359s][debug][gc,phases      ] GC(4)     Total                          Min: 0, Avg:  0.0, Max: 0, Diff: 0, Sum: 0, Workers: 4
[8.359s][debug][gc,phases      ] GC(4)   StringDedup Requests1 Weak     Min:  0.0, Avg:  0.0, Max:  0.0, Diff:  0.0, Sum:  0.0, Workers: 4
[8.359s][debug][gc,phases      ] GC(4)     Dead                           Min: 0, Avg:  0.0, Max: 0, Diff: 0, Sum: 0, Workers: 4
[8.359s][debug][gc,phases      ] GC(4)     Total                          Min: 0, Avg:  0.0, Max: 0, Diff: 0, Sum: 0, Workers: 4
[8.359s][debug][gc,phases      ] GC(4)   Weak JFR Old Object Samples    Min:  0.0, Avg:  0.0, Max:  0.0, Diff:  0.0, Sum:  0.0, Workers: 4
[8.359s][debug][gc,phases      ] GC(4)     Dead                           Min: 0, Avg:  0.0, Max: 0, Diff: 0, Sum: 0, Workers: 4
[8.359s][debug][gc,phases      ] GC(4)     Total                          Min: 0, Avg:  0.0, Max: 0, Diff: 0, Sum: 0, Workers: 4
[8.359s][debug][gc,phases      ] GC(4) Weak Processing 0.377ms
[8.359s][debug][gc,phases      ] GC(4) ClassLoaderData 0.070ms
[8.359s][debug][gc,phases      ] GC(4) Trigger cleanups 0.000ms
[8.368s][debug][gc,phases      ] GC(4) Class Unloading 8.443ms
[8.368s][info ][gc,phases      ] GC(4) Marking Phase 88.524ms
[8.368s][info ][gc,phases,start] GC(4) Summary Phase
[8.368s][info ][gc,phases      ] GC(4) Summary Phase 0.020ms
[8.368s][info ][gc,phases,start] GC(4) Adjust Roots
[8.380s][info ][gc,phases      ] GC(4) Adjust Roots 11.909ms
[8.380s][info ][gc,phases,start] GC(4) Compaction Phase
[8.559s][info ][gc,phases      ] GC(4) Compaction Phase 178.857ms
[8.559s][info ][gc,phases,start] GC(4) Post Compact
[8.567s][info ][gc,phases      ] GC(4) Post Compact 7.749ms
[8.567s][info ][gc,heap        ] GC(4) PSYoungGen: 848940K(1572864K)->107688K(1572864K) Eden: 767050K(1048576K)->107688K(1048576K) From: 81889K(524288K)->0K(524288K)
[8.567s][info ][gc,heap        ] GC(4) ParOldGen: 6071K(6144K)->6108K(6144K)
[8.567s][info ][gc,metaspace   ] GC(4) Metaspace: 59082K(59776K)->59082K(59776K) NonClass: 50202K(50560K)->50202K(50560K) Class: 8879K(9216K)->8879K(9216K)
[8.567s][info ][gc             ] GC(4) Pause Full (Metadata GC Threshold) 834M->111M(1542M) 287.259ms
[8.567s][info ][gc,cpu         ] GC(4) User=0.80s Sys=0.04s Real=0.29s
[8.567s][info ][safepoint      ] Safepoint "CollectForMetadataAllocation", Time since last: 457190219 ns, Reaching safepoint: 247006 ns, At safepoint: 287373287 ns, Total: 287620293 ns
[8.701s][info ][safepoint      ] Safepoint "ICBufferFull", Time since last: 134302231 ns, Reaching safepoint: 140203 ns, At safepoint: 4000 ns, Total: 144203 ns
[9.324s][info ][safepoint      ] Safepoint "ICBufferFull", Time since last: 622958362 ns, Reaching safepoint: 213905 ns, At safepoint: 11700 ns, Total: 225605 ns
[11.162s][info ][safepoint      ] Safepoint "Cleanup", Time since last: 1838030988 ns, Reaching safepoint: 154303 ns, At safepoint: 10901 ns, Total: 165204 ns
[12.244s][info ][safepoint      ] Safepoint "ICBufferFull", Time since last: 1078437457 ns, Reaching safepoint: 3200373 ns, At safepoint: 8000 ns, Total: 3208373 ns
[12.244s][info ][safepoint      ] Safepoint "ICBufferFull", Time since last: 77602 ns, Reaching safepoint: 93202 ns, At safepoint: 8101 ns, Total: 101303 ns
[12.244s][info ][safepoint      ] Safepoint "ICBufferFull", Time since last: 37800 ns, Reaching safepoint: 88803 ns, At safepoint: 7700 ns, Total: 96503 ns
[12.245s][info ][safepoint      ] Safepoint "ICBufferFull", Time since last: 50701 ns, Reaching safepoint: 89202 ns, At safepoint: 6400 ns, Total: 95602 ns
[12.245s][info ][safepoint      ] Safepoint "ICBufferFull", Time since last: 35201 ns, Reaching safepoint: 91902 ns, At safepoint: 7300 ns, Total: 99202 ns
[12.787s][info ][safepoint      ] Safepoint "ICBufferFull", Time since last: 541589528 ns, Reaching safepoint: 235505 ns, At safepoint: 10400 ns, Total: 245905 ns
[12.854s][debug][gc,phases      ] GC(5) Pre Compact 0.022ms
[12.854s][info ][gc,start       ] GC(5) Pause Full (Ergonomics)
[12.854s][info ][gc,phases,start] GC(5) Marking Phase
[13.256s][debug][gc,phases      ] GC(5) Par Mark 402.020ms
[13.256s][debug][gc,ref         ] GC(5) Skipped phase 1 of Reference Processing: no references
[13.257s][debug][gc,ref         ] GC(5) ReferenceProcessor::execute queues: 4, RefProcThreadModel::Multi, marks_oops_alive: false
[13.257s][debug][gc,ref         ] GC(5) Skipped phase 3 of Reference Processing: no references
[13.257s][debug][gc,ref         ] GC(5) ReferenceProcessor::execute queues: 1, RefProcThreadModel::Single, marks_oops_alive: false
[13.257s][debug][gc,phases      ] GC(5) Reference Processing 0.792ms
[13.257s][debug][gc,phases      ] GC(5)   VM Weak                        Min:  0.0, Avg:  0.0, Max:  0.0, Diff:  0.0, Sum:  0.0, Workers: 4
[13.257s][debug][gc,phases      ] GC(5)     Dead                           Min: 0, Avg:  0.0, Max: 0, Diff: 0, Sum: 0, Workers: 4
[13.257s][debug][gc,phases      ] GC(5)     Total                          Min: 0, Avg: 153.5, Max: 448, Diff: 448, Sum: 614, Workers: 4
[13.257s][debug][gc,phases      ] GC(5)   ObjectSynchronizer Weak        Min:  0.0, Avg:  0.0, Max:  0.0, Diff:  0.0, Sum:  0.0, Workers: 4
[13.257s][debug][gc,phases      ] GC(5)     Dead                           Min: 0, Avg:  0.0, Max: 0, Diff: 0, Sum: 0, Workers: 4
[13.257s][debug][gc,phases      ] GC(5)     Total                          Min: 0, Avg:  4.8, Max: 19, Diff: 19, Sum: 19, Workers: 4
[13.257s][debug][gc,phases      ] GC(5)   JVMTI Tag Weak OopStorage      Min:  0.0, Avg:  0.0, Max:  0.0, Diff:  0.0, Sum:  0.0, Workers: 4
[13.257s][debug][gc,phases      ] GC(5)     Dead                           Min: 0, Avg:  0.0, Max: 0, Diff: 0, Sum: 0, Workers: 4
[13.257s][debug][gc,phases      ] GC(5)     Total                          Min: 0, Avg:  0.0, Max: 0, Diff: 0, Sum: 0, Workers: 4
[13.257s][debug][gc,phases      ] GC(5)   StringTable Weak               Min:  0.1, Avg:  0.1, Max:  0.2, Diff:  0.0, Sum:  0.6, Workers: 4
[13.257s][debug][gc,phases      ] GC(5)     Dead                           Min: 1, Avg:  2.2, Max: 3, Diff: 2, Sum: 9, Workers: 4
[13.257s][debug][gc,phases      ] GC(5)     Total                          Min: 7296, Avg: 9220.5, Max: 10304, Diff: 3008, Sum: 36882, Workers: 4
[13.257s][debug][gc,phases      ] GC(5)   ResolvedMethodTable Weak       Min:  0.0, Avg:  0.0, Max:  0.0, Diff:  0.0, Sum:  0.1, Workers: 4
[13.257s][debug][gc,phases      ] GC(5)     Dead                           Min: 8, Avg: 16.5, Max: 26, Diff: 18, Sum: 66, Workers: 4
[13.257s][debug][gc,phases      ] GC(5)     Total                          Min: 1152, Avg: 1707.5, Max: 2240, Diff: 1088, Sum: 6830, Workers: 4
[13.257s][debug][gc,phases      ] GC(5)   JNI Weak                       Min:  0.0, Avg:  0.0, Max:  0.0, Diff:  0.0, Sum:  0.0, Workers: 4
[13.257s][debug][gc,phases      ] GC(5)     Dead                           Min: 0, Avg:  0.0, Max: 0, Diff: 0, Sum: 0, Workers: 4
[13.257s][debug][gc,phases      ] GC(5)     Total                          Min: 0, Avg: 12.8, Max: 50, Diff: 50, Sum: 51, Workers: 4
[13.257s][debug][gc,phases      ] GC(5)   StringDedup Table Weak         Min:  0.0, Avg:  0.0, Max:  0.0, Diff:  0.0, Sum:  0.0, Workers: 4
[13.257s][debug][gc,phases      ] GC(5)     Dead                           Min: 0, Avg:  0.0, Max: 0, Diff: 0, Sum: 0, Workers: 4
[13.257s][debug][gc,phases      ] GC(5)     Total                          Min: 0, Avg:  0.0, Max: 0, Diff: 0, Sum: 0, Workers: 4
[13.257s][debug][gc,phases      ] GC(5)   StringDedup Requests0 Weak     Min:  0.0, Avg:  0.0, Max:  0.0, Diff:  0.0, Sum:  0.0, Workers: 4
[13.257s][debug][gc,phases      ] GC(5)     Dead                           Min: 0, Avg:  0.0, Max: 0, Diff: 0, Sum: 0, Workers: 4
[13.257s][debug][gc,phases      ] GC(5)     Total                          Min: 0, Avg:  0.0, Max: 0, Diff: 0, Sum: 0, Workers: 4
[13.257s][debug][gc,phases      ] GC(5)   StringDedup Requests1 Weak     Min:  0.0, Avg:  0.0, Max:  0.0, Diff:  0.0, Sum:  0.0, Workers: 4
[13.257s][debug][gc,phases      ] GC(5)     Dead                           Min: 0, Avg:  0.0, Max: 0, Diff: 0, Sum: 0, Workers: 4
[13.257s][debug][gc,phases      ] GC(5)     Total                          Min: 0, Avg:  0.0, Max: 0, Diff: 0, Sum: 0, Workers: 4
[13.257s][debug][gc,phases      ] GC(5)   Weak JFR Old Object Samples    Min:  0.0, Avg:  0.0, Max:  0.0, Diff:  0.0, Sum:  0.0, Workers: 4
[13.257s][debug][gc,phases      ] GC(5)     Dead                           Min: 0, Avg:  0.0, Max: 0, Diff: 0, Sum: 0, Workers: 4
[13.257s][debug][gc,phases      ] GC(5)     Total                          Min: 0, Avg:  0.0, Max: 0, Diff: 0, Sum: 0, Workers: 4
[13.257s][debug][gc,phases      ] GC(5) Weak Processing 0.392ms
[13.257s][debug][gc,phases      ] GC(5) ClassLoaderData 0.077ms
[13.257s][debug][gc,phases      ] GC(5) Trigger cleanups 0.000ms
[13.266s][debug][gc,phases      ] GC(5) Class Unloading 9.052ms
[13.266s][info ][gc,phases      ] GC(5) Marking Phase 412.421ms
[13.266s][info ][gc,phases,start] GC(5) Summary Phase
[13.267s][info ][gc,phases      ] GC(5) Summary Phase 0.025ms
[13.267s][info ][gc,phases,start] GC(5) Adjust Roots
[13.276s][info ][gc,phases      ] GC(5) Adjust Roots 9.278ms
[13.276s][info ][gc,phases,start] GC(5) Compaction Phase
[14.268s][info ][gc,phases      ] GC(5) Compaction Phase 991.708ms
[14.268s][info ][gc,phases,start] GC(5) Post Compact
[14.273s][info ][gc,phases      ] GC(5) Post Compact 4.983ms
[14.273s][info ][gc,heap        ] GC(5) PSYoungGen: 1048576K(1572864K)->690036K(1572864K) Eden: 1048576K(1048576K)->690036K(1048576K) From: 0K(524288K)->0K(524288K)
[14.273s][info ][gc,heap        ] GC(5) ParOldGen: 6108K(6144K)->6103K(18944K)
[14.273s][info ][gc,metaspace   ] GC(5) Metaspace: 62108K(62848K)->62108K(62848K) NonClass: 52857K(53248K)->52857K(53248K) Class: 9251K(9600K)->9251K(9600K)
[14.273s][info ][gc             ] GC(5) Pause Full (Ergonomics) 1029M->679M(1554M) 1418.682ms
[14.273s][info ][gc,cpu         ] GC(5) User=4.42s Sys=0.10s Real=1.42s
[14.273s][info ][safepoint      ] Safepoint "ParallelGCFailedAllocation", Time since last: 67296745 ns, Reaching safepoint: 142003 ns, At safepoint: 1419110963 ns, Total: 1419252966 ns
[14.548s][info ][safepoint      ] Safepoint "ICBufferFull", Time since last: 274476499 ns, Reaching safepoint: 240005 ns, At safepoint: 6500 ns, Total: 246505 ns
[15.061s][info ][safepoint      ] Safepoint "ICBufferFull", Time since last: 512730566 ns, Reaching safepoint: 147703 ns, At safepoint: 5600 ns, Total: 153303 ns
[15.112s][info ][gc,start       ] GC(6) Pause Young (Allocation Failure)
[15.625s][debug][gc,phases      ] GC(6) Scavenge 513.050ms
[15.625s][debug][gc,ref         ] GC(6) Skipped phase 1 of Reference Processing: no references
[15.626s][debug][gc,ref         ] GC(6) ReferenceProcessor::execute queues: 4, RefProcThreadModel::Multi, marks_oops_alive: false
[15.626s][debug][gc,ref         ] GC(6) Skipped phase 3 of Reference Processing: no references
[15.626s][debug][gc,ref         ] GC(6) ReferenceProcessor::execute queues: 1, RefProcThreadModel::Single, marks_oops_alive: false
[15.626s][debug][gc,phases      ] GC(6) Reference Processing 0.832ms
[15.627s][debug][gc,phases      ] GC(6)   VM Weak                        Min:  0.0, Avg:  0.0, Max:  0.0, Diff:  0.0, Sum:  0.0, Workers: 4
[15.627s][debug][gc,phases      ] GC(6)     Dead                           Min: 0, Avg:  0.0, Max: 0, Diff: 0, Sum: 0, Workers: 4
[15.627s][debug][gc,phases      ] GC(6)     Total                          Min: 0, Avg: 154.8, Max: 384, Diff: 384, Sum: 619, Workers: 4
[15.627s][debug][gc,phases      ] GC(6)   ObjectSynchronizer Weak        Min:  0.0, Avg:  0.0, Max:  0.0, Diff:  0.0, Sum:  0.0, Workers: 4
[15.627s][debug][gc,phases      ] GC(6)     Dead                           Min: 0, Avg:  0.0, Max: 0, Diff: 0, Sum: 0, Workers: 4
[15.627s][debug][gc,phases      ] GC(6)     Total                          Min: 0, Avg:  4.8, Max: 19, Diff: 19, Sum: 19, Workers: 4
[15.627s][debug][gc,phases      ] GC(6)   JVMTI Tag Weak OopStorage      Min:  0.0, Avg:  0.0, Max:  0.0, Diff:  0.0, Sum:  0.0, Workers: 4
[15.627s][debug][gc,phases      ] GC(6)     Dead                           Min: 0, Avg:  0.0, Max: 0, Diff: 0, Sum: 0, Workers: 4
[15.627s][debug][gc,phases      ] GC(6)     Total                          Min: 0, Avg:  0.0, Max: 0, Diff: 0, Sum: 0, Workers: 4
[15.627s][debug][gc,phases      ] GC(6)   StringTable Weak               Min:  0.0, Avg:  0.3, Max:  0.4, Diff:  0.4, Sum:  1.3, Workers: 4
[15.627s][debug][gc,phases      ] GC(6)     Dead                           Min: 0, Avg:  0.2, Max: 1, Diff: 1, Sum: 1, Workers: 4
[15.627s][debug][gc,phases      ] GC(6)     Total                          Min: 0, Avg: 9245.0, Max: 13184, Diff: 13184, Sum: 36980, Workers: 4
[15.627s][debug][gc,phases      ] GC(6)   ResolvedMethodTable Weak       Min:  0.0, Avg:  0.1, Max:  0.1, Diff:  0.1, Sum:  0.3, Workers: 4
[15.627s][debug][gc,phases      ] GC(6)     Dead                           Min: 0, Avg:  4.0, Max: 12, Diff: 12, Sum: 16, Workers: 4
[15.627s][debug][gc,phases      ] GC(6)     Total                          Min: 0, Avg: 1719.8, Max: 2496, Diff: 2496, Sum: 6879, Workers: 4
[15.627s][debug][gc,phases      ] GC(6)   JNI Weak                       Min:  0.0, Avg:  0.0, Max:  0.0, Diff:  0.0, Sum:  0.0, Workers: 4
[15.627s][debug][gc,phases      ] GC(6)     Dead                           Min: 0, Avg:  0.0, Max: 0, Diff: 0, Sum: 0, Workers: 4
[15.627s][debug][gc,phases      ] GC(6)     Total                          Min: 0, Avg: 13.0, Max: 52, Diff: 52, Sum: 52, Workers: 4
[15.627s][debug][gc,phases      ] GC(6)   StringDedup Table Weak         Min:  0.0, Avg:  0.0, Max:  0.0, Diff:  0.0, Sum:  0.0, Workers: 4
[15.627s][debug][gc,phases      ] GC(6)     Dead                           Min: 0, Avg:  0.0, Max: 0, Diff: 0, Sum: 0, Workers: 4
[15.627s][debug][gc,phases      ] GC(6)     Total                          Min: 0, Avg:  0.0, Max: 0, Diff: 0, Sum: 0, Workers: 4
[15.627s][debug][gc,phases      ] GC(6)   StringDedup Requests0 Weak     Min:  0.0, Avg:  0.0, Max:  0.0, Diff:  0.0, Sum:  0.0, Workers: 4
[15.627s][debug][gc,phases      ] GC(6)     Dead                           Min: 0, Avg:  0.0, Max: 0, Diff: 0, Sum: 0, Workers: 4
[15.627s][debug][gc,phases      ] GC(6)     Total                          Min: 0, Avg:  0.0, Max: 0, Diff: 0, Sum: 0, Workers: 4
[15.627s][debug][gc,phases      ] GC(6)   StringDedup Requests1 Weak     Min:  0.0, Avg:  0.0, Max:  0.0, Diff:  0.0, Sum:  0.0, Workers: 4
[15.627s][debug][gc,phases      ] GC(6)     Dead                           Min: 0, Avg:  0.0, Max: 0, Diff: 0, Sum: 0, Workers: 4
[15.627s][debug][gc,phases      ] GC(6)     Total                          Min: 0, Avg:  0.0, Max: 0, Diff: 0, Sum: 0, Workers: 4
[15.627s][debug][gc,phases      ] GC(6)   Weak JFR Old Object Samples    Min:  0.0, Avg:  0.0, Max:  0.0, Diff:  0.0, Sum:  0.0, Workers: 4
[15.627s][debug][gc,phases      ] GC(6)     Dead                           Min: 0, Avg:  0.0, Max: 0, Diff: 0, Sum: 0, Workers: 4
[15.627s][debug][gc,phases      ] GC(6)     Total                          Min: 0, Avg:  0.0, Max: 0, Diff: 0, Sum: 0, Workers: 4
[15.627s][debug][gc,phases      ] GC(6) Weak Processing 0.750ms
[15.627s][debug][gc,age         ] GC(6) Desired survivor size 536870912 bytes, new threshold 7 (max threshold 15)
[15.627s][info ][gc,heap        ] GC(6) PSYoungGen: 1048576K(1572864K)->524282K(1572864K) Eden: 1048576K(1048576K)->0K(1048576K) From: 0K(524288K)->524282K(524288K)
[15.627s][info ][gc,heap        ] GC(6) ParOldGen: 6103K(18944K)->152576K(153088K)
[15.627s][info ][gc,metaspace   ] GC(6) Metaspace: 62419K(63168K)->62419K(63168K) NonClass: 53141K(53568K)->53141K(53568K) Class: 9277K(9600K)->9277K(9600K)
[15.627s][info ][gc             ] GC(6) Pause Young (Allocation Failure) 1029M->660M(1685M) 514.768ms
[15.627s][info ][gc,cpu         ] GC(6) User=1.29s Sys=0.19s Real=0.51s
[15.627s][debug][gc,phases      ] GC(7) Pre Compact 0.010ms
[15.627s][info ][gc,start       ] GC(7) Pause Full (Ergonomics)
[15.627s][info ][gc,phases,start] GC(7) Marking Phase
[15.958s][debug][gc,phases      ] GC(7) Par Mark 330.561ms
[15.958s][debug][gc,ref         ] GC(7) Skipped phase 1 of Reference Processing: no references
[15.958s][debug][gc,ref         ] GC(7) ReferenceProcessor::execute queues: 4, RefProcThreadModel::Multi, marks_oops_alive: false
[15.959s][debug][gc,ref         ] GC(7) Skipped phase 3 of Reference Processing: no references
[15.959s][debug][gc,ref         ] GC(7) ReferenceProcessor::execute queues: 1, RefProcThreadModel::Single, marks_oops_alive: false
[15.959s][debug][gc,phases      ] GC(7) Reference Processing 0.568ms
[15.959s][debug][gc,phases      ] GC(7)   VM Weak                        Min:  0.0, Avg:  0.0, Max:  0.0, Diff:  0.0, Sum:  0.0, Workers: 4
[15.959s][debug][gc,phases      ] GC(7)     Dead                           Min: 0, Avg:  0.0, Max: 0, Diff: 0, Sum: 0, Workers: 4
[15.959s][debug][gc,phases      ] GC(7)     Total                          Min: 0, Avg: 154.8, Max: 235, Diff: 235, Sum: 619, Workers: 4
[15.959s][debug][gc,phases      ] GC(7)   ObjectSynchronizer Weak        Min:  0.0, Avg:  0.0, Max:  0.0, Diff:  0.0, Sum:  0.0, Workers: 4
[15.959s][debug][gc,phases      ] GC(7)     Dead                           Min: 0, Avg:  0.0, Max: 0, Diff: 0, Sum: 0, Workers: 4
[15.959s][debug][gc,phases      ] GC(7)     Total                          Min: 0, Avg:  4.8, Max: 19, Diff: 19, Sum: 19, Workers: 4
[15.959s][debug][gc,phases      ] GC(7)   JVMTI Tag Weak OopStorage      Min:  0.0, Avg:  0.0, Max:  0.0, Diff:  0.0, Sum:  0.0, Workers: 4
[15.959s][debug][gc,phases      ] GC(7)     Dead                           Min: 0, Avg:  0.0, Max: 0, Diff: 0, Sum: 0, Workers: 4
[15.959s][debug][gc,phases      ] GC(7)     Total                          Min: 0, Avg:  0.0, Max: 0, Diff: 0, Sum: 0, Workers: 4
[15.959s][debug][gc,phases      ] GC(7)   StringTable Weak               Min:  0.1, Avg:  0.1, Max:  0.1, Diff:  0.0, Sum:  0.6, Workers: 4
[15.959s][debug][gc,phases      ] GC(7)     Dead                           Min: 0, Avg:  0.0, Max: 0, Diff: 0, Sum: 0, Workers: 4
[15.959s][debug][gc,phases      ] GC(7)     Total                          Min: 8512, Avg: 9245.0, Max: 10112, Diff: 1600, Sum: 36980, Workers: 4
[15.959s][debug][gc,phases      ] GC(7)   ResolvedMethodTable Weak       Min:  0.0, Avg:  0.0, Max:  0.0, Diff:  0.0, Sum:  0.1, Workers: 4
[15.959s][debug][gc,phases      ] GC(7)     Dead                           Min: 0, Avg:  0.0, Max: 0, Diff: 0, Sum: 0, Workers: 4
[15.959s][debug][gc,phases      ] GC(7)     Total                          Min: 1598, Avg: 1719.8, Max: 1826, Diff: 228, Sum: 6879, Workers: 4
[15.959s][debug][gc,phases      ] GC(7)   JNI Weak                       Min:  0.0, Avg:  0.0, Max:  0.0, Diff:  0.0, Sum:  0.0, Workers: 4
[15.959s][debug][gc,phases      ] GC(7)     Dead                           Min: 0, Avg:  0.0, Max: 0, Diff: 0, Sum: 0, Workers: 4
[15.959s][debug][gc,phases      ] GC(7)     Total                          Min: 0, Avg: 13.0, Max: 52, Diff: 52, Sum: 52, Workers: 4
[15.959s][debug][gc,phases      ] GC(7)   StringDedup Table Weak         Min:  0.0, Avg:  0.0, Max:  0.0, Diff:  0.0, Sum:  0.0, Workers: 4
[15.959s][debug][gc,phases      ] GC(7)     Dead                           Min: 0, Avg:  0.0, Max: 0, Diff: 0, Sum: 0, Workers: 4
[15.959s][debug][gc,phases      ] GC(7)     Total                          Min: 0, Avg:  0.0, Max: 0, Diff: 0, Sum: 0, Workers: 4
[15.959s][debug][gc,phases      ] GC(7)   StringDedup Requests0 Weak     Min:  0.0, Avg:  0.0, Max:  0.0, Diff:  0.0, Sum:  0.0, Workers: 4
[15.959s][debug][gc,phases      ] GC(7)     Dead                           Min: 0, Avg:  0.0, Max: 0, Diff: 0, Sum: 0, Workers: 4
[15.959s][debug][gc,phases      ] GC(7)     Total                          Min: 0, Avg:  0.0, Max: 0, Diff: 0, Sum: 0, Workers: 4
[15.959s][debug][gc,phases      ] GC(7)   StringDedup Requests1 Weak     Min:  0.0, Avg:  0.0, Max:  0.0, Diff:  0.0, Sum:  0.0, Workers: 4
[15.959s][debug][gc,phases      ] GC(7)     Dead                           Min: 0, Avg:  0.0, Max: 0, Diff: 0, Sum: 0, Workers: 4
[15.959s][debug][gc,phases      ] GC(7)     Total                          Min: 0, Avg:  0.0, Max: 0, Diff: 0, Sum: 0, Workers: 4
[15.959s][debug][gc,phases      ] GC(7)   Weak JFR Old Object Samples    Min:  0.0, Avg:  0.0, Max:  0.0, Diff:  0.0, Sum:  0.0, Workers: 4
[15.959s][debug][gc,phases      ] GC(7)     Dead                           Min: 0, Avg:  0.0, Max: 0, Diff: 0, Sum: 0, Workers: 4
[15.959s][debug][gc,phases      ] GC(7)     Total                          Min: 0, Avg:  0.0, Max: 0, Diff: 0, Sum: 0, Workers: 4
[15.959s][debug][gc,phases      ] GC(7) Weak Processing 0.344ms
[15.959s][debug][gc,phases      ] GC(7) ClassLoaderData 0.079ms
[15.959s][debug][gc,phases      ] GC(7) Trigger cleanups 0.000ms
[15.968s][debug][gc,phases      ] GC(7) Class Unloading 9.036ms
[15.968s][info ][gc,phases      ] GC(7) Marking Phase 341.166ms
[15.968s][info ][gc,phases,start] GC(7) Summary Phase
[15.968s][info ][gc,phases      ] GC(7) Summary Phase 0.015ms
[15.968s][info ][gc,phases,start] GC(7) Adjust Roots
[15.981s][info ][gc,phases      ] GC(7) Adjust Roots 12.573ms
[15.981s][info ][gc,phases,start] GC(7) Compaction Phase
[17.050s][info ][gc,phases      ] GC(7) Compaction Phase 1069.440ms
[17.050s][info ][gc,phases,start] GC(7) Post Compact
[17.054s][info ][gc,phases      ] GC(7) Post Compact 3.466ms
[17.054s][info ][gc,heap        ] GC(7) PSYoungGen: 524282K(1572864K)->516046K(1572864K) Eden: 0K(1048576K)->0K(1048576K) From: 524282K(524288K)->516046K(524288K)
[17.054s][info ][gc,heap        ] GC(7) ParOldGen: 152576K(153088K)->152613K(322560K)
[17.054s][info ][gc,metaspace   ] GC(7) Metaspace: 62419K(63168K)->62419K(63168K) NonClass: 53141K(53568K)->53141K(53568K) Class: 9277K(9600K)->9277K(9600K)
[17.054s][info ][gc             ] GC(7) Pause Full (Ergonomics) 660M->652M(1851M) 1427.091ms
[17.054s][info ][gc,cpu         ] GC(7) User=4.47s Sys=0.04s Real=1.43s
[17.054s][info ][safepoint      ] Safepoint "ParallelGCFailedAllocation", Time since last: 51333178 ns, Reaching safepoint: 53801 ns, At safepoint: 1941985062 ns, Total: 1942038863 ns
[17.975s][info ][safepoint      ] Safepoint "ICBufferFull", Time since last: 920013011 ns, Reaching safepoint: 715316 ns, At safepoint: 9200 ns, Total: 724516 ns
[18.250s][info ][gc,start       ] GC(8) Pause Young (Allocation Failure)
[18.600s][debug][gc,phases      ] GC(8) Scavenge 350.091ms
[18.600s][debug][gc,ref         ] GC(8) Skipped phase 1 of Reference Processing: no references
[18.600s][debug][gc,ref         ] GC(8) ReferenceProcessor::execute queues: 4, RefProcThreadModel::Multi, marks_oops_alive: false
[18.601s][debug][gc,ref         ] GC(8) Skipped phase 3 of Reference Processing: no references
[18.601s][debug][gc,ref         ] GC(8) ReferenceProcessor::execute queues: 1, RefProcThreadModel::Single, marks_oops_alive: false
[18.601s][debug][gc,phases      ] GC(8) Reference Processing 0.507ms
[18.601s][debug][gc,phases      ] GC(8)   VM Weak                        Min:  0.0, Avg:  0.0, Max:  0.0, Diff:  0.0, Sum:  0.0, Workers: 4
[18.601s][debug][gc,phases      ] GC(8)     Dead                           Min: 0, Avg:  0.0, Max: 0, Diff: 0, Sum: 0, Workers: 4
[18.601s][debug][gc,phases      ] GC(8)     Total                          Min: 0, Avg: 155.5, Max: 384, Diff: 384, Sum: 622, Workers: 4
[18.601s][debug][gc,phases      ] GC(8)   ObjectSynchronizer Weak        Min:  0.0, Avg:  0.0, Max:  0.0, Diff:  0.0, Sum:  0.0, Workers: 4
[18.601s][debug][gc,phases      ] GC(8)     Dead                           Min: 0, Avg:  0.0, Max: 0, Diff: 0, Sum: 0, Workers: 4
[18.601s][debug][gc,phases      ] GC(8)     Total                          Min: 0, Avg:  4.8, Max: 19, Diff: 19, Sum: 19, Workers: 4
[18.601s][debug][gc,phases      ] GC(8)   JVMTI Tag Weak OopStorage      Min:  0.0, Avg:  0.0, Max:  0.0, Diff:  0.0, Sum:  0.0, Workers: 4
[18.601s][debug][gc,phases      ] GC(8)     Dead                           Min: 0, Avg:  0.0, Max: 0, Diff: 0, Sum: 0, Workers: 4
[18.601s][debug][gc,phases      ] GC(8)     Total                          Min: 0, Avg:  0.0, Max: 0, Diff: 0, Sum: 0, Workers: 4
[18.601s][debug][gc,phases      ] GC(8)   StringTable Weak               Min:  0.0, Avg:  0.3, Max:  0.4, Diff:  0.4, Sum:  1.2, Workers: 4
[18.601s][debug][gc,phases      ] GC(8)     Dead                           Min: 0, Avg:  1.0, Max: 3, Diff: 3, Sum: 4, Workers: 4
[18.601s][debug][gc,phases      ] GC(8)     Total                          Min: 0, Avg: 9273.5, Max: 12583, Diff: 12583, Sum: 37094, Workers: 4
[18.601s][debug][gc,phases      ] GC(8)   ResolvedMethodTable Weak       Min:  0.0, Avg:  0.1, Max:  0.1, Diff:  0.1, Sum:  0.3, Workers: 4
[18.601s][debug][gc,phases      ] GC(8)     Dead                           Min: 0, Avg:  9.2, Max: 27, Diff: 27, Sum: 37, Workers: 4
[18.601s][debug][gc,phases      ] GC(8)     Total                          Min: 0, Avg: 1740.2, Max: 2419, Diff: 2419, Sum: 6961, Workers: 4
[18.601s][debug][gc,phases      ] GC(8)   JNI Weak                       Min:  0.0, Avg:  0.0, Max:  0.0, Diff:  0.0, Sum:  0.0, Workers: 4
[18.602s][debug][gc,phases      ] GC(8)     Dead                           Min: 0, Avg:  0.0, Max: 0, Diff: 0, Sum: 0, Workers: 4
[18.602s][debug][gc,phases      ] GC(8)     Total                          Min: 0, Avg: 11.5, Max: 46, Diff: 46, Sum: 46, Workers: 4
[18.602s][debug][gc,phases      ] GC(8)   StringDedup Table Weak         Min:  0.0, Avg:  0.0, Max:  0.0, Diff:  0.0, Sum:  0.0, Workers: 4
[18.602s][debug][gc,phases      ] GC(8)     Dead                           Min: 0, Avg:  0.0, Max: 0, Diff: 0, Sum: 0, Workers: 4
[18.602s][debug][gc,phases      ] GC(8)     Total                          Min: 0, Avg:  0.0, Max: 0, Diff: 0, Sum: 0, Workers: 4
[18.602s][debug][gc,phases      ] GC(8)   StringDedup Requests0 Weak     Min:  0.0, Avg:  0.0, Max:  0.0, Diff:  0.0, Sum:  0.0, Workers: 4
[18.602s][debug][gc,phases      ] GC(8)     Dead                           Min: 0, Avg:  0.0, Max: 0, Diff: 0, Sum: 0, Workers: 4
[18.602s][debug][gc,phases      ] GC(8)     Total                          Min: 0, Avg:  0.0, Max: 0, Diff: 0, Sum: 0, Workers: 4
[18.602s][debug][gc,phases      ] GC(8)   StringDedup Requests1 Weak     Min:  0.0, Avg:  0.0, Max:  0.0, Diff:  0.0, Sum:  0.0, Workers: 4
[18.602s][debug][gc,phases      ] GC(8)     Dead                           Min: 0, Avg:  0.0, Max: 0, Diff: 0, Sum: 0, Workers: 4
[18.602s][debug][gc,phases      ] GC(8)     Total                          Min: 0, Avg:  0.0, Max: 0, Diff: 0, Sum: 0, Workers: 4
[18.602s][debug][gc,phases      ] GC(8)   Weak JFR Old Object Samples    Min:  0.0, Avg:  0.0, Max:  0.0, Diff:  0.0, Sum:  0.0, Workers: 4
[18.602s][debug][gc,phases      ] GC(8)     Dead                           Min: 0, Avg:  0.0, Max: 0, Diff: 0, Sum: 0, Workers: 4
[18.602s][debug][gc,phases      ] GC(8)     Total                          Min: 0, Avg:  0.0, Max: 0, Diff: 0, Sum: 0, Workers: 4
[18.602s][debug][gc,phases      ] GC(8) Weak Processing 0.695ms
[18.602s][debug][gc,age         ] GC(8) Desired survivor size 536870912 bytes, new threshold 7 (max threshold 15)
[18.602s][info ][gc,heap        ] GC(8) PSYoungGen: 1564622K(1572864K)->507315K(1572864K) Eden: 1048576K(1048576K)->0K(1048576K) From: 516046K(524288K)->507315K(524288K)
[18.602s][info ][gc,heap        ] GC(8) ParOldGen: 152613K(322560K)->152621K(322560K)
[18.602s][info ][gc,metaspace   ] GC(8) Metaspace: 62737K(63488K)->62737K(63488K) NonClass: 53413K(53824K)->53413K(53824K) Class: 9323K(9664K)->9323K(9664K)
[18.602s][info ][gc             ] GC(8) Pause Young (Allocation Failure) 1676M->644M(1851M) 351.425ms
[18.602s][info ][gc,cpu         ] GC(8) User=0.87s Sys=0.18s Real=0.35s
[18.602s][info ][safepoint      ] Safepoint "ParallelGCFailedAllocation", Time since last: 275194215 ns, Reaching safepoint: 173404 ns, At safepoint: 351496666 ns, Total: 351670070 ns
[19.232s][info ][safepoint      ] Safepoint "ICBufferFull", Time since last: 630112559 ns, Reaching safepoint: 226405 ns, At safepoint: 10100 ns, Total: 236505 ns
[19.757s][info ][safepoint      ] Safepoint "ICBufferFull", Time since last: 524831122 ns, Reaching safepoint: 257706 ns, At safepoint: 11501 ns, Total: 269207 ns
[20.121s][info ][safepoint      ] Safepoint "ICBufferFull", Time since last: 363963959 ns, Reaching safepoint: 266806 ns, At safepoint: 6500 ns, Total: 273306 ns
[20.345s][info ][safepoint      ] Safepoint "ICBufferFull", Time since last: 223881781 ns, Reaching safepoint: 184804 ns, At safepoint: 7200 ns, Total: 192004 ns
[20.466s][info ][safepoint      ] Safepoint "ICBufferFull", Time since last: 120775941 ns, Reaching safepoint: 173404 ns, At safepoint: 2300 ns, Total: 175704 ns
[20.568s][info ][safepoint      ] Safepoint "ICBufferFull", Time since last: 101364700 ns, Reaching safepoint: 221706 ns, At safepoint: 5800 ns, Total: 227506 ns
[20.720s][info ][safepoint      ] Safepoint "ICBufferFull", Time since last: 151892547 ns, Reaching safepoint: 222905 ns, At safepoint: 5900 ns, Total: 228805 ns
[20.896s][info ][safepoint      ] Safepoint "ICBufferFull", Time since last: 175345079 ns, Reaching safepoint: 158304 ns, At safepoint: 8300 ns, Total: 166604 ns
[21.193s][info ][safepoint      ] Safepoint "ICBufferFull", Time since last: 296735534 ns, Reaching safepoint: 190104 ns, At safepoint: 2800 ns, Total: 192904 ns
[21.671s][info ][safepoint      ] Safepoint "ICBufferFull", Time since last: 478341455 ns, Reaching safepoint: 250306 ns, At safepoint: 7400 ns, Total: 257706 ns
[21.992s][info ][safepoint      ] Safepoint "ICBufferFull", Time since last: 320668877 ns, Reaching safepoint: 255806 ns, At safepoint: 11600 ns, Total: 267406 ns
[21.992s][info ][safepoint      ] Safepoint "ICBufferFull", Time since last: 60302 ns, Reaching safepoint: 99402 ns, At safepoint: 10300 ns, Total: 109702 ns
[22.032s][info ][safepoint      ] Safepoint "ICBufferFull", Time since last: 39790303 ns, Reaching safepoint: 256906 ns, At safepoint: 3100 ns, Total: 260006 ns
[22.090s][info ][safepoint      ] Safepoint "ParallelGCFailedAllocation", Time since last: 57573407 ns, Reaching safepoint: 146203 ns, At safepoint: 19400 ns, Total: 165603 ns
[22.090s][info ][gc,start       ] GC(9) Pause Young (GCLocker Initiated GC)
[22.200s][debug][gc,phases      ] GC(9) Scavenge 109.765ms
[22.200s][debug][gc,ref         ] GC(9) Skipped phase 1 of Reference Processing: no references
[22.200s][debug][gc,ref         ] GC(9) ReferenceProcessor::execute queues: 4, RefProcThreadModel::Multi, marks_oops_alive: false
[22.201s][debug][gc,ref         ] GC(9) Skipped phase 3 of Reference Processing: no references
[22.201s][debug][gc,ref         ] GC(9) ReferenceProcessor::execute queues: 1, RefProcThreadModel::Single, marks_oops_alive: false
[22.201s][debug][gc,phases      ] GC(9) Reference Processing 0.609ms
[22.201s][debug][gc,phases      ] GC(9)   VM Weak                        Min:  0.0, Avg:  0.0, Max:  0.0, Diff:  0.0, Sum:  0.0, Workers: 4
[22.201s][debug][gc,phases      ] GC(9)     Dead                           Min: 0, Avg:  0.0, Max: 0, Diff: 0, Sum: 0, Workers: 4
[22.201s][debug][gc,phases      ] GC(9)     Total                          Min: 0, Avg: 160.0, Max: 384, Diff: 384, Sum: 640, Workers: 4
[22.201s][debug][gc,phases      ] GC(9)   ObjectSynchronizer Weak        Min:  0.0, Avg:  0.0, Max:  0.0, Diff:  0.0, Sum:  0.0, Workers: 4
[22.201s][debug][gc,phases      ] GC(9)     Dead                           Min: 0, Avg:  0.0, Max: 0, Diff: 0, Sum: 0, Workers: 4
[22.201s][debug][gc,phases      ] GC(9)     Total                          Min: 0, Avg:  4.8, Max: 19, Diff: 19, Sum: 19, Workers: 4
[22.201s][debug][gc,phases      ] GC(9)   JVMTI Tag Weak OopStorage      Min:  0.0, Avg:  0.0, Max:  0.0, Diff:  0.0, Sum:  0.0, Workers: 4
[22.201s][debug][gc,phases      ] GC(9)     Dead                           Min: 0, Avg:  0.0, Max: 0, Diff: 0, Sum: 0, Workers: 4
[22.201s][debug][gc,phases      ] GC(9)     Total                          Min: 0, Avg:  0.0, Max: 0, Diff: 0, Sum: 0, Workers: 4
[22.201s][debug][gc,phases      ] GC(9)   StringTable Weak               Min:  0.0, Avg:  0.3, Max:  0.4, Diff:  0.4, Sum:  1.2, Workers: 4
[22.201s][debug][gc,phases      ] GC(9)     Dead                           Min: 0, Avg:  1.8, Max: 4, Diff: 4, Sum: 7, Workers: 4
[22.201s][debug][gc,phases      ] GC(9)     Total                          Min: 0, Avg: 9490.8, Max: 13440, Diff: 13440, Sum: 37963, Workers: 4
[22.201s][debug][gc,phases      ] GC(9)   ResolvedMethodTable Weak       Min:  0.0, Avg:  0.1, Max:  0.1, Diff:  0.1, Sum:  0.3, Workers: 4
[22.201s][debug][gc,phases      ] GC(9)     Dead                           Min: 0, Avg: 20.0, Max: 34, Diff: 34, Sum: 80, Workers: 4
[22.201s][debug][gc,phases      ] GC(9)     Total                          Min: 0, Avg: 1856.2, Max: 2624, Diff: 2624, Sum: 7425, Workers: 4
[22.201s][debug][gc,phases      ] GC(9)   JNI Weak                       Min:  0.0, Avg:  0.0, Max:  0.0, Diff:  0.0, Sum:  0.0, Workers: 4
[22.201s][debug][gc,phases      ] GC(9)     Dead                           Min: 0, Avg:  0.0, Max: 0, Diff: 0, Sum: 0, Workers: 4
[22.201s][debug][gc,phases      ] GC(9)     Total                          Min: 0, Avg: 14.0, Max: 56, Diff: 56, Sum: 56, Workers: 4
[22.201s][debug][gc,phases      ] GC(9)   StringDedup Table Weak         Min:  0.0, Avg:  0.0, Max:  0.0, Diff:  0.0, Sum:  0.0, Workers: 4
[22.201s][debug][gc,phases      ] GC(9)     Dead                           Min: 0, Avg:  0.0, Max: 0, Diff: 0, Sum: 0, Workers: 4
[22.201s][debug][gc,phases      ] GC(9)     Total                          Min: 0, Avg:  0.0, Max: 0, Diff: 0, Sum: 0, Workers: 4
[22.201s][debug][gc,phases      ] GC(9)   StringDedup Requests0 Weak     Min:  0.0, Avg:  0.0, Max:  0.0, Diff:  0.0, Sum:  0.0, Workers: 4
[22.201s][debug][gc,phases      ] GC(9)     Dead                           Min: 0, Avg:  0.0, Max: 0, Diff: 0, Sum: 0, Workers: 4
[22.201s][debug][gc,phases      ] GC(9)     Total                          Min: 0, Avg:  0.0, Max: 0, Diff: 0, Sum: 0, Workers: 4
[22.201s][debug][gc,phases      ] GC(9)   StringDedup Requests1 Weak     Min:  0.0, Avg:  0.0, Max:  0.0, Diff:  0.0, Sum:  0.0, Workers: 4
[22.201s][debug][gc,phases      ] GC(9)     Dead                           Min: 0, Avg:  0.0, Max: 0, Diff: 0, Sum: 0, Workers: 4
[22.201s][debug][gc,phases      ] GC(9)     Total                          Min: 0, Avg:  0.0, Max: 0, Diff: 0, Sum: 0, Workers: 4
[22.201s][debug][gc,phases      ] GC(9)   Weak JFR Old Object Samples    Min:  0.0, Avg:  0.0, Max:  0.0, Diff:  0.0, Sum:  0.0, Workers: 4
[22.201s][debug][gc,phases      ] GC(9)     Dead                           Min: 0, Avg:  0.0, Max: 0, Diff: 0, Sum: 0, Workers: 4
[22.201s][debug][gc,phases      ] GC(9)     Total                          Min: 0, Avg:  0.0, Max: 0, Diff: 0, Sum: 0, Workers: 4
[22.201s][debug][gc,phases      ] GC(9) Weak Processing 0.685ms
[22.201s][debug][gc,age         ] GC(9) Desired survivor size 536870912 bytes, new threshold 6 (max threshold 15)
[22.201s][info ][gc,heap        ] GC(9) PSYoungGen: 1555891K(1572864K)->224596K(1572864K) Eden: 1048576K(1048576K)->0K(1048576K) From: 507315K(524288K)->224596K(524288K)
[22.201s][info ][gc,heap        ] GC(9) ParOldGen: 152621K(322560K)->152637K(322560K)
[22.201s][info ][gc,metaspace   ] GC(9) Metaspace: 65946K(66752K)->65946K(66752K) NonClass: 56270K(56704K)->56270K(56704K) Class: 9676K(10048K)->9676K(10048K)
[22.201s][info ][gc             ] GC(9) Pause Young (GCLocker Initiated GC) 1668M->368M(1851M) 111.174ms
[22.201s][info ][gc,cpu         ] GC(9) User=0.34s Sys=0.00s Real=0.11s
[22.201s][info ][safepoint      ] Safepoint "ParallelGCSystemGC", Time since last: 115403 ns, Reaching safepoint: 94102 ns, At safepoint: 111243425 ns, Total: 111337527 ns
[23.189s][info ][safepoint      ] Safepoint "ICBufferFull", Time since last: 987498509 ns, Reaching safepoint: 203005 ns, At safepoint: 9900 ns, Total: 212905 ns
[24.190s][info ][safepoint      ] Safepoint "Cleanup", Time since last: 1000137197 ns, Reaching safepoint: 173804 ns, At safepoint: 13900 ns, Total: 187704 ns
[25.190s][info ][safepoint      ] Safepoint "Cleanup", Time since last: 1000142897 ns, Reaching safepoint: 173704 ns, At safepoint: 8500 ns, Total: 182204 ns
[25.759s][info ][safepoint      ] Safepoint "ICBufferFull", Time since last: 568542502 ns, Reaching safepoint: 207505 ns, At safepoint: 8000 ns, Total: 215505 ns
[25.914s][info ][safepoint      ] Safepoint "ICBufferFull", Time since last: 154933616 ns, Reaching safepoint: 250806 ns, At safepoint: 9100 ns, Total: 259906 ns
[26.069s][info ][safepoint      ] Safepoint "ICBufferFull", Time since last: 154670110 ns, Reaching safepoint: 185804 ns, At safepoint: 5200 ns, Total: 191004 ns
[26.286s][info ][safepoint      ] Safepoint "ICBufferFull", Time since last: 213314441 ns, Reaching safepoint: 4498302 ns, At safepoint: 17200 ns, Total: 4515502 ns
[26.461s][info ][safepoint      ] Safepoint "ICBufferFull", Time since last: 174454059 ns, Reaching safepoint: 204305 ns, At safepoint: 2700 ns, Total: 207005 ns
[26.687s][info ][safepoint      ] Safepoint "ICBufferFull", Time since last: 225580819 ns, Reaching safepoint: 259806 ns, At safepoint: 6200 ns, Total: 266006 ns
[26.899s][info ][safepoint      ] Safepoint "ICBufferFull", Time since last: 211294595 ns, Reaching safepoint: 216105 ns, At safepoint: 3400 ns, Total: 219505 ns
[27.085s][info ][safepoint      ] Safepoint "ICBufferFull", Time since last: 186532133 ns, Reaching safepoint: 276907 ns, At safepoint: 10200 ns, Total: 287107 ns
[27.440s][info ][safepoint      ] Safepoint "ICBufferFull", Time since last: 354113436 ns, Reaching safepoint: 194504 ns, At safepoint: 9801 ns, Total: 204305 ns
[27.736s][info ][safepoint      ] Safepoint "ICBufferFull", Time since last: 296145519 ns, Reaching safepoint: 254006 ns, At safepoint: 5400 ns, Total: 259406 ns
[28.333s][info ][safepoint      ] Safepoint "ICBufferFull", Time since last: 596223814 ns, Reaching safepoint: 258005 ns, At safepoint: 7001 ns, Total: 265006 ns
[29.234s][info ][safepoint      ] Safepoint "ICBufferFull", Time since last: 901034122 ns, Reaching safepoint: 288307 ns, At safepoint: 8900 ns, Total: 297207 ns
[29.392s][info ][gc,start       ] GC(10) Pause Young (Allocation Failure)
[29.505s][debug][gc,phases      ] GC(10) Scavenge 112.508ms
[29.505s][debug][gc,ref         ] GC(10) Skipped phase 1 of Reference Processing: no references
[29.505s][debug][gc,ref         ] GC(10) ReferenceProcessor::execute queues: 4, RefProcThreadModel::Multi, marks_oops_alive: false
[29.505s][debug][gc,ref         ] GC(10) Skipped phase 3 of Reference Processing: no references
[29.505s][debug][gc,ref         ] GC(10) ReferenceProcessor::execute queues: 1, RefProcThreadModel::Single, marks_oops_alive: false
[29.506s][debug][gc,phases      ] GC(10) Reference Processing 0.540ms
[29.506s][debug][gc,phases      ] GC(10)   VM Weak                        Min:  0.0, Avg:  0.0, Max:  0.0, Diff:  0.0, Sum:  0.0, Workers: 4
[29.506s][debug][gc,phases      ] GC(10)     Dead                           Min: 0, Avg:  0.0, Max: 0, Diff: 0, Sum: 0, Workers: 4
[29.506s][debug][gc,phases      ] GC(10)     Total                          Min: 0, Avg: 204.5, Max: 498, Diff: 498, Sum: 818, Workers: 4
[29.506s][debug][gc,phases      ] GC(10)   ObjectSynchronizer Weak        Min:  0.0, Avg:  0.0, Max:  0.0, Diff:  0.0, Sum:  0.0, Workers: 4
[29.506s][debug][gc,phases      ] GC(10)     Dead                           Min: 0, Avg:  0.8, Max: 3, Diff: 3, Sum: 3, Workers: 4
[29.506s][debug][gc,phases      ] GC(10)     Total                          Min: 0, Avg:  6.5, Max: 26, Diff: 26, Sum: 26, Workers: 4
[29.506s][debug][gc,phases      ] GC(10)   JVMTI Tag Weak OopStorage      Min:  0.0, Avg:  0.0, Max:  0.0, Diff:  0.0, Sum:  0.0, Workers: 4
[29.506s][debug][gc,phases      ] GC(10)     Dead                           Min: 0, Avg:  0.0, Max: 0, Diff: 0, Sum: 0, Workers: 4
[29.506s][debug][gc,phases      ] GC(10)     Total                          Min: 0, Avg:  0.0, Max: 0, Diff: 0, Sum: 0, Workers: 4
[29.506s][debug][gc,phases      ] GC(10)   StringTable Weak               Min:  0.0, Avg:  0.3, Max:  0.4, Diff:  0.4, Sum:  1.1, Workers: 4
[29.506s][debug][gc,phases      ] GC(10)     Dead                           Min: 0, Avg:  2.8, Max: 6, Diff: 6, Sum: 11, Workers: 4
[29.506s][debug][gc,phases      ] GC(10)     Total                          Min: 0, Avg: 10406.2, Max: 15769, Diff: 15769, Sum: 41625, Workers: 4
[29.506s][debug][gc,phases      ] GC(10)   ResolvedMethodTable Weak       Min:  0.0, Avg:  0.1, Max:  0.1, Diff:  0.1, Sum:  0.3, Workers: 4
[29.506s][debug][gc,phases      ] GC(10)     Dead                           Min: 0, Avg: 35.5, Max: 71, Diff: 71, Sum: 142, Workers: 4
[29.506s][debug][gc,phases      ] GC(10)     Total                          Min: 0, Avg: 2212.2, Max: 3327, Diff: 3327, Sum: 8849, Workers: 4
[29.506s][debug][gc,phases      ] GC(10)   JNI Weak                       Min:  0.0, Avg:  0.0, Max:  0.0, Diff:  0.0, Sum:  0.0, Workers: 4
[29.506s][debug][gc,phases      ] GC(10)     Dead                           Min: 0, Avg:  0.0, Max: 0, Diff: 0, Sum: 0, Workers: 4
[29.506s][debug][gc,phases      ] GC(10)     Total                          Min: 0, Avg: 46.0, Max: 117, Diff: 117, Sum: 184, Workers: 4
[29.506s][debug][gc,phases      ] GC(10)   StringDedup Table Weak         Min:  0.0, Avg:  0.0, Max:  0.0, Diff:  0.0, Sum:  0.0, Workers: 4
[29.506s][debug][gc,phases      ] GC(10)     Dead                           Min: 0, Avg:  0.0, Max: 0, Diff: 0, Sum: 0, Workers: 4
[29.506s][debug][gc,phases      ] GC(10)     Total                          Min: 0, Avg:  0.0, Max: 0, Diff: 0, Sum: 0, Workers: 4
[29.506s][debug][gc,phases      ] GC(10)   StringDedup Requests0 Weak     Min:  0.0, Avg:  0.0, Max:  0.0, Diff:  0.0, Sum:  0.0, Workers: 4
[29.506s][debug][gc,phases      ] GC(10)     Dead                           Min: 0, Avg:  0.0, Max: 0, Diff: 0, Sum: 0, Workers: 4
[29.506s][debug][gc,phases      ] GC(10)     Total                          Min: 0, Avg:  0.0, Max: 0, Diff: 0, Sum: 0, Workers: 4
[29.506s][debug][gc,phases      ] GC(10)   StringDedup Requests1 Weak     Min:  0.0, Avg:  0.0, Max:  0.0, Diff:  0.0, Sum:  0.0, Workers: 4
[29.506s][debug][gc,phases      ] GC(10)     Dead                           Min: 0, Avg:  0.0, Max: 0, Diff: 0, Sum: 0, Workers: 4
[29.506s][debug][gc,phases      ] GC(10)     Total                          Min: 0, Avg:  0.0, Max: 0, Diff: 0, Sum: 0, Workers: 4
[29.506s][debug][gc,phases      ] GC(10)   Weak JFR Old Object Samples    Min:  0.0, Avg:  0.0, Max:  0.0, Diff:  0.0, Sum:  0.0, Workers: 4
[29.506s][debug][gc,phases      ] GC(10)     Dead                           Min: 0, Avg:  0.0, Max: 0, Diff: 0, Sum: 0, Workers: 4
[29.506s][debug][gc,phases      ] GC(10)     Total                          Min: 0, Avg:  0.0, Max: 0, Diff: 0, Sum: 0, Workers: 4
[29.506s][debug][gc,phases      ] GC(10) Weak Processing 0.692ms
[29.506s][debug][gc,age         ] GC(10) Desired survivor size 536870912 bytes, new threshold 5 (max threshold 15)
[29.506s][info ][gc,heap        ] GC(10) PSYoungGen: 1273172K(1572864K)->254870K(1572864K) Eden: 1048576K(1048576K)->0K(1048576K) From: 224596K(524288K)->254870K(524288K)
[29.506s][info ][gc,heap        ] GC(10) ParOldGen: 152639K(322560K)->152655K(322560K)
[29.506s][info ][gc,metaspace   ] GC(10) Metaspace: 77138K(78080K)->77138K(78080K) NonClass: 65913K(66432K)->65913K(66432K) Class: 11224K(11648K)->11224K(11648K)
[29.506s][info ][gc             ] GC(10) Pause Young (Allocation Failure) 1392M->397M(1851M) 113.877ms
[29.506s][info ][gc,cpu         ] GC(10) User=0.35s Sys=0.01s Real=0.11s
[29.506s][info ][safepoint      ] Safepoint "ParallelGCFailedAllocation", Time since last: 158333389 ns, Reaching safepoint: 155203 ns, At safepoint: 113957983 ns, Total: 114113186 ns
[30.034s][info ][safepoint      ] Safepoint "ICBufferFull", Time since last: 527686861 ns, Reaching safepoint: 299607 ns, At safepoint: 8200 ns, Total: 307807 ns
[30.724s][info ][safepoint      ] Safepoint "ICBufferFull", Time since last: 689135120 ns, Reaching safepoint: 389609 ns, At safepoint: 8800 ns, Total: 398409 ns
[31.632s][info ][safepoint      ] Safepoint "ICBufferFull", Time since last: 908060482 ns, Reaching safepoint: 197504 ns, At safepoint: 2100 ns, Total: 199604 ns
[31.987s][info ][safepoint      ] Safepoint "ICBufferFull", Time since last: 354359332 ns, Reaching safepoint: 194105 ns, At safepoint: 7800 ns, Total: 201905 ns
[32.717s][info ][safepoint      ] Safepoint "ICBufferFull", Time since last: 729699639 ns, Reaching safepoint: 181604 ns, At safepoint: 2800 ns, Total: 184404 ns
[33.142s][info ][gc,start       ] GC(11) Pause Young (Allocation Failure)
[33.735s][debug][gc,phases      ] GC(11) Scavenge 153.988ms
[33.735s][debug][gc,ref         ] GC(11) Skipped phase 1 of Reference Processing: no references
[33.735s][debug][gc,ref         ] GC(11) ReferenceProcessor::execute queues: 4, RefProcThreadModel::Multi, marks_oops_alive: false
[33.736s][debug][gc,ref         ] GC(11) Skipped phase 3 of Reference Processing: no references
[33.736s][debug][gc,ref         ] GC(11) ReferenceProcessor::execute queues: 1, RefProcThreadModel::Single, marks_oops_alive: false
[33.736s][debug][gc,phases      ] GC(11) Reference Processing 1.232ms
[33.737s][debug][gc,phases      ] GC(11)   VM Weak                        Min:  0.0, Avg:  0.0, Max:  0.0, Diff:  0.0, Sum:  0.0, Workers: 4
[33.737s][debug][gc,phases      ] GC(11)     Dead                           Min: 0, Avg:  0.0, Max: 0, Diff: 0, Sum: 0, Workers: 4
[33.737s][debug][gc,phases      ] GC(11)     Total                          Min: 0, Avg: 206.5, Max: 448, Diff: 448, Sum: 826, Workers: 4
[33.737s][debug][gc,phases      ] GC(11)   ObjectSynchronizer Weak        Min:  0.0, Avg:  0.0, Max:  0.0, Diff:  0.0, Sum:  0.0, Workers: 4
[33.737s][debug][gc,phases      ] GC(11)     Dead                           Min: 0, Avg:  0.0, Max: 0, Diff: 0, Sum: 0, Workers: 4
[33.737s][debug][gc,phases      ] GC(11)     Total                          Min: 0, Avg:  6.5, Max: 26, Diff: 26, Sum: 26, Workers: 4
[33.737s][debug][gc,phases      ] GC(11)   JVMTI Tag Weak OopStorage      Min:  0.0, Avg:  0.0, Max:  0.0, Diff:  0.0, Sum:  0.0, Workers: 4
[33.737s][debug][gc,phases      ] GC(11)     Dead                           Min: 0, Avg:  0.0, Max: 0, Diff: 0, Sum: 0, Workers: 4
[33.737s][debug][gc,phases      ] GC(11)     Total                          Min: 0, Avg:  0.0, Max: 0, Diff: 0, Sum: 0, Workers: 4
[33.737s][debug][gc,phases      ] GC(11)   StringTable Weak               Min:  0.0, Avg:  0.4, Max:  0.5, Diff:  0.5, Sum:  1.4, Workers: 4
[33.737s][debug][gc,phases      ] GC(11)     Dead                           Min: 0, Avg:  0.5, Max: 2, Diff: 2, Sum: 2, Workers: 4
[33.737s][debug][gc,phases      ] GC(11)     Total                          Min: 0, Avg: 10436.5, Max: 14976, Diff: 14976, Sum: 41746, Workers: 4
[33.737s][debug][gc,phases      ] GC(11)   ResolvedMethodTable Weak       Min:  0.0, Avg:  0.1, Max:  0.1, Diff:  0.1, Sum:  0.4, Workers: 4
[33.737s][debug][gc,phases      ] GC(11)     Dead                           Min: 0, Avg:  0.0, Max: 0, Diff: 0, Sum: 0, Workers: 4
[33.737s][debug][gc,phases      ] GC(11)     Total                          Min: 0, Avg: 2166.0, Max: 2985, Diff: 2985, Sum: 8664, Workers: 4
[33.737s][debug][gc,phases      ] GC(11)   JNI Weak                       Min:  0.0, Avg:  0.0, Max:  0.0, Diff:  0.0, Sum:  0.0, Workers: 4
[33.737s][debug][gc,phases      ] GC(11)     Dead                           Min: 0, Avg:  0.0, Max: 0, Diff: 0, Sum: 0, Workers: 4
[33.737s][debug][gc,phases      ] GC(11)     Total                          Min: 0, Avg: 22.0, Max: 55, Diff: 55, Sum: 88, Workers: 4
[33.737s][debug][gc,phases      ] GC(11)   StringDedup Table Weak         Min:  0.0, Avg:  0.0, Max:  0.0, Diff:  0.0, Sum:  0.0, Workers: 4
[33.737s][debug][gc,phases      ] GC(11)     Dead                           Min: 0, Avg:  0.0, Max: 0, Diff: 0, Sum: 0, Workers: 4
[33.737s][debug][gc,phases      ] GC(11)     Total                          Min: 0, Avg:  0.0, Max: 0, Diff: 0, Sum: 0, Workers: 4
[33.737s][debug][gc,phases      ] GC(11)   StringDedup Requests0 Weak     Min:  0.0, Avg:  0.0, Max:  0.0, Diff:  0.0, Sum:  0.0, Workers: 4
[33.737s][debug][gc,phases      ] GC(11)     Dead                           Min: 0, Avg:  0.0, Max: 0, Diff: 0, Sum: 0, Workers: 4
[33.737s][debug][gc,phases      ] GC(11)     Total                          Min: 0, Avg:  0.0, Max: 0, Diff: 0, Sum: 0, Workers: 4
[33.737s][debug][gc,phases      ] GC(11)   StringDedup Requests1 Weak     Min:  0.0, Avg:  0.0, Max:  0.0, Diff:  0.0, Sum:  0.0, Workers: 4
[33.737s][debug][gc,phases      ] GC(11)     Dead                           Min: 0, Avg:  0.0, Max: 0, Diff: 0, Sum: 0, Workers: 4
[33.737s][debug][gc,phases      ] GC(11)     Total                          Min: 0, Avg:  0.0, Max: 0, Diff: 0, Sum: 0, Workers: 4
[33.737s][debug][gc,phases      ] GC(11)   Weak JFR Old Object Samples    Min:  0.0, Avg:  0.0, Max:  0.0, Diff:  0.0, Sum:  0.0, Workers: 4
[33.737s][debug][gc,phases      ] GC(11)     Dead                           Min: 0, Avg:  0.0, Max: 0, Diff: 0, Sum: 0, Workers: 4
[33.737s][debug][gc,phases      ] GC(11)     Total                          Min: 0, Avg:  0.0, Max: 0, Diff: 0, Sum: 0, Workers: 4
[33.737s][debug][gc,phases      ] GC(11) Weak Processing 0.807ms
[33.737s][debug][gc,age         ] GC(11) Desired survivor size 536870912 bytes, new threshold 4 (max threshold 15)
[33.737s][info ][gc,heap        ] GC(11) PSYoungGen: 1303446K(1572864K)->216139K(1572864K) Eden: 1048576K(1048576K)->0K(1048576K) From: 254870K(524288K)->216139K(524288K)
[33.737s][info ][gc,heap        ] GC(11) ParOldGen: 152655K(322560K)->228362K(322560K)
[33.737s][info ][gc,metaspace   ] GC(11) Metaspace: 77714K(78784K)->77714K(78784K) NonClass: 66471K(67072K)->66471K(67072K) Class: 11242K(11712K)->11242K(11712K)
[33.737s][info ][gc             ] GC(11) Pause Young (Allocation Failure) 1421M->434M(1851M) 595.657ms
[33.737s][info ][gc,cpu         ] GC(11) User=0.43s Sys=0.01s Real=0.60s
[33.737s][debug][gc,phases      ] GC(12) Pre Compact 0.010ms
[33.737s][info ][gc,start       ] GC(12) Pause Full (Ergonomics)
[33.737s][info ][gc,phases,start] GC(12) Marking Phase
[33.860s][debug][gc,phases      ] GC(12) Par Mark 122.158ms
[33.860s][debug][gc,ref         ] GC(12) Skipped phase 1 of Reference Processing: no references
[33.860s][debug][gc,ref         ] GC(12) ReferenceProcessor::execute queues: 4, RefProcThreadModel::Multi, marks_oops_alive: false
[33.860s][debug][gc,ref         ] GC(12) Skipped phase 3 of Reference Processing: no references
[33.860s][debug][gc,ref         ] GC(12) ReferenceProcessor::execute queues: 1, RefProcThreadModel::Single, marks_oops_alive: false
[33.860s][debug][gc,phases      ] GC(12) Reference Processing 0.479ms
[33.860s][debug][gc,phases      ] GC(12)   VM Weak                        Min:  0.0, Avg:  0.0, Max:  0.0, Diff:  0.0, Sum:  0.0, Workers: 4
[33.860s][debug][gc,phases      ] GC(12)     Dead                           Min: 0, Avg:  0.0, Max: 0, Diff: 0, Sum: 0, Workers: 4
[33.860s][debug][gc,phases      ] GC(12)     Total                          Min: 122, Avg: 206.5, Max: 384, Diff: 262, Sum: 826, Workers: 4
[33.860s][debug][gc,phases      ] GC(12)   ObjectSynchronizer Weak        Min:  0.0, Avg:  0.0, Max:  0.0, Diff:  0.0, Sum:  0.0, Workers: 4
[33.860s][debug][gc,phases      ] GC(12)     Dead                           Min: 0, Avg:  0.0, Max: 0, Diff: 0, Sum: 0, Workers: 4
[33.860s][debug][gc,phases      ] GC(12)     Total                          Min: 0, Avg:  6.5, Max: 26, Diff: 26, Sum: 26, Workers: 4
[33.860s][debug][gc,phases      ] GC(12)   JVMTI Tag Weak OopStorage      Min:  0.0, Avg:  0.0, Max:  0.0, Diff:  0.0, Sum:  0.0, Workers: 4
[33.860s][debug][gc,phases      ] GC(12)     Dead                           Min: 0, Avg:  0.0, Max: 0, Diff: 0, Sum: 0, Workers: 4
[33.860s][debug][gc,phases      ] GC(12)     Total                          Min: 0, Avg:  0.0, Max: 0, Diff: 0, Sum: 0, Workers: 4
[33.860s][debug][gc,phases      ] GC(12)   StringTable Weak               Min:  0.2, Avg:  0.2, Max:  0.2, Diff:  0.0, Sum:  0.7, Workers: 4
[33.860s][debug][gc,phases      ] GC(12)     Dead                           Min: 0, Avg:  0.0, Max: 0, Diff: 0, Sum: 0, Workers: 4
[33.860s][debug][gc,phases      ] GC(12)     Total                          Min: 10176, Avg: 10436.5, Max: 10624, Diff: 448, Sum: 41746, Workers: 4
[33.860s][debug][gc,phases      ] GC(12)   ResolvedMethodTable Weak       Min:  0.0, Avg:  0.0, Max:  0.1, Diff:  0.0, Sum:  0.2, Workers: 4
[33.860s][debug][gc,phases      ] GC(12)     Dead                           Min: 0, Avg:  0.0, Max: 0, Diff: 0, Sum: 0, Workers: 4
[33.860s][debug][gc,phases      ] GC(12)     Total                          Min: 1915, Avg: 2166.0, Max: 2414, Diff: 499, Sum: 8664, Workers: 4
[33.860s][debug][gc,phases      ] GC(12)   JNI Weak                       Min:  0.0, Avg:  0.0, Max:  0.0, Diff:  0.0, Sum:  0.0, Workers: 4
[33.860s][debug][gc,phases      ] GC(12)     Dead                           Min: 0, Avg:  0.0, Max: 0, Diff: 0, Sum: 0, Workers: 4
[33.860s][debug][gc,phases      ] GC(12)     Total                          Min: 0, Avg: 22.0, Max: 55, Diff: 55, Sum: 88, Workers: 4
[33.860s][debug][gc,phases      ] GC(12)   StringDedup Table Weak         Min:  0.0, Avg:  0.0, Max:  0.0, Diff:  0.0, Sum:  0.0, Workers: 4
[33.860s][debug][gc,phases      ] GC(12)     Dead                           Min: 0, Avg:  0.0, Max: 0, Diff: 0, Sum: 0, Workers: 4
[33.860s][debug][gc,phases      ] GC(12)     Total                          Min: 0, Avg:  0.0, Max: 0, Diff: 0, Sum: 0, Workers: 4
[33.860s][debug][gc,phases      ] GC(12)   StringDedup Requests0 Weak     Min:  0.0, Avg:  0.0, Max:  0.0, Diff:  0.0, Sum:  0.0, Workers: 4
[33.860s][debug][gc,phases      ] GC(12)     Dead                           Min: 0, Avg:  0.0, Max: 0, Diff: 0, Sum: 0, Workers: 4
[33.860s][debug][gc,phases      ] GC(12)     Total                          Min: 0, Avg:  0.0, Max: 0, Diff: 0, Sum: 0, Workers: 4
[33.860s][debug][gc,phases      ] GC(12)   StringDedup Requests1 Weak     Min:  0.0, Avg:  0.0, Max:  0.0, Diff:  0.0, Sum:  0.0, Workers: 4
[33.860s][debug][gc,phases      ] GC(12)     Dead                           Min: 0, Avg:  0.0, Max: 0, Diff: 0, Sum: 0, Workers: 4
[33.860s][debug][gc,phases      ] GC(12)     Total                          Min: 0, Avg:  0.0, Max: 0, Diff: 0, Sum: 0, Workers: 4
[33.860s][debug][gc,phases      ] GC(12)   Weak JFR Old Object Samples    Min:  0.0, Avg:  0.0, Max:  0.0, Diff:  0.0, Sum:  0.0, Workers: 4
[33.860s][debug][gc,phases      ] GC(12)     Dead                           Min: 0, Avg:  0.0, Max: 0, Diff: 0, Sum: 0, Workers: 4
[33.860s][debug][gc,phases      ] GC(12)     Total                          Min: 0, Avg:  0.0, Max: 0, Diff: 0, Sum: 0, Workers: 4
[33.860s][debug][gc,phases      ] GC(12) Weak Processing 0.403ms
[33.861s][debug][gc,phases      ] GC(12) ClassLoaderData 0.106ms
[33.861s][debug][gc,phases      ] GC(12) Trigger cleanups 0.000ms
[33.878s][debug][gc,phases      ] GC(12) Class Unloading 18.008ms
[33.879s][info ][gc,phases      ] GC(12) Marking Phase 141.304ms
[33.879s][info ][gc,phases,start] GC(12) Summary Phase
[33.879s][info ][gc,phases      ] GC(12) Summary Phase 0.027ms
[33.879s][info ][gc,phases,start] GC(12) Adjust Roots
[33.902s][info ][gc,phases      ] GC(12) Adjust Roots 22.954ms
[33.902s][info ][gc,phases,start] GC(12) Compaction Phase
[34.350s][info ][gc,phases      ] GC(12) Compaction Phase 448.763ms
[34.350s][info ][gc,phases,start] GC(12) Post Compact
[34.354s][info ][gc,phases      ] GC(12) Post Compact 3.756ms
[34.354s][info ][gc,heap        ] GC(12) PSYoungGen: 216139K(1572864K)->21297K(1572864K) Eden: 0K(1048576K)->0K(1048576K) From: 216139K(524288K)->21297K(524288K)
[34.354s][info ][gc,heap        ] GC(12) ParOldGen: 228362K(322560K)->322350K(490496K)
[34.355s][info ][gc,metaspace   ] GC(12) Metaspace: 77714K(78784K)->77714K(78784K) NonClass: 66471K(67072K)->66471K(67072K) Class: 11242K(11712K)->11242K(11712K)
[34.355s][info ][gc             ] GC(12) Pause Full (Ergonomics) 434M->335M(2015M) 617.302ms
[34.355s][info ][gc,cpu         ] GC(12) User=1.79s Sys=0.04s Real=0.62s
[34.356s][info ][safepoint      ] Safepoint "ParallelGCFailedAllocation", Time since last: 424732327 ns, Reaching safepoint: 181304 ns, At safepoint: 1214161420 ns, Total: 1214342724 ns
[35.356s][info ][safepoint      ] Safepoint "Cleanup", Time since last: 1000127369 ns, Reaching safepoint: 231506 ns, At safepoint: 10200 ns, Total: 241706 ns
[36.413s][info ][safepoint      ] Safepoint "Cleanup", Time since last: 1056925108 ns, Reaching safepoint: 200604 ns, At safepoint: 9000 ns, Total: 209604 ns
[37.202s][info ][safepoint      ] Safepoint "ICBufferFull", Time since last: 788713127 ns, Reaching safepoint: 207504 ns, At safepoint: 2900 ns, Total: 210404 ns
[38.202s][info ][safepoint      ] Safepoint "Cleanup", Time since last: 1000120911 ns, Reaching safepoint: 247005 ns, At safepoint: 9400 ns, Total: 256405 ns
[39.203s][info ][safepoint      ] Safepoint "Cleanup", Time since last: 1000108510 ns, Reaching safepoint: 204504 ns, At safepoint: 11001 ns, Total: 215505 ns
[40.305s][info ][safepoint      ] Safepoint "ICBufferFull", Time since last: 1102501181 ns, Reaching safepoint: 201604 ns, At safepoint: 6001 ns, Total: 207605 ns
[41.399s][info ][safepoint      ] Safepoint "Cleanup", Time since last: 1093343887 ns, Reaching safepoint: 227805 ns, At safepoint: 11600 ns, Total: 239405 ns
[41.897s][info ][gc,start       ] GC(13) Pause Young (Allocation Failure)
[41.948s][debug][gc,phases      ] GC(13) Scavenge 51.646ms
[41.948s][debug][gc,ref         ] GC(13) Skipped phase 1 of Reference Processing: no references
[41.948s][debug][gc,ref         ] GC(13) ReferenceProcessor::execute queues: 1, RefProcThreadModel::Single, marks_oops_alive: false
[41.948s][debug][gc,ref         ] GC(13) Skipped phase 3 of Reference Processing: no references
[41.948s][debug][gc,ref         ] GC(13) ReferenceProcessor::execute queues: 1, RefProcThreadModel::Single, marks_oops_alive: false
[41.948s][debug][gc,phases      ] GC(13) Reference Processing 0.105ms
[41.949s][debug][gc,phases      ] GC(13)   VM Weak                        Min:  0.0, Avg:  0.0, Max:  0.0, Diff:  0.0, Sum:  0.0, Workers: 4
[41.949s][debug][gc,phases      ] GC(13)     Dead                           Min: 0, Avg:  0.0, Max: 0, Diff: 0, Sum: 0, Workers: 4
[41.949s][debug][gc,phases      ] GC(13)     Total                          Min: 0, Avg: 206.5, Max: 512, Diff: 512, Sum: 826, Workers: 4
[41.949s][debug][gc,phases      ] GC(13)   ObjectSynchronizer Weak        Min:  0.0, Avg:  0.0, Max:  0.0, Diff:  0.0, Sum:  0.0, Workers: 4
[41.949s][debug][gc,phases      ] GC(13)     Dead                           Min: 0, Avg:  0.0, Max: 0, Diff: 0, Sum: 0, Workers: 4
[41.949s][debug][gc,phases      ] GC(13)     Total                          Min: 0, Avg:  6.5, Max: 26, Diff: 26, Sum: 26, Workers: 4
[41.949s][debug][gc,phases      ] GC(13)   JVMTI Tag Weak OopStorage      Min:  0.0, Avg:  0.0, Max:  0.0, Diff:  0.0, Sum:  0.0, Workers: 4
[41.949s][debug][gc,phases      ] GC(13)     Dead                           Min: 0, Avg:  0.0, Max: 0, Diff: 0, Sum: 0, Workers: 4
[41.949s][debug][gc,phases      ] GC(13)     Total                          Min: 0, Avg:  0.0, Max: 0, Diff: 0, Sum: 0, Workers: 4
[41.949s][debug][gc,phases      ] GC(13)   StringTable Weak               Min:  0.0, Avg:  0.1, Max:  0.2, Diff:  0.2, Sum:  0.6, Workers: 4
[41.949s][debug][gc,phases      ] GC(13)     Dead                           Min: 0, Avg:  0.2, Max: 1, Diff: 1, Sum: 1, Workers: 4
[41.949s][debug][gc,phases      ] GC(13)     Total                          Min: 0, Avg: 10542.0, Max: 14848, Diff: 14848, Sum: 42168, Workers: 4
[41.949s][debug][gc,phases      ] GC(13)   ResolvedMethodTable Weak       Min:  0.0, Avg:  0.1, Max:  0.1, Diff:  0.1, Sum:  0.2, Workers: 4
[41.949s][debug][gc,phases      ] GC(13)     Dead                           Min: 0, Avg:  0.0, Max: 0, Diff: 0, Sum: 0, Workers: 4
[41.949s][debug][gc,phases      ] GC(13)     Total                          Min: 0, Avg: 2169.2, Max: 3423, Diff: 3423, Sum: 8677, Workers: 4
[41.949s][debug][gc,phases      ] GC(13)   JNI Weak                       Min:  0.0, Avg:  0.0, Max:  0.0, Diff:  0.0, Sum:  0.0, Workers: 4
[41.949s][debug][gc,phases      ] GC(13)     Dead                           Min: 0, Avg:  0.0, Max: 0, Diff: 0, Sum: 0, Workers: 4
[41.949s][debug][gc,phases      ] GC(13)     Total                          Min: 0, Avg: 11.2, Max: 45, Diff: 45, Sum: 45, Workers: 4
[41.949s][debug][gc,phases      ] GC(13)   StringDedup Table Weak         Min:  0.0, Avg:  0.0, Max:  0.0, Diff:  0.0, Sum:  0.0, Workers: 4
[41.949s][debug][gc,phases      ] GC(13)     Dead                           Min: 0, Avg:  0.0, Max: 0, Diff: 0, Sum: 0, Workers: 4
[41.949s][debug][gc,phases      ] GC(13)     Total                          Min: 0, Avg:  0.0, Max: 0, Diff: 0, Sum: 0, Workers: 4
[41.949s][debug][gc,phases      ] GC(13)   StringDedup Requests0 Weak     Min:  0.0, Avg:  0.0, Max:  0.0, Diff:  0.0, Sum:  0.0, Workers: 4
[41.949s][debug][gc,phases      ] GC(13)     Dead                           Min: 0, Avg:  0.0, Max: 0, Diff: 0, Sum: 0, Workers: 4
[41.949s][debug][gc,phases      ] GC(13)     Total                          Min: 0, Avg:  0.0, Max: 0, Diff: 0, Sum: 0, Workers: 4
[41.949s][debug][gc,phases      ] GC(13)   StringDedup Requests1 Weak     Min:  0.0, Avg:  0.0, Max:  0.0, Diff:  0.0, Sum:  0.0, Workers: 4
[41.949s][debug][gc,phases      ] GC(13)     Dead                           Min: 0, Avg:  0.0, Max: 0, Diff: 0, Sum: 0, Workers: 4
[41.949s][debug][gc,phases      ] GC(13)     Total                          Min: 0, Avg:  0.0, Max: 0, Diff: 0, Sum: 0, Workers: 4
[41.949s][debug][gc,phases      ] GC(13)   Weak JFR Old Object Samples    Min:  0.0, Avg:  0.0, Max:  0.0, Diff:  0.0, Sum:  0.0, Workers: 4
[41.949s][debug][gc,phases      ] GC(13)     Dead                           Min: 0, Avg:  0.0, Max: 0, Diff: 0, Sum: 0, Workers: 4
[41.949s][debug][gc,phases      ] GC(13)     Total                          Min: 0, Avg:  0.0, Max: 0, Diff: 0, Sum: 0, Workers: 4
[41.949s][debug][gc,phases      ] GC(13) Weak Processing 0.453ms
[41.949s][debug][gc,age         ] GC(13) Desired survivor size 536870912 bytes, new threshold 3 (max threshold 15)
[41.949s][info ][gc,heap        ] GC(13) PSYoungGen: 1069873K(1572864K)->17008K(1572864K) Eden: 1048576K(1048576K)->0K(1048576K) From: 21297K(524288K)->17008K(524288K)
[41.949s][info ][gc,heap        ] GC(13) ParOldGen: 322350K(490496K)->332317K(490496K)
[41.949s][info ][gc,metaspace   ] GC(13) Metaspace: 78161K(79168K)->78161K(79168K) NonClass: 66904K(67456K)->66904K(67456K) Class: 11257K(11712K)->11257K(11712K)
[41.949s][info ][gc             ] GC(13) Pause Young (Allocation Failure) 1359M->341M(2015M) 52.351ms
[41.949s][info ][gc,cpu         ] GC(13) User=0.17s Sys=0.00s Real=0.05s
[41.949s][info ][safepoint      ] Safepoint "ParallelGCFailedAllocation", Time since last: 497405049 ns, Reaching safepoint: 101502 ns, At safepoint: 52419712 ns, Total: 52521214 ns
[42.949s][info ][safepoint      ] Safepoint "Cleanup", Time since last: 1000085236 ns, Reaching safepoint: 226706 ns, At safepoint: 16600 ns, Total: 243306 ns
[43.950s][info ][safepoint      ] Safepoint "Cleanup", Time since last: 1000109400 ns, Reaching safepoint: 118002 ns, At safepoint: 5500 ns, Total: 123502 ns
[44.950s][info ][safepoint      ] Safepoint "Cleanup", Time since last: 1000103317 ns, Reaching safepoint: 142703 ns, At safepoint: 5500 ns, Total: 148203 ns
[46.465s][info ][safepoint      ] Safepoint "Cleanup", Time since last: 1514659702 ns, Reaching safepoint: 165203 ns, At safepoint: 6301 ns, Total: 171504 ns
[47.465s][info ][safepoint      ] Safepoint "Cleanup", Time since last: 1000114116 ns, Reaching safepoint: 84302 ns, At safepoint: 2300 ns, Total: 86602 ns
[48.465s][info ][safepoint      ] Safepoint "Cleanup", Time since last: 1000115317 ns, Reaching safepoint: 164304 ns, At safepoint: 9700 ns, Total: 174004 ns
[49.465s][info ][safepoint      ] Safepoint "Cleanup", Time since last: 1000118617 ns, Reaching safepoint: 131603 ns, At safepoint: 5000 ns, Total: 136603 ns
[50.466s][info ][safepoint      ] Safepoint "Cleanup", Time since last: 1000109517 ns, Reaching safepoint: 71101 ns, At safepoint: 3800 ns, Total: 74901 ns
[51.466s][info ][safepoint      ] Safepoint "Cleanup", Time since last: 1000109817 ns, Reaching safepoint: 53201 ns, At safepoint: 8800 ns, Total: 62001 ns
[52.466s][info ][safepoint      ] Safepoint "Cleanup", Time since last: 1000121436 ns, Reaching safepoint: 48301 ns, At safepoint: 3700 ns, Total: 52001 ns
[53.466s][info ][safepoint      ] Safepoint "Cleanup", Time since last: 1000099977 ns, Reaching safepoint: 67001 ns, At safepoint: 10000 ns, Total: 77001 ns
[54.245s][info ][safepoint      ] Safepoint "ICBufferFull", Time since last: 778828748 ns, Reaching safepoint: 211105 ns, At safepoint: 5400 ns, Total: 216505 ns
[55.322s][info ][safepoint      ] Safepoint "Cleanup", Time since last: 1076373276 ns, Reaching safepoint: 154103 ns, At safepoint: 6300 ns, Total: 160403 ns
[56.322s][info ][safepoint      ] Safepoint "Cleanup", Time since last: 1000103477 ns, Reaching safepoint: 61101 ns, At safepoint: 2400 ns, Total: 63501 ns
[57.322s][info ][safepoint      ] Safepoint "Cleanup", Time since last: 1000126377 ns, Reaching safepoint: 75002 ns, At safepoint: 2800 ns, Total: 77802 ns
[57.701s][info ][gc,start       ] GC(14) Pause Young (Allocation Failure)
[57.715s][debug][gc,phases      ] GC(14) Scavenge 13.851ms
[57.715s][debug][gc,ref         ] GC(14) Skipped phase 1 of Reference Processing: no references
[57.715s][debug][gc,ref         ] GC(14) ReferenceProcessor::execute queues: 1, RefProcThreadModel::Single, marks_oops_alive: false
[57.715s][debug][gc,ref         ] GC(14) Skipped phase 3 of Reference Processing: no references
[57.715s][debug][gc,ref         ] GC(14) ReferenceProcessor::execute queues: 1, RefProcThreadModel::Single, marks_oops_alive: false
[57.715s][debug][gc,phases      ] GC(14) Reference Processing 0.134ms
[57.715s][debug][gc,phases      ] GC(14)   VM Weak                        Min:  0.0, Avg:  0.0, Max:  0.0, Diff:  0.0, Sum:  0.0, Workers: 4
[57.715s][debug][gc,phases      ] GC(14)     Dead                           Min: 0, Avg:  0.0, Max: 0, Diff: 0, Sum: 0, Workers: 4
[57.715s][debug][gc,phases      ] GC(14)     Total                          Min: 0, Avg: 214.5, Max: 448, Diff: 448, Sum: 858, Workers: 4
[57.715s][debug][gc,phases      ] GC(14)   ObjectSynchronizer Weak        Min:  0.0, Avg:  0.0, Max:  0.0, Diff:  0.0, Sum:  0.0, Workers: 4
[57.715s][debug][gc,phases      ] GC(14)     Dead                           Min: 0, Avg:  0.0, Max: 0, Diff: 0, Sum: 0, Workers: 4
[57.715s][debug][gc,phases      ] GC(14)     Total                          Min: 0, Avg:  6.8, Max: 27, Diff: 27, Sum: 27, Workers: 4
[57.715s][debug][gc,phases      ] GC(14)   JVMTI Tag Weak OopStorage      Min:  0.0, Avg:  0.0, Max:  0.0, Diff:  0.0, Sum:  0.0, Workers: 4
[57.715s][debug][gc,phases      ] GC(14)     Dead                           Min: 0, Avg:  0.0, Max: 0, Diff: 0, Sum: 0, Workers: 4
[57.715s][debug][gc,phases      ] GC(14)     Total                          Min: 0, Avg:  0.0, Max: 0, Diff: 0, Sum: 0, Workers: 4
[57.715s][debug][gc,phases      ] GC(14)   StringTable Weak               Min:  0.0, Avg:  0.1, Max:  0.1, Diff:  0.1, Sum:  0.4, Workers: 4
[57.715s][debug][gc,phases      ] GC(14)     Dead                           Min: 0, Avg:  0.8, Max: 2, Diff: 2, Sum: 3, Workers: 4
[57.715s][debug][gc,phases      ] GC(14)     Total                          Min: 0, Avg: 10586.0, Max: 16000, Diff: 16000, Sum: 42344, Workers: 4
[57.715s][debug][gc,phases      ] GC(14)   ResolvedMethodTable Weak       Min:  0.0, Avg:  0.0, Max:  0.0, Diff:  0.0, Sum:  0.1, Workers: 4
[57.715s][debug][gc,phases      ] GC(14)     Dead                           Min: 0, Avg:  0.0, Max: 0, Diff: 0, Sum: 0, Workers: 4
[57.716s][debug][gc,phases      ] GC(14)     Total                          Min: 0, Avg: 2209.8, Max: 2996, Diff: 2996, Sum: 8839, Workers: 4
[57.716s][debug][gc,phases      ] GC(14)   JNI Weak                       Min:  0.0, Avg:  0.0, Max:  0.0, Diff:  0.0, Sum:  0.0, Workers: 4
[57.716s][debug][gc,phases      ] GC(14)     Dead                           Min: 0, Avg:  0.0, Max: 0, Diff: 0, Sum: 0, Workers: 4
[57.716s][debug][gc,phases      ] GC(14)     Total                          Min: 0, Avg: 11.2, Max: 45, Diff: 45, Sum: 45, Workers: 4
[57.716s][debug][gc,phases      ] GC(14)   StringDedup Table Weak         Min:  0.0, Avg:  0.0, Max:  0.0, Diff:  0.0, Sum:  0.0, Workers: 4
[57.716s][debug][gc,phases      ] GC(14)     Dead                           Min: 0, Avg:  0.0, Max: 0, Diff: 0, Sum: 0, Workers: 4
[57.716s][debug][gc,phases      ] GC(14)     Total                          Min: 0, Avg:  0.0, Max: 0, Diff: 0, Sum: 0, Workers: 4
[57.716s][debug][gc,phases      ] GC(14)   StringDedup Requests0 Weak     Min:  0.0, Avg:  0.0, Max:  0.0, Diff:  0.0, Sum:  0.0, Workers: 4
[57.716s][debug][gc,phases      ] GC(14)     Dead                           Min: 0, Avg:  0.0, Max: 0, Diff: 0, Sum: 0, Workers: 4
[57.716s][debug][gc,phases      ] GC(14)     Total                          Min: 0, Avg:  0.0, Max: 0, Diff: 0, Sum: 0, Workers: 4
[57.716s][debug][gc,phases      ] GC(14)   StringDedup Requests1 Weak     Min:  0.0, Avg:  0.0, Max:  0.0, Diff:  0.0, Sum:  0.0, Workers: 4
[57.716s][debug][gc,phases      ] GC(14)     Dead                           Min: 0, Avg:  0.0, Max: 0, Diff: 0, Sum: 0, Workers: 4
[57.716s][debug][gc,phases      ] GC(14)     Total                          Min: 0, Avg:  0.0, Max: 0, Diff: 0, Sum: 0, Workers: 4
[57.716s][debug][gc,phases      ] GC(14)   Weak JFR Old Object Samples    Min:  0.0, Avg:  0.0, Max:  0.0, Diff:  0.0, Sum:  0.0, Workers: 4
[57.716s][debug][gc,phases      ] GC(14)     Dead                           Min: 0, Avg:  0.0, Max: 0, Diff: 0, Sum: 0, Workers: 4
[57.716s][debug][gc,phases      ] GC(14)     Total                          Min: 0, Avg:  0.0, Max: 0, Diff: 0, Sum: 0, Workers: 4
[57.716s][debug][gc,phases      ] GC(14) Weak Processing 0.367ms
[57.716s][debug][gc,age         ] GC(14) Desired survivor size 536870912 bytes, new threshold 2 (max threshold 15)
[57.716s][info ][gc,heap        ] GC(14) PSYoungGen: 1065584K(1572864K)->9408K(1572864K) Eden: 1048576K(1048576K)->0K(1048576K) From: 17008K(524288K)->9408K(524288K)
[57.716s][info ][gc,heap        ] GC(14) ParOldGen: 332317K(490496K)->340841K(490496K)
[57.716s][info ][gc,metaspace   ] GC(14) Metaspace: 78652K(79744K)->78652K(79744K) NonClass: 67339K(67968K)->67339K(67968K) Class: 11312K(11776K)->11312K(11776K)
[57.716s][info ][gc             ] GC(14) Pause Young (Allocation Failure) 1365M->342M(2015M) 14.485ms
[57.716s][info ][gc,cpu         ] GC(14) User=0.03s Sys=0.02s Real=0.02s
[57.716s][info ][safepoint      ] Safepoint "ParallelGCFailedAllocation", Time since last: 379034143 ns, Reaching safepoint: 61101 ns, At safepoint: 14554924 ns, Total: 14616025 ns
[59.242s][info ][safepoint      ] Safepoint "Cleanup", Time since last: 1525940390 ns, Reaching safepoint: 144903 ns, At safepoint: 5900 ns, Total: 150803 ns
[60.242s][info ][safepoint      ] Safepoint "Cleanup", Time since last: 1000135058 ns, Reaching safepoint: 145804 ns, At safepoint: 5900 ns, Total: 151704 ns
[61.242s][info ][safepoint      ] Safepoint "Cleanup", Time since last: 1000120041 ns, Reaching safepoint: 136203 ns, At safepoint: 5500 ns, Total: 141703 ns
[62.243s][info ][safepoint      ] Safepoint "Cleanup", Time since last: 1000123842 ns, Reaching safepoint: 129003 ns, At safepoint: 5900 ns, Total: 134903 ns
[63.243s][info ][safepoint      ] Safepoint "Cleanup", Time since last: 1000133241 ns, Reaching safepoint: 128103 ns, At safepoint: 13001 ns, Total: 141104 ns
[64.243s][info ][safepoint      ] Safepoint "Cleanup", Time since last: 1000160042 ns, Reaching safepoint: 145803 ns, At safepoint: 6200 ns, Total: 152003 ns
[65.243s][info ][safepoint      ] Safepoint "Cleanup", Time since last: 1000134342 ns, Reaching safepoint: 127703 ns, At safepoint: 5300 ns, Total: 133003 ns
[66.244s][info ][safepoint      ] Safepoint "Cleanup", Time since last: 1000135341 ns, Reaching safepoint: 137203 ns, At safepoint: 6101 ns, Total: 143304 ns
[67.244s][info ][safepoint      ] Safepoint "Cleanup", Time since last: 1000137141 ns, Reaching safepoint: 122103 ns, At safepoint: 7600 ns, Total: 129703 ns
[68.244s][info ][safepoint      ] Safepoint "Cleanup", Time since last: 1000106062 ns, Reaching safepoint: 173004 ns, At safepoint: 4000 ns, Total: 177004 ns
[69.245s][info ][safepoint      ] Safepoint "Cleanup", Time since last: 1000116366 ns, Reaching safepoint: 134103 ns, At safepoint: 6200 ns, Total: 140303 ns
[70.245s][info ][safepoint      ] Safepoint "Cleanup", Time since last: 1000139866 ns, Reaching safepoint: 146404 ns, At safepoint: 6800 ns, Total: 153204 ns
[71.245s][info ][safepoint      ] Safepoint "Cleanup", Time since last: 1000134866 ns, Reaching safepoint: 162304 ns, At safepoint: 5000 ns, Total: 167304 ns
[73.191s][info ][safepoint      ] Safepoint "Cleanup", Time since last: 1945921201 ns, Reaching safepoint: 301207 ns, At safepoint: 12000 ns, Total: 313207 ns
[74.192s][info ][safepoint      ] Safepoint "Cleanup", Time since last: 1000127466 ns, Reaching safepoint: 284907 ns, At safepoint: 6700 ns, Total: 291607 ns
[75.192s][info ][safepoint      ] Safepoint "Cleanup", Time since last: 1000115166 ns, Reaching safepoint: 136203 ns, At safepoint: 4900 ns, Total: 141103 ns
[75.619s][info ][gc,start       ] GC(15) Pause Young (Allocation Failure)
[75.635s][debug][gc,phases      ] GC(15) Scavenge 15.930ms
[75.635s][debug][gc,ref         ] GC(15) Skipped phase 1 of Reference Processing: no references
[75.635s][debug][gc,ref         ] GC(15) ReferenceProcessor::execute queues: 1, RefProcThreadModel::Single, marks_oops_alive: false
[75.635s][debug][gc,ref         ] GC(15) Skipped phase 3 of Reference Processing: no references
[75.635s][debug][gc,ref         ] GC(15) ReferenceProcessor::execute queues: 1, RefProcThreadModel::Single, marks_oops_alive: false
[75.635s][debug][gc,phases      ] GC(15) Reference Processing 0.134ms
[75.635s][debug][gc,phases      ] GC(15)   VM Weak                        Min:  0.0, Avg:  0.0, Max:  0.0, Diff:  0.0, Sum:  0.0, Workers: 4
[75.635s][debug][gc,phases      ] GC(15)     Dead                           Min: 0, Avg:  0.0, Max: 0, Diff: 0, Sum: 0, Workers: 4
[75.635s][debug][gc,phases      ] GC(15)     Total                          Min: 0, Avg: 215.0, Max: 512, Diff: 512, Sum: 860, Workers: 4
[75.635s][debug][gc,phases      ] GC(15)   ObjectSynchronizer Weak        Min:  0.0, Avg:  0.0, Max:  0.0, Diff:  0.0, Sum:  0.0, Workers: 4
[75.635s][debug][gc,phases      ] GC(15)     Dead                           Min: 0, Avg:  0.0, Max: 0, Diff: 0, Sum: 0, Workers: 4
[75.635s][debug][gc,phases      ] GC(15)     Total                          Min: 0, Avg:  6.8, Max: 27, Diff: 27, Sum: 27, Workers: 4
[75.635s][debug][gc,phases      ] GC(15)   JVMTI Tag Weak OopStorage      Min:  0.0, Avg:  0.0, Max:  0.0, Diff:  0.0, Sum:  0.0, Workers: 4
[75.635s][debug][gc,phases      ] GC(15)     Dead                           Min: 0, Avg:  0.0, Max: 0, Diff: 0, Sum: 0, Workers: 4
[75.635s][debug][gc,phases      ] GC(15)     Total                          Min: 0, Avg:  0.0, Max: 0, Diff: 0, Sum: 0, Workers: 4
[75.635s][debug][gc,phases      ] GC(15)   StringTable Weak               Min:  0.0, Avg:  0.1, Max:  0.1, Diff:  0.1, Sum:  0.4, Workers: 4
[75.635s][debug][gc,phases      ] GC(15)     Dead                           Min: 0, Avg:  0.0, Max: 0, Diff: 0, Sum: 0, Workers: 4
[75.635s][debug][gc,phases      ] GC(15)     Total                          Min: 0, Avg: 10597.0, Max: 14656, Diff: 14656, Sum: 42388, Workers: 4
[75.635s][debug][gc,phases      ] GC(15)   ResolvedMethodTable Weak       Min:  0.0, Avg:  0.0, Max:  0.0, Diff:  0.0, Sum:  0.1, Workers: 4
[75.635s][debug][gc,phases      ] GC(15)     Dead                           Min: 0, Avg:  0.2, Max: 1, Diff: 1, Sum: 1, Workers: 4
[75.635s][debug][gc,phases      ] GC(15)     Total                          Min: 0, Avg: 2215.5, Max: 3324, Diff: 3324, Sum: 8862, Workers: 4
[75.635s][debug][gc,phases      ] GC(15)   JNI Weak                       Min:  0.0, Avg:  0.0, Max:  0.0, Diff:  0.0, Sum:  0.0, Workers: 4
[75.635s][debug][gc,phases      ] GC(15)     Dead                           Min: 0, Avg:  0.0, Max: 0, Diff: 0, Sum: 0, Workers: 4
[75.635s][debug][gc,phases      ] GC(15)     Total                          Min: 0, Avg: 16.2, Max: 50, Diff: 50, Sum: 65, Workers: 4
[75.635s][debug][gc,phases      ] GC(15)   StringDedup Table Weak         Min:  0.0, Avg:  0.0, Max:  0.0, Diff:  0.0, Sum:  0.0, Workers: 4
[75.635s][debug][gc,phases      ] GC(15)     Dead                           Min: 0, Avg:  0.0, Max: 0, Diff: 0, Sum: 0, Workers: 4
[75.635s][debug][gc,phases      ] GC(15)     Total                          Min: 0, Avg:  0.0, Max: 0, Diff: 0, Sum: 0, Workers: 4
[75.635s][debug][gc,phases      ] GC(15)   StringDedup Requests0 Weak     Min:  0.0, Avg:  0.0, Max:  0.0, Diff:  0.0, Sum:  0.0, Workers: 4
[75.635s][debug][gc,phases      ] GC(15)     Dead                           Min: 0, Avg:  0.0, Max: 0, Diff: 0, Sum: 0, Workers: 4
[75.635s][debug][gc,phases      ] GC(15)     Total                          Min: 0, Avg:  0.0, Max: 0, Diff: 0, Sum: 0, Workers: 4
[75.635s][debug][gc,phases      ] GC(15)   StringDedup Requests1 Weak     Min:  0.0, Avg:  0.0, Max:  0.0, Diff:  0.0, Sum:  0.0, Workers: 4
[75.635s][debug][gc,phases      ] GC(15)     Dead                           Min: 0, Avg:  0.0, Max: 0, Diff: 0, Sum: 0, Workers: 4
[75.635s][debug][gc,phases      ] GC(15)     Total                          Min: 0, Avg:  0.0, Max: 0, Diff: 0, Sum: 0, Workers: 4
[75.635s][debug][gc,phases      ] GC(15)   Weak JFR Old Object Samples    Min:  0.0, Avg:  0.0, Max:  0.0, Diff:  0.0, Sum:  0.0, Workers: 4
[75.635s][debug][gc,phases      ] GC(15)     Dead                           Min: 0, Avg:  0.0, Max: 0, Diff: 0, Sum: 0, Workers: 4
[75.635s][debug][gc,phases      ] GC(15)     Total                          Min: 0, Avg:  0.0, Max: 0, Diff: 0, Sum: 0, Workers: 4
[75.635s][debug][gc,phases      ] GC(15) Weak Processing 0.364ms
[75.635s][debug][gc,age         ] GC(15) Desired survivor size 536870912 bytes, new threshold 1 (max threshold 15)
[75.635s][info ][gc,heap        ] GC(15) PSYoungGen: 1057984K(1572864K)->8644K(1572864K) Eden: 1048576K(1048576K)->0K(1048576K) From: 9408K(524288K)->8644K(524288K)
[75.635s][info ][gc,heap        ] GC(15) ParOldGen: 340841K(490496K)->348310K(490496K)
[75.635s][info ][gc,metaspace   ] GC(15) Metaspace: 78911K(79936K)->78911K(79936K) NonClass: 67588K(68160K)->67588K(68160K) Class: 11323K(11776K)->11323K(11776K)
[75.635s][info ][gc             ] GC(15) Pause Young (Allocation Failure) 1366M->348M(2015M) 16.560ms
[75.635s][info ][gc,cpu         ] GC(15) User=0.03s Sys=0.01s Real=0.02s
[75.636s][info ][safepoint      ] Safepoint "ParallelGCFailedAllocation", Time since last: 426653169 ns, Reaching safepoint: 232006 ns, At safepoint: 16639477 ns, Total: 16871483 ns
[76.665s][info ][safepoint      ] Safepoint "ICBufferFull", Time since last: 1028732308 ns, Reaching safepoint: 279106 ns, At safepoint: 7400 ns, Total: 286506 ns
[77.486s][info ][safepoint      ] Safepoint "ICBufferFull", Time since last: 820930900 ns, Reaching safepoint: 340308 ns, At safepoint: 10400 ns, Total: 350708 ns
[77.917s][info ][safepoint      ] Safepoint "ParallelGCFailedAllocation", Time since last: 430611956 ns, Reaching safepoint: 104402 ns, At safepoint: 16201 ns, Total: 120603 ns
[77.917s][info ][gc,start       ] GC(16) Pause Young (GCLocker Initiated GC)
[77.940s][debug][gc,phases      ] GC(16) Scavenge 23.076ms
[77.940s][debug][gc,ref         ] GC(16) Skipped phase 1 of Reference Processing: no references
[77.940s][debug][gc,ref         ] GC(16) ReferenceProcessor::execute queues: 1, RefProcThreadModel::Single, marks_oops_alive: false
[77.940s][debug][gc,ref         ] GC(16) Skipped phase 3 of Reference Processing: no references
[77.940s][debug][gc,ref         ] GC(16) ReferenceProcessor::execute queues: 1, RefProcThreadModel::Single, marks_oops_alive: false
[77.940s][debug][gc,phases      ] GC(16) Reference Processing 0.118ms
[77.940s][debug][gc,phases      ] GC(16)   VM Weak                        Min:  0.0, Avg:  0.0, Max:  0.0, Diff:  0.0, Sum:  0.0, Workers: 4
[77.940s][debug][gc,phases      ] GC(16)     Dead                           Min: 0, Avg:  0.0, Max: 0, Diff: 0, Sum: 0, Workers: 4
[77.940s][debug][gc,phases      ] GC(16)     Total                          Min: 0, Avg: 215.0, Max: 704, Diff: 704, Sum: 860, Workers: 4
[77.940s][debug][gc,phases      ] GC(16)   ObjectSynchronizer Weak        Min:  0.0, Avg:  0.0, Max:  0.0, Diff:  0.0, Sum:  0.0, Workers: 4
[77.940s][debug][gc,phases      ] GC(16)     Dead                           Min: 0, Avg:  0.0, Max: 0, Diff: 0, Sum: 0, Workers: 4
[77.940s][debug][gc,phases      ] GC(16)     Total                          Min: 0, Avg:  6.8, Max: 27, Diff: 27, Sum: 27, Workers: 4
[77.940s][debug][gc,phases      ] GC(16)   JVMTI Tag Weak OopStorage      Min:  0.0, Avg:  0.0, Max:  0.0, Diff:  0.0, Sum:  0.0, Workers: 4
[77.940s][debug][gc,phases      ] GC(16)     Dead                           Min: 0, Avg:  0.0, Max: 0, Diff: 0, Sum: 0, Workers: 4
[77.940s][debug][gc,phases      ] GC(16)     Total                          Min: 0, Avg:  0.0, Max: 0, Diff: 0, Sum: 0, Workers: 4
[77.940s][debug][gc,phases      ] GC(16)   StringTable Weak               Min:  0.0, Avg:  0.1, Max:  0.2, Diff:  0.2, Sum:  0.4, Workers: 4
[77.940s][debug][gc,phases      ] GC(16)     Dead                           Min: 0, Avg:  0.2, Max: 1, Diff: 1, Sum: 1, Workers: 4
[77.940s][debug][gc,phases      ] GC(16)     Total                          Min: 0, Avg: 10606.0, Max: 21567, Diff: 21567, Sum: 42424, Workers: 4
[77.940s][debug][gc,phases      ] GC(16)   ResolvedMethodTable Weak       Min:  0.0, Avg:  0.0, Max:  0.0, Diff:  0.0, Sum:  0.1, Workers: 4
[77.940s][debug][gc,phases      ] GC(16)     Dead                           Min: 0, Avg:  0.0, Max: 0, Diff: 0, Sum: 0, Workers: 4
[77.940s][debug][gc,phases      ] GC(16)     Total                          Min: 0, Avg: 2217.8, Max: 4459, Diff: 4459, Sum: 8871, Workers: 4
[77.940s][debug][gc,phases      ] GC(16)   JNI Weak                       Min:  0.0, Avg:  0.0, Max:  0.0, Diff:  0.0, Sum:  0.0, Workers: 4
[77.940s][debug][gc,phases      ] GC(16)     Dead                           Min: 0, Avg:  0.0, Max: 0, Diff: 0, Sum: 0, Workers: 4
[77.940s][debug][gc,phases      ] GC(16)     Total                          Min: 0, Avg: 15.0, Max: 52, Diff: 52, Sum: 60, Workers: 4
[77.940s][debug][gc,phases      ] GC(16)   StringDedup Table Weak         Min:  0.0, Avg:  0.0, Max:  0.0, Diff:  0.0, Sum:  0.0, Workers: 4
[77.940s][debug][gc,phases      ] GC(16)     Dead                           Min: 0, Avg:  0.0, Max: 0, Diff: 0, Sum: 0, Workers: 4
[77.940s][debug][gc,phases      ] GC(16)     Total                          Min: 0, Avg:  0.0, Max: 0, Diff: 0, Sum: 0, Workers: 4
[77.940s][debug][gc,phases      ] GC(16)   StringDedup Requests0 Weak     Min:  0.0, Avg:  0.0, Max:  0.0, Diff:  0.0, Sum:  0.0, Workers: 4
[77.940s][debug][gc,phases      ] GC(16)     Dead                           Min: 0, Avg:  0.0, Max: 0, Diff: 0, Sum: 0, Workers: 4
[77.940s][debug][gc,phases      ] GC(16)     Total                          Min: 0, Avg:  0.0, Max: 0, Diff: 0, Sum: 0, Workers: 4
[77.940s][debug][gc,phases      ] GC(16)   StringDedup Requests1 Weak     Min:  0.0, Avg:  0.0, Max:  0.0, Diff:  0.0, Sum:  0.0, Workers: 4
[77.940s][debug][gc,phases      ] GC(16)     Dead                           Min: 0, Avg:  0.0, Max: 0, Diff: 0, Sum: 0, Workers: 4
[77.940s][debug][gc,phases      ] GC(16)     Total                          Min: 0, Avg:  0.0, Max: 0, Diff: 0, Sum: 0, Workers: 4
[77.940s][debug][gc,phases      ] GC(16)   Weak JFR Old Object Samples    Min:  0.0, Avg:  0.0, Max:  0.0, Diff:  0.0, Sum:  0.0, Workers: 4
[77.940s][debug][gc,phases      ] GC(16)     Dead                           Min: 0, Avg:  0.0, Max: 0, Diff: 0, Sum: 0, Workers: 4
[77.940s][debug][gc,phases      ] GC(16)     Total                          Min: 0, Avg:  0.0, Max: 0, Diff: 0, Sum: 0, Workers: 4
[77.940s][debug][gc,phases      ] GC(16) Weak Processing 0.446ms
[77.940s][debug][gc,age         ] GC(16) Desired survivor size 536870912 bytes, new threshold 1 (max threshold 15)
[77.940s][info ][gc,heap        ] GC(16) PSYoungGen: 1057220K(1572864K)->34739K(1572864K) Eden: 1048576K(1048576K)->0K(1048576K) From: 8644K(524288K)->34739K(524288K)
[77.940s][info ][gc,heap        ] GC(16) ParOldGen: 348310K(490496K)->350731K(490496K)
[77.940s][info ][gc,metaspace   ] GC(16) Metaspace: 79014K(80064K)->79014K(80064K) NonClass: 67686K(68288K)->67686K(68288K) Class: 11328K(11776K)->11328K(11776K)
[77.940s][info ][gc             ] GC(16) Pause Young (GCLocker Initiated GC) 1372M->376M(2015M) 23.761ms
[77.940s][info ][gc,cpu         ] GC(16) User=0.07s Sys=0.00s Real=0.02s
[77.941s][info ][safepoint      ] Safepoint "ParallelGCSystemGC", Time since last: 88602 ns, Reaching safepoint: 15300 ns, At safepoint: 23835040 ns, Total: 23850340 ns
[78.941s][info ][safepoint      ] Safepoint "Cleanup", Time since last: 1000093559 ns, Reaching safepoint: 243505 ns, At safepoint: 8200 ns, Total: 251705 ns
[79.944s][info ][safepoint      ] Safepoint "Cleanup", Time since last: 1002559815 ns, Reaching safepoint: 224705 ns, At safepoint: 6900 ns, Total: 231605 ns
[80.268s][info ][gc,start       ] GC(17) Pause Young (Allocation Failure)
[80.302s][debug][gc,phases      ] GC(17) Scavenge 34.325ms
[80.302s][debug][gc,ref         ] GC(17) Skipped phase 1 of Reference Processing: no references
[80.302s][debug][gc,ref         ] GC(17) ReferenceProcessor::execute queues: 1, RefProcThreadModel::Single, marks_oops_alive: false
[80.302s][debug][gc,ref         ] GC(17) Skipped phase 3 of Reference Processing: no references
[80.302s][debug][gc,ref         ] GC(17) ReferenceProcessor::execute queues: 1, RefProcThreadModel::Single, marks_oops_alive: false
[80.302s][debug][gc,phases      ] GC(17) Reference Processing 0.149ms
[80.303s][debug][gc,phases      ] GC(17)   VM Weak                        Min:  0.0, Avg:  0.0, Max:  0.0, Diff:  0.0, Sum:  0.0, Workers: 4
[80.303s][debug][gc,phases      ] GC(17)     Dead                           Min: 0, Avg:  0.0, Max: 0, Diff: 0, Sum: 0, Workers: 4
[80.303s][debug][gc,phases      ] GC(17)     Total                          Min: 0, Avg: 215.0, Max: 448, Diff: 448, Sum: 860, Workers: 4
[80.303s][debug][gc,phases      ] GC(17)   ObjectSynchronizer Weak        Min:  0.0, Avg:  0.0, Max:  0.0, Diff:  0.0, Sum:  0.0, Workers: 4
[80.303s][debug][gc,phases      ] GC(17)     Dead                           Min: 0, Avg:  0.0, Max: 0, Diff: 0, Sum: 0, Workers: 4
[80.303s][debug][gc,phases      ] GC(17)     Total                          Min: 0, Avg:  6.8, Max: 27, Diff: 27, Sum: 27, Workers: 4
[80.303s][debug][gc,phases      ] GC(17)   JVMTI Tag Weak OopStorage      Min:  0.0, Avg:  0.0, Max:  0.0, Diff:  0.0, Sum:  0.0, Workers: 4
[80.303s][debug][gc,phases      ] GC(17)     Dead                           Min: 0, Avg:  0.0, Max: 0, Diff: 0, Sum: 0, Workers: 4
[80.303s][debug][gc,phases      ] GC(17)     Total                          Min: 0, Avg:  0.0, Max: 0, Diff: 0, Sum: 0, Workers: 4
[80.303s][debug][gc,phases      ] GC(17)   StringTable Weak               Min:  0.0, Avg:  0.1, Max:  0.1, Diff:  0.1, Sum:  0.4, Workers: 4
[80.303s][debug][gc,phases      ] GC(17)     Dead                           Min: 0, Avg:  0.0, Max: 0, Diff: 0, Sum: 0, Workers: 4
[80.303s][debug][gc,phases      ] GC(17)     Total                          Min: 0, Avg: 10614.8, Max: 16320, Diff: 16320, Sum: 42459, Workers: 4
[80.303s][debug][gc,phases      ] GC(17)   ResolvedMethodTable Weak       Min:  0.0, Avg:  0.0, Max:  0.0, Diff:  0.0, Sum:  0.1, Workers: 4
[80.303s][debug][gc,phases      ] GC(17)     Dead                           Min: 0, Avg:  0.0, Max: 0, Diff: 0, Sum: 0, Workers: 4
[80.303s][debug][gc,phases      ] GC(17)     Total                          Min: 0, Avg: 2219.0, Max: 3196, Diff: 3196, Sum: 8876, Workers: 4
[80.303s][debug][gc,phases      ] GC(17)   JNI Weak                       Min:  0.0, Avg:  0.0, Max:  0.0, Diff:  0.0, Sum:  0.0, Workers: 4
[80.303s][debug][gc,phases      ] GC(17)     Dead                           Min: 0, Avg:  0.0, Max: 0, Diff: 0, Sum: 0, Workers: 4
[80.303s][debug][gc,phases      ] GC(17)     Total                          Min: 0, Avg: 11.2, Max: 45, Diff: 45, Sum: 45, Workers: 4
[80.303s][debug][gc,phases      ] GC(17)   StringDedup Table Weak         Min:  0.0, Avg:  0.0, Max:  0.0, Diff:  0.0, Sum:  0.0, Workers: 4
[80.303s][debug][gc,phases      ] GC(17)     Dead                           Min: 0, Avg:  0.0, Max: 0, Diff: 0, Sum: 0, Workers: 4
[80.303s][debug][gc,phases      ] GC(17)     Total                          Min: 0, Avg:  0.0, Max: 0, Diff: 0, Sum: 0, Workers: 4
[80.303s][debug][gc,phases      ] GC(17)   StringDedup Requests0 Weak     Min:  0.0, Avg:  0.0, Max:  0.0, Diff:  0.0, Sum:  0.0, Workers: 4
[80.303s][debug][gc,phases      ] GC(17)     Dead                           Min: 0, Avg:  0.0, Max: 0, Diff: 0, Sum: 0, Workers: 4
[80.303s][debug][gc,phases      ] GC(17)     Total                          Min: 0, Avg:  0.0, Max: 0, Diff: 0, Sum: 0, Workers: 4
[80.303s][debug][gc,phases      ] GC(17)   StringDedup Requests1 Weak     Min:  0.0, Avg:  0.0, Max:  0.0, Diff:  0.0, Sum:  0.0, Workers: 4
[80.303s][debug][gc,phases      ] GC(17)     Dead                           Min: 0, Avg:  0.0, Max: 0, Diff: 0, Sum: 0, Workers: 4
[80.303s][debug][gc,phases      ] GC(17)     Total                          Min: 0, Avg:  0.0, Max: 0, Diff: 0, Sum: 0, Workers: 4
[80.303s][debug][gc,phases      ] GC(17)   Weak JFR Old Object Samples    Min:  0.0, Avg:  0.0, Max:  0.0, Diff:  0.0, Sum:  0.0, Workers: 4
[80.303s][debug][gc,phases      ] GC(17)     Dead                           Min: 0, Avg:  0.0, Max: 0, Diff: 0, Sum: 0, Workers: 4
[80.303s][debug][gc,phases      ] GC(17)     Total                          Min: 0, Avg:  0.0, Max: 0, Diff: 0, Sum: 0, Workers: 4
[80.303s][debug][gc,phases      ] GC(17) Weak Processing 0.504ms
[80.303s][debug][gc,age         ] GC(17) Desired survivor size 536870912 bytes, new threshold 1 (max threshold 15)
[80.303s][info ][gc,heap        ] GC(17) PSYoungGen: 1083315K(1572864K)->38723K(1572864K) Eden: 1048576K(1048576K)->0K(1048576K) From: 34739K(524288K)->38723K(524288K)
[80.303s][info ][gc,heap        ] GC(17) ParOldGen: 350732K(490496K)->384852K(490496K)
[80.303s][info ][gc,metaspace   ] GC(17) Metaspace: 79195K(80256K)->79195K(80256K) NonClass: 67855K(68480K)->67855K(68480K) Class: 11339K(11776K)->11339K(11776K)
[80.303s][info ][gc             ] GC(17) Pause Young (Allocation Failure) 1400M->413M(2015M) 35.130ms
[80.303s][info ][gc,cpu         ] GC(17) User=0.09s Sys=0.01s Real=0.03s
[80.303s][info ][safepoint      ] Safepoint "ParallelGCFailedAllocation", Time since last: 323979640 ns, Reaching safepoint: 176004 ns, At safepoint: 35220298 ns, Total: 35396302 ns
[81.303s][info ][safepoint      ] Safepoint "Cleanup", Time since last: 1000085759 ns, Reaching safepoint: 167503 ns, At safepoint: 9401 ns, Total: 176904 ns
[82.088s][info ][gc,start       ] GC(18) Pause Young (Allocation Failure)
[82.114s][debug][gc,phases      ] GC(18) Scavenge 25.525ms
[82.114s][debug][gc,ref         ] GC(18) Skipped phase 1 of Reference Processing: no references
[82.114s][debug][gc,ref         ] GC(18) ReferenceProcessor::execute queues: 1, RefProcThreadModel::Single, marks_oops_alive: false
[82.114s][debug][gc,ref         ] GC(18) Skipped phase 3 of Reference Processing: no references
[82.114s][debug][gc,ref         ] GC(18) ReferenceProcessor::execute queues: 1, RefProcThreadModel::Single, marks_oops_alive: false
[82.114s][debug][gc,phases      ] GC(18) Reference Processing 0.109ms
[82.114s][debug][gc,phases      ] GC(18)   VM Weak                        Min:  0.0, Avg:  0.0, Max:  0.0, Diff:  0.0, Sum:  0.0, Workers: 4
[82.114s][debug][gc,phases      ] GC(18)     Dead                           Min: 0, Avg:  0.0, Max: 0, Diff: 0, Sum: 0, Workers: 4
[82.114s][debug][gc,phases      ] GC(18)     Total                          Min: 0, Avg: 215.5, Max: 832, Diff: 832, Sum: 862, Workers: 4
[82.114s][debug][gc,phases      ] GC(18)   ObjectSynchronizer Weak        Min:  0.0, Avg:  0.0, Max:  0.0, Diff:  0.0, Sum:  0.0, Workers: 4
[82.114s][debug][gc,phases      ] GC(18)     Dead                           Min: 0, Avg:  0.0, Max: 0, Diff: 0, Sum: 0, Workers: 4
[82.114s][debug][gc,phases      ] GC(18)     Total                          Min: 0, Avg:  6.8, Max: 27, Diff: 27, Sum: 27, Workers: 4
[82.114s][debug][gc,phases      ] GC(18)   JVMTI Tag Weak OopStorage      Min:  0.0, Avg:  0.0, Max:  0.0, Diff:  0.0, Sum:  0.0, Workers: 4
[82.114s][debug][gc,phases      ] GC(18)     Dead                           Min: 0, Avg:  0.0, Max: 0, Diff: 0, Sum: 0, Workers: 4
[82.114s][debug][gc,phases      ] GC(18)     Total                          Min: 0, Avg:  0.0, Max: 0, Diff: 0, Sum: 0, Workers: 4
[82.114s][debug][gc,phases      ] GC(18)   StringTable Weak               Min:  0.0, Avg:  0.1, Max:  0.1, Diff:  0.1, Sum:  0.4, Workers: 4
[82.114s][debug][gc,phases      ] GC(18)     Dead                           Min: 0, Avg:  0.0, Max: 0, Diff: 0, Sum: 0, Workers: 4
[82.114s][debug][gc,phases      ] GC(18)     Total                          Min: 0, Avg: 10628.0, Max: 14848, Diff: 14848, Sum: 42512, Workers: 4
[82.114s][debug][gc,phases      ] GC(18)   ResolvedMethodTable Weak       Min:  0.0, Avg:  0.0, Max:  0.0, Diff:  0.0, Sum:  0.1, Workers: 4
[82.114s][debug][gc,phases      ] GC(18)     Dead                           Min: 0, Avg:  0.0, Max: 0, Diff: 0, Sum: 0, Workers: 4
[82.114s][debug][gc,phases      ] GC(18)     Total                          Min: 0, Avg: 2222.0, Max: 3196, Diff: 3196, Sum: 8888, Workers: 4
[82.114s][debug][gc,phases      ] GC(18)   JNI Weak                       Min:  0.0, Avg:  0.0, Max:  0.0, Diff:  0.0, Sum:  0.0, Workers: 4
[82.114s][debug][gc,phases      ] GC(18)     Dead                           Min: 0, Avg:  0.0, Max: 0, Diff: 0, Sum: 0, Workers: 4
[82.114s][debug][gc,phases      ] GC(18)     Total                          Min: 0, Avg: 11.2, Max: 45, Diff: 45, Sum: 45, Workers: 4
[82.114s][debug][gc,phases      ] GC(18)   StringDedup Table Weak         Min:  0.0, Avg:  0.0, Max:  0.0, Diff:  0.0, Sum:  0.0, Workers: 4
[82.114s][debug][gc,phases      ] GC(18)     Dead                           Min: 0, Avg:  0.0, Max: 0, Diff: 0, Sum: 0, Workers: 4
[82.114s][debug][gc,phases      ] GC(18)     Total                          Min: 0, Avg:  0.0, Max: 0, Diff: 0, Sum: 0, Workers: 4
[82.114s][debug][gc,phases      ] GC(18)   StringDedup Requests0 Weak     Min:  0.0, Avg:  0.0, Max:  0.0, Diff:  0.0, Sum:  0.0, Workers: 4
[82.114s][debug][gc,phases      ] GC(18)     Dead                           Min: 0, Avg:  0.0, Max: 0, Diff: 0, Sum: 0, Workers: 4
[82.114s][debug][gc,phases      ] GC(18)     Total                          Min: 0, Avg:  0.0, Max: 0, Diff: 0, Sum: 0, Workers: 4
[82.114s][debug][gc,phases      ] GC(18)   StringDedup Requests1 Weak     Min:  0.0, Avg:  0.0, Max:  0.0, Diff:  0.0, Sum:  0.0, Workers: 4
[82.114s][debug][gc,phases      ] GC(18)     Dead                           Min: 0, Avg:  0.0, Max: 0, Diff: 0, Sum: 0, Workers: 4
[82.114s][debug][gc,phases      ] GC(18)     Total                          Min: 0, Avg:  0.0, Max: 0, Diff: 0, Sum: 0, Workers: 4
[82.114s][debug][gc,phases      ] GC(18)   Weak JFR Old Object Samples    Min:  0.0, Avg:  0.0, Max:  0.0, Diff:  0.0, Sum:  0.0, Workers: 4
[82.114s][debug][gc,phases      ] GC(18)     Dead                           Min: 0, Avg:  0.0, Max: 0, Diff: 0, Sum: 0, Workers: 4
[82.114s][debug][gc,phases      ] GC(18)     Total                          Min: 0, Avg:  0.0, Max: 0, Diff: 0, Sum: 0, Workers: 4
[82.114s][debug][gc,phases      ] GC(18) Weak Processing 0.354ms
[82.114s][debug][gc,age         ] GC(18) Desired survivor size 536870912 bytes, new threshold 1 (max threshold 15)
[82.114s][info ][gc,heap        ] GC(18) PSYoungGen: 1086957K(1572864K)->25792K(1572864K) Eden: 1048233K(1048576K)->0K(1048576K) From: 38723K(524288K)->25792K(524288K)
[82.114s][info ][gc,heap        ] GC(18) ParOldGen: 384852K(490496K)->413044K(490496K)
[82.114s][info ][gc,metaspace   ] GC(18) Metaspace: 79241K(80320K)->79241K(80320K) NonClass: 67894K(68480K)->67894K(68480K) Class: 11346K(11840K)->11346K(11840K)
[82.114s][info ][gc             ] GC(18) Pause Young (Allocation Failure) 1437M->428M(2015M) 26.137ms
[82.114s][info ][gc,cpu         ] GC(18) User=0.07s Sys=0.00s Real=0.03s
[82.114s][debug][gc,phases      ] GC(19) Pre Compact 0.010ms
[82.114s][info ][gc,start       ] GC(19) Pause Full (Ergonomics)
[82.114s][info ][gc,phases,start] GC(19) Marking Phase
[82.252s][debug][gc,phases      ] GC(19) Par Mark 138.154ms
[82.253s][debug][gc,ref         ] GC(19) Skipped phase 1 of Reference Processing: no references
[82.253s][debug][gc,ref         ] GC(19) ReferenceProcessor::execute queues: 4, RefProcThreadModel::Multi, marks_oops_alive: false
[82.253s][debug][gc,ref         ] GC(19) ReferenceProcessor::execute queues: 4, RefProcThreadModel::Multi, marks_oops_alive: true
[82.253s][debug][gc,ref         ] GC(19) ReferenceProcessor::execute queues: 1, RefProcThreadModel::Single, marks_oops_alive: false
[82.253s][debug][gc,phases      ] GC(19) Reference Processing 0.541ms
[82.253s][debug][gc,phases      ] GC(19)   VM Weak                        Min:  0.0, Avg:  0.0, Max:  0.0, Diff:  0.0, Sum:  0.0, Workers: 4
[82.253s][debug][gc,phases      ] GC(19)     Dead                           Min: 0, Avg:  0.0, Max: 0, Diff: 0, Sum: 0, Workers: 4
[82.253s][debug][gc,phases      ] GC(19)     Total                          Min: 0, Avg: 215.5, Max: 414, Diff: 414, Sum: 862, Workers: 4
[82.253s][debug][gc,phases      ] GC(19)   ObjectSynchronizer Weak        Min:  0.0, Avg:  0.0, Max:  0.0, Diff:  0.0, Sum:  0.0, Workers: 4
[82.253s][debug][gc,phases      ] GC(19)     Dead                           Min: 0, Avg:  0.0, Max: 0, Diff: 0, Sum: 0, Workers: 4
[82.253s][debug][gc,phases      ] GC(19)     Total                          Min: 0, Avg:  6.8, Max: 27, Diff: 27, Sum: 27, Workers: 4
[82.253s][debug][gc,phases      ] GC(19)   JVMTI Tag Weak OopStorage      Min:  0.0, Avg:  0.0, Max:  0.0, Diff:  0.0, Sum:  0.0, Workers: 4
[82.253s][debug][gc,phases      ] GC(19)     Dead                           Min: 0, Avg:  0.0, Max: 0, Diff: 0, Sum: 0, Workers: 4
[82.253s][debug][gc,phases      ] GC(19)     Total                          Min: 0, Avg:  0.0, Max: 0, Diff: 0, Sum: 0, Workers: 4
[82.253s][debug][gc,phases      ] GC(19)   StringTable Weak               Min:  0.0, Avg:  0.2, Max:  0.2, Diff:  0.2, Sum:  0.6, Workers: 4
[82.253s][debug][gc,phases      ] GC(19)     Dead                           Min: 0, Avg:  0.0, Max: 0, Diff: 0, Sum: 0, Workers: 4
[82.253s][debug][gc,phases      ] GC(19)     Total                          Min: 0, Avg: 10628.0, Max: 14336, Diff: 14336, Sum: 42512, Workers: 4
[82.253s][debug][gc,phases      ] GC(19)   ResolvedMethodTable Weak       Min:  0.0, Avg:  0.0, Max:  0.0, Diff:  0.0, Sum:  0.1, Workers: 4
[82.253s][debug][gc,phases      ] GC(19)     Dead                           Min: 0, Avg:  0.0, Max: 0, Diff: 0, Sum: 0, Workers: 4
[82.253s][debug][gc,phases      ] GC(19)     Total                          Min: 0, Avg: 2222.0, Max: 3072, Diff: 3072, Sum: 8888, Workers: 4
[82.253s][debug][gc,phases      ] GC(19)   JNI Weak                       Min:  0.0, Avg:  0.0, Max:  0.0, Diff:  0.0, Sum:  0.0, Workers: 4
[82.253s][debug][gc,phases      ] GC(19)     Dead                           Min: 0, Avg:  0.0, Max: 0, Diff: 0, Sum: 0, Workers: 4
[82.253s][debug][gc,phases      ] GC(19)     Total                          Min: 0, Avg: 11.2, Max: 45, Diff: 45, Sum: 45, Workers: 4
[82.253s][debug][gc,phases      ] GC(19)   StringDedup Table Weak         Min:  0.0, Avg:  0.0, Max:  0.0, Diff:  0.0, Sum:  0.0, Workers: 4
[82.253s][debug][gc,phases      ] GC(19)     Dead                           Min: 0, Avg:  0.0, Max: 0, Diff: 0, Sum: 0, Workers: 4
[82.253s][debug][gc,phases      ] GC(19)     Total                          Min: 0, Avg:  0.0, Max: 0, Diff: 0, Sum: 0, Workers: 4
[82.253s][debug][gc,phases      ] GC(19)   StringDedup Requests0 Weak     Min:  0.0, Avg:  0.0, Max:  0.0, Diff:  0.0, Sum:  0.0, Workers: 4
[82.253s][debug][gc,phases      ] GC(19)     Dead                           Min: 0, Avg:  0.0, Max: 0, Diff: 0, Sum: 0, Workers: 4
[82.253s][debug][gc,phases      ] GC(19)     Total                          Min: 0, Avg:  0.0, Max: 0, Diff: 0, Sum: 0, Workers: 4
[82.253s][debug][gc,phases      ] GC(19)   StringDedup Requests1 Weak     Min:  0.0, Avg:  0.0, Max:  0.0, Diff:  0.0, Sum:  0.0, Workers: 4
[82.253s][debug][gc,phases      ] GC(19)     Dead                           Min: 0, Avg:  0.0, Max: 0, Diff: 0, Sum: 0, Workers: 4
[82.253s][debug][gc,phases      ] GC(19)     Total                          Min: 0, Avg:  0.0, Max: 0, Diff: 0, Sum: 0, Workers: 4
[82.253s][debug][gc,phases      ] GC(19)   Weak JFR Old Object Samples    Min:  0.0, Avg:  0.0, Max:  0.0, Diff:  0.0, Sum:  0.0, Workers: 4
[82.254s][debug][gc,phases      ] GC(19)     Dead                           Min: 0, Avg:  0.0, Max: 0, Diff: 0, Sum: 0, Workers: 4
[82.254s][debug][gc,phases      ] GC(19)     Total                          Min: 0, Avg:  0.0, Max: 0, Diff: 0, Sum: 0, Workers: 4
[82.254s][debug][gc,phases      ] GC(19) Weak Processing 0.444ms
[82.254s][debug][gc,phases      ] GC(19) ClassLoaderData 0.121ms
[82.254s][debug][gc,phases      ] GC(19) Trigger cleanups 0.000ms
[82.272s][debug][gc,phases      ] GC(19) Class Unloading 18.136ms
[82.272s][info ][gc,phases      ] GC(19) Marking Phase 157.530ms
[82.272s][info ][gc,phases,start] GC(19) Summary Phase
[82.272s][info ][gc,phases      ] GC(19) Summary Phase 0.035ms
[82.272s][info ][gc,phases,start] GC(19) Adjust Roots
[82.289s][info ][gc,phases      ] GC(19) Adjust Roots 17.158ms
[82.289s][info ][gc,phases,start] GC(19) Compaction Phase
[82.513s][info ][gc,phases      ] GC(19) Compaction Phase 224.179ms
[82.513s][info ][gc,phases,start] GC(19) Post Compact
[82.515s][info ][gc,phases      ] GC(19) Post Compact 1.681ms
[82.515s][info ][gc,heap        ] GC(19) PSYoungGen: 25792K(1572864K)->0K(1572864K) Eden: 0K(1048576K)->0K(1048576K) From: 25792K(524288K)->0K(524288K)
[82.515s][info ][gc,heap        ] GC(19) ParOldGen: 413044K(490496K)->403802K(558080K)
[82.515s][info ][gc,metaspace   ] GC(19) Metaspace: 79241K(80320K)->79241K(80320K) NonClass: 67894K(68480K)->67894K(68480K) Class: 11346K(11840K)->11346K(11840K)
[82.515s][info ][gc             ] GC(19) Pause Full (Ergonomics) 428M->394M(2081M) 400.913ms
[82.515s][info ][gc,cpu         ] GC(19) User=1.15s Sys=0.06s Real=0.40s
[82.516s][info ][safepoint      ] Safepoint "ParallelGCFailedAllocation", Time since last: 784488573 ns, Reaching safepoint: 201205 ns, At safepoint: 427817293 ns, Total: 428018498 ns
[83.855s][info ][safepoint      ] Safepoint "ICBufferFull", Time since last: 1339022522 ns, Reaching safepoint: 271506 ns, At safepoint: 6700 ns, Total: 278206 ns
[84.855s][info ][safepoint      ] Safepoint "Cleanup", Time since last: 1000106026 ns, Reaching safepoint: 191304 ns, At safepoint: 6300 ns, Total: 197604 ns
[86.418s][info ][safepoint      ] Safepoint "Cleanup", Time since last: 1562030881 ns, Reaching safepoint: 110503 ns, At safepoint: 5800 ns, Total: 116303 ns
[86.653s][info ][gc,start       ] GC(20) Pause Young (Allocation Failure)
[86.662s][debug][gc,phases      ] GC(20) Scavenge 9.654ms
[86.662s][debug][gc,ref         ] GC(20) Skipped phase 1 of Reference Processing: no references
[86.662s][debug][gc,ref         ] GC(20) ReferenceProcessor::execute queues: 1, RefProcThreadModel::Single, marks_oops_alive: false
[86.662s][debug][gc,ref         ] GC(20) Skipped phase 3 of Reference Processing: no references
[86.662s][debug][gc,ref         ] GC(20) ReferenceProcessor::execute queues: 1, RefProcThreadModel::Single, marks_oops_alive: false
[86.662s][debug][gc,phases      ] GC(20) Reference Processing 0.125ms
[86.663s][debug][gc,phases      ] GC(20)   VM Weak                        Min:  0.0, Avg:  0.0, Max:  0.0, Diff:  0.0, Sum:  0.0, Workers: 4
[86.663s][debug][gc,phases      ] GC(20)     Dead                           Min: 0, Avg:  0.0, Max: 0, Diff: 0, Sum: 0, Workers: 4
[86.663s][debug][gc,phases      ] GC(20)     Total                          Min: 0, Avg: 216.8, Max: 867, Diff: 867, Sum: 867, Workers: 4
[86.663s][debug][gc,phases      ] GC(20)   ObjectSynchronizer Weak        Min:  0.0, Avg:  0.0, Max:  0.0, Diff:  0.0, Sum:  0.0, Workers: 4
[86.663s][debug][gc,phases      ] GC(20)     Dead                           Min: 0, Avg:  0.0, Max: 0, Diff: 0, Sum: 0, Workers: 4
[86.663s][debug][gc,phases      ] GC(20)     Total                          Min: 0, Avg:  6.8, Max: 27, Diff: 27, Sum: 27, Workers: 4
[86.663s][debug][gc,phases      ] GC(20)   JVMTI Tag Weak OopStorage      Min:  0.0, Avg:  0.0, Max:  0.0, Diff:  0.0, Sum:  0.0, Workers: 4
[86.663s][debug][gc,phases      ] GC(20)     Dead                           Min: 0, Avg:  0.0, Max: 0, Diff: 0, Sum: 0, Workers: 4
[86.663s][debug][gc,phases      ] GC(20)     Total                          Min: 0, Avg:  0.0, Max: 0, Diff: 0, Sum: 0, Workers: 4
[86.663s][debug][gc,phases      ] GC(20)   StringTable Weak               Min:  0.0, Avg:  0.1, Max:  0.1, Diff:  0.1, Sum:  0.4, Workers: 4
[86.663s][debug][gc,phases      ] GC(20)     Dead                           Min: 0, Avg:  0.2, Max: 1, Diff: 1, Sum: 1, Workers: 4
[86.663s][debug][gc,phases      ] GC(20)     Total                          Min: 0, Avg: 10636.8, Max: 15744, Diff: 15744, Sum: 42547, Workers: 4
[86.663s][debug][gc,phases      ] GC(20)   ResolvedMethodTable Weak       Min:  0.0, Avg:  0.0, Max:  0.0, Diff:  0.0, Sum:  0.1, Workers: 4
[86.663s][debug][gc,phases      ] GC(20)     Dead                           Min: 0, Avg:  0.0, Max: 0, Diff: 0, Sum: 0, Workers: 4
[86.663s][debug][gc,phases      ] GC(20)     Total                          Min: 0, Avg: 2230.5, Max: 3418, Diff: 3418, Sum: 8922, Workers: 4
[86.663s][debug][gc,phases      ] GC(20)   JNI Weak                       Min:  0.0, Avg:  0.0, Max:  0.0, Diff:  0.0, Sum:  0.0, Workers: 4
[86.663s][debug][gc,phases      ] GC(20)     Dead                           Min: 0, Avg:  0.0, Max: 0, Diff: 0, Sum: 0, Workers: 4
[86.663s][debug][gc,phases      ] GC(20)     Total                          Min: 0, Avg: 11.2, Max: 45, Diff: 45, Sum: 45, Workers: 4
[86.663s][debug][gc,phases      ] GC(20)   StringDedup Table Weak         Min:  0.0, Avg:  0.0, Max:  0.0, Diff:  0.0, Sum:  0.0, Workers: 4
[86.663s][debug][gc,phases      ] GC(20)     Dead                           Min: 0, Avg:  0.0, Max: 0, Diff: 0, Sum: 0, Workers: 4
[86.663s][debug][gc,phases      ] GC(20)     Total                          Min: 0, Avg:  0.0, Max: 0, Diff: 0, Sum: 0, Workers: 4
[86.663s][debug][gc,phases      ] GC(20)   StringDedup Requests0 Weak     Min:  0.0, Avg:  0.0, Max:  0.0, Diff:  0.0, Sum:  0.0, Workers: 4
[86.663s][debug][gc,phases      ] GC(20)     Dead                           Min: 0, Avg:  0.0, Max: 0, Diff: 0, Sum: 0, Workers: 4
[86.663s][debug][gc,phases      ] GC(20)     Total                          Min: 0, Avg:  0.0, Max: 0, Diff: 0, Sum: 0, Workers: 4
[86.663s][debug][gc,phases      ] GC(20)   StringDedup Requests1 Weak     Min:  0.0, Avg:  0.0, Max:  0.0, Diff:  0.0, Sum:  0.0, Workers: 4
[86.663s][debug][gc,phases      ] GC(20)     Dead                           Min: 0, Avg:  0.0, Max: 0, Diff: 0, Sum: 0, Workers: 4
[86.663s][debug][gc,phases      ] GC(20)     Total                          Min: 0, Avg:  0.0, Max: 0, Diff: 0, Sum: 0, Workers: 4
[86.663s][debug][gc,phases      ] GC(20)   Weak JFR Old Object Samples    Min:  0.0, Avg:  0.0, Max:  0.0, Diff:  0.0, Sum:  0.0, Workers: 4
[86.663s][debug][gc,phases      ] GC(20)     Dead                           Min: 0, Avg:  0.0, Max: 0, Diff: 0, Sum: 0, Workers: 4
[86.663s][debug][gc,phases      ] GC(20)     Total                          Min: 0, Avg:  0.0, Max: 0, Diff: 0, Sum: 0, Workers: 4
[86.663s][debug][gc,phases      ] GC(20) Weak Processing 0.370ms
[86.663s][debug][gc,age         ] GC(20) Desired survivor size 536870912 bytes, new threshold 1 (max threshold 15)
[86.663s][info ][gc,heap        ] GC(20) PSYoungGen: 1048576K(1572864K)->14544K(1572864K) Eden: 1048576K(1048576K)->0K(1048576K) From: 0K(524288K)->14544K(524288K)
[86.663s][info ][gc,heap        ] GC(20) ParOldGen: 403802K(558080K)->403802K(558080K)
[86.663s][info ][gc,metaspace   ] GC(20) Metaspace: 79389K(80448K)->79389K(80448K) NonClass: 68026K(68608K)->68026K(68608K) Class: 11362K(11840K)->11362K(11840K)
[86.663s][info ][gc             ] GC(20) Pause Young (Allocation Failure) 1418M->408M(2081M) 10.289ms
[86.663s][info ][gc,cpu         ] GC(20) User=0.03s Sys=0.00s Real=0.00s
[86.663s][info ][safepoint      ] Safepoint "ParallelGCFailedAllocation", Time since last: 234998193 ns, Reaching safepoint: 54801 ns, At safepoint: 10361333 ns, Total: 10416134 ns
[87.663s][info ][safepoint      ] Safepoint "Cleanup", Time since last: 1000041024 ns, Reaching safepoint: 65901 ns, At safepoint: 3300 ns, Total: 69201 ns
[88.663s][info ][safepoint      ] Safepoint "Cleanup", Time since last: 1000110526 ns, Reaching safepoint: 106202 ns, At safepoint: 5500 ns, Total: 111702 ns
[89.663s][info ][safepoint      ] Safepoint "Cleanup", Time since last: 1000111525 ns, Reaching safepoint: 56602 ns, At safepoint: 2500 ns, Total: 59102 ns
[90.664s][info ][safepoint      ] Safepoint "Cleanup", Time since last: 1000109825 ns, Reaching safepoint: 71001 ns, At safepoint: 4901 ns, Total: 75902 ns
[91.570s][info ][gc,start       ] GC(21) Pause Young (Allocation Failure)
[91.600s][debug][gc,phases      ] GC(21) Scavenge 29.744ms
[91.600s][debug][gc,ref         ] GC(21) Skipped phase 1 of Reference Processing: no references
[91.600s][debug][gc,ref         ] GC(21) ReferenceProcessor::execute queues: 1, RefProcThreadModel::Single, marks_oops_alive: false
[91.600s][debug][gc,ref         ] GC(21) Skipped phase 3 of Reference Processing: no references
[91.600s][debug][gc,ref         ] GC(21) ReferenceProcessor::execute queues: 1, RefProcThreadModel::Single, marks_oops_alive: false
[91.600s][debug][gc,phases      ] GC(21) Reference Processing 0.156ms
[91.600s][debug][gc,phases      ] GC(21)   VM Weak                        Min:  0.0, Avg:  0.0, Max:  0.0, Diff:  0.0, Sum:  0.0, Workers: 4
[91.600s][debug][gc,phases      ] GC(21)     Dead                           Min: 0, Avg:  0.0, Max: 0, Diff: 0, Sum: 0, Workers: 4
[91.600s][debug][gc,phases      ] GC(21)     Total                          Min: 0, Avg: 216.8, Max: 448, Diff: 448, Sum: 867, Workers: 4
[91.600s][debug][gc,phases      ] GC(21)   ObjectSynchronizer Weak        Min:  0.0, Avg:  0.0, Max:  0.0, Diff:  0.0, Sum:  0.0, Workers: 4
[91.600s][debug][gc,phases      ] GC(21)     Dead                           Min: 0, Avg:  0.0, Max: 0, Diff: 0, Sum: 0, Workers: 4
[91.600s][debug][gc,phases      ] GC(21)     Total                          Min: 0, Avg:  6.8, Max: 27, Diff: 27, Sum: 27, Workers: 4
[91.600s][debug][gc,phases      ] GC(21)   JVMTI Tag Weak OopStorage      Min:  0.0, Avg:  0.0, Max:  0.0, Diff:  0.0, Sum:  0.0, Workers: 4
[91.600s][debug][gc,phases      ] GC(21)     Dead                           Min: 0, Avg:  0.0, Max: 0, Diff: 0, Sum: 0, Workers: 4
[91.600s][debug][gc,phases      ] GC(21)     Total                          Min: 0, Avg:  0.0, Max: 0, Diff: 0, Sum: 0, Workers: 4
[91.600s][debug][gc,phases      ] GC(21)   StringTable Weak               Min:  0.0, Avg:  0.1, Max:  0.1, Diff:  0.1, Sum:  0.4, Workers: 4
[91.600s][debug][gc,phases      ] GC(21)     Dead                           Min: 0, Avg:  0.0, Max: 0, Diff: 0, Sum: 0, Workers: 4
[91.600s][debug][gc,phases      ] GC(21)     Total                          Min: 0, Avg: 10640.8, Max: 14528, Diff: 14528, Sum: 42563, Workers: 4
[91.600s][debug][gc,phases      ] GC(21)   ResolvedMethodTable Weak       Min:  0.0, Avg:  0.0, Max:  0.0, Diff:  0.0, Sum:  0.1, Workers: 4
[91.600s][debug][gc,phases      ] GC(21)     Dead                           Min: 0, Avg:  0.0, Max: 0, Diff: 0, Sum: 0, Workers: 4
[91.600s][debug][gc,phases      ] GC(21)     Total                          Min: 0, Avg: 2230.5, Max: 3034, Diff: 3034, Sum: 8922, Workers: 4
[91.600s][debug][gc,phases      ] GC(21)   JNI Weak                       Min:  0.0, Avg:  0.0, Max:  0.0, Diff:  0.0, Sum:  0.0, Workers: 4
[91.600s][debug][gc,phases      ] GC(21)     Dead                           Min: 0, Avg:  0.0, Max: 0, Diff: 0, Sum: 0, Workers: 4
[91.600s][debug][gc,phases      ] GC(21)     Total                          Min: 0, Avg: 11.2, Max: 45, Diff: 45, Sum: 45, Workers: 4
[91.600s][debug][gc,phases      ] GC(21)   StringDedup Table Weak         Min:  0.0, Avg:  0.0, Max:  0.0, Diff:  0.0, Sum:  0.0, Workers: 4
[91.600s][debug][gc,phases      ] GC(21)     Dead                           Min: 0, Avg:  0.0, Max: 0, Diff: 0, Sum: 0, Workers: 4
[91.600s][debug][gc,phases      ] GC(21)     Total                          Min: 0, Avg:  0.0, Max: 0, Diff: 0, Sum: 0, Workers: 4
[91.600s][debug][gc,phases      ] GC(21)   StringDedup Requests0 Weak     Min:  0.0, Avg:  0.0, Max:  0.0, Diff:  0.0, Sum:  0.0, Workers: 4
[91.600s][debug][gc,phases      ] GC(21)     Dead                           Min: 0, Avg:  0.0, Max: 0, Diff: 0, Sum: 0, Workers: 4
[91.600s][debug][gc,phases      ] GC(21)     Total                          Min: 0, Avg:  0.0, Max: 0, Diff: 0, Sum: 0, Workers: 4
[91.600s][debug][gc,phases      ] GC(21)   StringDedup Requests1 Weak     Min:  0.0, Avg:  0.0, Max:  0.0, Diff:  0.0, Sum:  0.0, Workers: 4
[91.600s][debug][gc,phases      ] GC(21)     Dead                           Min: 0, Avg:  0.0, Max: 0, Diff: 0, Sum: 0, Workers: 4
[91.600s][debug][gc,phases      ] GC(21)     Total                          Min: 0, Avg:  0.0, Max: 0, Diff: 0, Sum: 0, Workers: 4
[91.600s][debug][gc,phases      ] GC(21)   Weak JFR Old Object Samples    Min:  0.0, Avg:  0.0, Max:  0.0, Diff:  0.0, Sum:  0.0, Workers: 4
[91.600s][debug][gc,phases      ] GC(21)     Dead                           Min: 0, Avg:  0.0, Max: 0, Diff: 0, Sum: 0, Workers: 4
[91.600s][debug][gc,phases      ] GC(21)     Total                          Min: 0, Avg:  0.0, Max: 0, Diff: 0, Sum: 0, Workers: 4
[91.600s][debug][gc,phases      ] GC(21) Weak Processing 0.339ms
[91.600s][debug][gc,age         ] GC(21) Desired survivor size 536870912 bytes, new threshold 1 (max threshold 15)
[91.600s][info ][gc,heap        ] GC(21) PSYoungGen: 1063120K(1572864K)->45552K(1572864K) Eden: 1048576K(1048576K)->0K(1048576K) From: 14544K(524288K)->45552K(524288K)
[91.600s][info ][gc,heap        ] GC(21) ParOldGen: 403802K(558080K)->417071K(558080K)
[91.600s][info ][gc,metaspace   ] GC(21) Metaspace: 79445K(80512K)->79445K(80512K) NonClass: 68082K(68672K)->68082K(68672K) Class: 11362K(11840K)->11362K(11840K)
[91.600s][info ][gc             ] GC(21) Pause Young (Allocation Failure) 1432M->451M(2081M) 30.379ms
[91.600s][info ][gc,cpu         ] GC(21) User=0.08s Sys=0.01s Real=0.03s
[91.600s][info ][safepoint      ] Safepoint "ParallelGCFailedAllocation", Time since last: 906042506 ns, Reaching safepoint: 146803 ns, At safepoint: 30460086 ns, Total: 30606889 ns
[92.601s][info ][safepoint      ] Safepoint "Cleanup", Time since last: 1000102034 ns, Reaching safepoint: 147803 ns, At safepoint: 5501 ns, Total: 153304 ns
[93.601s][info ][safepoint      ] Safepoint "Cleanup", Time since last: 1000125871 ns, Reaching safepoint: 147703 ns, At safepoint: 6600 ns, Total: 154303 ns
[94.601s][info ][safepoint      ] Safepoint "Cleanup", Time since last: 1000116771 ns, Reaching safepoint: 137503 ns, At safepoint: 5100 ns, Total: 142603 ns
[95.601s][info ][safepoint      ] Safepoint "Cleanup", Time since last: 1000108471 ns, Reaching safepoint: 136903 ns, At safepoint: 5300 ns, Total: 142203 ns
[96.602s][info ][safepoint      ] Safepoint "Cleanup", Time since last: 1000126871 ns, Reaching safepoint: 127403 ns, At safepoint: 8000 ns, Total: 135403 ns
[97.602s][info ][safepoint      ] Safepoint "Cleanup", Time since last: 1000107770 ns, Reaching safepoint: 129303 ns, At safepoint: 5401 ns, Total: 134704 ns
[98.602s][info ][safepoint      ] Safepoint "Cleanup", Time since last: 1000116070 ns, Reaching safepoint: 127703 ns, At safepoint: 7400 ns, Total: 135103 ns
[99.041s][info ][gc,start       ] GC(22) Pause Young (Allocation Failure)
[99.058s][debug][gc,phases      ] GC(22) Scavenge 16.796ms
[99.058s][debug][gc,ref         ] GC(22) Skipped phase 1 of Reference Processing: no references
[99.058s][debug][gc,ref         ] GC(22) ReferenceProcessor::execute queues: 1, RefProcThreadModel::Single, marks_oops_alive: false
[99.058s][debug][gc,ref         ] GC(22) Skipped phase 3 of Reference Processing: no references
[99.058s][debug][gc,ref         ] GC(22) ReferenceProcessor::execute queues: 1, RefProcThreadModel::Single, marks_oops_alive: false
[99.058s][debug][gc,phases      ] GC(22) Reference Processing 0.110ms
[99.058s][debug][gc,phases      ] GC(22)   VM Weak                        Min:  0.0, Avg:  0.0, Max:  0.0, Diff:  0.0, Sum:  0.0, Workers: 4
[99.058s][debug][gc,phases      ] GC(22)     Dead                           Min: 0, Avg:  0.0, Max: 0, Diff: 0, Sum: 0, Workers: 4
[99.058s][debug][gc,phases      ] GC(22)     Total                          Min: 0, Avg: 216.8, Max: 640, Diff: 640, Sum: 867, Workers: 4
[99.058s][debug][gc,phases      ] GC(22)   ObjectSynchronizer Weak        Min:  0.0, Avg:  0.0, Max:  0.0, Diff:  0.0, Sum:  0.0, Workers: 4
[99.058s][debug][gc,phases      ] GC(22)     Dead                           Min: 0, Avg:  0.0, Max: 0, Diff: 0, Sum: 0, Workers: 4
[99.058s][debug][gc,phases      ] GC(22)     Total                          Min: 0, Avg:  6.8, Max: 27, Diff: 27, Sum: 27, Workers: 4
[99.058s][debug][gc,phases      ] GC(22)   JVMTI Tag Weak OopStorage      Min:  0.0, Avg:  0.0, Max:  0.0, Diff:  0.0, Sum:  0.0, Workers: 4
[99.058s][debug][gc,phases      ] GC(22)     Dead                           Min: 0, Avg:  0.0, Max: 0, Diff: 0, Sum: 0, Workers: 4
[99.058s][debug][gc,phases      ] GC(22)     Total                          Min: 0, Avg:  0.0, Max: 0, Diff: 0, Sum: 0, Workers: 4
[99.058s][debug][gc,phases      ] GC(22)   StringTable Weak               Min:  0.0, Avg:  0.1, Max:  0.2, Diff:  0.2, Sum:  0.4, Workers: 4
[99.058s][debug][gc,phases      ] GC(22)     Dead                           Min: 0, Avg:  0.0, Max: 0, Diff: 0, Sum: 0, Workers: 4
[99.058s][debug][gc,phases      ] GC(22)     Total                          Min: 0, Avg: 10645.2, Max: 19797, Diff: 19797, Sum: 42581, Workers: 4
[99.058s][debug][gc,phases      ] GC(22)   ResolvedMethodTable Weak       Min:  0.0, Avg:  0.0, Max:  0.0, Diff:  0.0, Sum:  0.1, Workers: 4
[99.058s][debug][gc,phases      ] GC(22)     Dead                           Min: 0, Avg:  0.0, Max: 0, Diff: 0, Sum: 0, Workers: 4
[99.058s][debug][gc,phases      ] GC(22)     Total                          Min: 0, Avg: 2230.5, Max: 3200, Diff: 3200, Sum: 8922, Workers: 4
[99.058s][debug][gc,phases      ] GC(22)   JNI Weak                       Min:  0.0, Avg:  0.0, Max:  0.0, Diff:  0.0, Sum:  0.0, Workers: 4
[99.058s][debug][gc,phases      ] GC(22)     Dead                           Min: 0, Avg:  0.0, Max: 0, Diff: 0, Sum: 0, Workers: 4
[99.058s][debug][gc,phases      ] GC(22)     Total                          Min: 0, Avg: 11.2, Max: 45, Diff: 45, Sum: 45, Workers: 4
[99.058s][debug][gc,phases      ] GC(22)   StringDedup Table Weak         Min:  0.0, Avg:  0.0, Max:  0.0, Diff:  0.0, Sum:  0.0, Workers: 4
[99.058s][debug][gc,phases      ] GC(22)     Dead                           Min: 0, Avg:  0.0, Max: 0, Diff: 0, Sum: 0, Workers: 4
[99.058s][debug][gc,phases      ] GC(22)     Total                          Min: 0, Avg:  0.0, Max: 0, Diff: 0, Sum: 0, Workers: 4
[99.058s][debug][gc,phases      ] GC(22)   StringDedup Requests0 Weak     Min:  0.0, Avg:  0.0, Max:  0.0, Diff:  0.0, Sum:  0.0, Workers: 4
[99.058s][debug][gc,phases      ] GC(22)     Dead                           Min: 0, Avg:  0.0, Max: 0, Diff: 0, Sum: 0, Workers: 4
[99.058s][debug][gc,phases      ] GC(22)     Total                          Min: 0, Avg:  0.0, Max: 0, Diff: 0, Sum: 0, Workers: 4
[99.058s][debug][gc,phases      ] GC(22)   StringDedup Requests1 Weak     Min:  0.0, Avg:  0.0, Max:  0.0, Diff:  0.0, Sum:  0.0, Workers: 4
[99.058s][debug][gc,phases      ] GC(22)     Dead                           Min: 0, Avg:  0.0, Max: 0, Diff: 0, Sum: 0, Workers: 4
[99.058s][debug][gc,phases      ] GC(22)     Total                          Min: 0, Avg:  0.0, Max: 0, Diff: 0, Sum: 0, Workers: 4
[99.058s][debug][gc,phases      ] GC(22)   Weak JFR Old Object Samples    Min:  0.0, Avg:  0.0, Max:  0.0, Diff:  0.0, Sum:  0.0, Workers: 4
[99.058s][debug][gc,phases      ] GC(22)     Dead                           Min: 0, Avg:  0.0, Max: 0, Diff: 0, Sum: 0, Workers: 4
[99.058s][debug][gc,phases      ] GC(22)     Total                          Min: 0, Avg:  0.0, Max: 0, Diff: 0, Sum: 0, Workers: 4
[99.058s][debug][gc,phases      ] GC(22) Weak Processing 0.494ms
[99.058s][debug][gc,age         ] GC(22) Desired survivor size 534773760 bytes, new threshold 2 (max threshold 15)
[99.058s][info ][gc,heap        ] GC(22) PSYoungGen: 1094128K(1572864K)->5744K(1574912K) Eden: 1048576K(1048576K)->0K(1050624K) From: 45552K(524288K)->5744K(524288K)
[99.058s][info ][gc,heap        ] GC(22) ParOldGen: 417071K(558080K)->444823K(558080K)
[99.058s][info ][gc,metaspace   ] GC(22) Metaspace: 79470K(80576K)->79470K(80576K) NonClass: 68107K(68736K)->68107K(68736K) Class: 11363K(11840K)->11363K(11840K)
[99.058s][info ][gc             ] GC(22) Pause Young (Allocation Failure) 1475M->440M(2083M) 17.539ms
[99.058s][info ][gc,cpu         ] GC(22) User=0.04s Sys=0.01s Real=0.02s
[99.058s][info ][safepoint      ] Safepoint "ParallelGCFailedAllocation", Time since last: 438582986 ns, Reaching safepoint: 128003 ns, At safepoint: 17626301 ns, Total: 17754304 ns
[100.059s][info ][safepoint      ] Safepoint "Cleanup", Time since last: 1000072831 ns, Reaching safepoint: 119403 ns, At safepoint: 5700 ns, Total: 125103 ns
[101.059s][info ][safepoint      ] Safepoint "Cleanup", Time since last: 1000141543 ns, Reaching safepoint: 51101 ns, At safepoint: 3500 ns, Total: 54601 ns
[102.059s][info ][safepoint      ] Safepoint "Cleanup", Time since last: 1000137342 ns, Reaching safepoint: 56902 ns, At safepoint: 3400 ns, Total: 60302 ns
[103.059s][info ][safepoint      ] Safepoint "Cleanup", Time since last: 1000109642 ns, Reaching safepoint: 69301 ns, At safepoint: 5400 ns, Total: 74701 ns
[104.059s][info ][safepoint      ] Safepoint "Cleanup", Time since last: 1000127843 ns, Reaching safepoint: 151703 ns, At safepoint: 10200 ns, Total: 161903 ns
[105.538s][info ][safepoint      ] Safepoint "Cleanup", Time since last: 1477879159 ns, Reaching safepoint: 189404 ns, At safepoint: 6500 ns, Total: 195904 ns
[106.538s][info ][safepoint      ] Safepoint "Cleanup", Time since last: 1000119842 ns, Reaching safepoint: 165404 ns, At safepoint: 6000 ns, Total: 171404 ns
[107.538s][info ][safepoint      ] Safepoint "Cleanup", Time since last: 1000130842 ns, Reaching safepoint: 143104 ns, At safepoint: 6300 ns, Total: 149404 ns
[108.538s][info ][safepoint      ] Safepoint "Cleanup", Time since last: 1000128675 ns, Reaching safepoint: 155204 ns, At safepoint: 5000 ns, Total: 160204 ns
[108.644s][info ][gc,start       ] GC(23) Pause Young (Allocation Failure)
[108.649s][debug][gc,phases      ] GC(23) Scavenge 4.822ms
[108.649s][debug][gc,ref         ] GC(23) Skipped phase 1 of Reference Processing: no references
[108.649s][debug][gc,ref         ] GC(23) ReferenceProcessor::execute queues: 1, RefProcThreadModel::Single, marks_oops_alive: false
[108.649s][debug][gc,ref         ] GC(23) Skipped phase 3 of Reference Processing: no references
[108.649s][debug][gc,ref         ] GC(23) ReferenceProcessor::execute queues: 1, RefProcThreadModel::Single, marks_oops_alive: false
[108.649s][debug][gc,phases      ] GC(23) Reference Processing 0.119ms
[108.649s][debug][gc,phases      ] GC(23)   VM Weak                        Min:  0.0, Avg:  0.0, Max:  0.0, Diff:  0.0, Sum:  0.0, Workers: 4
[108.649s][debug][gc,phases      ] GC(23)     Dead                           Min: 0, Avg:  0.0, Max: 0, Diff: 0, Sum: 0, Workers: 4
[108.649s][debug][gc,phases      ] GC(23)     Total                          Min: 0, Avg: 218.0, Max: 640, Diff: 640, Sum: 872, Workers: 4
[108.649s][debug][gc,phases      ] GC(23)   ObjectSynchronizer Weak        Min:  0.0, Avg:  0.0, Max:  0.0, Diff:  0.0, Sum:  0.0, Workers: 4
[108.649s][debug][gc,phases      ] GC(23)     Dead                           Min: 0, Avg:  0.0, Max: 0, Diff: 0, Sum: 0, Workers: 4
[108.649s][debug][gc,phases      ] GC(23)     Total                          Min: 0, Avg:  6.8, Max: 27, Diff: 27, Sum: 27, Workers: 4
[108.649s][debug][gc,phases      ] GC(23)   JVMTI Tag Weak OopStorage      Min:  0.0, Avg:  0.0, Max:  0.0, Diff:  0.0, Sum:  0.0, Workers: 4
[108.649s][debug][gc,phases      ] GC(23)     Dead                           Min: 0, Avg:  0.0, Max: 0, Diff: 0, Sum: 0, Workers: 4
[108.649s][debug][gc,phases      ] GC(23)     Total                          Min: 0, Avg:  0.0, Max: 0, Diff: 0, Sum: 0, Workers: 4
[108.649s][debug][gc,phases      ] GC(23)   StringTable Weak               Min:  0.0, Avg:  0.1, Max:  0.1, Diff:  0.1, Sum:  0.4, Workers: 4
[108.649s][debug][gc,phases      ] GC(23)     Dead                           Min: 0, Avg:  0.5, Max: 2, Diff: 2, Sum: 2, Workers: 4
[108.649s][debug][gc,phases      ] GC(23)     Total                          Min: 0, Avg: 10656.2, Max: 15104, Diff: 15104, Sum: 42625, Workers: 4
[108.649s][debug][gc,phases      ] GC(23)   ResolvedMethodTable Weak       Min:  0.0, Avg:  0.0, Max:  0.0, Diff:  0.0, Sum:  0.1, Workers: 4
[108.649s][debug][gc,phases      ] GC(23)     Dead                           Min: 0, Avg:  0.0, Max: 0, Diff: 0, Sum: 0, Workers: 4
[108.649s][debug][gc,phases      ] GC(23)     Total                          Min: 0, Avg: 2238.8, Max: 3136, Diff: 3136, Sum: 8955, Workers: 4
[108.649s][debug][gc,phases      ] GC(23)   JNI Weak                       Min:  0.0, Avg:  0.0, Max:  0.0, Diff:  0.0, Sum:  0.0, Workers: 4
[108.649s][debug][gc,phases      ] GC(23)     Dead                           Min: 0, Avg:  0.0, Max: 0, Diff: 0, Sum: 0, Workers: 4
[108.649s][debug][gc,phases      ] GC(23)     Total                          Min: 0, Avg: 11.2, Max: 45, Diff: 45, Sum: 45, Workers: 4
[108.649s][debug][gc,phases      ] GC(23)   StringDedup Table Weak         Min:  0.0, Avg:  0.0, Max:  0.0, Diff:  0.0, Sum:  0.0, Workers: 4
[108.649s][debug][gc,phases      ] GC(23)     Dead                           Min: 0, Avg:  0.0, Max: 0, Diff: 0, Sum: 0, Workers: 4
[108.649s][debug][gc,phases      ] GC(23)     Total                          Min: 0, Avg:  0.0, Max: 0, Diff: 0, Sum: 0, Workers: 4
[108.649s][debug][gc,phases      ] GC(23)   StringDedup Requests0 Weak     Min:  0.0, Avg:  0.0, Max:  0.0, Diff:  0.0, Sum:  0.0, Workers: 4
[108.649s][debug][gc,phases      ] GC(23)     Dead                           Min: 0, Avg:  0.0, Max: 0, Diff: 0, Sum: 0, Workers: 4
[108.649s][debug][gc,phases      ] GC(23)     Total                          Min: 0, Avg:  0.0, Max: 0, Diff: 0, Sum: 0, Workers: 4
[108.649s][debug][gc,phases      ] GC(23)   StringDedup Requests1 Weak     Min:  0.0, Avg:  0.0, Max:  0.0, Diff:  0.0, Sum:  0.0, Workers: 4
[108.649s][debug][gc,phases      ] GC(23)     Dead                           Min: 0, Avg:  0.0, Max: 0, Diff: 0, Sum: 0, Workers: 4
[108.649s][debug][gc,phases      ] GC(23)     Total                          Min: 0, Avg:  0.0, Max: 0, Diff: 0, Sum: 0, Workers: 4
[108.649s][debug][gc,phases      ] GC(23)   Weak JFR Old Object Samples    Min:  0.0, Avg:  0.0, Max:  0.0, Diff:  0.0, Sum:  0.0, Workers: 4
[108.649s][debug][gc,phases      ] GC(23)     Dead                           Min: 0, Avg:  0.0, Max: 0, Diff: 0, Sum: 0, Workers: 4
[108.649s][debug][gc,phases      ] GC(23)     Total                          Min: 0, Avg:  0.0, Max: 0, Diff: 0, Sum: 0, Workers: 4
[108.649s][debug][gc,phases      ] GC(23) Weak Processing 0.373ms
[108.649s][debug][gc,age         ] GC(23) Desired survivor size 513277952 bytes, new threshold 3 (max threshold 15)
[108.649s][info ][gc,heap        ] GC(23) PSYoungGen: 1056368K(1574912K)->7088K(1572864K) Eden: 1050624K(1050624K)->0K(1050624K) From: 5744K(524288K)->7088K(522240K)
[108.649s][info ][gc,heap        ] GC(23) ParOldGen: 444823K(558080K)->444831K(558080K)
[108.649s][info ][gc,metaspace   ] GC(23) Metaspace: 79648K(80704K)->79648K(80704K) NonClass: 68261K(68864K)->68261K(68864K) Class: 11386K(11840K)->11386K(11840K)
[108.649s][info ][gc             ] GC(23) Pause Young (Allocation Failure) 1466M->441M(2081M) 5.444ms
[108.649s][info ][gc,cpu         ] GC(23) User=0.02s Sys=0.00s Real=0.00s
[108.649s][info ][safepoint      ] Safepoint "ParallelGCFailedAllocation", Time since last: 105334975 ns, Reaching safepoint: 124303 ns, At safepoint: 5526025 ns, Total: 5650328 ns
[109.650s][info ][safepoint      ] Safepoint "Cleanup", Time since last: 1000094355 ns, Reaching safepoint: 130803 ns, At safepoint: 6200 ns, Total: 137003 ns
[110.650s][info ][safepoint      ] Safepoint "Cleanup", Time since last: 1000122556 ns, Reaching safepoint: 133103 ns, At safepoint: 5200 ns, Total: 138303 ns
[112.650s][info ][safepoint      ] Safepoint "Cleanup", Time since last: 2000190210 ns, Reaching safepoint: 138703 ns, At safepoint: 6101 ns, Total: 144804 ns
[113.650s][info ][safepoint      ] Safepoint "Cleanup", Time since last: 1000111955 ns, Reaching safepoint: 124303 ns, At safepoint: 6700 ns, Total: 131003 ns
[114.651s][info ][safepoint      ] Safepoint "Cleanup", Time since last: 1000101455 ns, Reaching safepoint: 153504 ns, At safepoint: 4200 ns, Total: 157704 ns
[115.651s][info ][safepoint      ] Safepoint "Cleanup", Time since last: 1000126956 ns, Reaching safepoint: 122303 ns, At safepoint: 5800 ns, Total: 128103 ns
[116.651s][info ][safepoint      ] Safepoint "Cleanup", Time since last: 1000108605 ns, Reaching safepoint: 118603 ns, At safepoint: 8300 ns, Total: 126903 ns
[117.652s][info ][safepoint      ] Safepoint "Cleanup", Time since last: 1000130613 ns, Reaching safepoint: 125203 ns, At safepoint: 6400 ns, Total: 131603 ns
[118.261s][info ][gc,start       ] GC(24) Pause Young (Allocation Failure)
[118.266s][debug][gc,phases      ] GC(24) Scavenge 4.992ms
[118.266s][debug][gc,ref         ] GC(24) Skipped phase 1 of Reference Processing: no references
[118.266s][debug][gc,ref         ] GC(24) ReferenceProcessor::execute queues: 1, RefProcThreadModel::Single, marks_oops_alive: false
[118.266s][debug][gc,ref         ] GC(24) Skipped phase 3 of Reference Processing: no references
[118.266s][debug][gc,ref         ] GC(24) ReferenceProcessor::execute queues: 1, RefProcThreadModel::Single, marks_oops_alive: false
[118.266s][debug][gc,phases      ] GC(24) Reference Processing 0.125ms
[118.267s][debug][gc,phases      ] GC(24)   VM Weak                        Min:  0.0, Avg:  0.0, Max:  0.0, Diff:  0.0, Sum:  0.0, Workers: 4
[118.267s][debug][gc,phases      ] GC(24)     Dead                           Min: 0, Avg:  0.0, Max: 0, Diff: 0, Sum: 0, Workers: 4
[118.267s][debug][gc,phases      ] GC(24)     Total                          Min: 0, Avg: 218.2, Max: 873, Diff: 873, Sum: 873, Workers: 4
[118.267s][debug][gc,phases      ] GC(24)   ObjectSynchronizer Weak        Min:  0.0, Avg:  0.0, Max:  0.0, Diff:  0.0, Sum:  0.0, Workers: 4
[118.267s][debug][gc,phases      ] GC(24)     Dead                           Min: 0, Avg:  0.0, Max: 0, Diff: 0, Sum: 0, Workers: 4
[118.267s][debug][gc,phases      ] GC(24)     Total                          Min: 0, Avg:  6.8, Max: 27, Diff: 27, Sum: 27, Workers: 4
[118.267s][debug][gc,phases      ] GC(24)   JVMTI Tag Weak OopStorage      Min:  0.0, Avg:  0.0, Max:  0.0, Diff:  0.0, Sum:  0.0, Workers: 4
[118.267s][debug][gc,phases      ] GC(24)     Dead                           Min: 0, Avg:  0.0, Max: 0, Diff: 0, Sum: 0, Workers: 4
[118.267s][debug][gc,phases      ] GC(24)     Total                          Min: 0, Avg:  0.0, Max: 0, Diff: 0, Sum: 0, Workers: 4
[118.267s][debug][gc,phases      ] GC(24)   StringTable Weak               Min:  0.0, Avg:  0.1, Max:  0.1, Diff:  0.1, Sum:  0.4, Workers: 4
[118.267s][debug][gc,phases      ] GC(24)     Dead                           Min: 0, Avg:  0.5, Max: 2, Diff: 2, Sum: 2, Workers: 4
[118.267s][debug][gc,phases      ] GC(24)     Total                          Min: 0, Avg: 10665.5, Max: 15016, Diff: 15016, Sum: 42662, Workers: 4
[118.267s][debug][gc,phases      ] GC(24)   ResolvedMethodTable Weak       Min:  0.0, Avg:  0.0, Max:  0.0, Diff:  0.0, Sum:  0.1, Workers: 4
[118.267s][debug][gc,phases      ] GC(24)     Dead                           Min: 0, Avg:  0.0, Max: 0, Diff: 0, Sum: 0, Workers: 4
[118.267s][debug][gc,phases      ] GC(24)     Total                          Min: 0, Avg: 2248.0, Max: 3136, Diff: 3136, Sum: 8992, Workers: 4
[118.267s][debug][gc,phases      ] GC(24)   JNI Weak                       Min:  0.0, Avg:  0.0, Max:  0.0, Diff:  0.0, Sum:  0.0, Workers: 4
[118.267s][debug][gc,phases      ] GC(24)     Dead                           Min: 0, Avg:  0.0, Max: 0, Diff: 0, Sum: 0, Workers: 4
[118.267s][debug][gc,phases      ] GC(24)     Total                          Min: 0, Avg: 11.2, Max: 45, Diff: 45, Sum: 45, Workers: 4
[118.267s][debug][gc,phases      ] GC(24)   StringDedup Table Weak         Min:  0.0, Avg:  0.0, Max:  0.0, Diff:  0.0, Sum:  0.0, Workers: 4
[118.267s][debug][gc,phases      ] GC(24)     Dead                           Min: 0, Avg:  0.0, Max: 0, Diff: 0, Sum: 0, Workers: 4
[118.267s][debug][gc,phases      ] GC(24)     Total                          Min: 0, Avg:  0.0, Max: 0, Diff: 0, Sum: 0, Workers: 4
[118.267s][debug][gc,phases      ] GC(24)   StringDedup Requests0 Weak     Min:  0.0, Avg:  0.0, Max:  0.0, Diff:  0.0, Sum:  0.0, Workers: 4
[118.267s][debug][gc,phases      ] GC(24)     Dead                           Min: 0, Avg:  0.0, Max: 0, Diff: 0, Sum: 0, Workers: 4
[118.267s][debug][gc,phases      ] GC(24)     Total                          Min: 0, Avg:  0.0, Max: 0, Diff: 0, Sum: 0, Workers: 4
[118.267s][debug][gc,phases      ] GC(24)   StringDedup Requests1 Weak     Min:  0.0, Avg:  0.0, Max:  0.0, Diff:  0.0, Sum:  0.0, Workers: 4
[118.267s][debug][gc,phases      ] GC(24)     Dead                           Min: 0, Avg:  0.0, Max: 0, Diff: 0, Sum: 0, Workers: 4
[118.267s][debug][gc,phases      ] GC(24)     Total                          Min: 0, Avg:  0.0, Max: 0, Diff: 0, Sum: 0, Workers: 4
[118.267s][debug][gc,phases      ] GC(24)   Weak JFR Old Object Samples    Min:  0.0, Avg:  0.0, Max:  0.0, Diff:  0.0, Sum:  0.0, Workers: 4
[118.267s][debug][gc,phases      ] GC(24)     Dead                           Min: 0, Avg:  0.0, Max: 0, Diff: 0, Sum: 0, Workers: 4
[118.267s][debug][gc,phases      ] GC(24)     Total                          Min: 0, Avg:  0.0, Max: 0, Diff: 0, Sum: 0, Workers: 4
[118.267s][debug][gc,phases      ] GC(24) Weak Processing 0.354ms
[118.267s][debug][gc,age         ] GC(24) Desired survivor size 490733568 bytes, new threshold 4 (max threshold 15)
[118.267s][info ][gc,heap        ] GC(24) PSYoungGen: 1057712K(1572864K)->9158K(1617920K) Eden: 1050624K(1050624K)->0K(1116672K) From: 7088K(522240K)->9158K(501248K)
[118.267s][info ][gc,heap        ] GC(24) ParOldGen: 444831K(558080K)->444839K(558080K)
[118.267s][info ][gc,metaspace   ] GC(24) Metaspace: 79769K(80896K)->79769K(80896K) NonClass: 68368K(68992K)->68368K(68992K) Class: 11401K(11904K)->11401K(11904K)
[118.267s][info ][gc             ] GC(24) Pause Young (Allocation Failure) 1467M->443M(2125M) 5.598ms
[118.267s][info ][gc,cpu         ] GC(24) User=0.02s Sys=0.00s Real=0.01s
[118.267s][info ][safepoint      ] Safepoint "ParallelGCFailedAllocation", Time since last: 609499181 ns, Reaching safepoint: 151203 ns, At safepoint: 5678829 ns, Total: 5830032 ns
[119.267s][info ][safepoint      ] Safepoint "Cleanup", Time since last: 1000088412 ns, Reaching safepoint: 63101 ns, At safepoint: 2900 ns, Total: 66001 ns
[120.267s][info ][safepoint      ] Safepoint "Cleanup", Time since last: 1000109413 ns, Reaching safepoint: 55001 ns, At safepoint: 2900 ns, Total: 57901 ns
[121.632s][info ][safepoint      ] Safepoint "Cleanup", Time since last: 1364543152 ns, Reaching safepoint: 131103 ns, At safepoint: 6100 ns, Total: 137203 ns
[123.014s][info ][safepoint      ] Safepoint "Cleanup", Time since last: 1382158951 ns, Reaching safepoint: 52601 ns, At safepoint: 1900 ns, Total: 54501 ns
[124.014s][info ][safepoint      ] Safepoint "Cleanup", Time since last: 1000109651 ns, Reaching safepoint: 145203 ns, At safepoint: 5700 ns, Total: 150903 ns
[125.014s][info ][safepoint      ] Safepoint "Cleanup", Time since last: 1000091851 ns, Reaching safepoint: 60001 ns, At safepoint: 2500 ns, Total: 62501 ns
[126.015s][info ][safepoint      ] Safepoint "Cleanup", Time since last: 1000122952 ns, Reaching safepoint: 50101 ns, At safepoint: 3000 ns, Total: 53101 ns
[127.015s][info ][safepoint      ] Safepoint "Cleanup", Time since last: 1000111751 ns, Reaching safepoint: 68202 ns, At safepoint: 2700 ns, Total: 70902 ns
[128.015s][info ][safepoint      ] Safepoint "Cleanup", Time since last: 1000125451 ns, Reaching safepoint: 53701 ns, At safepoint: 5401 ns, Total: 59102 ns
[128.397s][info ][gc,start       ] GC(25) Pause Young (Allocation Failure)
[128.405s][debug][gc,phases      ] GC(25) Scavenge 8.827ms
[128.405s][debug][gc,ref         ] GC(25) Skipped phase 1 of Reference Processing: no references
[128.406s][debug][gc,ref         ] GC(25) ReferenceProcessor::execute queues: 1, RefProcThreadModel::Single, marks_oops_alive: false
[128.406s][debug][gc,ref         ] GC(25) Skipped phase 3 of Reference Processing: no references
[128.406s][debug][gc,ref         ] GC(25) ReferenceProcessor::execute queues: 1, RefProcThreadModel::Single, marks_oops_alive: false
[128.406s][debug][gc,phases      ] GC(25) Reference Processing 0.118ms
[128.406s][debug][gc,phases      ] GC(25)   VM Weak                        Min:  0.0, Avg:  0.0, Max:  0.0, Diff:  0.0, Sum:  0.0, Workers: 4
[128.406s][debug][gc,phases      ] GC(25)     Dead                           Min: 0, Avg:  0.0, Max: 0, Diff: 0, Sum: 0, Workers: 4
[128.406s][debug][gc,phases      ] GC(25)     Total                          Min: 0, Avg: 218.2, Max: 576, Diff: 576, Sum: 873, Workers: 4
[128.406s][debug][gc,phases      ] GC(25)   ObjectSynchronizer Weak        Min:  0.0, Avg:  0.0, Max:  0.0, Diff:  0.0, Sum:  0.0, Workers: 4
[128.406s][debug][gc,phases      ] GC(25)     Dead                           Min: 0, Avg:  0.0, Max: 0, Diff: 0, Sum: 0, Workers: 4
[128.406s][debug][gc,phases      ] GC(25)     Total                          Min: 0, Avg:  6.8, Max: 27, Diff: 27, Sum: 27, Workers: 4
[128.406s][debug][gc,phases      ] GC(25)   JVMTI Tag Weak OopStorage      Min:  0.0, Avg:  0.0, Max:  0.0, Diff:  0.0, Sum:  0.0, Workers: 4
[128.406s][debug][gc,phases      ] GC(25)     Dead                           Min: 0, Avg:  0.0, Max: 0, Diff: 0, Sum: 0, Workers: 4
[128.406s][debug][gc,phases      ] GC(25)     Total                          Min: 0, Avg:  0.0, Max: 0, Diff: 0, Sum: 0, Workers: 4
[128.406s][debug][gc,phases      ] GC(25)   StringTable Weak               Min:  0.0, Avg:  0.1, Max:  0.2, Diff:  0.2, Sum:  0.5, Workers: 4
[128.406s][debug][gc,phases      ] GC(25)     Dead                           Min: 0, Avg:  0.2, Max: 1, Diff: 1, Sum: 1, Workers: 4
[128.406s][debug][gc,phases      ] GC(25)     Total                          Min: 0, Avg: 10671.2, Max: 15359, Diff: 15359, Sum: 42685, Workers: 4
[128.406s][debug][gc,phases      ] GC(25)   ResolvedMethodTable Weak       Min:  0.0, Avg:  0.0, Max:  0.0, Diff:  0.0, Sum:  0.1, Workers: 4
[128.406s][debug][gc,phases      ] GC(25)     Dead                           Min: 0, Avg:  4.5, Max: 18, Diff: 18, Sum: 18, Workers: 4
[128.406s][debug][gc,phases      ] GC(25)     Total                          Min: 0, Avg: 2255.8, Max: 4672, Diff: 4672, Sum: 9023, Workers: 4
[128.406s][debug][gc,phases      ] GC(25)   JNI Weak                       Min:  0.0, Avg:  0.0, Max:  0.0, Diff:  0.0, Sum:  0.0, Workers: 4
[128.406s][debug][gc,phases      ] GC(25)     Dead                           Min: 0, Avg:  0.0, Max: 0, Diff: 0, Sum: 0, Workers: 4
[128.406s][debug][gc,phases      ] GC(25)     Total                          Min: 0, Avg: 11.2, Max: 45, Diff: 45, Sum: 45, Workers: 4
[128.406s][debug][gc,phases      ] GC(25)   StringDedup Table Weak         Min:  0.0, Avg:  0.0, Max:  0.0, Diff:  0.0, Sum:  0.0, Workers: 4
[128.406s][debug][gc,phases      ] GC(25)     Dead                           Min: 0, Avg:  0.0, Max: 0, Diff: 0, Sum: 0, Workers: 4
[128.406s][debug][gc,phases      ] GC(25)     Total                          Min: 0, Avg:  0.0, Max: 0, Diff: 0, Sum: 0, Workers: 4
[128.406s][debug][gc,phases      ] GC(25)   StringDedup Requests0 Weak     Min:  0.0, Avg:  0.0, Max:  0.0, Diff:  0.0, Sum:  0.0, Workers: 4
[128.406s][debug][gc,phases      ] GC(25)     Dead                           Min: 0, Avg:  0.0, Max: 0, Diff: 0, Sum: 0, Workers: 4
[128.406s][debug][gc,phases      ] GC(25)     Total                          Min: 0, Avg:  0.0, Max: 0, Diff: 0, Sum: 0, Workers: 4
[128.406s][debug][gc,phases      ] GC(25)   StringDedup Requests1 Weak     Min:  0.0, Avg:  0.0, Max:  0.0, Diff:  0.0, Sum:  0.0, Workers: 4
[128.406s][debug][gc,phases      ] GC(25)     Dead                           Min: 0, Avg:  0.0, Max: 0, Diff: 0, Sum: 0, Workers: 4
[128.406s][debug][gc,phases      ] GC(25)     Total                          Min: 0, Avg:  0.0, Max: 0, Diff: 0, Sum: 0, Workers: 4
[128.406s][debug][gc,phases      ] GC(25)   Weak JFR Old Object Samples    Min:  0.0, Avg:  0.0, Max:  0.0, Diff:  0.0, Sum:  0.0, Workers: 4
[128.406s][debug][gc,phases      ] GC(25)     Dead                           Min: 0, Avg:  0.0, Max: 0, Diff: 0, Sum: 0, Workers: 4
[128.406s][debug][gc,phases      ] GC(25)     Total                          Min: 0, Avg:  0.0, Max: 0, Diff: 0, Sum: 0, Workers: 4
[128.406s][debug][gc,phases      ] GC(25) Weak Processing 0.404ms
[128.406s][debug][gc,age         ] GC(25) Desired survivor size 467140608 bytes, new threshold 5 (max threshold 15)
[128.406s][info ][gc,heap        ] GC(25) PSYoungGen: 1125830K(1617920K)->10048K(1595904K) Eden: 1116672K(1116672K)->0K(1116672K) From: 9158K(501248K)->10048K(479232K)
[128.406s][info ][gc,heap        ] GC(25) ParOldGen: 444839K(558080K)->444839K(558080K)
[128.406s][info ][gc,metaspace   ] GC(25) Metaspace: 79882K(80960K)->79882K(80960K) NonClass: 68474K(69056K)->68474K(69056K) Class: 11407K(11904K)->11407K(11904K)
[128.406s][info ][gc             ] GC(25) Pause Young (Allocation Failure) 1533M->444M(2103M) 9.487ms
[128.406s][info ][gc,cpu         ] GC(25) User=0.01s Sys=0.01s Real=0.01s
[128.406s][info ][safepoint      ] Safepoint "ParallelGCFailedAllocation", Time since last: 381373223 ns, Reaching safepoint: 110002 ns, At safepoint: 9556114 ns, Total: 9666116 ns
[129.406s][info ][safepoint      ] Safepoint "Cleanup", Time since last: 1000085750 ns, Reaching safepoint: 108103 ns, At safepoint: 5900 ns, Total: 114003 ns
[130.407s][info ][safepoint      ] Safepoint "Cleanup", Time since last: 1000116451 ns, Reaching safepoint: 132903 ns, At safepoint: 7300 ns, Total: 140203 ns
[131.407s][info ][safepoint      ] Safepoint "Cleanup", Time since last: 1000110851 ns, Reaching safepoint: 136503 ns, At safepoint: 6101 ns, Total: 142604 ns
[132.729s][info ][safepoint      ] Safepoint "Cleanup", Time since last: 1322033940 ns, Reaching safepoint: 130003 ns, At safepoint: 5300 ns, Total: 135303 ns
[133.729s][info ][safepoint      ] Safepoint "Cleanup", Time since last: 1000130152 ns, Reaching safepoint: 49301 ns, At safepoint: 2800 ns, Total: 52101 ns
[134.729s][info ][safepoint      ] Safepoint "Cleanup", Time since last: 1000113651 ns, Reaching safepoint: 122003 ns, At safepoint: 8200 ns, Total: 130203 ns
[135.730s][info ][safepoint      ] Safepoint "Cleanup", Time since last: 1000119252 ns, Reaching safepoint: 130403 ns, At safepoint: 3300 ns, Total: 133703 ns
[136.730s][info ][safepoint      ] Safepoint "Cleanup", Time since last: 1000117351 ns, Reaching safepoint: 58802 ns, At safepoint: 10200 ns, Total: 69002 ns
[137.730s][info ][safepoint      ] Safepoint "Cleanup", Time since last: 1000141552 ns, Reaching safepoint: 64901 ns, At safepoint: 2900 ns, Total: 67801 ns
[138.640s][info ][gc,start       ] GC(26) Pause Young (Allocation Failure)
[138.647s][debug][gc,phases      ] GC(26) Scavenge 6.767ms
[138.647s][debug][gc,ref         ] GC(26) Skipped phase 1 of Reference Processing: no references
[138.647s][debug][gc,ref         ] GC(26) ReferenceProcessor::execute queues: 1, RefProcThreadModel::Single, marks_oops_alive: false
[138.647s][debug][gc,ref         ] GC(26) Skipped phase 3 of Reference Processing: no references
[138.647s][debug][gc,ref         ] GC(26) ReferenceProcessor::execute queues: 1, RefProcThreadModel::Single, marks_oops_alive: false
[138.647s][debug][gc,phases      ] GC(26) Reference Processing 0.115ms
[138.647s][debug][gc,phases      ] GC(26)   VM Weak                        Min:  0.0, Avg:  0.0, Max:  0.0, Diff:  0.0, Sum:  0.0, Workers: 4
[138.647s][debug][gc,phases      ] GC(26)     Dead                           Min: 0, Avg:  0.0, Max: 0, Diff: 0, Sum: 0, Workers: 4
[138.647s][debug][gc,phases      ] GC(26)     Total                          Min: 0, Avg: 218.2, Max: 617, Diff: 617, Sum: 873, Workers: 4
[138.647s][debug][gc,phases      ] GC(26)   ObjectSynchronizer Weak        Min:  0.0, Avg:  0.0, Max:  0.0, Diff:  0.0, Sum:  0.0, Workers: 4
[138.647s][debug][gc,phases      ] GC(26)     Dead                           Min: 0, Avg:  0.0, Max: 0, Diff: 0, Sum: 0, Workers: 4
[138.647s][debug][gc,phases      ] GC(26)     Total                          Min: 0, Avg:  6.8, Max: 27, Diff: 27, Sum: 27, Workers: 4
[138.647s][debug][gc,phases      ] GC(26)   JVMTI Tag Weak OopStorage      Min:  0.0, Avg:  0.0, Max:  0.0, Diff:  0.0, Sum:  0.0, Workers: 4
[138.647s][debug][gc,phases      ] GC(26)     Dead                           Min: 0, Avg:  0.0, Max: 0, Diff: 0, Sum: 0, Workers: 4
[138.647s][debug][gc,phases      ] GC(26)     Total                          Min: 0, Avg:  0.0, Max: 0, Diff: 0, Sum: 0, Workers: 4
[138.648s][debug][gc,phases      ] GC(26)   StringTable Weak               Min:  0.0, Avg:  0.1, Max:  0.1, Diff:  0.1, Sum:  0.4, Workers: 4
[138.648s][debug][gc,phases      ] GC(26)     Dead                           Min: 0, Avg:  0.0, Max: 0, Diff: 0, Sum: 0, Workers: 4
[138.648s][debug][gc,phases      ] GC(26)     Total                          Min: 0, Avg: 10676.8, Max: 15635, Diff: 15635, Sum: 42707, Workers: 4
[138.648s][debug][gc,phases      ] GC(26)   ResolvedMethodTable Weak       Min:  0.0, Avg:  0.0, Max:  0.0, Diff:  0.0, Sum:  0.1, Workers: 4
[138.648s][debug][gc,phases      ] GC(26)     Dead                           Min: 0, Avg:  4.0, Max: 16, Diff: 16, Sum: 16, Workers: 4
[138.648s][debug][gc,phases      ] GC(26)     Total                          Min: 0, Avg: 2260.2, Max: 3192, Diff: 3192, Sum: 9041, Workers: 4
[138.648s][debug][gc,phases      ] GC(26)   JNI Weak                       Min:  0.0, Avg:  0.0, Max:  0.0, Diff:  0.0, Sum:  0.0, Workers: 4
[138.648s][debug][gc,phases      ] GC(26)     Dead                           Min: 0, Avg:  0.0, Max: 0, Diff: 0, Sum: 0, Workers: 4
[138.648s][debug][gc,phases      ] GC(26)     Total                          Min: 0, Avg: 11.2, Max: 45, Diff: 45, Sum: 45, Workers: 4
[138.648s][debug][gc,phases      ] GC(26)   StringDedup Table Weak         Min:  0.0, Avg:  0.0, Max:  0.0, Diff:  0.0, Sum:  0.0, Workers: 4
[138.648s][debug][gc,phases      ] GC(26)     Dead                           Min: 0, Avg:  0.0, Max: 0, Diff: 0, Sum: 0, Workers: 4
[138.648s][debug][gc,phases      ] GC(26)     Total                          Min: 0, Avg:  0.0, Max: 0, Diff: 0, Sum: 0, Workers: 4
[138.648s][debug][gc,phases      ] GC(26)   StringDedup Requests0 Weak     Min:  0.0, Avg:  0.0, Max:  0.0, Diff:  0.0, Sum:  0.0, Workers: 4
[138.648s][debug][gc,phases      ] GC(26)     Dead                           Min: 0, Avg:  0.0, Max: 0, Diff: 0, Sum: 0, Workers: 4
[138.648s][debug][gc,phases      ] GC(26)     Total                          Min: 0, Avg:  0.0, Max: 0, Diff: 0, Sum: 0, Workers: 4
[138.648s][debug][gc,phases      ] GC(26)   StringDedup Requests1 Weak     Min:  0.0, Avg:  0.0, Max:  0.0, Diff:  0.0, Sum:  0.0, Workers: 4
[138.648s][debug][gc,phases      ] GC(26)     Dead                           Min: 0, Avg:  0.0, Max: 0, Diff: 0, Sum: 0, Workers: 4
[138.648s][debug][gc,phases      ] GC(26)     Total                          Min: 0, Avg:  0.0, Max: 0, Diff: 0, Sum: 0, Workers: 4
[138.648s][debug][gc,phases      ] GC(26)   Weak JFR Old Object Samples    Min:  0.0, Avg:  0.0, Max:  0.0, Diff:  0.0, Sum:  0.0, Workers: 4
[138.648s][debug][gc,phases      ] GC(26)     Dead                           Min: 0, Avg:  0.0, Max: 0, Diff: 0, Sum: 0, Workers: 4
[138.648s][debug][gc,phases      ] GC(26)     Total                          Min: 0, Avg:  0.0, Max: 0, Diff: 0, Sum: 0, Workers: 4
[138.648s][debug][gc,phases      ] GC(26) Weak Processing 0.362ms
[138.648s][debug][gc,age         ] GC(26) Desired survivor size 444071936 bytes, new threshold 6 (max threshold 15)
[138.648s][info ][gc,heap        ] GC(26) PSYoungGen: 1126720K(1595904K)->9376K(1663488K) Eden: 1116672K(1116672K)->0K(1207296K) From: 10048K(479232K)->9376K(456192K)
[138.648s][info ][gc,heap        ] GC(26) ParOldGen: 444839K(558080K)->444847K(558080K)
[138.648s][info ][gc,metaspace   ] GC(26) Metaspace: 79954K(81024K)->79954K(81024K) NonClass: 68542K(69120K)->68542K(69120K) Class: 11411K(11904K)->11411K(11904K)
[138.648s][info ][gc             ] GC(26) Pause Young (Allocation Failure) 1534M->443M(2169M) 7.387ms
[138.648s][info ][gc,cpu         ] GC(26) User=0.02s Sys=0.01s Real=0.01s
[138.648s][info ][safepoint      ] Safepoint "ParallelGCFailedAllocation", Time since last: 910069331 ns, Reaching safepoint: 157003 ns, At safepoint: 7468668 ns, Total: 7625671 ns
[140.648s][info ][safepoint      ] Safepoint "Cleanup", Time since last: 2000158538 ns, Reaching safepoint: 117002 ns, At safepoint: 5100 ns, Total: 122102 ns
[141.648s][info ][safepoint      ] Safepoint "Cleanup", Time since last: 1000116542 ns, Reaching safepoint: 127103 ns, At safepoint: 5700 ns, Total: 132803 ns
[142.648s][info ][safepoint      ] Safepoint "Cleanup", Time since last: 1000132443 ns, Reaching safepoint: 129703 ns, At safepoint: 5500 ns, Total: 135203 ns
[143.649s][info ][safepoint      ] Safepoint "Cleanup", Time since last: 1000157443 ns, Reaching safepoint: 124703 ns, At safepoint: 4900 ns, Total: 129603 ns
[144.649s][info ][safepoint      ] Safepoint "Cleanup", Time since last: 1000128342 ns, Reaching safepoint: 128703 ns, At safepoint: 6400 ns, Total: 135103 ns
[145.649s][info ][safepoint      ] Safepoint "Cleanup", Time since last: 1000127742 ns, Reaching safepoint: 114303 ns, At safepoint: 5300 ns, Total: 119603 ns
[146.650s][info ][safepoint      ] Safepoint "Cleanup", Time since last: 1000120542 ns, Reaching safepoint: 126203 ns, At safepoint: 5800 ns, Total: 132003 ns
[147.650s][info ][safepoint      ] Safepoint "Cleanup", Time since last: 1000115342 ns, Reaching safepoint: 143303 ns, At safepoint: 5901 ns, Total: 149204 ns
[148.650s][info ][safepoint      ] Safepoint "Cleanup", Time since last: 1000112321 ns, Reaching safepoint: 121502 ns, At safepoint: 6800 ns, Total: 128302 ns
[149.650s][info ][safepoint      ] Safepoint "Cleanup", Time since last: 1000120873 ns, Reaching safepoint: 132303 ns, At safepoint: 6800 ns, Total: 139103 ns
[150.582s][info ][gc,start       ] GC(27) Pause Young (Allocation Failure)
[150.595s][debug][gc,phases      ] GC(27) Scavenge 12.884ms
[150.595s][debug][gc,ref         ] GC(27) Skipped phase 1 of Reference Processing: no references
[150.595s][debug][gc,ref         ] GC(27) ReferenceProcessor::execute queues: 1, RefProcThreadModel::Single, marks_oops_alive: false
[150.595s][debug][gc,ref         ] GC(27) Skipped phase 3 of Reference Processing: no references
[150.595s][debug][gc,ref         ] GC(27) ReferenceProcessor::execute queues: 1, RefProcThreadModel::Single, marks_oops_alive: false
[150.595s][debug][gc,phases      ] GC(27) Reference Processing 0.116ms
[150.596s][debug][gc,phases      ] GC(27)   VM Weak                        Min:  0.0, Avg:  0.0, Max:  0.0, Diff:  0.0, Sum:  0.0, Workers: 4
[150.596s][debug][gc,phases      ] GC(27)     Dead                           Min: 0, Avg:  0.0, Max: 0, Diff: 0, Sum: 0, Workers: 4
[150.596s][debug][gc,phases      ] GC(27)     Total                          Min: 0, Avg: 218.2, Max: 512, Diff: 512, Sum: 873, Workers: 4
[150.596s][debug][gc,phases      ] GC(27)   ObjectSynchronizer Weak        Min:  0.0, Avg:  0.0, Max:  0.0, Diff:  0.0, Sum:  0.0, Workers: 4
[150.596s][debug][gc,phases      ] GC(27)     Dead                           Min: 0, Avg:  0.0, Max: 0, Diff: 0, Sum: 0, Workers: 4
[150.596s][debug][gc,phases      ] GC(27)     Total                          Min: 0, Avg:  6.8, Max: 27, Diff: 27, Sum: 27, Workers: 4
[150.596s][debug][gc,phases      ] GC(27)   JVMTI Tag Weak OopStorage      Min:  0.0, Avg:  0.0, Max:  0.0, Diff:  0.0, Sum:  0.0, Workers: 4
[150.596s][debug][gc,phases      ] GC(27)     Dead                           Min: 0, Avg:  0.0, Max: 0, Diff: 0, Sum: 0, Workers: 4
[150.596s][debug][gc,phases      ] GC(27)     Total                          Min: 0, Avg:  0.0, Max: 0, Diff: 0, Sum: 0, Workers: 4
[150.596s][debug][gc,phases      ] GC(27)   StringTable Weak               Min:  0.0, Avg:  0.1, Max:  0.1, Diff:  0.1, Sum:  0.4, Workers: 4
[150.596s][debug][gc,phases      ] GC(27)     Dead                           Min: 0, Avg:  0.0, Max: 0, Diff: 0, Sum: 0, Workers: 4
[150.596s][debug][gc,phases      ] GC(27)     Total                          Min: 0, Avg: 10676.8, Max: 15808, Diff: 15808, Sum: 42707, Workers: 4
[150.596s][debug][gc,phases      ] GC(27)   ResolvedMethodTable Weak       Min:  0.0, Avg:  0.0, Max:  0.0, Diff:  0.0, Sum:  0.1, Workers: 4
[150.596s][debug][gc,phases      ] GC(27)     Dead                           Min: 0, Avg:  0.0, Max: 0, Diff: 0, Sum: 0, Workers: 4
[150.596s][debug][gc,phases      ] GC(27)     Total                          Min: 0, Avg: 2260.2, Max: 3256, Diff: 3256, Sum: 9041, Workers: 4
[150.596s][debug][gc,phases      ] GC(27)   JNI Weak                       Min:  0.0, Avg:  0.0, Max:  0.0, Diff:  0.0, Sum:  0.0, Workers: 4
[150.596s][debug][gc,phases      ] GC(27)     Dead                           Min: 0, Avg:  0.0, Max: 0, Diff: 0, Sum: 0, Workers: 4
[150.596s][debug][gc,phases      ] GC(27)     Total                          Min: 0, Avg: 11.2, Max: 45, Diff: 45, Sum: 45, Workers: 4
[150.596s][debug][gc,phases      ] GC(27)   StringDedup Table Weak         Min:  0.0, Avg:  0.0, Max:  0.0, Diff:  0.0, Sum:  0.0, Workers: 4
[150.596s][debug][gc,phases      ] GC(27)     Dead                           Min: 0, Avg:  0.0, Max: 0, Diff: 0, Sum: 0, Workers: 4
[150.596s][debug][gc,phases      ] GC(27)     Total                          Min: 0, Avg:  0.0, Max: 0, Diff: 0, Sum: 0, Workers: 4
[150.596s][debug][gc,phases      ] GC(27)   StringDedup Requests0 Weak     Min:  0.0, Avg:  0.0, Max:  0.0, Diff:  0.0, Sum:  0.0, Workers: 4
[150.596s][debug][gc,phases      ] GC(27)     Dead                           Min: 0, Avg:  0.0, Max: 0, Diff: 0, Sum: 0, Workers: 4
[150.596s][debug][gc,phases      ] GC(27)     Total                          Min: 0, Avg:  0.0, Max: 0, Diff: 0, Sum: 0, Workers: 4
[150.596s][debug][gc,phases      ] GC(27)   StringDedup Requests1 Weak     Min:  0.0, Avg:  0.0, Max:  0.0, Diff:  0.0, Sum:  0.0, Workers: 4
[150.596s][debug][gc,phases      ] GC(27)     Dead                           Min: 0, Avg:  0.0, Max: 0, Diff: 0, Sum: 0, Workers: 4
[150.596s][debug][gc,phases      ] GC(27)     Total                          Min: 0, Avg:  0.0, Max: 0, Diff: 0, Sum: 0, Workers: 4
[150.596s][debug][gc,phases      ] GC(27)   Weak JFR Old Object Samples    Min:  0.0, Avg:  0.0, Max:  0.0, Diff:  0.0, Sum:  0.0, Workers: 4
[150.596s][debug][gc,phases      ] GC(27)     Dead                           Min: 0, Avg:  0.0, Max: 0, Diff: 0, Sum: 0, Workers: 4
[150.596s][debug][gc,phases      ] GC(27)     Total                          Min: 0, Avg:  0.0, Max: 0, Diff: 0, Sum: 0, Workers: 4
[150.596s][debug][gc,phases      ] GC(27) Weak Processing 0.357ms
[150.596s][debug][gc,age         ] GC(27) Desired survivor size 420478976 bytes, new threshold 7 (max threshold 15)
[150.596s][info ][gc,heap        ] GC(27) PSYoungGen: 1216672K(1663488K)->9840K(1640960K) Eden: 1207296K(1207296K)->0K(1207296K) From: 9376K(456192K)->9840K(433664K)
[150.596s][info ][gc,heap        ] GC(27) ParOldGen: 444847K(558080K)->444855K(558080K)
[150.596s][info ][gc,metaspace   ] GC(27) Metaspace: 79986K(81088K)->79986K(81088K) NonClass: 68574K(69184K)->68574K(69184K) Class: 11411K(11904K)->11411K(11904K)
[150.596s][info ][gc             ] GC(27) Pause Young (Allocation Failure) 1622M->444M(2147M) 13.535ms
[150.596s][info ][gc,cpu         ] GC(27) User=0.03s Sys=0.00s Real=0.02s
[150.596s][info ][safepoint      ] Safepoint "ParallelGCFailedAllocation", Time since last: 931880339 ns, Reaching safepoint: 38201 ns, At safepoint: 13611706 ns, Total: 13649907 ns
[151.596s][info ][safepoint      ] Safepoint "Cleanup", Time since last: 1000084171 ns, Reaching safepoint: 118203 ns, At safepoint: 5200 ns, Total: 123403 ns
[152.596s][info ][safepoint      ] Safepoint "Cleanup", Time since last: 1000121572 ns, Reaching safepoint: 141004 ns, At safepoint: 6000 ns, Total: 147004 ns
[153.597s][info ][safepoint      ] Safepoint "Cleanup", Time since last: 1000123072 ns, Reaching safepoint: 130603 ns, At safepoint: 6700 ns, Total: 137303 ns
[154.597s][info ][safepoint      ] Safepoint "Cleanup", Time since last: 1000110072 ns, Reaching safepoint: 113003 ns, At safepoint: 8700 ns, Total: 121703 ns
[155.597s][info ][safepoint      ] Safepoint "Cleanup", Time since last: 1000125973 ns, Reaching safepoint: 144403 ns, At safepoint: 7200 ns, Total: 151603 ns
[156.597s][info ][safepoint      ] Safepoint "Cleanup", Time since last: 1000132523 ns, Reaching safepoint: 124503 ns, At safepoint: 4800 ns, Total: 129303 ns
[157.598s][info ][safepoint      ] Safepoint "Cleanup", Time since last: 1000105536 ns, Reaching safepoint: 111402 ns, At safepoint: 4700 ns, Total: 116102 ns
[158.181s][info ][gc,start       ] GC(28) Pause Young (Allocation Failure)
[158.201s][debug][gc,phases      ] GC(28) Scavenge 19.265ms
[158.201s][debug][gc,ref         ] GC(28) Skipped phase 1 of Reference Processing: no references
[158.201s][debug][gc,ref         ] GC(28) ReferenceProcessor::execute queues: 1, RefProcThreadModel::Single, marks_oops_alive: false
[158.201s][debug][gc,ref         ] GC(28) Skipped phase 3 of Reference Processing: no references
[158.201s][debug][gc,ref         ] GC(28) ReferenceProcessor::execute queues: 1, RefProcThreadModel::Single, marks_oops_alive: false
[158.201s][debug][gc,phases      ] GC(28) Reference Processing 0.176ms
[158.201s][debug][gc,phases      ] GC(28)   VM Weak                        Min:  0.0, Avg:  0.0, Max:  0.0, Diff:  0.0, Sum:  0.0, Workers: 4
[158.201s][debug][gc,phases      ] GC(28)     Dead                           Min: 0, Avg:  0.0, Max: 0, Diff: 0, Sum: 0, Workers: 4
[158.201s][debug][gc,phases      ] GC(28)     Total                          Min: 0, Avg: 220.2, Max: 561, Diff: 561, Sum: 881, Workers: 4
[158.201s][debug][gc,phases      ] GC(28)   ObjectSynchronizer Weak        Min:  0.0, Avg:  0.0, Max:  0.0, Diff:  0.0, Sum:  0.0, Workers: 4
[158.201s][debug][gc,phases      ] GC(28)     Dead                           Min: 0, Avg:  0.0, Max: 0, Diff: 0, Sum: 0, Workers: 4
[158.201s][debug][gc,phases      ] GC(28)     Total                          Min: 0, Avg:  7.2, Max: 29, Diff: 29, Sum: 29, Workers: 4
[158.201s][debug][gc,phases      ] GC(28)   JVMTI Tag Weak OopStorage      Min:  0.0, Avg:  0.0, Max:  0.0, Diff:  0.0, Sum:  0.0, Workers: 4
[158.201s][debug][gc,phases      ] GC(28)     Dead                           Min: 0, Avg:  0.0, Max: 0, Diff: 0, Sum: 0, Workers: 4
[158.201s][debug][gc,phases      ] GC(28)     Total                          Min: 0, Avg:  0.0, Max: 0, Diff: 0, Sum: 0, Workers: 4
[158.201s][debug][gc,phases      ] GC(28)   StringTable Weak               Min:  0.0, Avg:  0.1, Max:  0.2, Diff:  0.2, Sum:  0.4, Workers: 4
[158.201s][debug][gc,phases      ] GC(28)     Dead                           Min: 0, Avg:  0.2, Max: 1, Diff: 1, Sum: 1, Workers: 4
[158.201s][debug][gc,phases      ] GC(28)     Total                          Min: 0, Avg: 10679.0, Max: 19007, Diff: 19007, Sum: 42716, Workers: 4
[158.201s][debug][gc,phases      ] GC(28)   ResolvedMethodTable Weak       Min:  0.0, Avg:  0.0, Max:  0.0, Diff:  0.0, Sum:  0.1, Workers: 4
[158.201s][debug][gc,phases      ] GC(28)     Dead                           Min: 0, Avg:  0.0, Max: 0, Diff: 0, Sum: 0, Workers: 4
[158.201s][debug][gc,phases      ] GC(28)     Total                          Min: 0, Avg: 2267.8, Max: 3063, Diff: 3063, Sum: 9071, Workers: 4
[158.201s][debug][gc,phases      ] GC(28)   JNI Weak                       Min:  0.0, Avg:  0.0, Max:  0.0, Diff:  0.0, Sum:  0.0, Workers: 4
[158.201s][debug][gc,phases      ] GC(28)     Dead                           Min: 0, Avg:  0.0, Max: 0, Diff: 0, Sum: 0, Workers: 4
[158.201s][debug][gc,phases      ] GC(28)     Total                          Min: 0, Avg: 11.2, Max: 45, Diff: 45, Sum: 45, Workers: 4
[158.201s][debug][gc,phases      ] GC(28)   StringDedup Table Weak         Min:  0.0, Avg:  0.0, Max:  0.0, Diff:  0.0, Sum:  0.0, Workers: 4
[158.201s][debug][gc,phases      ] GC(28)     Dead                           Min: 0, Avg:  0.0, Max: 0, Diff: 0, Sum: 0, Workers: 4
[158.201s][debug][gc,phases      ] GC(28)     Total                          Min: 0, Avg:  0.0, Max: 0, Diff: 0, Sum: 0, Workers: 4
[158.201s][debug][gc,phases      ] GC(28)   StringDedup Requests0 Weak     Min:  0.0, Avg:  0.0, Max:  0.0, Diff:  0.0, Sum:  0.0, Workers: 4
[158.201s][debug][gc,phases      ] GC(28)     Dead                           Min: 0, Avg:  0.0, Max: 0, Diff: 0, Sum: 0, Workers: 4
[158.201s][debug][gc,phases      ] GC(28)     Total                          Min: 0, Avg:  0.0, Max: 0, Diff: 0, Sum: 0, Workers: 4
[158.201s][debug][gc,phases      ] GC(28)   StringDedup Requests1 Weak     Min:  0.0, Avg:  0.0, Max:  0.0, Diff:  0.0, Sum:  0.0, Workers: 4
[158.201s][debug][gc,phases      ] GC(28)     Dead                           Min: 0, Avg:  0.0, Max: 0, Diff: 0, Sum: 0, Workers: 4
[158.201s][debug][gc,phases      ] GC(28)     Total                          Min: 0, Avg:  0.0, Max: 0, Diff: 0, Sum: 0, Workers: 4
[158.201s][debug][gc,phases      ] GC(28)   Weak JFR Old Object Samples    Min:  0.0, Avg:  0.0, Max:  0.0, Diff:  0.0, Sum:  0.0, Workers: 4
[158.201s][debug][gc,phases      ] GC(28)     Dead                           Min: 0, Avg:  0.0, Max: 0, Diff: 0, Sum: 0, Workers: 4
[158.201s][debug][gc,phases      ] GC(28)     Total                          Min: 0, Avg:  0.0, Max: 0, Diff: 0, Sum: 0, Workers: 4
[158.201s][debug][gc,phases      ] GC(28) Weak Processing 0.410ms
[158.201s][debug][gc,age         ] GC(28) Desired survivor size 395313152 bytes, new threshold 8 (max threshold 15)
[158.201s][info ][gc,heap        ] GC(28) PSYoungGen: 1217136K(1640960K)->21552K(1711104K) Eden: 1207296K(1207296K)->0K(1300480K) From: 9840K(433664K)->21552K(410624K)
[158.201s][info ][gc,heap        ] GC(28) ParOldGen: 444855K(558080K)->444855K(558080K)
[158.201s][info ][gc,metaspace   ] GC(28) Metaspace: 80051K(81088K)->80051K(81088K) NonClass: 68630K(69184K)->68630K(69184K) Class: 11420K(11904K)->11420K(11904K)
[158.201s][info ][gc             ] GC(28) Pause Young (Allocation Failure) 1623M->455M(2216M) 20.005ms
[158.201s][info ][gc,cpu         ] GC(28) User=0.04s Sys=0.00s Real=0.02s
[158.202s][info ][safepoint      ] Safepoint "ParallelGCFailedAllocation", Time since last: 583803856 ns, Reaching safepoint: 45701 ns, At safepoint: 20090852 ns, Total: 20136553 ns
[159.407s][info ][safepoint      ] Safepoint "Cleanup", Time since last: 1205704869 ns, Reaching safepoint: 162704 ns, At safepoint: 7500 ns, Total: 170204 ns
[160.408s][info ][safepoint      ] Safepoint "Cleanup", Time since last: 1000254839 ns, Reaching safepoint: 168504 ns, At safepoint: 8700 ns, Total: 177204 ns
[161.408s][info ][safepoint      ] Safepoint "Cleanup", Time since last: 1000116536 ns, Reaching safepoint: 131903 ns, At safepoint: 5201 ns, Total: 137104 ns
[162.408s][info ][safepoint      ] Safepoint "Cleanup", Time since last: 1000107136 ns, Reaching safepoint: 121402 ns, At safepoint: 5200 ns, Total: 126602 ns
[163.409s][info ][safepoint      ] Safepoint "Cleanup", Time since last: 1000111836 ns, Reaching safepoint: 118503 ns, At safepoint: 5800 ns, Total: 124303 ns
[164.409s][info ][safepoint      ] Safepoint "Cleanup", Time since last: 1000119370 ns, Reaching safepoint: 59901 ns, At safepoint: 7301 ns, Total: 67202 ns
[165.409s][info ][safepoint      ] Safepoint "Cleanup", Time since last: 1000125215 ns, Reaching safepoint: 124902 ns, At safepoint: 5100 ns, Total: 130002 ns
[166.409s][info ][safepoint      ] Safepoint "Cleanup", Time since last: 1000115815 ns, Reaching safepoint: 46601 ns, At safepoint: 3200 ns, Total: 49801 ns
[167.409s][info ][safepoint      ] Safepoint "Cleanup", Time since last: 1000106715 ns, Reaching safepoint: 60801 ns, At safepoint: 7801 ns, Total: 68602 ns
[168.410s][info ][safepoint      ] Safepoint "Cleanup", Time since last: 1000110014 ns, Reaching safepoint: 108103 ns, At safepoint: 3200 ns, Total: 111303 ns
[169.410s][info ][safepoint      ] Safepoint "Cleanup", Time since last: 1000105414 ns, Reaching safepoint: 42601 ns, At safepoint: 4500 ns, Total: 47101 ns
[169.864s][info ][gc,start       ] GC(29) Pause Young (Allocation Failure)
[169.878s][debug][gc,phases      ] GC(29) Scavenge 13.748ms
[169.878s][debug][gc,ref         ] GC(29) Skipped phase 1 of Reference Processing: no references
[169.878s][debug][gc,ref         ] GC(29) ReferenceProcessor::execute queues: 1, RefProcThreadModel::Single, marks_oops_alive: false
[169.878s][debug][gc,ref         ] GC(29) Skipped phase 3 of Reference Processing: no references
[169.878s][debug][gc,ref         ] GC(29) ReferenceProcessor::execute queues: 1, RefProcThreadModel::Single, marks_oops_alive: false
[169.878s][debug][gc,phases      ] GC(29) Reference Processing 0.143ms
[169.879s][debug][gc,phases      ] GC(29)   VM Weak                        Min:  0.0, Avg:  0.0, Max:  0.0, Diff:  0.0, Sum:  0.0, Workers: 4
[169.879s][debug][gc,phases      ] GC(29)     Dead                           Min: 0, Avg:  0.0, Max: 0, Diff: 0, Sum: 0, Workers: 4
[169.879s][debug][gc,phases      ] GC(29)     Total                          Min: 0, Avg: 220.2, Max: 448, Diff: 448, Sum: 881, Workers: 4
[169.879s][debug][gc,phases      ] GC(29)   ObjectSynchronizer Weak        Min:  0.0, Avg:  0.0, Max:  0.0, Diff:  0.0, Sum:  0.0, Workers: 4
[169.879s][debug][gc,phases      ] GC(29)     Dead                           Min: 0, Avg:  0.0, Max: 0, Diff: 0, Sum: 0, Workers: 4
[169.879s][debug][gc,phases      ] GC(29)     Total                          Min: 0, Avg:  7.2, Max: 29, Diff: 29, Sum: 29, Workers: 4
[169.879s][debug][gc,phases      ] GC(29)   JVMTI Tag Weak OopStorage      Min:  0.0, Avg:  0.0, Max:  0.0, Diff:  0.0, Sum:  0.0, Workers: 4
[169.879s][debug][gc,phases      ] GC(29)     Dead                           Min: 0, Avg:  0.0, Max: 0, Diff: 0, Sum: 0, Workers: 4
[169.879s][debug][gc,phases      ] GC(29)     Total                          Min: 0, Avg:  0.0, Max: 0, Diff: 0, Sum: 0, Workers: 4
[169.879s][debug][gc,phases      ] GC(29)   StringTable Weak               Min:  0.0, Avg:  0.1, Max:  0.2, Diff:  0.2, Sum:  0.4, Workers: 4
[169.879s][debug][gc,phases      ] GC(29)     Dead                           Min: 0, Avg:  0.0, Max: 0, Diff: 0, Sum: 0, Workers: 4
[169.879s][debug][gc,phases      ] GC(29)     Total                          Min: 0, Avg: 10679.8, Max: 18048, Diff: 18048, Sum: 42719, Workers: 4
[169.879s][debug][gc,phases      ] GC(29)   ResolvedMethodTable Weak       Min:  0.0, Avg:  0.0, Max:  0.0, Diff:  0.0, Sum:  0.1, Workers: 4
[169.879s][debug][gc,phases      ] GC(29)     Dead                           Min: 0, Avg:  0.0, Max: 0, Diff: 0, Sum: 0, Workers: 4
[169.879s][debug][gc,phases      ] GC(29)     Total                          Min: 0, Avg: 2269.5, Max: 3264, Diff: 3264, Sum: 9078, Workers: 4
[169.879s][debug][gc,phases      ] GC(29)   JNI Weak                       Min:  0.0, Avg:  0.0, Max:  0.0, Diff:  0.0, Sum:  0.0, Workers: 4
[169.879s][debug][gc,phases      ] GC(29)     Dead                           Min: 0, Avg:  0.0, Max: 0, Diff: 0, Sum: 0, Workers: 4
[169.879s][debug][gc,phases      ] GC(29)     Total                          Min: 0, Avg: 11.2, Max: 45, Diff: 45, Sum: 45, Workers: 4
[169.879s][debug][gc,phases      ] GC(29)   StringDedup Table Weak         Min:  0.0, Avg:  0.0, Max:  0.0, Diff:  0.0, Sum:  0.0, Workers: 4
[169.879s][debug][gc,phases      ] GC(29)     Dead                           Min: 0, Avg:  0.0, Max: 0, Diff: 0, Sum: 0, Workers: 4
[169.879s][debug][gc,phases      ] GC(29)     Total                          Min: 0, Avg:  0.0, Max: 0, Diff: 0, Sum: 0, Workers: 4
[169.879s][debug][gc,phases      ] GC(29)   StringDedup Requests0 Weak     Min:  0.0, Avg:  0.0, Max:  0.0, Diff:  0.0, Sum:  0.0, Workers: 4
[169.879s][debug][gc,phases      ] GC(29)     Dead                           Min: 0, Avg:  0.0, Max: 0, Diff: 0, Sum: 0, Workers: 4
[169.879s][debug][gc,phases      ] GC(29)     Total                          Min: 0, Avg:  0.0, Max: 0, Diff: 0, Sum: 0, Workers: 4
[169.879s][debug][gc,phases      ] GC(29)   StringDedup Requests1 Weak     Min:  0.0, Avg:  0.0, Max:  0.0, Diff:  0.0, Sum:  0.0, Workers: 4
[169.879s][debug][gc,phases      ] GC(29)     Dead                           Min: 0, Avg:  0.0, Max: 0, Diff: 0, Sum: 0, Workers: 4
[169.879s][debug][gc,phases      ] GC(29)     Total                          Min: 0, Avg:  0.0, Max: 0, Diff: 0, Sum: 0, Workers: 4
[169.879s][debug][gc,phases      ] GC(29)   Weak JFR Old Object Samples    Min:  0.0, Avg:  0.0, Max:  0.0, Diff:  0.0, Sum:  0.0, Workers: 4
[169.879s][debug][gc,phases      ] GC(29)     Dead                           Min: 0, Avg:  0.0, Max: 0, Diff: 0, Sum: 0, Workers: 4
[169.879s][debug][gc,phases      ] GC(29)     Total                          Min: 0, Avg:  0.0, Max: 0, Diff: 0, Sum: 0, Workers: 4
[169.879s][debug][gc,phases      ] GC(29) Weak Processing 0.400ms
[169.879s][debug][gc,age         ] GC(29) Desired survivor size 371195904 bytes, new threshold 9 (max threshold 15)
[169.879s][info ][gc,heap        ] GC(29) PSYoungGen: 1322032K(1711104K)->22096K(1686528K) Eden: 1300480K(1300480K)->0K(1300480K) From: 21552K(410624K)->22096K(386048K)
[169.879s][info ][gc,heap        ] GC(29) ParOldGen: 444855K(558080K)->444863K(558080K)
[169.879s][info ][gc,metaspace   ] GC(29) Metaspace: 80092K(81152K)->80092K(81152K) NonClass: 68669K(69248K)->68669K(69248K) Class: 11422K(11904K)->11422K(11904K)
[169.879s][info ][gc             ] GC(29) Pause Young (Allocation Failure) 1725M->456M(2192M) 14.428ms
[169.879s][info ][gc,cpu         ] GC(29) User=0.04s Sys=0.00s Real=0.01s
[169.879s][info ][safepoint      ] Safepoint "ParallelGCFailedAllocation", Time since last: 454484359 ns, Reaching safepoint: 119803 ns, At safepoint: 14505718 ns, Total: 14625521 ns
[170.879s][info ][safepoint      ] Safepoint "Cleanup", Time since last: 1000095014 ns, Reaching safepoint: 138503 ns, At safepoint: 6300 ns, Total: 144803 ns
[171.879s][info ][safepoint      ] Safepoint "Cleanup", Time since last: 1000137448 ns, Reaching safepoint: 102202 ns, At safepoint: 6901 ns, Total: 109103 ns
[172.880s][info ][safepoint      ] Safepoint "Cleanup", Time since last: 1000158935 ns, Reaching safepoint: 63701 ns, At safepoint: 6200 ns, Total: 69901 ns
[173.880s][info ][safepoint      ] Safepoint "Cleanup", Time since last: 1000126435 ns, Reaching safepoint: 69801 ns, At safepoint: 5600 ns, Total: 75401 ns
[174.880s][info ][safepoint      ] Safepoint "Cleanup", Time since last: 1000135635 ns, Reaching safepoint: 66502 ns, At safepoint: 2900 ns, Total: 69402 ns
[175.880s][info ][safepoint      ] Safepoint "Cleanup", Time since last: 1000124434 ns, Reaching safepoint: 112203 ns, At safepoint: 6100 ns, Total: 118303 ns
[176.880s][info ][safepoint      ] Safepoint "Cleanup", Time since last: 1000115034 ns, Reaching safepoint: 60701 ns, At safepoint: 2800 ns, Total: 63501 ns
[178.314s][info ][safepoint      ] Safepoint "Cleanup", Time since last: 1433178592 ns, Reaching safepoint: 77102 ns, At safepoint: 2500 ns, Total: 79602 ns
[179.314s][info ][safepoint      ] Safepoint "Cleanup", Time since last: 1000109934 ns, Reaching safepoint: 56301 ns, At safepoint: 6400 ns, Total: 62701 ns
[180.314s][info ][safepoint      ] Safepoint "Cleanup", Time since last: 1000110547 ns, Reaching safepoint: 44501 ns, At safepoint: 8500 ns, Total: 53001 ns
[181.413s][info ][safepoint      ] Safepoint "Cleanup", Time since last: 1098786927 ns, Reaching safepoint: 54202 ns, At safepoint: 2900 ns, Total: 57102 ns
[182.413s][info ][safepoint      ] Safepoint "Cleanup", Time since last: 1000114942 ns, Reaching safepoint: 128603 ns, At safepoint: 7400 ns, Total: 136003 ns
[182.640s][info ][gc,start       ] GC(30) Pause Young (Allocation Failure)
[182.648s][debug][gc,phases      ] GC(30) Scavenge 8.300ms
[182.649s][debug][gc,ref         ] GC(30) Skipped phase 1 of Reference Processing: no references
[182.649s][debug][gc,ref         ] GC(30) ReferenceProcessor::execute queues: 1, RefProcThreadModel::Single, marks_oops_alive: false
[182.649s][debug][gc,ref         ] GC(30) Skipped phase 3 of Reference Processing: no references
[182.649s][debug][gc,ref         ] GC(30) ReferenceProcessor::execute queues: 1, RefProcThreadModel::Single, marks_oops_alive: false
[182.649s][debug][gc,phases      ] GC(30) Reference Processing 0.116ms
[182.649s][debug][gc,phases      ] GC(30)   VM Weak                        Min:  0.0, Avg:  0.0, Max:  0.0, Diff:  0.0, Sum:  0.0, Workers: 4
[182.649s][debug][gc,phases      ] GC(30)     Dead                           Min: 0, Avg:  0.0, Max: 0, Diff: 0, Sum: 0, Workers: 4
[182.649s][debug][gc,phases      ] GC(30)     Total                          Min: 0, Avg: 221.2, Max: 320, Diff: 320, Sum: 885, Workers: 4
[182.649s][debug][gc,phases      ] GC(30)   ObjectSynchronizer Weak        Min:  0.0, Avg:  0.0, Max:  0.0, Diff:  0.0, Sum:  0.0, Workers: 4
[182.649s][debug][gc,phases      ] GC(30)     Dead                           Min: 0, Avg:  0.0, Max: 0, Diff: 0, Sum: 0, Workers: 4
[182.649s][debug][gc,phases      ] GC(30)     Total                          Min: 0, Avg:  7.2, Max: 29, Diff: 29, Sum: 29, Workers: 4
[182.649s][debug][gc,phases      ] GC(30)   JVMTI Tag Weak OopStorage      Min:  0.0, Avg:  0.0, Max:  0.0, Diff:  0.0, Sum:  0.0, Workers: 4
[182.649s][debug][gc,phases      ] GC(30)     Dead                           Min: 0, Avg:  0.0, Max: 0, Diff: 0, Sum: 0, Workers: 4
[182.649s][debug][gc,phases      ] GC(30)     Total                          Min: 0, Avg:  0.0, Max: 0, Diff: 0, Sum: 0, Workers: 4
[182.649s][debug][gc,phases      ] GC(30)   StringTable Weak               Min:  0.0, Avg:  0.1, Max:  0.1, Diff:  0.1, Sum:  0.4, Workers: 4
[182.649s][debug][gc,phases      ] GC(30)     Dead                           Min: 0, Avg:  0.0, Max: 0, Diff: 0, Sum: 0, Workers: 4
[182.649s][debug][gc,phases      ] GC(30)     Total                          Min: 0, Avg: 10688.0, Max: 16064, Diff: 16064, Sum: 42752, Workers: 4
[182.649s][debug][gc,phases      ] GC(30)   ResolvedMethodTable Weak       Min:  0.0, Avg:  0.0, Max:  0.0, Diff:  0.0, Sum:  0.1, Workers: 4
[182.649s][debug][gc,phases      ] GC(30)     Dead                           Min: 0, Avg:  0.0, Max: 0, Diff: 0, Sum: 0, Workers: 4
[182.649s][debug][gc,phases      ] GC(30)     Total                          Min: 0, Avg: 2274.2, Max: 3136, Diff: 3136, Sum: 9097, Workers: 4
[182.649s][debug][gc,phases      ] GC(30)   JNI Weak                       Min:  0.0, Avg:  0.0, Max:  0.0, Diff:  0.0, Sum:  0.0, Workers: 4
[182.649s][debug][gc,phases      ] GC(30)     Dead                           Min: 0, Avg:  0.0, Max: 0, Diff: 0, Sum: 0, Workers: 4
[182.649s][debug][gc,phases      ] GC(30)     Total                          Min: 0, Avg: 11.2, Max: 45, Diff: 45, Sum: 45, Workers: 4
[182.649s][debug][gc,phases      ] GC(30)   StringDedup Table Weak         Min:  0.0, Avg:  0.0, Max:  0.0, Diff:  0.0, Sum:  0.0, Workers: 4
[182.649s][debug][gc,phases      ] GC(30)     Dead                           Min: 0, Avg:  0.0, Max: 0, Diff: 0, Sum: 0, Workers: 4
[182.649s][debug][gc,phases      ] GC(30)     Total                          Min: 0, Avg:  0.0, Max: 0, Diff: 0, Sum: 0, Workers: 4
[182.649s][debug][gc,phases      ] GC(30)   StringDedup Requests0 Weak     Min:  0.0, Avg:  0.0, Max:  0.0, Diff:  0.0, Sum:  0.0, Workers: 4
[182.649s][debug][gc,phases      ] GC(30)     Dead                           Min: 0, Avg:  0.0, Max: 0, Diff: 0, Sum: 0, Workers: 4
[182.649s][debug][gc,phases      ] GC(30)     Total                          Min: 0, Avg:  0.0, Max: 0, Diff: 0, Sum: 0, Workers: 4
[182.649s][debug][gc,phases      ] GC(30)   StringDedup Requests1 Weak     Min:  0.0, Avg:  0.0, Max:  0.0, Diff:  0.0, Sum:  0.0, Workers: 4
[182.649s][debug][gc,phases      ] GC(30)     Dead                           Min: 0, Avg:  0.0, Max: 0, Diff: 0, Sum: 0, Workers: 4
[182.649s][debug][gc,phases      ] GC(30)     Total                          Min: 0, Avg:  0.0, Max: 0, Diff: 0, Sum: 0, Workers: 4
[182.649s][debug][gc,phases      ] GC(30)   Weak JFR Old Object Samples    Min:  0.0, Avg:  0.0, Max:  0.0, Diff:  0.0, Sum:  0.0, Workers: 4
[182.649s][debug][gc,phases      ] GC(30)     Dead                           Min: 0, Avg:  0.0, Max: 0, Diff: 0, Sum: 0, Workers: 4
[182.649s][debug][gc,phases      ] GC(30)     Total                          Min: 0, Avg:  0.0, Max: 0, Diff: 0, Sum: 0, Workers: 4
[182.649s][debug][gc,phases      ] GC(30) Weak Processing 0.406ms
[182.649s][debug][gc,age         ] GC(30) Desired survivor size 348651520 bytes, new threshold 10 (max threshold 15)
[182.649s][info ][gc,heap        ] GC(30) PSYoungGen: 1322576K(1686528K)->19680K(1756672K) Eden: 1300480K(1300480K)->0K(1394176K) From: 22096K(386048K)->19680K(362496K)
[182.649s][info ][gc,heap        ] GC(30) ParOldGen: 444863K(558080K)->444863K(558080K)
[182.649s][info ][gc,metaspace   ] GC(30) Metaspace: 80155K(81216K)->80155K(81216K) NonClass: 68724K(69312K)->68724K(69312K) Class: 11431K(11904K)->11431K(11904K)
[182.649s][info ][gc             ] GC(30) Pause Young (Allocation Failure) 1726M->453M(2260M) 8.962ms
[182.649s][info ][gc,cpu         ] GC(30) User=0.03s Sys=0.00s Real=0.01s
[182.649s][info ][safepoint      ] Safepoint "ParallelGCFailedAllocation", Time since last: 226910424 ns, Reaching safepoint: 132803 ns, At safepoint: 9046000 ns, Total: 9178803 ns
[183.649s][info ][safepoint      ] Safepoint "Cleanup", Time since last: 1000097642 ns, Reaching safepoint: 125103 ns, At safepoint: 5600 ns, Total: 130703 ns
[184.650s][info ][safepoint      ] Safepoint "Cleanup", Time since last: 1000128343 ns, Reaching safepoint: 123403 ns, At safepoint: 6100 ns, Total: 129503 ns
[186.650s][info ][safepoint      ] Safepoint "Cleanup", Time since last: 2000182484 ns, Reaching safepoint: 102603 ns, At safepoint: 4100 ns, Total: 106703 ns
[187.650s][info ][safepoint      ] Safepoint "Cleanup", Time since last: 1000131043 ns, Reaching safepoint: 139803 ns, At safepoint: 5600 ns, Total: 145403 ns
[188.650s][info ][safepoint      ] Safepoint "Cleanup", Time since last: 1000117752 ns, Reaching safepoint: 147503 ns, At safepoint: 5101 ns, Total: 152604 ns
[189.651s][info ][safepoint      ] Safepoint "Cleanup", Time since last: 1000118926 ns, Reaching safepoint: 119703 ns, At safepoint: 10800 ns, Total: 130503 ns
[190.651s][info ][safepoint      ] Safepoint "Cleanup", Time since last: 1000134827 ns, Reaching safepoint: 123203 ns, At safepoint: 8700 ns, Total: 131903 ns
[191.694s][info ][safepoint      ] Safepoint "Cleanup", Time since last: 1043318900 ns, Reaching safepoint: 151603 ns, At safepoint: 5900 ns, Total: 157503 ns
[192.695s][info ][safepoint      ] Safepoint "Cleanup", Time since last: 1000113127 ns, Reaching safepoint: 141603 ns, At safepoint: 9600 ns, Total: 151203 ns
[193.695s][info ][safepoint      ] Safepoint "Cleanup", Time since last: 1000123027 ns, Reaching safepoint: 125402 ns, At safepoint: 6001 ns, Total: 131403 ns
[194.695s][info ][safepoint      ] Safepoint "Cleanup", Time since last: 1000116926 ns, Reaching safepoint: 144803 ns, At safepoint: 5000 ns, Total: 149803 ns
[195.696s][info ][safepoint      ] Safepoint "Cleanup", Time since last: 1000131627 ns, Reaching safepoint: 138003 ns, At safepoint: 6001 ns, Total: 144004 ns
[196.696s][info ][safepoint      ] Safepoint "Cleanup", Time since last: 1000133828 ns, Reaching safepoint: 116203 ns, At safepoint: 5600 ns, Total: 121803 ns
[196.841s][info ][gc,start       ] GC(31) Pause Young (Allocation Failure)
[196.849s][debug][gc,phases      ] GC(31) Scavenge 7.947ms
[196.849s][debug][gc,ref         ] GC(31) Skipped phase 1 of Reference Processing: no references
[196.849s][debug][gc,ref         ] GC(31) ReferenceProcessor::execute queues: 1, RefProcThreadModel::Single, marks_oops_alive: false
[196.849s][debug][gc,ref         ] GC(31) Skipped phase 3 of Reference Processing: no references
[196.849s][debug][gc,ref         ] GC(31) ReferenceProcessor::execute queues: 1, RefProcThreadModel::Single, marks_oops_alive: false
[196.849s][debug][gc,phases      ] GC(31) Reference Processing 0.130ms
[196.849s][debug][gc,phases      ] GC(31)   VM Weak                        Min:  0.0, Avg:  0.0, Max:  0.0, Diff:  0.0, Sum:  0.0, Workers: 4
[196.849s][debug][gc,phases      ] GC(31)     Dead                           Min: 0, Avg:  0.0, Max: 0, Diff: 0, Sum: 0, Workers: 4
[196.849s][debug][gc,phases      ] GC(31)     Total                          Min: 0, Avg: 221.2, Max: 885, Diff: 885, Sum: 885, Workers: 4
[196.849s][debug][gc,phases      ] GC(31)   ObjectSynchronizer Weak        Min:  0.0, Avg:  0.0, Max:  0.0, Diff:  0.0, Sum:  0.0, Workers: 4
[196.849s][debug][gc,phases      ] GC(31)     Dead                           Min: 0, Avg:  0.0, Max: 0, Diff: 0, Sum: 0, Workers: 4
[196.849s][debug][gc,phases      ] GC(31)     Total                          Min: 0, Avg:  7.2, Max: 29, Diff: 29, Sum: 29, Workers: 4
[196.849s][debug][gc,phases      ] GC(31)   JVMTI Tag Weak OopStorage      Min:  0.0, Avg:  0.0, Max:  0.0, Diff:  0.0, Sum:  0.0, Workers: 4
[196.849s][debug][gc,phases      ] GC(31)     Dead                           Min: 0, Avg:  0.0, Max: 0, Diff: 0, Sum: 0, Workers: 4
[196.849s][debug][gc,phases      ] GC(31)     Total                          Min: 0, Avg:  0.0, Max: 0, Diff: 0, Sum: 0, Workers: 4
[196.849s][debug][gc,phases      ] GC(31)   StringTable Weak               Min:  0.0, Avg:  0.1, Max:  0.1, Diff:  0.1, Sum:  0.4, Workers: 4
[196.849s][debug][gc,phases      ] GC(31)     Dead                           Min: 0, Avg:  0.0, Max: 0, Diff: 0, Sum: 0, Workers: 4
[196.849s][debug][gc,phases      ] GC(31)     Total                          Min: 0, Avg: 10705.5, Max: 15110, Diff: 15110, Sum: 42822, Workers: 4
[196.849s][debug][gc,phases      ] GC(31)   ResolvedMethodTable Weak       Min:  0.0, Avg:  0.0, Max:  0.0, Diff:  0.0, Sum:  0.1, Workers: 4
[196.849s][debug][gc,phases      ] GC(31)     Dead                           Min: 0, Avg:  0.0, Max: 0, Diff: 0, Sum: 0, Workers: 4
[196.849s][debug][gc,phases      ] GC(31)     Total                          Min: 0, Avg: 2274.8, Max: 3200, Diff: 3200, Sum: 9099, Workers: 4
[196.849s][debug][gc,phases      ] GC(31)   JNI Weak                       Min:  0.0, Avg:  0.0, Max:  0.0, Diff:  0.0, Sum:  0.0, Workers: 4
[196.849s][debug][gc,phases      ] GC(31)     Dead                           Min: 0, Avg:  0.0, Max: 0, Diff: 0, Sum: 0, Workers: 4
[196.849s][debug][gc,phases      ] GC(31)     Total                          Min: 0, Avg: 11.2, Max: 45, Diff: 45, Sum: 45, Workers: 4
[196.849s][debug][gc,phases      ] GC(31)   StringDedup Table Weak         Min:  0.0, Avg:  0.0, Max:  0.0, Diff:  0.0, Sum:  0.0, Workers: 4
[196.849s][debug][gc,phases      ] GC(31)     Dead                           Min: 0, Avg:  0.0, Max: 0, Diff: 0, Sum: 0, Workers: 4
[196.849s][debug][gc,phases      ] GC(31)     Total                          Min: 0, Avg:  0.0, Max: 0, Diff: 0, Sum: 0, Workers: 4
[196.849s][debug][gc,phases      ] GC(31)   StringDedup Requests0 Weak     Min:  0.0, Avg:  0.0, Max:  0.0, Diff:  0.0, Sum:  0.0, Workers: 4
[196.849s][debug][gc,phases      ] GC(31)     Dead                           Min: 0, Avg:  0.0, Max: 0, Diff: 0, Sum: 0, Workers: 4
[196.849s][debug][gc,phases      ] GC(31)     Total                          Min: 0, Avg:  0.0, Max: 0, Diff: 0, Sum: 0, Workers: 4
[196.849s][debug][gc,phases      ] GC(31)   StringDedup Requests1 Weak     Min:  0.0, Avg:  0.0, Max:  0.0, Diff:  0.0, Sum:  0.0, Workers: 4
[196.849s][debug][gc,phases      ] GC(31)     Dead                           Min: 0, Avg:  0.0, Max: 0, Diff: 0, Sum: 0, Workers: 4
[196.849s][debug][gc,phases      ] GC(31)     Total                          Min: 0, Avg:  0.0, Max: 0, Diff: 0, Sum: 0, Workers: 4
[196.849s][debug][gc,phases      ] GC(31)   Weak JFR Old Object Samples    Min:  0.0, Avg:  0.0, Max:  0.0, Diff:  0.0, Sum:  0.0, Workers: 4
[196.849s][debug][gc,phases      ] GC(31)     Dead                           Min: 0, Avg:  0.0, Max: 0, Diff: 0, Sum: 0, Workers: 4
[196.849s][debug][gc,phases      ] GC(31)     Total                          Min: 0, Avg:  0.0, Max: 0, Diff: 0, Sum: 0, Workers: 4
[196.849s][debug][gc,phases      ] GC(31) Weak Processing 0.358ms
[196.849s][debug][gc,age         ] GC(31) Desired survivor size 327155712 bytes, new threshold 11 (max threshold 15)
[196.849s][info ][gc,heap        ] GC(31) PSYoungGen: 1413856K(1756672K)->18960K(1734656K) Eden: 1394176K(1394176K)->0K(1394176K) From: 19680K(362496K)->18960K(340480K)
[196.849s][info ][gc,heap        ] GC(31) ParOldGen: 444863K(558080K)->444871K(558080K)
[196.849s][info ][gc,metaspace   ] GC(31) Metaspace: 80182K(81216K)->80182K(81216K) NonClass: 68750K(69312K)->68750K(69312K) Class: 11431K(11904K)->11431K(11904K)
[196.849s][info ][gc             ] GC(31) Pause Young (Allocation Failure) 1815M->452M(2239M) 8.565ms
[196.849s][info ][gc,cpu         ] GC(31) User=0.03s Sys=0.00s Real=0.01s
[196.849s][info ][safepoint      ] Safepoint "ParallelGCFailedAllocation", Time since last: 144897147 ns, Reaching safepoint: 131603 ns, At safepoint: 8647293 ns, Total: 8778896 ns
[197.850s][info ][safepoint      ] Safepoint "Cleanup", Time since last: 1000092310 ns, Reaching safepoint: 126603 ns, At safepoint: 5200 ns, Total: 131803 ns
[198.850s][info ][safepoint      ] Safepoint "Cleanup", Time since last: 1000117910 ns, Reaching safepoint: 123903 ns, At safepoint: 5500 ns, Total: 129403 ns
[200.850s][info ][safepoint      ] Safepoint "Cleanup", Time since last: 2000208620 ns, Reaching safepoint: 134303 ns, At safepoint: 7100 ns, Total: 141403 ns
[201.851s][info ][safepoint      ] Safepoint "Cleanup", Time since last: 1000137410 ns, Reaching safepoint: 130703 ns, At safepoint: 5600 ns, Total: 136303 ns
[202.851s][info ][safepoint      ] Safepoint "Cleanup", Time since last: 1000123210 ns, Reaching safepoint: 122803 ns, At safepoint: 5900 ns, Total: 128703 ns
[203.851s][info ][safepoint      ] Safepoint "Cleanup", Time since last: 1000119110 ns, Reaching safepoint: 133903 ns, At safepoint: 12701 ns, Total: 146604 ns
[204.851s][info ][safepoint      ] Safepoint "Cleanup", Time since last: 1000127296 ns, Reaching safepoint: 118503 ns, At safepoint: 7300 ns, Total: 125803 ns
[205.852s][info ][safepoint      ] Safepoint "Cleanup", Time since last: 1000114892 ns, Reaching safepoint: 123203 ns, At safepoint: 5500 ns, Total: 128703 ns
[206.852s][info ][safepoint      ] Safepoint "Cleanup", Time since last: 1000119492 ns, Reaching safepoint: 130803 ns, At safepoint: 5400 ns, Total: 136203 ns
[207.852s][info ][safepoint      ] Safepoint "Cleanup", Time since last: 1000143892 ns, Reaching safepoint: 96803 ns, At safepoint: 6100 ns, Total: 102903 ns
[208.852s][info ][safepoint      ] Safepoint "Cleanup", Time since last: 1000103491 ns, Reaching safepoint: 128903 ns, At safepoint: 7400 ns, Total: 136303 ns
[209.853s][info ][safepoint      ] Safepoint "Cleanup", Time since last: 1000113092 ns, Reaching safepoint: 121503 ns, At safepoint: 5200 ns, Total: 126703 ns
[210.853s][info ][safepoint      ] Safepoint "Cleanup", Time since last: 1000118292 ns, Reaching safepoint: 117603 ns, At safepoint: 5700 ns, Total: 123303 ns
[211.853s][info ][safepoint      ] Safepoint "Cleanup", Time since last: 1000123192 ns, Reaching safepoint: 84802 ns, At safepoint: 7600 ns, Total: 92402 ns
[212.853s][info ][safepoint      ] Safepoint "Cleanup", Time since last: 1000119594 ns, Reaching safepoint: 101703 ns, At safepoint: 6600 ns, Total: 108303 ns
[213.006s][info ][gc,start       ] GC(32) Pause Young (Allocation Failure)
[213.014s][debug][gc,phases      ] GC(32) Scavenge 7.891ms
[213.014s][debug][gc,ref         ] GC(32) Skipped phase 1 of Reference Processing: no references
[213.014s][debug][gc,ref         ] GC(32) ReferenceProcessor::execute queues: 1, RefProcThreadModel::Single, marks_oops_alive: false
[213.014s][debug][gc,ref         ] GC(32) Skipped phase 3 of Reference Processing: no references
[213.014s][debug][gc,ref         ] GC(32) ReferenceProcessor::execute queues: 1, RefProcThreadModel::Single, marks_oops_alive: false
[213.014s][debug][gc,phases      ] GC(32) Reference Processing 0.119ms
[213.015s][debug][gc,phases      ] GC(32)   VM Weak                        Min:  0.0, Avg:  0.0, Max:  0.0, Diff:  0.0, Sum:  0.0, Workers: 4
[213.015s][debug][gc,phases      ] GC(32)     Dead                           Min: 0, Avg:  0.0, Max: 0, Diff: 0, Sum: 0, Workers: 4
[213.015s][debug][gc,phases      ] GC(32)     Total                          Min: 0, Avg: 221.2, Max: 512, Diff: 512, Sum: 885, Workers: 4
[213.015s][debug][gc,phases      ] GC(32)   ObjectSynchronizer Weak        Min:  0.0, Avg:  0.0, Max:  0.0, Diff:  0.0, Sum:  0.0, Workers: 4
[213.015s][debug][gc,phases      ] GC(32)     Dead                           Min: 0, Avg:  0.0, Max: 0, Diff: 0, Sum: 0, Workers: 4
[213.015s][debug][gc,phases      ] GC(32)     Total                          Min: 0, Avg:  7.2, Max: 29, Diff: 29, Sum: 29, Workers: 4
[213.015s][debug][gc,phases      ] GC(32)   JVMTI Tag Weak OopStorage      Min:  0.0, Avg:  0.0, Max:  0.0, Diff:  0.0, Sum:  0.0, Workers: 4
[213.015s][debug][gc,phases      ] GC(32)     Dead                           Min: 0, Avg:  0.0, Max: 0, Diff: 0, Sum: 0, Workers: 4
[213.015s][debug][gc,phases      ] GC(32)     Total                          Min: 0, Avg:  0.0, Max: 0, Diff: 0, Sum: 0, Workers: 4
[213.015s][debug][gc,phases      ] GC(32)   StringTable Weak               Min:  0.0, Avg:  0.1, Max:  0.1, Diff:  0.1, Sum:  0.4, Workers: 4
[213.015s][debug][gc,phases      ] GC(32)     Dead                           Min: 0, Avg:  0.2, Max: 1, Diff: 1, Sum: 1, Workers: 4
[213.015s][debug][gc,phases      ] GC(32)     Total                          Min: 0, Avg: 10709.0, Max: 15616, Diff: 15616, Sum: 42836, Workers: 4
[213.015s][debug][gc,phases      ] GC(32)   ResolvedMethodTable Weak       Min:  0.0, Avg:  0.0, Max:  0.0, Diff:  0.0, Sum:  0.1, Workers: 4
[213.015s][debug][gc,phases      ] GC(32)     Dead                           Min: 0, Avg:  0.0, Max: 0, Diff: 0, Sum: 0, Workers: 4
[213.015s][debug][gc,phases      ] GC(32)     Total                          Min: 0, Avg: 2277.0, Max: 3284, Diff: 3284, Sum: 9108, Workers: 4
[213.015s][debug][gc,phases      ] GC(32)   JNI Weak                       Min:  0.0, Avg:  0.0, Max:  0.0, Diff:  0.0, Sum:  0.0, Workers: 4
[213.015s][debug][gc,phases      ] GC(32)     Dead                           Min: 0, Avg:  0.0, Max: 0, Diff: 0, Sum: 0, Workers: 4
[213.015s][debug][gc,phases      ] GC(32)     Total                          Min: 0, Avg: 11.2, Max: 45, Diff: 45, Sum: 45, Workers: 4
[213.015s][debug][gc,phases      ] GC(32)   StringDedup Table Weak         Min:  0.0, Avg:  0.0, Max:  0.0, Diff:  0.0, Sum:  0.0, Workers: 4
[213.015s][debug][gc,phases      ] GC(32)     Dead                           Min: 0, Avg:  0.0, Max: 0, Diff: 0, Sum: 0, Workers: 4
[213.015s][debug][gc,phases      ] GC(32)     Total                          Min: 0, Avg:  0.0, Max: 0, Diff: 0, Sum: 0, Workers: 4
[213.015s][debug][gc,phases      ] GC(32)   StringDedup Requests0 Weak     Min:  0.0, Avg:  0.0, Max:  0.0, Diff:  0.0, Sum:  0.0, Workers: 4
[213.015s][debug][gc,phases      ] GC(32)     Dead                           Min: 0, Avg:  0.0, Max: 0, Diff: 0, Sum: 0, Workers: 4
[213.015s][debug][gc,phases      ] GC(32)     Total                          Min: 0, Avg:  0.0, Max: 0, Diff: 0, Sum: 0, Workers: 4
[213.015s][debug][gc,phases      ] GC(32)   StringDedup Requests1 Weak     Min:  0.0, Avg:  0.0, Max:  0.0, Diff:  0.0, Sum:  0.0, Workers: 4
[213.015s][debug][gc,phases      ] GC(32)     Dead                           Min: 0, Avg:  0.0, Max: 0, Diff: 0, Sum: 0, Workers: 4
[213.015s][debug][gc,phases      ] GC(32)     Total                          Min: 0, Avg:  0.0, Max: 0, Diff: 0, Sum: 0, Workers: 4
[213.015s][debug][gc,phases      ] GC(32)   Weak JFR Old Object Samples    Min:  0.0, Avg:  0.0, Max:  0.0, Diff:  0.0, Sum:  0.0, Workers: 4
[213.015s][debug][gc,phases      ] GC(32)     Dead                           Min: 0, Avg:  0.0, Max: 0, Diff: 0, Sum: 0, Workers: 4
[213.015s][debug][gc,phases      ] GC(32)     Total                          Min: 0, Avg:  0.0, Max: 0, Diff: 0, Sum: 0, Workers: 4
[213.015s][debug][gc,phases      ] GC(32) Weak Processing 0.372ms
[213.015s][debug][gc,age         ] GC(32) Desired survivor size 306708480 bytes, new threshold 12 (max threshold 15)
[213.015s][info ][gc,heap        ] GC(32) PSYoungGen: 1413136K(1734656K)->19472K(1797632K) Eden: 1394176K(1394176K)->0K(1478144K) From: 18960K(340480K)->19472K(319488K)
[213.015s][info ][gc,heap        ] GC(32) ParOldGen: 444871K(558080K)->444879K(558080K)
[213.015s][info ][gc,metaspace   ] GC(32) Metaspace: 80256K(81280K)->80256K(81280K) NonClass: 68819K(69376K)->68819K(69376K) Class: 11436K(11904K)->11436K(11904K)
[213.015s][info ][gc             ] GC(32) Pause Young (Allocation Failure) 1814M->453M(2300M) 8.513ms
[213.015s][info ][gc,cpu         ] GC(32) User=0.03s Sys=0.00s Real=0.01s
[213.015s][info ][safepoint      ] Safepoint "ParallelGCFailedAllocation", Time since last: 153073144 ns, Reaching safepoint: 37601 ns, At safepoint: 8585393 ns, Total: 8622994 ns
[214.015s][info ][safepoint      ] Safepoint "Cleanup", Time since last: 1000082701 ns, Reaching safepoint: 65401 ns, At safepoint: 5501 ns, Total: 70902 ns
[215.015s][info ][safepoint      ] Safepoint "Cleanup", Time since last: 1000109701 ns, Reaching safepoint: 116903 ns, At safepoint: 5100 ns, Total: 122003 ns
[216.015s][info ][safepoint      ] Safepoint "Cleanup", Time since last: 1000113002 ns, Reaching safepoint: 46601 ns, At safepoint: 2700 ns, Total: 49301 ns
[217.016s][info ][safepoint      ] Safepoint "Cleanup", Time since last: 1000133903 ns, Reaching safepoint: 46901 ns, At safepoint: 2700 ns, Total: 49601 ns
[218.016s][info ][safepoint      ] Safepoint "Cleanup", Time since last: 1000119102 ns, Reaching safepoint: 48801 ns, At safepoint: 4700 ns, Total: 53501 ns
[219.016s][info ][safepoint      ] Safepoint "Cleanup", Time since last: 1000118902 ns, Reaching safepoint: 44301 ns, At safepoint: 5400 ns, Total: 49701 ns
[220.016s][info ][safepoint      ] Safepoint "Cleanup", Time since last: 1000134466 ns, Reaching safepoint: 52101 ns, At safepoint: 4200 ns, Total: 56301 ns
[221.016s][info ][safepoint      ] Safepoint "Cleanup", Time since last: 1000116046 ns, Reaching safepoint: 56601 ns, At safepoint: 2700 ns, Total: 59301 ns
[222.017s][info ][safepoint      ] Safepoint "Cleanup", Time since last: 1000106646 ns, Reaching safepoint: 50901 ns, At safepoint: 2500 ns, Total: 53401 ns
[223.017s][info ][safepoint      ] Safepoint "Cleanup", Time since last: 1000115646 ns, Reaching safepoint: 128303 ns, At safepoint: 7500 ns, Total: 135803 ns
[224.438s][info ][safepoint      ] Safepoint "Cleanup", Time since last: 1420764003 ns, Reaching safepoint: 209404 ns, At safepoint: 6700 ns, Total: 216104 ns
[225.438s][info ][safepoint      ] Safepoint "Cleanup", Time since last: 1000126646 ns, Reaching safepoint: 129803 ns, At safepoint: 9201 ns, Total: 139004 ns
[226.438s][info ][safepoint      ] Safepoint "Cleanup", Time since last: 1000131046 ns, Reaching safepoint: 121502 ns, At safepoint: 10101 ns, Total: 131603 ns
[227.439s][info ][safepoint      ] Safepoint "Cleanup", Time since last: 1000152746 ns, Reaching safepoint: 135503 ns, At safepoint: 5900 ns, Total: 141403 ns
[228.439s][info ][safepoint      ] Safepoint "Cleanup", Time since last: 1000152764 ns, Reaching safepoint: 137603 ns, At safepoint: 6900 ns, Total: 144503 ns
[229.439s][info ][safepoint      ] Safepoint "Cleanup", Time since last: 1000146376 ns, Reaching safepoint: 138403 ns, At safepoint: 6101 ns, Total: 144504 ns
[229.943s][info ][gc,start       ] GC(33) Pause Young (Allocation Failure)
[229.950s][debug][gc,phases      ] GC(33) Scavenge 7.564ms
[229.950s][debug][gc,ref         ] GC(33) Skipped phase 1 of Reference Processing: no references
[229.951s][debug][gc,ref         ] GC(33) ReferenceProcessor::execute queues: 1, RefProcThreadModel::Single, marks_oops_alive: false
[229.951s][debug][gc,ref         ] GC(33) Skipped phase 3 of Reference Processing: no references
[229.951s][debug][gc,ref         ] GC(33) ReferenceProcessor::execute queues: 1, RefProcThreadModel::Single, marks_oops_alive: false
[229.951s][debug][gc,phases      ] GC(33) Reference Processing 0.134ms
[229.951s][debug][gc,phases      ] GC(33)   VM Weak                        Min:  0.0, Avg:  0.0, Max:  0.0, Diff:  0.0, Sum:  0.0, Workers: 4
[229.951s][debug][gc,phases      ] GC(33)     Dead                           Min: 0, Avg:  0.0, Max: 0, Diff: 0, Sum: 0, Workers: 4
[229.951s][debug][gc,phases      ] GC(33)     Total                          Min: 0, Avg: 221.2, Max: 821, Diff: 821, Sum: 885, Workers: 4
[229.951s][debug][gc,phases      ] GC(33)   ObjectSynchronizer Weak        Min:  0.0, Avg:  0.0, Max:  0.0, Diff:  0.0, Sum:  0.0, Workers: 4
[229.951s][debug][gc,phases      ] GC(33)     Dead                           Min: 0, Avg:  0.0, Max: 0, Diff: 0, Sum: 0, Workers: 4
[229.951s][debug][gc,phases      ] GC(33)     Total                          Min: 0, Avg:  7.2, Max: 29, Diff: 29, Sum: 29, Workers: 4
[229.951s][debug][gc,phases      ] GC(33)   JVMTI Tag Weak OopStorage      Min:  0.0, Avg:  0.0, Max:  0.0, Diff:  0.0, Sum:  0.0, Workers: 4
[229.951s][debug][gc,phases      ] GC(33)     Dead                           Min: 0, Avg:  0.0, Max: 0, Diff: 0, Sum: 0, Workers: 4
[229.951s][debug][gc,phases      ] GC(33)     Total                          Min: 0, Avg:  0.0, Max: 0, Diff: 0, Sum: 0, Workers: 4
[229.951s][debug][gc,phases      ] GC(33)   StringTable Weak               Min:  0.0, Avg:  0.1, Max:  0.1, Diff:  0.1, Sum:  0.4, Workers: 4
[229.951s][debug][gc,phases      ] GC(33)     Dead                           Min: 0, Avg:  0.0, Max: 0, Diff: 0, Sum: 0, Workers: 4
[229.951s][debug][gc,phases      ] GC(33)     Total                          Min: 0, Avg: 10711.0, Max: 15040, Diff: 15040, Sum: 42844, Workers: 4
[229.951s][debug][gc,phases      ] GC(33)   ResolvedMethodTable Weak       Min:  0.0, Avg:  0.0, Max:  0.0, Diff:  0.0, Sum:  0.1, Workers: 4
[229.951s][debug][gc,phases      ] GC(33)     Dead                           Min: 0, Avg:  0.0, Max: 0, Diff: 0, Sum: 0, Workers: 4
[229.951s][debug][gc,phases      ] GC(33)     Total                          Min: 0, Avg: 2277.0, Max: 3284, Diff: 3284, Sum: 9108, Workers: 4
[229.951s][debug][gc,phases      ] GC(33)   JNI Weak                       Min:  0.0, Avg:  0.0, Max:  0.0, Diff:  0.0, Sum:  0.0, Workers: 4
[229.951s][debug][gc,phases      ] GC(33)     Dead                           Min: 0, Avg:  0.0, Max: 0, Diff: 0, Sum: 0, Workers: 4
[229.951s][debug][gc,phases      ] GC(33)     Total                          Min: 0, Avg: 11.2, Max: 45, Diff: 45, Sum: 45, Workers: 4
[229.951s][debug][gc,phases      ] GC(33)   StringDedup Table Weak         Min:  0.0, Avg:  0.0, Max:  0.0, Diff:  0.0, Sum:  0.0, Workers: 4
[229.951s][debug][gc,phases      ] GC(33)     Dead                           Min: 0, Avg:  0.0, Max: 0, Diff: 0, Sum: 0, Workers: 4
[229.951s][debug][gc,phases      ] GC(33)     Total                          Min: 0, Avg:  0.0, Max: 0, Diff: 0, Sum: 0, Workers: 4
[229.951s][debug][gc,phases      ] GC(33)   StringDedup Requests0 Weak     Min:  0.0, Avg:  0.0, Max:  0.0, Diff:  0.0, Sum:  0.0, Workers: 4
[229.951s][debug][gc,phases      ] GC(33)     Dead                           Min: 0, Avg:  0.0, Max: 0, Diff: 0, Sum: 0, Workers: 4
[229.951s][debug][gc,phases      ] GC(33)     Total                          Min: 0, Avg:  0.0, Max: 0, Diff: 0, Sum: 0, Workers: 4
[229.951s][debug][gc,phases      ] GC(33)   StringDedup Requests1 Weak     Min:  0.0, Avg:  0.0, Max:  0.0, Diff:  0.0, Sum:  0.0, Workers: 4
[229.951s][debug][gc,phases      ] GC(33)     Dead                           Min: 0, Avg:  0.0, Max: 0, Diff: 0, Sum: 0, Workers: 4
[229.951s][debug][gc,phases      ] GC(33)     Total                          Min: 0, Avg:  0.0, Max: 0, Diff: 0, Sum: 0, Workers: 4
[229.951s][debug][gc,phases      ] GC(33)   Weak JFR Old Object Samples    Min:  0.0, Avg:  0.0, Max:  0.0, Diff:  0.0, Sum:  0.0, Workers: 4
[229.951s][debug][gc,phases      ] GC(33)     Dead                           Min: 0, Avg:  0.0, Max: 0, Diff: 0, Sum: 0, Workers: 4
[229.951s][debug][gc,phases      ] GC(33)     Total                          Min: 0, Avg:  0.0, Max: 0, Diff: 0, Sum: 0, Workers: 4
[229.951s][debug][gc,phases      ] GC(33) Weak Processing 0.364ms
[229.951s][debug][gc,age         ] GC(33) Desired survivor size 287309824 bytes, new threshold 13 (max threshold 15)
[229.951s][info ][gc,heap        ] GC(33) PSYoungGen: 1497616K(1797632K)->19264K(1777664K) Eden: 1478144K(1478144K)->0K(1478144K) From: 19472K(319488K)->19264K(299520K)
[229.951s][info ][gc,heap        ] GC(33) ParOldGen: 444879K(558080K)->444887K(558080K)
[229.951s][info ][gc,metaspace   ] GC(33) Metaspace: 80323K(81344K)->80323K(81344K) NonClass: 68886K(69440K)->68886K(69440K) Class: 11436K(11904K)->11436K(11904K)
[229.951s][info ][gc             ] GC(33) Pause Young (Allocation Failure) 1896M->453M(2281M) 8.191ms
[229.951s][info ][gc,cpu         ] GC(33) User=0.03s Sys=0.00s Real=0.01s
[229.951s][info ][safepoint      ] Safepoint "ParallelGCFailedAllocation", Time since last: 503584816 ns, Reaching safepoint: 43301 ns, At safepoint: 8269484 ns, Total: 8312785 ns
[230.951s][info ][safepoint      ] Safepoint "Cleanup", Time since last: 1000085675 ns, Reaching safepoint: 130703 ns, At safepoint: 5400 ns, Total: 136103 ns
[231.952s][info ][safepoint      ] Safepoint "Cleanup", Time since last: 1000128376 ns, Reaching safepoint: 133003 ns, At safepoint: 7900 ns, Total: 140903 ns
[232.952s][info ][safepoint      ] Safepoint "Cleanup", Time since last: 1000145777 ns, Reaching safepoint: 183904 ns, At safepoint: 5900 ns, Total: 189804 ns
[233.952s][info ][safepoint      ] Safepoint "Cleanup", Time since last: 1000130176 ns, Reaching safepoint: 134003 ns, At safepoint: 8200 ns, Total: 142203 ns
[234.952s][info ][safepoint      ] Safepoint "Cleanup", Time since last: 1000124376 ns, Reaching safepoint: 159204 ns, At safepoint: 7500 ns, Total: 166704 ns
[235.953s][info ][safepoint      ] Safepoint "Cleanup", Time since last: 1000124413 ns, Reaching safepoint: 133103 ns, At safepoint: 5900 ns, Total: 139003 ns
[236.953s][info ][safepoint      ] Safepoint "Cleanup", Time since last: 1000124681 ns, Reaching safepoint: 115302 ns, At safepoint: 7001 ns, Total: 122303 ns
[237.953s][info ][safepoint      ] Safepoint "Cleanup", Time since last: 1000108781 ns, Reaching safepoint: 112202 ns, At safepoint: 3200 ns, Total: 115402 ns
[238.953s][info ][safepoint      ] Safepoint "Cleanup", Time since last: 1000107181 ns, Reaching safepoint: 114802 ns, At safepoint: 5300 ns, Total: 120102 ns
[239.954s][info ][safepoint      ] Safepoint "Cleanup", Time since last: 1000124650 ns, Reaching safepoint: 61501 ns, At safepoint: 6500 ns, Total: 68001 ns
[240.954s][info ][safepoint      ] Safepoint "Cleanup", Time since last: 1000117011 ns, Reaching safepoint: 117503 ns, At safepoint: 6000 ns, Total: 123503 ns
[241.954s][info ][safepoint      ] Safepoint "Cleanup", Time since last: 1000136311 ns, Reaching safepoint: 128703 ns, At safepoint: 10200 ns, Total: 138903 ns
[242.954s][info ][safepoint      ] Safepoint "Cleanup", Time since last: 1000115111 ns, Reaching safepoint: 78802 ns, At safepoint: 4100 ns, Total: 82902 ns
[243.955s][info ][safepoint      ] Safepoint "Cleanup", Time since last: 1000122984 ns, Reaching safepoint: 114002 ns, At safepoint: 7200 ns, Total: 121202 ns
[244.955s][info ][safepoint      ] Safepoint "Cleanup", Time since last: 1000414636 ns, Reaching safepoint: 43001 ns, At safepoint: 3400 ns, Total: 46401 ns
[245.802s][info ][gc,start       ] GC(34) Pause Young (Allocation Failure)
[245.811s][debug][gc,phases      ] GC(34) Scavenge 8.739ms
[245.811s][debug][gc,ref         ] GC(34) Skipped phase 1 of Reference Processing: no references
[245.811s][debug][gc,ref         ] GC(34) ReferenceProcessor::execute queues: 1, RefProcThreadModel::Single, marks_oops_alive: false
[245.811s][debug][gc,ref         ] GC(34) Skipped phase 3 of Reference Processing: no references
[245.811s][debug][gc,ref         ] GC(34) ReferenceProcessor::execute queues: 1, RefProcThreadModel::Single, marks_oops_alive: false
[245.811s][debug][gc,phases      ] GC(34) Reference Processing 0.139ms
[245.812s][debug][gc,phases      ] GC(34)   VM Weak                        Min:  0.0, Avg:  0.0, Max:  0.0, Diff:  0.0, Sum:  0.0, Workers: 4
[245.812s][debug][gc,phases      ] GC(34)     Dead                           Min: 0, Avg:  0.0, Max: 0, Diff: 0, Sum: 0, Workers: 4
[245.812s][debug][gc,phases      ] GC(34)     Total                          Min: 0, Avg: 221.2, Max: 832, Diff: 832, Sum: 885, Workers: 4
[245.812s][debug][gc,phases      ] GC(34)   ObjectSynchronizer Weak        Min:  0.0, Avg:  0.0, Max:  0.0, Diff:  0.0, Sum:  0.0, Workers: 4
[245.812s][debug][gc,phases      ] GC(34)     Dead                           Min: 0, Avg:  0.0, Max: 0, Diff: 0, Sum: 0, Workers: 4
[245.812s][debug][gc,phases      ] GC(34)     Total                          Min: 0, Avg:  7.2, Max: 29, Diff: 29, Sum: 29, Workers: 4
[245.812s][debug][gc,phases      ] GC(34)   JVMTI Tag Weak OopStorage      Min:  0.0, Avg:  0.0, Max:  0.0, Diff:  0.0, Sum:  0.0, Workers: 4
[245.812s][debug][gc,phases      ] GC(34)     Dead                           Min: 0, Avg:  0.0, Max: 0, Diff: 0, Sum: 0, Workers: 4
[245.812s][debug][gc,phases      ] GC(34)     Total                          Min: 0, Avg:  0.0, Max: 0, Diff: 0, Sum: 0, Workers: 4
[245.812s][debug][gc,phases      ] GC(34)   StringTable Weak               Min:  0.0, Avg:  0.1, Max:  0.1, Diff:  0.1, Sum:  0.4, Workers: 4
[245.812s][debug][gc,phases      ] GC(34)     Dead                           Min: 0, Avg:  0.5, Max: 2, Diff: 2, Sum: 2, Workers: 4
[245.812s][debug][gc,phases      ] GC(34)     Total                          Min: 0, Avg: 10713.2, Max: 14758, Diff: 14758, Sum: 42853, Workers: 4
[245.812s][debug][gc,phases      ] GC(34)   ResolvedMethodTable Weak       Min:  0.0, Avg:  0.0, Max:  0.0, Diff:  0.0, Sum:  0.1, Workers: 4
[245.812s][debug][gc,phases      ] GC(34)     Dead                           Min: 0, Avg:  0.0, Max: 0, Diff: 0, Sum: 0, Workers: 4
[245.812s][debug][gc,phases      ] GC(34)     Total                          Min: 0, Avg: 2279.2, Max: 3293, Diff: 3293, Sum: 9117, Workers: 4
[245.812s][debug][gc,phases      ] GC(34)   JNI Weak                       Min:  0.0, Avg:  0.0, Max:  0.0, Diff:  0.0, Sum:  0.0, Workers: 4
[245.812s][debug][gc,phases      ] GC(34)     Dead                           Min: 0, Avg:  0.0, Max: 0, Diff: 0, Sum: 0, Workers: 4
[245.812s][debug][gc,phases      ] GC(34)     Total                          Min: 0, Avg: 11.2, Max: 45, Diff: 45, Sum: 45, Workers: 4
[245.812s][debug][gc,phases      ] GC(34)   StringDedup Table Weak         Min:  0.0, Avg:  0.0, Max:  0.0, Diff:  0.0, Sum:  0.0, Workers: 4
[245.812s][debug][gc,phases      ] GC(34)     Dead                           Min: 0, Avg:  0.0, Max: 0, Diff: 0, Sum: 0, Workers: 4
[245.812s][debug][gc,phases      ] GC(34)     Total                          Min: 0, Avg:  0.0, Max: 0, Diff: 0, Sum: 0, Workers: 4
[245.812s][debug][gc,phases      ] GC(34)   StringDedup Requests0 Weak     Min:  0.0, Avg:  0.0, Max:  0.0, Diff:  0.0, Sum:  0.0, Workers: 4
[245.812s][debug][gc,phases      ] GC(34)     Dead                           Min: 0, Avg:  0.0, Max: 0, Diff: 0, Sum: 0, Workers: 4
[245.812s][debug][gc,phases      ] GC(34)     Total                          Min: 0, Avg:  0.0, Max: 0, Diff: 0, Sum: 0, Workers: 4
[245.812s][debug][gc,phases      ] GC(34)   StringDedup Requests1 Weak     Min:  0.0, Avg:  0.0, Max:  0.0, Diff:  0.0, Sum:  0.0, Workers: 4
[245.812s][debug][gc,phases      ] GC(34)     Dead                           Min: 0, Avg:  0.0, Max: 0, Diff: 0, Sum: 0, Workers: 4
[245.812s][debug][gc,phases      ] GC(34)     Total                          Min: 0, Avg:  0.0, Max: 0, Diff: 0, Sum: 0, Workers: 4
[245.812s][debug][gc,phases      ] GC(34)   Weak JFR Old Object Samples    Min:  0.0, Avg:  0.0, Max:  0.0, Diff:  0.0, Sum:  0.0, Workers: 4
[245.812s][debug][gc,phases      ] GC(34)     Dead                           Min: 0, Avg:  0.0, Max: 0, Diff: 0, Sum: 0, Workers: 4
[245.812s][debug][gc,phases      ] GC(34)     Total                          Min: 0, Avg:  0.0, Max: 0, Diff: 0, Sum: 0, Workers: 4
[245.812s][debug][gc,phases      ] GC(34) Weak Processing 0.365ms
[245.812s][debug][gc,age         ] GC(34) Desired survivor size 268959744 bytes, new threshold 14 (max threshold 15)
[245.812s][info ][gc,heap        ] GC(34) PSYoungGen: 1497408K(1777664K)->18416K(1834496K) Eden: 1478144K(1478144K)->0K(1553920K) From: 19264K(299520K)->18416K(280576K)
[245.812s][info ][gc,heap        ] GC(34) ParOldGen: 444887K(558080K)->444895K(558080K)
[245.812s][info ][gc,metaspace   ] GC(34) Metaspace: 80370K(81408K)->80370K(81408K) NonClass: 68929K(69504K)->68929K(69504K) Class: 11441K(11904K)->11441K(11904K)
[245.812s][info ][gc             ] GC(34) Pause Young (Allocation Failure) 1896M->452M(2336M) 9.376ms
[245.812s][info ][gc,cpu         ] GC(34) User=0.04s Sys=0.00s Real=0.02s
[245.812s][info ][safepoint      ] Safepoint "ParallelGCFailedAllocation", Time since last: 847262877 ns, Reaching safepoint: 33401 ns, At safepoint: 9466607 ns, Total: 9500008 ns
[247.812s][info ][safepoint      ] Safepoint "Cleanup", Time since last: 2000143856 ns, Reaching safepoint: 42701 ns, At safepoint: 4100 ns, Total: 46801 ns
[249.812s][info ][safepoint      ] Safepoint "Cleanup", Time since last: 2000186157 ns, Reaching safepoint: 65201 ns, At safepoint: 4801 ns, Total: 70002 ns
[250.812s][info ][safepoint      ] Safepoint "Cleanup", Time since last: 1000116128 ns, Reaching safepoint: 61302 ns, At safepoint: 2900 ns, Total: 64202 ns
[251.813s][info ][safepoint      ] Safepoint "Cleanup", Time since last: 1000129029 ns, Reaching safepoint: 48201 ns, At safepoint: 3100 ns, Total: 51301 ns
[252.813s][info ][safepoint      ] Safepoint "Cleanup", Time since last: 1000107472 ns, Reaching safepoint: 46701 ns, At safepoint: 25401 ns, Total: 72102 ns
[253.813s][info ][safepoint      ] Safepoint "Cleanup", Time since last: 1000107308 ns, Reaching safepoint: 73901 ns, At safepoint: 5401 ns, Total: 79302 ns
[254.813s][info ][safepoint      ] Safepoint "Cleanup", Time since last: 1000106407 ns, Reaching safepoint: 44601 ns, At safepoint: 4701 ns, Total: 49302 ns
[255.813s][info ][safepoint      ] Safepoint "Cleanup", Time since last: 1000114608 ns, Reaching safepoint: 47301 ns, At safepoint: 4600 ns, Total: 51901 ns
[256.813s][info ][safepoint      ] Safepoint "Cleanup", Time since last: 1000107808 ns, Reaching safepoint: 43801 ns, At safepoint: 2700 ns, Total: 46501 ns
[257.814s][info ][safepoint      ] Safepoint "Cleanup", Time since last: 1000112308 ns, Reaching safepoint: 33900 ns, At safepoint: 3401 ns, Total: 37301 ns
[258.814s][info ][safepoint      ] Safepoint "Cleanup", Time since last: 1000108107 ns, Reaching safepoint: 45601 ns, At safepoint: 7801 ns, Total: 53402 ns
[259.814s][info ][safepoint      ] Safepoint "Cleanup", Time since last: 1000110008 ns, Reaching safepoint: 47001 ns, At safepoint: 2700 ns, Total: 49701 ns
[260.814s][info ][safepoint      ] Safepoint "Cleanup", Time since last: 1000117083 ns, Reaching safepoint: 44701 ns, At safepoint: 3200 ns, Total: 47901 ns
[261.387s][info ][gc,start       ] GC(35) Pause Young (Allocation Failure)
[261.400s][debug][gc,phases      ] GC(35) Scavenge 12.810ms
[261.400s][debug][gc,ref         ] GC(35) Skipped phase 1 of Reference Processing: no references
[261.400s][debug][gc,ref         ] GC(35) ReferenceProcessor::execute queues: 1, RefProcThreadModel::Single, marks_oops_alive: false
[261.400s][debug][gc,ref         ] GC(35) Skipped phase 3 of Reference Processing: no references
[261.400s][debug][gc,ref         ] GC(35) ReferenceProcessor::execute queues: 1, RefProcThreadModel::Single, marks_oops_alive: false
[261.400s][debug][gc,phases      ] GC(35) Reference Processing 0.123ms
[261.400s][debug][gc,phases      ] GC(35)   VM Weak                        Min:  0.0, Avg:  0.0, Max:  0.0, Diff:  0.0, Sum:  0.0, Workers: 4
[261.400s][debug][gc,phases      ] GC(35)     Dead                           Min: 0, Avg:  0.0, Max: 0, Diff: 0, Sum: 0, Workers: 4
[261.400s][debug][gc,phases      ] GC(35)     Total                          Min: 0, Avg: 221.2, Max: 512, Diff: 512, Sum: 885, Workers: 4
[261.400s][debug][gc,phases      ] GC(35)   ObjectSynchronizer Weak        Min:  0.0, Avg:  0.0, Max:  0.0, Diff:  0.0, Sum:  0.0, Workers: 4
[261.400s][debug][gc,phases      ] GC(35)     Dead                           Min: 0, Avg:  0.0, Max: 0, Diff: 0, Sum: 0, Workers: 4
[261.400s][debug][gc,phases      ] GC(35)     Total                          Min: 0, Avg:  7.2, Max: 29, Diff: 29, Sum: 29, Workers: 4
[261.400s][debug][gc,phases      ] GC(35)   JVMTI Tag Weak OopStorage      Min:  0.0, Avg:  0.0, Max:  0.0, Diff:  0.0, Sum:  0.0, Workers: 4
[261.400s][debug][gc,phases      ] GC(35)     Dead                           Min: 0, Avg:  0.0, Max: 0, Diff: 0, Sum: 0, Workers: 4
[261.400s][debug][gc,phases      ] GC(35)     Total                          Min: 0, Avg:  0.0, Max: 0, Diff: 0, Sum: 0, Workers: 4
[261.400s][debug][gc,phases      ] GC(35)   StringTable Weak               Min:  0.0, Avg:  0.1, Max:  0.2, Diff:  0.2, Sum:  0.4, Workers: 4
[261.400s][debug][gc,phases      ] GC(35)     Dead                           Min: 0, Avg:  0.0, Max: 0, Diff: 0, Sum: 0, Workers: 4
[261.400s][debug][gc,phases      ] GC(35)     Total                          Min: 0, Avg: 10717.2, Max: 22142, Diff: 22142, Sum: 42869, Workers: 4
[261.400s][debug][gc,phases      ] GC(35)   ResolvedMethodTable Weak       Min:  0.0, Avg:  0.0, Max:  0.0, Diff:  0.0, Sum:  0.1, Workers: 4
[261.400s][debug][gc,phases      ] GC(35)     Dead                           Min: 0, Avg:  0.0, Max: 0, Diff: 0, Sum: 0, Workers: 4
[261.400s][debug][gc,phases      ] GC(35)     Total                          Min: 0, Avg: 2280.8, Max: 4963, Diff: 4963, Sum: 9123, Workers: 4
[261.400s][debug][gc,phases      ] GC(35)   JNI Weak                       Min:  0.0, Avg:  0.0, Max:  0.0, Diff:  0.0, Sum:  0.0, Workers: 4
[261.400s][debug][gc,phases      ] GC(35)     Dead                           Min: 0, Avg:  0.0, Max: 0, Diff: 0, Sum: 0, Workers: 4
[261.400s][debug][gc,phases      ] GC(35)     Total                          Min: 0, Avg: 11.2, Max: 45, Diff: 45, Sum: 45, Workers: 4
[261.400s][debug][gc,phases      ] GC(35)   StringDedup Table Weak         Min:  0.0, Avg:  0.0, Max:  0.0, Diff:  0.0, Sum:  0.0, Workers: 4
[261.400s][debug][gc,phases      ] GC(35)     Dead                           Min: 0, Avg:  0.0, Max: 0, Diff: 0, Sum: 0, Workers: 4
[261.400s][debug][gc,phases      ] GC(35)     Total                          Min: 0, Avg:  0.0, Max: 0, Diff: 0, Sum: 0, Workers: 4
[261.400s][debug][gc,phases      ] GC(35)   StringDedup Requests0 Weak     Min:  0.0, Avg:  0.0, Max:  0.0, Diff:  0.0, Sum:  0.0, Workers: 4
[261.400s][debug][gc,phases      ] GC(35)     Dead                           Min: 0, Avg:  0.0, Max: 0, Diff: 0, Sum: 0, Workers: 4
[261.400s][debug][gc,phases      ] GC(35)     Total                          Min: 0, Avg:  0.0, Max: 0, Diff: 0, Sum: 0, Workers: 4
[261.400s][debug][gc,phases      ] GC(35)   StringDedup Requests1 Weak     Min:  0.0, Avg:  0.0, Max:  0.0, Diff:  0.0, Sum:  0.0, Workers: 4
[261.400s][debug][gc,phases      ] GC(35)     Dead                           Min: 0, Avg:  0.0, Max: 0, Diff: 0, Sum: 0, Workers: 4
[261.400s][debug][gc,phases      ] GC(35)     Total                          Min: 0, Avg:  0.0, Max: 0, Diff: 0, Sum: 0, Workers: 4
[261.400s][debug][gc,phases      ] GC(35)   Weak JFR Old Object Samples    Min:  0.0, Avg:  0.0, Max:  0.0, Diff:  0.0, Sum:  0.0, Workers: 4
[261.400s][debug][gc,phases      ] GC(35)     Dead                           Min: 0, Avg:  0.0, Max: 0, Diff: 0, Sum: 0, Workers: 4
[261.400s][debug][gc,phases      ] GC(35)     Total                          Min: 0, Avg:  0.0, Max: 0, Diff: 0, Sum: 0, Workers: 4
[261.400s][debug][gc,phases      ] GC(35) Weak Processing 0.438ms
[261.400s][debug][gc,age         ] GC(35) Desired survivor size 251658240 bytes, new threshold 15 (max threshold 15)
[261.400s][info ][gc,heap        ] GC(35) PSYoungGen: 1572336K(1834496K)->19104K(1816576K) Eden: 1553920K(1553920K)->0K(1553920K) From: 18416K(280576K)->19104K(262656K)
[261.400s][info ][gc,heap        ] GC(35) ParOldGen: 444895K(558080K)->444903K(558080K)
[261.400s][info ][gc,metaspace   ] GC(35) Metaspace: 80470K(81472K)->80470K(81472K) NonClass: 69020K(69568K)->69020K(69568K) Class: 11450K(11904K)->11450K(11904K)
[261.401s][info ][gc             ] GC(35) Pause Young (Allocation Failure) 1969M->453M(2319M) 13.509ms
[261.401s][info ][gc,cpu         ] GC(35) User=0.04s Sys=0.00s Real=0.01s
[261.401s][info ][safepoint      ] Safepoint "ParallelGCFailedAllocation", Time since last: 572846798 ns, Reaching safepoint: 57001 ns, At safepoint: 13589802 ns, Total: 13646803 ns
[262.401s][info ][safepoint      ] Safepoint "Cleanup", Time since last: 1000092468 ns, Reaching safepoint: 135003 ns, At safepoint: 5200 ns, Total: 140203 ns
[263.401s][info ][safepoint      ] Safepoint "Cleanup", Time since last: 1000123470 ns, Reaching safepoint: 145903 ns, At safepoint: 6600 ns, Total: 152503 ns
[264.401s][info ][safepoint      ] Safepoint "Cleanup", Time since last: 1000116670 ns, Reaching safepoint: 121602 ns, At safepoint: 5200 ns, Total: 126802 ns
[265.402s][info ][safepoint      ] Safepoint "Cleanup", Time since last: 1000123470 ns, Reaching safepoint: 121902 ns, At safepoint: 6401 ns, Total: 128303 ns
[266.402s][info ][safepoint      ] Safepoint "Cleanup", Time since last: 1000112169 ns, Reaching safepoint: 118002 ns, At safepoint: 8201 ns, Total: 126203 ns
[269.402s][info ][safepoint      ] Safepoint "Cleanup", Time since last: 3000482427 ns, Reaching safepoint: 130703 ns, At safepoint: 5900 ns, Total: 136603 ns
[272.403s][info ][safepoint      ] Safepoint "Cleanup", Time since last: 3000306047 ns, Reaching safepoint: 102002 ns, At safepoint: 7800 ns, Total: 109802 ns
[274.403s][info ][safepoint      ] Safepoint "Cleanup", Time since last: 2000196931 ns, Reaching safepoint: 128403 ns, At safepoint: 6800 ns, Total: 135203 ns
[276.403s][info ][safepoint      ] Safepoint "Cleanup", Time since last: 2000188133 ns, Reaching safepoint: 126603 ns, At safepoint: 7100 ns, Total: 133703 ns
[277.404s][info ][safepoint      ] Safepoint "Cleanup", Time since last: 1000131622 ns, Reaching safepoint: 146903 ns, At safepoint: 6900 ns, Total: 153803 ns
[277.642s][info ][gc,start       ] GC(36) Pause Young (Allocation Failure)
[277.652s][debug][gc,phases      ] GC(36) Scavenge 9.740ms
[277.652s][debug][gc,ref         ] GC(36) Skipped phase 1 of Reference Processing: no references
[277.652s][debug][gc,ref         ] GC(36) ReferenceProcessor::execute queues: 1, RefProcThreadModel::Single, marks_oops_alive: false
[277.652s][debug][gc,ref         ] GC(36) Skipped phase 3 of Reference Processing: no references
[277.652s][debug][gc,ref         ] GC(36) ReferenceProcessor::execute queues: 1, RefProcThreadModel::Single, marks_oops_alive: false
[277.652s][debug][gc,phases      ] GC(36) Reference Processing 0.128ms
[277.652s][debug][gc,phases      ] GC(36)   VM Weak                        Min:  0.0, Avg:  0.0, Max:  0.0, Diff:  0.0, Sum:  0.0, Workers: 4
[277.652s][debug][gc,phases      ] GC(36)     Dead                           Min: 0, Avg:  0.0, Max: 0, Diff: 0, Sum: 0, Workers: 4
[277.652s][debug][gc,phases      ] GC(36)     Total                          Min: 0, Avg: 222.5, Max: 448, Diff: 448, Sum: 890, Workers: 4
[277.652s][debug][gc,phases      ] GC(36)   ObjectSynchronizer Weak        Min:  0.0, Avg:  0.0, Max:  0.0, Diff:  0.0, Sum:  0.0, Workers: 4
[277.652s][debug][gc,phases      ] GC(36)     Dead                           Min: 0, Avg:  0.0, Max: 0, Diff: 0, Sum: 0, Workers: 4
[277.652s][debug][gc,phases      ] GC(36)     Total                          Min: 0, Avg:  7.2, Max: 29, Diff: 29, Sum: 29, Workers: 4
[277.652s][debug][gc,phases      ] GC(36)   JVMTI Tag Weak OopStorage      Min:  0.0, Avg:  0.0, Max:  0.0, Diff:  0.0, Sum:  0.0, Workers: 4
[277.652s][debug][gc,phases      ] GC(36)     Dead                           Min: 0, Avg:  0.0, Max: 0, Diff: 0, Sum: 0, Workers: 4
[277.652s][debug][gc,phases      ] GC(36)     Total                          Min: 0, Avg:  0.0, Max: 0, Diff: 0, Sum: 0, Workers: 4
[277.652s][debug][gc,phases      ] GC(36)   StringTable Weak               Min:  0.0, Avg:  0.1, Max:  0.1, Diff:  0.1, Sum:  0.4, Workers: 4
[277.652s][debug][gc,phases      ] GC(36)     Dead                           Min: 0, Avg:  1.0, Max: 4, Diff: 4, Sum: 4, Workers: 4
[277.652s][debug][gc,phases      ] GC(36)     Total                          Min: 0, Avg: 10720.5, Max: 16258, Diff: 16258, Sum: 42882, Workers: 4
[277.652s][debug][gc,phases      ] GC(36)   ResolvedMethodTable Weak       Min:  0.0, Avg:  0.0, Max:  0.0, Diff:  0.0, Sum:  0.1, Workers: 4
[277.652s][debug][gc,phases      ] GC(36)     Dead                           Min: 0, Avg:  0.0, Max: 0, Diff: 0, Sum: 0, Workers: 4
[277.652s][debug][gc,phases      ] GC(36)     Total                          Min: 0, Avg: 2287.5, Max: 3454, Diff: 3454, Sum: 9150, Workers: 4
[277.652s][debug][gc,phases      ] GC(36)   JNI Weak                       Min:  0.0, Avg:  0.0, Max:  0.0, Diff:  0.0, Sum:  0.0, Workers: 4
[277.652s][debug][gc,phases      ] GC(36)     Dead                           Min: 0, Avg:  0.0, Max: 0, Diff: 0, Sum: 0, Workers: 4
[277.652s][debug][gc,phases      ] GC(36)     Total                          Min: 0, Avg: 11.2, Max: 45, Diff: 45, Sum: 45, Workers: 4
[277.652s][debug][gc,phases      ] GC(36)   StringDedup Table Weak         Min:  0.0, Avg:  0.0, Max:  0.0, Diff:  0.0, Sum:  0.0, Workers: 4
[277.652s][debug][gc,phases      ] GC(36)     Dead                           Min: 0, Avg:  0.0, Max: 0, Diff: 0, Sum: 0, Workers: 4
[277.652s][debug][gc,phases      ] GC(36)     Total                          Min: 0, Avg:  0.0, Max: 0, Diff: 0, Sum: 0, Workers: 4
[277.652s][debug][gc,phases      ] GC(36)   StringDedup Requests0 Weak     Min:  0.0, Avg:  0.0, Max:  0.0, Diff:  0.0, Sum:  0.0, Workers: 4
[277.652s][debug][gc,phases      ] GC(36)     Dead                           Min: 0, Avg:  0.0, Max: 0, Diff: 0, Sum: 0, Workers: 4
[277.652s][debug][gc,phases      ] GC(36)     Total                          Min: 0, Avg:  0.0, Max: 0, Diff: 0, Sum: 0, Workers: 4
[277.652s][debug][gc,phases      ] GC(36)   StringDedup Requests1 Weak     Min:  0.0, Avg:  0.0, Max:  0.0, Diff:  0.0, Sum:  0.0, Workers: 4
[277.652s][debug][gc,phases      ] GC(36)     Dead                           Min: 0, Avg:  0.0, Max: 0, Diff: 0, Sum: 0, Workers: 4
[277.652s][debug][gc,phases      ] GC(36)     Total                          Min: 0, Avg:  0.0, Max: 0, Diff: 0, Sum: 0, Workers: 4
[277.652s][debug][gc,phases      ] GC(36)   Weak JFR Old Object Samples    Min:  0.0, Avg:  0.0, Max:  0.0, Diff:  0.0, Sum:  0.0, Workers: 4
[277.652s][debug][gc,phases      ] GC(36)     Dead                           Min: 0, Avg:  0.0, Max: 0, Diff: 0, Sum: 0, Workers: 4
[277.652s][debug][gc,phases      ] GC(36)     Total                          Min: 0, Avg:  0.0, Max: 0, Diff: 0, Sum: 0, Workers: 4
[277.652s][debug][gc,phases      ] GC(36) Weak Processing 0.388ms
[277.652s][debug][gc,age         ] GC(36) Desired survivor size 234881024 bytes, new threshold 15 (max threshold 15)
[277.652s][info ][gc,heap        ] GC(36) PSYoungGen: 1573024K(1816576K)->18832K(1867776K) Eden: 1553920K(1553920K)->0K(1622016K) From: 19104K(262656K)->18832K(245760K)
[277.652s][info ][gc,heap        ] GC(36) ParOldGen: 444903K(558080K)->444911K(558080K)
[277.652s][info ][gc,metaspace   ] GC(36) Metaspace: 80553K(81664K)->80553K(81664K) NonClass: 69090K(69696K)->69090K(69696K) Class: 11463K(11968K)->11463K(11968K)
[277.652s][info ][gc             ] GC(36) Pause Young (Allocation Failure) 1970M->452M(2369M) 10.426ms
[277.652s][info ][gc,cpu         ] GC(36) User=0.03s Sys=0.00s Real=0.02s
[277.652s][info ][safepoint      ] Safepoint "ParallelGCFailedAllocation", Time since last: 237994312 ns, Reaching safepoint: 116403 ns, At safepoint: 10502934 ns, Total: 10619337 ns
[278.653s][info ][safepoint      ] Safepoint "Cleanup", Time since last: 1000094121 ns, Reaching safepoint: 117103 ns, At safepoint: 5200 ns, Total: 122303 ns
[279.892s][info ][safepoint      ] Safepoint "Cleanup", Time since last: 1239241958 ns, Reaching safepoint: 166504 ns, At safepoint: 7700 ns, Total: 174204 ns
[280.892s][info ][safepoint      ] Safepoint "Cleanup", Time since last: 1000123322 ns, Reaching safepoint: 108902 ns, At safepoint: 7301 ns, Total: 116203 ns
[282.893s][info ][safepoint      ] Safepoint "Cleanup", Time since last: 2000201442 ns, Reaching safepoint: 123003 ns, At safepoint: 5000 ns, Total: 128003 ns
[283.893s][info ][safepoint      ] Safepoint "Cleanup", Time since last: 1000126122 ns, Reaching safepoint: 115702 ns, At safepoint: 8200 ns, Total: 123902 ns
[286.893s][info ][safepoint      ] Safepoint "Cleanup", Time since last: 3000269507 ns, Reaching safepoint: 123203 ns, At safepoint: 5000 ns, Total: 128203 ns
[287.893s][info ][safepoint      ] Safepoint "Cleanup", Time since last: 1000122500 ns, Reaching safepoint: 117002 ns, At safepoint: 4900 ns, Total: 121902 ns
[288.894s][info ][safepoint      ] Safepoint "Cleanup", Time since last: 1000113700 ns, Reaching safepoint: 119602 ns, At safepoint: 4600 ns, Total: 124202 ns
[289.894s][info ][safepoint      ] Safepoint "Cleanup", Time since last: 1000120700 ns, Reaching safepoint: 110103 ns, At safepoint: 8000 ns, Total: 118103 ns
[291.894s][info ][safepoint      ] Safepoint "Cleanup", Time since last: 2000194898 ns, Reaching safepoint: 124503 ns, At safepoint: 9600 ns, Total: 134103 ns
[293.895s][info ][safepoint      ] Safepoint "Cleanup", Time since last: 2000205541 ns, Reaching safepoint: 290906 ns, At safepoint: 5801 ns, Total: 296707 ns
[294.642s][info ][gc,start       ] GC(37) Pause Young (Allocation Failure)
[294.654s][debug][gc,phases      ] GC(37) Scavenge 11.153ms
[294.654s][debug][gc,ref         ] GC(37) Skipped phase 1 of Reference Processing: no references
[294.654s][debug][gc,ref         ] GC(37) ReferenceProcessor::execute queues: 1, RefProcThreadModel::Single, marks_oops_alive: false
[294.654s][debug][gc,ref         ] GC(37) Skipped phase 3 of Reference Processing: no references
[294.654s][debug][gc,ref         ] GC(37) ReferenceProcessor::execute queues: 1, RefProcThreadModel::Single, marks_oops_alive: false
[294.654s][debug][gc,phases      ] GC(37) Reference Processing 0.134ms
[294.654s][debug][gc,phases      ] GC(37)   VM Weak                        Min:  0.0, Avg:  0.0, Max:  0.0, Diff:  0.0, Sum:  0.0, Workers: 4
[294.654s][debug][gc,phases      ] GC(37)     Dead                           Min: 0, Avg:  0.0, Max: 0, Diff: 0, Sum: 0, Workers: 4
[294.654s][debug][gc,phases      ] GC(37)     Total                          Min: 0, Avg: 222.5, Max: 634, Diff: 634, Sum: 890, Workers: 4
[294.654s][debug][gc,phases      ] GC(37)   ObjectSynchronizer Weak        Min:  0.0, Avg:  0.0, Max:  0.0, Diff:  0.0, Sum:  0.0, Workers: 4
[294.654s][debug][gc,phases      ] GC(37)     Dead                           Min: 0, Avg:  0.0, Max: 0, Diff: 0, Sum: 0, Workers: 4
[294.654s][debug][gc,phases      ] GC(37)     Total                          Min: 0, Avg:  7.2, Max: 29, Diff: 29, Sum: 29, Workers: 4
[294.654s][debug][gc,phases      ] GC(37)   JVMTI Tag Weak OopStorage      Min:  0.0, Avg:  0.0, Max:  0.0, Diff:  0.0, Sum:  0.0, Workers: 4
[294.654s][debug][gc,phases      ] GC(37)     Dead                           Min: 0, Avg:  0.0, Max: 0, Diff: 0, Sum: 0, Workers: 4
[294.654s][debug][gc,phases      ] GC(37)     Total                          Min: 0, Avg:  0.0, Max: 0, Diff: 0, Sum: 0, Workers: 4
[294.654s][debug][gc,phases      ] GC(37)   StringTable Weak               Min:  0.0, Avg:  0.1, Max:  0.1, Diff:  0.1, Sum:  0.4, Workers: 4
[294.654s][debug][gc,phases      ] GC(37)     Dead                           Min: 0, Avg:  0.0, Max: 0, Diff: 0, Sum: 0, Workers: 4
[294.654s][debug][gc,phases      ] GC(37)     Total                          Min: 0, Avg: 10721.0, Max: 15808, Diff: 15808, Sum: 42884, Workers: 4
[294.654s][debug][gc,phases      ] GC(37)   ResolvedMethodTable Weak       Min:  0.0, Avg:  0.0, Max:  0.0, Diff:  0.0, Sum:  0.1, Workers: 4
[294.654s][debug][gc,phases      ] GC(37)     Dead                           Min: 0, Avg:  0.0, Max: 0, Diff: 0, Sum: 0, Workers: 4
[294.654s][debug][gc,phases      ] GC(37)     Total                          Min: 0, Avg: 2287.5, Max: 3776, Diff: 3776, Sum: 9150, Workers: 4
[294.654s][debug][gc,phases      ] GC(37)   JNI Weak                       Min:  0.0, Avg:  0.0, Max:  0.0, Diff:  0.0, Sum:  0.0, Workers: 4
[294.654s][debug][gc,phases      ] GC(37)     Dead                           Min: 0, Avg:  0.0, Max: 0, Diff: 0, Sum: 0, Workers: 4
[294.654s][debug][gc,phases      ] GC(37)     Total                          Min: 0, Avg: 11.2, Max: 45, Diff: 45, Sum: 45, Workers: 4
[294.654s][debug][gc,phases      ] GC(37)   StringDedup Table Weak         Min:  0.0, Avg:  0.0, Max:  0.0, Diff:  0.0, Sum:  0.0, Workers: 4
[294.654s][debug][gc,phases      ] GC(37)     Dead                           Min: 0, Avg:  0.0, Max: 0, Diff: 0, Sum: 0, Workers: 4
[294.654s][debug][gc,phases      ] GC(37)     Total                          Min: 0, Avg:  0.0, Max: 0, Diff: 0, Sum: 0, Workers: 4
[294.654s][debug][gc,phases      ] GC(37)   StringDedup Requests0 Weak     Min:  0.0, Avg:  0.0, Max:  0.0, Diff:  0.0, Sum:  0.0, Workers: 4
[294.654s][debug][gc,phases      ] GC(37)     Dead                           Min: 0, Avg:  0.0, Max: 0, Diff: 0, Sum: 0, Workers: 4
[294.654s][debug][gc,phases      ] GC(37)     Total                          Min: 0, Avg:  0.0, Max: 0, Diff: 0, Sum: 0, Workers: 4
[294.654s][debug][gc,phases      ] GC(37)   StringDedup Requests1 Weak     Min:  0.0, Avg:  0.0, Max:  0.0, Diff:  0.0, Sum:  0.0, Workers: 4
[294.654s][debug][gc,phases      ] GC(37)     Dead                           Min: 0, Avg:  0.0, Max: 0, Diff: 0, Sum: 0, Workers: 4
[294.654s][debug][gc,phases      ] GC(37)     Total                          Min: 0, Avg:  0.0, Max: 0, Diff: 0, Sum: 0, Workers: 4
[294.654s][debug][gc,phases      ] GC(37)   Weak JFR Old Object Samples    Min:  0.0, Avg:  0.0, Max:  0.0, Diff:  0.0, Sum:  0.0, Workers: 4
[294.654s][debug][gc,phases      ] GC(37)     Dead                           Min: 0, Avg:  0.0, Max: 0, Diff: 0, Sum: 0, Workers: 4
[294.654s][debug][gc,phases      ] GC(37)     Total                          Min: 0, Avg:  0.0, Max: 0, Diff: 0, Sum: 0, Workers: 4
[294.654s][debug][gc,phases      ] GC(37) Weak Processing 0.387ms
[294.654s][debug][gc,age         ] GC(37) Desired survivor size 220200960 bytes, new threshold 15 (max threshold 15)
[294.654s][info ][gc,heap        ] GC(37) PSYoungGen: 1640848K(1867776K)->14976K(1851392K) Eden: 1622016K(1622016K)->0K(1622016K) From: 18832K(245760K)->14976K(229376K)
[294.654s][info ][gc,heap        ] GC(37) ParOldGen: 444911K(558080K)->448419K(558080K)
[294.654s][info ][gc,metaspace   ] GC(37) Metaspace: 80587K(81664K)->80587K(81664K) NonClass: 69124K(69696K)->69124K(69696K) Class: 11463K(11968K)->11463K(11968K)
[294.654s][info ][gc             ] GC(37) Pause Young (Allocation Failure) 2036M->452M(2353M) 11.811ms
[294.654s][info ][gc,cpu         ] GC(37) User=0.03s Sys=0.00s Real=0.02s
[294.654s][info ][safepoint      ] Safepoint "ParallelGCFailedAllocation", Time since last: 747385146 ns, Reaching safepoint: 112902 ns, At safepoint: 11894465 ns, Total: 12007367 ns
[296.327s][info ][safepoint      ] Safepoint "Cleanup", Time since last: 1672719257 ns, Reaching safepoint: 78501 ns, At safepoint: 3400 ns, Total: 81901 ns
[298.327s][info ][safepoint      ] Safepoint "Cleanup", Time since last: 2000203351 ns, Reaching safepoint: 47901 ns, At safepoint: 6600 ns, Total: 54501 ns
[299.327s][info ][safepoint      ] Safepoint "Cleanup", Time since last: 1000118075 ns, Reaching safepoint: 55301 ns, At safepoint: 4200 ns, Total: 59501 ns
[301.328s][info ][safepoint      ] Safepoint "Cleanup", Time since last: 2000179952 ns, Reaching safepoint: 61001 ns, At safepoint: 3400 ns, Total: 64401 ns
[304.810s][info ][safepoint      ] Safepoint "Cleanup", Time since last: 3481943997 ns, Reaching safepoint: 139203 ns, At safepoint: 11100 ns, Total: 150303 ns
[305.810s][info ][safepoint      ] Safepoint "Cleanup", Time since last: 1000118058 ns, Reaching safepoint: 186405 ns, At safepoint: 5500 ns, Total: 191905 ns
[306.810s][info ][safepoint      ] Safepoint "Cleanup", Time since last: 1000113658 ns, Reaching safepoint: 45501 ns, At safepoint: 3500 ns, Total: 49001 ns
[307.810s][info ][safepoint      ] Safepoint "Cleanup", Time since last: 1000126158 ns, Reaching safepoint: 117103 ns, At safepoint: 4600 ns, Total: 121703 ns
[308.811s][info ][safepoint      ] Safepoint "Cleanup", Time since last: 1000420828 ns, Reaching safepoint: 78901 ns, At safepoint: 5400 ns, Total: 84301 ns
[310.811s][info ][safepoint      ] Safepoint "Cleanup", Time since last: 2000178499 ns, Reaching safepoint: 45201 ns, At safepoint: 15300 ns, Total: 60501 ns
[311.557s][info ][gc,start       ] GC(38) Pause Young (Allocation Failure)
[311.567s][debug][gc,phases      ] GC(38) Scavenge 10.041ms
[311.567s][debug][gc,ref         ] GC(38) Skipped phase 1 of Reference Processing: no references
[311.567s][debug][gc,ref         ] GC(38) ReferenceProcessor::execute queues: 1, RefProcThreadModel::Single, marks_oops_alive: false
[311.567s][debug][gc,ref         ] GC(38) Skipped phase 3 of Reference Processing: no references
[311.567s][debug][gc,ref         ] GC(38) ReferenceProcessor::execute queues: 1, RefProcThreadModel::Single, marks_oops_alive: false
[311.567s][debug][gc,phases      ] GC(38) Reference Processing 0.130ms
[311.568s][debug][gc,phases      ] GC(38)   VM Weak                        Min:  0.0, Avg:  0.0, Max:  0.0, Diff:  0.0, Sum:  0.0, Workers: 4
[311.568s][debug][gc,phases      ] GC(38)     Dead                           Min: 0, Avg:  0.0, Max: 0, Diff: 0, Sum: 0, Workers: 4
[311.568s][debug][gc,phases      ] GC(38)     Total                          Min: 0, Avg: 222.5, Max: 378, Diff: 378, Sum: 890, Workers: 4
[311.568s][debug][gc,phases      ] GC(38)   ObjectSynchronizer Weak        Min:  0.0, Avg:  0.0, Max:  0.0, Diff:  0.0, Sum:  0.0, Workers: 4
[311.568s][debug][gc,phases      ] GC(38)     Dead                           Min: 0, Avg:  0.0, Max: 0, Diff: 0, Sum: 0, Workers: 4
[311.568s][debug][gc,phases      ] GC(38)     Total                          Min: 0, Avg:  7.2, Max: 29, Diff: 29, Sum: 29, Workers: 4
[311.568s][debug][gc,phases      ] GC(38)   JVMTI Tag Weak OopStorage      Min:  0.0, Avg:  0.0, Max:  0.0, Diff:  0.0, Sum:  0.0, Workers: 4
[311.568s][debug][gc,phases      ] GC(38)     Dead                           Min: 0, Avg:  0.0, Max: 0, Diff: 0, Sum: 0, Workers: 4
[311.568s][debug][gc,phases      ] GC(38)     Total                          Min: 0, Avg:  0.0, Max: 0, Diff: 0, Sum: 0, Workers: 4
[311.568s][debug][gc,phases      ] GC(38)   StringTable Weak               Min:  0.0, Avg:  0.1, Max:  0.1, Diff:  0.1, Sum:  0.4, Workers: 4
[311.568s][debug][gc,phases      ] GC(38)     Dead                           Min: 0, Avg:  0.0, Max: 0, Diff: 0, Sum: 0, Workers: 4
[311.568s][debug][gc,phases      ] GC(38)     Total                          Min: 0, Avg: 10721.5, Max: 16064, Diff: 16064, Sum: 42886, Workers: 4
[311.568s][debug][gc,phases      ] GC(38)   ResolvedMethodTable Weak       Min:  0.0, Avg:  0.0, Max:  0.0, Diff:  0.0, Sum:  0.1, Workers: 4
[311.568s][debug][gc,phases      ] GC(38)     Dead                           Min: 0, Avg:  0.0, Max: 0, Diff: 0, Sum: 0, Workers: 4
[311.568s][debug][gc,phases      ] GC(38)     Total                          Min: 0, Avg: 2287.8, Max: 3328, Diff: 3328, Sum: 9151, Workers: 4
[311.568s][debug][gc,phases      ] GC(38)   JNI Weak                       Min:  0.0, Avg:  0.0, Max:  0.0, Diff:  0.0, Sum:  0.0, Workers: 4
[311.568s][debug][gc,phases      ] GC(38)     Dead                           Min: 0, Avg:  0.0, Max: 0, Diff: 0, Sum: 0, Workers: 4
[311.568s][debug][gc,phases      ] GC(38)     Total                          Min: 0, Avg: 11.2, Max: 45, Diff: 45, Sum: 45, Workers: 4
[311.568s][debug][gc,phases      ] GC(38)   StringDedup Table Weak         Min:  0.0, Avg:  0.0, Max:  0.0, Diff:  0.0, Sum:  0.0, Workers: 4
[311.568s][debug][gc,phases      ] GC(38)     Dead                           Min: 0, Avg:  0.0, Max: 0, Diff: 0, Sum: 0, Workers: 4
[311.568s][debug][gc,phases      ] GC(38)     Total                          Min: 0, Avg:  0.0, Max: 0, Diff: 0, Sum: 0, Workers: 4
[311.568s][debug][gc,phases      ] GC(38)   StringDedup Requests0 Weak     Min:  0.0, Avg:  0.0, Max:  0.0, Diff:  0.0, Sum:  0.0, Workers: 4
[311.568s][debug][gc,phases      ] GC(38)     Dead                           Min: 0, Avg:  0.0, Max: 0, Diff: 0, Sum: 0, Workers: 4
[311.568s][debug][gc,phases      ] GC(38)     Total                          Min: 0, Avg:  0.0, Max: 0, Diff: 0, Sum: 0, Workers: 4
[311.568s][debug][gc,phases      ] GC(38)   StringDedup Requests1 Weak     Min:  0.0, Avg:  0.0, Max:  0.0, Diff:  0.0, Sum:  0.0, Workers: 4
[311.568s][debug][gc,phases      ] GC(38)     Dead                           Min: 0, Avg:  0.0, Max: 0, Diff: 0, Sum: 0, Workers: 4
[311.568s][debug][gc,phases      ] GC(38)     Total                          Min: 0, Avg:  0.0, Max: 0, Diff: 0, Sum: 0, Workers: 4
[311.568s][debug][gc,phases      ] GC(38)   Weak JFR Old Object Samples    Min:  0.0, Avg:  0.0, Max:  0.0, Diff:  0.0, Sum:  0.0, Workers: 4
[311.568s][debug][gc,phases      ] GC(38)     Dead                           Min: 0, Avg:  0.0, Max: 0, Diff: 0, Sum: 0, Workers: 4
[311.568s][debug][gc,phases      ] GC(38)     Total                          Min: 0, Avg:  0.0, Max: 0, Diff: 0, Sum: 0, Workers: 4
[311.568s][debug][gc,phases      ] GC(38) Weak Processing 0.380ms
[311.568s][debug][gc,age         ] GC(38) Desired survivor size 206045184 bytes, new threshold 15 (max threshold 15)
[311.568s][info ][gc,heap        ] GC(38) PSYoungGen: 1636992K(1851392K)->14720K(1895936K) Eden: 1622016K(1622016K)->0K(1680896K) From: 14976K(229376K)->14720K(215040K)
[311.568s][info ][gc,heap        ] GC(38) ParOldGen: 448419K(558080K)->448971K(558080K)
[311.568s][info ][gc,metaspace   ] GC(38) Metaspace: 80608K(81664K)->80608K(81664K) NonClass: 69144K(69696K)->69144K(69696K) Class: 11463K(11968K)->11463K(11968K)
[311.568s][info ][gc             ] GC(38) Pause Young (Allocation Failure) 2036M->452M(2396M) 10.691ms
[311.568s][info ][gc,cpu         ] GC(38) User=0.02s Sys=0.01s Real=0.01s
[311.568s][info ][safepoint      ] Safepoint "ParallelGCFailedAllocation", Time since last: 745787692 ns, Reaching safepoint: 61001 ns, At safepoint: 10773940 ns, Total: 10834941 ns
[312.568s][info ][safepoint      ] Safepoint "Cleanup", Time since last: 1000090449 ns, Reaching safepoint: 52501 ns, At safepoint: 2900 ns, Total: 55401 ns
[313.568s][info ][safepoint      ] Safepoint "Cleanup", Time since last: 1000110950 ns, Reaching safepoint: 134303 ns, At safepoint: 9500 ns, Total: 143803 ns
[314.568s][info ][safepoint      ] Safepoint "Cleanup", Time since last: 1000113150 ns, Reaching safepoint: 45501 ns, At safepoint: 3100 ns, Total: 48601 ns
[315.569s][info ][safepoint      ] Safepoint "Cleanup", Time since last: 1000107750 ns, Reaching safepoint: 54101 ns, At safepoint: 3500 ns, Total: 57601 ns
[317.206s][info ][safepoint      ] Safepoint "Cleanup", Time since last: 1637198425 ns, Reaching safepoint: 57301 ns, At safepoint: 3000 ns, Total: 60301 ns
[318.206s][info ][safepoint      ] Safepoint "Cleanup", Time since last: 1000121552 ns, Reaching safepoint: 65901 ns, At safepoint: 3100 ns, Total: 69001 ns
[320.206s][info ][safepoint      ] Safepoint "Cleanup", Time since last: 2000157402 ns, Reaching safepoint: 49301 ns, At safepoint: 5100 ns, Total: 54401 ns
[321.207s][info ][safepoint      ] Safepoint "Cleanup", Time since last: 1000108651 ns, Reaching safepoint: 177404 ns, At safepoint: 6800 ns, Total: 184204 ns
[322.207s][info ][safepoint      ] Safepoint "Cleanup", Time since last: 1000074851 ns, Reaching safepoint: 41901 ns, At safepoint: 2500 ns, Total: 44401 ns
[323.207s][info ][safepoint      ] Safepoint "Cleanup", Time since last: 1000106451 ns, Reaching safepoint: 43401 ns, At safepoint: 2700 ns, Total: 46101 ns
[324.207s][info ][safepoint      ] Safepoint "Cleanup", Time since last: 1000129955 ns, Reaching safepoint: 103103 ns, At safepoint: 8100 ns, Total: 111203 ns
[325.207s][info ][safepoint      ] Safepoint "Cleanup", Time since last: 1000119731 ns, Reaching safepoint: 43001 ns, At safepoint: 2800 ns, Total: 45801 ns
[326.207s][info ][safepoint      ] Safepoint "Cleanup", Time since last: 1000124631 ns, Reaching safepoint: 115903 ns, At safepoint: 6000 ns, Total: 121903 ns
[327.208s][info ][safepoint      ] Safepoint "Cleanup", Time since last: 1000092430 ns, Reaching safepoint: 47501 ns, At safepoint: 2800 ns, Total: 50301 ns
[328.142s][info ][gc,start       ] GC(39) Pause Young (Allocation Failure)
[328.151s][debug][gc,phases      ] GC(39) Scavenge 9.177ms
[328.151s][debug][gc,ref         ] GC(39) Skipped phase 1 of Reference Processing: no references
[328.151s][debug][gc,ref         ] GC(39) ReferenceProcessor::execute queues: 1, RefProcThreadModel::Single, marks_oops_alive: false
[328.151s][debug][gc,ref         ] GC(39) Skipped phase 3 of Reference Processing: no references
[328.151s][debug][gc,ref         ] GC(39) ReferenceProcessor::execute queues: 1, RefProcThreadModel::Single, marks_oops_alive: false
[328.151s][debug][gc,phases      ] GC(39) Reference Processing 0.136ms
[328.151s][debug][gc,phases      ] GC(39)   VM Weak                        Min:  0.0, Avg:  0.0, Max:  0.0, Diff:  0.0, Sum:  0.0, Workers: 4
[328.151s][debug][gc,phases      ] GC(39)     Dead                           Min: 0, Avg:  0.0, Max: 0, Diff: 0, Sum: 0, Workers: 4
[328.151s][debug][gc,phases      ] GC(39)     Total                          Min: 0, Avg: 222.8, Max: 704, Diff: 704, Sum: 891, Workers: 4
[328.152s][debug][gc,phases      ] GC(39)   ObjectSynchronizer Weak        Min:  0.0, Avg:  0.0, Max:  0.0, Diff:  0.0, Sum:  0.0, Workers: 4
[328.152s][debug][gc,phases      ] GC(39)     Dead                           Min: 0, Avg:  0.0, Max: 0, Diff: 0, Sum: 0, Workers: 4
[328.152s][debug][gc,phases      ] GC(39)     Total                          Min: 0, Avg:  7.2, Max: 29, Diff: 29, Sum: 29, Workers: 4
[328.152s][debug][gc,phases      ] GC(39)   JVMTI Tag Weak OopStorage      Min:  0.0, Avg:  0.0, Max:  0.0, Diff:  0.0, Sum:  0.0, Workers: 4
[328.152s][debug][gc,phases      ] GC(39)     Dead                           Min: 0, Avg:  0.0, Max: 0, Diff: 0, Sum: 0, Workers: 4
[328.152s][debug][gc,phases      ] GC(39)     Total                          Min: 0, Avg:  0.0, Max: 0, Diff: 0, Sum: 0, Workers: 4
[328.152s][debug][gc,phases      ] GC(39)   StringTable Weak               Min:  0.1, Avg:  0.1, Max:  0.1, Diff:  0.0, Sum:  0.4, Workers: 4
[328.152s][debug][gc,phases      ] GC(39)     Dead                           Min: 0, Avg:  0.8, Max: 3, Diff: 3, Sum: 3, Workers: 4
[328.152s][debug][gc,phases      ] GC(39)     Total                          Min: 9920, Avg: 10736.0, Max: 11264, Diff: 1344, Sum: 42944, Workers: 4
[328.152s][debug][gc,phases      ] GC(39)   ResolvedMethodTable Weak       Min:  0.0, Avg:  0.0, Max:  0.0, Diff:  0.0, Sum:  0.1, Workers: 4
[328.152s][debug][gc,phases      ] GC(39)     Dead                           Min: 0, Avg:  4.2, Max: 17, Diff: 17, Sum: 17, Workers: 4
[328.152s][debug][gc,phases      ] GC(39)     Total                          Min: 2048, Avg: 2305.0, Max: 2624, Diff: 576, Sum: 9220, Workers: 4
[328.152s][debug][gc,phases      ] GC(39)   JNI Weak                       Min:  0.0, Avg:  0.0, Max:  0.0, Diff:  0.0, Sum:  0.0, Workers: 4
[328.152s][debug][gc,phases      ] GC(39)     Dead                           Min: 0, Avg:  0.0, Max: 0, Diff: 0, Sum: 0, Workers: 4
[328.152s][debug][gc,phases      ] GC(39)     Total                          Min: 0, Avg: 11.2, Max: 45, Diff: 45, Sum: 45, Workers: 4
[328.152s][debug][gc,phases      ] GC(39)   StringDedup Table Weak         Min:  0.0, Avg:  0.0, Max:  0.0, Diff:  0.0, Sum:  0.0, Workers: 4
[328.152s][debug][gc,phases      ] GC(39)     Dead                           Min: 0, Avg:  0.0, Max: 0, Diff: 0, Sum: 0, Workers: 4
[328.152s][debug][gc,phases      ] GC(39)     Total                          Min: 0, Avg:  0.0, Max: 0, Diff: 0, Sum: 0, Workers: 4
[328.152s][debug][gc,phases      ] GC(39)   StringDedup Requests0 Weak     Min:  0.0, Avg:  0.0, Max:  0.0, Diff:  0.0, Sum:  0.0, Workers: 4
[328.152s][debug][gc,phases      ] GC(39)     Dead                           Min: 0, Avg:  0.0, Max: 0, Diff: 0, Sum: 0, Workers: 4
[328.152s][debug][gc,phases      ] GC(39)     Total                          Min: 0, Avg:  0.0, Max: 0, Diff: 0, Sum: 0, Workers: 4
[328.152s][debug][gc,phases      ] GC(39)   StringDedup Requests1 Weak     Min:  0.0, Avg:  0.0, Max:  0.0, Diff:  0.0, Sum:  0.0, Workers: 4
[328.152s][debug][gc,phases      ] GC(39)     Dead                           Min: 0, Avg:  0.0, Max: 0, Diff: 0, Sum: 0, Workers: 4
[328.152s][debug][gc,phases      ] GC(39)     Total                          Min: 0, Avg:  0.0, Max: 0, Diff: 0, Sum: 0, Workers: 4
[328.152s][debug][gc,phases      ] GC(39)   Weak JFR Old Object Samples    Min:  0.0, Avg:  0.0, Max:  0.0, Diff:  0.0, Sum:  0.0, Workers: 4
[328.152s][debug][gc,phases      ] GC(39)     Dead                           Min: 0, Avg:  0.0, Max: 0, Diff: 0, Sum: 0, Workers: 4
[328.152s][debug][gc,phases      ] GC(39)     Total                          Min: 0, Avg:  0.0, Max: 0, Diff: 0, Sum: 0, Workers: 4
[328.152s][debug][gc,phases      ] GC(39) Weak Processing 0.356ms
[328.152s][debug][gc,age         ] GC(39) Desired survivor size 192937984 bytes, new threshold 15 (max threshold 15)
[328.152s][info ][gc,heap        ] GC(39) PSYoungGen: 1695616K(1895936K)->14512K(1882112K) Eden: 1680896K(1680896K)->0K(1680896K) From: 14720K(215040K)->14512K(201216K)
[328.152s][info ][gc,heap        ] GC(39) ParOldGen: 448971K(558080K)->449155K(558080K)
[328.152s][info ][gc,metaspace   ] GC(39) Metaspace: 80838K(81920K)->80838K(81920K) NonClass: 69341K(69952K)->69341K(69952K) Class: 11496K(11968K)->11496K(11968K)
[328.152s][info ][gc             ] GC(39) Pause Young (Allocation Failure) 2094M->452M(2383M) 9.811ms
[328.152s][info ][gc,cpu         ] GC(39) User=0.03s Sys=0.00s Real=0.01s
[328.152s][info ][safepoint      ] Safepoint "ParallelGCFailedAllocation", Time since last: 934208793 ns, Reaching safepoint: 40201 ns, At safepoint: 9901916 ns, Total: 9942117 ns
[329.152s][info ][safepoint      ] Safepoint "Cleanup", Time since last: 1000090230 ns, Reaching safepoint: 119803 ns, At safepoint: 5900 ns, Total: 125703 ns
[330.152s][info ][safepoint      ] Safepoint "Cleanup", Time since last: 1000075530 ns, Reaching safepoint: 118003 ns, At safepoint: 7700 ns, Total: 125703 ns
[331.152s][info ][safepoint      ] Safepoint "Cleanup", Time since last: 1000131731 ns, Reaching safepoint: 61402 ns, At safepoint: 3000 ns, Total: 64402 ns
[333.153s][info ][safepoint      ] Safepoint "Cleanup", Time since last: 2000175300 ns, Reaching safepoint: 45801 ns, At safepoint: 2600 ns, Total: 48401 ns
[335.153s][info ][safepoint      ] Safepoint "Cleanup", Time since last: 2000180314 ns, Reaching safepoint: 54701 ns, At safepoint: 2400 ns, Total: 57101 ns
[336.153s][info ][safepoint      ] Safepoint "Cleanup", Time since last: 1000128008 ns, Reaching safepoint: 50201 ns, At safepoint: 2800 ns, Total: 53001 ns
[339.153s][info ][safepoint      ] Safepoint "Cleanup", Time since last: 3000246520 ns, Reaching safepoint: 49701 ns, At safepoint: 2801 ns, Total: 52502 ns
[342.154s][info ][safepoint      ] Safepoint "Cleanup", Time since last: 3000252867 ns, Reaching safepoint: 45501 ns, At safepoint: 2600 ns, Total: 48101 ns
[343.154s][info ][safepoint      ] Safepoint "Cleanup", Time since last: 1000113358 ns, Reaching safepoint: 43201 ns, At safepoint: 2700 ns, Total: 45901 ns
[347.154s][info ][safepoint      ] Safepoint "Cleanup", Time since last: 4000314732 ns, Reaching safepoint: 46601 ns, At safepoint: 5700 ns, Total: 52301 ns
[349.154s][info ][safepoint      ] Safepoint "Cleanup", Time since last: 2000191665 ns, Reaching safepoint: 136103 ns, At safepoint: 6001 ns, Total: 142104 ns
[350.155s][info ][safepoint      ] Safepoint "Cleanup", Time since last: 1000114361 ns, Reaching safepoint: 55601 ns, At safepoint: 4300 ns, Total: 59901 ns
[351.460s][info ][safepoint      ] Safepoint "Cleanup", Time since last: 1305205423 ns, Reaching safepoint: 90502 ns, At safepoint: 3600 ns, Total: 94102 ns
[352.089s][info ][gc,start       ] GC(40) Pause Young (Allocation Failure)
[352.100s][debug][gc,phases      ] GC(40) Scavenge 10.979ms
[352.100s][debug][gc,ref         ] GC(40) Skipped phase 1 of Reference Processing: no references
[352.100s][debug][gc,ref         ] GC(40) ReferenceProcessor::execute queues: 1, RefProcThreadModel::Single, marks_oops_alive: false
[352.100s][debug][gc,ref         ] GC(40) Skipped phase 3 of Reference Processing: no references
[352.100s][debug][gc,ref         ] GC(40) ReferenceProcessor::execute queues: 1, RefProcThreadModel::Single, marks_oops_alive: false
[352.100s][debug][gc,phases      ] GC(40) Reference Processing 0.122ms
[352.100s][debug][gc,phases      ] GC(40)   VM Weak                        Min:  0.0, Avg:  0.0, Max:  0.0, Diff:  0.0, Sum:  0.0, Workers: 4
[352.100s][debug][gc,phases      ] GC(40)     Dead                           Min: 0, Avg:  0.0, Max: 0, Diff: 0, Sum: 0, Workers: 4
[352.100s][debug][gc,phases      ] GC(40)     Total                          Min: 0, Avg: 222.8, Max: 704, Diff: 704, Sum: 891, Workers: 4
[352.100s][debug][gc,phases      ] GC(40)   ObjectSynchronizer Weak        Min:  0.0, Avg:  0.0, Max:  0.0, Diff:  0.0, Sum:  0.0, Workers: 4
[352.100s][debug][gc,phases      ] GC(40)     Dead                           Min: 0, Avg:  0.0, Max: 0, Diff: 0, Sum: 0, Workers: 4
[352.100s][debug][gc,phases      ] GC(40)     Total                          Min: 0, Avg:  7.2, Max: 29, Diff: 29, Sum: 29, Workers: 4
[352.100s][debug][gc,phases      ] GC(40)   JVMTI Tag Weak OopStorage      Min:  0.0, Avg:  0.0, Max:  0.0, Diff:  0.0, Sum:  0.0, Workers: 4
[352.100s][debug][gc,phases      ] GC(40)     Dead                           Min: 0, Avg:  0.0, Max: 0, Diff: 0, Sum: 0, Workers: 4
[352.100s][debug][gc,phases      ] GC(40)     Total                          Min: 0, Avg:  0.0, Max: 0, Diff: 0, Sum: 0, Workers: 4
[352.100s][debug][gc,phases      ] GC(40)   StringTable Weak               Min:  0.0, Avg:  0.1, Max:  0.1, Diff:  0.1, Sum:  0.4, Workers: 4
[352.100s][debug][gc,phases      ] GC(40)     Dead                           Min: 0, Avg:  0.0, Max: 0, Diff: 0, Sum: 0, Workers: 4
[352.100s][debug][gc,phases      ] GC(40)     Total                          Min: 0, Avg: 10737.8, Max: 15168, Diff: 15168, Sum: 42951, Workers: 4
[352.100s][debug][gc,phases      ] GC(40)   ResolvedMethodTable Weak       Min:  0.0, Avg:  0.0, Max:  0.0, Diff:  0.0, Sum:  0.1, Workers: 4
[352.100s][debug][gc,phases      ] GC(40)     Dead                           Min: 0, Avg:  0.0, Max: 0, Diff: 0, Sum: 0, Workers: 4
[352.100s][debug][gc,phases      ] GC(40)     Total                          Min: 0, Avg: 2307.8, Max: 3520, Diff: 3520, Sum: 9231, Workers: 4
[352.100s][debug][gc,phases      ] GC(40)   JNI Weak                       Min:  0.0, Avg:  0.0, Max:  0.0, Diff:  0.0, Sum:  0.0, Workers: 4
[352.100s][debug][gc,phases      ] GC(40)     Dead                           Min: 0, Avg:  0.0, Max: 0, Diff: 0, Sum: 0, Workers: 4
[352.100s][debug][gc,phases      ] GC(40)     Total                          Min: 0, Avg: 11.2, Max: 45, Diff: 45, Sum: 45, Workers: 4
[352.100s][debug][gc,phases      ] GC(40)   StringDedup Table Weak         Min:  0.0, Avg:  0.0, Max:  0.0, Diff:  0.0, Sum:  0.0, Workers: 4
[352.100s][debug][gc,phases      ] GC(40)     Dead                           Min: 0, Avg:  0.0, Max: 0, Diff: 0, Sum: 0, Workers: 4
[352.100s][debug][gc,phases      ] GC(40)     Total                          Min: 0, Avg:  0.0, Max: 0, Diff: 0, Sum: 0, Workers: 4
[352.100s][debug][gc,phases      ] GC(40)   StringDedup Requests0 Weak     Min:  0.0, Avg:  0.0, Max:  0.0, Diff:  0.0, Sum:  0.0, Workers: 4
[352.100s][debug][gc,phases      ] GC(40)     Dead                           Min: 0, Avg:  0.0, Max: 0, Diff: 0, Sum: 0, Workers: 4
[352.100s][debug][gc,phases      ] GC(40)     Total                          Min: 0, Avg:  0.0, Max: 0, Diff: 0, Sum: 0, Workers: 4
[352.100s][debug][gc,phases      ] GC(40)   StringDedup Requests1 Weak     Min:  0.0, Avg:  0.0, Max:  0.0, Diff:  0.0, Sum:  0.0, Workers: 4
[352.100s][debug][gc,phases      ] GC(40)     Dead                           Min: 0, Avg:  0.0, Max: 0, Diff: 0, Sum: 0, Workers: 4
[352.100s][debug][gc,phases      ] GC(40)     Total                          Min: 0, Avg:  0.0, Max: 0, Diff: 0, Sum: 0, Workers: 4
[352.100s][debug][gc,phases      ] GC(40)   Weak JFR Old Object Samples    Min:  0.0, Avg:  0.0, Max:  0.0, Diff:  0.0, Sum:  0.0, Workers: 4
[352.100s][debug][gc,phases      ] GC(40)     Dead                           Min: 0, Avg:  0.0, Max: 0, Diff: 0, Sum: 0, Workers: 4
[352.100s][debug][gc,phases      ] GC(40)     Total                          Min: 0, Avg:  0.0, Max: 0, Diff: 0, Sum: 0, Workers: 4
[352.100s][debug][gc,phases      ] GC(40) Weak Processing 0.402ms
[352.100s][debug][gc,age         ] GC(40) Desired survivor size 180879360 bytes, new threshold 15 (max threshold 15)
[352.100s][info ][gc,heap        ] GC(40) PSYoungGen: 1695408K(1882112K)->12816K(1920512K) Eden: 1680896K(1680896K)->0K(1732096K) From: 14512K(201216K)->12816K(188416K)
[352.100s][info ][gc,heap        ] GC(40) ParOldGen: 449155K(558080K)->449387K(558080K)
[352.100s][info ][gc,metaspace   ] GC(40) Metaspace: 80880K(81920K)->80880K(81920K) NonClass: 69379K(69952K)->69379K(69952K) Class: 11501K(11968K)->11501K(11968K)
[352.100s][info ][gc             ] GC(40) Pause Young (Allocation Failure) 2094M->451M(2420M) 11.641ms
[352.100s][info ][gc,cpu         ] GC(40) User=0.02s Sys=0.01s Real=0.01s
[352.100s][info ][safepoint      ] Safepoint "ParallelGCFailedAllocation", Time since last: 628702031 ns, Reaching safepoint: 51301 ns, At safepoint: 11745060 ns, Total: 11796361 ns
[356.101s][info ][safepoint      ] Safepoint "Cleanup", Time since last: 4000215543 ns, Reaching safepoint: 44501 ns, At safepoint: 2900 ns, Total: 47401 ns
[361.101s][info ][safepoint      ] Safepoint "Cleanup", Time since last: 5000373500 ns, Reaching safepoint: 59102 ns, At safepoint: 7300 ns, Total: 66402 ns
[362.101s][info ][safepoint      ] Safepoint "Cleanup", Time since last: 1000097881 ns, Reaching safepoint: 98002 ns, At safepoint: 6000 ns, Total: 104002 ns
[365.102s][info ][safepoint      ] Safepoint "Cleanup", Time since last: 3000229003 ns, Reaching safepoint: 93502 ns, At safepoint: 2900 ns, Total: 96402 ns
[366.102s][info ][safepoint      ] Safepoint "Cleanup", Time since last: 1000118171 ns, Reaching safepoint: 60401 ns, At safepoint: 5600 ns, Total: 66001 ns
[367.102s][info ][safepoint      ] Safepoint "Cleanup", Time since last: 1000113971 ns, Reaching safepoint: 70101 ns, At safepoint: 3900 ns, Total: 74001 ns
[368.102s][info ][safepoint      ] Safepoint "Cleanup", Time since last: 1000114271 ns, Reaching safepoint: 59101 ns, At safepoint: 3000 ns, Total: 62101 ns
[372.103s][info ][safepoint      ] Safepoint "Cleanup", Time since last: 4000330405 ns, Reaching safepoint: 46301 ns, At safepoint: 4300 ns, Total: 50601 ns
[373.103s][info ][safepoint      ] Safepoint "Cleanup", Time since last: 1000125380 ns, Reaching safepoint: 65402 ns, At safepoint: 7100 ns, Total: 72502 ns
[374.103s][info ][safepoint      ] Safepoint "Cleanup", Time since last: 1000113280 ns, Reaching safepoint: 48101 ns, At safepoint: 4201 ns, Total: 52302 ns
[376.103s][info ][safepoint      ] Safepoint "Cleanup", Time since last: 2000183359 ns, Reaching safepoint: 35501 ns, At safepoint: 31601 ns, Total: 67102 ns
[377.103s][info ][safepoint      ] Safepoint "Cleanup", Time since last: 1000108880 ns, Reaching safepoint: 57801 ns, At safepoint: 5300 ns, Total: 63101 ns
[380.104s][info ][safepoint      ] Safepoint "Cleanup", Time since last: 3000251929 ns, Reaching safepoint: 48401 ns, At safepoint: 2400 ns, Total: 50801 ns
[384.104s][info ][safepoint      ] Safepoint "Cleanup", Time since last: 4000235138 ns, Reaching safepoint: 43201 ns, At safepoint: 2800 ns, Total: 46001 ns
[387.104s][info ][safepoint      ] Safepoint "Cleanup", Time since last: 3000265105 ns, Reaching safepoint: 37501 ns, At safepoint: 2900 ns, Total: 40401 ns
[389.104s][info ][safepoint      ] Safepoint "Cleanup", Time since last: 2000177331 ns, Reaching safepoint: 52601 ns, At safepoint: 6201 ns, Total: 58802 ns
[391.105s][info ][safepoint      ] Safepoint "Cleanup", Time since last: 2000152384 ns, Reaching safepoint: 47901 ns, At safepoint: 2900 ns, Total: 50801 ns
[396.398s][info ][gc,start       ] GC(41) Pause Young (Allocation Failure)
[396.405s][debug][gc,phases      ] GC(41) Scavenge 6.629ms
[396.405s][debug][gc,ref         ] GC(41) Skipped phase 1 of Reference Processing: no references
[396.405s][debug][gc,ref         ] GC(41) ReferenceProcessor::execute queues: 1, RefProcThreadModel::Single, marks_oops_alive: false
[396.405s][debug][gc,ref         ] GC(41) Skipped phase 3 of Reference Processing: no references
[396.405s][debug][gc,ref         ] GC(41) ReferenceProcessor::execute queues: 1, RefProcThreadModel::Single, marks_oops_alive: false
[396.405s][debug][gc,phases      ] GC(41) Reference Processing 0.138ms
[396.405s][debug][gc,phases      ] GC(41)   VM Weak                        Min:  0.0, Avg:  0.0, Max:  0.0, Diff:  0.0, Sum:  0.0, Workers: 4
[396.405s][debug][gc,phases      ] GC(41)     Dead                           Min: 0, Avg:  0.0, Max: 0, Diff: 0, Sum: 0, Workers: 4
[396.405s][debug][gc,phases      ] GC(41)     Total                          Min: 64, Avg: 222.8, Max: 384, Diff: 320, Sum: 891, Workers: 4
[396.405s][debug][gc,phases      ] GC(41)   ObjectSynchronizer Weak        Min:  0.0, Avg:  0.0, Max:  0.0, Diff:  0.0, Sum:  0.0, Workers: 4
[396.405s][debug][gc,phases      ] GC(41)     Dead                           Min: 0, Avg:  0.0, Max: 0, Diff: 0, Sum: 0, Workers: 4
[396.405s][debug][gc,phases      ] GC(41)     Total                          Min: 0, Avg:  7.2, Max: 29, Diff: 29, Sum: 29, Workers: 4
[396.405s][debug][gc,phases      ] GC(41)   JVMTI Tag Weak OopStorage      Min:  0.0, Avg:  0.0, Max:  0.0, Diff:  0.0, Sum:  0.0, Workers: 4
[396.405s][debug][gc,phases      ] GC(41)     Dead                           Min: 0, Avg:  0.0, Max: 0, Diff: 0, Sum: 0, Workers: 4
[396.405s][debug][gc,phases      ] GC(41)     Total                          Min: 0, Avg:  0.0, Max: 0, Diff: 0, Sum: 0, Workers: 4
[396.405s][debug][gc,phases      ] GC(41)   StringTable Weak               Min:  0.1, Avg:  0.1, Max:  0.1, Diff:  0.0, Sum:  0.4, Workers: 4
[396.405s][debug][gc,phases      ] GC(41)     Dead                           Min: 0, Avg:  0.0, Max: 0, Diff: 0, Sum: 0, Workers: 4
[396.405s][debug][gc,phases      ] GC(41)     Total                          Min: 9930, Avg: 10738.5, Max: 11136, Diff: 1206, Sum: 42954, Workers: 4
[396.405s][debug][gc,phases      ] GC(41)   ResolvedMethodTable Weak       Min:  0.0, Avg:  0.0, Max:  0.0, Diff:  0.0, Sum:  0.1, Workers: 4
[396.405s][debug][gc,phases      ] GC(41)     Dead                           Min: 0, Avg:  0.0, Max: 0, Diff: 0, Sum: 0, Workers: 4
[396.405s][debug][gc,phases      ] GC(41)     Total                          Min: 1984, Avg: 2307.8, Max: 2639, Diff: 655, Sum: 9231, Workers: 4
[396.405s][debug][gc,phases      ] GC(41)   JNI Weak                       Min:  0.0, Avg:  0.0, Max:  0.0, Diff:  0.0, Sum:  0.0, Workers: 4
[396.405s][debug][gc,phases      ] GC(41)     Dead                           Min: 0, Avg:  0.0, Max: 0, Diff: 0, Sum: 0, Workers: 4
[396.405s][debug][gc,phases      ] GC(41)     Total                          Min: 0, Avg: 11.2, Max: 45, Diff: 45, Sum: 45, Workers: 4
[396.405s][debug][gc,phases      ] GC(41)   StringDedup Table Weak         Min:  0.0, Avg:  0.0, Max:  0.0, Diff:  0.0, Sum:  0.0, Workers: 4
[396.405s][debug][gc,phases      ] GC(41)     Dead                           Min: 0, Avg:  0.0, Max: 0, Diff: 0, Sum: 0, Workers: 4
[396.405s][debug][gc,phases      ] GC(41)     Total                          Min: 0, Avg:  0.0, Max: 0, Diff: 0, Sum: 0, Workers: 4
[396.405s][debug][gc,phases      ] GC(41)   StringDedup Requests0 Weak     Min:  0.0, Avg:  0.0, Max:  0.0, Diff:  0.0, Sum:  0.0, Workers: 4
[396.405s][debug][gc,phases      ] GC(41)     Dead                           Min: 0, Avg:  0.0, Max: 0, Diff: 0, Sum: 0, Workers: 4
[396.405s][debug][gc,phases      ] GC(41)     Total                          Min: 0, Avg:  0.0, Max: 0, Diff: 0, Sum: 0, Workers: 4
[396.405s][debug][gc,phases      ] GC(41)   StringDedup Requests1 Weak     Min:  0.0, Avg:  0.0, Max:  0.0, Diff:  0.0, Sum:  0.0, Workers: 4
[396.405s][debug][gc,phases      ] GC(41)     Dead                           Min: 0, Avg:  0.0, Max: 0, Diff: 0, Sum: 0, Workers: 4
[396.405s][debug][gc,phases      ] GC(41)     Total                          Min: 0, Avg:  0.0, Max: 0, Diff: 0, Sum: 0, Workers: 4
[396.405s][debug][gc,phases      ] GC(41)   Weak JFR Old Object Samples    Min:  0.0, Avg:  0.0, Max:  0.0, Diff:  0.0, Sum:  0.0, Workers: 4
[396.405s][debug][gc,phases      ] GC(41)     Dead                           Min: 0, Avg:  0.0, Max: 0, Diff: 0, Sum: 0, Workers: 4
[396.405s][debug][gc,phases      ] GC(41)     Total                          Min: 0, Avg:  0.0, Max: 0, Diff: 0, Sum: 0, Workers: 4
[396.405s][debug][gc,phases      ] GC(41) Weak Processing 0.327ms
[396.405s][debug][gc,age         ] GC(41) Desired survivor size 169345024 bytes, new threshold 15 (max threshold 15)
[396.405s][info ][gc,heap        ] GC(41) PSYoungGen: 1744912K(1920512K)->13056K(1908736K) Eden: 1732096K(1732096K)->0K(1732096K) From: 12816K(188416K)->13056K(176640K)
[396.405s][info ][gc,heap        ] GC(41) ParOldGen: 449387K(558080K)->449583K(558080K)
[396.405s][info ][gc,metaspace   ] GC(41) Metaspace: 80919K(81984K)->80919K(81984K) NonClass: 69418K(70016K)->69418K(70016K) Class: 11501K(11968K)->11501K(11968K)
[396.405s][info ][gc             ] GC(41) Pause Young (Allocation Failure) 2142M->451M(2409M) 7.244ms
[396.405s][info ][gc,cpu         ] GC(41) User=0.02s Sys=0.00s Real=0.01s
[396.405s][info ][safepoint      ] Safepoint "ParallelGCFailedAllocation", Time since last: 5293048965 ns, Reaching safepoint: 28800 ns, At safepoint: 7330953 ns, Total: 7359753 ns
[404.406s][info ][safepoint      ] Safepoint "Cleanup", Time since last: 8000486605 ns, Reaching safepoint: 68002 ns, At safepoint: 5700 ns, Total: 73702 ns
[405.406s][info ][safepoint      ] Safepoint "Cleanup", Time since last: 1000114330 ns, Reaching safepoint: 48301 ns, At safepoint: 2700 ns, Total: 51001 ns
[406.406s][info ][safepoint      ] Safepoint "Cleanup", Time since last: 1000111230 ns, Reaching safepoint: 59802 ns, At safepoint: 39201 ns, Total: 99003 ns
[409.406s][info ][safepoint      ] Safepoint "Cleanup", Time since last: 3000218087 ns, Reaching safepoint: 37001 ns, At safepoint: 5200 ns, Total: 42201 ns
[412.407s][info ][safepoint      ] Safepoint "Cleanup", Time since last: 3000264813 ns, Reaching safepoint: 48301 ns, At safepoint: 4400 ns, Total: 52701 ns
[413.407s][info ][safepoint      ] Safepoint "Cleanup", Time since last: 1000125899 ns, Reaching safepoint: 50202 ns, At safepoint: 3800 ns, Total: 54002 ns
[415.407s][info ][safepoint      ] Safepoint "Cleanup", Time since last: 2000176997 ns, Reaching safepoint: 58401 ns, At safepoint: 5700 ns, Total: 64101 ns
[421.408s][info ][safepoint      ] Safepoint "Cleanup", Time since last: 6000459516 ns, Reaching safepoint: 53201 ns, At safepoint: 5400 ns, Total: 58601 ns
[422.408s][info ][safepoint      ] Safepoint "Cleanup", Time since last: 1000127271 ns, Reaching safepoint: 48101 ns, At safepoint: 3400 ns, Total: 51501 ns
[423.408s][info ][safepoint      ] Safepoint "Cleanup", Time since last: 1000106370 ns, Reaching safepoint: 45801 ns, At safepoint: 3000 ns, Total: 48801 ns
[424.408s][info ][safepoint      ] Safepoint "Cleanup", Time since last: 1000109670 ns, Reaching safepoint: 58901 ns, At safepoint: 2800 ns, Total: 61701 ns
[425.408s][info ][safepoint      ] Safepoint "Cleanup", Time since last: 1000118671 ns, Reaching safepoint: 47001 ns, At safepoint: 2500 ns, Total: 49501 ns
[426.408s][info ][safepoint      ] Safepoint "Cleanup", Time since last: 1000111570 ns, Reaching safepoint: 40901 ns, At safepoint: 3700 ns, Total: 44601 ns
[427.409s][info ][safepoint      ] Safepoint "Cleanup", Time since last: 1000114570 ns, Reaching safepoint: 45701 ns, At safepoint: 4200 ns, Total: 49901 ns
[429.409s][info ][safepoint      ] Safepoint "Cleanup", Time since last: 2000145117 ns, Reaching safepoint: 47401 ns, At safepoint: 6300 ns, Total: 53701 ns
[430.409s][info ][safepoint      ] Safepoint "Cleanup", Time since last: 1000110704 ns, Reaching safepoint: 41801 ns, At safepoint: 2400 ns, Total: 44201 ns
[431.409s][info ][safepoint      ] Safepoint "Cleanup", Time since last: 1000109803 ns, Reaching safepoint: 39801 ns, At safepoint: 3500 ns, Total: 43301 ns
[434.409s][info ][safepoint      ] Safepoint "Cleanup", Time since last: 3000212908 ns, Reaching safepoint: 56401 ns, At safepoint: 2900 ns, Total: 59301 ns
[435.409s][info ][safepoint      ] Safepoint "Cleanup", Time since last: 1000111104 ns, Reaching safepoint: 45301 ns, At safepoint: 4100 ns, Total: 49401 ns
[436.410s][info ][safepoint      ] Safepoint "Cleanup", Time since last: 1000113603 ns, Reaching safepoint: 47101 ns, At safepoint: 4500 ns, Total: 51601 ns
[438.410s][info ][safepoint      ] Safepoint "Cleanup", Time since last: 2000191206 ns, Reaching safepoint: 53601 ns, At safepoint: 3200 ns, Total: 56801 ns
[439.410s][info ][safepoint      ] Safepoint "Cleanup", Time since last: 1000119303 ns, Reaching safepoint: 38301 ns, At safepoint: 2800 ns, Total: 41101 ns
[440.500s][info ][gc,start       ] GC(42) Pause Young (Allocation Failure)
[440.507s][debug][gc,phases      ] GC(42) Scavenge 6.531ms
[440.507s][debug][gc,ref         ] GC(42) Skipped phase 1 of Reference Processing: no references
[440.507s][debug][gc,ref         ] GC(42) ReferenceProcessor::execute queues: 1, RefProcThreadModel::Single, marks_oops_alive: false
[440.507s][debug][gc,ref         ] GC(42) Skipped phase 3 of Reference Processing: no references
[440.507s][debug][gc,ref         ] GC(42) ReferenceProcessor::execute queues: 1, RefProcThreadModel::Single, marks_oops_alive: false
[440.507s][debug][gc,phases      ] GC(42) Reference Processing 0.147ms
[440.507s][debug][gc,phases      ] GC(42)   VM Weak                        Min:  0.0, Avg:  0.0, Max:  0.0, Diff:  0.0, Sum:  0.0, Workers: 4
[440.507s][debug][gc,phases      ] GC(42)     Dead                           Min: 0, Avg:  0.0, Max: 0, Diff: 0, Sum: 0, Workers: 4
[440.507s][debug][gc,phases      ] GC(42)     Total                          Min: 0, Avg: 222.8, Max: 320, Diff: 320, Sum: 891, Workers: 4
[440.507s][debug][gc,phases      ] GC(42)   ObjectSynchronizer Weak        Min:  0.0, Avg:  0.0, Max:  0.0, Diff:  0.0, Sum:  0.0, Workers: 4
[440.507s][debug][gc,phases      ] GC(42)     Dead                           Min: 0, Avg:  0.0, Max: 0, Diff: 0, Sum: 0, Workers: 4
[440.507s][debug][gc,phases      ] GC(42)     Total                          Min: 0, Avg:  7.2, Max: 29, Diff: 29, Sum: 29, Workers: 4
[440.507s][debug][gc,phases      ] GC(42)   JVMTI Tag Weak OopStorage      Min:  0.0, Avg:  0.0, Max:  0.0, Diff:  0.0, Sum:  0.0, Workers: 4
[440.507s][debug][gc,phases      ] GC(42)     Dead                           Min: 0, Avg:  0.0, Max: 0, Diff: 0, Sum: 0, Workers: 4
[440.507s][debug][gc,phases      ] GC(42)     Total                          Min: 0, Avg:  0.0, Max: 0, Diff: 0, Sum: 0, Workers: 4
[440.507s][debug][gc,phases      ] GC(42)   StringTable Weak               Min:  0.0, Avg:  0.1, Max:  0.2, Diff:  0.2, Sum:  0.4, Workers: 4
[440.507s][debug][gc,phases      ] GC(42)     Dead                           Min: 0, Avg:  0.2, Max: 1, Diff: 1, Sum: 1, Workers: 4
[440.507s][debug][gc,phases      ] GC(42)     Total                          Min: 0, Avg: 10740.0, Max: 14656, Diff: 14656, Sum: 42960, Workers: 4
[440.507s][debug][gc,phases      ] GC(42)   ResolvedMethodTable Weak       Min:  0.0, Avg:  0.0, Max:  0.0, Diff:  0.0, Sum:  0.1, Workers: 4
[440.507s][debug][gc,phases      ] GC(42)     Dead                           Min: 0, Avg:  0.0, Max: 0, Diff: 0, Sum: 0, Workers: 4
[440.507s][debug][gc,phases      ] GC(42)     Total                          Min: 0, Avg: 2308.2, Max: 4160, Diff: 4160, Sum: 9233, Workers: 4
[440.507s][debug][gc,phases      ] GC(42)   JNI Weak                       Min:  0.0, Avg:  0.0, Max:  0.0, Diff:  0.0, Sum:  0.0, Workers: 4
[440.507s][debug][gc,phases      ] GC(42)     Dead                           Min: 0, Avg:  0.0, Max: 0, Diff: 0, Sum: 0, Workers: 4
[440.507s][debug][gc,phases      ] GC(42)     Total                          Min: 0, Avg: 11.2, Max: 45, Diff: 45, Sum: 45, Workers: 4
[440.507s][debug][gc,phases      ] GC(42)   StringDedup Table Weak         Min:  0.0, Avg:  0.0, Max:  0.0, Diff:  0.0, Sum:  0.0, Workers: 4
[440.507s][debug][gc,phases      ] GC(42)     Dead                           Min: 0, Avg:  0.0, Max: 0, Diff: 0, Sum: 0, Workers: 4
[440.507s][debug][gc,phases      ] GC(42)     Total                          Min: 0, Avg:  0.0, Max: 0, Diff: 0, Sum: 0, Workers: 4
[440.507s][debug][gc,phases      ] GC(42)   StringDedup Requests0 Weak     Min:  0.0, Avg:  0.0, Max:  0.0, Diff:  0.0, Sum:  0.0, Workers: 4
[440.507s][debug][gc,phases      ] GC(42)     Dead                           Min: 0, Avg:  0.0, Max: 0, Diff: 0, Sum: 0, Workers: 4
[440.507s][debug][gc,phases      ] GC(42)     Total                          Min: 0, Avg:  0.0, Max: 0, Diff: 0, Sum: 0, Workers: 4
[440.507s][debug][gc,phases      ] GC(42)   StringDedup Requests1 Weak     Min:  0.0, Avg:  0.0, Max:  0.0, Diff:  0.0, Sum:  0.0, Workers: 4
[440.507s][debug][gc,phases      ] GC(42)     Dead                           Min: 0, Avg:  0.0, Max: 0, Diff: 0, Sum: 0, Workers: 4
[440.507s][debug][gc,phases      ] GC(42)     Total                          Min: 0, Avg:  0.0, Max: 0, Diff: 0, Sum: 0, Workers: 4
[440.507s][debug][gc,phases      ] GC(42)   Weak JFR Old Object Samples    Min:  0.0, Avg:  0.0, Max:  0.0, Diff:  0.0, Sum:  0.0, Workers: 4
[440.507s][debug][gc,phases      ] GC(42)     Dead                           Min: 0, Avg:  0.0, Max: 0, Diff: 0, Sum: 0, Workers: 4
[440.507s][debug][gc,phases      ] GC(42)     Total                          Min: 0, Avg:  0.0, Max: 0, Diff: 0, Sum: 0, Workers: 4
[440.507s][debug][gc,phases      ] GC(42) Weak Processing 0.391ms
[440.507s][debug][gc,age         ] GC(42) Desired survivor size 158334976 bytes, new threshold 15 (max threshold 15)
[440.507s][info ][gc,heap        ] GC(42) PSYoungGen: 1745152K(1908736K)->14432K(1942528K) Eden: 1732096K(1732096K)->0K(1777152K) From: 13056K(176640K)->14432K(165376K)
[440.507s][info ][gc,heap        ] GC(42) ParOldGen: 449583K(558080K)->449923K(558080K)
[440.507s][info ][gc,metaspace   ] GC(42) Metaspace: 80950K(81984K)->80950K(81984K) NonClass: 69448K(70016K)->69448K(70016K) Class: 11501K(11968K)->11501K(11968K)
[440.507s][info ][gc             ] GC(42) Pause Young (Allocation Failure) 2143M->453M(2442M) 7.208ms
[440.507s][info ][gc,cpu         ] GC(42) User=0.02s Sys=0.00s Real=0.01s
[440.507s][info ][safepoint      ] Safepoint "ParallelGCFailedAllocation", Time since last: 1089969789 ns, Reaching safepoint: 111702 ns, At safepoint: 7293861 ns, Total: 7405563 ns
[441.508s][info ][safepoint      ] Safepoint "Cleanup", Time since last: 1000092303 ns, Reaching safepoint: 64401 ns, At safepoint: 3101 ns, Total: 67502 ns
[442.508s][info ][safepoint      ] Safepoint "Cleanup", Time since last: 1000104102 ns, Reaching safepoint: 54902 ns, At safepoint: 2000 ns, Total: 56902 ns
[444.508s][info ][safepoint      ] Safepoint "Cleanup", Time since last: 2000176695 ns, Reaching safepoint: 48901 ns, At safepoint: 3400 ns, Total: 52301 ns
[445.508s][info ][safepoint      ] Safepoint "Cleanup", Time since last: 1000115481 ns, Reaching safepoint: 53001 ns, At safepoint: 3000 ns, Total: 56001 ns
[449.509s][info ][safepoint      ] Safepoint "Cleanup", Time since last: 4000304420 ns, Reaching safepoint: 57401 ns, At safepoint: 5900 ns, Total: 63301 ns
[450.509s][info ][safepoint      ] Safepoint "Cleanup", Time since last: 1000116081 ns, Reaching safepoint: 51301 ns, At safepoint: 3100 ns, Total: 54401 ns
[451.509s][info ][safepoint      ] Safepoint "Cleanup", Time since last: 1000111581 ns, Reaching safepoint: 61101 ns, At safepoint: 2500 ns, Total: 63601 ns
[452.509s][info ][safepoint      ] Safepoint "Cleanup", Time since last: 1000123477 ns, Reaching safepoint: 52601 ns, At safepoint: 3600 ns, Total: 56201 ns
[453.509s][info ][safepoint      ] Safepoint "Cleanup", Time since last: 1000083971 ns, Reaching safepoint: 63102 ns, At safepoint: 5300 ns, Total: 68402 ns
[455.294s][info ][safepoint      ] Safepoint "Cleanup", Time since last: 1784879291 ns, Reaching safepoint: 157603 ns, At safepoint: 6100 ns, Total: 163703 ns
[460.295s][info ][safepoint      ] Safepoint "Cleanup", Time since last: 5000443417 ns, Reaching safepoint: 170204 ns, At safepoint: 9200 ns, Total: 179404 ns
[461.295s][info ][safepoint      ] Safepoint "Cleanup", Time since last: 1000126971 ns, Reaching safepoint: 114303 ns, At safepoint: 7900 ns, Total: 122203 ns
[463.237s][info ][safepoint      ] Safepoint "Cleanup", Time since last: 1941652961 ns, Reaching safepoint: 146203 ns, At safepoint: 6900 ns, Total: 153103 ns
[464.237s][info ][safepoint      ] Safepoint "Cleanup", Time since last: 1000136071 ns, Reaching safepoint: 135703 ns, At safepoint: 6000 ns, Total: 141703 ns
[465.237s][info ][safepoint      ] Safepoint "Cleanup", Time since last: 1000141172 ns, Reaching safepoint: 131803 ns, At safepoint: 7400 ns, Total: 139203 ns
[466.238s][info ][safepoint      ] Safepoint "Cleanup", Time since last: 1000135871 ns, Reaching safepoint: 130303 ns, At safepoint: 6600 ns, Total: 136903 ns
[467.238s][info ][safepoint      ] Safepoint "Cleanup", Time since last: 1000146272 ns, Reaching safepoint: 133302 ns, At safepoint: 6201 ns, Total: 139503 ns
[467.812s][info ][gc,start       ] GC(43) Pause Young (Allocation Failure)
[467.839s][debug][gc,phases      ] GC(43) Scavenge 27.185ms
[467.839s][debug][gc,ref         ] GC(43) Skipped phase 1 of Reference Processing: no references
[467.839s][debug][gc,ref         ] GC(43) ReferenceProcessor::execute queues: 1, RefProcThreadModel::Single, marks_oops_alive: false
[467.839s][debug][gc,ref         ] GC(43) Skipped phase 3 of Reference Processing: no references
[467.839s][debug][gc,ref         ] GC(43) ReferenceProcessor::execute queues: 1, RefProcThreadModel::Single, marks_oops_alive: false
[467.839s][debug][gc,phases      ] GC(43) Reference Processing 0.117ms
[467.840s][debug][gc,phases      ] GC(43)   VM Weak                        Min:  0.0, Avg:  0.0, Max:  0.0, Diff:  0.0, Sum:  0.0, Workers: 4
[467.840s][debug][gc,phases      ] GC(43)     Dead                           Min: 0, Avg:  0.0, Max: 0, Diff: 0, Sum: 0, Workers: 4
[467.840s][debug][gc,phases      ] GC(43)     Total                          Min: 0, Avg: 222.8, Max: 512, Diff: 512, Sum: 891, Workers: 4
[467.840s][debug][gc,phases      ] GC(43)   ObjectSynchronizer Weak        Min:  0.0, Avg:  0.0, Max:  0.0, Diff:  0.0, Sum:  0.0, Workers: 4
[467.840s][debug][gc,phases      ] GC(43)     Dead                           Min: 0, Avg:  0.0, Max: 0, Diff: 0, Sum: 0, Workers: 4
[467.840s][debug][gc,phases      ] GC(43)     Total                          Min: 0, Avg:  7.2, Max: 29, Diff: 29, Sum: 29, Workers: 4
[467.840s][debug][gc,phases      ] GC(43)   JVMTI Tag Weak OopStorage      Min:  0.0, Avg:  0.0, Max:  0.0, Diff:  0.0, Sum:  0.0, Workers: 4
[467.840s][debug][gc,phases      ] GC(43)     Dead                           Min: 0, Avg:  0.0, Max: 0, Diff: 0, Sum: 0, Workers: 4
[467.840s][debug][gc,phases      ] GC(43)     Total                          Min: 0, Avg:  0.0, Max: 0, Diff: 0, Sum: 0, Workers: 4
[467.840s][debug][gc,phases      ] GC(43)   StringTable Weak               Min:  0.0, Avg:  0.1, Max:  0.1, Diff:  0.1, Sum:  0.4, Workers: 4
[467.840s][debug][gc,phases      ] GC(43)     Dead                           Min: 0, Avg:  0.5, Max: 2, Diff: 2, Sum: 2, Workers: 4
[467.840s][debug][gc,phases      ] GC(43)     Total                          Min: 0, Avg: 10742.0, Max: 14655, Diff: 14655, Sum: 42968, Workers: 4
[467.840s][debug][gc,phases      ] GC(43)   ResolvedMethodTable Weak       Min:  0.0, Avg:  0.0, Max:  0.0, Diff:  0.0, Sum:  0.1, Workers: 4
[467.840s][debug][gc,phases      ] GC(43)     Dead                           Min: 0, Avg:  0.0, Max: 0, Diff: 0, Sum: 0, Workers: 4
[467.840s][debug][gc,phases      ] GC(43)     Total                          Min: 0, Avg: 2309.5, Max: 3264, Diff: 3264, Sum: 9238, Workers: 4
[467.840s][debug][gc,phases      ] GC(43)   JNI Weak                       Min:  0.0, Avg:  0.0, Max:  0.0, Diff:  0.0, Sum:  0.0, Workers: 4
[467.840s][debug][gc,phases      ] GC(43)     Dead                           Min: 0, Avg:  0.0, Max: 0, Diff: 0, Sum: 0, Workers: 4
[467.840s][debug][gc,phases      ] GC(43)     Total                          Min: 0, Avg: 11.2, Max: 45, Diff: 45, Sum: 45, Workers: 4
[467.840s][debug][gc,phases      ] GC(43)   StringDedup Table Weak         Min:  0.0, Avg:  0.0, Max:  0.0, Diff:  0.0, Sum:  0.0, Workers: 4
[467.840s][debug][gc,phases      ] GC(43)     Dead                           Min: 0, Avg:  0.0, Max: 0, Diff: 0, Sum: 0, Workers: 4
[467.840s][debug][gc,phases      ] GC(43)     Total                          Min: 0, Avg:  0.0, Max: 0, Diff: 0, Sum: 0, Workers: 4
[467.840s][debug][gc,phases      ] GC(43)   StringDedup Requests0 Weak     Min:  0.0, Avg:  0.0, Max:  0.0, Diff:  0.0, Sum:  0.0, Workers: 4
[467.840s][debug][gc,phases      ] GC(43)     Dead                           Min: 0, Avg:  0.0, Max: 0, Diff: 0, Sum: 0, Workers: 4
[467.840s][debug][gc,phases      ] GC(43)     Total                          Min: 0, Avg:  0.0, Max: 0, Diff: 0, Sum: 0, Workers: 4
[467.840s][debug][gc,phases      ] GC(43)   StringDedup Requests1 Weak     Min:  0.0, Avg:  0.0, Max:  0.0, Diff:  0.0, Sum:  0.0, Workers: 4
[467.840s][debug][gc,phases      ] GC(43)     Dead                           Min: 0, Avg:  0.0, Max: 0, Diff: 0, Sum: 0, Workers: 4
[467.840s][debug][gc,phases      ] GC(43)     Total                          Min: 0, Avg:  0.0, Max: 0, Diff: 0, Sum: 0, Workers: 4
[467.840s][debug][gc,phases      ] GC(43)   Weak JFR Old Object Samples    Min:  0.0, Avg:  0.0, Max:  0.0, Diff:  0.0, Sum:  0.0, Workers: 4
[467.840s][debug][gc,phases      ] GC(43)     Dead                           Min: 0, Avg:  0.0, Max: 0, Diff: 0, Sum: 0, Workers: 4
[467.840s][debug][gc,phases      ] GC(43)     Total                          Min: 0, Avg:  0.0, Max: 0, Diff: 0, Sum: 0, Workers: 4
[467.840s][debug][gc,phases      ] GC(43) Weak Processing 0.390ms
[467.840s][debug][gc,age         ] GC(43) Desired survivor size 146276352 bytes, new threshold 15 (max threshold 15)
[467.840s][info ][gc,heap        ] GC(43) PSYoungGen: 1791584K(1942528K)->30816K(1931776K) Eden: 1777152K(1777152K)->0K(1777152K) From: 14432K(165376K)->30816K(154624K)
[467.840s][info ][gc,heap        ] GC(43) ParOldGen: 449923K(558080K)->455611K(558080K)
[467.840s][info ][gc,metaspace   ] GC(43) Metaspace: 80997K(82048K)->80997K(82048K) NonClass: 69493K(70080K)->69493K(70080K) Class: 11504K(11968K)->11504K(11968K)
[467.840s][info ][gc             ] GC(43) Pause Young (Allocation Failure) 2188M->475M(2431M) 27.850ms
[467.840s][info ][gc,cpu         ] GC(43) User=0.06s Sys=0.00s Real=0.02s
[467.840s][info ][safepoint      ] Safepoint "ParallelGCFailedAllocation", Time since last: 573880549 ns, Reaching safepoint: 79402 ns, At safepoint: 27935011 ns, Total: 28014413 ns
[468.840s][info ][safepoint      ] Safepoint "Cleanup", Time since last: 1000090687 ns, Reaching safepoint: 126003 ns, At safepoint: 5600 ns, Total: 131603 ns
[469.840s][info ][safepoint      ] Safepoint "Cleanup", Time since last: 1000115730 ns, Reaching safepoint: 127003 ns, At safepoint: 5600 ns, Total: 132603 ns
[470.841s][info ][safepoint      ] Safepoint "Cleanup", Time since last: 1000114431 ns, Reaching safepoint: 136003 ns, At safepoint: 7900 ns, Total: 143903 ns
[471.841s][info ][safepoint      ] Safepoint "Cleanup", Time since last: 1000124031 ns, Reaching safepoint: 124203 ns, At safepoint: 21400 ns, Total: 145603 ns
[472.841s][info ][safepoint      ] Safepoint "Cleanup", Time since last: 1000122231 ns, Reaching safepoint: 134103 ns, At safepoint: 15500 ns, Total: 149603 ns
[473.841s][info ][safepoint      ] Safepoint "Cleanup", Time since last: 1000136431 ns, Reaching safepoint: 129603 ns, At safepoint: 5700 ns, Total: 135303 ns
[474.842s][info ][safepoint      ] Safepoint "Cleanup", Time since last: 1000132131 ns, Reaching safepoint: 128803 ns, At safepoint: 9201 ns, Total: 138004 ns
[476.842s][info ][safepoint      ] Safepoint "Cleanup", Time since last: 2000237073 ns, Reaching safepoint: 120502 ns, At safepoint: 3600 ns, Total: 124102 ns
[477.842s][info ][safepoint      ] Safepoint "Cleanup", Time since last: 1000127547 ns, Reaching safepoint: 120403 ns, At safepoint: 5500 ns, Total: 125903 ns
[478.843s][info ][safepoint      ] Safepoint "Cleanup", Time since last: 1000115947 ns, Reaching safepoint: 127202 ns, At safepoint: 8401 ns, Total: 135603 ns
[479.843s][info ][safepoint      ] Safepoint "Cleanup", Time since last: 1000126046 ns, Reaching safepoint: 125803 ns, At safepoint: 5900 ns, Total: 131703 ns
[480.440s][info ][gc,start       ] GC(44) Pause Young (Allocation Failure)
[480.454s][debug][gc,phases      ] GC(44) Scavenge 13.347ms
[480.454s][debug][gc,ref         ] GC(44) Skipped phase 1 of Reference Processing: no references
[480.454s][debug][gc,ref         ] GC(44) ReferenceProcessor::execute queues: 1, RefProcThreadModel::Single, marks_oops_alive: false
[480.454s][debug][gc,ref         ] GC(44) Skipped phase 3 of Reference Processing: no references
[480.454s][debug][gc,ref         ] GC(44) ReferenceProcessor::execute queues: 1, RefProcThreadModel::Single, marks_oops_alive: false
[480.454s][debug][gc,phases      ] GC(44) Reference Processing 0.125ms
[480.454s][debug][gc,phases      ] GC(44)   VM Weak                        Min:  0.0, Avg:  0.0, Max:  0.0, Diff:  0.0, Sum:  0.0, Workers: 4
[480.454s][debug][gc,phases      ] GC(44)     Dead                           Min: 0, Avg:  0.0, Max: 0, Diff: 0, Sum: 0, Workers: 4
[480.454s][debug][gc,phases      ] GC(44)     Total                          Min: 0, Avg: 222.8, Max: 512, Diff: 512, Sum: 891, Workers: 4
[480.454s][debug][gc,phases      ] GC(44)   ObjectSynchronizer Weak        Min:  0.0, Avg:  0.0, Max:  0.0, Diff:  0.0, Sum:  0.0, Workers: 4
[480.454s][debug][gc,phases      ] GC(44)     Dead                           Min: 0, Avg:  0.0, Max: 0, Diff: 0, Sum: 0, Workers: 4
[480.454s][debug][gc,phases      ] GC(44)     Total                          Min: 0, Avg:  7.2, Max: 29, Diff: 29, Sum: 29, Workers: 4
[480.454s][debug][gc,phases      ] GC(44)   JVMTI Tag Weak OopStorage      Min:  0.0, Avg:  0.0, Max:  0.0, Diff:  0.0, Sum:  0.0, Workers: 4
[480.454s][debug][gc,phases      ] GC(44)     Dead                           Min: 0, Avg:  0.0, Max: 0, Diff: 0, Sum: 0, Workers: 4
[480.454s][debug][gc,phases      ] GC(44)     Total                          Min: 0, Avg:  0.0, Max: 0, Diff: 0, Sum: 0, Workers: 4
[480.454s][debug][gc,phases      ] GC(44)   StringTable Weak               Min:  0.1, Avg:  0.1, Max:  0.1, Diff:  0.0, Sum:  0.4, Workers: 4
[480.454s][debug][gc,phases      ] GC(44)     Dead                           Min: 0, Avg:  0.0, Max: 0, Diff: 0, Sum: 0, Workers: 4
[480.454s][debug][gc,phases      ] GC(44)     Total                          Min: 9664, Avg: 10742.5, Max: 12095, Diff: 2431, Sum: 42970, Workers: 4
[480.454s][debug][gc,phases      ] GC(44)   ResolvedMethodTable Weak       Min:  0.0, Avg:  0.0, Max:  0.0, Diff:  0.0, Sum:  0.1, Workers: 4
[480.454s][debug][gc,phases      ] GC(44)     Dead                           Min: 0, Avg:  0.0, Max: 0, Diff: 0, Sum: 0, Workers: 4
[480.454s][debug][gc,phases      ] GC(44)     Total                          Min: 2176, Avg: 2309.5, Max: 2518, Diff: 342, Sum: 9238, Workers: 4
[480.454s][debug][gc,phases      ] GC(44)   JNI Weak                       Min:  0.0, Avg:  0.0, Max:  0.0, Diff:  0.0, Sum:  0.0, Workers: 4
[480.454s][debug][gc,phases      ] GC(44)     Dead                           Min: 0, Avg:  0.0, Max: 0, Diff: 0, Sum: 0, Workers: 4
[480.454s][debug][gc,phases      ] GC(44)     Total                          Min: 0, Avg: 11.2, Max: 45, Diff: 45, Sum: 45, Workers: 4
[480.454s][debug][gc,phases      ] GC(44)   StringDedup Table Weak         Min:  0.0, Avg:  0.0, Max:  0.0, Diff:  0.0, Sum:  0.0, Workers: 4
[480.454s][debug][gc,phases      ] GC(44)     Dead                           Min: 0, Avg:  0.0, Max: 0, Diff: 0, Sum: 0, Workers: 4
[480.454s][debug][gc,phases      ] GC(44)     Total                          Min: 0, Avg:  0.0, Max: 0, Diff: 0, Sum: 0, Workers: 4
[480.454s][debug][gc,phases      ] GC(44)   StringDedup Requests0 Weak     Min:  0.0, Avg:  0.0, Max:  0.0, Diff:  0.0, Sum:  0.0, Workers: 4
[480.454s][debug][gc,phases      ] GC(44)     Dead                           Min: 0, Avg:  0.0, Max: 0, Diff: 0, Sum: 0, Workers: 4
[480.454s][debug][gc,phases      ] GC(44)     Total                          Min: 0, Avg:  0.0, Max: 0, Diff: 0, Sum: 0, Workers: 4
[480.454s][debug][gc,phases      ] GC(44)   StringDedup Requests1 Weak     Min:  0.0, Avg:  0.0, Max:  0.0, Diff:  0.0, Sum:  0.0, Workers: 4
[480.454s][debug][gc,phases      ] GC(44)     Dead                           Min: 0, Avg:  0.0, Max: 0, Diff: 0, Sum: 0, Workers: 4
[480.454s][debug][gc,phases      ] GC(44)     Total                          Min: 0, Avg:  0.0, Max: 0, Diff: 0, Sum: 0, Workers: 4
[480.454s][debug][gc,phases      ] GC(44)   Weak JFR Old Object Samples    Min:  0.0, Avg:  0.0, Max:  0.0, Diff:  0.0, Sum:  0.0, Workers: 4
[480.454s][debug][gc,phases      ] GC(44)     Dead                           Min: 0, Avg:  0.0, Max: 0, Diff: 0, Sum: 0, Workers: 4
[480.454s][debug][gc,phases      ] GC(44)     Total                          Min: 0, Avg:  0.0, Max: 0, Diff: 0, Sum: 0, Workers: 4
[480.454s][debug][gc,phases      ] GC(44) Weak Processing 0.355ms
[480.454s][debug][gc,age         ] GC(44) Desired survivor size 136314880 bytes, new threshold 15 (max threshold 15)
[480.454s][info ][gc,heap        ] GC(44) PSYoungGen: 1807968K(1931776K)->33152K(1964032K) Eden: 1777152K(1777152K)->0K(1821184K) From: 30816K(154624K)->33152K(142848K)
[480.454s][info ][gc,heap        ] GC(44) ParOldGen: 455611K(558080K)->455939K(558080K)
[480.454s][info ][gc,metaspace   ] GC(44) Metaspace: 81037K(82112K)->81037K(82112K) NonClass: 69532K(70144K)->69532K(70144K) Class: 11504K(11968K)->11504K(11968K)
[480.454s][info ][gc             ] GC(44) Pause Young (Allocation Failure) 2210M->477M(2463M) 13.965ms
[480.454s][info ][gc,cpu         ] GC(44) User=0.05s Sys=0.00s Real=0.02s
[480.454s][info ][safepoint      ] Safepoint "ParallelGCFailedAllocation", Time since last: 597218865 ns, Reaching safepoint: 101603 ns, At safepoint: 14044909 ns, Total: 14146512 ns
[484.455s][info ][safepoint      ] Safepoint "Cleanup", Time since last: 4000351637 ns, Reaching safepoint: 119403 ns, At safepoint: 7700 ns, Total: 127103 ns
[485.455s][info ][safepoint      ] Safepoint "Cleanup", Time since last: 1000125705 ns, Reaching safepoint: 213904 ns, At safepoint: 7401 ns, Total: 221305 ns
[486.455s][info ][safepoint      ] Safepoint "Cleanup", Time since last: 1000111304 ns, Reaching safepoint: 124903 ns, At safepoint: 6900 ns, Total: 131803 ns
[488.004s][info ][safepoint      ] Safepoint "Cleanup", Time since last: 1548527015 ns, Reaching safepoint: 129903 ns, At safepoint: 8500 ns, Total: 138403 ns
[489.004s][info ][safepoint      ] Safepoint "Cleanup", Time since last: 1000127905 ns, Reaching safepoint: 54001 ns, At safepoint: 3700 ns, Total: 57701 ns
[493.005s][info ][safepoint      ] Safepoint "Cleanup", Time since last: 4000342506 ns, Reaching safepoint: 124003 ns, At safepoint: 7200 ns, Total: 131203 ns
[494.005s][info ][safepoint      ] Safepoint "Cleanup", Time since last: 1000120609 ns, Reaching safepoint: 49001 ns, At safepoint: 3300 ns, Total: 52301 ns
[497.005s][info ][safepoint      ] Safepoint "Cleanup", Time since last: 3000205923 ns, Reaching safepoint: 86602 ns, At safepoint: 3300 ns, Total: 89902 ns
[500.005s][info ][safepoint      ] Safepoint "Cleanup", Time since last: 3000160722 ns, Reaching safepoint: 136003 ns, At safepoint: 17300 ns, Total: 153303 ns
[500.141s][info ][gc,start       ] GC(45) Pause Young (Allocation Failure)
[500.157s][debug][gc,phases      ] GC(45) Scavenge 15.239ms
[500.157s][debug][gc,ref         ] GC(45) Skipped phase 1 of Reference Processing: no references
[500.157s][debug][gc,ref         ] GC(45) ReferenceProcessor::execute queues: 1, RefProcThreadModel::Single, marks_oops_alive: false
[500.157s][debug][gc,ref         ] GC(45) Skipped phase 3 of Reference Processing: no references
[500.157s][debug][gc,ref         ] GC(45) ReferenceProcessor::execute queues: 1, RefProcThreadModel::Single, marks_oops_alive: false
[500.157s][debug][gc,phases      ] GC(45) Reference Processing 0.123ms
[500.157s][debug][gc,phases      ] GC(45)   VM Weak                        Min:  0.0, Avg:  0.0, Max:  0.0, Diff:  0.0, Sum:  0.0, Workers: 4
[500.157s][debug][gc,phases      ] GC(45)     Dead                           Min: 0, Avg:  0.0, Max: 0, Diff: 0, Sum: 0, Workers: 4
[500.157s][debug][gc,phases      ] GC(45)     Total                          Min: 0, Avg: 222.8, Max: 448, Diff: 448, Sum: 891, Workers: 4
[500.157s][debug][gc,phases      ] GC(45)   ObjectSynchronizer Weak        Min:  0.0, Avg:  0.0, Max:  0.0, Diff:  0.0, Sum:  0.0, Workers: 4
[500.157s][debug][gc,phases      ] GC(45)     Dead                           Min: 0, Avg:  0.0, Max: 0, Diff: 0, Sum: 0, Workers: 4
[500.157s][debug][gc,phases      ] GC(45)     Total                          Min: 0, Avg:  7.2, Max: 29, Diff: 29, Sum: 29, Workers: 4
[500.157s][debug][gc,phases      ] GC(45)   JVMTI Tag Weak OopStorage      Min:  0.0, Avg:  0.0, Max:  0.0, Diff:  0.0, Sum:  0.0, Workers: 4
[500.157s][debug][gc,phases      ] GC(45)     Dead                           Min: 0, Avg:  0.0, Max: 0, Diff: 0, Sum: 0, Workers: 4
[500.157s][debug][gc,phases      ] GC(45)     Total                          Min: 0, Avg:  0.0, Max: 0, Diff: 0, Sum: 0, Workers: 4
[500.157s][debug][gc,phases      ] GC(45)   StringTable Weak               Min:  0.0, Avg:  0.1, Max:  0.1, Diff:  0.1, Sum:  0.4, Workers: 4
[500.157s][debug][gc,phases      ] GC(45)     Dead                           Min: 0, Avg:  0.0, Max: 0, Diff: 0, Sum: 0, Workers: 4
[500.157s][debug][gc,phases      ] GC(45)     Total                          Min: 0, Avg: 10742.8, Max: 15516, Diff: 15516, Sum: 42971, Workers: 4
[500.157s][debug][gc,phases      ] GC(45)   ResolvedMethodTable Weak       Min:  0.0, Avg:  0.0, Max:  0.0, Diff:  0.0, Sum:  0.1, Workers: 4
[500.157s][debug][gc,phases      ] GC(45)     Dead                           Min: 0, Avg:  0.0, Max: 0, Diff: 0, Sum: 0, Workers: 4
[500.157s][debug][gc,phases      ] GC(45)     Total                          Min: 0, Avg: 2309.5, Max: 3520, Diff: 3520, Sum: 9238, Workers: 4
[500.157s][debug][gc,phases      ] GC(45)   JNI Weak                       Min:  0.0, Avg:  0.0, Max:  0.0, Diff:  0.0, Sum:  0.0, Workers: 4
[500.157s][debug][gc,phases      ] GC(45)     Dead                           Min: 0, Avg:  0.0, Max: 0, Diff: 0, Sum: 0, Workers: 4
[500.157s][debug][gc,phases      ] GC(45)     Total                          Min: 0, Avg: 11.2, Max: 45, Diff: 45, Sum: 45, Workers: 4
[500.157s][debug][gc,phases      ] GC(45)   StringDedup Table Weak         Min:  0.0, Avg:  0.0, Max:  0.0, Diff:  0.0, Sum:  0.0, Workers: 4
[500.157s][debug][gc,phases      ] GC(45)     Dead                           Min: 0, Avg:  0.0, Max: 0, Diff: 0, Sum: 0, Workers: 4
[500.157s][debug][gc,phases      ] GC(45)     Total                          Min: 0, Avg:  0.0, Max: 0, Diff: 0, Sum: 0, Workers: 4
[500.157s][debug][gc,phases      ] GC(45)   StringDedup Requests0 Weak     Min:  0.0, Avg:  0.0, Max:  0.0, Diff:  0.0, Sum:  0.0, Workers: 4
[500.157s][debug][gc,phases      ] GC(45)     Dead                           Min: 0, Avg:  0.0, Max: 0, Diff: 0, Sum: 0, Workers: 4
[500.157s][debug][gc,phases      ] GC(45)     Total                          Min: 0, Avg:  0.0, Max: 0, Diff: 0, Sum: 0, Workers: 4
[500.157s][debug][gc,phases      ] GC(45)   StringDedup Requests1 Weak     Min:  0.0, Avg:  0.0, Max:  0.0, Diff:  0.0, Sum:  0.0, Workers: 4
[500.157s][debug][gc,phases      ] GC(45)     Dead                           Min: 0, Avg:  0.0, Max: 0, Diff: 0, Sum: 0, Workers: 4
[500.157s][debug][gc,phases      ] GC(45)     Total                          Min: 0, Avg:  0.0, Max: 0, Diff: 0, Sum: 0, Workers: 4
[500.157s][debug][gc,phases      ] GC(45)   Weak JFR Old Object Samples    Min:  0.0, Avg:  0.0, Max:  0.0, Diff:  0.0, Sum:  0.0, Workers: 4
[500.157s][debug][gc,phases      ] GC(45)     Dead                           Min: 0, Avg:  0.0, Max: 0, Diff: 0, Sum: 0, Workers: 4
[500.157s][debug][gc,phases      ] GC(45)     Total                          Min: 0, Avg:  0.0, Max: 0, Diff: 0, Sum: 0, Workers: 4
[500.157s][debug][gc,phases      ] GC(45) Weak Processing 0.378ms
[500.157s][debug][gc,age         ] GC(45) Desired survivor size 126877696 bytes, new threshold 15 (max threshold 15)
[500.157s][info ][gc,heap        ] GC(45) PSYoungGen: 1854336K(1964032K)->32048K(1954304K) Eden: 1821184K(1821184K)->0K(1821184K) From: 33152K(142848K)->32048K(133120K)
[500.157s][info ][gc,heap        ] GC(45) ParOldGen: 455939K(558080K)->456424K(558080K)
[500.157s][info ][gc,metaspace   ] GC(45) Metaspace: 81039K(82112K)->81039K(82112K) NonClass: 69534K(70144K)->69534K(70144K) Class: 11504K(11968K)->11504K(11968K)
[500.157s][info ][gc             ] GC(45) Pause Young (Allocation Failure) 2256M->477M(2453M) 15.883ms
[500.157s][info ][gc,cpu         ] GC(45) User=0.04s Sys=0.01s Real=0.02s
[500.157s][info ][safepoint      ] Safepoint "ParallelGCFailedAllocation", Time since last: 135730487 ns, Reaching safepoint: 139503 ns, At safepoint: 15975247 ns, Total: 16114750 ns
[502.157s][info ][safepoint      ] Safepoint "Cleanup", Time since last: 2000162956 ns, Reaching safepoint: 40801 ns, At safepoint: 3100 ns, Total: 43901 ns
[506.158s][info ][safepoint      ] Safepoint "Cleanup", Time since last: 4000304211 ns, Reaching safepoint: 47701 ns, At safepoint: 3200 ns, Total: 50901 ns
[510.158s][info ][safepoint      ] Safepoint "Cleanup", Time since last: 4000360766 ns, Reaching safepoint: 42601 ns, At safepoint: 8000 ns, Total: 50601 ns
[511.158s][info ][safepoint      ] Safepoint "Cleanup", Time since last: 1000113753 ns, Reaching safepoint: 46201 ns, At safepoint: 3000 ns, Total: 49201 ns
[512.159s][info ][safepoint      ] Safepoint "Cleanup", Time since last: 1000126354 ns, Reaching safepoint: 134203 ns, At safepoint: 5200 ns, Total: 139403 ns
[513.159s][info ][safepoint      ] Safepoint "Cleanup", Time since last: 1000117854 ns, Reaching safepoint: 44501 ns, At safepoint: 5200 ns, Total: 49701 ns
[515.159s][info ][safepoint      ] Safepoint "Cleanup", Time since last: 2000178306 ns, Reaching safepoint: 42401 ns, At safepoint: 2600 ns, Total: 45001 ns
[517.159s][info ][safepoint      ] Safepoint "Cleanup", Time since last: 2000143204 ns, Reaching safepoint: 152903 ns, At safepoint: 6500 ns, Total: 159403 ns
[518.160s][info ][safepoint      ] Safepoint "Cleanup", Time since last: 1000111153 ns, Reaching safepoint: 55801 ns, At safepoint: 3200 ns, Total: 59001 ns
[519.160s][info ][safepoint      ] Safepoint "Cleanup", Time since last: 1000107252 ns, Reaching safepoint: 45301 ns, At safepoint: 2900 ns, Total: 48201 ns
[520.160s][info ][safepoint      ] Safepoint "Cleanup", Time since last: 1000062651 ns, Reaching safepoint: 48501 ns, At safepoint: 7501 ns, Total: 56002 ns
[520.951s][info ][gc,start       ] GC(46) Pause Young (Allocation Failure)
[520.963s][debug][gc,phases      ] GC(46) Scavenge 11.857ms
[520.963s][debug][gc,ref         ] GC(46) Skipped phase 1 of Reference Processing: no references
[520.964s][debug][gc,ref         ] GC(46) ReferenceProcessor::execute queues: 1, RefProcThreadModel::Single, marks_oops_alive: false
[520.964s][debug][gc,ref         ] GC(46) Skipped phase 3 of Reference Processing: no references
[520.964s][debug][gc,ref         ] GC(46) ReferenceProcessor::execute queues: 1, RefProcThreadModel::Single, marks_oops_alive: false
[520.964s][debug][gc,phases      ] GC(46) Reference Processing 0.121ms
[520.964s][debug][gc,phases      ] GC(46)   VM Weak                        Min:  0.0, Avg:  0.0, Max:  0.0, Diff:  0.0, Sum:  0.0, Workers: 4
[520.964s][debug][gc,phases      ] GC(46)     Dead                           Min: 0, Avg:  0.0, Max: 0, Diff: 0, Sum: 0, Workers: 4
[520.964s][debug][gc,phases      ] GC(46)     Total                          Min: 0, Avg: 222.8, Max: 448, Diff: 448, Sum: 891, Workers: 4
[520.964s][debug][gc,phases      ] GC(46)   ObjectSynchronizer Weak        Min:  0.0, Avg:  0.0, Max:  0.0, Diff:  0.0, Sum:  0.0, Workers: 4
[520.964s][debug][gc,phases      ] GC(46)     Dead                           Min: 0, Avg:  0.0, Max: 0, Diff: 0, Sum: 0, Workers: 4
[520.964s][debug][gc,phases      ] GC(46)     Total                          Min: 0, Avg:  7.2, Max: 29, Diff: 29, Sum: 29, Workers: 4
[520.964s][debug][gc,phases      ] GC(46)   JVMTI Tag Weak OopStorage      Min:  0.0, Avg:  0.0, Max:  0.0, Diff:  0.0, Sum:  0.0, Workers: 4
[520.964s][debug][gc,phases      ] GC(46)     Dead                           Min: 0, Avg:  0.0, Max: 0, Diff: 0, Sum: 0, Workers: 4
[520.964s][debug][gc,phases      ] GC(46)     Total                          Min: 0, Avg:  0.0, Max: 0, Diff: 0, Sum: 0, Workers: 4
[520.964s][debug][gc,phases      ] GC(46)   StringTable Weak               Min:  0.1, Avg:  0.1, Max:  0.1, Diff:  0.0, Sum:  0.5, Workers: 4
[520.964s][debug][gc,phases      ] GC(46)     Dead                           Min: 0, Avg:  0.0, Max: 0, Diff: 0, Sum: 0, Workers: 4
[520.964s][debug][gc,phases      ] GC(46)     Total                          Min: 10111, Avg: 10743.0, Max: 11422, Diff: 1311, Sum: 42972, Workers: 4
[520.964s][debug][gc,phases      ] GC(46)   ResolvedMethodTable Weak       Min:  0.0, Avg:  0.0, Max:  0.0, Diff:  0.0, Sum:  0.1, Workers: 4
[520.964s][debug][gc,phases      ] GC(46)     Dead                           Min: 0, Avg:  0.0, Max: 0, Diff: 0, Sum: 0, Workers: 4
[520.964s][debug][gc,phases      ] GC(46)     Total                          Min: 2176, Avg: 2309.5, Max: 2518, Diff: 342, Sum: 9238, Workers: 4
[520.964s][debug][gc,phases      ] GC(46)   JNI Weak                       Min:  0.0, Avg:  0.0, Max:  0.0, Diff:  0.0, Sum:  0.0, Workers: 4
[520.964s][debug][gc,phases      ] GC(46)     Dead                           Min: 0, Avg:  0.0, Max: 0, Diff: 0, Sum: 0, Workers: 4
[520.964s][debug][gc,phases      ] GC(46)     Total                          Min: 0, Avg: 11.2, Max: 45, Diff: 45, Sum: 45, Workers: 4
[520.964s][debug][gc,phases      ] GC(46)   StringDedup Table Weak         Min:  0.0, Avg:  0.0, Max:  0.0, Diff:  0.0, Sum:  0.0, Workers: 4
[520.964s][debug][gc,phases      ] GC(46)     Dead                           Min: 0, Avg:  0.0, Max: 0, Diff: 0, Sum: 0, Workers: 4
[520.964s][debug][gc,phases      ] GC(46)     Total                          Min: 0, Avg:  0.0, Max: 0, Diff: 0, Sum: 0, Workers: 4
[520.964s][debug][gc,phases      ] GC(46)   StringDedup Requests0 Weak     Min:  0.0, Avg:  0.0, Max:  0.0, Diff:  0.0, Sum:  0.0, Workers: 4
[520.964s][debug][gc,phases      ] GC(46)     Dead                           Min: 0, Avg:  0.0, Max: 0, Diff: 0, Sum: 0, Workers: 4
[520.964s][debug][gc,phases      ] GC(46)     Total                          Min: 0, Avg:  0.0, Max: 0, Diff: 0, Sum: 0, Workers: 4
[520.964s][debug][gc,phases      ] GC(46)   StringDedup Requests1 Weak     Min:  0.0, Avg:  0.0, Max:  0.0, Diff:  0.0, Sum:  0.0, Workers: 4
[520.964s][debug][gc,phases      ] GC(46)     Dead                           Min: 0, Avg:  0.0, Max: 0, Diff: 0, Sum: 0, Workers: 4
[520.964s][debug][gc,phases      ] GC(46)     Total                          Min: 0, Avg:  0.0, Max: 0, Diff: 0, Sum: 0, Workers: 4
[520.964s][debug][gc,phases      ] GC(46)   Weak JFR Old Object Samples    Min:  0.0, Avg:  0.0, Max:  0.0, Diff:  0.0, Sum:  0.0, Workers: 4
[520.964s][debug][gc,phases      ] GC(46)     Dead                           Min: 0, Avg:  0.0, Max: 0, Diff: 0, Sum: 0, Workers: 4
[520.964s][debug][gc,phases      ] GC(46)     Total                          Min: 0, Avg:  0.0, Max: 0, Diff: 0, Sum: 0, Workers: 4
[520.964s][debug][gc,phases      ] GC(46) Weak Processing 0.364ms
[520.964s][debug][gc,age         ] GC(46) Desired survivor size 117964800 bytes, new threshold 15 (max threshold 15)
[520.964s][info ][gc,heap        ] GC(46) PSYoungGen: 1853232K(1954304K)->31648K(1981952K) Eden: 1821184K(1821184K)->0K(1858048K) From: 32048K(133120K)->31648K(123904K)
[520.964s][info ][gc,heap        ] GC(46) ParOldGen: 456424K(558080K)->456668K(558080K)
[520.964s][info ][gc,metaspace   ] GC(46) Metaspace: 81043K(82112K)->81043K(82112K) NonClass: 69538K(70144K)->69538K(70144K) Class: 11505K(11968K)->11505K(11968K)
[520.964s][info ][gc             ] GC(46) Pause Young (Allocation Failure) 2255M->476M(2480M) 12.477ms
[520.964s][info ][gc,cpu         ] GC(46) User=0.04s Sys=0.00s Real=0.02s
[520.964s][info ][safepoint      ] Safepoint "ParallelGCFailedAllocation", Time since last: 791612655 ns, Reaching safepoint: 28200 ns, At safepoint: 12555877 ns, Total: 12584077 ns
[521.964s][info ][safepoint      ] Safepoint "Cleanup", Time since last: 1000089052 ns, Reaching safepoint: 46101 ns, At safepoint: 3700 ns, Total: 49801 ns
[524.964s][info ][safepoint      ] Safepoint "Cleanup", Time since last: 3000243078 ns, Reaching safepoint: 60302 ns, At safepoint: 3800 ns, Total: 64102 ns
[525.965s][info ][safepoint      ] Safepoint "Cleanup", Time since last: 1000074456 ns, Reaching safepoint: 80501 ns, At safepoint: 4600 ns, Total: 85101 ns
[526.965s][info ][safepoint      ] Safepoint "Cleanup", Time since last: 1000120157 ns, Reaching safepoint: 52402 ns, At safepoint: 2700 ns, Total: 55102 ns
[527.965s][info ][safepoint      ] Safepoint "Cleanup", Time since last: 1000106056 ns, Reaching safepoint: 56401 ns, At safepoint: 3300 ns, Total: 59701 ns
[528.965s][info ][safepoint      ] Safepoint "Cleanup", Time since last: 1000110457 ns, Reaching safepoint: 46801 ns, At safepoint: 7800 ns, Total: 54601 ns
[529.965s][info ][safepoint      ] Safepoint "Cleanup", Time since last: 1000130258 ns, Reaching safepoint: 51401 ns, At safepoint: 3300 ns, Total: 54701 ns
[530.965s][info ][safepoint      ] Safepoint "Cleanup", Time since last: 1000108256 ns, Reaching safepoint: 41901 ns, At safepoint: 3000 ns, Total: 44901 ns
[532.966s][info ][safepoint      ] Safepoint "Cleanup", Time since last: 2000146747 ns, Reaching safepoint: 53101 ns, At safepoint: 2900 ns, Total: 56001 ns
[533.966s][info ][safepoint      ] Safepoint "Cleanup", Time since last: 1000112300 ns, Reaching safepoint: 52302 ns, At safepoint: 3300 ns, Total: 55602 ns
[534.966s][info ][safepoint      ] Safepoint "Cleanup", Time since last: 1000106800 ns, Reaching safepoint: 43801 ns, At safepoint: 3100 ns, Total: 46901 ns
[536.966s][info ][safepoint      ] Safepoint "Cleanup", Time since last: 2000160399 ns, Reaching safepoint: 53001 ns, At safepoint: 5600 ns, Total: 58601 ns
[539.966s][info ][safepoint      ] Safepoint "Cleanup", Time since last: 3000229799 ns, Reaching safepoint: 50601 ns, At safepoint: 2500 ns, Total: 53101 ns
[542.138s][info ][gc,start       ] GC(47) Pause Young (Allocation Failure)
[542.150s][debug][gc,phases      ] GC(47) Scavenge 11.758ms
[542.150s][debug][gc,ref         ] GC(47) Skipped phase 1 of Reference Processing: no references
[542.150s][debug][gc,ref         ] GC(47) ReferenceProcessor::execute queues: 1, RefProcThreadModel::Single, marks_oops_alive: false
[542.150s][debug][gc,ref         ] GC(47) Skipped phase 3 of Reference Processing: no references
[542.150s][debug][gc,ref         ] GC(47) ReferenceProcessor::execute queues: 1, RefProcThreadModel::Single, marks_oops_alive: false
[542.150s][debug][gc,phases      ] GC(47) Reference Processing 0.123ms
[542.150s][debug][gc,phases      ] GC(47)   VM Weak                        Min:  0.0, Avg:  0.0, Max:  0.0, Diff:  0.0, Sum:  0.0, Workers: 4
[542.150s][debug][gc,phases      ] GC(47)     Dead                           Min: 0, Avg:  0.0, Max: 0, Diff: 0, Sum: 0, Workers: 4
[542.150s][debug][gc,phases      ] GC(47)     Total                          Min: 0, Avg: 222.8, Max: 512, Diff: 512, Sum: 891, Workers: 4
[542.150s][debug][gc,phases      ] GC(47)   ObjectSynchronizer Weak        Min:  0.0, Avg:  0.0, Max:  0.0, Diff:  0.0, Sum:  0.0, Workers: 4
[542.150s][debug][gc,phases      ] GC(47)     Dead                           Min: 0, Avg:  0.0, Max: 0, Diff: 0, Sum: 0, Workers: 4
[542.150s][debug][gc,phases      ] GC(47)     Total                          Min: 0, Avg:  7.2, Max: 29, Diff: 29, Sum: 29, Workers: 4
[542.150s][debug][gc,phases      ] GC(47)   JVMTI Tag Weak OopStorage      Min:  0.0, Avg:  0.0, Max:  0.0, Diff:  0.0, Sum:  0.0, Workers: 4
[542.150s][debug][gc,phases      ] GC(47)     Dead                           Min: 0, Avg:  0.0, Max: 0, Diff: 0, Sum: 0, Workers: 4
[542.150s][debug][gc,phases      ] GC(47)     Total                          Min: 0, Avg:  0.0, Max: 0, Diff: 0, Sum: 0, Workers: 4
[542.150s][debug][gc,phases      ] GC(47)   StringTable Weak               Min:  0.0, Avg:  0.1, Max:  0.1, Diff:  0.1, Sum:  0.4, Workers: 4
[542.150s][debug][gc,phases      ] GC(47)     Dead                           Min: 0, Avg:  0.0, Max: 0, Diff: 0, Sum: 0, Workers: 4
[542.150s][debug][gc,phases      ] GC(47)     Total                          Min: 0, Avg: 10743.8, Max: 15456, Diff: 15456, Sum: 42975, Workers: 4
[542.150s][debug][gc,phases      ] GC(47)   ResolvedMethodTable Weak       Min:  0.0, Avg:  0.0, Max:  0.0, Diff:  0.0, Sum:  0.1, Workers: 4
[542.150s][debug][gc,phases      ] GC(47)     Dead                           Min: 0, Avg:  0.0, Max: 0, Diff: 0, Sum: 0, Workers: 4
[542.150s][debug][gc,phases      ] GC(47)     Total                          Min: 0, Avg: 2310.0, Max: 3200, Diff: 3200, Sum: 9240, Workers: 4
[542.150s][debug][gc,phases      ] GC(47)   JNI Weak                       Min:  0.0, Avg:  0.0, Max:  0.0, Diff:  0.0, Sum:  0.0, Workers: 4
[542.150s][debug][gc,phases      ] GC(47)     Dead                           Min: 0, Avg:  0.0, Max: 0, Diff: 0, Sum: 0, Workers: 4
[542.151s][debug][gc,phases      ] GC(47)     Total                          Min: 0, Avg: 11.2, Max: 45, Diff: 45, Sum: 45, Workers: 4
[542.151s][debug][gc,phases      ] GC(47)   StringDedup Table Weak         Min:  0.0, Avg:  0.0, Max:  0.0, Diff:  0.0, Sum:  0.0, Workers: 4
[542.151s][debug][gc,phases      ] GC(47)     Dead                           Min: 0, Avg:  0.0, Max: 0, Diff: 0, Sum: 0, Workers: 4
[542.151s][debug][gc,phases      ] GC(47)     Total                          Min: 0, Avg:  0.0, Max: 0, Diff: 0, Sum: 0, Workers: 4
[542.151s][debug][gc,phases      ] GC(47)   StringDedup Requests0 Weak     Min:  0.0, Avg:  0.0, Max:  0.0, Diff:  0.0, Sum:  0.0, Workers: 4
[542.151s][debug][gc,phases      ] GC(47)     Dead                           Min: 0, Avg:  0.0, Max: 0, Diff: 0, Sum: 0, Workers: 4
[542.151s][debug][gc,phases      ] GC(47)     Total                          Min: 0, Avg:  0.0, Max: 0, Diff: 0, Sum: 0, Workers: 4
[542.151s][debug][gc,phases      ] GC(47)   StringDedup Requests1 Weak     Min:  0.0, Avg:  0.0, Max:  0.0, Diff:  0.0, Sum:  0.0, Workers: 4
[542.151s][debug][gc,phases      ] GC(47)     Dead                           Min: 0, Avg:  0.0, Max: 0, Diff: 0, Sum: 0, Workers: 4
[542.151s][debug][gc,phases      ] GC(47)     Total                          Min: 0, Avg:  0.0, Max: 0, Diff: 0, Sum: 0, Workers: 4
[542.151s][debug][gc,phases      ] GC(47)   Weak JFR Old Object Samples    Min:  0.0, Avg:  0.0, Max:  0.0, Diff:  0.0, Sum:  0.0, Workers: 4
[542.151s][debug][gc,phases      ] GC(47)     Dead                           Min: 0, Avg:  0.0, Max: 0, Diff: 0, Sum: 0, Workers: 4
[542.151s][debug][gc,phases      ] GC(47)     Total                          Min: 0, Avg:  0.0, Max: 0, Diff: 0, Sum: 0, Workers: 4
[542.151s][debug][gc,phases      ] GC(47) Weak Processing 0.405ms
[542.151s][debug][gc,age         ] GC(47) Desired survivor size 110100480 bytes, new threshold 15 (max threshold 15)
[542.151s][info ][gc,heap        ] GC(47) PSYoungGen: 1889696K(1981952K)->31808K(1973248K) Eden: 1858048K(1858048K)->0K(1858048K) From: 31648K(123904K)->31808K(115200K)
[542.151s][info ][gc,heap        ] GC(47) ParOldGen: 456668K(558080K)->456772K(558080K)
[542.151s][info ][gc,metaspace   ] GC(47) Metaspace: 81081K(82112K)->81081K(82112K) NonClass: 69574K(70144K)->69574K(70144K) Class: 11506K(11968K)->11506K(11968K)
[542.151s][info ][gc             ] GC(47) Pause Young (Allocation Failure) 2291M->477M(2472M) 12.440ms
[542.151s][info ][gc,cpu         ] GC(47) User=0.04s Sys=0.01s Real=0.01s
[542.151s][info ][safepoint      ] Safepoint "ParallelGCFailedAllocation", Time since last: 2171654755 ns, Reaching safepoint: 36400 ns, At safepoint: 12514374 ns, Total: 12550774 ns
[545.151s][info ][safepoint      ] Safepoint "Cleanup", Time since last: 3000190665 ns, Reaching safepoint: 109902 ns, At safepoint: 8200 ns, Total: 118102 ns
[547.151s][info ][safepoint      ] Safepoint "Cleanup", Time since last: 2000187178 ns, Reaching safepoint: 123603 ns, At safepoint: 6800 ns, Total: 130403 ns
[549.152s][info ][safepoint      ] Safepoint "Cleanup", Time since last: 2000191384 ns, Reaching safepoint: 114202 ns, At safepoint: 7801 ns, Total: 122003 ns
[551.152s][info ][safepoint      ] Safepoint "Cleanup", Time since last: 2000203698 ns, Reaching safepoint: 113802 ns, At safepoint: 5200 ns, Total: 119002 ns
[553.089s][info ][gc,start       ] GC(48) Pause Young (Allocation Failure)
[553.113s][debug][gc,phases      ] GC(48) Scavenge 23.797ms
[553.113s][debug][gc,ref         ] GC(48) Skipped phase 1 of Reference Processing: no references
[553.113s][debug][gc,ref         ] GC(48) ReferenceProcessor::execute queues: 1, RefProcThreadModel::Single, marks_oops_alive: false
[553.113s][debug][gc,ref         ] GC(48) Skipped phase 3 of Reference Processing: no references
[553.113s][debug][gc,ref         ] GC(48) ReferenceProcessor::execute queues: 1, RefProcThreadModel::Single, marks_oops_alive: false
[553.113s][debug][gc,phases      ] GC(48) Reference Processing 0.125ms
[553.113s][debug][gc,phases      ] GC(48)   VM Weak                        Min:  0.0, Avg:  0.0, Max:  0.0, Diff:  0.0, Sum:  0.0, Workers: 4
[553.113s][debug][gc,phases      ] GC(48)     Dead                           Min: 0, Avg:  0.0, Max: 0, Diff: 0, Sum: 0, Workers: 4
[553.113s][debug][gc,phases      ] GC(48)     Total                          Min: 0, Avg: 222.8, Max: 448, Diff: 448, Sum: 891, Workers: 4
[553.113s][debug][gc,phases      ] GC(48)   ObjectSynchronizer Weak        Min:  0.0, Avg:  0.0, Max:  0.0, Diff:  0.0, Sum:  0.0, Workers: 4
[553.113s][debug][gc,phases      ] GC(48)     Dead                           Min: 0, Avg:  0.0, Max: 0, Diff: 0, Sum: 0, Workers: 4
[553.113s][debug][gc,phases      ] GC(48)     Total                          Min: 0, Avg:  7.2, Max: 29, Diff: 29, Sum: 29, Workers: 4
[553.113s][debug][gc,phases      ] GC(48)   JVMTI Tag Weak OopStorage      Min:  0.0, Avg:  0.0, Max:  0.0, Diff:  0.0, Sum:  0.0, Workers: 4
[553.113s][debug][gc,phases      ] GC(48)     Dead                           Min: 0, Avg:  0.0, Max: 0, Diff: 0, Sum: 0, Workers: 4
[553.113s][debug][gc,phases      ] GC(48)     Total                          Min: 0, Avg:  0.0, Max: 0, Diff: 0, Sum: 0, Workers: 4
[553.113s][debug][gc,phases      ] GC(48)   StringTable Weak               Min:  0.1, Avg:  0.1, Max:  0.1, Diff:  0.0, Sum:  0.5, Workers: 4
[553.113s][debug][gc,phases      ] GC(48)     Dead                           Min: 0, Avg:  0.0, Max: 0, Diff: 0, Sum: 0, Workers: 4
[553.113s][debug][gc,phases      ] GC(48)     Total                          Min: 10111, Avg: 10743.8, Max: 11199, Diff: 1088, Sum: 42975, Workers: 4
[553.113s][debug][gc,phases      ] GC(48)   ResolvedMethodTable Weak       Min:  0.0, Avg:  0.0, Max:  0.0, Diff:  0.0, Sum:  0.1, Workers: 4
[553.113s][debug][gc,phases      ] GC(48)     Dead                           Min: 0, Avg:  0.0, Max: 0, Diff: 0, Sum: 0, Workers: 4
[553.113s][debug][gc,phases      ] GC(48)     Total                          Min: 2176, Avg: 2310.0, Max: 2432, Diff: 256, Sum: 9240, Workers: 4
[553.113s][debug][gc,phases      ] GC(48)   JNI Weak                       Min:  0.0, Avg:  0.0, Max:  0.0, Diff:  0.0, Sum:  0.0, Workers: 4
[553.113s][debug][gc,phases      ] GC(48)     Dead                           Min: 0, Avg:  0.0, Max: 0, Diff: 0, Sum: 0, Workers: 4
[553.113s][debug][gc,phases      ] GC(48)     Total                          Min: 0, Avg: 11.2, Max: 45, Diff: 45, Sum: 45, Workers: 4
[553.113s][debug][gc,phases      ] GC(48)   StringDedup Table Weak         Min:  0.0, Avg:  0.0, Max:  0.0, Diff:  0.0, Sum:  0.0, Workers: 4
[553.113s][debug][gc,phases      ] GC(48)     Dead                           Min: 0, Avg:  0.0, Max: 0, Diff: 0, Sum: 0, Workers: 4
[553.113s][debug][gc,phases      ] GC(48)     Total                          Min: 0, Avg:  0.0, Max: 0, Diff: 0, Sum: 0, Workers: 4
[553.113s][debug][gc,phases      ] GC(48)   StringDedup Requests0 Weak     Min:  0.0, Avg:  0.0, Max:  0.0, Diff:  0.0, Sum:  0.0, Workers: 4
[553.113s][debug][gc,phases      ] GC(48)     Dead                           Min: 0, Avg:  0.0, Max: 0, Diff: 0, Sum: 0, Workers: 4
[553.113s][debug][gc,phases      ] GC(48)     Total                          Min: 0, Avg:  0.0, Max: 0, Diff: 0, Sum: 0, Workers: 4
[553.114s][debug][gc,phases      ] GC(48)   StringDedup Requests1 Weak     Min:  0.0, Avg:  0.0, Max:  0.0, Diff:  0.0, Sum:  0.0, Workers: 4
[553.114s][debug][gc,phases      ] GC(48)     Dead                           Min: 0, Avg:  0.0, Max: 0, Diff: 0, Sum: 0, Workers: 4
[553.114s][debug][gc,phases      ] GC(48)     Total                          Min: 0, Avg:  0.0, Max: 0, Diff: 0, Sum: 0, Workers: 4
[553.114s][debug][gc,phases      ] GC(48)   Weak JFR Old Object Samples    Min:  0.0, Avg:  0.0, Max:  0.0, Diff:  0.0, Sum:  0.0, Workers: 4
[553.114s][debug][gc,phases      ] GC(48)     Dead                           Min: 0, Avg:  0.0, Max: 0, Diff: 0, Sum: 0, Workers: 4
[553.114s][debug][gc,phases      ] GC(48)     Total                          Min: 0, Avg:  0.0, Max: 0, Diff: 0, Sum: 0, Workers: 4
[553.114s][debug][gc,phases      ] GC(48) Weak Processing 0.341ms
[553.114s][debug][gc,age         ] GC(48) Desired survivor size 113770496 bytes, new threshold 15 (max threshold 15)
[553.114s][info ][gc,heap        ] GC(48) PSYoungGen: 1889856K(1973248K)->60896K(1982464K) Eden: 1858048K(1858048K)->0K(1874944K) From: 31808K(115200K)->60896K(107520K)
[553.114s][info ][gc,heap        ] GC(48) ParOldGen: 456772K(558080K)->456852K(558080K)
[553.114s][info ][gc,metaspace   ] GC(48) Metaspace: 81082K(82112K)->81082K(82112K) NonClass: 69576K(70144K)->69576K(70144K) Class: 11506K(11968K)->11506K(11968K)
[553.114s][info ][gc             ] GC(48) Pause Young (Allocation Failure) 2291M->505M(2481M) 24.412ms
[553.114s][info ][gc,cpu         ] GC(48) User=0.07s Sys=0.00s Real=0.03s
[553.114s][info ][safepoint      ] Safepoint "ParallelGCFailedAllocation", Time since last: 1937083210 ns, Reaching safepoint: 100902 ns, At safepoint: 24490039 ns, Total: 24590941 ns
[554.114s][info ][safepoint      ] Safepoint "Cleanup", Time since last: 1000083998 ns, Reaching safepoint: 52802 ns, At safepoint: 2600 ns, Total: 55402 ns
[556.114s][info ][safepoint      ] Safepoint "Cleanup", Time since last: 2000134896 ns, Reaching safepoint: 48601 ns, At safepoint: 3000 ns, Total: 51601 ns
[557.114s][info ][safepoint      ] Safepoint "Cleanup", Time since last: 1000114616 ns, Reaching safepoint: 44701 ns, At safepoint: 2900 ns, Total: 47601 ns
[560.114s][info ][safepoint      ] Safepoint "Cleanup", Time since last: 3000241851 ns, Reaching safepoint: 50901 ns, At safepoint: 5400 ns, Total: 56301 ns
[562.115s][info ][safepoint      ] Safepoint "Cleanup", Time since last: 2000138333 ns, Reaching safepoint: 54501 ns, At safepoint: 8001 ns, Total: 62502 ns
[567.115s][info ][safepoint      ] Safepoint "Cleanup", Time since last: 5000375339 ns, Reaching safepoint: 60402 ns, At safepoint: 6200 ns, Total: 66602 ns
[569.115s][info ][safepoint      ] Safepoint "Cleanup", Time since last: 2000165479 ns, Reaching safepoint: 43401 ns, At safepoint: 3100 ns, Total: 46501 ns
[571.116s][info ][safepoint      ] Safepoint "Cleanup", Time since last: 2000189579 ns, Reaching safepoint: 94202 ns, At safepoint: 3500 ns, Total: 97702 ns
[573.444s][info ][gc,start       ] GC(49) Pause Young (Allocation Failure)
[573.462s][debug][gc,phases      ] GC(49) Scavenge 18.136ms
[573.462s][debug][gc,ref         ] GC(49) Skipped phase 1 of Reference Processing: no references
[573.462s][debug][gc,ref         ] GC(49) ReferenceProcessor::execute queues: 1, RefProcThreadModel::Single, marks_oops_alive: false
[573.462s][debug][gc,ref         ] GC(49) Skipped phase 3 of Reference Processing: no references
[573.462s][debug][gc,ref         ] GC(49) ReferenceProcessor::execute queues: 1, RefProcThreadModel::Single, marks_oops_alive: false
[573.462s][debug][gc,phases      ] GC(49) Reference Processing 0.121ms
[573.463s][debug][gc,phases      ] GC(49)   VM Weak                        Min:  0.0, Avg:  0.0, Max:  0.0, Diff:  0.0, Sum:  0.0, Workers: 4
[573.463s][debug][gc,phases      ] GC(49)     Dead                           Min: 0, Avg:  0.0, Max: 0, Diff: 0, Sum: 0, Workers: 4
[573.463s][debug][gc,phases      ] GC(49)     Total                          Min: 0, Avg: 222.8, Max: 384, Diff: 384, Sum: 891, Workers: 4
[573.463s][debug][gc,phases      ] GC(49)   ObjectSynchronizer Weak        Min:  0.0, Avg:  0.0, Max:  0.0, Diff:  0.0, Sum:  0.0, Workers: 4
[573.463s][debug][gc,phases      ] GC(49)     Dead                           Min: 0, Avg:  0.0, Max: 0, Diff: 0, Sum: 0, Workers: 4
[573.463s][debug][gc,phases      ] GC(49)     Total                          Min: 0, Avg:  7.2, Max: 29, Diff: 29, Sum: 29, Workers: 4
[573.463s][debug][gc,phases      ] GC(49)   JVMTI Tag Weak OopStorage      Min:  0.0, Avg:  0.0, Max:  0.0, Diff:  0.0, Sum:  0.0, Workers: 4
[573.463s][debug][gc,phases      ] GC(49)     Dead                           Min: 0, Avg:  0.0, Max: 0, Diff: 0, Sum: 0, Workers: 4
[573.463s][debug][gc,phases      ] GC(49)     Total                          Min: 0, Avg:  0.0, Max: 0, Diff: 0, Sum: 0, Workers: 4
[573.463s][debug][gc,phases      ] GC(49)   StringTable Weak               Min:  0.0, Avg:  0.1, Max:  0.1, Diff:  0.1, Sum:  0.4, Workers: 4
[573.463s][debug][gc,phases      ] GC(49)     Dead                           Min: 0, Avg:  0.0, Max: 0, Diff: 0, Sum: 0, Workers: 4
[573.463s][debug][gc,phases      ] GC(49)     Total                          Min: 0, Avg: 10744.5, Max: 15331, Diff: 15331, Sum: 42978, Workers: 4
[573.463s][debug][gc,phases      ] GC(49)   ResolvedMethodTable Weak       Min:  0.0, Avg:  0.0, Max:  0.0, Diff:  0.0, Sum:  0.1, Workers: 4
[573.463s][debug][gc,phases      ] GC(49)     Dead                           Min: 0, Avg:  0.0, Max: 0, Diff: 0, Sum: 0, Workers: 4
[573.463s][debug][gc,phases      ] GC(49)     Total                          Min: 0, Avg: 2310.0, Max: 3160, Diff: 3160, Sum: 9240, Workers: 4
[573.463s][debug][gc,phases      ] GC(49)   JNI Weak                       Min:  0.0, Avg:  0.0, Max:  0.0, Diff:  0.0, Sum:  0.0, Workers: 4
[573.463s][debug][gc,phases      ] GC(49)     Dead                           Min: 0, Avg:  0.0, Max: 0, Diff: 0, Sum: 0, Workers: 4
[573.463s][debug][gc,phases      ] GC(49)     Total                          Min: 0, Avg: 11.2, Max: 45, Diff: 45, Sum: 45, Workers: 4
[573.463s][debug][gc,phases      ] GC(49)   StringDedup Table Weak         Min:  0.0, Avg:  0.0, Max:  0.0, Diff:  0.0, Sum:  0.0, Workers: 4
[573.463s][debug][gc,phases      ] GC(49)     Dead                           Min: 0, Avg:  0.0, Max: 0, Diff: 0, Sum: 0, Workers: 4
[573.463s][debug][gc,phases      ] GC(49)     Total                          Min: 0, Avg:  0.0, Max: 0, Diff: 0, Sum: 0, Workers: 4
[573.463s][debug][gc,phases      ] GC(49)   StringDedup Requests0 Weak     Min:  0.0, Avg:  0.0, Max:  0.0, Diff:  0.0, Sum:  0.0, Workers: 4
[573.463s][debug][gc,phases      ] GC(49)     Dead                           Min: 0, Avg:  0.0, Max: 0, Diff: 0, Sum: 0, Workers: 4
[573.463s][debug][gc,phases      ] GC(49)     Total                          Min: 0, Avg:  0.0, Max: 0, Diff: 0, Sum: 0, Workers: 4
[573.463s][debug][gc,phases      ] GC(49)   StringDedup Requests1 Weak     Min:  0.0, Avg:  0.0, Max:  0.0, Diff:  0.0, Sum:  0.0, Workers: 4
[573.463s][debug][gc,phases      ] GC(49)     Dead                           Min: 0, Avg:  0.0, Max: 0, Diff: 0, Sum: 0, Workers: 4
[573.463s][debug][gc,phases      ] GC(49)     Total                          Min: 0, Avg:  0.0, Max: 0, Diff: 0, Sum: 0, Workers: 4
[573.463s][debug][gc,phases      ] GC(49)   Weak JFR Old Object Samples    Min:  0.0, Avg:  0.0, Max:  0.0, Diff:  0.0, Sum:  0.0, Workers: 4
[573.463s][debug][gc,phases      ] GC(49)     Dead                           Min: 0, Avg:  0.0, Max: 0, Diff: 0, Sum: 0, Workers: 4
[573.463s][debug][gc,phases      ] GC(49)     Total                          Min: 0, Avg:  0.0, Max: 0, Diff: 0, Sum: 0, Workers: 4
[573.463s][debug][gc,phases      ] GC(49) Weak Processing 0.371ms
[573.463s][debug][gc,age         ] GC(49) Desired survivor size 116391936 bytes, new threshold 15 (max threshold 15)
[573.463s][info ][gc,heap        ] GC(49) PSYoungGen: 1935840K(1982464K)->60640K(1935872K) Eden: 1874944K(1874944K)->0K(1874944K) From: 60896K(107520K)->60640K(60928K)
[573.463s][info ][gc,heap        ] GC(49) ParOldGen: 456852K(558080K)->456924K(558080K)
[573.463s][info ][gc,metaspace   ] GC(49) Metaspace: 81092K(82112K)->81092K(82112K) NonClass: 69585K(70144K)->69585K(70144K) Class: 11506K(11968K)->11506K(11968K)
[573.463s][info ][gc             ] GC(49) Pause Young (Allocation Failure) 2336M->505M(2435M) 18.771ms
[573.463s][info ][gc,cpu         ] GC(49) User=0.07s Sys=0.00s Real=0.01s
[573.463s][info ][safepoint      ] Safepoint "ParallelGCFailedAllocation", Time since last: 2328322998 ns, Reaching safepoint: 117802 ns, At safepoint: 18847416 ns, Total: 18965218 ns
[574.463s][info ][safepoint      ] Safepoint "Cleanup", Time since last: 1000088423 ns, Reaching safepoint: 44001 ns, At safepoint: 4900 ns, Total: 48901 ns
[576.463s][info ][safepoint      ] Safepoint "Cleanup", Time since last: 2000168048 ns, Reaching safepoint: 46801 ns, At safepoint: 4300 ns, Total: 51101 ns
[579.464s][info ][safepoint      ] Safepoint "Cleanup", Time since last: 3000263171 ns, Reaching safepoint: 125403 ns, At safepoint: 5900 ns, Total: 131303 ns
[584.464s][info ][safepoint      ] Safepoint "Cleanup", Time since last: 5000354002 ns, Reaching safepoint: 41901 ns, At safepoint: 3200 ns, Total: 45101 ns
[588.464s][info ][safepoint      ] Safepoint "Cleanup", Time since last: 4000253826 ns, Reaching safepoint: 48901 ns, At safepoint: 3301 ns, Total: 52202 ns
[590.465s][info ][safepoint      ] Safepoint "Cleanup", Time since last: 2000183957 ns, Reaching safepoint: 54201 ns, At safepoint: 5700 ns, Total: 59901 ns
[592.465s][info ][safepoint      ] Safepoint "Cleanup", Time since last: 2000174457 ns, Reaching safepoint: 48401 ns, At safepoint: 2900 ns, Total: 51301 ns
[593.997s][info ][gc,start       ] GC(50) Pause Young (Allocation Failure)
[594.018s][debug][gc,phases      ] GC(50) Scavenge 20.811ms
[594.018s][debug][gc,ref         ] GC(50) Skipped phase 1 of Reference Processing: no references
[594.018s][debug][gc,ref         ] GC(50) ReferenceProcessor::execute queues: 1, RefProcThreadModel::Single, marks_oops_alive: false
[594.018s][debug][gc,ref         ] GC(50) Skipped phase 3 of Reference Processing: no references
[594.018s][debug][gc,ref         ] GC(50) ReferenceProcessor::execute queues: 1, RefProcThreadModel::Single, marks_oops_alive: false
[594.018s][debug][gc,phases      ] GC(50) Reference Processing 0.138ms
[594.019s][debug][gc,phases      ] GC(50)   VM Weak                        Min:  0.0, Avg:  0.0, Max:  0.0, Diff:  0.0, Sum:  0.0, Workers: 4
[594.019s][debug][gc,phases      ] GC(50)     Dead                           Min: 0, Avg:  0.0, Max: 0, Diff: 0, Sum: 0, Workers: 4
[594.019s][debug][gc,phases      ] GC(50)     Total                          Min: 128, Avg: 222.8, Max: 256, Diff: 128, Sum: 891, Workers: 4
[594.019s][debug][gc,phases      ] GC(50)   ObjectSynchronizer Weak        Min:  0.0, Avg:  0.0, Max:  0.0, Diff:  0.0, Sum:  0.0, Workers: 4
[594.019s][debug][gc,phases      ] GC(50)     Dead                           Min: 0, Avg:  0.0, Max: 0, Diff: 0, Sum: 0, Workers: 4
[594.019s][debug][gc,phases      ] GC(50)     Total                          Min: 0, Avg:  7.2, Max: 29, Diff: 29, Sum: 29, Workers: 4
[594.019s][debug][gc,phases      ] GC(50)   JVMTI Tag Weak OopStorage      Min:  0.0, Avg:  0.0, Max:  0.0, Diff:  0.0, Sum:  0.0, Workers: 4
[594.019s][debug][gc,phases      ] GC(50)     Dead                           Min: 0, Avg:  0.0, Max: 0, Diff: 0, Sum: 0, Workers: 4
[594.019s][debug][gc,phases      ] GC(50)     Total                          Min: 0, Avg:  0.0, Max: 0, Diff: 0, Sum: 0, Workers: 4
[594.019s][debug][gc,phases      ] GC(50)   StringTable Weak               Min:  0.1, Avg:  0.1, Max:  0.1, Diff:  0.0, Sum:  0.4, Workers: 4
[594.019s][debug][gc,phases      ] GC(50)     Dead                           Min: 0, Avg:  0.0, Max: 0, Diff: 0, Sum: 0, Workers: 4
[594.019s][debug][gc,phases      ] GC(50)     Total                          Min: 9920, Avg: 10745.0, Max: 11200, Diff: 1280, Sum: 42980, Workers: 4
[594.019s][debug][gc,phases      ] GC(50)   ResolvedMethodTable Weak       Min:  0.0, Avg:  0.0, Max:  0.0, Diff:  0.0, Sum:  0.1, Workers: 4
[594.019s][debug][gc,phases      ] GC(50)     Dead                           Min: 0, Avg:  0.0, Max: 0, Diff: 0, Sum: 0, Workers: 4
[594.019s][debug][gc,phases      ] GC(50)     Total                          Min: 1240, Avg: 2310.0, Max: 2880, Diff: 1640, Sum: 9240, Workers: 4
[594.019s][debug][gc,phases      ] GC(50)   JNI Weak                       Min:  0.0, Avg:  0.0, Max:  0.0, Diff:  0.0, Sum:  0.0, Workers: 4
[594.019s][debug][gc,phases      ] GC(50)     Dead                           Min: 0, Avg:  0.0, Max: 0, Diff: 0, Sum: 0, Workers: 4
[594.019s][debug][gc,phases      ] GC(50)     Total                          Min: 0, Avg: 11.2, Max: 45, Diff: 45, Sum: 45, Workers: 4
[594.019s][debug][gc,phases      ] GC(50)   StringDedup Table Weak         Min:  0.0, Avg:  0.0, Max:  0.0, Diff:  0.0, Sum:  0.0, Workers: 4
[594.019s][debug][gc,phases      ] GC(50)     Dead                           Min: 0, Avg:  0.0, Max: 0, Diff: 0, Sum: 0, Workers: 4
[594.019s][debug][gc,phases      ] GC(50)     Total                          Min: 0, Avg:  0.0, Max: 0, Diff: 0, Sum: 0, Workers: 4
[594.019s][debug][gc,phases      ] GC(50)   StringDedup Requests0 Weak     Min:  0.0, Avg:  0.0, Max:  0.0, Diff:  0.0, Sum:  0.0, Workers: 4
[594.019s][debug][gc,phases      ] GC(50)     Dead                           Min: 0, Avg:  0.0, Max: 0, Diff: 0, Sum: 0, Workers: 4
[594.019s][debug][gc,phases      ] GC(50)     Total                          Min: 0, Avg:  0.0, Max: 0, Diff: 0, Sum: 0, Workers: 4
[594.019s][debug][gc,phases      ] GC(50)   StringDedup Requests1 Weak     Min:  0.0, Avg:  0.0, Max:  0.0, Diff:  0.0, Sum:  0.0, Workers: 4
[594.019s][debug][gc,phases      ] GC(50)     Dead                           Min: 0, Avg:  0.0, Max: 0, Diff: 0, Sum: 0, Workers: 4
[594.019s][debug][gc,phases      ] GC(50)     Total                          Min: 0, Avg:  0.0, Max: 0, Diff: 0, Sum: 0, Workers: 4
[594.019s][debug][gc,phases      ] GC(50)   Weak JFR Old Object Samples    Min:  0.0, Avg:  0.0, Max:  0.0, Diff:  0.0, Sum:  0.0, Workers: 4
[594.019s][debug][gc,phases      ] GC(50)     Dead                           Min: 0, Avg:  0.0, Max: 0, Diff: 0, Sum: 0, Workers: 4
[594.019s][debug][gc,phases      ] GC(50)     Total                          Min: 0, Avg:  0.0, Max: 0, Diff: 0, Sum: 0, Workers: 4
[594.019s][debug][gc,phases      ] GC(50) Weak Processing 0.336ms
[594.019s][debug][gc,age         ] GC(50) Desired survivor size 117440512 bytes, new threshold 15 (max threshold 15)
[594.019s][info ][gc,heap        ] GC(50) PSYoungGen: 1935584K(1935872K)->59376K(1981440K) Eden: 1874944K(1874944K)->0K(1867776K) From: 60640K(60928K)->59376K(113664K)
[594.019s][info ][gc,heap        ] GC(50) ParOldGen: 456924K(558080K)->457100K(558080K)
[594.019s][info ][gc,metaspace   ] GC(50) Metaspace: 81100K(82176K)->81100K(82176K) NonClass: 69593K(70208K)->69593K(70208K) Class: 11506K(11968K)->11506K(11968K)
[594.019s][info ][gc             ] GC(50) Pause Young (Allocation Failure) 2336M->504M(2480M) 21.438ms
[594.019s][info ][gc,cpu         ] GC(50) User=0.07s Sys=0.01s Real=0.02s
[594.019s][info ][safepoint      ] Safepoint "ParallelGCFailedAllocation", Time since last: 1532474755 ns, Reaching safepoint: 33101 ns, At safepoint: 21517874 ns, Total: 21550975 ns
[599.019s][info ][safepoint      ] Safepoint "Cleanup", Time since last: 5000325140 ns, Reaching safepoint: 53701 ns, At safepoint: 5400 ns, Total: 59101 ns
[600.019s][info ][safepoint      ] Safepoint "Cleanup", Time since last: 1000107129 ns, Reaching safepoint: 50102 ns, At safepoint: 3300 ns, Total: 53402 ns
[601.019s][info ][safepoint      ] Safepoint "Cleanup", Time since last: 1000102429 ns, Reaching safepoint: 53501 ns, At safepoint: 3800 ns, Total: 57301 ns
[602.020s][info ][safepoint      ] Safepoint "Cleanup", Time since last: 1000115629 ns, Reaching safepoint: 50601 ns, At safepoint: 2400 ns, Total: 53001 ns
[605.020s][info ][safepoint      ] Safepoint "Cleanup", Time since last: 3000225921 ns, Reaching safepoint: 48801 ns, At safepoint: 5100 ns, Total: 53901 ns
[614.041s][info ][gc,start       ] GC(51) Pause Young (Allocation Failure)
[614.057s][debug][gc,phases      ] GC(51) Scavenge 16.182ms
[614.057s][debug][gc,ref         ] GC(51) Skipped phase 1 of Reference Processing: no references
[614.057s][debug][gc,ref         ] GC(51) ReferenceProcessor::execute queues: 1, RefProcThreadModel::Single, marks_oops_alive: false
[614.057s][debug][gc,ref         ] GC(51) Skipped phase 3 of Reference Processing: no references
[614.057s][debug][gc,ref         ] GC(51) ReferenceProcessor::execute queues: 1, RefProcThreadModel::Single, marks_oops_alive: false
[614.057s][debug][gc,phases      ] GC(51) Reference Processing 0.130ms
[614.057s][debug][gc,phases      ] GC(51)   VM Weak                        Min:  0.0, Avg:  0.0, Max:  0.0, Diff:  0.0, Sum:  0.0, Workers: 4
[614.057s][debug][gc,phases      ] GC(51)     Dead                           Min: 0, Avg:  0.0, Max: 0, Diff: 0, Sum: 0, Workers: 4
[614.057s][debug][gc,phases      ] GC(51)     Total                          Min: 0, Avg: 222.8, Max: 507, Diff: 507, Sum: 891, Workers: 4
[614.057s][debug][gc,phases      ] GC(51)   ObjectSynchronizer Weak        Min:  0.0, Avg:  0.0, Max:  0.0, Diff:  0.0, Sum:  0.0, Workers: 4
[614.057s][debug][gc,phases      ] GC(51)     Dead                           Min: 0, Avg:  0.0, Max: 0, Diff: 0, Sum: 0, Workers: 4
[614.057s][debug][gc,phases      ] GC(51)     Total                          Min: 0, Avg:  7.2, Max: 29, Diff: 29, Sum: 29, Workers: 4
[614.057s][debug][gc,phases      ] GC(51)   JVMTI Tag Weak OopStorage      Min:  0.0, Avg:  0.0, Max:  0.0, Diff:  0.0, Sum:  0.0, Workers: 4
[614.057s][debug][gc,phases      ] GC(51)     Dead                           Min: 0, Avg:  0.0, Max: 0, Diff: 0, Sum: 0, Workers: 4
[614.057s][debug][gc,phases      ] GC(51)     Total                          Min: 0, Avg:  0.0, Max: 0, Diff: 0, Sum: 0, Workers: 4
[614.057s][debug][gc,phases      ] GC(51)   StringTable Weak               Min:  0.1, Avg:  0.2, Max:  0.3, Diff:  0.1, Sum:  0.8, Workers: 4
[614.057s][debug][gc,phases      ] GC(51)     Dead                           Min: 0, Avg:  0.0, Max: 0, Diff: 0, Sum: 0, Workers: 4
[614.057s][debug][gc,phases      ] GC(51)     Total                          Min: 640, Avg: 10745.0, Max: 18406, Diff: 17766, Sum: 42980, Workers: 4
[614.057s][debug][gc,phases      ] GC(51)   ResolvedMethodTable Weak       Min:  0.0, Avg:  0.0, Max:  0.0, Diff:  0.0, Sum:  0.1, Workers: 4
[614.057s][debug][gc,phases      ] GC(51)     Dead                           Min: 0, Avg:  0.0, Max: 0, Diff: 0, Sum: 0, Workers: 4
[614.057s][debug][gc,phases      ] GC(51)     Total                          Min: 0, Avg: 2310.0, Max: 3264, Diff: 3264, Sum: 9240, Workers: 4
[614.057s][debug][gc,phases      ] GC(51)   JNI Weak                       Min:  0.0, Avg:  0.0, Max:  0.0, Diff:  0.0, Sum:  0.0, Workers: 4
[614.057s][debug][gc,phases      ] GC(51)     Dead                           Min: 0, Avg:  0.0, Max: 0, Diff: 0, Sum: 0, Workers: 4
[614.057s][debug][gc,phases      ] GC(51)     Total                          Min: 0, Avg: 11.2, Max: 45, Diff: 45, Sum: 45, Workers: 4
[614.057s][debug][gc,phases      ] GC(51)   StringDedup Table Weak         Min:  0.0, Avg:  0.0, Max:  0.0, Diff:  0.0, Sum:  0.0, Workers: 4
[614.058s][debug][gc,phases      ] GC(51)     Dead                           Min: 0, Avg:  0.0, Max: 0, Diff: 0, Sum: 0, Workers: 4
[614.058s][debug][gc,phases      ] GC(51)     Total                          Min: 0, Avg:  0.0, Max: 0, Diff: 0, Sum: 0, Workers: 4
[614.058s][debug][gc,phases      ] GC(51)   StringDedup Requests0 Weak     Min:  0.0, Avg:  0.0, Max:  0.0, Diff:  0.0, Sum:  0.0, Workers: 4
[614.058s][debug][gc,phases      ] GC(51)     Dead                           Min: 0, Avg:  0.0, Max: 0, Diff: 0, Sum: 0, Workers: 4
[614.058s][debug][gc,phases      ] GC(51)     Total                          Min: 0, Avg:  0.0, Max: 0, Diff: 0, Sum: 0, Workers: 4
[614.058s][debug][gc,phases      ] GC(51)   StringDedup Requests1 Weak     Min:  0.0, Avg:  0.0, Max:  0.0, Diff:  0.0, Sum:  0.0, Workers: 4
[614.058s][debug][gc,phases      ] GC(51)     Dead                           Min: 0, Avg:  0.0, Max: 0, Diff: 0, Sum: 0, Workers: 4
[614.058s][debug][gc,phases      ] GC(51)     Total                          Min: 0, Avg:  0.0, Max: 0, Diff: 0, Sum: 0, Workers: 4
[614.058s][debug][gc,phases      ] GC(51)   Weak JFR Old Object Samples    Min:  0.0, Avg:  0.0, Max:  0.0, Diff:  0.0, Sum:  0.0, Workers: 4
[614.058s][debug][gc,phases      ] GC(51)     Dead                           Min: 0, Avg:  0.0, Max: 0, Diff: 0, Sum: 0, Workers: 4
[614.058s][debug][gc,phases      ] GC(51)     Total                          Min: 0, Avg:  0.0, Max: 0, Diff: 0, Sum: 0, Workers: 4
[614.058s][debug][gc,phases      ] GC(51) Weak Processing 0.470ms
[614.058s][debug][gc,age         ] GC(51) Desired survivor size 117440512 bytes, new threshold 15 (max threshold 15)
[614.058s][info ][gc,heap        ] GC(51) PSYoungGen: 1927152K(1981440K)->58528K(1982464K) Eden: 1867776K(1867776K)->0K(1867776K) From: 59376K(113664K)->58528K(114688K)
[614.058s][info ][gc,heap        ] GC(51) ParOldGen: 457100K(558080K)->457260K(558080K)
[614.058s][info ][gc,metaspace   ] GC(51) Metaspace: 81106K(82176K)->81106K(82176K) NonClass: 69599K(70208K)->69599K(70208K) Class: 11506K(11968K)->11506K(11968K)
[614.058s][info ][gc             ] GC(51) Pause Young (Allocation Failure) 2328M->503M(2481M) 16.990ms
[614.058s][info ][gc,cpu         ] GC(51) User=0.06s Sys=0.00s Real=0.02s
[614.058s][info ][safepoint      ] Safepoint "ParallelGCFailedAllocation", Time since last: 9020529406 ns, Reaching safepoint: 104802 ns, At safepoint: 17071977 ns, Total: 17176779 ns
[619.750s][info ][safepoint      ] Safepoint "Cleanup", Time since last: 5692370448 ns, Reaching safepoint: 111603 ns, At safepoint: 9200 ns, Total: 120803 ns
[620.751s][info ][safepoint      ] Safepoint "Cleanup", Time since last: 1000154589 ns, Reaching safepoint: 233605 ns, At safepoint: 5900 ns, Total: 239505 ns
[621.751s][info ][safepoint      ] Safepoint "Cleanup", Time since last: 1000140803 ns, Reaching safepoint: 145603 ns, At safepoint: 6900 ns, Total: 152503 ns
[628.752s][info ][safepoint      ] Safepoint "Cleanup", Time since last: 7000529281 ns, Reaching safepoint: 141003 ns, At safepoint: 6400 ns, Total: 147403 ns
[633.752s][info ][safepoint      ] Safepoint "Cleanup", Time since last: 5000368634 ns, Reaching safepoint: 115503 ns, At safepoint: 4600 ns, Total: 120103 ns
[635.752s][info ][safepoint      ] Safepoint "Cleanup", Time since last: 2000190034 ns, Reaching safepoint: 123103 ns, At safepoint: 15200 ns, Total: 138303 ns
[636.591s][info ][gc,start       ] GC(52) Pause Young (Allocation Failure)
[636.611s][debug][gc,phases      ] GC(52) Scavenge 20.620ms
[636.611s][debug][gc,ref         ] GC(52) Skipped phase 1 of Reference Processing: no references
[636.611s][debug][gc,ref         ] GC(52) ReferenceProcessor::execute queues: 1, RefProcThreadModel::Single, marks_oops_alive: false
[636.611s][debug][gc,ref         ] GC(52) Skipped phase 3 of Reference Processing: no references
[636.611s][debug][gc,ref         ] GC(52) ReferenceProcessor::execute queues: 1, RefProcThreadModel::Single, marks_oops_alive: false
[636.612s][debug][gc,phases      ] GC(52) Reference Processing 0.123ms
[636.612s][debug][gc,phases      ] GC(52)   VM Weak                        Min:  0.0, Avg:  0.0, Max:  0.0, Diff:  0.0, Sum:  0.0, Workers: 4
[636.612s][debug][gc,phases      ] GC(52)     Dead                           Min: 0, Avg:  0.0, Max: 0, Diff: 0, Sum: 0, Workers: 4
[636.612s][debug][gc,phases      ] GC(52)     Total                          Min: 0, Avg: 223.8, Max: 639, Diff: 639, Sum: 895, Workers: 4
[636.612s][debug][gc,phases      ] GC(52)   ObjectSynchronizer Weak        Min:  0.0, Avg:  0.0, Max:  0.0, Diff:  0.0, Sum:  0.0, Workers: 4
[636.612s][debug][gc,phases      ] GC(52)     Dead                           Min: 0, Avg:  0.2, Max: 1, Diff: 1, Sum: 1, Workers: 4
[636.612s][debug][gc,phases      ] GC(52)     Total                          Min: 0, Avg:  7.5, Max: 30, Diff: 30, Sum: 30, Workers: 4
[636.612s][debug][gc,phases      ] GC(52)   JVMTI Tag Weak OopStorage      Min:  0.0, Avg:  0.0, Max:  0.0, Diff:  0.0, Sum:  0.0, Workers: 4
[636.612s][debug][gc,phases      ] GC(52)     Dead                           Min: 0, Avg:  0.0, Max: 0, Diff: 0, Sum: 0, Workers: 4
[636.612s][debug][gc,phases      ] GC(52)     Total                          Min: 0, Avg:  0.0, Max: 0, Diff: 0, Sum: 0, Workers: 4
[636.612s][debug][gc,phases      ] GC(52)   StringTable Weak               Min:  0.1, Avg:  0.1, Max:  0.1, Diff:  0.1, Sum:  0.5, Workers: 4
[636.612s][debug][gc,phases      ] GC(52)     Dead                           Min: 0, Avg:  0.0, Max: 0, Diff: 0, Sum: 0, Workers: 4
[636.612s][debug][gc,phases      ] GC(52)     Total                          Min: 4543, Avg: 10747.8, Max: 14385, Diff: 9842, Sum: 42991, Workers: 4
[636.612s][debug][gc,phases      ] GC(52)   ResolvedMethodTable Weak       Min:  0.0, Avg:  0.0, Max:  0.0, Diff:  0.0, Sum:  0.1, Workers: 4
[636.612s][debug][gc,phases      ] GC(52)     Dead                           Min: 0, Avg:  0.0, Max: 0, Diff: 0, Sum: 0, Workers: 4
[636.612s][debug][gc,phases      ] GC(52)     Total                          Min: 2240, Avg: 2313.2, Max: 2432, Diff: 192, Sum: 9253, Workers: 4
[636.612s][debug][gc,phases      ] GC(52)   JNI Weak                       Min:  0.0, Avg:  0.0, Max:  0.0, Diff:  0.0, Sum:  0.0, Workers: 4
[636.612s][debug][gc,phases      ] GC(52)     Dead                           Min: 0, Avg:  0.0, Max: 0, Diff: 0, Sum: 0, Workers: 4
[636.612s][debug][gc,phases      ] GC(52)     Total                          Min: 0, Avg: 11.2, Max: 45, Diff: 45, Sum: 45, Workers: 4
[636.612s][debug][gc,phases      ] GC(52)   StringDedup Table Weak         Min:  0.0, Avg:  0.0, Max:  0.0, Diff:  0.0, Sum:  0.0, Workers: 4
[636.612s][debug][gc,phases      ] GC(52)     Dead                           Min: 0, Avg:  0.0, Max: 0, Diff: 0, Sum: 0, Workers: 4
[636.612s][debug][gc,phases      ] GC(52)     Total                          Min: 0, Avg:  0.0, Max: 0, Diff: 0, Sum: 0, Workers: 4
[636.612s][debug][gc,phases      ] GC(52)   StringDedup Requests0 Weak     Min:  0.0, Avg:  0.0, Max:  0.0, Diff:  0.0, Sum:  0.0, Workers: 4
[636.612s][debug][gc,phases      ] GC(52)     Dead                           Min: 0, Avg:  0.0, Max: 0, Diff: 0, Sum: 0, Workers: 4
[636.612s][debug][gc,phases      ] GC(52)     Total                          Min: 0, Avg:  0.0, Max: 0, Diff: 0, Sum: 0, Workers: 4
[636.612s][debug][gc,phases      ] GC(52)   StringDedup Requests1 Weak     Min:  0.0, Avg:  0.0, Max:  0.0, Diff:  0.0, Sum:  0.0, Workers: 4
[636.612s][debug][gc,phases      ] GC(52)     Dead                           Min: 0, Avg:  0.0, Max: 0, Diff: 0, Sum: 0, Workers: 4
[636.612s][debug][gc,phases      ] GC(52)     Total                          Min: 0, Avg:  0.0, Max: 0, Diff: 0, Sum: 0, Workers: 4
[636.612s][debug][gc,phases      ] GC(52)   Weak JFR Old Object Samples    Min:  0.0, Avg:  0.0, Max:  0.0, Diff:  0.0, Sum:  0.0, Workers: 4
[636.612s][debug][gc,phases      ] GC(52)     Dead                           Min: 0, Avg:  0.0, Max: 0, Diff: 0, Sum: 0, Workers: 4
[636.612s][debug][gc,phases      ] GC(52)     Total                          Min: 0, Avg:  0.0, Max: 0, Diff: 0, Sum: 0, Workers: 4
[636.612s][debug][gc,phases      ] GC(52) Weak Processing 0.399ms
[636.612s][debug][gc,age         ] GC(52) Desired survivor size 115867648 bytes, new threshold 15 (max threshold 15)
[636.612s][info ][gc,heap        ] GC(52) PSYoungGen: 1926304K(1982464K)->55760K(1984000K) Eden: 1867776K(1867776K)->0K(1869312K) From: 58528K(114688K)->55760K(114688K)
[636.612s][info ][gc,heap        ] GC(52) ParOldGen: 457260K(558080K)->457380K(558080K)
[636.612s][info ][gc,metaspace   ] GC(52) Metaspace: 81146K(82176K)->81146K(82176K) NonClass: 69635K(70208K)->69635K(70208K) Class: 11510K(11968K)->11510K(11968K)
[636.612s][info ][gc             ] GC(52) Pause Young (Allocation Failure) 2327M->501M(2482M) 21.293ms
[636.612s][info ][gc,cpu         ] GC(52) User=0.06s Sys=0.00s Real=0.03s
[636.612s][info ][safepoint      ] Safepoint "ParallelGCFailedAllocation", Time since last: 838178324 ns, Reaching safepoint: 130603 ns, At safepoint: 21375273 ns, Total: 21505876 ns
[639.612s][info ][safepoint      ] Safepoint "Cleanup", Time since last: 3000217361 ns, Reaching safepoint: 64302 ns, At safepoint: 5000 ns, Total: 69302 ns
[641.613s][info ][safepoint      ] Safepoint "Cleanup", Time since last: 2000182442 ns, Reaching safepoint: 62401 ns, At safepoint: 3300 ns, Total: 65701 ns
[647.613s][info ][safepoint      ] Safepoint "Cleanup", Time since last: 6000434858 ns, Reaching safepoint: 64801 ns, At safepoint: 3300 ns, Total: 68101 ns
[649.613s][info ][safepoint      ] Safepoint "Cleanup", Time since last: 2000194397 ns, Reaching safepoint: 56401 ns, At safepoint: 5100 ns, Total: 61501 ns
[654.614s][info ][safepoint      ] Safepoint "Cleanup", Time since last: 5000379015 ns, Reaching safepoint: 60802 ns, At safepoint: 4500 ns, Total: 65302 ns
[655.614s][info ][safepoint      ] Safepoint "Cleanup", Time since last: 1000132004 ns, Reaching safepoint: 68803 ns, At safepoint: 2900 ns, Total: 71703 ns
[656.614s][info ][safepoint      ] Safepoint "Cleanup", Time since last: 1000111182 ns, Reaching safepoint: 48901 ns, At safepoint: 4500 ns, Total: 53401 ns
[657.091s][info ][gc,start       ] GC(53) Pause Young (Allocation Failure)
[657.112s][debug][gc,phases      ] GC(53) Scavenge 20.831ms
[657.112s][debug][gc,ref         ] GC(53) Skipped phase 1 of Reference Processing: no references
[657.112s][debug][gc,ref         ] GC(53) ReferenceProcessor::execute queues: 1, RefProcThreadModel::Single, marks_oops_alive: false
[657.112s][debug][gc,ref         ] GC(53) Skipped phase 3 of Reference Processing: no references
[657.112s][debug][gc,ref         ] GC(53) ReferenceProcessor::execute queues: 1, RefProcThreadModel::Single, marks_oops_alive: false
[657.112s][debug][gc,phases      ] GC(53) Reference Processing 0.133ms
[657.112s][debug][gc,phases      ] GC(53)   VM Weak                        Min:  0.0, Avg:  0.0, Max:  0.0, Diff:  0.0, Sum:  0.0, Workers: 4
[657.112s][debug][gc,phases      ] GC(53)     Dead                           Min: 0, Avg:  0.0, Max: 0, Diff: 0, Sum: 0, Workers: 4
[657.112s][debug][gc,phases      ] GC(53)     Total                          Min: 0, Avg: 223.8, Max: 640, Diff: 640, Sum: 895, Workers: 4
[657.112s][debug][gc,phases      ] GC(53)   ObjectSynchronizer Weak        Min:  0.0, Avg:  0.0, Max:  0.0, Diff:  0.0, Sum:  0.0, Workers: 4
[657.112s][debug][gc,phases      ] GC(53)     Dead                           Min: 0, Avg:  0.0, Max: 0, Diff: 0, Sum: 0, Workers: 4
[657.112s][debug][gc,phases      ] GC(53)     Total                          Min: 0, Avg:  7.5, Max: 30, Diff: 30, Sum: 30, Workers: 4
[657.112s][debug][gc,phases      ] GC(53)   JVMTI Tag Weak OopStorage      Min:  0.0, Avg:  0.0, Max:  0.0, Diff:  0.0, Sum:  0.0, Workers: 4
[657.112s][debug][gc,phases      ] GC(53)     Dead                           Min: 0, Avg:  0.0, Max: 0, Diff: 0, Sum: 0, Workers: 4
[657.112s][debug][gc,phases      ] GC(53)     Total                          Min: 0, Avg:  0.0, Max: 0, Diff: 0, Sum: 0, Workers: 4
[657.112s][debug][gc,phases      ] GC(53)   StringTable Weak               Min:  0.0, Avg:  0.1, Max:  0.1, Diff:  0.1, Sum:  0.4, Workers: 4
[657.112s][debug][gc,phases      ] GC(53)     Dead                           Min: 0, Avg:  0.2, Max: 1, Diff: 1, Sum: 1, Workers: 4
[657.112s][debug][gc,phases      ] GC(53)     Total                          Min: 0, Avg: 10748.2, Max: 14528, Diff: 14528, Sum: 42993, Workers: 4
[657.112s][debug][gc,phases      ] GC(53)   ResolvedMethodTable Weak       Min:  0.0, Avg:  0.0, Max:  0.0, Diff:  0.0, Sum:  0.1, Workers: 4
[657.112s][debug][gc,phases      ] GC(53)     Dead                           Min: 0, Avg:  0.0, Max: 0, Diff: 0, Sum: 0, Workers: 4
[657.112s][debug][gc,phases      ] GC(53)     Total                          Min: 0, Avg: 2313.8, Max: 3431, Diff: 3431, Sum: 9255, Workers: 4
[657.112s][debug][gc,phases      ] GC(53)   JNI Weak                       Min:  0.0, Avg:  0.0, Max:  0.0, Diff:  0.0, Sum:  0.0, Workers: 4
[657.112s][debug][gc,phases      ] GC(53)     Dead                           Min: 0, Avg:  0.0, Max: 0, Diff: 0, Sum: 0, Workers: 4
[657.112s][debug][gc,phases      ] GC(53)     Total                          Min: 0, Avg: 11.2, Max: 45, Diff: 45, Sum: 45, Workers: 4
[657.112s][debug][gc,phases      ] GC(53)   StringDedup Table Weak         Min:  0.0, Avg:  0.0, Max:  0.0, Diff:  0.0, Sum:  0.0, Workers: 4
[657.112s][debug][gc,phases      ] GC(53)     Dead                           Min: 0, Avg:  0.0, Max: 0, Diff: 0, Sum: 0, Workers: 4
[657.112s][debug][gc,phases      ] GC(53)     Total                          Min: 0, Avg:  0.0, Max: 0, Diff: 0, Sum: 0, Workers: 4
[657.112s][debug][gc,phases      ] GC(53)   StringDedup Requests0 Weak     Min:  0.0, Avg:  0.0, Max:  0.0, Diff:  0.0, Sum:  0.0, Workers: 4
[657.112s][debug][gc,phases      ] GC(53)     Dead                           Min: 0, Avg:  0.0, Max: 0, Diff: 0, Sum: 0, Workers: 4
[657.112s][debug][gc,phases      ] GC(53)     Total                          Min: 0, Avg:  0.0, Max: 0, Diff: 0, Sum: 0, Workers: 4
[657.112s][debug][gc,phases      ] GC(53)   StringDedup Requests1 Weak     Min:  0.0, Avg:  0.0, Max:  0.0, Diff:  0.0, Sum:  0.0, Workers: 4
[657.112s][debug][gc,phases      ] GC(53)     Dead                           Min: 0, Avg:  0.0, Max: 0, Diff: 0, Sum: 0, Workers: 4
[657.112s][debug][gc,phases      ] GC(53)     Total                          Min: 0, Avg:  0.0, Max: 0, Diff: 0, Sum: 0, Workers: 4
[657.112s][debug][gc,phases      ] GC(53)   Weak JFR Old Object Samples    Min:  0.0, Avg:  0.0, Max:  0.0, Diff:  0.0, Sum:  0.0, Workers: 4
[657.112s][debug][gc,phases      ] GC(53)     Dead                           Min: 0, Avg:  0.0, Max: 0, Diff: 0, Sum: 0, Workers: 4
[657.112s][debug][gc,phases      ] GC(53)     Total                          Min: 0, Avg:  0.0, Max: 0, Diff: 0, Sum: 0, Workers: 4
[657.112s][debug][gc,phases      ] GC(53) Weak Processing 0.388ms
[657.112s][debug][gc,age         ] GC(53) Desired survivor size 114294784 bytes, new threshold 15 (max threshold 15)
[657.112s][info ][gc,heap        ] GC(53) PSYoungGen: 1925072K(1984000K)->56896K(1982464K) Eden: 1869312K(1869312K)->0K(1869312K) From: 55760K(114688K)->56896K(113152K)
[657.112s][info ][gc,heap        ] GC(53) ParOldGen: 457380K(558080K)->457772K(558080K)
[657.112s][info ][gc,metaspace   ] GC(53) Metaspace: 81160K(82176K)->81160K(82176K) NonClass: 69649K(70208K)->69649K(70208K) Class: 11511K(11968K)->11511K(11968K)
[657.112s][info ][gc             ] GC(53) Pause Young (Allocation Failure) 2326M->502M(2481M) 21.491ms
[657.112s][info ][gc,cpu         ] GC(53) User=0.05s Sys=0.01s Real=0.03s
[657.113s][info ][safepoint      ] Safepoint "ParallelGCFailedAllocation", Time since last: 476703654 ns, Reaching safepoint: 116203 ns, At safepoint: 21576200 ns, Total: 21692403 ns
[658.113s][info ][safepoint      ] Safepoint "Cleanup", Time since last: 1000044389 ns, Reaching safepoint: 44301 ns, At safepoint: 3600 ns, Total: 47901 ns
[661.113s][info ][safepoint      ] Safepoint "Cleanup", Time since last: 3000241055 ns, Reaching safepoint: 39901 ns, At safepoint: 4000 ns, Total: 43901 ns
[666.113s][info ][safepoint      ] Safepoint "Cleanup", Time since last: 5000371273 ns, Reaching safepoint: 47102 ns, At safepoint: 5900 ns, Total: 53002 ns
[670.114s][info ][safepoint      ] Safepoint "Cleanup", Time since last: 4000316801 ns, Reaching safepoint: 60102 ns, At safepoint: 4400 ns, Total: 64502 ns
[673.114s][info ][safepoint      ] Safepoint "Cleanup", Time since last: 3000208366 ns, Reaching safepoint: 45501 ns, At safepoint: 3600 ns, Total: 49101 ns
[674.114s][info ][safepoint      ] Safepoint "Cleanup", Time since last: 1000112656 ns, Reaching safepoint: 63302 ns, At safepoint: 3600 ns, Total: 66902 ns
[676.114s][info ][safepoint      ] Safepoint "Cleanup", Time since last: 2000177312 ns, Reaching safepoint: 46501 ns, At safepoint: 4100 ns, Total: 50601 ns
[677.115s][info ][safepoint      ] Safepoint "Cleanup", Time since last: 1000123857 ns, Reaching safepoint: 55202 ns, At safepoint: 5400 ns, Total: 60602 ns
[678.040s][info ][gc,start       ] GC(54) Pause Young (Allocation Failure)
[678.063s][debug][gc,phases      ] GC(54) Scavenge 22.750ms
[678.063s][debug][gc,ref         ] GC(54) Skipped phase 1 of Reference Processing: no references
[678.063s][debug][gc,ref         ] GC(54) ReferenceProcessor::execute queues: 1, RefProcThreadModel::Single, marks_oops_alive: false
[678.063s][debug][gc,ref         ] GC(54) Skipped phase 3 of Reference Processing: no references
[678.063s][debug][gc,ref         ] GC(54) ReferenceProcessor::execute queues: 1, RefProcThreadModel::Single, marks_oops_alive: false
[678.063s][debug][gc,phases      ] GC(54) Reference Processing 0.116ms
[678.064s][debug][gc,phases      ] GC(54)   VM Weak                        Min:  0.0, Avg:  0.0, Max:  0.0, Diff:  0.0, Sum:  0.0, Workers: 4
[678.064s][debug][gc,phases      ] GC(54)     Dead                           Min: 0, Avg:  0.0, Max: 0, Diff: 0, Sum: 0, Workers: 4
[678.064s][debug][gc,phases      ] GC(54)     Total                          Min: 0, Avg: 223.8, Max: 575, Diff: 575, Sum: 895, Workers: 4
[678.064s][debug][gc,phases      ] GC(54)   ObjectSynchronizer Weak        Min:  0.0, Avg:  0.0, Max:  0.0, Diff:  0.0, Sum:  0.0, Workers: 4
[678.064s][debug][gc,phases      ] GC(54)     Dead                           Min: 0, Avg:  0.0, Max: 0, Diff: 0, Sum: 0, Workers: 4
[678.064s][debug][gc,phases      ] GC(54)     Total                          Min: 0, Avg:  7.5, Max: 30, Diff: 30, Sum: 30, Workers: 4
[678.064s][debug][gc,phases      ] GC(54)   JVMTI Tag Weak OopStorage      Min:  0.0, Avg:  0.0, Max:  0.0, Diff:  0.0, Sum:  0.0, Workers: 4
[678.064s][debug][gc,phases      ] GC(54)     Dead                           Min: 0, Avg:  0.0, Max: 0, Diff: 0, Sum: 0, Workers: 4
[678.064s][debug][gc,phases      ] GC(54)     Total                          Min: 0, Avg:  0.0, Max: 0, Diff: 0, Sum: 0, Workers: 4
[678.064s][debug][gc,phases      ] GC(54)   StringTable Weak               Min:  0.1, Avg:  0.1, Max:  0.1, Diff:  0.0, Sum:  0.5, Workers: 4
[678.064s][debug][gc,phases      ] GC(54)     Dead                           Min: 0, Avg:  0.0, Max: 0, Diff: 0, Sum: 0, Workers: 4
[678.064s][debug][gc,phases      ] GC(54)     Total                          Min: 9024, Avg: 10748.2, Max: 11518, Diff: 2494, Sum: 42993, Workers: 4
[678.064s][debug][gc,phases      ] GC(54)   ResolvedMethodTable Weak       Min:  0.0, Avg:  0.0, Max:  0.0, Diff:  0.0, Sum:  0.1, Workers: 4
[678.064s][debug][gc,phases      ] GC(54)     Dead                           Min: 0, Avg:  0.0, Max: 0, Diff: 0, Sum: 0, Workers: 4
[678.064s][debug][gc,phases      ] GC(54)     Total                          Min: 2151, Avg: 2313.8, Max: 2432, Diff: 281, Sum: 9255, Workers: 4
[678.064s][debug][gc,phases      ] GC(54)   JNI Weak                       Min:  0.0, Avg:  0.0, Max:  0.0, Diff:  0.0, Sum:  0.0, Workers: 4
[678.064s][debug][gc,phases      ] GC(54)     Dead                           Min: 0, Avg:  0.0, Max: 0, Diff: 0, Sum: 0, Workers: 4
[678.064s][debug][gc,phases      ] GC(54)     Total                          Min: 0, Avg: 11.2, Max: 45, Diff: 45, Sum: 45, Workers: 4
[678.064s][debug][gc,phases      ] GC(54)   StringDedup Table Weak         Min:  0.0, Avg:  0.0, Max:  0.0, Diff:  0.0, Sum:  0.0, Workers: 4
[678.064s][debug][gc,phases      ] GC(54)     Dead                           Min: 0, Avg:  0.0, Max: 0, Diff: 0, Sum: 0, Workers: 4
[678.064s][debug][gc,phases      ] GC(54)     Total                          Min: 0, Avg:  0.0, Max: 0, Diff: 0, Sum: 0, Workers: 4
[678.064s][debug][gc,phases      ] GC(54)   StringDedup Requests0 Weak     Min:  0.0, Avg:  0.0, Max:  0.0, Diff:  0.0, Sum:  0.0, Workers: 4
[678.064s][debug][gc,phases      ] GC(54)     Dead                           Min: 0, Avg:  0.0, Max: 0, Diff: 0, Sum: 0, Workers: 4
[678.064s][debug][gc,phases      ] GC(54)     Total                          Min: 0, Avg:  0.0, Max: 0, Diff: 0, Sum: 0, Workers: 4
[678.064s][debug][gc,phases      ] GC(54)   StringDedup Requests1 Weak     Min:  0.0, Avg:  0.0, Max:  0.0, Diff:  0.0, Sum:  0.0, Workers: 4
[678.064s][debug][gc,phases      ] GC(54)     Dead                           Min: 0, Avg:  0.0, Max: 0, Diff: 0, Sum: 0, Workers: 4
[678.064s][debug][gc,phases      ] GC(54)     Total                          Min: 0, Avg:  0.0, Max: 0, Diff: 0, Sum: 0, Workers: 4
[678.064s][debug][gc,phases      ] GC(54)   Weak JFR Old Object Samples    Min:  0.0, Avg:  0.0, Max:  0.0, Diff:  0.0, Sum:  0.0, Workers: 4
[678.064s][debug][gc,phases      ] GC(54)     Dead                           Min: 0, Avg:  0.0, Max: 0, Diff: 0, Sum: 0, Workers: 4
[678.064s][debug][gc,phases      ] GC(54)     Total                          Min: 0, Avg:  0.0, Max: 0, Diff: 0, Sum: 0, Workers: 4
[678.064s][debug][gc,phases      ] GC(54) Weak Processing 0.341ms
[678.064s][debug][gc,age         ] GC(54) Desired survivor size 111673344 bytes, new threshold 15 (max threshold 15)
[678.064s][info ][gc,heap        ] GC(54) PSYoungGen: 1926208K(1982464K)->55344K(1988096K) Eden: 1869312K(1869312K)->0K(1876480K) From: 56896K(113152K)->55344K(111616K)
[678.064s][info ][gc,heap        ] GC(54) ParOldGen: 457772K(558080K)->459000K(558080K)
[678.064s][info ][gc,metaspace   ] GC(54) Metaspace: 81164K(82176K)->81164K(82176K) NonClass: 69653K(70208K)->69653K(70208K) Class: 11511K(11968K)->11511K(11968K)
[678.064s][info ][gc             ] GC(54) Pause Young (Allocation Failure) 2328M->502M(2486M) 23.344ms
[678.064s][info ][gc,cpu         ] GC(54) User=0.07s Sys=0.00s Real=0.03s
[678.064s][info ][safepoint      ] Safepoint "ParallelGCFailedAllocation", Time since last: 925680734 ns, Reaching safepoint: 109702 ns, At safepoint: 23459115 ns, Total: 23568817 ns
[679.064s][info ][safepoint      ] Safepoint "Cleanup", Time since last: 1000084281 ns, Reaching safepoint: 47202 ns, At safepoint: 4700 ns, Total: 51902 ns
[680.064s][info ][safepoint      ] Safepoint "Cleanup", Time since last: 1000106982 ns, Reaching safepoint: 42201 ns, At safepoint: 2400 ns, Total: 44601 ns
[684.064s][info ][safepoint      ] Safepoint "Cleanup", Time since last: 4000320627 ns, Reaching safepoint: 52901 ns, At safepoint: 3600 ns, Total: 56501 ns
[686.065s][info ][safepoint      ] Safepoint "Cleanup", Time since last: 2000148388 ns, Reaching safepoint: 48102 ns, At safepoint: 3700 ns, Total: 51802 ns
[687.065s][info ][safepoint      ] Safepoint "Cleanup", Time since last: 1000112995 ns, Reaching safepoint: 53001 ns, At safepoint: 3900 ns, Total: 56901 ns
[688.065s][info ][safepoint      ] Safepoint "Cleanup", Time since last: 1000110995 ns, Reaching safepoint: 45201 ns, At safepoint: 2800 ns, Total: 48001 ns
[689.065s][info ][safepoint      ] Safepoint "Cleanup", Time since last: 1000111895 ns, Reaching safepoint: 47201 ns, At safepoint: 4300 ns, Total: 51501 ns
[690.065s][info ][safepoint      ] Safepoint "Cleanup", Time since last: 1000112995 ns, Reaching safepoint: 47901 ns, At safepoint: 2700 ns, Total: 50601 ns
[692.066s][info ][safepoint      ] Safepoint "Cleanup", Time since last: 2000172888 ns, Reaching safepoint: 61002 ns, At safepoint: 3200 ns, Total: 64202 ns
[695.066s][info ][safepoint      ] Safepoint "Cleanup", Time since last: 3000272484 ns, Reaching safepoint: 43401 ns, At safepoint: 10100 ns, Total: 53501 ns
[695.793s][info ][gc,start       ] GC(55) Pause Young (Allocation Failure)
[695.814s][debug][gc,phases      ] GC(55) Scavenge 21.570ms
[695.814s][debug][gc,ref         ] GC(55) Skipped phase 1 of Reference Processing: no references
[695.815s][debug][gc,ref         ] GC(55) ReferenceProcessor::execute queues: 1, RefProcThreadModel::Single, marks_oops_alive: false
[695.815s][debug][gc,ref         ] GC(55) Skipped phase 3 of Reference Processing: no references
[695.815s][debug][gc,ref         ] GC(55) ReferenceProcessor::execute queues: 1, RefProcThreadModel::Single, marks_oops_alive: false
[695.815s][debug][gc,phases      ] GC(55) Reference Processing 0.125ms
[695.815s][debug][gc,phases      ] GC(55)   VM Weak                        Min:  0.0, Avg:  0.0, Max:  0.0, Diff:  0.0, Sum:  0.0, Workers: 4
[695.815s][debug][gc,phases      ] GC(55)     Dead                           Min: 0, Avg:  0.0, Max: 0, Diff: 0, Sum: 0, Workers: 4
[695.815s][debug][gc,phases      ] GC(55)     Total                          Min: 0, Avg: 224.0, Max: 576, Diff: 576, Sum: 896, Workers: 4
[695.815s][debug][gc,phases      ] GC(55)   ObjectSynchronizer Weak        Min:  0.0, Avg:  0.0, Max:  0.0, Diff:  0.0, Sum:  0.0, Workers: 4
[695.815s][debug][gc,phases      ] GC(55)     Dead                           Min: 0, Avg:  0.0, Max: 0, Diff: 0, Sum: 0, Workers: 4
[695.815s][debug][gc,phases      ] GC(55)     Total                          Min: 0, Avg:  7.5, Max: 30, Diff: 30, Sum: 30, Workers: 4
[695.815s][debug][gc,phases      ] GC(55)   JVMTI Tag Weak OopStorage      Min:  0.0, Avg:  0.0, Max:  0.0, Diff:  0.0, Sum:  0.0, Workers: 4
[695.815s][debug][gc,phases      ] GC(55)     Dead                           Min: 0, Avg:  0.0, Max: 0, Diff: 0, Sum: 0, Workers: 4
[695.815s][debug][gc,phases      ] GC(55)     Total                          Min: 0, Avg:  0.0, Max: 0, Diff: 0, Sum: 0, Workers: 4
[695.815s][debug][gc,phases      ] GC(55)   StringTable Weak               Min:  0.0, Avg:  0.1, Max:  0.2, Diff:  0.2, Sum:  0.4, Workers: 4
[695.815s][debug][gc,phases      ] GC(55)     Dead                           Min: 0, Avg:  0.2, Max: 1, Diff: 1, Sum: 1, Workers: 4
[695.815s][debug][gc,phases      ] GC(55)     Total                          Min: 0, Avg: 10754.2, Max: 22026, Diff: 22026, Sum: 43017, Workers: 4
[695.815s][debug][gc,phases      ] GC(55)   ResolvedMethodTable Weak       Min:  0.0, Avg:  0.0, Max:  0.0, Diff:  0.0, Sum:  0.1, Workers: 4
[695.815s][debug][gc,phases      ] GC(55)     Dead                           Min: 0, Avg:  0.0, Max: 0, Diff: 0, Sum: 0, Workers: 4
[695.815s][debug][gc,phases      ] GC(55)     Total                          Min: 0, Avg: 2317.5, Max: 4863, Diff: 4863, Sum: 9270, Workers: 4
[695.815s][debug][gc,phases      ] GC(55)   JNI Weak                       Min:  0.0, Avg:  0.0, Max:  0.0, Diff:  0.0, Sum:  0.0, Workers: 4
[695.815s][debug][gc,phases      ] GC(55)     Dead                           Min: 0, Avg:  0.0, Max: 0, Diff: 0, Sum: 0, Workers: 4
[695.815s][debug][gc,phases      ] GC(55)     Total                          Min: 0, Avg: 11.2, Max: 45, Diff: 45, Sum: 45, Workers: 4
[695.815s][debug][gc,phases      ] GC(55)   StringDedup Table Weak         Min:  0.0, Avg:  0.0, Max:  0.0, Diff:  0.0, Sum:  0.0, Workers: 4
[695.815s][debug][gc,phases      ] GC(55)     Dead                           Min: 0, Avg:  0.0, Max: 0, Diff: 0, Sum: 0, Workers: 4
[695.815s][debug][gc,phases      ] GC(55)     Total                          Min: 0, Avg:  0.0, Max: 0, Diff: 0, Sum: 0, Workers: 4
[695.815s][debug][gc,phases      ] GC(55)   StringDedup Requests0 Weak     Min:  0.0, Avg:  0.0, Max:  0.0, Diff:  0.0, Sum:  0.0, Workers: 4
[695.815s][debug][gc,phases      ] GC(55)     Dead                           Min: 0, Avg:  0.0, Max: 0, Diff: 0, Sum: 0, Workers: 4
[695.815s][debug][gc,phases      ] GC(55)     Total                          Min: 0, Avg:  0.0, Max: 0, Diff: 0, Sum: 0, Workers: 4
[695.815s][debug][gc,phases      ] GC(55)   StringDedup Requests1 Weak     Min:  0.0, Avg:  0.0, Max:  0.0, Diff:  0.0, Sum:  0.0, Workers: 4
[695.815s][debug][gc,phases      ] GC(55)     Dead                           Min: 0, Avg:  0.0, Max: 0, Diff: 0, Sum: 0, Workers: 4
[695.815s][debug][gc,phases      ] GC(55)     Total                          Min: 0, Avg:  0.0, Max: 0, Diff: 0, Sum: 0, Workers: 4
[695.815s][debug][gc,phases      ] GC(55)   Weak JFR Old Object Samples    Min:  0.0, Avg:  0.0, Max:  0.0, Diff:  0.0, Sum:  0.0, Workers: 4
[695.815s][debug][gc,phases      ] GC(55)     Dead                           Min: 0, Avg:  0.0, Max: 0, Diff: 0, Sum: 0, Workers: 4
[695.815s][debug][gc,phases      ] GC(55)     Total                          Min: 0, Avg:  0.0, Max: 0, Diff: 0, Sum: 0, Workers: 4
[695.815s][debug][gc,phases      ] GC(55) Weak Processing 0.439ms
[695.815s][debug][gc,age         ] GC(55) Desired survivor size 109051904 bytes, new threshold 15 (max threshold 15)
[695.815s][info ][gc,heap        ] GC(55) PSYoungGen: 1931824K(1988096K)->54176K(1985536K) Eden: 1876480K(1876480K)->0K(1876480K) From: 55344K(111616K)->54176K(109056K)
[695.815s][info ][gc,heap        ] GC(55) ParOldGen: 459000K(558080K)->460097K(558080K)
[695.815s][info ][gc,metaspace   ] GC(55) Metaspace: 81202K(82304K)->81202K(82304K) NonClass: 69685K(70272K)->69685K(70272K) Class: 11517K(12032K)->11517K(12032K)
[695.815s][info ][gc             ] GC(55) Pause Young (Allocation Failure) 2334M->502M(2484M) 22.277ms
[695.815s][info ][gc,cpu         ] GC(55) User=0.06s Sys=0.00s Real=0.02s
[695.815s][info ][safepoint      ] Safepoint "ParallelGCFailedAllocation", Time since last: 726741845 ns, Reaching safepoint: 131404 ns, At safepoint: 22366877 ns, Total: 22498281 ns
[698.815s][info ][safepoint      ] Safepoint "Cleanup", Time since last: 3000200587 ns, Reaching safepoint: 45901 ns, At safepoint: 4800 ns, Total: 50701 ns
[699.816s][info ][safepoint      ] Safepoint "Cleanup", Time since last: 1000138597 ns, Reaching safepoint: 52102 ns, At safepoint: 3900 ns, Total: 56002 ns
[700.816s][info ][safepoint      ] Safepoint "Cleanup", Time since last: 1000120099 ns, Reaching safepoint: 58402 ns, At safepoint: 4000 ns, Total: 62402 ns
[704.816s][info ][safepoint      ] Safepoint "Cleanup", Time since last: 4000312013 ns, Reaching safepoint: 44201 ns, At safepoint: 4400 ns, Total: 48601 ns
[706.816s][info ][safepoint      ] Safepoint "Cleanup", Time since last: 2000176257 ns, Reaching safepoint: 46901 ns, At safepoint: 4000 ns, Total: 50901 ns
[710.817s][info ][safepoint      ] Safepoint "Cleanup", Time since last: 4000285704 ns, Reaching safepoint: 48102 ns, At safepoint: 4000 ns, Total: 52102 ns
[714.817s][info ][safepoint      ] Safepoint "Cleanup", Time since last: 4000306435 ns, Reaching safepoint: 61902 ns, At safepoint: 3700 ns, Total: 65602 ns
[715.817s][info ][safepoint      ] Safepoint "Cleanup", Time since last: 1000116260 ns, Reaching safepoint: 55801 ns, At safepoint: 6900 ns, Total: 62701 ns
[715.891s][info ][gc,start       ] GC(56) Pause Young (Allocation Failure)
[715.908s][debug][gc,phases      ] GC(56) Scavenge 16.858ms
[715.908s][debug][gc,ref         ] GC(56) Skipped phase 1 of Reference Processing: no references
[715.908s][debug][gc,ref         ] GC(56) ReferenceProcessor::execute queues: 1, RefProcThreadModel::Single, marks_oops_alive: false
[715.908s][debug][gc,ref         ] GC(56) Skipped phase 3 of Reference Processing: no references
[715.908s][debug][gc,ref         ] GC(56) ReferenceProcessor::execute queues: 1, RefProcThreadModel::Single, marks_oops_alive: false
[715.908s][debug][gc,phases      ] GC(56) Reference Processing 0.127ms
[715.908s][debug][gc,phases      ] GC(56)   VM Weak                        Min:  0.0, Avg:  0.0, Max:  0.0, Diff:  0.0, Sum:  0.0, Workers: 4
[715.908s][debug][gc,phases      ] GC(56)     Dead                           Min: 0, Avg:  0.0, Max: 0, Diff: 0, Sum: 0, Workers: 4
[715.908s][debug][gc,phases      ] GC(56)     Total                          Min: 0, Avg: 224.0, Max: 768, Diff: 768, Sum: 896, Workers: 4
[715.908s][debug][gc,phases      ] GC(56)   ObjectSynchronizer Weak        Min:  0.0, Avg:  0.0, Max:  0.0, Diff:  0.0, Sum:  0.0, Workers: 4
[715.908s][debug][gc,phases      ] GC(56)     Dead                           Min: 0, Avg:  0.0, Max: 0, Diff: 0, Sum: 0, Workers: 4
[715.908s][debug][gc,phases      ] GC(56)     Total                          Min: 0, Avg:  7.5, Max: 30, Diff: 30, Sum: 30, Workers: 4
[715.908s][debug][gc,phases      ] GC(56)   JVMTI Tag Weak OopStorage      Min:  0.0, Avg:  0.0, Max:  0.0, Diff:  0.0, Sum:  0.0, Workers: 4
[715.908s][debug][gc,phases      ] GC(56)     Dead                           Min: 0, Avg:  0.0, Max: 0, Diff: 0, Sum: 0, Workers: 4
[715.908s][debug][gc,phases      ] GC(56)     Total                          Min: 0, Avg:  0.0, Max: 0, Diff: 0, Sum: 0, Workers: 4
[715.908s][debug][gc,phases      ] GC(56)   StringTable Weak               Min:  0.0, Avg:  0.1, Max:  0.1, Diff:  0.1, Sum:  0.4, Workers: 4
[715.908s][debug][gc,phases      ] GC(56)     Dead                           Min: 0, Avg:  0.0, Max: 0, Diff: 0, Sum: 0, Workers: 4
[715.908s][debug][gc,phases      ] GC(56)     Total                          Min: 0, Avg: 10758.8, Max: 14748, Diff: 14748, Sum: 43035, Workers: 4
[715.908s][debug][gc,phases      ] GC(56)   ResolvedMethodTable Weak       Min:  0.0, Avg:  0.0, Max:  0.0, Diff:  0.0, Sum:  0.1, Workers: 4
[715.908s][debug][gc,phases      ] GC(56)     Dead                           Min: 0, Avg:  0.0, Max: 0, Diff: 0, Sum: 0, Workers: 4
[715.908s][debug][gc,phases      ] GC(56)     Total                          Min: 0, Avg: 2317.5, Max: 3319, Diff: 3319, Sum: 9270, Workers: 4
[715.908s][debug][gc,phases      ] GC(56)   JNI Weak                       Min:  0.0, Avg:  0.0, Max:  0.0, Diff:  0.0, Sum:  0.0, Workers: 4
[715.908s][debug][gc,phases      ] GC(56)     Dead                           Min: 0, Avg:  0.0, Max: 0, Diff: 0, Sum: 0, Workers: 4
[715.908s][debug][gc,phases      ] GC(56)     Total                          Min: 0, Avg: 11.2, Max: 45, Diff: 45, Sum: 45, Workers: 4
[715.908s][debug][gc,phases      ] GC(56)   StringDedup Table Weak         Min:  0.0, Avg:  0.0, Max:  0.0, Diff:  0.0, Sum:  0.0, Workers: 4
[715.908s][debug][gc,phases      ] GC(56)     Dead                           Min: 0, Avg:  0.0, Max: 0, Diff: 0, Sum: 0, Workers: 4
[715.908s][debug][gc,phases      ] GC(56)     Total                          Min: 0, Avg:  0.0, Max: 0, Diff: 0, Sum: 0, Workers: 4
[715.908s][debug][gc,phases      ] GC(56)   StringDedup Requests0 Weak     Min:  0.0, Avg:  0.0, Max:  0.0, Diff:  0.0, Sum:  0.0, Workers: 4
[715.908s][debug][gc,phases      ] GC(56)     Dead                           Min: 0, Avg:  0.0, Max: 0, Diff: 0, Sum: 0, Workers: 4
[715.908s][debug][gc,phases      ] GC(56)     Total                          Min: 0, Avg:  0.0, Max: 0, Diff: 0, Sum: 0, Workers: 4
[715.908s][debug][gc,phases      ] GC(56)   StringDedup Requests1 Weak     Min:  0.0, Avg:  0.0, Max:  0.0, Diff:  0.0, Sum:  0.0, Workers: 4
[715.908s][debug][gc,phases      ] GC(56)     Dead                           Min: 0, Avg:  0.0, Max: 0, Diff: 0, Sum: 0, Workers: 4
[715.908s][debug][gc,phases      ] GC(56)     Total                          Min: 0, Avg:  0.0, Max: 0, Diff: 0, Sum: 0, Workers: 4
[715.908s][debug][gc,phases      ] GC(56)   Weak JFR Old Object Samples    Min:  0.0, Avg:  0.0, Max:  0.0, Diff:  0.0, Sum:  0.0, Workers: 4
[715.908s][debug][gc,phases      ] GC(56)     Dead                           Min: 0, Avg:  0.0, Max: 0, Diff: 0, Sum: 0, Workers: 4
[715.908s][debug][gc,phases      ] GC(56)     Total                          Min: 0, Avg:  0.0, Max: 0, Diff: 0, Sum: 0, Workers: 4
[715.908s][debug][gc,phases      ] GC(56) Weak Processing 0.385ms
[715.908s][debug][gc,age         ] GC(56) Desired survivor size 105381888 bytes, new threshold 15 (max threshold 15)
[715.908s][info ][gc,heap        ] GC(56) PSYoungGen: 1930656K(1985536K)->51716K(1994240K) Eden: 1876480K(1876480K)->0K(1887744K) From: 54176K(109056K)->51716K(106496K)
[715.908s][info ][gc,heap        ] GC(56) ParOldGen: 460097K(558080K)->460637K(558080K)
[715.909s][info ][gc,metaspace   ] GC(56) Metaspace: 81214K(82304K)->81214K(82304K) NonClass: 69697K(70272K)->69697K(70272K) Class: 11517K(12032K)->11517K(12032K)
[715.909s][info ][gc             ] GC(56) Pause Young (Allocation Failure) 2334M->500M(2492M) 17.523ms
[715.909s][info ][gc,cpu         ] GC(56) User=0.06s Sys=0.00s Real=0.02s
[715.909s][info ][safepoint      ] Safepoint "ParallelGCFailedAllocation", Time since last: 73611996 ns, Reaching safepoint: 128404 ns, At safepoint: 17602153 ns, Total: 17730557 ns
[721.909s][info ][safepoint      ] Safepoint "Cleanup", Time since last: 6000426456 ns, Reaching safepoint: 40501 ns, At safepoint: 3000 ns, Total: 43501 ns
[723.909s][info ][safepoint      ] Safepoint "Cleanup", Time since last: 2000179896 ns, Reaching safepoint: 44301 ns, At safepoint: 2800 ns, Total: 47101 ns
[724.909s][info ][safepoint      ] Safepoint "Cleanup", Time since last: 1000078422 ns, Reaching safepoint: 46301 ns, At safepoint: 4401 ns, Total: 50702 ns
[725.910s][info ][safepoint      ] Safepoint "Cleanup", Time since last: 1000111361 ns, Reaching safepoint: 60601 ns, At safepoint: 6600 ns, Total: 67201 ns
[730.910s][info ][safepoint      ] Safepoint "Cleanup", Time since last: 5000345301 ns, Reaching safepoint: 46101 ns, At safepoint: 4600 ns, Total: 50701 ns
[731.910s][info ][safepoint      ] Safepoint "Cleanup", Time since last: 1000118162 ns, Reaching safepoint: 55401 ns, At safepoint: 4000 ns, Total: 59401 ns
[736.911s][info ][safepoint      ] Safepoint "Cleanup", Time since last: 5000378902 ns, Reaching safepoint: 48002 ns, At safepoint: 3800 ns, Total: 51802 ns
[736.943s][info ][gc,start       ] GC(57) Pause Young (Allocation Failure)
[736.958s][debug][gc,phases      ] GC(57) Scavenge 14.812ms
[736.958s][debug][gc,ref         ] GC(57) Skipped phase 1 of Reference Processing: no references
[736.958s][debug][gc,ref         ] GC(57) ReferenceProcessor::execute queues: 1, RefProcThreadModel::Single, marks_oops_alive: false
[736.958s][debug][gc,ref         ] GC(57) Skipped phase 3 of Reference Processing: no references
[736.958s][debug][gc,ref         ] GC(57) ReferenceProcessor::execute queues: 1, RefProcThreadModel::Single, marks_oops_alive: false
[736.958s][debug][gc,phases      ] GC(57) Reference Processing 0.129ms
[736.958s][debug][gc,phases      ] GC(57)   VM Weak                        Min:  0.0, Avg:  0.0, Max:  0.0, Diff:  0.0, Sum:  0.0, Workers: 4
[736.958s][debug][gc,phases      ] GC(57)     Dead                           Min: 0, Avg:  0.0, Max: 0, Diff: 0, Sum: 0, Workers: 4
[736.958s][debug][gc,phases      ] GC(57)     Total                          Min: 0, Avg: 224.0, Max: 768, Diff: 768, Sum: 896, Workers: 4
[736.958s][debug][gc,phases      ] GC(57)   ObjectSynchronizer Weak        Min:  0.0, Avg:  0.0, Max:  0.0, Diff:  0.0, Sum:  0.0, Workers: 4
[736.958s][debug][gc,phases      ] GC(57)     Dead                           Min: 0, Avg:  0.0, Max: 0, Diff: 0, Sum: 0, Workers: 4
[736.958s][debug][gc,phases      ] GC(57)     Total                          Min: 0, Avg:  7.5, Max: 30, Diff: 30, Sum: 30, Workers: 4
[736.958s][debug][gc,phases      ] GC(57)   JVMTI Tag Weak OopStorage      Min:  0.0, Avg:  0.0, Max:  0.0, Diff:  0.0, Sum:  0.0, Workers: 4
[736.958s][debug][gc,phases      ] GC(57)     Dead                           Min: 0, Avg:  0.0, Max: 0, Diff: 0, Sum: 0, Workers: 4
[736.958s][debug][gc,phases      ] GC(57)     Total                          Min: 0, Avg:  0.0, Max: 0, Diff: 0, Sum: 0, Workers: 4
[736.958s][debug][gc,phases      ] GC(57)   StringTable Weak               Min:  0.0, Avg:  0.1, Max:  0.1, Diff:  0.1, Sum:  0.4, Workers: 4
[736.958s][debug][gc,phases      ] GC(57)     Dead                           Min: 0, Avg:  0.0, Max: 0, Diff: 0, Sum: 0, Workers: 4
[736.958s][debug][gc,phases      ] GC(57)     Total                          Min: 0, Avg: 10759.0, Max: 14719, Diff: 14719, Sum: 43036, Workers: 4
[736.958s][debug][gc,phases      ] GC(57)   ResolvedMethodTable Weak       Min:  0.0, Avg:  0.0, Max:  0.0, Diff:  0.0, Sum:  0.1, Workers: 4
[736.958s][debug][gc,phases      ] GC(57)     Dead                           Min: 0, Avg:  0.0, Max: 0, Diff: 0, Sum: 0, Workers: 4
[736.958s][debug][gc,phases      ] GC(57)     Total                          Min: 0, Avg: 2318.0, Max: 3200, Diff: 3200, Sum: 9272, Workers: 4
[736.958s][debug][gc,phases      ] GC(57)   JNI Weak                       Min:  0.0, Avg:  0.0, Max:  0.0, Diff:  0.0, Sum:  0.0, Workers: 4
[736.958s][debug][gc,phases      ] GC(57)     Dead                           Min: 0, Avg:  0.0, Max: 0, Diff: 0, Sum: 0, Workers: 4
[736.958s][debug][gc,phases      ] GC(57)     Total                          Min: 0, Avg: 11.2, Max: 45, Diff: 45, Sum: 45, Workers: 4
[736.958s][debug][gc,phases      ] GC(57)   StringDedup Table Weak         Min:  0.0, Avg:  0.0, Max:  0.0, Diff:  0.0, Sum:  0.0, Workers: 4
[736.958s][debug][gc,phases      ] GC(57)     Dead                           Min: 0, Avg:  0.0, Max: 0, Diff: 0, Sum: 0, Workers: 4
[736.958s][debug][gc,phases      ] GC(57)     Total                          Min: 0, Avg:  0.0, Max: 0, Diff: 0, Sum: 0, Workers: 4
[736.958s][debug][gc,phases      ] GC(57)   StringDedup Requests0 Weak     Min:  0.0, Avg:  0.0, Max:  0.0, Diff:  0.0, Sum:  0.0, Workers: 4
[736.958s][debug][gc,phases      ] GC(57)     Dead                           Min: 0, Avg:  0.0, Max: 0, Diff: 0, Sum: 0, Workers: 4
[736.958s][debug][gc,phases      ] GC(57)     Total                          Min: 0, Avg:  0.0, Max: 0, Diff: 0, Sum: 0, Workers: 4
[736.958s][debug][gc,phases      ] GC(57)   StringDedup Requests1 Weak     Min:  0.0, Avg:  0.0, Max:  0.0, Diff:  0.0, Sum:  0.0, Workers: 4
[736.958s][debug][gc,phases      ] GC(57)     Dead                           Min: 0, Avg:  0.0, Max: 0, Diff: 0, Sum: 0, Workers: 4
[736.958s][debug][gc,phases      ] GC(57)     Total                          Min: 0, Avg:  0.0, Max: 0, Diff: 0, Sum: 0, Workers: 4
[736.958s][debug][gc,phases      ] GC(57)   Weak JFR Old Object Samples    Min:  0.0, Avg:  0.0, Max:  0.0, Diff:  0.0, Sum:  0.0, Workers: 4
[736.958s][debug][gc,phases      ] GC(57)     Dead                           Min: 0, Avg:  0.0, Max: 0, Diff: 0, Sum: 0, Workers: 4
[736.958s][debug][gc,phases      ] GC(57)     Total                          Min: 0, Avg:  0.0, Max: 0, Diff: 0, Sum: 0, Workers: 4
[736.958s][debug][gc,phases      ] GC(57) Weak Processing 0.372ms
[736.958s][debug][gc,age         ] GC(57) Desired survivor size 99614720 bytes, new threshold 15 (max threshold 15)
[736.958s][info ][gc,heap        ] GC(57) PSYoungGen: 1939460K(1994240K)->46608K(1990656K) Eden: 1887744K(1887744K)->0K(1887744K) From: 51716K(106496K)->46608K(102912K)
[736.958s][info ][gc,heap        ] GC(57) ParOldGen: 460637K(558080K)->460765K(558080K)
[736.958s][info ][gc,metaspace   ] GC(57) Metaspace: 81225K(82304K)->81225K(82304K) NonClass: 69708K(70272K)->69708K(70272K) Class: 11517K(12032K)->11517K(12032K)
[736.958s][info ][gc             ] GC(57) Pause Young (Allocation Failure) 2343M->495M(2489M) 15.448ms
[736.958s][info ][gc,cpu         ] GC(57) User=0.05s Sys=0.00s Real=0.02s
[736.958s][info ][safepoint      ] Safepoint "ParallelGCFailedAllocation", Time since last: 31931418 ns, Reaching safepoint: 110502 ns, At safepoint: 15526098 ns, Total: 15636600 ns
[738.958s][info ][safepoint      ] Safepoint "Cleanup", Time since last: 2000154534 ns, Reaching safepoint: 46601 ns, At safepoint: 3100 ns, Total: 49701 ns
[740.102s][info ][safepoint      ] Safepoint "Cleanup", Time since last: 1143144981 ns, Reaching safepoint: 146904 ns, At safepoint: 5700 ns, Total: 152604 ns
[742.102s][info ][safepoint      ] Safepoint "Cleanup", Time since last: 2000187213 ns, Reaching safepoint: 131604 ns, At safepoint: 6500 ns, Total: 138104 ns
[743.102s][info ][safepoint      ] Safepoint "Cleanup", Time since last: 1000123165 ns, Reaching safepoint: 132003 ns, At safepoint: 6600 ns, Total: 138603 ns
[748.103s][info ][safepoint      ] Safepoint "Cleanup", Time since last: 5000419420 ns, Reaching safepoint: 118903 ns, At safepoint: 4800 ns, Total: 123703 ns
[749.103s][info ][safepoint      ] Safepoint "Cleanup", Time since last: 1000119832 ns, Reaching safepoint: 120603 ns, At safepoint: 6600 ns, Total: 127203 ns
[758.104s][info ][safepoint      ] Safepoint "Cleanup", Time since last: 9000683320 ns, Reaching safepoint: 129003 ns, At safepoint: 5700 ns, Total: 134703 ns
[759.091s][info ][gc,start       ] GC(58) Pause Young (Allocation Failure)
[759.109s][debug][gc,phases      ] GC(58) Scavenge 18.378ms
[759.109s][debug][gc,ref         ] GC(58) Skipped phase 1 of Reference Processing: no references
[759.110s][debug][gc,ref         ] GC(58) ReferenceProcessor::execute queues: 1, RefProcThreadModel::Single, marks_oops_alive: false
[759.110s][debug][gc,ref         ] GC(58) Skipped phase 3 of Reference Processing: no references
[759.110s][debug][gc,ref         ] GC(58) ReferenceProcessor::execute queues: 1, RefProcThreadModel::Single, marks_oops_alive: false
[759.110s][debug][gc,phases      ] GC(58) Reference Processing 0.113ms
[759.110s][debug][gc,phases      ] GC(58)   VM Weak                        Min:  0.0, Avg:  0.0, Max:  0.0, Diff:  0.0, Sum:  0.0, Workers: 4
[759.110s][debug][gc,phases      ] GC(58)     Dead                           Min: 0, Avg:  0.0, Max: 0, Diff: 0, Sum: 0, Workers: 4
[759.110s][debug][gc,phases      ] GC(58)     Total                          Min: 0, Avg: 224.0, Max: 768, Diff: 768, Sum: 896, Workers: 4
[759.110s][debug][gc,phases      ] GC(58)   ObjectSynchronizer Weak        Min:  0.0, Avg:  0.0, Max:  0.0, Diff:  0.0, Sum:  0.0, Workers: 4
[759.110s][debug][gc,phases      ] GC(58)     Dead                           Min: 0, Avg:  0.0, Max: 0, Diff: 0, Sum: 0, Workers: 4
[759.110s][debug][gc,phases      ] GC(58)     Total                          Min: 0, Avg:  7.5, Max: 30, Diff: 30, Sum: 30, Workers: 4
[759.110s][debug][gc,phases      ] GC(58)   JVMTI Tag Weak OopStorage      Min:  0.0, Avg:  0.0, Max:  0.0, Diff:  0.0, Sum:  0.0, Workers: 4
[759.110s][debug][gc,phases      ] GC(58)     Dead                           Min: 0, Avg:  0.0, Max: 0, Diff: 0, Sum: 0, Workers: 4
[759.110s][debug][gc,phases      ] GC(58)     Total                          Min: 0, Avg:  0.0, Max: 0, Diff: 0, Sum: 0, Workers: 4
[759.110s][debug][gc,phases      ] GC(58)   StringTable Weak               Min:  0.1, Avg:  0.1, Max:  0.1, Diff:  0.0, Sum:  0.4, Workers: 4
[759.110s][debug][gc,phases      ] GC(58)     Dead                           Min: 0, Avg:  0.0, Max: 0, Diff: 0, Sum: 0, Workers: 4
[759.110s][debug][gc,phases      ] GC(58)     Total                          Min: 10432, Avg: 10759.0, Max: 11263, Diff: 831, Sum: 43036, Workers: 4
[759.110s][debug][gc,phases      ] GC(58)   ResolvedMethodTable Weak       Min:  0.0, Avg:  0.0, Max:  0.0, Diff:  0.0, Sum:  0.1, Workers: 4
[759.110s][debug][gc,phases      ] GC(58)     Dead                           Min: 0, Avg:  0.0, Max: 0, Diff: 0, Sum: 0, Workers: 4
[759.110s][debug][gc,phases      ] GC(58)     Total                          Min: 2240, Avg: 2318.0, Max: 2425, Diff: 185, Sum: 9272, Workers: 4
[759.110s][debug][gc,phases      ] GC(58)   JNI Weak                       Min:  0.0, Avg:  0.0, Max:  0.0, Diff:  0.0, Sum:  0.0, Workers: 4
[759.110s][debug][gc,phases      ] GC(58)     Dead                           Min: 0, Avg:  0.0, Max: 0, Diff: 0, Sum: 0, Workers: 4
[759.110s][debug][gc,phases      ] GC(58)     Total                          Min: 0, Avg: 11.2, Max: 45, Diff: 45, Sum: 45, Workers: 4
[759.110s][debug][gc,phases      ] GC(58)   StringDedup Table Weak         Min:  0.0, Avg:  0.0, Max:  0.0, Diff:  0.0, Sum:  0.0, Workers: 4
[759.110s][debug][gc,phases      ] GC(58)     Dead                           Min: 0, Avg:  0.0, Max: 0, Diff: 0, Sum: 0, Workers: 4
[759.110s][debug][gc,phases      ] GC(58)     Total                          Min: 0, Avg:  0.0, Max: 0, Diff: 0, Sum: 0, Workers: 4
[759.110s][debug][gc,phases      ] GC(58)   StringDedup Requests0 Weak     Min:  0.0, Avg:  0.0, Max:  0.0, Diff:  0.0, Sum:  0.0, Workers: 4
[759.110s][debug][gc,phases      ] GC(58)     Dead                           Min: 0, Avg:  0.0, Max: 0, Diff: 0, Sum: 0, Workers: 4
[759.110s][debug][gc,phases      ] GC(58)     Total                          Min: 0, Avg:  0.0, Max: 0, Diff: 0, Sum: 0, Workers: 4
[759.110s][debug][gc,phases      ] GC(58)   StringDedup Requests1 Weak     Min:  0.0, Avg:  0.0, Max:  0.0, Diff:  0.0, Sum:  0.0, Workers: 4
[759.110s][debug][gc,phases      ] GC(58)     Dead                           Min: 0, Avg:  0.0, Max: 0, Diff: 0, Sum: 0, Workers: 4
[759.110s][debug][gc,phases      ] GC(58)     Total                          Min: 0, Avg:  0.0, Max: 0, Diff: 0, Sum: 0, Workers: 4
[759.110s][debug][gc,phases      ] GC(58)   Weak JFR Old Object Samples    Min:  0.0, Avg:  0.0, Max:  0.0, Diff:  0.0, Sum:  0.0, Workers: 4
[759.110s][debug][gc,phases      ] GC(58)     Dead                           Min: 0, Avg:  0.0, Max: 0, Diff: 0, Sum: 0, Workers: 4
[759.110s][debug][gc,phases      ] GC(58)     Total                          Min: 0, Avg:  0.0, Max: 0, Diff: 0, Sum: 0, Workers: 4
[759.110s][debug][gc,phases      ] GC(58) Weak Processing 0.337ms
[759.110s][debug][gc,age         ] GC(58) Desired survivor size 95420416 bytes, new threshold 15 (max threshold 15)
[759.110s][info ][gc,heap        ] GC(58) PSYoungGen: 1934352K(1990656K)->38784K(2003968K) Eden: 1887744K(1887744K)->0K(1906688K) From: 46608K(102912K)->38784K(97280K)
[759.110s][info ][gc,heap        ] GC(58) ParOldGen: 460765K(558080K)->468061K(558080K)
[759.110s][info ][gc,metaspace   ] GC(58) Metaspace: 81233K(82304K)->81233K(82304K) NonClass: 69715K(70272K)->69715K(70272K) Class: 11517K(12032K)->11517K(12032K)
[759.110s][info ][gc             ] GC(58) Pause Young (Allocation Failure) 2338M->494M(2502M) 18.979ms
[759.110s][info ][gc,cpu         ] GC(58) User=0.06s Sys=0.00s Real=0.02s
[759.110s][info ][safepoint      ] Safepoint "ParallelGCFailedAllocation", Time since last: 986964571 ns, Reaching safepoint: 121503 ns, At safepoint: 19065778 ns, Total: 19187281 ns
[760.110s][info ][safepoint      ] Safepoint "Cleanup", Time since last: 1000091400 ns, Reaching safepoint: 47601 ns, At safepoint: 28101 ns, Total: 75702 ns
[763.110s][info ][safepoint      ] Safepoint "Cleanup", Time since last: 3000189497 ns, Reaching safepoint: 54001 ns, At safepoint: 4900 ns, Total: 58901 ns
[768.111s][info ][safepoint      ] Safepoint "Cleanup", Time since last: 5000317366 ns, Reaching safepoint: 46601 ns, At safepoint: 3901 ns, Total: 50502 ns
[769.111s][info ][safepoint      ] Safepoint "Cleanup", Time since last: 1000131619 ns, Reaching safepoint: 45501 ns, At safepoint: 2400 ns, Total: 47901 ns
[770.111s][info ][safepoint      ] Safepoint "Cleanup", Time since last: 1000113619 ns, Reaching safepoint: 50401 ns, At safepoint: 2600 ns, Total: 53001 ns
[771.111s][info ][safepoint      ] Safepoint "Cleanup", Time since last: 1000100118 ns, Reaching safepoint: 52202 ns, At safepoint: 2500 ns, Total: 54702 ns
[775.112s][info ][safepoint      ] Safepoint "Cleanup", Time since last: 4000308548 ns, Reaching safepoint: 42001 ns, At safepoint: 3000 ns, Total: 45001 ns
[777.112s][info ][safepoint      ] Safepoint "Cleanup", Time since last: 2000182692 ns, Reaching safepoint: 43501 ns, At safepoint: 3700 ns, Total: 47201 ns
[778.112s][info ][safepoint      ] Safepoint "Cleanup", Time since last: 1000119047 ns, Reaching safepoint: 42601 ns, At safepoint: 3200 ns, Total: 45801 ns
[780.112s][info ][safepoint      ] Safepoint "Cleanup", Time since last: 2000181392 ns, Reaching safepoint: 50001 ns, At safepoint: 25900 ns, Total: 75901 ns
[781.112s][info ][safepoint      ] Safepoint "Cleanup", Time since last: 1000107756 ns, Reaching safepoint: 49802 ns, At safepoint: 4300 ns, Total: 54102 ns
[784.292s][info ][gc,start       ] GC(59) Pause Young (Allocation Failure)
[784.308s][debug][gc,phases      ] GC(59) Scavenge 16.299ms
[784.308s][debug][gc,ref         ] GC(59) Skipped phase 1 of Reference Processing: no references
[784.308s][debug][gc,ref         ] GC(59) ReferenceProcessor::execute queues: 1, RefProcThreadModel::Single, marks_oops_alive: false
[784.308s][debug][gc,ref         ] GC(59) Skipped phase 3 of Reference Processing: no references
[784.308s][debug][gc,ref         ] GC(59) ReferenceProcessor::execute queues: 1, RefProcThreadModel::Single, marks_oops_alive: false
[784.308s][debug][gc,phases      ] GC(59) Reference Processing 0.114ms
[784.308s][debug][gc,phases      ] GC(59)   VM Weak                        Min:  0.0, Avg:  0.0, Max:  0.0, Diff:  0.0, Sum:  0.0, Workers: 4
[784.308s][debug][gc,phases      ] GC(59)     Dead                           Min: 0, Avg:  0.0, Max: 0, Diff: 0, Sum: 0, Workers: 4
[784.308s][debug][gc,phases      ] GC(59)     Total                          Min: 0, Avg: 224.0, Max: 768, Diff: 768, Sum: 896, Workers: 4
[784.308s][debug][gc,phases      ] GC(59)   ObjectSynchronizer Weak        Min:  0.0, Avg:  0.0, Max:  0.0, Diff:  0.0, Sum:  0.0, Workers: 4
[784.308s][debug][gc,phases      ] GC(59)     Dead                           Min: 0, Avg:  0.0, Max: 0, Diff: 0, Sum: 0, Workers: 4
[784.308s][debug][gc,phases      ] GC(59)     Total                          Min: 0, Avg:  7.5, Max: 30, Diff: 30, Sum: 30, Workers: 4
[784.308s][debug][gc,phases      ] GC(59)   JVMTI Tag Weak OopStorage      Min:  0.0, Avg:  0.0, Max:  0.0, Diff:  0.0, Sum:  0.0, Workers: 4
[784.308s][debug][gc,phases      ] GC(59)     Dead                           Min: 0, Avg:  0.0, Max: 0, Diff: 0, Sum: 0, Workers: 4
[784.308s][debug][gc,phases      ] GC(59)     Total                          Min: 0, Avg:  0.0, Max: 0, Diff: 0, Sum: 0, Workers: 4
[784.308s][debug][gc,phases      ] GC(59)   StringTable Weak               Min:  0.0, Avg:  0.1, Max:  0.1, Diff:  0.1, Sum:  0.4, Workers: 4
[784.308s][debug][gc,phases      ] GC(59)     Dead                           Min: 0, Avg:  0.0, Max: 0, Diff: 0, Sum: 0, Workers: 4
[784.308s][debug][gc,phases      ] GC(59)     Total                          Min: 0, Avg: 10759.0, Max: 15325, Diff: 15325, Sum: 43036, Workers: 4
[784.309s][debug][gc,phases      ] GC(59)   ResolvedMethodTable Weak       Min:  0.0, Avg:  0.0, Max:  0.0, Diff:  0.0, Sum:  0.1, Workers: 4
[784.309s][debug][gc,phases      ] GC(59)     Dead                           Min: 0, Avg:  0.0, Max: 0, Diff: 0, Sum: 0, Workers: 4
[784.309s][debug][gc,phases      ] GC(59)     Total                          Min: 0, Avg: 2318.0, Max: 3136, Diff: 3136, Sum: 9272, Workers: 4
[784.309s][debug][gc,phases      ] GC(59)   JNI Weak                       Min:  0.0, Avg:  0.0, Max:  0.0, Diff:  0.0, Sum:  0.0, Workers: 4
[784.309s][debug][gc,phases      ] GC(59)     Dead                           Min: 0, Avg:  0.0, Max: 0, Diff: 0, Sum: 0, Workers: 4
[784.309s][debug][gc,phases      ] GC(59)     Total                          Min: 0, Avg: 11.2, Max: 45, Diff: 45, Sum: 45, Workers: 4
[784.309s][debug][gc,phases      ] GC(59)   StringDedup Table Weak         Min:  0.0, Avg:  0.0, Max:  0.0, Diff:  0.0, Sum:  0.0, Workers: 4
[784.309s][debug][gc,phases      ] GC(59)     Dead                           Min: 0, Avg:  0.0, Max: 0, Diff: 0, Sum: 0, Workers: 4
[784.309s][debug][gc,phases      ] GC(59)     Total                          Min: 0, Avg:  0.0, Max: 0, Diff: 0, Sum: 0, Workers: 4
[784.309s][debug][gc,phases      ] GC(59)   StringDedup Requests0 Weak     Min:  0.0, Avg:  0.0, Max:  0.0, Diff:  0.0, Sum:  0.0, Workers: 4
[784.309s][debug][gc,phases      ] GC(59)     Dead                           Min: 0, Avg:  0.0, Max: 0, Diff: 0, Sum: 0, Workers: 4
[784.309s][debug][gc,phases      ] GC(59)     Total                          Min: 0, Avg:  0.0, Max: 0, Diff: 0, Sum: 0, Workers: 4
[784.309s][debug][gc,phases      ] GC(59)   StringDedup Requests1 Weak     Min:  0.0, Avg:  0.0, Max:  0.0, Diff:  0.0, Sum:  0.0, Workers: 4
[784.309s][debug][gc,phases      ] GC(59)     Dead                           Min: 0, Avg:  0.0, Max: 0, Diff: 0, Sum: 0, Workers: 4
[784.309s][debug][gc,phases      ] GC(59)     Total                          Min: 0, Avg:  0.0, Max: 0, Diff: 0, Sum: 0, Workers: 4
[784.309s][debug][gc,phases      ] GC(59)   Weak JFR Old Object Samples    Min:  0.0, Avg:  0.0, Max:  0.0, Diff:  0.0, Sum:  0.0, Workers: 4
[784.309s][debug][gc,phases      ] GC(59)     Dead                           Min: 0, Avg:  0.0, Max: 0, Diff: 0, Sum: 0, Workers: 4
[784.309s][debug][gc,phases      ] GC(59)     Total                          Min: 0, Avg:  0.0, Max: 0, Diff: 0, Sum: 0, Workers: 4
[784.309s][debug][gc,phases      ] GC(59) Weak Processing 0.367ms
[784.309s][debug][gc,age         ] GC(59) Desired survivor size 94371840 bytes, new threshold 15 (max threshold 15)
[784.309s][info ][gc,heap        ] GC(59) PSYoungGen: 1945472K(2003968K)->25984K(1999872K) Eden: 1906688K(1906688K)->0K(1906688K) From: 38784K(97280K)->25984K(93184K)
[784.309s][info ][gc,heap        ] GC(59) ParOldGen: 468061K(558080K)->482069K(558080K)
[784.309s][info ][gc,metaspace   ] GC(59) Metaspace: 81272K(82368K)->81272K(82368K) NonClass: 69754K(70336K)->69754K(70336K) Class: 11517K(12032K)->11517K(12032K)
[784.309s][info ][gc             ] GC(59) Pause Young (Allocation Failure) 2356M->496M(2498M) 16.958ms
[784.309s][info ][gc,cpu         ] GC(59) User=0.04s Sys=0.01s Real=0.02s
[784.309s][info ][safepoint      ] Safepoint "ParallelGCFailedAllocation", Time since last: 3179087141 ns, Reaching safepoint: 114703 ns, At safepoint: 17043705 ns, Total: 17158408 ns
[788.158s][info ][safepoint      ] Safepoint "Cleanup", Time since last: 3848832135 ns, Reaching safepoint: 109402 ns, At safepoint: 7901 ns, Total: 117303 ns
[789.158s][info ][safepoint      ] Safepoint "Cleanup", Time since last: 1000105393 ns, Reaching safepoint: 117403 ns, At safepoint: 5600 ns, Total: 123003 ns
[792.158s][info ][safepoint      ] Safepoint "Cleanup", Time since last: 3000254376 ns, Reaching safepoint: 120303 ns, At safepoint: 5400 ns, Total: 125703 ns
[795.159s][info ][safepoint      ] Safepoint "Cleanup", Time since last: 3000272077 ns, Reaching safepoint: 127903 ns, At safepoint: 6100 ns, Total: 134003 ns
[801.159s][info ][safepoint      ] Safepoint "Cleanup", Time since last: 6000476255 ns, Reaching safepoint: 118402 ns, At safepoint: 5601 ns, Total: 124003 ns
[802.159s][info ][safepoint      ] Safepoint "Cleanup", Time since last: 1000117260 ns, Reaching safepoint: 44901 ns, At safepoint: 4500 ns, Total: 49401 ns
[803.160s][info ][safepoint      ] Safepoint "Cleanup", Time since last: 1000117260 ns, Reaching safepoint: 46301 ns, At safepoint: 2700 ns, Total: 49001 ns
[807.160s][info ][safepoint      ] Safepoint "Cleanup", Time since last: 4000288970 ns, Reaching safepoint: 40301 ns, At safepoint: 2700 ns, Total: 43001 ns
[808.041s][info ][gc,start       ] GC(60) Pause Young (Allocation Failure)
[808.053s][debug][gc,phases      ] GC(60) Scavenge 12.334ms
[808.053s][debug][gc,ref         ] GC(60) Skipped phase 1 of Reference Processing: no references
[808.053s][debug][gc,ref         ] GC(60) ReferenceProcessor::execute queues: 1, RefProcThreadModel::Single, marks_oops_alive: false
[808.053s][debug][gc,ref         ] GC(60) Skipped phase 3 of Reference Processing: no references
[808.053s][debug][gc,ref         ] GC(60) ReferenceProcessor::execute queues: 1, RefProcThreadModel::Single, marks_oops_alive: false
[808.053s][debug][gc,phases      ] GC(60) Reference Processing 0.116ms
[808.053s][debug][gc,phases      ] GC(60)   VM Weak                        Min:  0.0, Avg:  0.0, Max:  0.0, Diff:  0.0, Sum:  0.0, Workers: 4
[808.053s][debug][gc,phases      ] GC(60)     Dead                           Min: 0, Avg:  0.0, Max: 0, Diff: 0, Sum: 0, Workers: 4
[808.053s][debug][gc,phases      ] GC(60)     Total                          Min: 0, Avg: 224.0, Max: 576, Diff: 576, Sum: 896, Workers: 4
[808.053s][debug][gc,phases      ] GC(60)   ObjectSynchronizer Weak        Min:  0.0, Avg:  0.0, Max:  0.0, Diff:  0.0, Sum:  0.0, Workers: 4
[808.053s][debug][gc,phases      ] GC(60)     Dead                           Min: 0, Avg:  0.0, Max: 0, Diff: 0, Sum: 0, Workers: 4
[808.053s][debug][gc,phases      ] GC(60)     Total                          Min: 0, Avg:  7.5, Max: 30, Diff: 30, Sum: 30, Workers: 4
[808.053s][debug][gc,phases      ] GC(60)   JVMTI Tag Weak OopStorage      Min:  0.0, Avg:  0.0, Max:  0.0, Diff:  0.0, Sum:  0.0, Workers: 4
[808.053s][debug][gc,phases      ] GC(60)     Dead                           Min: 0, Avg:  0.0, Max: 0, Diff: 0, Sum: 0, Workers: 4
[808.053s][debug][gc,phases      ] GC(60)     Total                          Min: 0, Avg:  0.0, Max: 0, Diff: 0, Sum: 0, Workers: 4
[808.053s][debug][gc,phases      ] GC(60)   StringTable Weak               Min:  0.1, Avg:  0.1, Max:  0.1, Diff:  0.0, Sum:  0.4, Workers: 4
[808.053s][debug][gc,phases      ] GC(60)     Dead                           Min: 0, Avg:  0.0, Max: 0, Diff: 0, Sum: 0, Workers: 4
[808.053s][debug][gc,phases      ] GC(60)     Total                          Min: 10397, Avg: 10759.0, Max: 11135, Diff: 738, Sum: 43036, Workers: 4
[808.053s][debug][gc,phases      ] GC(60)   ResolvedMethodTable Weak       Min:  0.0, Avg:  0.0, Max:  0.0, Diff:  0.0, Sum:  0.1, Workers: 4
[808.053s][debug][gc,phases      ] GC(60)     Dead                           Min: 0, Avg:  0.0, Max: 0, Diff: 0, Sum: 0, Workers: 4
[808.053s][debug][gc,phases      ] GC(60)     Total                          Min: 2239, Avg: 2318.0, Max: 2425, Diff: 186, Sum: 9272, Workers: 4
[808.053s][debug][gc,phases      ] GC(60)   JNI Weak                       Min:  0.0, Avg:  0.0, Max:  0.0, Diff:  0.0, Sum:  0.0, Workers: 4
[808.053s][debug][gc,phases      ] GC(60)     Dead                           Min: 0, Avg:  0.0, Max: 0, Diff: 0, Sum: 0, Workers: 4
[808.053s][debug][gc,phases      ] GC(60)     Total                          Min: 0, Avg: 11.2, Max: 45, Diff: 45, Sum: 45, Workers: 4
[808.053s][debug][gc,phases      ] GC(60)   StringDedup Table Weak         Min:  0.0, Avg:  0.0, Max:  0.0, Diff:  0.0, Sum:  0.0, Workers: 4
[808.053s][debug][gc,phases      ] GC(60)     Dead                           Min: 0, Avg:  0.0, Max: 0, Diff: 0, Sum: 0, Workers: 4
[808.053s][debug][gc,phases      ] GC(60)     Total                          Min: 0, Avg:  0.0, Max: 0, Diff: 0, Sum: 0, Workers: 4
[808.053s][debug][gc,phases      ] GC(60)   StringDedup Requests0 Weak     Min:  0.0, Avg:  0.0, Max:  0.0, Diff:  0.0, Sum:  0.0, Workers: 4
[808.053s][debug][gc,phases      ] GC(60)     Dead                           Min: 0, Avg:  0.0, Max: 0, Diff: 0, Sum: 0, Workers: 4
[808.053s][debug][gc,phases      ] GC(60)     Total                          Min: 0, Avg:  0.0, Max: 0, Diff: 0, Sum: 0, Workers: 4
[808.053s][debug][gc,phases      ] GC(60)   StringDedup Requests1 Weak     Min:  0.0, Avg:  0.0, Max:  0.0, Diff:  0.0, Sum:  0.0, Workers: 4
[808.053s][debug][gc,phases      ] GC(60)     Dead                           Min: 0, Avg:  0.0, Max: 0, Diff: 0, Sum: 0, Workers: 4
[808.053s][debug][gc,phases      ] GC(60)     Total                          Min: 0, Avg:  0.0, Max: 0, Diff: 0, Sum: 0, Workers: 4
[808.053s][debug][gc,phases      ] GC(60)   Weak JFR Old Object Samples    Min:  0.0, Avg:  0.0, Max:  0.0, Diff:  0.0, Sum:  0.0, Workers: 4
[808.053s][debug][gc,phases      ] GC(60)     Dead                           Min: 0, Avg:  0.0, Max: 0, Diff: 0, Sum: 0, Workers: 4
[808.053s][debug][gc,phases      ] GC(60)     Total                          Min: 0, Avg:  0.0, Max: 0, Diff: 0, Sum: 0, Workers: 4
[808.053s][debug][gc,phases      ] GC(60) Weak Processing 0.351ms
[808.053s][debug][gc,age         ] GC(60) Desired survivor size 92274688 bytes, new threshold 15 (max threshold 15)
[808.054s][info ][gc,heap        ] GC(60) PSYoungGen: 1932672K(1999872K)->25776K(2007040K) Eden: 1906688K(1906688K)->0K(1914880K) From: 25984K(93184K)->25776K(92160K)
[808.054s][info ][gc,heap        ] GC(60) ParOldGen: 482069K(558080K)->482229K(558080K)
[808.054s][info ][gc,metaspace   ] GC(60) Metaspace: 81281K(82368K)->81281K(82368K) NonClass: 69763K(70336K)->69763K(70336K) Class: 11517K(12032K)->11517K(12032K)
[808.054s][info ][gc             ] GC(60) Pause Young (Allocation Failure) 2358M->496M(2505M) 12.940ms
[808.054s][info ][gc,cpu         ] GC(60) User=0.04s Sys=0.00s Real=0.02s
[808.054s][info ][safepoint      ] Safepoint "ParallelGCFailedAllocation", Time since last: 880535341 ns, Reaching safepoint: 115802 ns, At safepoint: 13024548 ns, Total: 13140350 ns
[816.054s][info ][safepoint      ] Safepoint "Cleanup", Time since last: 8000595192 ns, Reaching safepoint: 132403 ns, At safepoint: 6000 ns, Total: 138403 ns
[817.055s][info ][safepoint      ] Safepoint "Cleanup", Time since last: 1000103470 ns, Reaching safepoint: 127703 ns, At safepoint: 6801 ns, Total: 134504 ns
[818.055s][info ][safepoint      ] Safepoint "Cleanup", Time since last: 1000147071 ns, Reaching safepoint: 99002 ns, At safepoint: 7101 ns, Total: 106103 ns
[820.055s][info ][safepoint      ] Safepoint "Cleanup", Time since last: 2000192540 ns, Reaching safepoint: 71702 ns, At safepoint: 5100 ns, Total: 76802 ns
[822.055s][info ][safepoint      ] Safepoint "Cleanup", Time since last: 2000184609 ns, Reaching safepoint: 139803 ns, At safepoint: 5000 ns, Total: 144803 ns
[823.056s][info ][safepoint      ] Safepoint "Cleanup", Time since last: 1000111651 ns, Reaching safepoint: 60801 ns, At safepoint: 2700 ns, Total: 63501 ns
[824.056s][info ][safepoint      ] Safepoint "Cleanup", Time since last: 1000129852 ns, Reaching safepoint: 150703 ns, At safepoint: 5700 ns, Total: 156403 ns
[825.056s][info ][safepoint      ] Safepoint "Cleanup", Time since last: 1000133252 ns, Reaching safepoint: 49301 ns, At safepoint: 2900 ns, Total: 52201 ns
[826.056s][info ][safepoint      ] Safepoint "Cleanup", Time since last: 1000080850 ns, Reaching safepoint: 130703 ns, At safepoint: 6001 ns, Total: 136704 ns
[827.057s][info ][safepoint      ] Safepoint "Cleanup", Time since last: 1000135851 ns, Reaching safepoint: 118003 ns, At safepoint: 6200 ns, Total: 124203 ns
[828.057s][info ][safepoint      ] Safepoint "Cleanup", Time since last: 1000125351 ns, Reaching safepoint: 147104 ns, At safepoint: 6400 ns, Total: 153504 ns
[829.057s][info ][safepoint      ] Safepoint "Cleanup", Time since last: 1000113723 ns, Reaching safepoint: 60501 ns, At safepoint: 4300 ns, Total: 64801 ns
[830.057s][info ][safepoint      ] Safepoint "Cleanup", Time since last: 1000317851 ns, Reaching safepoint: 152004 ns, At safepoint: 6300 ns, Total: 158304 ns
[830.105s][info ][gc,start       ] GC(61) Pause Young (Allocation Failure)
[830.115s][debug][gc,phases      ] GC(61) Scavenge 9.156ms
[830.115s][debug][gc,ref         ] GC(61) Skipped phase 1 of Reference Processing: no references
[830.115s][debug][gc,ref         ] GC(61) ReferenceProcessor::execute queues: 1, RefProcThreadModel::Single, marks_oops_alive: false
[830.115s][debug][gc,ref         ] GC(61) Skipped phase 3 of Reference Processing: no references
[830.115s][debug][gc,ref         ] GC(61) ReferenceProcessor::execute queues: 1, RefProcThreadModel::Single, marks_oops_alive: false
[830.115s][debug][gc,phases      ] GC(61) Reference Processing 0.168ms
[830.115s][debug][gc,phases      ] GC(61)   VM Weak                        Min:  0.0, Avg:  0.0, Max:  0.0, Diff:  0.0, Sum:  0.0, Workers: 4
[830.115s][debug][gc,phases      ] GC(61)     Dead                           Min: 0, Avg:  0.0, Max: 0, Diff: 0, Sum: 0, Workers: 4
[830.115s][debug][gc,phases      ] GC(61)     Total                          Min: 0, Avg: 224.0, Max: 576, Diff: 576, Sum: 896, Workers: 4
[830.115s][debug][gc,phases      ] GC(61)   ObjectSynchronizer Weak        Min:  0.0, Avg:  0.0, Max:  0.0, Diff:  0.0, Sum:  0.0, Workers: 4
[830.115s][debug][gc,phases      ] GC(61)     Dead                           Min: 0, Avg:  0.0, Max: 0, Diff: 0, Sum: 0, Workers: 4
[830.115s][debug][gc,phases      ] GC(61)     Total                          Min: 0, Avg:  7.5, Max: 30, Diff: 30, Sum: 30, Workers: 4
[830.115s][debug][gc,phases      ] GC(61)   JVMTI Tag Weak OopStorage      Min:  0.0, Avg:  0.0, Max:  0.0, Diff:  0.0, Sum:  0.0, Workers: 4
[830.115s][debug][gc,phases      ] GC(61)     Dead                           Min: 0, Avg:  0.0, Max: 0, Diff: 0, Sum: 0, Workers: 4
[830.115s][debug][gc,phases      ] GC(61)     Total                          Min: 0, Avg:  0.0, Max: 0, Diff: 0, Sum: 0, Workers: 4
[830.115s][debug][gc,phases      ] GC(61)   StringTable Weak               Min:  0.1, Avg:  0.1, Max:  0.1, Diff:  0.0, Sum:  0.4, Workers: 4
[830.115s][debug][gc,phases      ] GC(61)     Dead                           Min: 0, Avg:  0.0, Max: 0, Diff: 0, Sum: 0, Workers: 4
[830.115s][debug][gc,phases      ] GC(61)     Total                          Min: 9263, Avg: 10763.5, Max: 11583, Diff: 2320, Sum: 43054, Workers: 4
[830.115s][debug][gc,phases      ] GC(61)   ResolvedMethodTable Weak       Min:  0.0, Avg:  0.0, Max:  0.0, Diff:  0.0, Sum:  0.1, Workers: 4
[830.115s][debug][gc,phases      ] GC(61)     Dead                           Min: 0, Avg:  0.0, Max: 0, Diff: 0, Sum: 0, Workers: 4
[830.115s][debug][gc,phases      ] GC(61)     Total                          Min: 2041, Avg: 2318.0, Max: 2560, Diff: 519, Sum: 9272, Workers: 4
[830.115s][debug][gc,phases      ] GC(61)   JNI Weak                       Min:  0.0, Avg:  0.0, Max:  0.0, Diff:  0.0, Sum:  0.0, Workers: 4
[830.115s][debug][gc,phases      ] GC(61)     Dead                           Min: 0, Avg:  0.0, Max: 0, Diff: 0, Sum: 0, Workers: 4
[830.115s][debug][gc,phases      ] GC(61)     Total                          Min: 0, Avg: 11.2, Max: 45, Diff: 45, Sum: 45, Workers: 4
[830.115s][debug][gc,phases      ] GC(61)   StringDedup Table Weak         Min:  0.0, Avg:  0.0, Max:  0.0, Diff:  0.0, Sum:  0.0, Workers: 4
[830.115s][debug][gc,phases      ] GC(61)     Dead                           Min: 0, Avg:  0.0, Max: 0, Diff: 0, Sum: 0, Workers: 4
[830.115s][debug][gc,phases      ] GC(61)     Total                          Min: 0, Avg:  0.0, Max: 0, Diff: 0, Sum: 0, Workers: 4
[830.115s][debug][gc,phases      ] GC(61)   StringDedup Requests0 Weak     Min:  0.0, Avg:  0.0, Max:  0.0, Diff:  0.0, Sum:  0.0, Workers: 4
[830.115s][debug][gc,phases      ] GC(61)     Dead                           Min: 0, Avg:  0.0, Max: 0, Diff: 0, Sum: 0, Workers: 4
[830.115s][debug][gc,phases      ] GC(61)     Total                          Min: 0, Avg:  0.0, Max: 0, Diff: 0, Sum: 0, Workers: 4
[830.115s][debug][gc,phases      ] GC(61)   StringDedup Requests1 Weak     Min:  0.0, Avg:  0.0, Max:  0.0, Diff:  0.0, Sum:  0.0, Workers: 4
[830.115s][debug][gc,phases      ] GC(61)     Dead                           Min: 0, Avg:  0.0, Max: 0, Diff: 0, Sum: 0, Workers: 4
[830.115s][debug][gc,phases      ] GC(61)     Total                          Min: 0, Avg:  0.0, Max: 0, Diff: 0, Sum: 0, Workers: 4
[830.115s][debug][gc,phases      ] GC(61)   Weak JFR Old Object Samples    Min:  0.0, Avg:  0.0, Max:  0.0, Diff:  0.0, Sum:  0.0, Workers: 4
[830.115s][debug][gc,phases      ] GC(61)     Dead                           Min: 0, Avg:  0.0, Max: 0, Diff: 0, Sum: 0, Workers: 4
[830.115s][debug][gc,phases      ] GC(61)     Total                          Min: 0, Avg:  0.0, Max: 0, Diff: 0, Sum: 0, Workers: 4
[830.115s][debug][gc,phases      ] GC(61) Weak Processing 0.352ms
[830.115s][debug][gc,age         ] GC(61) Desired survivor size 90177536 bytes, new threshold 15 (max threshold 15)
[830.115s][info ][gc,heap        ] GC(61) PSYoungGen: 1940656K(2007040K)->26048K(2004992K) Eden: 1914880K(1914880K)->0K(1914880K) From: 25776K(92160K)->26048K(90112K)
[830.115s][info ][gc,heap        ] GC(61) ParOldGen: 482229K(558080K)->482358K(558080K)
[830.115s][info ][gc,metaspace   ] GC(61) Metaspace: 81311K(82368K)->81311K(82368K) NonClass: 69793K(70336K)->69793K(70336K) Class: 11517K(12032K)->11517K(12032K)
[830.115s][info ][gc             ] GC(61) Pause Young (Allocation Failure) 2366M->496M(2503M) 9.815ms
[830.115s][info ][gc,cpu         ] GC(61) User=0.03s Sys=0.01s Real=0.01s
[830.115s][info ][safepoint      ] Safepoint "ParallelGCFailedAllocation", Time since last: 47757830 ns, Reaching safepoint: 35600 ns, At safepoint: 9888055 ns, Total: 9923655 ns
[833.115s][info ][safepoint      ] Safepoint "Cleanup", Time since last: 3000206633 ns, Reaching safepoint: 48401 ns, At safepoint: 5700 ns, Total: 54101 ns
[834.116s][info ][safepoint      ] Safepoint "Cleanup", Time since last: 1000114446 ns, Reaching safepoint: 58101 ns, At safepoint: 6200 ns, Total: 64301 ns
[835.116s][info ][safepoint      ] Safepoint "Cleanup", Time since last: 1000148847 ns, Reaching safepoint: 43901 ns, At safepoint: 2300 ns, Total: 46201 ns
[836.116s][info ][safepoint      ] Safepoint "Cleanup", Time since last: 1000076544 ns, Reaching safepoint: 51202 ns, At safepoint: 8500 ns, Total: 59702 ns
[837.116s][info ][safepoint      ] Safepoint "Cleanup", Time since last: 1000124205 ns, Reaching safepoint: 36501 ns, At safepoint: 2800 ns, Total: 39301 ns
[838.116s][info ][safepoint      ] Safepoint "Cleanup", Time since last: 1000120981 ns, Reaching safepoint: 60301 ns, At safepoint: 6600 ns, Total: 66901 ns
[840.117s][info ][safepoint      ] Safepoint "Cleanup", Time since last: 2000189560 ns, Reaching safepoint: 64901 ns, At safepoint: 2700 ns, Total: 67601 ns
[841.846s][info ][safepoint      ] Safepoint "Cleanup", Time since last: 1728940902 ns, Reaching safepoint: 139603 ns, At safepoint: 6601 ns, Total: 146204 ns
[842.846s][info ][safepoint      ] Safepoint "Cleanup", Time since last: 1000133180 ns, Reaching safepoint: 123703 ns, At safepoint: 6100 ns, Total: 129803 ns
[844.846s][info ][safepoint      ] Safepoint "Cleanup", Time since last: 2000204991 ns, Reaching safepoint: 120303 ns, At safepoint: 5000 ns, Total: 125303 ns
[849.642s][info ][gc,start       ] GC(62) Pause Young (Allocation Failure)
[849.655s][debug][gc,phases      ] GC(62) Scavenge 13.276ms
[849.655s][debug][gc,ref         ] GC(62) Skipped phase 1 of Reference Processing: no references
[849.655s][debug][gc,ref         ] GC(62) ReferenceProcessor::execute queues: 1, RefProcThreadModel::Single, marks_oops_alive: false
[849.655s][debug][gc,ref         ] GC(62) Skipped phase 3 of Reference Processing: no references
[849.655s][debug][gc,ref         ] GC(62) ReferenceProcessor::execute queues: 1, RefProcThreadModel::Single, marks_oops_alive: false
[849.655s][debug][gc,phases      ] GC(62) Reference Processing 0.115ms
[849.656s][debug][gc,phases      ] GC(62)   VM Weak                        Min:  0.0, Avg:  0.0, Max:  0.0, Diff:  0.0, Sum:  0.0, Workers: 4
[849.656s][debug][gc,phases      ] GC(62)     Dead                           Min: 0, Avg:  0.0, Max: 0, Diff: 0, Sum: 0, Workers: 4
[849.656s][debug][gc,phases      ] GC(62)     Total                          Min: 0, Avg: 224.0, Max: 448, Diff: 448, Sum: 896, Workers: 4
[849.656s][debug][gc,phases      ] GC(62)   ObjectSynchronizer Weak        Min:  0.0, Avg:  0.0, Max:  0.0, Diff:  0.0, Sum:  0.0, Workers: 4
[849.656s][debug][gc,phases      ] GC(62)     Dead                           Min: 0, Avg:  0.0, Max: 0, Diff: 0, Sum: 0, Workers: 4
[849.656s][debug][gc,phases      ] GC(62)     Total                          Min: 0, Avg:  7.5, Max: 30, Diff: 30, Sum: 30, Workers: 4
[849.656s][debug][gc,phases      ] GC(62)   JVMTI Tag Weak OopStorage      Min:  0.0, Avg:  0.0, Max:  0.0, Diff:  0.0, Sum:  0.0, Workers: 4
[849.656s][debug][gc,phases      ] GC(62)     Dead                           Min: 0, Avg:  0.0, Max: 0, Diff: 0, Sum: 0, Workers: 4
[849.656s][debug][gc,phases      ] GC(62)     Total                          Min: 0, Avg:  0.0, Max: 0, Diff: 0, Sum: 0, Workers: 4
[849.656s][debug][gc,phases      ] GC(62)   StringTable Weak               Min:  0.0, Avg:  0.1, Max:  0.1, Diff:  0.1, Sum:  0.4, Workers: 4
[849.656s][debug][gc,phases      ] GC(62)     Dead                           Min: 0, Avg:  0.0, Max: 0, Diff: 0, Sum: 0, Workers: 4
[849.656s][debug][gc,phases      ] GC(62)     Total                          Min: 0, Avg: 10764.5, Max: 15219, Diff: 15219, Sum: 43058, Workers: 4
[849.656s][debug][gc,phases      ] GC(62)   ResolvedMethodTable Weak       Min:  0.0, Avg:  0.0, Max:  0.0, Diff:  0.0, Sum:  0.1, Workers: 4
[849.656s][debug][gc,phases      ] GC(62)     Dead                           Min: 0, Avg:  0.0, Max: 0, Diff: 0, Sum: 0, Workers: 4
[849.656s][debug][gc,phases      ] GC(62)     Total                          Min: 0, Avg: 2318.0, Max: 3513, Diff: 3513, Sum: 9272, Workers: 4
[849.656s][debug][gc,phases      ] GC(62)   JNI Weak                       Min:  0.0, Avg:  0.0, Max:  0.0, Diff:  0.0, Sum:  0.0, Workers: 4
[849.656s][debug][gc,phases      ] GC(62)     Dead                           Min: 0, Avg:  0.0, Max: 0, Diff: 0, Sum: 0, Workers: 4
[849.656s][debug][gc,phases      ] GC(62)     Total                          Min: 0, Avg: 11.2, Max: 45, Diff: 45, Sum: 45, Workers: 4
[849.656s][debug][gc,phases      ] GC(62)   StringDedup Table Weak         Min:  0.0, Avg:  0.0, Max:  0.0, Diff:  0.0, Sum:  0.0, Workers: 4
[849.656s][debug][gc,phases      ] GC(62)     Dead                           Min: 0, Avg:  0.0, Max: 0, Diff: 0, Sum: 0, Workers: 4
[849.656s][debug][gc,phases      ] GC(62)     Total                          Min: 0, Avg:  0.0, Max: 0, Diff: 0, Sum: 0, Workers: 4
[849.656s][debug][gc,phases      ] GC(62)   StringDedup Requests0 Weak     Min:  0.0, Avg:  0.0, Max:  0.0, Diff:  0.0, Sum:  0.0, Workers: 4
[849.656s][debug][gc,phases      ] GC(62)     Dead                           Min: 0, Avg:  0.0, Max: 0, Diff: 0, Sum: 0, Workers: 4
[849.656s][debug][gc,phases      ] GC(62)     Total                          Min: 0, Avg:  0.0, Max: 0, Diff: 0, Sum: 0, Workers: 4
[849.656s][debug][gc,phases      ] GC(62)   StringDedup Requests1 Weak     Min:  0.0, Avg:  0.0, Max:  0.0, Diff:  0.0, Sum:  0.0, Workers: 4
[849.656s][debug][gc,phases      ] GC(62)     Dead                           Min: 0, Avg:  0.0, Max: 0, Diff: 0, Sum: 0, Workers: 4
[849.656s][debug][gc,phases      ] GC(62)     Total                          Min: 0, Avg:  0.0, Max: 0, Diff: 0, Sum: 0, Workers: 4
[849.656s][debug][gc,phases      ] GC(62)   Weak JFR Old Object Samples    Min:  0.0, Avg:  0.0, Max:  0.0, Diff:  0.0, Sum:  0.0, Workers: 4
[849.656s][debug][gc,phases      ] GC(62)     Dead                           Min: 0, Avg:  0.0, Max: 0, Diff: 0, Sum: 0, Workers: 4
[849.656s][debug][gc,phases      ] GC(62)     Total                          Min: 0, Avg:  0.0, Max: 0, Diff: 0, Sum: 0, Workers: 4
[849.656s][debug][gc,phases      ] GC(62) Weak Processing 0.369ms
[849.656s][debug][gc,age         ] GC(62) Desired survivor size 87556096 bytes, new threshold 15 (max threshold 15)
[849.656s][info ][gc,heap        ] GC(62) PSYoungGen: 1940928K(2004992K)->26615K(2011648K) Eden: 1914880K(1914880K)->0K(1923584K) From: 26048K(90112K)->26615K(88064K)
[849.656s][info ][gc,heap        ] GC(62) ParOldGen: 482358K(558080K)->482406K(558080K)
[849.656s][info ][gc,metaspace   ] GC(62) Metaspace: 81322K(82432K)->81322K(82432K) NonClass: 69805K(70400K)->69805K(70400K) Class: 11517K(12032K)->11517K(12032K)
[849.656s][info ][gc             ] GC(62) Pause Young (Allocation Failure) 2366M->497M(2509M) 13.939ms
[849.656s][info ][gc,cpu         ] GC(62) User=0.04s Sys=0.01s Real=0.02s
[849.656s][info ][safepoint      ] Safepoint "ParallelGCFailedAllocation", Time since last: 4795478650 ns, Reaching safepoint: 114803 ns, At safepoint: 14015936 ns, Total: 14130739 ns
[850.656s][info ][safepoint      ] Safepoint "Cleanup", Time since last: 1000088194 ns, Reaching safepoint: 44501 ns, At safepoint: 2600 ns, Total: 47101 ns
[851.656s][info ][safepoint      ] Safepoint "Cleanup", Time since last: 1000118694 ns, Reaching safepoint: 157804 ns, At safepoint: 7100 ns, Total: 164904 ns
[852.656s][info ][safepoint      ] Safepoint "Cleanup", Time since last: 1000123569 ns, Reaching safepoint: 59802 ns, At safepoint: 3100 ns, Total: 62902 ns
[853.657s][info ][safepoint      ] Safepoint "Cleanup", Time since last: 1000125550 ns, Reaching safepoint: 57701 ns, At safepoint: 6800 ns, Total: 64501 ns
[854.657s][info ][safepoint      ] Safepoint "Cleanup", Time since last: 1000118550 ns, Reaching safepoint: 118102 ns, At safepoint: 4901 ns, Total: 123003 ns
[855.657s][info ][safepoint      ] Safepoint "Cleanup", Time since last: 1000152450 ns, Reaching safepoint: 115403 ns, At safepoint: 3600 ns, Total: 119003 ns
[856.657s][info ][safepoint      ] Safepoint "Cleanup", Time since last: 1000123749 ns, Reaching safepoint: 39701 ns, At safepoint: 3600 ns, Total: 43301 ns
[859.658s][info ][safepoint      ] Safepoint "Cleanup", Time since last: 3000255047 ns, Reaching safepoint: 117903 ns, At safepoint: 8000 ns, Total: 125903 ns
[860.658s][info ][safepoint      ] Safepoint "Cleanup", Time since last: 1000142424 ns, Reaching safepoint: 150003 ns, At safepoint: 10101 ns, Total: 160104 ns
[861.658s][info ][safepoint      ] Safepoint "Cleanup", Time since last: 1000135698 ns, Reaching safepoint: 112103 ns, At safepoint: 7000 ns, Total: 119103 ns
[862.658s][info ][safepoint      ] Safepoint "Cleanup", Time since last: 1000080097 ns, Reaching safepoint: 49701 ns, At safepoint: 2401 ns, Total: 52102 ns
[864.659s][info ][safepoint      ] Safepoint "Cleanup", Time since last: 2000182795 ns, Reaching safepoint: 132603 ns, At safepoint: 6700 ns, Total: 139303 ns
[865.659s][info ][safepoint      ] Safepoint "Cleanup", Time since last: 1000115398 ns, Reaching safepoint: 60402 ns, At safepoint: 3000 ns, Total: 63402 ns
[866.659s][info ][safepoint      ] Safepoint "Cleanup", Time since last: 1000119998 ns, Reaching safepoint: 65401 ns, At safepoint: 3100 ns, Total: 68501 ns
[867.659s][info ][safepoint      ] Safepoint "Cleanup", Time since last: 1000114499 ns, Reaching safepoint: 52201 ns, At safepoint: 2300 ns, Total: 54501 ns
[870.004s][info ][gc,start       ] GC(63) Pause Young (Allocation Failure)
[870.016s][debug][gc,phases      ] GC(63) Scavenge 11.764ms
[870.016s][debug][gc,ref         ] GC(63) Skipped phase 1 of Reference Processing: no references
[870.016s][debug][gc,ref         ] GC(63) ReferenceProcessor::execute queues: 1, RefProcThreadModel::Single, marks_oops_alive: false
[870.016s][debug][gc,ref         ] GC(63) Skipped phase 3 of Reference Processing: no references
[870.016s][debug][gc,ref         ] GC(63) ReferenceProcessor::execute queues: 1, RefProcThreadModel::Single, marks_oops_alive: false
[870.016s][debug][gc,phases      ] GC(63) Reference Processing 0.130ms
[870.016s][debug][gc,phases      ] GC(63)   VM Weak                        Min:  0.0, Avg:  0.0, Max:  0.0, Diff:  0.0, Sum:  0.0, Workers: 4
[870.016s][debug][gc,phases      ] GC(63)     Dead                           Min: 0, Avg:  0.0, Max: 0, Diff: 0, Sum: 0, Workers: 4
[870.016s][debug][gc,phases      ] GC(63)     Total                          Min: 0, Avg: 224.0, Max: 512, Diff: 512, Sum: 896, Workers: 4
[870.016s][debug][gc,phases      ] GC(63)   ObjectSynchronizer Weak        Min:  0.0, Avg:  0.0, Max:  0.0, Diff:  0.0, Sum:  0.0, Workers: 4
[870.016s][debug][gc,phases      ] GC(63)     Dead                           Min: 0, Avg:  0.0, Max: 0, Diff: 0, Sum: 0, Workers: 4
[870.016s][debug][gc,phases      ] GC(63)     Total                          Min: 0, Avg:  7.5, Max: 30, Diff: 30, Sum: 30, Workers: 4
[870.016s][debug][gc,phases      ] GC(63)   JVMTI Tag Weak OopStorage      Min:  0.0, Avg:  0.0, Max:  0.0, Diff:  0.0, Sum:  0.0, Workers: 4
[870.016s][debug][gc,phases      ] GC(63)     Dead                           Min: 0, Avg:  0.0, Max: 0, Diff: 0, Sum: 0, Workers: 4
[870.016s][debug][gc,phases      ] GC(63)     Total                          Min: 0, Avg:  0.0, Max: 0, Diff: 0, Sum: 0, Workers: 4
[870.016s][debug][gc,phases      ] GC(63)   StringTable Weak               Min:  0.0, Avg:  0.1, Max:  0.1, Diff:  0.1, Sum:  0.4, Workers: 4
[870.016s][debug][gc,phases      ] GC(63)     Dead                           Min: 0, Avg:  0.0, Max: 0, Diff: 0, Sum: 0, Workers: 4
[870.016s][debug][gc,phases      ] GC(63)     Total                          Min: 0, Avg: 10764.8, Max: 15103, Diff: 15103, Sum: 43059, Workers: 4
[870.016s][debug][gc,phases      ] GC(63)   ResolvedMethodTable Weak       Min:  0.0, Avg:  0.0, Max:  0.0, Diff:  0.0, Sum:  0.1, Workers: 4
[870.016s][debug][gc,phases      ] GC(63)     Dead                           Min: 0, Avg:  0.0, Max: 0, Diff: 0, Sum: 0, Workers: 4
[870.016s][debug][gc,phases      ] GC(63)     Total                          Min: 0, Avg: 2318.0, Max: 3391, Diff: 3391, Sum: 9272, Workers: 4
[870.016s][debug][gc,phases      ] GC(63)   JNI Weak                       Min:  0.0, Avg:  0.0, Max:  0.0, Diff:  0.0, Sum:  0.0, Workers: 4
[870.016s][debug][gc,phases      ] GC(63)     Dead                           Min: 0, Avg:  0.0, Max: 0, Diff: 0, Sum: 0, Workers: 4
[870.016s][debug][gc,phases      ] GC(63)     Total                          Min: 0, Avg: 11.2, Max: 45, Diff: 45, Sum: 45, Workers: 4
[870.017s][debug][gc,phases      ] GC(63)   StringDedup Table Weak         Min:  0.0, Avg:  0.0, Max:  0.0, Diff:  0.0, Sum:  0.0, Workers: 4
[870.017s][debug][gc,phases      ] GC(63)     Dead                           Min: 0, Avg:  0.0, Max: 0, Diff: 0, Sum: 0, Workers: 4
[870.017s][debug][gc,phases      ] GC(63)     Total                          Min: 0, Avg:  0.0, Max: 0, Diff: 0, Sum: 0, Workers: 4
[870.017s][debug][gc,phases      ] GC(63)   StringDedup Requests0 Weak     Min:  0.0, Avg:  0.0, Max:  0.0, Diff:  0.0, Sum:  0.0, Workers: 4
[870.017s][debug][gc,phases      ] GC(63)     Dead                           Min: 0, Avg:  0.0, Max: 0, Diff: 0, Sum: 0, Workers: 4
[870.017s][debug][gc,phases      ] GC(63)     Total                          Min: 0, Avg:  0.0, Max: 0, Diff: 0, Sum: 0, Workers: 4
[870.017s][debug][gc,phases      ] GC(63)   StringDedup Requests1 Weak     Min:  0.0, Avg:  0.0, Max:  0.0, Diff:  0.0, Sum:  0.0, Workers: 4
[870.017s][debug][gc,phases      ] GC(63)     Dead                           Min: 0, Avg:  0.0, Max: 0, Diff: 0, Sum: 0, Workers: 4
[870.017s][debug][gc,phases      ] GC(63)     Total                          Min: 0, Avg:  0.0, Max: 0, Diff: 0, Sum: 0, Workers: 4
[870.017s][debug][gc,phases      ] GC(63)   Weak JFR Old Object Samples    Min:  0.0, Avg:  0.0, Max:  0.0, Diff:  0.0, Sum:  0.0, Workers: 4
[870.017s][debug][gc,phases      ] GC(63)     Dead                           Min: 0, Avg:  0.0, Max: 0, Diff: 0, Sum: 0, Workers: 4
[870.017s][debug][gc,phases      ] GC(63)     Total                          Min: 0, Avg:  0.0, Max: 0, Diff: 0, Sum: 0, Workers: 4
[870.017s][debug][gc,phases      ] GC(63) Weak Processing 0.368ms
[870.017s][debug][gc,age         ] GC(63) Desired survivor size 88080384 bytes, new threshold 15 (max threshold 15)
[870.017s][info ][gc,heap        ] GC(63) PSYoungGen: 1950199K(2011648K)->7968K(2009088K) Eden: 1923584K(1923584K)->0K(1923584K) From: 26615K(88064K)->7968K(85504K)
[870.017s][info ][gc,heap        ] GC(63) ParOldGen: 482406K(558080K)->500630K(558080K)
[870.017s][info ][gc,metaspace   ] GC(63) Metaspace: 81348K(82432K)->81348K(82432K) NonClass: 69829K(70400K)->69829K(70400K) Class: 11518K(12032K)->11518K(12032K)
[870.017s][info ][gc             ] GC(63) Pause Young (Allocation Failure) 2375M->496M(2507M) 12.415ms
[870.017s][info ][gc,cpu         ] GC(63) User=0.04s Sys=0.01s Real=0.01s
[870.017s][info ][safepoint      ] Safepoint "ParallelGCFailedAllocation", Time since last: 2344897339 ns, Reaching safepoint: 29500 ns, At safepoint: 12492900 ns, Total: 12522400 ns
[871.017s][info ][safepoint      ] Safepoint "Cleanup", Time since last: 1000041916 ns, Reaching safepoint: 50002 ns, At safepoint: 2800 ns, Total: 52802 ns
[873.017s][info ][safepoint      ] Safepoint "Cleanup", Time since last: 2000186834 ns, Reaching safepoint: 39601 ns, At safepoint: 2600 ns, Total: 42201 ns
[876.017s][info ][safepoint      ] Safepoint "Cleanup", Time since last: 3000226751 ns, Reaching safepoint: 33701 ns, At safepoint: 4100 ns, Total: 37801 ns
[877.017s][info ][safepoint      ] Safepoint "Cleanup", Time since last: 1000127215 ns, Reaching safepoint: 68502 ns, At safepoint: 6000 ns, Total: 74502 ns
[879.018s][info ][safepoint      ] Safepoint "Cleanup", Time since last: 2000153422 ns, Reaching safepoint: 36701 ns, At safepoint: 2700 ns, Total: 39401 ns
[881.018s][info ][safepoint      ] Safepoint "Cleanup", Time since last: 2000171624 ns, Reaching safepoint: 45801 ns, At safepoint: 6300 ns, Total: 52101 ns
[884.018s][info ][safepoint      ] Safepoint "Cleanup", Time since last: 3000252134 ns, Reaching safepoint: 69102 ns, At safepoint: 6000 ns, Total: 75102 ns
[886.018s][info ][safepoint      ] Safepoint "Cleanup", Time since last: 2000186609 ns, Reaching safepoint: 57102 ns, At safepoint: 6100 ns, Total: 63202 ns
[890.890s][info ][gc,start       ] GC(64) Pause Young (Allocation Failure)
[890.898s][debug][gc,phases      ] GC(64) Scavenge 8.034ms
[890.898s][debug][gc,ref         ] GC(64) Skipped phase 1 of Reference Processing: no references
[890.898s][debug][gc,ref         ] GC(64) ReferenceProcessor::execute queues: 1, RefProcThreadModel::Single, marks_oops_alive: false
[890.898s][debug][gc,ref         ] GC(64) Skipped phase 3 of Reference Processing: no references
[890.898s][debug][gc,ref         ] GC(64) ReferenceProcessor::execute queues: 1, RefProcThreadModel::Single, marks_oops_alive: false
[890.898s][debug][gc,phases      ] GC(64) Reference Processing 0.114ms
[890.899s][debug][gc,phases      ] GC(64)   VM Weak                        Min:  0.0, Avg:  0.0, Max:  0.0, Diff:  0.0, Sum:  0.0, Workers: 4
[890.899s][debug][gc,phases      ] GC(64)     Dead                           Min: 0, Avg:  0.0, Max: 0, Diff: 0, Sum: 0, Workers: 4
[890.899s][debug][gc,phases      ] GC(64)     Total                          Min: 0, Avg: 224.0, Max: 640, Diff: 640, Sum: 896, Workers: 4
[890.899s][debug][gc,phases      ] GC(64)   ObjectSynchronizer Weak        Min:  0.0, Avg:  0.0, Max:  0.0, Diff:  0.0, Sum:  0.0, Workers: 4
[890.899s][debug][gc,phases      ] GC(64)     Dead                           Min: 0, Avg:  0.0, Max: 0, Diff: 0, Sum: 0, Workers: 4
[890.899s][debug][gc,phases      ] GC(64)     Total                          Min: 0, Avg:  7.5, Max: 30, Diff: 30, Sum: 30, Workers: 4
[890.899s][debug][gc,phases      ] GC(64)   JVMTI Tag Weak OopStorage      Min:  0.0, Avg:  0.0, Max:  0.0, Diff:  0.0, Sum:  0.0, Workers: 4
[890.899s][debug][gc,phases      ] GC(64)     Dead                           Min: 0, Avg:  0.0, Max: 0, Diff: 0, Sum: 0, Workers: 4
[890.899s][debug][gc,phases      ] GC(64)     Total                          Min: 0, Avg:  0.0, Max: 0, Diff: 0, Sum: 0, Workers: 4
[890.899s][debug][gc,phases      ] GC(64)   StringTable Weak               Min:  0.0, Avg:  0.1, Max:  0.2, Diff:  0.2, Sum:  0.4, Workers: 4
[890.899s][debug][gc,phases      ] GC(64)     Dead                           Min: 0, Avg:  0.0, Max: 0, Diff: 0, Sum: 0, Workers: 4
[890.899s][debug][gc,phases      ] GC(64)     Total                          Min: 0, Avg: 10765.2, Max: 23030, Diff: 23030, Sum: 43061, Workers: 4
[890.899s][debug][gc,phases      ] GC(64)   ResolvedMethodTable Weak       Min:  0.0, Avg:  0.0, Max:  0.1, Diff:  0.1, Sum:  0.1, Workers: 4
[890.899s][debug][gc,phases      ] GC(64)     Dead                           Min: 0, Avg:  0.0, Max: 0, Diff: 0, Sum: 0, Workers: 4
[890.899s][debug][gc,phases      ] GC(64)     Total                          Min: 0, Avg: 2318.0, Max: 6207, Diff: 6207, Sum: 9272, Workers: 4
[890.899s][debug][gc,phases      ] GC(64)   JNI Weak                       Min:  0.0, Avg:  0.0, Max:  0.0, Diff:  0.0, Sum:  0.0, Workers: 4
[890.899s][debug][gc,phases      ] GC(64)     Dead                           Min: 0, Avg:  0.0, Max: 0, Diff: 0, Sum: 0, Workers: 4
[890.899s][debug][gc,phases      ] GC(64)     Total                          Min: 0, Avg: 11.2, Max: 45, Diff: 45, Sum: 45, Workers: 4
[890.899s][debug][gc,phases      ] GC(64)   StringDedup Table Weak         Min:  0.0, Avg:  0.0, Max:  0.0, Diff:  0.0, Sum:  0.0, Workers: 4
[890.899s][debug][gc,phases      ] GC(64)     Dead                           Min: 0, Avg:  0.0, Max: 0, Diff: 0, Sum: 0, Workers: 4
[890.899s][debug][gc,phases      ] GC(64)     Total                          Min: 0, Avg:  0.0, Max: 0, Diff: 0, Sum: 0, Workers: 4
[890.899s][debug][gc,phases      ] GC(64)   StringDedup Requests0 Weak     Min:  0.0, Avg:  0.0, Max:  0.0, Diff:  0.0, Sum:  0.0, Workers: 4
[890.899s][debug][gc,phases      ] GC(64)     Dead                           Min: 0, Avg:  0.0, Max: 0, Diff: 0, Sum: 0, Workers: 4
[890.899s][debug][gc,phases      ] GC(64)     Total                          Min: 0, Avg:  0.0, Max: 0, Diff: 0, Sum: 0, Workers: 4
[890.899s][debug][gc,phases      ] GC(64)   StringDedup Requests1 Weak     Min:  0.0, Avg:  0.0, Max:  0.0, Diff:  0.0, Sum:  0.0, Workers: 4
[890.899s][debug][gc,phases      ] GC(64)     Dead                           Min: 0, Avg:  0.0, Max: 0, Diff: 0, Sum: 0, Workers: 4
[890.899s][debug][gc,phases      ] GC(64)     Total                          Min: 0, Avg:  0.0, Max: 0, Diff: 0, Sum: 0, Workers: 4
[890.899s][debug][gc,phases      ] GC(64)   Weak JFR Old Object Samples    Min:  0.0, Avg:  0.0, Max:  0.0, Diff:  0.0, Sum:  0.0, Workers: 4
[890.899s][debug][gc,phases      ] GC(64)     Dead                           Min: 0, Avg:  0.0, Max: 0, Diff: 0, Sum: 0, Workers: 4
[890.899s][debug][gc,phases      ] GC(64)     Total                          Min: 0, Avg:  0.0, Max: 0, Diff: 0, Sum: 0, Workers: 4
[890.899s][debug][gc,phases      ] GC(64) Weak Processing 0.457ms
[890.899s][debug][gc,age         ] GC(64) Desired survivor size 88080384 bytes, new threshold 15 (max threshold 15)
[890.899s][info ][gc,heap        ] GC(64) PSYoungGen: 1931552K(2009088K)->7296K(2011136K) Eden: 1923584K(1923584K)->0K(1925120K) From: 7968K(85504K)->7296K(86016K)
[890.899s][info ][gc,heap        ] GC(64) ParOldGen: 500630K(558080K)->500774K(558080K)
[890.899s][info ][gc,metaspace   ] GC(64) Metaspace: 81354K(82432K)->81354K(82432K) NonClass: 69836K(70400K)->69836K(70400K) Class: 11518K(12032K)->11518K(12032K)
[890.899s][info ][gc             ] GC(64) Pause Young (Allocation Failure) 2375M->496M(2509M) 8.744ms
[890.899s][info ][gc,cpu         ] GC(64) User=0.02s Sys=0.00s Real=0.01s
[890.899s][info ][safepoint      ] Safepoint "ParallelGCFailedAllocation", Time since last: 4871656400 ns, Reaching safepoint: 114902 ns, At safepoint: 8828107 ns, Total: 8943009 ns
[892.899s][info ][safepoint      ] Safepoint "Cleanup", Time since last: 2000185086 ns, Reaching safepoint: 113402 ns, At safepoint: 33501 ns, Total: 146903 ns
[893.900s][info ][safepoint      ] Safepoint "Cleanup", Time since last: 1000113584 ns, Reaching safepoint: 123203 ns, At safepoint: 5100 ns, Total: 128303 ns
[895.900s][info ][safepoint      ] Safepoint "Cleanup", Time since last: 2000160965 ns, Reaching safepoint: 113203 ns, At safepoint: 5400 ns, Total: 118603 ns
[896.900s][info ][safepoint      ] Safepoint "Cleanup", Time since last: 1000132784 ns, Reaching safepoint: 117403 ns, At safepoint: 5300 ns, Total: 122703 ns
[898.900s][info ][safepoint      ] Safepoint "Cleanup", Time since last: 2000197366 ns, Reaching safepoint: 124203 ns, At safepoint: 6200 ns, Total: 130403 ns
[906.901s][info ][safepoint      ] Safepoint "Cleanup", Time since last: 8000646368 ns, Reaching safepoint: 110802 ns, At safepoint: 6501 ns, Total: 117303 ns
[913.500s][info ][gc,start       ] GC(65) Pause Young (Allocation Failure)
[913.506s][debug][gc,phases      ] GC(65) Scavenge 6.416ms
[913.506s][debug][gc,ref         ] GC(65) Skipped phase 1 of Reference Processing: no references
[913.507s][debug][gc,ref         ] GC(65) ReferenceProcessor::execute queues: 1, RefProcThreadModel::Single, marks_oops_alive: false
[913.507s][debug][gc,ref         ] GC(65) Skipped phase 3 of Reference Processing: no references
[913.507s][debug][gc,ref         ] GC(65) ReferenceProcessor::execute queues: 1, RefProcThreadModel::Single, marks_oops_alive: false
[913.507s][debug][gc,phases      ] GC(65) Reference Processing 0.116ms
[913.507s][debug][gc,phases      ] GC(65)   VM Weak                        Min:  0.0, Avg:  0.0, Max:  0.0, Diff:  0.0, Sum:  0.0, Workers: 4
[913.507s][debug][gc,phases      ] GC(65)     Dead                           Min: 0, Avg:  0.0, Max: 0, Diff: 0, Sum: 0, Workers: 4
[913.507s][debug][gc,phases      ] GC(65)     Total                          Min: 0, Avg: 224.0, Max: 448, Diff: 448, Sum: 896, Workers: 4
[913.507s][debug][gc,phases      ] GC(65)   ObjectSynchronizer Weak        Min:  0.0, Avg:  0.0, Max:  0.0, Diff:  0.0, Sum:  0.0, Workers: 4
[913.507s][debug][gc,phases      ] GC(65)     Dead                           Min: 0, Avg:  0.0, Max: 0, Diff: 0, Sum: 0, Workers: 4
[913.507s][debug][gc,phases      ] GC(65)     Total                          Min: 0, Avg:  7.5, Max: 30, Diff: 30, Sum: 30, Workers: 4
[913.507s][debug][gc,phases      ] GC(65)   JVMTI Tag Weak OopStorage      Min:  0.0, Avg:  0.0, Max:  0.0, Diff:  0.0, Sum:  0.0, Workers: 4
[913.507s][debug][gc,phases      ] GC(65)     Dead                           Min: 0, Avg:  0.0, Max: 0, Diff: 0, Sum: 0, Workers: 4
[913.507s][debug][gc,phases      ] GC(65)     Total                          Min: 0, Avg:  0.0, Max: 0, Diff: 0, Sum: 0, Workers: 4
[913.507s][debug][gc,phases      ] GC(65)   StringTable Weak               Min:  0.1, Avg:  0.1, Max:  0.1, Diff:  0.0, Sum:  0.4, Workers: 4
[913.507s][debug][gc,phases      ] GC(65)     Dead                           Min: 0, Avg:  0.0, Max: 0, Diff: 0, Sum: 0, Workers: 4
[913.507s][debug][gc,phases      ] GC(65)     Total                          Min: 8831, Avg: 10765.2, Max: 11904, Diff: 3073, Sum: 43061, Workers: 4
[913.507s][debug][gc,phases      ] GC(65)   ResolvedMethodTable Weak       Min:  0.0, Avg:  0.0, Max:  0.0, Diff:  0.0, Sum:  0.1, Workers: 4
[913.507s][debug][gc,phases      ] GC(65)     Dead                           Min: 0, Avg:  0.0, Max: 0, Diff: 0, Sum: 0, Workers: 4
[913.507s][debug][gc,phases      ] GC(65)     Total                          Min: 2175, Avg: 2318.0, Max: 2624, Diff: 449, Sum: 9272, Workers: 4
[913.507s][debug][gc,phases      ] GC(65)   JNI Weak                       Min:  0.0, Avg:  0.0, Max:  0.0, Diff:  0.0, Sum:  0.0, Workers: 4
[913.507s][debug][gc,phases      ] GC(65)     Dead                           Min: 0, Avg:  0.0, Max: 0, Diff: 0, Sum: 0, Workers: 4
[913.507s][debug][gc,phases      ] GC(65)     Total                          Min: 0, Avg: 11.2, Max: 45, Diff: 45, Sum: 45, Workers: 4
[913.507s][debug][gc,phases      ] GC(65)   StringDedup Table Weak         Min:  0.0, Avg:  0.0, Max:  0.0, Diff:  0.0, Sum:  0.0, Workers: 4
[913.507s][debug][gc,phases      ] GC(65)     Dead                           Min: 0, Avg:  0.0, Max: 0, Diff: 0, Sum: 0, Workers: 4
[913.507s][debug][gc,phases      ] GC(65)     Total                          Min: 0, Avg:  0.0, Max: 0, Diff: 0, Sum: 0, Workers: 4
[913.507s][debug][gc,phases      ] GC(65)   StringDedup Requests0 Weak     Min:  0.0, Avg:  0.0, Max:  0.0, Diff:  0.0, Sum:  0.0, Workers: 4
[913.507s][debug][gc,phases      ] GC(65)     Dead                           Min: 0, Avg:  0.0, Max: 0, Diff: 0, Sum: 0, Workers: 4
[913.507s][debug][gc,phases      ] GC(65)     Total                          Min: 0, Avg:  0.0, Max: 0, Diff: 0, Sum: 0, Workers: 4
[913.507s][debug][gc,phases      ] GC(65)   StringDedup Requests1 Weak     Min:  0.0, Avg:  0.0, Max:  0.0, Diff:  0.0, Sum:  0.0, Workers: 4
[913.507s][debug][gc,phases      ] GC(65)     Dead                           Min: 0, Avg:  0.0, Max: 0, Diff: 0, Sum: 0, Workers: 4
[913.507s][debug][gc,phases      ] GC(65)     Total                          Min: 0, Avg:  0.0, Max: 0, Diff: 0, Sum: 0, Workers: 4
[913.507s][debug][gc,phases      ] GC(65)   Weak JFR Old Object Samples    Min:  0.0, Avg:  0.0, Max:  0.0, Diff:  0.0, Sum:  0.0, Workers: 4
[913.507s][debug][gc,phases      ] GC(65)     Dead                           Min: 0, Avg:  0.0, Max: 0, Diff: 0, Sum: 0, Workers: 4
[913.507s][debug][gc,phases      ] GC(65)     Total                          Min: 0, Avg:  0.0, Max: 0, Diff: 0, Sum: 0, Workers: 4
[913.507s][debug][gc,phases      ] GC(65) Weak Processing 0.327ms
[913.507s][debug][gc,age         ] GC(65) Desired survivor size 87031808 bytes, new threshold 15 (max threshold 15)
[913.507s][info ][gc,heap        ] GC(65) PSYoungGen: 1932416K(2011136K)->7152K(2011136K) Eden: 1925120K(1925120K)->0K(1925120K) From: 7296K(86016K)->7152K(86016K)
[913.507s][info ][gc,heap        ] GC(65) ParOldGen: 500774K(558080K)->500862K(558080K)
[913.507s][info ][gc,metaspace   ] GC(65) Metaspace: 81359K(82432K)->81359K(82432K) NonClass: 69841K(70400K)->69841K(70400K) Class: 11518K(12032K)->11518K(12032K)
[913.507s][info ][gc             ] GC(65) Pause Young (Allocation Failure) 2376M->496M(2509M) 7.011ms
[913.507s][info ][gc,cpu         ] GC(65) User=0.02s Sys=0.00s Real=0.01s
[913.507s][info ][safepoint      ] Safepoint "ParallelGCFailedAllocation", Time since last: 6598630375 ns, Reaching safepoint: 50301 ns, At safepoint: 7085267 ns, Total: 7135568 ns
[919.508s][info ][safepoint      ] Safepoint "Cleanup", Time since last: 6000443626 ns, Reaching safepoint: 119002 ns, At safepoint: 6500 ns, Total: 125502 ns
[920.508s][info ][safepoint      ] Safepoint "Cleanup", Time since last: 1000083896 ns, Reaching safepoint: 152704 ns, At safepoint: 5400 ns, Total: 158104 ns
[922.508s][info ][safepoint      ] Safepoint "Cleanup", Time since last: 2000182966 ns, Reaching safepoint: 44601 ns, At safepoint: 3000 ns, Total: 47601 ns
[923.508s][info ][safepoint      ] Safepoint "Cleanup", Time since last: 1000134684 ns, Reaching safepoint: 119003 ns, At safepoint: 32401 ns, Total: 151404 ns
[924.508s][info ][safepoint      ] Safepoint "Cleanup", Time since last: 1000110883 ns, Reaching safepoint: 53502 ns, At safepoint: 5600 ns, Total: 59102 ns
[927.509s][info ][safepoint      ] Safepoint "Cleanup", Time since last: 3000182491 ns, Reaching safepoint: 44001 ns, At safepoint: 3500 ns, Total: 47501 ns
[929.509s][info ][safepoint      ] Safepoint "Cleanup", Time since last: 2000167580 ns, Reaching safepoint: 49201 ns, At safepoint: 3200 ns, Total: 52401 ns
[932.509s][info ][safepoint      ] Safepoint "Cleanup", Time since last: 3000238369 ns, Reaching safepoint: 46401 ns, At safepoint: 2200 ns, Total: 48601 ns
[934.509s][info ][safepoint      ] Safepoint "Cleanup", Time since last: 2000176381 ns, Reaching safepoint: 51101 ns, At safepoint: 5000 ns, Total: 56101 ns
[936.510s][info ][safepoint      ] Safepoint "Cleanup", Time since last: 2000178995 ns, Reaching safepoint: 44001 ns, At safepoint: 2500 ns, Total: 46501 ns
[936.846s][info ][gc,start       ] GC(66) Pause Young (Allocation Failure)
[936.852s][debug][gc,phases      ] GC(66) Scavenge 6.804ms
[936.852s][debug][gc,ref         ] GC(66) Skipped phase 1 of Reference Processing: no references
[936.853s][debug][gc,ref         ] GC(66) ReferenceProcessor::execute queues: 1, RefProcThreadModel::Single, marks_oops_alive: false
[936.853s][debug][gc,ref         ] GC(66) Skipped phase 3 of Reference Processing: no references
[936.853s][debug][gc,ref         ] GC(66) ReferenceProcessor::execute queues: 1, RefProcThreadModel::Single, marks_oops_alive: false
[936.853s][debug][gc,phases      ] GC(66) Reference Processing 0.125ms
[936.853s][debug][gc,phases      ] GC(66)   VM Weak                        Min:  0.0, Avg:  0.0, Max:  0.0, Diff:  0.0, Sum:  0.0, Workers: 4
[936.853s][debug][gc,phases      ] GC(66)     Dead                           Min: 0, Avg:  0.0, Max: 0, Diff: 0, Sum: 0, Workers: 4
[936.853s][debug][gc,phases      ] GC(66)     Total                          Min: 0, Avg: 224.0, Max: 576, Diff: 576, Sum: 896, Workers: 4
[936.853s][debug][gc,phases      ] GC(66)   ObjectSynchronizer Weak        Min:  0.0, Avg:  0.0, Max:  0.0, Diff:  0.0, Sum:  0.0, Workers: 4
[936.853s][debug][gc,phases      ] GC(66)     Dead                           Min: 0, Avg:  0.2, Max: 1, Diff: 1, Sum: 1, Workers: 4
[936.853s][debug][gc,phases      ] GC(66)     Total                          Min: 0, Avg:  7.8, Max: 31, Diff: 31, Sum: 31, Workers: 4
[936.853s][debug][gc,phases      ] GC(66)   JVMTI Tag Weak OopStorage      Min:  0.0, Avg:  0.0, Max:  0.0, Diff:  0.0, Sum:  0.0, Workers: 4
[936.853s][debug][gc,phases      ] GC(66)     Dead                           Min: 0, Avg:  0.0, Max: 0, Diff: 0, Sum: 0, Workers: 4
[936.853s][debug][gc,phases      ] GC(66)     Total                          Min: 0, Avg:  0.0, Max: 0, Diff: 0, Sum: 0, Workers: 4
[936.853s][debug][gc,phases      ] GC(66)   StringTable Weak               Min:  0.0, Avg:  0.1, Max:  0.1, Diff:  0.1, Sum:  0.4, Workers: 4
[936.853s][debug][gc,phases      ] GC(66)     Dead                           Min: 0, Avg:  0.0, Max: 0, Diff: 0, Sum: 0, Workers: 4
[936.853s][debug][gc,phases      ] GC(66)     Total                          Min: 0, Avg: 10766.8, Max: 15552, Diff: 15552, Sum: 43067, Workers: 4
[936.853s][debug][gc,phases      ] GC(66)   ResolvedMethodTable Weak       Min:  0.0, Avg:  0.0, Max:  0.0, Diff:  0.0, Sum:  0.1, Workers: 4
[936.853s][debug][gc,phases      ] GC(66)     Dead                           Min: 0, Avg:  0.0, Max: 0, Diff: 0, Sum: 0, Workers: 4
[936.853s][debug][gc,phases      ] GC(66)     Total                          Min: 0, Avg: 2318.0, Max: 3449, Diff: 3449, Sum: 9272, Workers: 4
[936.853s][debug][gc,phases      ] GC(66)   JNI Weak                       Min:  0.0, Avg:  0.0, Max:  0.0, Diff:  0.0, Sum:  0.0, Workers: 4
[936.853s][debug][gc,phases      ] GC(66)     Dead                           Min: 0, Avg:  0.0, Max: 0, Diff: 0, Sum: 0, Workers: 4
[936.853s][debug][gc,phases      ] GC(66)     Total                          Min: 0, Avg: 11.2, Max: 45, Diff: 45, Sum: 45, Workers: 4
[936.853s][debug][gc,phases      ] GC(66)   StringDedup Table Weak         Min:  0.0, Avg:  0.0, Max:  0.0, Diff:  0.0, Sum:  0.0, Workers: 4
[936.853s][debug][gc,phases      ] GC(66)     Dead                           Min: 0, Avg:  0.0, Max: 0, Diff: 0, Sum: 0, Workers: 4
[936.853s][debug][gc,phases      ] GC(66)     Total                          Min: 0, Avg:  0.0, Max: 0, Diff: 0, Sum: 0, Workers: 4
[936.853s][debug][gc,phases      ] GC(66)   StringDedup Requests0 Weak     Min:  0.0, Avg:  0.0, Max:  0.0, Diff:  0.0, Sum:  0.0, Workers: 4
[936.853s][debug][gc,phases      ] GC(66)     Dead                           Min: 0, Avg:  0.0, Max: 0, Diff: 0, Sum: 0, Workers: 4
[936.853s][debug][gc,phases      ] GC(66)     Total                          Min: 0, Avg:  0.0, Max: 0, Diff: 0, Sum: 0, Workers: 4
[936.853s][debug][gc,phases      ] GC(66)   StringDedup Requests1 Weak     Min:  0.0, Avg:  0.0, Max:  0.0, Diff:  0.0, Sum:  0.0, Workers: 4
[936.853s][debug][gc,phases      ] GC(66)     Dead                           Min: 0, Avg:  0.0, Max: 0, Diff: 0, Sum: 0, Workers: 4
[936.853s][debug][gc,phases      ] GC(66)     Total                          Min: 0, Avg:  0.0, Max: 0, Diff: 0, Sum: 0, Workers: 4
[936.853s][debug][gc,phases      ] GC(66)   Weak JFR Old Object Samples    Min:  0.0, Avg:  0.0, Max:  0.0, Diff:  0.0, Sum:  0.0, Workers: 4
[936.853s][debug][gc,phases      ] GC(66)     Dead                           Min: 0, Avg:  0.0, Max: 0, Diff: 0, Sum: 0, Workers: 4
[936.853s][debug][gc,phases      ] GC(66)     Total                          Min: 0, Avg:  0.0, Max: 0, Diff: 0, Sum: 0, Workers: 4
[936.853s][debug][gc,phases      ] GC(66) Weak Processing 0.366ms
[936.853s][debug][gc,age         ] GC(66) Desired survivor size 85458944 bytes, new threshold 15 (max threshold 15)
[936.853s][info ][gc,heap        ] GC(66) PSYoungGen: 1932272K(2011136K)->6960K(2013696K) Eden: 1925120K(1925120K)->0K(1928704K) From: 7152K(86016K)->6960K(84992K)
[936.853s][info ][gc,heap        ] GC(66) ParOldGen: 500862K(558080K)->501034K(558080K)
[936.853s][info ][gc,metaspace   ] GC(66) Metaspace: 81375K(82432K)->81375K(82432K) NonClass: 69856K(70400K)->69856K(70400K) Class: 11518K(12032K)->11518K(12032K)
[936.853s][info ][gc             ] GC(66) Pause Young (Allocation Failure) 2376M->496M(2511M) 7.442ms
[936.853s][info ][gc,cpu         ] GC(66) User=0.02s Sys=0.00s Real=0.01s
[936.853s][info ][safepoint      ] Safepoint "ParallelGCFailedAllocation", Time since last: 335802373 ns, Reaching safepoint: 38001 ns, At safepoint: 7514776 ns, Total: 7552777 ns
[946.854s][info ][safepoint      ] Safepoint "Cleanup", Time since last: 10000708732 ns, Reaching safepoint: 120303 ns, At safepoint: 5100 ns, Total: 125403 ns
[950.854s][info ][safepoint      ] Safepoint "Cleanup", Time since last: 4000313363 ns, Reaching safepoint: 113302 ns, At safepoint: 8100 ns, Total: 121402 ns
[951.855s][info ][safepoint      ] Safepoint "Cleanup", Time since last: 1000121888 ns, Reaching safepoint: 103402 ns, At safepoint: 6500 ns, Total: 109902 ns
[959.791s][info ][gc,start       ] GC(67) Pause Young (Allocation Failure)
[959.799s][debug][gc,phases      ] GC(67) Scavenge 7.730ms
[959.799s][debug][gc,ref         ] GC(67) Skipped phase 1 of Reference Processing: no references
[959.799s][debug][gc,ref         ] GC(67) ReferenceProcessor::execute queues: 1, RefProcThreadModel::Single, marks_oops_alive: false
[959.799s][debug][gc,ref         ] GC(67) Skipped phase 3 of Reference Processing: no references
[959.799s][debug][gc,ref         ] GC(67) ReferenceProcessor::execute queues: 1, RefProcThreadModel::Single, marks_oops_alive: false
[959.799s][debug][gc,phases      ] GC(67) Reference Processing 0.110ms
[959.799s][debug][gc,phases      ] GC(67)   VM Weak                        Min:  0.0, Avg:  0.0, Max:  0.0, Diff:  0.0, Sum:  0.0, Workers: 4
[959.800s][debug][gc,phases      ] GC(67)     Dead                           Min: 0, Avg:  0.0, Max: 0, Diff: 0, Sum: 0, Workers: 4
[959.800s][debug][gc,phases      ] GC(67)     Total                          Min: 64, Avg: 224.0, Max: 320, Diff: 256, Sum: 896, Workers: 4
[959.800s][debug][gc,phases      ] GC(67)   ObjectSynchronizer Weak        Min:  0.0, Avg:  0.0, Max:  0.0, Diff:  0.0, Sum:  0.0, Workers: 4
[959.800s][debug][gc,phases      ] GC(67)     Dead                           Min: 0, Avg:  0.0, Max: 0, Diff: 0, Sum: 0, Workers: 4
[959.800s][debug][gc,phases      ] GC(67)     Total                          Min: 0, Avg:  7.8, Max: 31, Diff: 31, Sum: 31, Workers: 4
[959.800s][debug][gc,phases      ] GC(67)   JVMTI Tag Weak OopStorage      Min:  0.0, Avg:  0.0, Max:  0.0, Diff:  0.0, Sum:  0.0, Workers: 4
[959.800s][debug][gc,phases      ] GC(67)     Dead                           Min: 0, Avg:  0.0, Max: 0, Diff: 0, Sum: 0, Workers: 4
[959.800s][debug][gc,phases      ] GC(67)     Total                          Min: 0, Avg:  0.0, Max: 0, Diff: 0, Sum: 0, Workers: 4
[959.800s][debug][gc,phases      ] GC(67)   StringTable Weak               Min:  0.1, Avg:  0.1, Max:  0.1, Diff:  0.0, Sum:  0.4, Workers: 4
[959.800s][debug][gc,phases      ] GC(67)     Dead                           Min: 0, Avg:  0.0, Max: 0, Diff: 0, Sum: 0, Workers: 4
[959.800s][debug][gc,phases      ] GC(67)     Total                          Min: 10240, Avg: 10767.5, Max: 11327, Diff: 1087, Sum: 43070, Workers: 4
[959.800s][debug][gc,phases      ] GC(67)   ResolvedMethodTable Weak       Min:  0.0, Avg:  0.0, Max:  0.0, Diff:  0.0, Sum:  0.1, Workers: 4
[959.800s][debug][gc,phases      ] GC(67)     Dead                           Min: 0, Avg:  0.0, Max: 0, Diff: 0, Sum: 0, Workers: 4
[959.800s][debug][gc,phases      ] GC(67)     Total                          Min: 2048, Avg: 2318.0, Max: 2681, Diff: 633, Sum: 9272, Workers: 4
[959.800s][debug][gc,phases      ] GC(67)   JNI Weak                       Min:  0.0, Avg:  0.0, Max:  0.0, Diff:  0.0, Sum:  0.0, Workers: 4
[959.800s][debug][gc,phases      ] GC(67)     Dead                           Min: 0, Avg:  0.0, Max: 0, Diff: 0, Sum: 0, Workers: 4
[959.800s][debug][gc,phases      ] GC(67)     Total                          Min: 0, Avg: 11.2, Max: 45, Diff: 45, Sum: 45, Workers: 4
[959.800s][debug][gc,phases      ] GC(67)   StringDedup Table Weak         Min:  0.0, Avg:  0.0, Max:  0.0, Diff:  0.0, Sum:  0.0, Workers: 4
[959.800s][debug][gc,phases      ] GC(67)     Dead                           Min: 0, Avg:  0.0, Max: 0, Diff: 0, Sum: 0, Workers: 4
[959.800s][debug][gc,phases      ] GC(67)     Total                          Min: 0, Avg:  0.0, Max: 0, Diff: 0, Sum: 0, Workers: 4
[959.800s][debug][gc,phases      ] GC(67)   StringDedup Requests0 Weak     Min:  0.0, Avg:  0.0, Max:  0.0, Diff:  0.0, Sum:  0.0, Workers: 4
[959.800s][debug][gc,phases      ] GC(67)     Dead                           Min: 0, Avg:  0.0, Max: 0, Diff: 0, Sum: 0, Workers: 4
[959.800s][debug][gc,phases      ] GC(67)     Total                          Min: 0, Avg:  0.0, Max: 0, Diff: 0, Sum: 0, Workers: 4
[959.800s][debug][gc,phases      ] GC(67)   StringDedup Requests1 Weak     Min:  0.0, Avg:  0.0, Max:  0.0, Diff:  0.0, Sum:  0.0, Workers: 4
[959.800s][debug][gc,phases      ] GC(67)     Dead                           Min: 0, Avg:  0.0, Max: 0, Diff: 0, Sum: 0, Workers: 4
[959.800s][debug][gc,phases      ] GC(67)     Total                          Min: 0, Avg:  0.0, Max: 0, Diff: 0, Sum: 0, Workers: 4
[959.800s][debug][gc,phases      ] GC(67)   Weak JFR Old Object Samples    Min:  0.0, Avg:  0.0, Max:  0.0, Diff:  0.0, Sum:  0.0, Workers: 4
[959.800s][debug][gc,phases      ] GC(67)     Dead                           Min: 0, Avg:  0.0, Max: 0, Diff: 0, Sum: 0, Workers: 4
[959.800s][debug][gc,phases      ] GC(67)     Total                          Min: 0, Avg:  0.0, Max: 0, Diff: 0, Sum: 0, Workers: 4
[959.800s][debug][gc,phases      ] GC(67) Weak Processing 0.317ms
[959.800s][debug][gc,age         ] GC(67) Desired survivor size 83361792 bytes, new threshold 15 (max threshold 15)
[959.800s][info ][gc,heap        ] GC(67) PSYoungGen: 1935664K(2013696K)->7232K(2012160K) Eden: 1928704K(1928704K)->0K(1928704K) From: 6960K(84992K)->7232K(83456K)
[959.800s][info ][gc,heap        ] GC(67) ParOldGen: 501034K(558080K)->501110K(558080K)
[959.800s][info ][gc,metaspace   ] GC(67) Metaspace: 81389K(82496K)->81389K(82496K) NonClass: 69869K(70464K)->69869K(70464K) Class: 11520K(12032K)->11520K(12032K)
[959.800s][info ][gc             ] GC(67) Pause Young (Allocation Failure) 2379M->496M(2510M) 8.293ms
[959.800s][info ][gc,cpu         ] GC(67) User=0.02s Sys=0.00s Real=0.01s
[959.800s][info ][safepoint      ] Safepoint "ParallelGCFailedAllocation", Time since last: 7936703876 ns, Reaching safepoint: 109102 ns, At safepoint: 8388697 ns, Total: 8497799 ns
[960.800s][info ][safepoint      ] Safepoint "Cleanup", Time since last: 1000098159 ns, Reaching safepoint: 122603 ns, At safepoint: 12001 ns, Total: 134604 ns
[961.800s][info ][safepoint      ] Safepoint "Cleanup", Time since last: 1000113259 ns, Reaching safepoint: 117903 ns, At safepoint: 12000 ns, Total: 129903 ns
[964.801s][info ][safepoint      ] Safepoint "Cleanup", Time since last: 3000219114 ns, Reaching safepoint: 119303 ns, At safepoint: 8600 ns, Total: 127903 ns
[965.801s][info ][safepoint      ] Safepoint "Cleanup", Time since last: 1000124054 ns, Reaching safepoint: 136503 ns, At safepoint: 6800 ns, Total: 143303 ns
[969.801s][info ][safepoint      ] Safepoint "Cleanup", Time since last: 4000354113 ns, Reaching safepoint: 124302 ns, At safepoint: 6401 ns, Total: 130703 ns
[970.802s][info ][safepoint      ] Safepoint "Cleanup", Time since last: 1000159354 ns, Reaching safepoint: 61102 ns, At safepoint: 2900 ns, Total: 64002 ns
[975.802s][info ][safepoint      ] Safepoint "Cleanup", Time since last: 5000321675 ns, Reaching safepoint: 112003 ns, At safepoint: 10800 ns, Total: 122803 ns
[977.802s][info ][safepoint      ] Safepoint "Cleanup", Time since last: 2000169026 ns, Reaching safepoint: 41501 ns, At safepoint: 2901 ns, Total: 44402 ns
[981.803s][info ][safepoint      ] Safepoint "Cleanup", Time since last: 4000313671 ns, Reaching safepoint: 44601 ns, At safepoint: 2500 ns, Total: 47101 ns
[984.803s][info ][safepoint      ] Safepoint "Cleanup", Time since last: 3000248269 ns, Reaching safepoint: 69001 ns, At safepoint: 5000 ns, Total: 74001 ns
[985.803s][info ][safepoint      ] Safepoint "Cleanup", Time since last: 1000106424 ns, Reaching safepoint: 52201 ns, At safepoint: 5500 ns, Total: 57701 ns
[987.340s][info ][gc,start       ] GC(68) Pause Young (Allocation Failure)
[987.349s][debug][gc,phases      ] GC(68) Scavenge 8.851ms
[987.349s][debug][gc,ref         ] GC(68) Skipped phase 1 of Reference Processing: no references
[987.349s][debug][gc,ref         ] GC(68) ReferenceProcessor::execute queues: 1, RefProcThreadModel::Single, marks_oops_alive: false
[987.349s][debug][gc,ref         ] GC(68) Skipped phase 3 of Reference Processing: no references
[987.349s][debug][gc,ref         ] GC(68) ReferenceProcessor::execute queues: 1, RefProcThreadModel::Single, marks_oops_alive: false
[987.349s][debug][gc,phases      ] GC(68) Reference Processing 0.112ms
[987.349s][debug][gc,phases      ] GC(68)   VM Weak                        Min:  0.0, Avg:  0.0, Max:  0.0, Diff:  0.0, Sum:  0.0, Workers: 4
[987.349s][debug][gc,phases      ] GC(68)     Dead                           Min: 0, Avg:  0.0, Max: 0, Diff: 0, Sum: 0, Workers: 4
[987.349s][debug][gc,phases      ] GC(68)     Total                          Min: 0, Avg: 224.0, Max: 384, Diff: 384, Sum: 896, Workers: 4
[987.349s][debug][gc,phases      ] GC(68)   ObjectSynchronizer Weak        Min:  0.0, Avg:  0.0, Max:  0.0, Diff:  0.0, Sum:  0.0, Workers: 4
[987.349s][debug][gc,phases      ] GC(68)     Dead                           Min: 0, Avg:  0.0, Max: 0, Diff: 0, Sum: 0, Workers: 4
[987.349s][debug][gc,phases      ] GC(68)     Total                          Min: 0, Avg:  7.8, Max: 31, Diff: 31, Sum: 31, Workers: 4
[987.349s][debug][gc,phases      ] GC(68)   JVMTI Tag Weak OopStorage      Min:  0.0, Avg:  0.0, Max:  0.0, Diff:  0.0, Sum:  0.0, Workers: 4
[987.349s][debug][gc,phases      ] GC(68)     Dead                           Min: 0, Avg:  0.0, Max: 0, Diff: 0, Sum: 0, Workers: 4
[987.349s][debug][gc,phases      ] GC(68)     Total                          Min: 0, Avg:  0.0, Max: 0, Diff: 0, Sum: 0, Workers: 4
[987.349s][debug][gc,phases      ] GC(68)   StringTable Weak               Min:  0.0, Avg:  0.1, Max:  0.1, Diff:  0.1, Sum:  0.4, Workers: 4
[987.349s][debug][gc,phases      ] GC(68)     Dead                           Min: 0, Avg:  0.0, Max: 0, Diff: 0, Sum: 0, Workers: 4
[987.349s][debug][gc,phases      ] GC(68)     Total                          Min: 0, Avg: 10767.5, Max: 15615, Diff: 15615, Sum: 43070, Workers: 4
[987.349s][debug][gc,phases      ] GC(68)   ResolvedMethodTable Weak       Min:  0.0, Avg:  0.0, Max:  0.0, Diff:  0.0, Sum:  0.1, Workers: 4
[987.349s][debug][gc,phases      ] GC(68)     Dead                           Min: 0, Avg:  0.0, Max: 0, Diff: 0, Sum: 0, Workers: 4
[987.349s][debug][gc,phases      ] GC(68)     Total                          Min: 0, Avg: 2318.0, Max: 3577, Diff: 3577, Sum: 9272, Workers: 4
[987.349s][debug][gc,phases      ] GC(68)   JNI Weak                       Min:  0.0, Avg:  0.0, Max:  0.0, Diff:  0.0, Sum:  0.0, Workers: 4
[987.349s][debug][gc,phases      ] GC(68)     Dead                           Min: 0, Avg:  0.0, Max: 0, Diff: 0, Sum: 0, Workers: 4
[987.349s][debug][gc,phases      ] GC(68)     Total                          Min: 0, Avg: 11.2, Max: 45, Diff: 45, Sum: 45, Workers: 4
[987.350s][debug][gc,phases      ] GC(68)   StringDedup Table Weak         Min:  0.0, Avg:  0.0, Max:  0.0, Diff:  0.0, Sum:  0.0, Workers: 4
[987.350s][debug][gc,phases      ] GC(68)     Dead                           Min: 0, Avg:  0.0, Max: 0, Diff: 0, Sum: 0, Workers: 4
[987.350s][debug][gc,phases      ] GC(68)     Total                          Min: 0, Avg:  0.0, Max: 0, Diff: 0, Sum: 0, Workers: 4
[987.350s][debug][gc,phases      ] GC(68)   StringDedup Requests0 Weak     Min:  0.0, Avg:  0.0, Max:  0.0, Diff:  0.0, Sum:  0.0, Workers: 4
[987.350s][debug][gc,phases      ] GC(68)     Dead                           Min: 0, Avg:  0.0, Max: 0, Diff: 0, Sum: 0, Workers: 4
[987.350s][debug][gc,phases      ] GC(68)     Total                          Min: 0, Avg:  0.0, Max: 0, Diff: 0, Sum: 0, Workers: 4
[987.350s][debug][gc,phases      ] GC(68)   StringDedup Requests1 Weak     Min:  0.0, Avg:  0.0, Max:  0.0, Diff:  0.0, Sum:  0.0, Workers: 4
[987.350s][debug][gc,phases      ] GC(68)     Dead                           Min: 0, Avg:  0.0, Max: 0, Diff: 0, Sum: 0, Workers: 4
[987.350s][debug][gc,phases      ] GC(68)     Total                          Min: 0, Avg:  0.0, Max: 0, Diff: 0, Sum: 0, Workers: 4
[987.350s][debug][gc,phases      ] GC(68)   Weak JFR Old Object Samples    Min:  0.0, Avg:  0.0, Max:  0.0, Diff:  0.0, Sum:  0.0, Workers: 4
[987.350s][debug][gc,phases      ] GC(68)     Dead                           Min: 0, Avg:  0.0, Max: 0, Diff: 0, Sum: 0, Workers: 4
[987.350s][debug][gc,phases      ] GC(68)     Total                          Min: 0, Avg:  0.0, Max: 0, Diff: 0, Sum: 0, Workers: 4
[987.350s][debug][gc,phases      ] GC(68) Weak Processing 0.534ms
[987.350s][debug][gc,age         ] GC(68) Desired survivor size 81264640 bytes, new threshold 15 (max threshold 15)
[987.350s][info ][gc,heap        ] GC(68) PSYoungGen: 1935936K(2012160K)->6096K(2017792K) Eden: 1928704K(1928704K)->0K(1936384K) From: 7232K(83456K)->6096K(81408K)
[987.350s][info ][gc,heap        ] GC(68) ParOldGen: 501110K(558080K)->501250K(558080K)
[987.350s][info ][gc,metaspace   ] GC(68) Metaspace: 81394K(82496K)->81394K(82496K) NonClass: 69874K(70464K)->69874K(70464K) Class: 11520K(12032K)->11520K(12032K)
[987.350s][info ][gc             ] GC(68) Pause Young (Allocation Failure) 2379M->495M(2515M) 9.637ms
[987.350s][info ][gc,cpu         ] GC(68) User=0.03s Sys=0.00s Real=0.01s
[987.350s][info ][safepoint      ] Safepoint "ParallelGCFailedAllocation", Time since last: 1536832003 ns, Reaching safepoint: 116103 ns, At safepoint: 9717217 ns, Total: 9833320 ns
[991.350s][info ][safepoint      ] Safepoint "Cleanup", Time since last: 4000295562 ns, Reaching safepoint: 116403 ns, At safepoint: 5400 ns, Total: 121803 ns
[993.186s][info ][safepoint      ] Safepoint "Cleanup", Time since last: 1835360892 ns, Reaching safepoint: 131503 ns, At safepoint: 4800 ns, Total: 136303 ns
[996.186s][info ][safepoint      ] Safepoint "Cleanup", Time since last: 3000283552 ns, Reaching safepoint: 72502 ns, At safepoint: 4300 ns, Total: 76802 ns
[997.186s][info ][safepoint      ] Safepoint "Cleanup", Time since last: 1000225265 ns, Reaching safepoint: 207505 ns, At safepoint: 9400 ns, Total: 216905 ns
[1006.187s][info ][safepoint      ] Safepoint "Cleanup", Time since last: 9000720042 ns, Reaching safepoint: 124703 ns, At safepoint: 7800 ns, Total: 132503 ns
[1012.188s][info ][safepoint      ] Safepoint "Cleanup", Time since last: 6000548925 ns, Reaching safepoint: 114102 ns, At safepoint: 5800 ns, Total: 119902 ns
[1019.189s][info ][safepoint      ] Safepoint "Cleanup", Time since last: 7000600552 ns, Reaching safepoint: 135903 ns, At safepoint: 6500 ns, Total: 142403 ns
[1020.189s][info ][safepoint      ] Safepoint "Cleanup", Time since last: 1000146645 ns, Reaching safepoint: 52001 ns, At safepoint: 9600 ns, Total: 61601 ns
[1021.792s][info ][gc,start       ] GC(69) Pause Young (Allocation Failure)
[1021.797s][debug][gc,phases      ] GC(69) Scavenge 4.867ms
[1021.797s][debug][gc,ref         ] GC(69) Skipped phase 1 of Reference Processing: no references
[1021.798s][debug][gc,ref         ] GC(69) ReferenceProcessor::execute queues: 1, RefProcThreadModel::Single, marks_oops_alive: false
[1021.798s][debug][gc,ref         ] GC(69) Skipped phase 3 of Reference Processing: no references
[1021.798s][debug][gc,ref         ] GC(69) ReferenceProcessor::execute queues: 1, RefProcThreadModel::Single, marks_oops_alive: false
[1021.798s][debug][gc,phases      ] GC(69) Reference Processing 0.114ms
[1021.798s][debug][gc,phases      ] GC(69)   VM Weak                        Min:  0.0, Avg:  0.0, Max:  0.0, Diff:  0.0, Sum:  0.0, Workers: 4
[1021.798s][debug][gc,phases      ] GC(69)     Dead                           Min: 0, Avg:  0.0, Max: 0, Diff: 0, Sum: 0, Workers: 4
[1021.798s][debug][gc,phases      ] GC(69)     Total                          Min: 0, Avg: 225.0, Max: 900, Diff: 900, Sum: 900, Workers: 4
[1021.798s][debug][gc,phases      ] GC(69)   ObjectSynchronizer Weak        Min:  0.0, Avg:  0.0, Max:  0.0, Diff:  0.0, Sum:  0.0, Workers: 4
[1021.798s][debug][gc,phases      ] GC(69)     Dead                           Min: 0, Avg:  0.0, Max: 0, Diff: 0, Sum: 0, Workers: 4
[1021.798s][debug][gc,phases      ] GC(69)     Total                          Min: 0, Avg:  7.8, Max: 31, Diff: 31, Sum: 31, Workers: 4
[1021.798s][debug][gc,phases      ] GC(69)   JVMTI Tag Weak OopStorage      Min:  0.0, Avg:  0.0, Max:  0.0, Diff:  0.0, Sum:  0.0, Workers: 4
[1021.798s][debug][gc,phases      ] GC(69)     Dead                           Min: 0, Avg:  0.0, Max: 0, Diff: 0, Sum: 0, Workers: 4
[1021.798s][debug][gc,phases      ] GC(69)     Total                          Min: 0, Avg:  0.0, Max: 0, Diff: 0, Sum: 0, Workers: 4
[1021.798s][debug][gc,phases      ] GC(69)   StringTable Weak               Min:  0.0, Avg:  0.1, Max:  0.1, Diff:  0.1, Sum:  0.4, Workers: 4
[1021.798s][debug][gc,phases      ] GC(69)     Dead                           Min: 0, Avg:  0.0, Max: 0, Diff: 0, Sum: 0, Workers: 4
[1021.798s][debug][gc,phases      ] GC(69)     Total                          Min: 17, Avg: 10772.2, Max: 16128, Diff: 16111, Sum: 43089, Workers: 4
[1021.798s][debug][gc,phases      ] GC(69)   ResolvedMethodTable Weak       Min:  0.0, Avg:  0.0, Max:  0.0, Diff:  0.0, Sum:  0.1, Workers: 4
[1021.798s][debug][gc,phases      ] GC(69)     Dead                           Min: 0, Avg:  0.0, Max: 0, Diff: 0, Sum: 0, Workers: 4
[1021.798s][debug][gc,phases      ] GC(69)     Total                          Min: 2053, Avg: 2321.2, Max: 2752, Diff: 699, Sum: 9285, Workers: 4
[1021.798s][debug][gc,phases      ] GC(69)   JNI Weak                       Min:  0.0, Avg:  0.0, Max:  0.0, Diff:  0.0, Sum:  0.0, Workers: 4
[1021.798s][debug][gc,phases      ] GC(69)     Dead                           Min: 0, Avg:  0.0, Max: 0, Diff: 0, Sum: 0, Workers: 4
[1021.798s][debug][gc,phases      ] GC(69)     Total                          Min: 0, Avg: 11.2, Max: 45, Diff: 45, Sum: 45, Workers: 4
[1021.798s][debug][gc,phases      ] GC(69)   StringDedup Table Weak         Min:  0.0, Avg:  0.0, Max:  0.0, Diff:  0.0, Sum:  0.0, Workers: 4
[1021.798s][debug][gc,phases      ] GC(69)     Dead                           Min: 0, Avg:  0.0, Max: 0, Diff: 0, Sum: 0, Workers: 4
[1021.798s][debug][gc,phases      ] GC(69)     Total                          Min: 0, Avg:  0.0, Max: 0, Diff: 0, Sum: 0, Workers: 4
[1021.798s][debug][gc,phases      ] GC(69)   StringDedup Requests0 Weak     Min:  0.0, Avg:  0.0, Max:  0.0, Diff:  0.0, Sum:  0.0, Workers: 4
[1021.798s][debug][gc,phases      ] GC(69)     Dead                           Min: 0, Avg:  0.0, Max: 0, Diff: 0, Sum: 0, Workers: 4
[1021.798s][debug][gc,phases      ] GC(69)     Total                          Min: 0, Avg:  0.0, Max: 0, Diff: 0, Sum: 0, Workers: 4
[1021.798s][debug][gc,phases      ] GC(69)   StringDedup Requests1 Weak     Min:  0.0, Avg:  0.0, Max:  0.0, Diff:  0.0, Sum:  0.0, Workers: 4
[1021.798s][debug][gc,phases      ] GC(69)     Dead                           Min: 0, Avg:  0.0, Max: 0, Diff: 0, Sum: 0, Workers: 4
[1021.798s][debug][gc,phases      ] GC(69)     Total                          Min: 0, Avg:  0.0, Max: 0, Diff: 0, Sum: 0, Workers: 4
[1021.798s][debug][gc,phases      ] GC(69)   Weak JFR Old Object Samples    Min:  0.0, Avg:  0.0, Max:  0.0, Diff:  0.0, Sum:  0.0, Workers: 4
[1021.798s][debug][gc,phases      ] GC(69)     Dead                           Min: 0, Avg:  0.0, Max: 0, Diff: 0, Sum: 0, Workers: 4
[1021.798s][debug][gc,phases      ] GC(69)     Total                          Min: 0, Avg:  0.0, Max: 0, Diff: 0, Sum: 0, Workers: 4
[1021.798s][debug][gc,phases      ] GC(69) Weak Processing 0.363ms
[1021.798s][debug][gc,age         ] GC(69) Desired survivor size 78643200 bytes, new threshold 15 (max threshold 15)
[1021.798s][info ][gc,heap        ] GC(69) PSYoungGen: 1942480K(2017792K)->6176K(2015744K) Eden: 1936384K(1936384K)->0K(1936384K) From: 6096K(81408K)->6176K(79360K)
[1021.798s][info ][gc,heap        ] GC(69) ParOldGen: 501250K(558080K)->501346K(558080K)
[1021.798s][info ][gc,metaspace   ] GC(69) Metaspace: 81424K(82496K)->81424K(82496K) NonClass: 69900K(70464K)->69900K(70464K) Class: 11524K(12032K)->11524K(12032K)
[1021.798s][info ][gc             ] GC(69) Pause Young (Allocation Failure) 2386M->495M(2513M) 5.491ms
[1021.798s][info ][gc,cpu         ] GC(69) User=0.02s Sys=0.00s Real=0.00s
[1021.798s][info ][safepoint      ] Safepoint "ParallelGCFailedAllocation", Time since last: 1603480314 ns, Reaching safepoint: 37101 ns, At safepoint: 5562314 ns, Total: 5599415 ns
[1024.798s][info ][safepoint      ] Safepoint "Cleanup", Time since last: 3000230521 ns, Reaching safepoint: 47201 ns, At safepoint: 3800 ns, Total: 51001 ns
[1027.799s][info ][safepoint      ] Safepoint "Cleanup", Time since last: 3000209310 ns, Reaching safepoint: 122903 ns, At safepoint: 7200 ns, Total: 130103 ns
[1028.799s][info ][safepoint      ] Safepoint "Cleanup", Time since last: 1000115667 ns, Reaching safepoint: 47701 ns, At safepoint: 3200 ns, Total: 50901 ns
[1029.799s][info ][safepoint      ] Safepoint "Cleanup", Time since last: 1000105641 ns, Reaching safepoint: 41601 ns, At safepoint: 2500 ns, Total: 44101 ns
[1030.799s][info ][safepoint      ] Safepoint "Cleanup", Time since last: 1000110841 ns, Reaching safepoint: 50501 ns, At safepoint: 3400 ns, Total: 53901 ns
[1035.800s][info ][safepoint      ] Safepoint "Cleanup", Time since last: 5000378902 ns, Reaching safepoint: 49401 ns, At safepoint: 3400 ns, Total: 52801 ns
[1036.800s][info ][safepoint      ] Safepoint "Cleanup", Time since last: 1000122741 ns, Reaching safepoint: 46301 ns, At safepoint: 37801 ns, Total: 84102 ns
[1038.703s][info ][safepoint      ] Safepoint "Cleanup", Time since last: 1903668536 ns, Reaching safepoint: 80302 ns, At safepoint: 6500 ns, Total: 86802 ns
[1040.704s][info ][safepoint      ] Safepoint "Cleanup", Time since last: 2000183369 ns, Reaching safepoint: 51401 ns, At safepoint: 3200 ns, Total: 54601 ns
[1043.704s][info ][safepoint      ] Safepoint "Cleanup", Time since last: 3000223102 ns, Reaching safepoint: 63401 ns, At safepoint: 4500 ns, Total: 67901 ns
[1044.704s][info ][safepoint      ] Safepoint "Cleanup", Time since last: 1000111839 ns, Reaching safepoint: 39801 ns, At safepoint: 3700 ns, Total: 43501 ns
[1045.704s][info ][safepoint      ] Safepoint "Cleanup", Time since last: 1000124325 ns, Reaching safepoint: 49901 ns, At safepoint: 5300 ns, Total: 55201 ns
[1047.705s][info ][safepoint      ] Safepoint "Cleanup", Time since last: 2000190849 ns, Reaching safepoint: 46401 ns, At safepoint: 4400 ns, Total: 50801 ns
[1049.705s][info ][safepoint      ] Safepoint "Cleanup", Time since last: 2000152894 ns, Reaching safepoint: 50901 ns, At safepoint: 2900 ns, Total: 53801 ns
[1051.705s][info ][safepoint      ] Safepoint "Cleanup", Time since last: 2000181379 ns, Reaching safepoint: 44601 ns, At safepoint: 28401 ns, Total: 73002 ns
[1053.705s][info ][safepoint      ] Safepoint "Cleanup", Time since last: 2000176606 ns, Reaching safepoint: 49701 ns, At safepoint: 7400 ns, Total: 57101 ns
[1058.706s][info ][safepoint      ] Safepoint "Cleanup", Time since last: 5000364040 ns, Reaching safepoint: 52002 ns, At safepoint: 2500 ns, Total: 54502 ns
[1063.706s][info ][safepoint      ] Safepoint "Cleanup", Time since last: 5000457256 ns, Reaching safepoint: 43500 ns, At safepoint: 3101 ns, Total: 46601 ns
[1064.142s][info ][gc,start       ] GC(70) Pause Young (Allocation Failure)
[1064.150s][debug][gc,phases      ] GC(70) Scavenge 8.488ms
[1064.150s][debug][gc,ref         ] GC(70) Skipped phase 1 of Reference Processing: no references
[1064.150s][debug][gc,ref         ] GC(70) ReferenceProcessor::execute queues: 1, RefProcThreadModel::Single, marks_oops_alive: false
[1064.150s][debug][gc,ref         ] GC(70) Skipped phase 3 of Reference Processing: no references
[1064.150s][debug][gc,ref         ] GC(70) ReferenceProcessor::execute queues: 1, RefProcThreadModel::Single, marks_oops_alive: false
[1064.150s][debug][gc,phases      ] GC(70) Reference Processing 0.131ms
[1064.150s][debug][gc,phases      ] GC(70)   VM Weak                        Min:  0.0, Avg:  0.0, Max:  0.0, Diff:  0.0, Sum:  0.0, Workers: 4
[1064.150s][debug][gc,phases      ] GC(70)     Dead                           Min: 0, Avg:  0.0, Max: 0, Diff: 0, Sum: 0, Workers: 4
[1064.150s][debug][gc,phases      ] GC(70)     Total                          Min: 68, Avg: 225.0, Max: 384, Diff: 316, Sum: 900, Workers: 4
[1064.150s][debug][gc,phases      ] GC(70)   ObjectSynchronizer Weak        Min:  0.0, Avg:  0.0, Max:  0.0, Diff:  0.0, Sum:  0.0, Workers: 4
[1064.150s][debug][gc,phases      ] GC(70)     Dead                           Min: 0, Avg:  0.0, Max: 0, Diff: 0, Sum: 0, Workers: 4
[1064.150s][debug][gc,phases      ] GC(70)     Total                          Min: 0, Avg:  7.8, Max: 31, Diff: 31, Sum: 31, Workers: 4
[1064.151s][debug][gc,phases      ] GC(70)   JVMTI Tag Weak OopStorage      Min:  0.0, Avg:  0.0, Max:  0.0, Diff:  0.0, Sum:  0.0, Workers: 4
[1064.151s][debug][gc,phases      ] GC(70)     Dead                           Min: 0, Avg:  0.0, Max: 0, Diff: 0, Sum: 0, Workers: 4
[1064.151s][debug][gc,phases      ] GC(70)     Total                          Min: 0, Avg:  0.0, Max: 0, Diff: 0, Sum: 0, Workers: 4
[1064.151s][debug][gc,phases      ] GC(70)   StringTable Weak               Min:  0.1, Avg:  0.1, Max:  0.1, Diff:  0.0, Sum:  0.4, Workers: 4
[1064.151s][debug][gc,phases      ] GC(70)     Dead                           Min: 0, Avg:  0.2, Max: 1, Diff: 1, Sum: 1, Workers: 4
[1064.151s][debug][gc,phases      ] GC(70)     Total                          Min: 9855, Avg: 10774.2, Max: 12096, Diff: 2241, Sum: 43097, Workers: 4
[1064.151s][debug][gc,phases      ] GC(70)   ResolvedMethodTable Weak       Min:  0.0, Avg:  0.0, Max:  0.0, Diff:  0.0, Sum:  0.1, Workers: 4
[1064.151s][debug][gc,phases      ] GC(70)     Dead                           Min: 0, Avg:  0.0, Max: 0, Diff: 0, Sum: 0, Workers: 4
[1064.151s][debug][gc,phases      ] GC(70)     Total                          Min: 2112, Avg: 2324.5, Max: 2450, Diff: 338, Sum: 9298, Workers: 4
[1064.151s][debug][gc,phases      ] GC(70)   JNI Weak                       Min:  0.0, Avg:  0.0, Max:  0.0, Diff:  0.0, Sum:  0.0, Workers: 4
[1064.151s][debug][gc,phases      ] GC(70)     Dead                           Min: 0, Avg:  0.0, Max: 0, Diff: 0, Sum: 0, Workers: 4
[1064.151s][debug][gc,phases      ] GC(70)     Total                          Min: 0, Avg: 11.2, Max: 45, Diff: 45, Sum: 45, Workers: 4
[1064.151s][debug][gc,phases      ] GC(70)   StringDedup Table Weak         Min:  0.0, Avg:  0.0, Max:  0.0, Diff:  0.0, Sum:  0.0, Workers: 4
[1064.151s][debug][gc,phases      ] GC(70)     Dead                           Min: 0, Avg:  0.0, Max: 0, Diff: 0, Sum: 0, Workers: 4
[1064.151s][debug][gc,phases      ] GC(70)     Total                          Min: 0, Avg:  0.0, Max: 0, Diff: 0, Sum: 0, Workers: 4
[1064.151s][debug][gc,phases      ] GC(70)   StringDedup Requests0 Weak     Min:  0.0, Avg:  0.0, Max:  0.0, Diff:  0.0, Sum:  0.0, Workers: 4
[1064.151s][debug][gc,phases      ] GC(70)     Dead                           Min: 0, Avg:  0.0, Max: 0, Diff: 0, Sum: 0, Workers: 4
[1064.151s][debug][gc,phases      ] GC(70)     Total                          Min: 0, Avg:  0.0, Max: 0, Diff: 0, Sum: 0, Workers: 4
[1064.151s][debug][gc,phases      ] GC(70)   StringDedup Requests1 Weak     Min:  0.0, Avg:  0.0, Max:  0.0, Diff:  0.0, Sum:  0.0, Workers: 4
[1064.151s][debug][gc,phases      ] GC(70)     Dead                           Min: 0, Avg:  0.0, Max: 0, Diff: 0, Sum: 0, Workers: 4
[1064.151s][debug][gc,phases      ] GC(70)     Total                          Min: 0, Avg:  0.0, Max: 0, Diff: 0, Sum: 0, Workers: 4
[1064.151s][debug][gc,phases      ] GC(70)   Weak JFR Old Object Samples    Min:  0.0, Avg:  0.0, Max:  0.0, Diff:  0.0, Sum:  0.0, Workers: 4
[1064.151s][debug][gc,phases      ] GC(70)     Dead                           Min: 0, Avg:  0.0, Max: 0, Diff: 0, Sum: 0, Workers: 4
[1064.151s][debug][gc,phases      ] GC(70)     Total                          Min: 0, Avg:  0.0, Max: 0, Diff: 0, Sum: 0, Workers: 4
[1064.151s][debug][gc,phases      ] GC(70) Weak Processing 0.344ms
[1064.151s][debug][gc,age         ] GC(70) Desired survivor size 76021760 bytes, new threshold 15 (max threshold 15)
[1064.151s][info ][gc,heap        ] GC(70) PSYoungGen: 1942560K(2015744K)->6368K(2022912K) Eden: 1936384K(1936384K)->0K(1946112K) From: 6176K(79360K)->6368K(76800K)
[1064.151s][info ][gc,heap        ] GC(70) ParOldGen: 501346K(558080K)->501506K(558080K)
[1064.151s][info ][gc,metaspace   ] GC(70) Metaspace: 81466K(82560K)->81466K(82560K) NonClass: 69936K(70528K)->69936K(70528K) Class: 11529K(12032K)->11529K(12032K)
[1064.151s][info ][gc             ] GC(70) Pause Young (Allocation Failure) 2386M->495M(2520M) 9.096ms
[1064.151s][info ][gc,cpu         ] GC(70) User=0.02s Sys=0.00s Real=0.01s
[1064.151s][info ][safepoint      ] Safepoint "ParallelGCFailedAllocation", Time since last: 435285949 ns, Reaching safepoint: 56702 ns, At safepoint: 9165094 ns, Total: 9221796 ns
[1065.151s][info ][safepoint      ] Safepoint "Cleanup", Time since last: 1000037351 ns, Reaching safepoint: 33001 ns, At safepoint: 2600 ns, Total: 35601 ns
[1066.151s][info ][safepoint      ] Safepoint "Cleanup", Time since last: 1000110152 ns, Reaching safepoint: 52601 ns, At safepoint: 4100 ns, Total: 56701 ns
[1069.151s][info ][safepoint      ] Safepoint "Cleanup", Time since last: 3000215129 ns, Reaching safepoint: 43501 ns, At safepoint: 2800 ns, Total: 46301 ns
[1071.151s][info ][safepoint      ] Safepoint "Cleanup", Time since last: 2000192710 ns, Reaching safepoint: 56701 ns, At safepoint: 7900 ns, Total: 64601 ns
[1082.152s][info ][safepoint      ] Safepoint "Cleanup", Time since last: 11000782126 ns, Reaching safepoint: 46701 ns, At safepoint: 24000 ns, Total: 70701 ns
[1084.153s][info ][safepoint      ] Safepoint "Cleanup", Time since last: 2000172349 ns, Reaching safepoint: 47501 ns, At safepoint: 2600 ns, Total: 50101 ns
[1086.153s][info ][safepoint      ] Safepoint "Cleanup", Time since last: 2000183561 ns, Reaching safepoint: 37701 ns, At safepoint: 7800 ns, Total: 45501 ns
[1091.153s][info ][safepoint      ] Safepoint "Cleanup", Time since last: 5000379826 ns, Reaching safepoint: 44101 ns, At safepoint: 20601 ns, Total: 64702 ns
[1099.154s][info ][safepoint      ] Safepoint "Cleanup", Time since last: 8000503619 ns, Reaching safepoint: 47501 ns, At safepoint: 3500 ns, Total: 51001 ns
[1100.154s][info ][safepoint      ] Safepoint "Cleanup", Time since last: 1000123858 ns, Reaching safepoint: 52902 ns, At safepoint: 2800 ns, Total: 55702 ns
[1104.297s][info ][gc,start       ] GC(71) Pause Young (Allocation Failure)
[1104.303s][debug][gc,phases      ] GC(71) Scavenge 6.142ms
[1104.303s][debug][gc,ref         ] GC(71) Skipped phase 1 of Reference Processing: no references
[1104.303s][debug][gc,ref         ] GC(71) ReferenceProcessor::execute queues: 1, RefProcThreadModel::Single, marks_oops_alive: false
[1104.303s][debug][gc,ref         ] GC(71) Skipped phase 3 of Reference Processing: no references
[1104.303s][debug][gc,ref         ] GC(71) ReferenceProcessor::execute queues: 1, RefProcThreadModel::Single, marks_oops_alive: false
[1104.303s][debug][gc,phases      ] GC(71) Reference Processing 0.134ms
[1104.304s][debug][gc,phases      ] GC(71)   VM Weak                        Min:  0.0, Avg:  0.0, Max:  0.0, Diff:  0.0, Sum:  0.0, Workers: 4
[1104.304s][debug][gc,phases      ] GC(71)     Dead                           Min: 0, Avg:  0.0, Max: 0, Diff: 0, Sum: 0, Workers: 4
[1104.304s][debug][gc,phases      ] GC(71)     Total                          Min: 0, Avg: 225.0, Max: 448, Diff: 448, Sum: 900, Workers: 4
[1104.304s][debug][gc,phases      ] GC(71)   ObjectSynchronizer Weak        Min:  0.0, Avg:  0.0, Max:  0.0, Diff:  0.0, Sum:  0.0, Workers: 4
[1104.304s][debug][gc,phases      ] GC(71)     Dead                           Min: 0, Avg:  0.0, Max: 0, Diff: 0, Sum: 0, Workers: 4
[1104.304s][debug][gc,phases      ] GC(71)     Total                          Min: 0, Avg:  7.8, Max: 31, Diff: 31, Sum: 31, Workers: 4
[1104.304s][debug][gc,phases      ] GC(71)   JVMTI Tag Weak OopStorage      Min:  0.0, Avg:  0.0, Max:  0.0, Diff:  0.0, Sum:  0.0, Workers: 4
[1104.304s][debug][gc,phases      ] GC(71)     Dead                           Min: 0, Avg:  0.0, Max: 0, Diff: 0, Sum: 0, Workers: 4
[1104.304s][debug][gc,phases      ] GC(71)     Total                          Min: 0, Avg:  0.0, Max: 0, Diff: 0, Sum: 0, Workers: 4
[1104.304s][debug][gc,phases      ] GC(71)   StringTable Weak               Min:  0.1, Avg:  0.1, Max:  0.1, Diff:  0.0, Sum:  0.4, Workers: 4
[1104.304s][debug][gc,phases      ] GC(71)     Dead                           Min: 0, Avg:  0.2, Max: 1, Diff: 1, Sum: 1, Workers: 4
[1104.304s][debug][gc,phases      ] GC(71)     Total                          Min: 9181, Avg: 10775.0, Max: 12864, Diff: 3683, Sum: 43100, Workers: 4
[1104.304s][debug][gc,phases      ] GC(71)   ResolvedMethodTable Weak       Min:  0.0, Avg:  0.0, Max:  0.0, Diff:  0.0, Sum:  0.1, Workers: 4
[1104.304s][debug][gc,phases      ] GC(71)     Dead                           Min: 0, Avg:  0.0, Max: 0, Diff: 0, Sum: 0, Workers: 4
[1104.304s][debug][gc,phases      ] GC(71)     Total                          Min: 2048, Avg: 2325.8, Max: 2711, Diff: 663, Sum: 9303, Workers: 4
[1104.304s][debug][gc,phases      ] GC(71)   JNI Weak                       Min:  0.0, Avg:  0.0, Max:  0.0, Diff:  0.0, Sum:  0.0, Workers: 4
[1104.304s][debug][gc,phases      ] GC(71)     Dead                           Min: 0, Avg:  0.0, Max: 0, Diff: 0, Sum: 0, Workers: 4
[1104.304s][debug][gc,phases      ] GC(71)     Total                          Min: 0, Avg: 11.2, Max: 45, Diff: 45, Sum: 45, Workers: 4
[1104.304s][debug][gc,phases      ] GC(71)   StringDedup Table Weak         Min:  0.0, Avg:  0.0, Max:  0.0, Diff:  0.0, Sum:  0.0, Workers: 4
[1104.304s][debug][gc,phases      ] GC(71)     Dead                           Min: 0, Avg:  0.0, Max: 0, Diff: 0, Sum: 0, Workers: 4
[1104.304s][debug][gc,phases      ] GC(71)     Total                          Min: 0, Avg:  0.0, Max: 0, Diff: 0, Sum: 0, Workers: 4
[1104.304s][debug][gc,phases      ] GC(71)   StringDedup Requests0 Weak     Min:  0.0, Avg:  0.0, Max:  0.0, Diff:  0.0, Sum:  0.0, Workers: 4
[1104.304s][debug][gc,phases      ] GC(71)     Dead                           Min: 0, Avg:  0.0, Max: 0, Diff: 0, Sum: 0, Workers: 4
[1104.304s][debug][gc,phases      ] GC(71)     Total                          Min: 0, Avg:  0.0, Max: 0, Diff: 0, Sum: 0, Workers: 4
[1104.304s][debug][gc,phases      ] GC(71)   StringDedup Requests1 Weak     Min:  0.0, Avg:  0.0, Max:  0.0, Diff:  0.0, Sum:  0.0, Workers: 4
[1104.304s][debug][gc,phases      ] GC(71)     Dead                           Min: 0, Avg:  0.0, Max: 0, Diff: 0, Sum: 0, Workers: 4
[1104.304s][debug][gc,phases      ] GC(71)     Total                          Min: 0, Avg:  0.0, Max: 0, Diff: 0, Sum: 0, Workers: 4
[1104.304s][debug][gc,phases      ] GC(71)   Weak JFR Old Object Samples    Min:  0.0, Avg:  0.0, Max:  0.0, Diff:  0.0, Sum:  0.0, Workers: 4
[1104.304s][debug][gc,phases      ] GC(71)     Dead                           Min: 0, Avg:  0.0, Max: 0, Diff: 0, Sum: 0, Workers: 4
[1104.304s][debug][gc,phases      ] GC(71)     Total                          Min: 0, Avg:  0.0, Max: 0, Diff: 0, Sum: 0, Workers: 4
[1104.304s][debug][gc,phases      ] GC(71) Weak Processing 0.325ms
[1104.304s][debug][gc,age         ] GC(71) Desired survivor size 72876032 bytes, new threshold 15 (max threshold 15)
[1104.304s][info ][gc,heap        ] GC(71) PSYoungGen: 1952480K(2022912K)->5536K(2020352K) Eden: 1946112K(1946112K)->0K(1946112K) From: 6368K(76800K)->5536K(74240K)
[1104.304s][info ][gc,heap        ] GC(71) ParOldGen: 501506K(558080K)->501578K(558080K)
[1104.304s][info ][gc,metaspace   ] GC(71) Metaspace: 81495K(82560K)->81495K(82560K) NonClass: 69964K(70528K)->69964K(70528K) Class: 11531K(12032K)->11531K(12032K)
[1104.304s][info ][gc             ] GC(71) Pause Young (Allocation Failure) 2396M->495M(2518M) 6.778ms
[1104.304s][info ][gc,cpu         ] GC(71) User=0.01s Sys=0.01s Real=0.01s
[1104.304s][info ][safepoint      ] Safepoint "ParallelGCFailedAllocation", Time since last: 4142948551 ns, Reaching safepoint: 41301 ns, At safepoint: 6849245 ns, Total: 6890546 ns
[1117.305s][info ][safepoint      ] Safepoint "Cleanup", Time since last: 13000821189 ns, Reaching safepoint: 44601 ns, At safepoint: 3600 ns, Total: 48201 ns
[1119.305s][info ][safepoint      ] Safepoint "Cleanup", Time since last: 2000184778 ns, Reaching safepoint: 80402 ns, At safepoint: 6400 ns, Total: 86802 ns
[1129.306s][info ][safepoint      ] Safepoint "Cleanup", Time since last: 10000896277 ns, Reaching safepoint: 41901 ns, At safepoint: 2600 ns, Total: 44501 ns
[1133.306s][info ][safepoint      ] Safepoint "Cleanup", Time since last: 4000320958 ns, Reaching safepoint: 34901 ns, At safepoint: 2900 ns, Total: 37801 ns
[1143.189s][info ][gc,start       ] GC(72) Pause Young (Allocation Failure)
[1143.197s][debug][gc,phases      ] GC(72) Scavenge 7.485ms
[1143.197s][debug][gc,ref         ] GC(72) Skipped phase 1 of Reference Processing: no references
[1143.197s][debug][gc,ref         ] GC(72) ReferenceProcessor::execute queues: 1, RefProcThreadModel::Single, marks_oops_alive: false
[1143.197s][debug][gc,ref         ] GC(72) Skipped phase 3 of Reference Processing: no references
[1143.197s][debug][gc,ref         ] GC(72) ReferenceProcessor::execute queues: 1, RefProcThreadModel::Single, marks_oops_alive: false
[1143.197s][debug][gc,phases      ] GC(72) Reference Processing 0.120ms
[1143.197s][debug][gc,phases      ] GC(72)   VM Weak                        Min:  0.0, Avg:  0.0, Max:  0.0, Diff:  0.0, Sum:  0.0, Workers: 4
[1143.197s][debug][gc,phases      ] GC(72)     Dead                           Min: 0, Avg:  0.0, Max: 0, Diff: 0, Sum: 0, Workers: 4
[1143.197s][debug][gc,phases      ] GC(72)     Total                          Min: 0, Avg: 225.0, Max: 832, Diff: 832, Sum: 900, Workers: 4
[1143.197s][debug][gc,phases      ] GC(72)   ObjectSynchronizer Weak        Min:  0.0, Avg:  0.0, Max:  0.0, Diff:  0.0, Sum:  0.0, Workers: 4
[1143.197s][debug][gc,phases      ] GC(72)     Dead                           Min: 0, Avg:  0.0, Max: 0, Diff: 0, Sum: 0, Workers: 4
[1143.197s][debug][gc,phases      ] GC(72)     Total                          Min: 0, Avg:  7.8, Max: 31, Diff: 31, Sum: 31, Workers: 4
[1143.197s][debug][gc,phases      ] GC(72)   JVMTI Tag Weak OopStorage      Min:  0.0, Avg:  0.0, Max:  0.0, Diff:  0.0, Sum:  0.0, Workers: 4
[1143.197s][debug][gc,phases      ] GC(72)     Dead                           Min: 0, Avg:  0.0, Max: 0, Diff: 0, Sum: 0, Workers: 4
[1143.197s][debug][gc,phases      ] GC(72)     Total                          Min: 0, Avg:  0.0, Max: 0, Diff: 0, Sum: 0, Workers: 4
[1143.197s][debug][gc,phases      ] GC(72)   StringTable Weak               Min:  0.0, Avg:  0.1, Max:  0.1, Diff:  0.1, Sum:  0.4, Workers: 4
[1143.197s][debug][gc,phases      ] GC(72)     Dead                           Min: 0, Avg:  0.0, Max: 0, Diff: 0, Sum: 0, Workers: 4
[1143.197s][debug][gc,phases      ] GC(72)     Total                          Min: 0, Avg: 10775.0, Max: 15231, Diff: 15231, Sum: 43100, Workers: 4
[1143.197s][debug][gc,phases      ] GC(72)   ResolvedMethodTable Weak       Min:  0.0, Avg:  0.0, Max:  0.0, Diff:  0.0, Sum:  0.1, Workers: 4
[1143.197s][debug][gc,phases      ] GC(72)     Dead                           Min: 0, Avg:  0.0, Max: 0, Diff: 0, Sum: 0, Workers: 4
[1143.197s][debug][gc,phases      ] GC(72)     Total                          Min: 0, Avg: 2325.8, Max: 3584, Diff: 3584, Sum: 9303, Workers: 4
[1143.197s][debug][gc,phases      ] GC(72)   JNI Weak                       Min:  0.0, Avg:  0.0, Max:  0.0, Diff:  0.0, Sum:  0.0, Workers: 4
[1143.197s][debug][gc,phases      ] GC(72)     Dead                           Min: 0, Avg:  0.0, Max: 0, Diff: 0, Sum: 0, Workers: 4
[1143.197s][debug][gc,phases      ] GC(72)     Total                          Min: 0, Avg: 11.2, Max: 45, Diff: 45, Sum: 45, Workers: 4
[1143.197s][debug][gc,phases      ] GC(72)   StringDedup Table Weak         Min:  0.0, Avg:  0.0, Max:  0.0, Diff:  0.0, Sum:  0.0, Workers: 4
[1143.197s][debug][gc,phases      ] GC(72)     Dead                           Min: 0, Avg:  0.0, Max: 0, Diff: 0, Sum: 0, Workers: 4
[1143.197s][debug][gc,phases      ] GC(72)     Total                          Min: 0, Avg:  0.0, Max: 0, Diff: 0, Sum: 0, Workers: 4
[1143.197s][debug][gc,phases      ] GC(72)   StringDedup Requests0 Weak     Min:  0.0, Avg:  0.0, Max:  0.0, Diff:  0.0, Sum:  0.0, Workers: 4
[1143.197s][debug][gc,phases      ] GC(72)     Dead                           Min: 0, Avg:  0.0, Max: 0, Diff: 0, Sum: 0, Workers: 4
[1143.197s][debug][gc,phases      ] GC(72)     Total                          Min: 0, Avg:  0.0, Max: 0, Diff: 0, Sum: 0, Workers: 4
[1143.197s][debug][gc,phases      ] GC(72)   StringDedup Requests1 Weak     Min:  0.0, Avg:  0.0, Max:  0.0, Diff:  0.0, Sum:  0.0, Workers: 4
[1143.197s][debug][gc,phases      ] GC(72)     Dead                           Min: 0, Avg:  0.0, Max: 0, Diff: 0, Sum: 0, Workers: 4
[1143.197s][debug][gc,phases      ] GC(72)     Total                          Min: 0, Avg:  0.0, Max: 0, Diff: 0, Sum: 0, Workers: 4
[1143.197s][debug][gc,phases      ] GC(72)   Weak JFR Old Object Samples    Min:  0.0, Avg:  0.0, Max:  0.0, Diff:  0.0, Sum:  0.0, Workers: 4
[1143.197s][debug][gc,phases      ] GC(72)     Dead                           Min: 0, Avg:  0.0, Max: 0, Diff: 0, Sum: 0, Workers: 4
[1143.197s][debug][gc,phases      ] GC(72)     Total                          Min: 0, Avg:  0.0, Max: 0, Diff: 0, Sum: 0, Workers: 4
[1143.197s][debug][gc,phases      ] GC(72) Weak Processing 0.383ms
[1143.197s][debug][gc,age         ] GC(72) Desired survivor size 69730304 bytes, new threshold 15 (max threshold 15)
[1143.197s][info ][gc,heap        ] GC(72) PSYoungGen: 1951648K(2020352K)->5712K(2029056K) Eden: 1946112K(1946112K)->0K(1957888K) From: 5536K(74240K)->5712K(71168K)
[1143.197s][info ][gc,heap        ] GC(72) ParOldGen: 501578K(558080K)->501702K(558080K)
[1143.197s][info ][gc,metaspace   ] GC(72) Metaspace: 81526K(82560K)->81526K(82560K) NonClass: 69995K(70528K)->69995K(70528K) Class: 11531K(12032K)->11531K(12032K)
[1143.197s][info ][gc             ] GC(72) Pause Young (Allocation Failure) 2395M->495M(2526M) 8.133ms
[1143.197s][info ][gc,cpu         ] GC(72) User=0.02s Sys=0.00s Real=0.01s
[1143.197s][info ][safepoint      ] Safepoint "ParallelGCFailedAllocation", Time since last: 9882908953 ns, Reaching safepoint: 119203 ns, At safepoint: 8217082 ns, Total: 8336285 ns
[1146.198s][info ][safepoint      ] Safepoint "Cleanup", Time since last: 3000231834 ns, Reaching safepoint: 63301 ns, At safepoint: 3800 ns, Total: 67101 ns
[1148.198s][info ][safepoint      ] Safepoint "Cleanup", Time since last: 2000178790 ns, Reaching safepoint: 50901 ns, At safepoint: 3600 ns, Total: 54501 ns
[1149.198s][info ][safepoint      ] Safepoint "Cleanup", Time since last: 1000110776 ns, Reaching safepoint: 41601 ns, At safepoint: 3700 ns, Total: 45301 ns
[1150.198s][info ][safepoint      ] Safepoint "Cleanup", Time since last: 1000122581 ns, Reaching safepoint: 50601 ns, At safepoint: 2800 ns, Total: 53401 ns
[1151.198s][info ][safepoint      ] Safepoint "Cleanup", Time since last: 1000111981 ns, Reaching safepoint: 43301 ns, At safepoint: 2300 ns, Total: 45601 ns
[1155.199s][info ][safepoint      ] Safepoint "Cleanup", Time since last: 4000340021 ns, Reaching safepoint: 40900 ns, At safepoint: 2401 ns, Total: 43301 ns
[1160.199s][info ][safepoint      ] Safepoint "Cleanup", Time since last: 5000377444 ns, Reaching safepoint: 47401 ns, At safepoint: 6100 ns, Total: 53501 ns
[1162.200s][info ][safepoint      ] Safepoint "Cleanup", Time since last: 2000178529 ns, Reaching safepoint: 119002 ns, At safepoint: 6400 ns, Total: 125402 ns
[1164.200s][info ][safepoint      ] Safepoint "Cleanup", Time since last: 2000150928 ns, Reaching safepoint: 106202 ns, At safepoint: 3001 ns, Total: 109203 ns
[1167.200s][info ][safepoint      ] Safepoint "Cleanup", Time since last: 3000248819 ns, Reaching safepoint: 50201 ns, At safepoint: 2400 ns, Total: 52601 ns
[1172.201s][info ][safepoint      ] Safepoint "Cleanup", Time since last: 5000332492 ns, Reaching safepoint: 40201 ns, At safepoint: 2400 ns, Total: 42601 ns
[1177.541s][info ][gc,start       ] GC(73) Pause Young (Allocation Failure)
[1177.548s][debug][gc,phases      ] GC(73) Scavenge 7.427ms
[1177.548s][debug][gc,ref         ] GC(73) Skipped phase 1 of Reference Processing: no references
[1177.548s][debug][gc,ref         ] GC(73) ReferenceProcessor::execute queues: 1, RefProcThreadModel::Single, marks_oops_alive: false
[1177.548s][debug][gc,ref         ] GC(73) Skipped phase 3 of Reference Processing: no references
[1177.548s][debug][gc,ref         ] GC(73) ReferenceProcessor::execute queues: 1, RefProcThreadModel::Single, marks_oops_alive: false
[1177.548s][debug][gc,phases      ] GC(73) Reference Processing 0.108ms
[1177.549s][debug][gc,phases      ] GC(73)   VM Weak                        Min:  0.0, Avg:  0.0, Max:  0.0, Diff:  0.0, Sum:  0.0, Workers: 4
[1177.549s][debug][gc,phases      ] GC(73)     Dead                           Min: 0, Avg:  0.0, Max: 0, Diff: 0, Sum: 0, Workers: 4
[1177.549s][debug][gc,phases      ] GC(73)     Total                          Min: 0, Avg: 225.0, Max: 580, Diff: 580, Sum: 900, Workers: 4
[1177.549s][debug][gc,phases      ] GC(73)   ObjectSynchronizer Weak        Min:  0.0, Avg:  0.0, Max:  0.0, Diff:  0.0, Sum:  0.0, Workers: 4
[1177.549s][debug][gc,phases      ] GC(73)     Dead                           Min: 0, Avg:  0.0, Max: 0, Diff: 0, Sum: 0, Workers: 4
[1177.549s][debug][gc,phases      ] GC(73)     Total                          Min: 0, Avg:  7.8, Max: 31, Diff: 31, Sum: 31, Workers: 4
[1177.549s][debug][gc,phases      ] GC(73)   JVMTI Tag Weak OopStorage      Min:  0.0, Avg:  0.0, Max:  0.0, Diff:  0.0, Sum:  0.0, Workers: 4
[1177.549s][debug][gc,phases      ] GC(73)     Dead                           Min: 0, Avg:  0.0, Max: 0, Diff: 0, Sum: 0, Workers: 4
[1177.549s][debug][gc,phases      ] GC(73)     Total                          Min: 0, Avg:  0.0, Max: 0, Diff: 0, Sum: 0, Workers: 4
[1177.549s][debug][gc,phases      ] GC(73)   StringTable Weak               Min:  0.0, Avg:  0.1, Max:  0.1, Diff:  0.1, Sum:  0.4, Workers: 4
[1177.549s][debug][gc,phases      ] GC(73)     Dead                           Min: 0, Avg:  0.0, Max: 0, Diff: 0, Sum: 0, Workers: 4
[1177.549s][debug][gc,phases      ] GC(73)     Total                          Min: 0, Avg: 10775.2, Max: 15360, Diff: 15360, Sum: 43101, Workers: 4
[1177.549s][debug][gc,phases      ] GC(73)   ResolvedMethodTable Weak       Min:  0.0, Avg:  0.0, Max:  0.0, Diff:  0.0, Sum:  0.1, Workers: 4
[1177.549s][debug][gc,phases      ] GC(73)     Dead                           Min: 0, Avg:  0.0, Max: 0, Diff: 0, Sum: 0, Workers: 4
[1177.549s][debug][gc,phases      ] GC(73)     Total                          Min: 0, Avg: 2325.8, Max: 3159, Diff: 3159, Sum: 9303, Workers: 4
[1177.549s][debug][gc,phases      ] GC(73)   JNI Weak                       Min:  0.0, Avg:  0.0, Max:  0.0, Diff:  0.0, Sum:  0.0, Workers: 4
[1177.549s][debug][gc,phases      ] GC(73)     Dead                           Min: 0, Avg:  0.0, Max: 0, Diff: 0, Sum: 0, Workers: 4
[1177.549s][debug][gc,phases      ] GC(73)     Total                          Min: 0, Avg: 11.2, Max: 45, Diff: 45, Sum: 45, Workers: 4
[1177.549s][debug][gc,phases      ] GC(73)   StringDedup Table Weak         Min:  0.0, Avg:  0.0, Max:  0.0, Diff:  0.0, Sum:  0.0, Workers: 4
[1177.549s][debug][gc,phases      ] GC(73)     Dead                           Min: 0, Avg:  0.0, Max: 0, Diff: 0, Sum: 0, Workers: 4
[1177.549s][debug][gc,phases      ] GC(73)     Total                          Min: 0, Avg:  0.0, Max: 0, Diff: 0, Sum: 0, Workers: 4
[1177.549s][debug][gc,phases      ] GC(73)   StringDedup Requests0 Weak     Min:  0.0, Avg:  0.0, Max:  0.0, Diff:  0.0, Sum:  0.0, Workers: 4
[1177.549s][debug][gc,phases      ] GC(73)     Dead                           Min: 0, Avg:  0.0, Max: 0, Diff: 0, Sum: 0, Workers: 4
[1177.549s][debug][gc,phases      ] GC(73)     Total                          Min: 0, Avg:  0.0, Max: 0, Diff: 0, Sum: 0, Workers: 4
[1177.549s][debug][gc,phases      ] GC(73)   StringDedup Requests1 Weak     Min:  0.0, Avg:  0.0, Max:  0.0, Diff:  0.0, Sum:  0.0, Workers: 4
[1177.549s][debug][gc,phases      ] GC(73)     Dead                           Min: 0, Avg:  0.0, Max: 0, Diff: 0, Sum: 0, Workers: 4
[1177.549s][debug][gc,phases      ] GC(73)     Total                          Min: 0, Avg:  0.0, Max: 0, Diff: 0, Sum: 0, Workers: 4
[1177.549s][debug][gc,phases      ] GC(73)   Weak JFR Old Object Samples    Min:  0.0, Avg:  0.0, Max:  0.0, Diff:  0.0, Sum:  0.0, Workers: 4
[1177.549s][debug][gc,phases      ] GC(73)     Dead                           Min: 0, Avg:  0.0, Max: 0, Diff: 0, Sum: 0, Workers: 4
[1177.549s][debug][gc,phases      ] GC(73)     Total                          Min: 0, Avg:  0.0, Max: 0, Diff: 0, Sum: 0, Workers: 4
[1177.549s][debug][gc,phases      ] GC(73) Weak Processing 0.354ms
[1177.549s][debug][gc,age         ] GC(73) Desired survivor size 66584576 bytes, new threshold 15 (max threshold 15)
[1177.549s][info ][gc,heap        ] GC(73) PSYoungGen: 1963600K(2029056K)->6032K(2025984K) Eden: 1957888K(1957888K)->0K(1957888K) From: 5712K(71168K)->6032K(68096K)
[1177.549s][info ][gc,heap        ] GC(73) ParOldGen: 501702K(558080K)->501790K(558080K)
[1177.549s][info ][gc,metaspace   ] GC(73) Metaspace: 81553K(82624K)->81553K(82624K) NonClass: 70022K(70592K)->70022K(70592K) Class: 11531K(12032K)->11531K(12032K)
[1177.549s][info ][gc             ] GC(73) Pause Young (Allocation Failure) 2407M->495M(2523M) 8.033ms
[1177.549s][info ][gc,cpu         ] GC(73) User=0.02s Sys=0.00s Real=0.01s
[1177.549s][info ][safepoint      ] Safepoint "ParallelGCFailedAllocation", Time since last: 5340175584 ns, Reaching safepoint: 53201 ns, At safepoint: 8108483 ns, Total: 8161684 ns
[1186.550s][info ][safepoint      ] Safepoint "Cleanup", Time since last: 9000571526 ns, Reaching safepoint: 53402 ns, At safepoint: 3200 ns, Total: 56602 ns
[1187.550s][info ][safepoint      ] Safepoint "Cleanup", Time since last: 1000095203 ns, Reaching safepoint: 43701 ns, At safepoint: 12300 ns, Total: 56001 ns
[1188.550s][info ][safepoint      ] Safepoint "Cleanup", Time since last: 1000120204 ns, Reaching safepoint: 42101 ns, At safepoint: 3500 ns, Total: 45601 ns
[1191.550s][info ][safepoint      ] Safepoint "Cleanup", Time since last: 3000239641 ns, Reaching safepoint: 48601 ns, At safepoint: 2401 ns, Total: 51002 ns
[1192.550s][info ][safepoint      ] Safepoint "Cleanup", Time since last: 1000077443 ns, Reaching safepoint: 53401 ns, At safepoint: 2400 ns, Total: 55801 ns
[1193.550s][info ][safepoint      ] Safepoint "Cleanup", Time since last: 1000108745 ns, Reaching safepoint: 73901 ns, At safepoint: 7301 ns, Total: 81202 ns
[1197.551s][info ][safepoint      ] Safepoint "Cleanup", Time since last: 4000325063 ns, Reaching safepoint: 49101 ns, At safepoint: 3100 ns, Total: 52201 ns
[1200.551s][info ][safepoint      ] Safepoint "Cleanup", Time since last: 3000259486 ns, Reaching safepoint: 65701 ns, At safepoint: 5701 ns, Total: 71402 ns
[1208.552s][info ][safepoint      ] Safepoint "Cleanup", Time since last: 8000615440 ns, Reaching safepoint: 49601 ns, At safepoint: 2600 ns, Total: 52201 ns
[1210.552s][info ][safepoint      ] Safepoint "Cleanup", Time since last: 2000210421 ns, Reaching safepoint: 50801 ns, At safepoint: 15501 ns, Total: 66302 ns
[1213.291s][info ][gc,start       ] GC(74) Pause Young (Allocation Failure)
[1213.300s][debug][gc,phases      ] GC(74) Scavenge 9.463ms
[1213.300s][debug][gc,ref         ] GC(74) Skipped phase 1 of Reference Processing: no references
[1213.300s][debug][gc,ref         ] GC(74) ReferenceProcessor::execute queues: 1, RefProcThreadModel::Single, marks_oops_alive: false
[1213.300s][debug][gc,ref         ] GC(74) Skipped phase 3 of Reference Processing: no references
[1213.300s][debug][gc,ref         ] GC(74) ReferenceProcessor::execute queues: 1, RefProcThreadModel::Single, marks_oops_alive: false
[1213.300s][debug][gc,phases      ] GC(74) Reference Processing 0.117ms
[1213.301s][debug][gc,phases      ] GC(74)   VM Weak                        Min:  0.0, Avg:  0.0, Max:  0.0, Diff:  0.0, Sum:  0.0, Workers: 4
[1213.301s][debug][gc,phases      ] GC(74)     Dead                           Min: 0, Avg:  0.0, Max: 0, Diff: 0, Sum: 0, Workers: 4
[1213.301s][debug][gc,phases      ] GC(74)     Total                          Min: 0, Avg: 225.0, Max: 900, Diff: 900, Sum: 900, Workers: 4
[1213.301s][debug][gc,phases      ] GC(74)   ObjectSynchronizer Weak        Min:  0.0, Avg:  0.0, Max:  0.0, Diff:  0.0, Sum:  0.0, Workers: 4
[1213.301s][debug][gc,phases      ] GC(74)     Dead                           Min: 0, Avg:  0.0, Max: 0, Diff: 0, Sum: 0, Workers: 4
[1213.301s][debug][gc,phases      ] GC(74)     Total                          Min: 0, Avg:  7.8, Max: 31, Diff: 31, Sum: 31, Workers: 4
[1213.301s][debug][gc,phases      ] GC(74)   JVMTI Tag Weak OopStorage      Min:  0.0, Avg:  0.0, Max:  0.0, Diff:  0.0, Sum:  0.0, Workers: 4
[1213.301s][debug][gc,phases      ] GC(74)     Dead                           Min: 0, Avg:  0.0, Max: 0, Diff: 0, Sum: 0, Workers: 4
[1213.301s][debug][gc,phases      ] GC(74)     Total                          Min: 0, Avg:  0.0, Max: 0, Diff: 0, Sum: 0, Workers: 4
[1213.301s][debug][gc,phases      ] GC(74)   StringTable Weak               Min:  0.0, Avg:  0.1, Max:  0.2, Diff:  0.2, Sum:  0.4, Workers: 4
[1213.301s][debug][gc,phases      ] GC(74)     Dead                           Min: 0, Avg:  0.0, Max: 0, Diff: 0, Sum: 0, Workers: 4
[1213.301s][debug][gc,phases      ] GC(74)     Total                          Min: 0, Avg: 10775.2, Max: 22493, Diff: 22493, Sum: 43101, Workers: 4
[1213.301s][debug][gc,phases      ] GC(74)   ResolvedMethodTable Weak       Min:  0.0, Avg:  0.0, Max:  0.0, Diff:  0.0, Sum:  0.1, Workers: 4
[1213.301s][debug][gc,phases      ] GC(74)     Dead                           Min: 0, Avg:  0.0, Max: 0, Diff: 0, Sum: 0, Workers: 4
[1213.301s][debug][gc,phases      ] GC(74)     Total                          Min: 0, Avg: 2325.8, Max: 4759, Diff: 4759, Sum: 9303, Workers: 4
[1213.301s][debug][gc,phases      ] GC(74)   JNI Weak                       Min:  0.0, Avg:  0.0, Max:  0.0, Diff:  0.0, Sum:  0.0, Workers: 4
[1213.301s][debug][gc,phases      ] GC(74)     Dead                           Min: 0, Avg:  0.0, Max: 0, Diff: 0, Sum: 0, Workers: 4
[1213.301s][debug][gc,phases      ] GC(74)     Total                          Min: 0, Avg: 11.2, Max: 45, Diff: 45, Sum: 45, Workers: 4
[1213.301s][debug][gc,phases      ] GC(74)   StringDedup Table Weak         Min:  0.0, Avg:  0.0, Max:  0.0, Diff:  0.0, Sum:  0.0, Workers: 4
[1213.301s][debug][gc,phases      ] GC(74)     Dead                           Min: 0, Avg:  0.0, Max: 0, Diff: 0, Sum: 0, Workers: 4
[1213.301s][debug][gc,phases      ] GC(74)     Total                          Min: 0, Avg:  0.0, Max: 0, Diff: 0, Sum: 0, Workers: 4
[1213.301s][debug][gc,phases      ] GC(74)   StringDedup Requests0 Weak     Min:  0.0, Avg:  0.0, Max:  0.0, Diff:  0.0, Sum:  0.0, Workers: 4
[1213.301s][debug][gc,phases      ] GC(74)     Dead                           Min: 0, Avg:  0.0, Max: 0, Diff: 0, Sum: 0, Workers: 4
[1213.301s][debug][gc,phases      ] GC(74)     Total                          Min: 0, Avg:  0.0, Max: 0, Diff: 0, Sum: 0, Workers: 4
[1213.301s][debug][gc,phases      ] GC(74)   StringDedup Requests1 Weak     Min:  0.0, Avg:  0.0, Max:  0.0, Diff:  0.0, Sum:  0.0, Workers: 4
[1213.301s][debug][gc,phases      ] GC(74)     Dead                           Min: 0, Avg:  0.0, Max: 0, Diff: 0, Sum: 0, Workers: 4
[1213.301s][debug][gc,phases      ] GC(74)     Total                          Min: 0, Avg:  0.0, Max: 0, Diff: 0, Sum: 0, Workers: 4
[1213.301s][debug][gc,phases      ] GC(74)   Weak JFR Old Object Samples    Min:  0.0, Avg:  0.0, Max:  0.0, Diff:  0.0, Sum:  0.0, Workers: 4
[1213.301s][debug][gc,phases      ] GC(74)     Dead                           Min: 0, Avg:  0.0, Max: 0, Diff: 0, Sum: 0, Workers: 4
[1213.301s][debug][gc,phases      ] GC(74)     Total                          Min: 0, Avg:  0.0, Max: 0, Diff: 0, Sum: 0, Workers: 4
[1213.301s][debug][gc,phases      ] GC(74) Weak Processing 0.471ms
[1213.301s][debug][gc,age         ] GC(74) Desired survivor size 63963136 bytes, new threshold 15 (max threshold 15)
[1213.301s][info ][gc,heap        ] GC(74) PSYoungGen: 1963920K(2025984K)->5712K(2034688K) Eden: 1957888K(1957888K)->0K(1969664K) From: 6032K(68096K)->5712K(65024K)
[1213.301s][info ][gc,heap        ] GC(74) ParOldGen: 501790K(558080K)->501830K(558080K)
[1213.301s][info ][gc,metaspace   ] GC(74) Metaspace: 81568K(82624K)->81568K(82624K) NonClass: 70036K(70592K)->70036K(70592K) Class: 11531K(12032K)->11531K(12032K)
[1213.301s][info ][gc             ] GC(74) Pause Young (Allocation Failure) 2407M->495M(2532M) 10.193ms
[1213.301s][info ][gc,cpu         ] GC(74) User=0.03s Sys=0.00s Real=0.01s
[1213.301s][info ][safepoint      ] Safepoint "ParallelGCFailedAllocation", Time since last: 2738507833 ns, Reaching safepoint: 48901 ns, At safepoint: 10272731 ns, Total: 10321632 ns
[1219.301s][info ][safepoint      ] Safepoint "Cleanup", Time since last: 6000399201 ns, Reaching safepoint: 50501 ns, At safepoint: 2900 ns, Total: 53401 ns
[1220.302s][info ][safepoint      ] Safepoint "Cleanup", Time since last: 1000132502 ns, Reaching safepoint: 46501 ns, At safepoint: 5900 ns, Total: 52401 ns
[1221.302s][info ][safepoint      ] Safepoint "Cleanup", Time since last: 1000100820 ns, Reaching safepoint: 49601 ns, At safepoint: 2900 ns, Total: 52501 ns
[1224.302s][info ][safepoint      ] Safepoint "Cleanup", Time since last: 3000216508 ns, Reaching safepoint: 47801 ns, At safepoint: 3400 ns, Total: 51201 ns
[1229.302s][info ][safepoint      ] Safepoint "Cleanup", Time since last: 5000394442 ns, Reaching safepoint: 56101 ns, At safepoint: 5800 ns, Total: 61901 ns
[1234.303s][info ][safepoint      ] Safepoint "Cleanup", Time since last: 5000364366 ns, Reaching safepoint: 58602 ns, At safepoint: 3200 ns, Total: 61802 ns
[1237.303s][info ][safepoint      ] Safepoint "Cleanup", Time since last: 3000241826 ns, Reaching safepoint: 41901 ns, At safepoint: 3300 ns, Total: 45201 ns
[1239.303s][info ][safepoint      ] Safepoint "Cleanup", Time since last: 2000180672 ns, Reaching safepoint: 109502 ns, At safepoint: 3400 ns, Total: 112902 ns
[1240.304s][info ][safepoint      ] Safepoint "Cleanup", Time since last: 1000138288 ns, Reaching safepoint: 116002 ns, At safepoint: 4800 ns, Total: 120802 ns
[1241.304s][info ][safepoint      ] Safepoint "Cleanup", Time since last: 1000155688 ns, Reaching safepoint: 89002 ns, At safepoint: 7300 ns, Total: 96302 ns
[1242.304s][info ][safepoint      ] Safepoint "Cleanup", Time since last: 1000119787 ns, Reaching safepoint: 64801 ns, At safepoint: 6200 ns, Total: 71001 ns
[1243.304s][info ][safepoint      ] Safepoint "Cleanup", Time since last: 1000138388 ns, Reaching safepoint: 72401 ns, At safepoint: 7400 ns, Total: 79801 ns
[1244.332s][info ][gc,start       ] GC(75) Pause Young (Allocation Failure)
[1244.355s][debug][gc,phases      ] GC(75) Scavenge 23.112ms
[1244.355s][debug][gc,ref         ] GC(75) Skipped phase 1 of Reference Processing: no references
[1244.355s][debug][gc,ref         ] GC(75) ReferenceProcessor::execute queues: 1, RefProcThreadModel::Single, marks_oops_alive: false
[1244.355s][debug][gc,ref         ] GC(75) Skipped phase 3 of Reference Processing: no references
[1244.355s][debug][gc,ref         ] GC(75) ReferenceProcessor::execute queues: 1, RefProcThreadModel::Single, marks_oops_alive: false
[1244.355s][debug][gc,phases      ] GC(75) Reference Processing 0.135ms
[1244.355s][debug][gc,phases      ] GC(75)   VM Weak                        Min:  0.0, Avg:  0.0, Max:  0.0, Diff:  0.0, Sum:  0.0, Workers: 4
[1244.355s][debug][gc,phases      ] GC(75)     Dead                           Min: 0, Avg:  0.0, Max: 0, Diff: 0, Sum: 0, Workers: 4
[1244.355s][debug][gc,phases      ] GC(75)     Total                          Min: 0, Avg: 225.0, Max: 900, Diff: 900, Sum: 900, Workers: 4
[1244.355s][debug][gc,phases      ] GC(75)   ObjectSynchronizer Weak        Min:  0.0, Avg:  0.0, Max:  0.0, Diff:  0.0, Sum:  0.0, Workers: 4
[1244.355s][debug][gc,phases      ] GC(75)     Dead                           Min: 0, Avg:  0.0, Max: 0, Diff: 0, Sum: 0, Workers: 4
[1244.355s][debug][gc,phases      ] GC(75)     Total                          Min: 0, Avg:  7.8, Max: 31, Diff: 31, Sum: 31, Workers: 4
[1244.355s][debug][gc,phases      ] GC(75)   JVMTI Tag Weak OopStorage      Min:  0.0, Avg:  0.0, Max:  0.0, Diff:  0.0, Sum:  0.0, Workers: 4
[1244.355s][debug][gc,phases      ] GC(75)     Dead                           Min: 0, Avg:  0.0, Max: 0, Diff: 0, Sum: 0, Workers: 4
[1244.355s][debug][gc,phases      ] GC(75)     Total                          Min: 0, Avg:  0.0, Max: 0, Diff: 0, Sum: 0, Workers: 4
[1244.355s][debug][gc,phases      ] GC(75)   StringTable Weak               Min:  0.0, Avg:  0.1, Max:  0.2, Diff:  0.2, Sum:  0.4, Workers: 4
[1244.355s][debug][gc,phases      ] GC(75)     Dead                           Min: 0, Avg:  0.0, Max: 0, Diff: 0, Sum: 0, Workers: 4
[1244.355s][debug][gc,phases      ] GC(75)     Total                          Min: 0, Avg: 10782.0, Max: 22591, Diff: 22591, Sum: 43128, Workers: 4
[1244.355s][debug][gc,phases      ] GC(75)   ResolvedMethodTable Weak       Min:  0.0, Avg:  0.0, Max:  0.0, Diff:  0.0, Sum:  0.1, Workers: 4
[1244.355s][debug][gc,phases      ] GC(75)     Dead                           Min: 0, Avg:  0.0, Max: 0, Diff: 0, Sum: 0, Workers: 4
[1244.355s][debug][gc,phases      ] GC(75)     Total                          Min: 0, Avg: 2326.0, Max: 5120, Diff: 5120, Sum: 9304, Workers: 4
[1244.355s][debug][gc,phases      ] GC(75)   JNI Weak                       Min:  0.0, Avg:  0.0, Max:  0.0, Diff:  0.0, Sum:  0.0, Workers: 4
[1244.355s][debug][gc,phases      ] GC(75)     Dead                           Min: 0, Avg:  0.0, Max: 0, Diff: 0, Sum: 0, Workers: 4
[1244.355s][debug][gc,phases      ] GC(75)     Total                          Min: 0, Avg: 11.2, Max: 45, Diff: 45, Sum: 45, Workers: 4
[1244.355s][debug][gc,phases      ] GC(75)   StringDedup Table Weak         Min:  0.0, Avg:  0.0, Max:  0.0, Diff:  0.0, Sum:  0.0, Workers: 4
[1244.355s][debug][gc,phases      ] GC(75)     Dead                           Min: 0, Avg:  0.0, Max: 0, Diff: 0, Sum: 0, Workers: 4
[1244.355s][debug][gc,phases      ] GC(75)     Total                          Min: 0, Avg:  0.0, Max: 0, Diff: 0, Sum: 0, Workers: 4
[1244.355s][debug][gc,phases      ] GC(75)   StringDedup Requests0 Weak     Min:  0.0, Avg:  0.0, Max:  0.0, Diff:  0.0, Sum:  0.0, Workers: 4
[1244.355s][debug][gc,phases      ] GC(75)     Dead                           Min: 0, Avg:  0.0, Max: 0, Diff: 0, Sum: 0, Workers: 4
[1244.355s][debug][gc,phases      ] GC(75)     Total                          Min: 0, Avg:  0.0, Max: 0, Diff: 0, Sum: 0, Workers: 4
[1244.355s][debug][gc,phases      ] GC(75)   StringDedup Requests1 Weak     Min:  0.0, Avg:  0.0, Max:  0.0, Diff:  0.0, Sum:  0.0, Workers: 4
[1244.355s][debug][gc,phases      ] GC(75)     Dead                           Min: 0, Avg:  0.0, Max: 0, Diff: 0, Sum: 0, Workers: 4
[1244.355s][debug][gc,phases      ] GC(75)     Total                          Min: 0, Avg:  0.0, Max: 0, Diff: 0, Sum: 0, Workers: 4
[1244.355s][debug][gc,phases      ] GC(75)   Weak JFR Old Object Samples    Min:  0.0, Avg:  0.0, Max:  0.0, Diff:  0.0, Sum:  0.0, Workers: 4
[1244.355s][debug][gc,phases      ] GC(75)     Dead                           Min: 0, Avg:  0.0, Max: 0, Diff: 0, Sum: 0, Workers: 4
[1244.355s][debug][gc,phases      ] GC(75)     Total                          Min: 0, Avg:  0.0, Max: 0, Diff: 0, Sum: 0, Workers: 4
[1244.355s][debug][gc,phases      ] GC(75) Weak Processing 0.438ms
[1244.355s][debug][gc,age         ] GC(75) Desired survivor size 63963136 bytes, new threshold 15 (max threshold 15)
[1244.355s][info ][gc,heap        ] GC(75) PSYoungGen: 1975376K(2034688K)->28016K(2032128K) Eden: 1969664K(1969664K)->0K(1969664K) From: 5712K(65024K)->28016K(62464K)
[1244.355s][info ][gc,heap        ] GC(75) ParOldGen: 501830K(558080K)->501870K(558080K)
[1244.355s][info ][gc,metaspace   ] GC(75) Metaspace: 81623K(82752K)->81623K(82752K) NonClass: 70090K(70720K)->70090K(70720K) Class: 11532K(12032K)->11532K(12032K)
[1244.355s][info ][gc             ] GC(75) Pause Young (Allocation Failure) 2419M->517M(2529M) 23.815ms
[1244.356s][info ][gc,cpu         ] GC(75) User=0.06s Sys=0.00s Real=0.03s
[1244.356s][info ][safepoint      ] Safepoint "ParallelGCFailedAllocation", Time since last: 1027127892 ns, Reaching safepoint: 143203 ns, At safepoint: 23907835 ns, Total: 24051038 ns
[1245.356s][info ][safepoint      ] Safepoint "Cleanup", Time since last: 1000099206 ns, Reaching safepoint: 66102 ns, At safepoint: 5200 ns, Total: 71302 ns
[1246.356s][info ][safepoint      ] Safepoint "Cleanup", Time since last: 1000151725 ns, Reaching safepoint: 111203 ns, At safepoint: 6000 ns, Total: 117203 ns
[1247.356s][info ][safepoint      ] Safepoint "Cleanup", Time since last: 1000114824 ns, Reaching safepoint: 55001 ns, At safepoint: 7400 ns, Total: 62401 ns
[1248.356s][info ][safepoint      ] Safepoint "Cleanup", Time since last: 1000132525 ns, Reaching safepoint: 67002 ns, At safepoint: 2500 ns, Total: 69502 ns
[1249.357s][info ][safepoint      ] Safepoint "Cleanup", Time since last: 1000126724 ns, Reaching safepoint: 139303 ns, At safepoint: 5901 ns, Total: 145204 ns
[1250.357s][info ][safepoint      ] Safepoint "Cleanup", Time since last: 1000115124 ns, Reaching safepoint: 55701 ns, At safepoint: 2500 ns, Total: 58201 ns
[1251.357s][info ][safepoint      ] Safepoint "Cleanup", Time since last: 1000117725 ns, Reaching safepoint: 43801 ns, At safepoint: 33200 ns, Total: 77001 ns
[1253.306s][info ][safepoint      ] Safepoint "Cleanup", Time since last: 1948926473 ns, Reaching safepoint: 95402 ns, At safepoint: 6700 ns, Total: 102102 ns
[1254.306s][info ][safepoint      ] Safepoint "Cleanup", Time since last: 1000120971 ns, Reaching safepoint: 120202 ns, At safepoint: 7500 ns, Total: 127702 ns
[1255.307s][info ][safepoint      ] Safepoint "Cleanup", Time since last: 1000194372 ns, Reaching safepoint: 122803 ns, At safepoint: 7100 ns, Total: 129903 ns
[1256.307s][info ][safepoint      ] Safepoint "Cleanup", Time since last: 1000119971 ns, Reaching safepoint: 144303 ns, At safepoint: 6300 ns, Total: 150603 ns
[1257.307s][info ][safepoint      ] Safepoint "Cleanup", Time since last: 1000160771 ns, Reaching safepoint: 41001 ns, At safepoint: 5300 ns, Total: 46301 ns
[1257.557s][info ][gc,start       ] GC(76) Pause Young (Allocation Failure)
[1257.571s][debug][gc,phases      ] GC(76) Scavenge 13.958ms
[1257.571s][debug][gc,ref         ] GC(76) Skipped phase 1 of Reference Processing: no references
[1257.571s][debug][gc,ref         ] GC(76) ReferenceProcessor::execute queues: 1, RefProcThreadModel::Single, marks_oops_alive: false
[1257.571s][debug][gc,ref         ] GC(76) Skipped phase 3 of Reference Processing: no references
[1257.571s][debug][gc,ref         ] GC(76) ReferenceProcessor::execute queues: 1, RefProcThreadModel::Single, marks_oops_alive: false
[1257.571s][debug][gc,phases      ] GC(76) Reference Processing 0.162ms
[1257.572s][debug][gc,phases      ] GC(76)   VM Weak                        Min:  0.0, Avg:  0.0, Max:  0.0, Diff:  0.0, Sum:  0.0, Workers: 4
[1257.572s][debug][gc,phases      ] GC(76)     Dead                           Min: 0, Avg:  0.0, Max: 0, Diff: 0, Sum: 0, Workers: 4
[1257.572s][debug][gc,phases      ] GC(76)     Total                          Min: 0, Avg: 225.0, Max: 640, Diff: 640, Sum: 900, Workers: 4
[1257.572s][debug][gc,phases      ] GC(76)   ObjectSynchronizer Weak        Min:  0.0, Avg:  0.0, Max:  0.0, Diff:  0.0, Sum:  0.0, Workers: 4
[1257.572s][debug][gc,phases      ] GC(76)     Dead                           Min: 0, Avg:  0.0, Max: 0, Diff: 0, Sum: 0, Workers: 4
[1257.572s][debug][gc,phases      ] GC(76)     Total                          Min: 0, Avg:  7.8, Max: 31, Diff: 31, Sum: 31, Workers: 4
[1257.572s][debug][gc,phases      ] GC(76)   JVMTI Tag Weak OopStorage      Min:  0.0, Avg:  0.0, Max:  0.0, Diff:  0.0, Sum:  0.0, Workers: 4
[1257.572s][debug][gc,phases      ] GC(76)     Dead                           Min: 0, Avg:  0.0, Max: 0, Diff: 0, Sum: 0, Workers: 4
[1257.572s][debug][gc,phases      ] GC(76)     Total                          Min: 0, Avg:  0.0, Max: 0, Diff: 0, Sum: 0, Workers: 4
[1257.572s][debug][gc,phases      ] GC(76)   StringTable Weak               Min:  0.0, Avg:  0.1, Max:  0.2, Diff:  0.2, Sum:  0.4, Workers: 4
[1257.572s][debug][gc,phases      ] GC(76)     Dead                           Min: 0, Avg:  0.0, Max: 0, Diff: 0, Sum: 0, Workers: 4
[1257.572s][debug][gc,phases      ] GC(76)     Total                          Min: 0, Avg: 10791.0, Max: 22748, Diff: 22748, Sum: 43164, Workers: 4
[1257.572s][debug][gc,phases      ] GC(76)   ResolvedMethodTable Weak       Min:  0.0, Avg:  0.0, Max:  0.0, Diff:  0.0, Sum:  0.1, Workers: 4
[1257.572s][debug][gc,phases      ] GC(76)     Dead                           Min: 0, Avg:  0.0, Max: 0, Diff: 0, Sum: 0, Workers: 4
[1257.572s][debug][gc,phases      ] GC(76)     Total                          Min: 0, Avg: 2326.2, Max: 4928, Diff: 4928, Sum: 9305, Workers: 4
[1257.572s][debug][gc,phases      ] GC(76)   JNI Weak                       Min:  0.0, Avg:  0.0, Max:  0.0, Diff:  0.0, Sum:  0.0, Workers: 4
[1257.572s][debug][gc,phases      ] GC(76)     Dead                           Min: 0, Avg:  0.0, Max: 0, Diff: 0, Sum: 0, Workers: 4
[1257.572s][debug][gc,phases      ] GC(76)     Total                          Min: 0, Avg: 11.2, Max: 45, Diff: 45, Sum: 45, Workers: 4
[1257.572s][debug][gc,phases      ] GC(76)   StringDedup Table Weak         Min:  0.0, Avg:  0.0, Max:  0.0, Diff:  0.0, Sum:  0.0, Workers: 4
[1257.572s][debug][gc,phases      ] GC(76)     Dead                           Min: 0, Avg:  0.0, Max: 0, Diff: 0, Sum: 0, Workers: 4
[1257.572s][debug][gc,phases      ] GC(76)     Total                          Min: 0, Avg:  0.0, Max: 0, Diff: 0, Sum: 0, Workers: 4
[1257.572s][debug][gc,phases      ] GC(76)   StringDedup Requests0 Weak     Min:  0.0, Avg:  0.0, Max:  0.0, Diff:  0.0, Sum:  0.0, Workers: 4
[1257.572s][debug][gc,phases      ] GC(76)     Dead                           Min: 0, Avg:  0.0, Max: 0, Diff: 0, Sum: 0, Workers: 4
[1257.572s][debug][gc,phases      ] GC(76)     Total                          Min: 0, Avg:  0.0, Max: 0, Diff: 0, Sum: 0, Workers: 4
[1257.572s][debug][gc,phases      ] GC(76)   StringDedup Requests1 Weak     Min:  0.0, Avg:  0.0, Max:  0.0, Diff:  0.0, Sum:  0.0, Workers: 4
[1257.572s][debug][gc,phases      ] GC(76)     Dead                           Min: 0, Avg:  0.0, Max: 0, Diff: 0, Sum: 0, Workers: 4
[1257.572s][debug][gc,phases      ] GC(76)     Total                          Min: 0, Avg:  0.0, Max: 0, Diff: 0, Sum: 0, Workers: 4
[1257.572s][debug][gc,phases      ] GC(76)   Weak JFR Old Object Samples    Min:  0.0, Avg:  0.0, Max:  0.0, Diff:  0.0, Sum:  0.0, Workers: 4
[1257.572s][debug][gc,phases      ] GC(76)     Dead                           Min: 0, Avg:  0.0, Max: 0, Diff: 0, Sum: 0, Workers: 4
[1257.572s][debug][gc,phases      ] GC(76)     Total                          Min: 0, Avg:  0.0, Max: 0, Diff: 0, Sum: 0, Workers: 4
[1257.572s][debug][gc,phases      ] GC(76) Weak Processing 0.508ms
[1257.572s][debug][gc,age         ] GC(76) Desired survivor size 64487424 bytes, new threshold 15 (max threshold 15)
[1257.572s][info ][gc,heap        ] GC(76) PSYoungGen: 1997680K(2032128K)->31024K(2033664K) Eden: 1969664K(1969664K)->0K(1971200K) From: 28016K(62464K)->31024K(62464K)
[1257.572s][info ][gc,heap        ] GC(76) ParOldGen: 501870K(558080K)->501958K(558080K)
[1257.572s][info ][gc,metaspace   ] GC(76) Metaspace: 81641K(82752K)->81641K(82752K) NonClass: 70108K(70720K)->70108K(70720K) Class: 11532K(12032K)->11532K(12032K)
[1257.572s][info ][gc             ] GC(76) Pause Young (Allocation Failure) 2440M->520M(2531M) 14.777ms
[1257.572s][info ][gc,cpu         ] GC(76) User=0.05s Sys=0.00s Real=0.02s
[1257.572s][info ][safepoint      ] Safepoint "ParallelGCFailedAllocation", Time since last: 249931091 ns, Reaching safepoint: 38801 ns, At safepoint: 14857132 ns, Total: 14895933 ns
[1258.572s][info ][safepoint      ] Safepoint "Cleanup", Time since last: 1000087870 ns, Reaching safepoint: 41701 ns, At safepoint: 4300 ns, Total: 46001 ns
[1260.572s][info ][safepoint      ] Safepoint "Cleanup", Time since last: 2000186939 ns, Reaching safepoint: 50601 ns, At safepoint: 2400 ns, Total: 53001 ns
[1263.573s][info ][safepoint      ] Safepoint "Cleanup", Time since last: 3000238080 ns, Reaching safepoint: 50401 ns, At safepoint: 3500 ns, Total: 53901 ns
[1268.574s][info ][safepoint      ] Safepoint "Cleanup", Time since last: 5000834724 ns, Reaching safepoint: 121403 ns, At safepoint: 7400 ns, Total: 128803 ns
[1268.790s][info ][gc,start       ] GC(77) Pause Young (Allocation Failure)
[1268.826s][debug][gc,phases      ] GC(77) Scavenge 35.487ms
[1268.826s][debug][gc,ref         ] GC(77) Skipped phase 1 of Reference Processing: no references
[1268.826s][debug][gc,ref         ] GC(77) ReferenceProcessor::execute queues: 1, RefProcThreadModel::Single, marks_oops_alive: false
[1268.826s][debug][gc,ref         ] GC(77) Skipped phase 3 of Reference Processing: no references
[1268.826s][debug][gc,ref         ] GC(77) ReferenceProcessor::execute queues: 1, RefProcThreadModel::Single, marks_oops_alive: false
[1268.826s][debug][gc,phases      ] GC(77) Reference Processing 0.146ms
[1268.826s][debug][gc,phases      ] GC(77)   VM Weak                        Min:  0.0, Avg:  0.0, Max:  0.0, Diff:  0.0, Sum:  0.0, Workers: 4
[1268.826s][debug][gc,phases      ] GC(77)     Dead                           Min: 0, Avg:  0.0, Max: 0, Diff: 0, Sum: 0, Workers: 4
[1268.826s][debug][gc,phases      ] GC(77)     Total                          Min: 0, Avg: 225.0, Max: 900, Diff: 900, Sum: 900, Workers: 4
[1268.826s][debug][gc,phases      ] GC(77)   ObjectSynchronizer Weak        Min:  0.0, Avg:  0.0, Max:  0.0, Diff:  0.0, Sum:  0.0, Workers: 4
[1268.826s][debug][gc,phases      ] GC(77)     Dead                           Min: 0, Avg:  0.0, Max: 0, Diff: 0, Sum: 0, Workers: 4
[1268.826s][debug][gc,phases      ] GC(77)     Total                          Min: 0, Avg:  7.8, Max: 31, Diff: 31, Sum: 31, Workers: 4
[1268.826s][debug][gc,phases      ] GC(77)   JVMTI Tag Weak OopStorage      Min:  0.0, Avg:  0.0, Max:  0.0, Diff:  0.0, Sum:  0.0, Workers: 4
[1268.826s][debug][gc,phases      ] GC(77)     Dead                           Min: 0, Avg:  0.0, Max: 0, Diff: 0, Sum: 0, Workers: 4
[1268.826s][debug][gc,phases      ] GC(77)     Total                          Min: 0, Avg:  0.0, Max: 0, Diff: 0, Sum: 0, Workers: 4
[1268.826s][debug][gc,phases      ] GC(77)   StringTable Weak               Min:  0.0, Avg:  0.1, Max:  0.2, Diff:  0.2, Sum:  0.5, Workers: 4
[1268.826s][debug][gc,phases      ] GC(77)     Dead                           Min: 0, Avg:  0.0, Max: 0, Diff: 0, Sum: 0, Workers: 4
[1268.826s][debug][gc,phases      ] GC(77)     Total                          Min: 0, Avg: 10793.0, Max: 24128, Diff: 24128, Sum: 43172, Workers: 4
[1268.826s][debug][gc,phases      ] GC(77)   ResolvedMethodTable Weak       Min:  0.0, Avg:  0.0, Max:  0.0, Diff:  0.0, Sum:  0.1, Workers: 4
[1268.826s][debug][gc,phases      ] GC(77)     Dead                           Min: 0, Avg:  0.0, Max: 0, Diff: 0, Sum: 0, Workers: 4
[1268.826s][debug][gc,phases      ] GC(77)     Total                          Min: 0, Avg: 2327.0, Max: 4892, Diff: 4892, Sum: 9308, Workers: 4
[1268.826s][debug][gc,phases      ] GC(77)   JNI Weak                       Min:  0.0, Avg:  0.0, Max:  0.0, Diff:  0.0, Sum:  0.0, Workers: 4
[1268.826s][debug][gc,phases      ] GC(77)     Dead                           Min: 0, Avg:  0.0, Max: 0, Diff: 0, Sum: 0, Workers: 4
[1268.826s][debug][gc,phases      ] GC(77)     Total                          Min: 0, Avg: 11.2, Max: 45, Diff: 45, Sum: 45, Workers: 4
[1268.826s][debug][gc,phases      ] GC(77)   StringDedup Table Weak         Min:  0.0, Avg:  0.0, Max:  0.0, Diff:  0.0, Sum:  0.0, Workers: 4
[1268.826s][debug][gc,phases      ] GC(77)     Dead                           Min: 0, Avg:  0.0, Max: 0, Diff: 0, Sum: 0, Workers: 4
[1268.826s][debug][gc,phases      ] GC(77)     Total                          Min: 0, Avg:  0.0, Max: 0, Diff: 0, Sum: 0, Workers: 4
[1268.826s][debug][gc,phases      ] GC(77)   StringDedup Requests0 Weak     Min:  0.0, Avg:  0.0, Max:  0.0, Diff:  0.0, Sum:  0.0, Workers: 4
[1268.826s][debug][gc,phases      ] GC(77)     Dead                           Min: 0, Avg:  0.0, Max: 0, Diff: 0, Sum: 0, Workers: 4
[1268.826s][debug][gc,phases      ] GC(77)     Total                          Min: 0, Avg:  0.0, Max: 0, Diff: 0, Sum: 0, Workers: 4
[1268.826s][debug][gc,phases      ] GC(77)   StringDedup Requests1 Weak     Min:  0.0, Avg:  0.0, Max:  0.0, Diff:  0.0, Sum:  0.0, Workers: 4
[1268.826s][debug][gc,phases      ] GC(77)     Dead                           Min: 0, Avg:  0.0, Max: 0, Diff: 0, Sum: 0, Workers: 4
[1268.826s][debug][gc,phases      ] GC(77)     Total                          Min: 0, Avg:  0.0, Max: 0, Diff: 0, Sum: 0, Workers: 4
[1268.826s][debug][gc,phases      ] GC(77)   Weak JFR Old Object Samples    Min:  0.0, Avg:  0.0, Max:  0.0, Diff:  0.0, Sum:  0.0, Workers: 4
[1268.826s][debug][gc,phases      ] GC(77)     Dead                           Min: 0, Avg:  0.0, Max: 0, Diff: 0, Sum: 0, Workers: 4
[1268.826s][debug][gc,phases      ] GC(77)     Total                          Min: 0, Avg:  0.0, Max: 0, Diff: 0, Sum: 0, Workers: 4
[1268.826s][debug][gc,phases      ] GC(77) Weak Processing 0.478ms
[1268.826s][debug][gc,age         ] GC(77) Desired survivor size 81264640 bytes, new threshold 14 (max threshold 15)
[1268.827s][info ][gc,heap        ] GC(77) PSYoungGen: 2002224K(2033664K)->62944K(2034176K) Eden: 1971200K(1971200K)->0K(1971200K) From: 31024K(62464K)->62944K(62976K)
[1268.827s][info ][gc,heap        ] GC(77) ParOldGen: 501958K(558080K)->513190K(558080K)
[1268.827s][info ][gc,metaspace   ] GC(77) Metaspace: 81645K(82752K)->81645K(82752K) NonClass: 70111K(70720K)->70111K(70720K) Class: 11534K(12032K)->11534K(12032K)
[1268.827s][info ][gc             ] GC(77) Pause Young (Allocation Failure) 2445M->562M(2531M) 36.259ms
[1268.827s][info ][gc,cpu         ] GC(77) User=0.11s Sys=0.00s Real=0.04s
[1268.827s][info ][safepoint      ] Safepoint "ParallelGCFailedAllocation", Time since last: 216589765 ns, Reaching safepoint: 111703 ns, At safepoint: 36338083 ns, Total: 36449786 ns
[1269.827s][info ][safepoint      ] Safepoint "Cleanup", Time since last: 1000090111 ns, Reaching safepoint: 60402 ns, At safepoint: 3200 ns, Total: 63602 ns
[1271.827s][info ][safepoint      ] Safepoint "Cleanup", Time since last: 2000173817 ns, Reaching safepoint: 50101 ns, At safepoint: 2800 ns, Total: 52901 ns
[1272.832s][info ][safepoint      ] Safepoint "Cleanup", Time since last: 1004797364 ns, Reaching safepoint: 122503 ns, At safepoint: 7000 ns, Total: 129503 ns
[1273.832s][info ][safepoint      ] Safepoint "Cleanup", Time since last: 1000116959 ns, Reaching safepoint: 51501 ns, At safepoint: 2800 ns, Total: 54301 ns
[1276.832s][info ][safepoint      ] Safepoint "Cleanup", Time since last: 3000256176 ns, Reaching safepoint: 69401 ns, At safepoint: 33101 ns, Total: 102502 ns
[1280.833s][info ][safepoint      ] Safepoint "Cleanup", Time since last: 4000306492 ns, Reaching safepoint: 82302 ns, At safepoint: 7200 ns, Total: 89502 ns
[1283.656s][info ][gc,start       ] GC(78) Pause Young (Allocation Failure)
[1283.679s][debug][gc,phases      ] GC(78) Scavenge 23.051ms
[1283.680s][debug][gc,ref         ] GC(78) Skipped phase 1 of Reference Processing: no references
[1283.680s][debug][gc,ref         ] GC(78) ReferenceProcessor::execute queues: 1, RefProcThreadModel::Single, marks_oops_alive: false
[1283.680s][debug][gc,ref         ] GC(78) Skipped phase 3 of Reference Processing: no references
[1283.680s][debug][gc,ref         ] GC(78) ReferenceProcessor::execute queues: 1, RefProcThreadModel::Single, marks_oops_alive: false
[1283.680s][debug][gc,phases      ] GC(78) Reference Processing 0.116ms
[1283.680s][debug][gc,phases      ] GC(78)   VM Weak                        Min:  0.0, Avg:  0.0, Max:  0.0, Diff:  0.0, Sum:  0.0, Workers: 4
[1283.680s][debug][gc,phases      ] GC(78)     Dead                           Min: 0, Avg:  0.0, Max: 0, Diff: 0, Sum: 0, Workers: 4
[1283.680s][debug][gc,phases      ] GC(78)     Total                          Min: 0, Avg: 225.0, Max: 576, Diff: 576, Sum: 900, Workers: 4
[1283.680s][debug][gc,phases      ] GC(78)   ObjectSynchronizer Weak        Min:  0.0, Avg:  0.0, Max:  0.0, Diff:  0.0, Sum:  0.0, Workers: 4
[1283.680s][debug][gc,phases      ] GC(78)     Dead                           Min: 0, Avg:  0.0, Max: 0, Diff: 0, Sum: 0, Workers: 4
[1283.680s][debug][gc,phases      ] GC(78)     Total                          Min: 0, Avg:  7.8, Max: 31, Diff: 31, Sum: 31, Workers: 4
[1283.680s][debug][gc,phases      ] GC(78)   JVMTI Tag Weak OopStorage      Min:  0.0, Avg:  0.0, Max:  0.0, Diff:  0.0, Sum:  0.0, Workers: 4
[1283.680s][debug][gc,phases      ] GC(78)     Dead                           Min: 0, Avg:  0.0, Max: 0, Diff: 0, Sum: 0, Workers: 4
[1283.680s][debug][gc,phases      ] GC(78)     Total                          Min: 0, Avg:  0.0, Max: 0, Diff: 0, Sum: 0, Workers: 4
[1283.680s][debug][gc,phases      ] GC(78)   StringTable Weak               Min:  0.0, Avg:  0.1, Max:  0.2, Diff:  0.2, Sum:  0.4, Workers: 4
[1283.680s][debug][gc,phases      ] GC(78)     Dead                           Min: 0, Avg:  0.0, Max: 0, Diff: 0, Sum: 0, Workers: 4
[1283.680s][debug][gc,phases      ] GC(78)     Total                          Min: 0, Avg: 10793.8, Max: 22567, Diff: 22567, Sum: 43175, Workers: 4
[1283.680s][debug][gc,phases      ] GC(78)   ResolvedMethodTable Weak       Min:  0.0, Avg:  0.0, Max:  0.0, Diff:  0.0, Sum:  0.1, Workers: 4
[1283.680s][debug][gc,phases      ] GC(78)     Dead                           Min: 0, Avg:  0.0, Max: 0, Diff: 0, Sum: 0, Workers: 4
[1283.680s][debug][gc,phases      ] GC(78)     Total                          Min: 0, Avg: 2327.0, Max: 5020, Diff: 5020, Sum: 9308, Workers: 4
[1283.680s][debug][gc,phases      ] GC(78)   JNI Weak                       Min:  0.0, Avg:  0.0, Max:  0.0, Diff:  0.0, Sum:  0.0, Workers: 4
[1283.680s][debug][gc,phases      ] GC(78)     Dead                           Min: 0, Avg:  0.0, Max: 0, Diff: 0, Sum: 0, Workers: 4
[1283.680s][debug][gc,phases      ] GC(78)     Total                          Min: 0, Avg: 11.2, Max: 45, Diff: 45, Sum: 45, Workers: 4
[1283.680s][debug][gc,phases      ] GC(78)   StringDedup Table Weak         Min:  0.0, Avg:  0.0, Max:  0.0, Diff:  0.0, Sum:  0.0, Workers: 4
[1283.680s][debug][gc,phases      ] GC(78)     Dead                           Min: 0, Avg:  0.0, Max: 0, Diff: 0, Sum: 0, Workers: 4
[1283.680s][debug][gc,phases      ] GC(78)     Total                          Min: 0, Avg:  0.0, Max: 0, Diff: 0, Sum: 0, Workers: 4
[1283.680s][debug][gc,phases      ] GC(78)   StringDedup Requests0 Weak     Min:  0.0, Avg:  0.0, Max:  0.0, Diff:  0.0, Sum:  0.0, Workers: 4
[1283.680s][debug][gc,phases      ] GC(78)     Dead                           Min: 0, Avg:  0.0, Max: 0, Diff: 0, Sum: 0, Workers: 4
[1283.680s][debug][gc,phases      ] GC(78)     Total                          Min: 0, Avg:  0.0, Max: 0, Diff: 0, Sum: 0, Workers: 4
[1283.680s][debug][gc,phases      ] GC(78)   StringDedup Requests1 Weak     Min:  0.0, Avg:  0.0, Max:  0.0, Diff:  0.0, Sum:  0.0, Workers: 4
[1283.680s][debug][gc,phases      ] GC(78)     Dead                           Min: 0, Avg:  0.0, Max: 0, Diff: 0, Sum: 0, Workers: 4
[1283.680s][debug][gc,phases      ] GC(78)     Total                          Min: 0, Avg:  0.0, Max: 0, Diff: 0, Sum: 0, Workers: 4
[1283.680s][debug][gc,phases      ] GC(78)   Weak JFR Old Object Samples    Min:  0.0, Avg:  0.0, Max:  0.0, Diff:  0.0, Sum:  0.0, Workers: 4
[1283.680s][debug][gc,phases      ] GC(78)     Dead                           Min: 0, Avg:  0.0, Max: 0, Diff: 0, Sum: 0, Workers: 4
[1283.680s][debug][gc,phases      ] GC(78)     Total                          Min: 0, Avg:  0.0, Max: 0, Diff: 0, Sum: 0, Workers: 4
[1283.680s][debug][gc,phases      ] GC(78) Weak Processing 0.505ms
[1283.680s][debug][gc,age         ] GC(78) Desired survivor size 86507520 bytes, new threshold 15 (max threshold 15)
[1283.680s][info ][gc,heap        ] GC(78) PSYoungGen: 2034144K(2034176K)->52496K(1991168K) Eden: 1971200K(1971200K)->0K(1928192K) From: 62944K(62976K)->52496K(62976K)
[1283.680s][info ][gc,heap        ] GC(78) ParOldGen: 513190K(558080K)->513478K(558080K)
[1283.680s][info ][gc,metaspace   ] GC(78) Metaspace: 81650K(82752K)->81650K(82752K) NonClass: 70116K(70720K)->70116K(70720K) Class: 11534K(12032K)->11534K(12032K)
[1283.680s][info ][gc             ] GC(78) Pause Young (Allocation Failure) 2487M->552M(2489M) 23.804ms
[1283.680s][info ][gc,cpu         ] GC(78) User=0.06s Sys=0.00s Real=0.02s
[1283.680s][info ][safepoint      ] Safepoint "ParallelGCFailedAllocation", Time since last: 2823508952 ns, Reaching safepoint: 25300 ns, At safepoint: 23882133 ns, Total: 23907433 ns
[1285.680s][info ][safepoint      ] Safepoint "Cleanup", Time since last: 2000178095 ns, Reaching safepoint: 76902 ns, At safepoint: 3500 ns, Total: 80402 ns
[1291.603s][info ][safepoint      ] Safepoint "Cleanup", Time since last: 5922769732 ns, Reaching safepoint: 137703 ns, At safepoint: 11000 ns, Total: 148703 ns
[1292.604s][info ][safepoint      ] Safepoint "Cleanup", Time since last: 1000126742 ns, Reaching safepoint: 130303 ns, At safepoint: 5600 ns, Total: 135903 ns
[1293.604s][info ][safepoint      ] Safepoint "Cleanup", Time since last: 1000102800 ns, Reaching safepoint: 151503 ns, At safepoint: 5901 ns, Total: 157404 ns
[1295.604s][info ][safepoint      ] Safepoint "Cleanup", Time since last: 2000209340 ns, Reaching safepoint: 125003 ns, At safepoint: 4800 ns, Total: 129803 ns
[1296.605s][info ][safepoint      ] Safepoint "Cleanup", Time since last: 1000130671 ns, Reaching safepoint: 116802 ns, At safepoint: 7800 ns, Total: 124602 ns
[1301.605s][info ][safepoint      ] Safepoint "Cleanup", Time since last: 5000448580 ns, Reaching safepoint: 114302 ns, At safepoint: 8100 ns, Total: 122402 ns
[1303.452s][info ][gc,start       ] GC(79) Pause Young (Allocation Failure)
[1303.468s][debug][gc,phases      ] GC(79) Scavenge 16.185ms
[1303.468s][debug][gc,ref         ] GC(79) Skipped phase 1 of Reference Processing: no references
[1303.468s][debug][gc,ref         ] GC(79) ReferenceProcessor::execute queues: 1, RefProcThreadModel::Single, marks_oops_alive: false
[1303.468s][debug][gc,ref         ] GC(79) Skipped phase 3 of Reference Processing: no references
[1303.468s][debug][gc,ref         ] GC(79) ReferenceProcessor::execute queues: 1, RefProcThreadModel::Single, marks_oops_alive: false
[1303.468s][debug][gc,phases      ] GC(79) Reference Processing 0.124ms
[1303.469s][debug][gc,phases      ] GC(79)   VM Weak                        Min:  0.0, Avg:  0.0, Max:  0.0, Diff:  0.0, Sum:  0.0, Workers: 4
[1303.469s][debug][gc,phases      ] GC(79)     Dead                           Min: 0, Avg:  0.0, Max: 0, Diff: 0, Sum: 0, Workers: 4
[1303.469s][debug][gc,phases      ] GC(79)     Total                          Min: 0, Avg: 225.2, Max: 512, Diff: 512, Sum: 901, Workers: 4
[1303.469s][debug][gc,phases      ] GC(79)   ObjectSynchronizer Weak        Min:  0.0, Avg:  0.0, Max:  0.0, Diff:  0.0, Sum:  0.0, Workers: 4
[1303.469s][debug][gc,phases      ] GC(79)     Dead                           Min: 0, Avg:  0.0, Max: 0, Diff: 0, Sum: 0, Workers: 4
[1303.469s][debug][gc,phases      ] GC(79)     Total                          Min: 0, Avg:  7.8, Max: 31, Diff: 31, Sum: 31, Workers: 4
[1303.469s][debug][gc,phases      ] GC(79)   JVMTI Tag Weak OopStorage      Min:  0.0, Avg:  0.0, Max:  0.0, Diff:  0.0, Sum:  0.0, Workers: 4
[1303.469s][debug][gc,phases      ] GC(79)     Dead                           Min: 0, Avg:  0.0, Max: 0, Diff: 0, Sum: 0, Workers: 4
[1303.469s][debug][gc,phases      ] GC(79)     Total                          Min: 0, Avg:  0.0, Max: 0, Diff: 0, Sum: 0, Workers: 4
[1303.469s][debug][gc,phases      ] GC(79)   StringTable Weak               Min:  0.0, Avg:  0.1, Max:  0.1, Diff:  0.1, Sum:  0.4, Workers: 4
[1303.469s][debug][gc,phases      ] GC(79)     Dead                           Min: 0, Avg:  0.2, Max: 1, Diff: 1, Sum: 1, Workers: 4
[1303.469s][debug][gc,phases      ] GC(79)     Total                          Min: 0, Avg: 10796.2, Max: 14898, Diff: 14898, Sum: 43185, Workers: 4
[1303.469s][debug][gc,phases      ] GC(79)   ResolvedMethodTable Weak       Min:  0.0, Avg:  0.0, Max:  0.0, Diff:  0.0, Sum:  0.1, Workers: 4
[1303.469s][debug][gc,phases      ] GC(79)     Dead                           Min: 0, Avg:  0.0, Max: 0, Diff: 0, Sum: 0, Workers: 4
[1303.469s][debug][gc,phases      ] GC(79)     Total                          Min: 0, Avg: 2328.5, Max: 3328, Diff: 3328, Sum: 9314, Workers: 4
[1303.469s][debug][gc,phases      ] GC(79)   JNI Weak                       Min:  0.0, Avg:  0.0, Max:  0.0, Diff:  0.0, Sum:  0.0, Workers: 4
[1303.469s][debug][gc,phases      ] GC(79)     Dead                           Min: 0, Avg:  0.0, Max: 0, Diff: 0, Sum: 0, Workers: 4
[1303.469s][debug][gc,phases      ] GC(79)     Total                          Min: 0, Avg: 11.2, Max: 45, Diff: 45, Sum: 45, Workers: 4
[1303.469s][debug][gc,phases      ] GC(79)   StringDedup Table Weak         Min:  0.0, Avg:  0.0, Max:  0.0, Diff:  0.0, Sum:  0.0, Workers: 4
[1303.469s][debug][gc,phases      ] GC(79)     Dead                           Min: 0, Avg:  0.0, Max: 0, Diff: 0, Sum: 0, Workers: 4
[1303.469s][debug][gc,phases      ] GC(79)     Total                          Min: 0, Avg:  0.0, Max: 0, Diff: 0, Sum: 0, Workers: 4
[1303.469s][debug][gc,phases      ] GC(79)   StringDedup Requests0 Weak     Min:  0.0, Avg:  0.0, Max:  0.0, Diff:  0.0, Sum:  0.0, Workers: 4
[1303.469s][debug][gc,phases      ] GC(79)     Dead                           Min: 0, Avg:  0.0, Max: 0, Diff: 0, Sum: 0, Workers: 4
[1303.469s][debug][gc,phases      ] GC(79)     Total                          Min: 0, Avg:  0.0, Max: 0, Diff: 0, Sum: 0, Workers: 4
[1303.469s][debug][gc,phases      ] GC(79)   StringDedup Requests1 Weak     Min:  0.0, Avg:  0.0, Max:  0.0, Diff:  0.0, Sum:  0.0, Workers: 4
[1303.469s][debug][gc,phases      ] GC(79)     Dead                           Min: 0, Avg:  0.0, Max: 0, Diff: 0, Sum: 0, Workers: 4
[1303.469s][debug][gc,phases      ] GC(79)     Total                          Min: 0, Avg:  0.0, Max: 0, Diff: 0, Sum: 0, Workers: 4
[1303.469s][debug][gc,phases      ] GC(79)   Weak JFR Old Object Samples    Min:  0.0, Avg:  0.0, Max:  0.0, Diff:  0.0, Sum:  0.0, Workers: 4
[1303.469s][debug][gc,phases      ] GC(79)     Dead                           Min: 0, Avg:  0.0, Max: 0, Diff: 0, Sum: 0, Workers: 4
[1303.469s][debug][gc,phases      ] GC(79)     Total                          Min: 0, Avg:  0.0, Max: 0, Diff: 0, Sum: 0, Workers: 4
[1303.469s][debug][gc,phases      ] GC(79) Weak Processing 0.376ms
[1303.469s][debug][gc,age         ] GC(79) Desired survivor size 90177536 bytes, new threshold 15 (max threshold 15)
[1303.469s][info ][gc,heap        ] GC(79) PSYoungGen: 1980688K(1991168K)->52688K(1980928K) Eden: 1928192K(1928192K)->0K(1928192K) From: 52496K(62976K)->52688K(52736K)
[1303.469s][info ][gc,heap        ] GC(79) ParOldGen: 513478K(558080K)->513478K(558080K)
[1303.469s][info ][gc,metaspace   ] GC(79) Metaspace: 81673K(82816K)->81673K(82816K) NonClass: 70135K(70784K)->70135K(70784K) Class: 11537K(12032K)->11537K(12032K)
[1303.469s][info ][gc             ] GC(79) Pause Young (Allocation Failure) 2435M->552M(2479M) 16.842ms
[1303.469s][info ][gc,cpu         ] GC(79) User=0.06s Sys=0.00s Real=0.01s
[1303.469s][info ][safepoint      ] Safepoint "ParallelGCFailedAllocation", Time since last: 1846900686 ns, Reaching safepoint: 45001 ns, At safepoint: 16918248 ns, Total: 16963249 ns
[1305.469s][info ][safepoint      ] Safepoint "Cleanup", Time since last: 2000149738 ns, Reaching safepoint: 48101 ns, At safepoint: 2900 ns, Total: 51001 ns
[1306.469s][info ][safepoint      ] Safepoint "Cleanup", Time since last: 1000118871 ns, Reaching safepoint: 65201 ns, At safepoint: 2900 ns, Total: 68101 ns
[1308.470s][info ][safepoint      ] Safepoint "Cleanup", Time since last: 2000177573 ns, Reaching safepoint: 45201 ns, At safepoint: 7700 ns, Total: 52901 ns
[1316.470s][info ][safepoint      ] Safepoint "Cleanup", Time since last: 8000521498 ns, Reaching safepoint: 57402 ns, At safepoint: 11800 ns, Total: 69202 ns
[1317.470s][info ][safepoint      ] Safepoint "Cleanup", Time since last: 1000123110 ns, Reaching safepoint: 49901 ns, At safepoint: 3000 ns, Total: 52901 ns
[1318.471s][info ][safepoint      ] Safepoint "Cleanup", Time since last: 1000104535 ns, Reaching safepoint: 50302 ns, At safepoint: 31900 ns, Total: 82202 ns
[1322.471s][info ][safepoint      ] Safepoint "Cleanup", Time since last: 4000313939 ns, Reaching safepoint: 44001 ns, At safepoint: 6200 ns, Total: 50201 ns
[1326.991s][info ][gc,start       ] GC(80) Pause Young (Allocation Failure)
[1327.010s][debug][gc,phases      ] GC(80) Scavenge 18.724ms
[1327.010s][debug][gc,ref         ] GC(80) Skipped phase 1 of Reference Processing: no references
[1327.010s][debug][gc,ref         ] GC(80) ReferenceProcessor::execute queues: 1, RefProcThreadModel::Single, marks_oops_alive: false
[1327.010s][debug][gc,ref         ] GC(80) Skipped phase 3 of Reference Processing: no references
[1327.010s][debug][gc,ref         ] GC(80) ReferenceProcessor::execute queues: 1, RefProcThreadModel::Single, marks_oops_alive: false
[1327.010s][debug][gc,phases      ] GC(80) Reference Processing 0.120ms
[1327.010s][debug][gc,phases      ] GC(80)   VM Weak                        Min:  0.0, Avg:  0.0, Max:  0.0, Diff:  0.0, Sum:  0.0, Workers: 4
[1327.010s][debug][gc,phases      ] GC(80)     Dead                           Min: 0, Avg:  0.0, Max: 0, Diff: 0, Sum: 0, Workers: 4
[1327.010s][debug][gc,phases      ] GC(80)     Total                          Min: 0, Avg: 225.2, Max: 645, Diff: 645, Sum: 901, Workers: 4
[1327.010s][debug][gc,phases      ] GC(80)   ObjectSynchronizer Weak        Min:  0.0, Avg:  0.0, Max:  0.0, Diff:  0.0, Sum:  0.0, Workers: 4
[1327.010s][debug][gc,phases      ] GC(80)     Dead                           Min: 0, Avg:  0.0, Max: 0, Diff: 0, Sum: 0, Workers: 4
[1327.010s][debug][gc,phases      ] GC(80)     Total                          Min: 0, Avg:  7.8, Max: 31, Diff: 31, Sum: 31, Workers: 4
[1327.010s][debug][gc,phases      ] GC(80)   JVMTI Tag Weak OopStorage      Min:  0.0, Avg:  0.0, Max:  0.0, Diff:  0.0, Sum:  0.0, Workers: 4
[1327.010s][debug][gc,phases      ] GC(80)     Dead                           Min: 0, Avg:  0.0, Max: 0, Diff: 0, Sum: 0, Workers: 4
[1327.010s][debug][gc,phases      ] GC(80)     Total                          Min: 0, Avg:  0.0, Max: 0, Diff: 0, Sum: 0, Workers: 4
[1327.010s][debug][gc,phases      ] GC(80)   StringTable Weak               Min:  0.1, Avg:  0.1, Max:  0.1, Diff:  0.0, Sum:  0.5, Workers: 4
[1327.010s][debug][gc,phases      ] GC(80)     Dead                           Min: 0, Avg:  0.0, Max: 0, Diff: 0, Sum: 0, Workers: 4
[1327.010s][debug][gc,phases      ] GC(80)     Total                          Min: 9714, Avg: 10796.2, Max: 11328, Diff: 1614, Sum: 43185, Workers: 4
[1327.010s][debug][gc,phases      ] GC(80)   ResolvedMethodTable Weak       Min:  0.0, Avg:  0.0, Max:  0.0, Diff:  0.0, Sum:  0.1, Workers: 4
[1327.010s][debug][gc,phases      ] GC(80)     Dead                           Min: 0, Avg:  0.0, Max: 0, Diff: 0, Sum: 0, Workers: 4
[1327.010s][debug][gc,phases      ] GC(80)     Total                          Min: 2176, Avg: 2328.5, Max: 2432, Diff: 256, Sum: 9314, Workers: 4
[1327.010s][debug][gc,phases      ] GC(80)   JNI Weak                       Min:  0.0, Avg:  0.0, Max:  0.0, Diff:  0.0, Sum:  0.0, Workers: 4
[1327.010s][debug][gc,phases      ] GC(80)     Dead                           Min: 0, Avg:  0.0, Max: 0, Diff: 0, Sum: 0, Workers: 4
[1327.010s][debug][gc,phases      ] GC(80)     Total                          Min: 0, Avg: 11.2, Max: 45, Diff: 45, Sum: 45, Workers: 4
[1327.010s][debug][gc,phases      ] GC(80)   StringDedup Table Weak         Min:  0.0, Avg:  0.0, Max:  0.0, Diff:  0.0, Sum:  0.0, Workers: 4
[1327.010s][debug][gc,phases      ] GC(80)     Dead                           Min: 0, Avg:  0.0, Max: 0, Diff: 0, Sum: 0, Workers: 4
[1327.010s][debug][gc,phases      ] GC(80)     Total                          Min: 0, Avg:  0.0, Max: 0, Diff: 0, Sum: 0, Workers: 4
[1327.010s][debug][gc,phases      ] GC(80)   StringDedup Requests0 Weak     Min:  0.0, Avg:  0.0, Max:  0.0, Diff:  0.0, Sum:  0.0, Workers: 4
[1327.010s][debug][gc,phases      ] GC(80)     Dead                           Min: 0, Avg:  0.0, Max: 0, Diff: 0, Sum: 0, Workers: 4
[1327.010s][debug][gc,phases      ] GC(80)     Total                          Min: 0, Avg:  0.0, Max: 0, Diff: 0, Sum: 0, Workers: 4
[1327.010s][debug][gc,phases      ] GC(80)   StringDedup Requests1 Weak     Min:  0.0, Avg:  0.0, Max:  0.0, Diff:  0.0, Sum:  0.0, Workers: 4
[1327.010s][debug][gc,phases      ] GC(80)     Dead                           Min: 0, Avg:  0.0, Max: 0, Diff: 0, Sum: 0, Workers: 4
[1327.010s][debug][gc,phases      ] GC(80)     Total                          Min: 0, Avg:  0.0, Max: 0, Diff: 0, Sum: 0, Workers: 4
[1327.010s][debug][gc,phases      ] GC(80)   Weak JFR Old Object Samples    Min:  0.0, Avg:  0.0, Max:  0.0, Diff:  0.0, Sum:  0.0, Workers: 4
[1327.010s][debug][gc,phases      ] GC(80)     Dead                           Min: 0, Avg:  0.0, Max: 0, Diff: 0, Sum: 0, Workers: 4
[1327.010s][debug][gc,phases      ] GC(80)     Total                          Min: 0, Avg:  0.0, Max: 0, Diff: 0, Sum: 0, Workers: 4
[1327.010s][debug][gc,phases      ] GC(80) Weak Processing 0.350ms
[1327.010s][debug][gc,age         ] GC(80) Desired survivor size 93323264 bytes, new threshold 15 (max threshold 15)
[1327.010s][info ][gc,heap        ] GC(80) PSYoungGen: 1980880K(1980928K)->52704K(2002944K) Eden: 1928192K(1928192K)->0K(1914880K) From: 52688K(52736K)->52704K(88064K)
[1327.010s][info ][gc,heap        ] GC(80) ParOldGen: 513478K(558080K)->513542K(558080K)
[1327.010s][info ][gc,metaspace   ] GC(80) Metaspace: 81692K(82816K)->81692K(82816K) NonClass: 70154K(70784K)->70154K(70784K) Class: 11537K(12032K)->11537K(12032K)
[1327.010s][info ][gc             ] GC(80) Pause Young (Allocation Failure) 2435M->552M(2501M) 19.337ms
[1327.010s][info ][gc,cpu         ] GC(80) User=0.06s Sys=0.00s Real=0.02s
[1327.010s][info ][safepoint      ] Safepoint "ParallelGCFailedAllocation", Time since last: 4519934215 ns, Reaching safepoint: 109802 ns, At safepoint: 19422032 ns, Total: 19531834 ns
[1333.011s][info ][safepoint      ] Safepoint "Cleanup", Time since last: 6000384374 ns, Reaching safepoint: 53601 ns, At safepoint: 15001 ns, Total: 68602 ns
[1336.011s][info ][safepoint      ] Safepoint "Cleanup", Time since last: 3000339432 ns, Reaching safepoint: 45101 ns, At safepoint: 2500 ns, Total: 47601 ns
[1340.012s][info ][safepoint      ] Safepoint "Cleanup", Time since last: 4000324673 ns, Reaching safepoint: 40701 ns, At safepoint: 4800 ns, Total: 45501 ns
[1342.012s][info ][safepoint      ] Safepoint "Cleanup", Time since last: 2000188134 ns, Reaching safepoint: 46301 ns, At safepoint: 6900 ns, Total: 53201 ns
[1343.012s][info ][safepoint      ] Safepoint "Cleanup", Time since last: 1000120494 ns, Reaching safepoint: 53301 ns, At safepoint: 6500 ns, Total: 59801 ns
[1344.012s][info ][safepoint      ] Safepoint "Cleanup", Time since last: 1000115193 ns, Reaching safepoint: 44801 ns, At safepoint: 3800 ns, Total: 48601 ns
[1345.012s][info ][safepoint      ] Safepoint "Cleanup", Time since last: 1000129394 ns, Reaching safepoint: 39301 ns, At safepoint: 2900 ns, Total: 42201 ns
[1349.013s][info ][safepoint      ] Safepoint "Cleanup", Time since last: 4000326473 ns, Reaching safepoint: 53401 ns, At safepoint: 7300 ns, Total: 60701 ns
[1349.132s][info ][gc,start       ] GC(81) Pause Young (Allocation Failure)
[1349.151s][debug][gc,phases      ] GC(81) Scavenge 19.461ms
[1349.151s][debug][gc,ref         ] GC(81) Skipped phase 1 of Reference Processing: no references
[1349.151s][debug][gc,ref         ] GC(81) ReferenceProcessor::execute queues: 1, RefProcThreadModel::Single, marks_oops_alive: false
[1349.151s][debug][gc,ref         ] GC(81) Skipped phase 3 of Reference Processing: no references
[1349.151s][debug][gc,ref         ] GC(81) ReferenceProcessor::execute queues: 1, RefProcThreadModel::Single, marks_oops_alive: false
[1349.151s][debug][gc,phases      ] GC(81) Reference Processing 0.115ms
[1349.151s][debug][gc,phases      ] GC(81)   VM Weak                        Min:  0.0, Avg:  0.0, Max:  0.0, Diff:  0.0, Sum:  0.0, Workers: 4
[1349.151s][debug][gc,phases      ] GC(81)     Dead                           Min: 0, Avg:  0.0, Max: 0, Diff: 0, Sum: 0, Workers: 4
[1349.151s][debug][gc,phases      ] GC(81)     Total                          Min: 0, Avg: 225.2, Max: 832, Diff: 832, Sum: 901, Workers: 4
[1349.151s][debug][gc,phases      ] GC(81)   ObjectSynchronizer Weak        Min:  0.0, Avg:  0.0, Max:  0.0, Diff:  0.0, Sum:  0.0, Workers: 4
[1349.151s][debug][gc,phases      ] GC(81)     Dead                           Min: 0, Avg:  0.0, Max: 0, Diff: 0, Sum: 0, Workers: 4
[1349.151s][debug][gc,phases      ] GC(81)     Total                          Min: 0, Avg:  7.8, Max: 31, Diff: 31, Sum: 31, Workers: 4
[1349.151s][debug][gc,phases      ] GC(81)   JVMTI Tag Weak OopStorage      Min:  0.0, Avg:  0.0, Max:  0.0, Diff:  0.0, Sum:  0.0, Workers: 4
[1349.151s][debug][gc,phases      ] GC(81)     Dead                           Min: 0, Avg:  0.0, Max: 0, Diff: 0, Sum: 0, Workers: 4
[1349.151s][debug][gc,phases      ] GC(81)     Total                          Min: 0, Avg:  0.0, Max: 0, Diff: 0, Sum: 0, Workers: 4
[1349.151s][debug][gc,phases      ] GC(81)   StringTable Weak               Min:  0.0, Avg:  0.1, Max:  0.1, Diff:  0.1, Sum:  0.4, Workers: 4
[1349.151s][debug][gc,phases      ] GC(81)     Dead                           Min: 0, Avg:  0.0, Max: 0, Diff: 0, Sum: 0, Workers: 4
[1349.151s][debug][gc,phases      ] GC(81)     Total                          Min: 0, Avg: 10798.5, Max: 15291, Diff: 15291, Sum: 43194, Workers: 4
[1349.151s][debug][gc,phases      ] GC(81)   ResolvedMethodTable Weak       Min:  0.0, Avg:  0.0, Max:  0.0, Diff:  0.0, Sum:  0.1, Workers: 4
[1349.151s][debug][gc,phases      ] GC(81)     Dead                           Min: 0, Avg:  0.0, Max: 0, Diff: 0, Sum: 0, Workers: 4
[1349.151s][debug][gc,phases      ] GC(81)     Total                          Min: 0, Avg: 2329.2, Max: 3173, Diff: 3173, Sum: 9317, Workers: 4
[1349.151s][debug][gc,phases      ] GC(81)   JNI Weak                       Min:  0.0, Avg:  0.0, Max:  0.0, Diff:  0.0, Sum:  0.0, Workers: 4
[1349.151s][debug][gc,phases      ] GC(81)     Dead                           Min: 0, Avg:  0.0, Max: 0, Diff: 0, Sum: 0, Workers: 4
[1349.151s][debug][gc,phases      ] GC(81)     Total                          Min: 0, Avg: 11.2, Max: 45, Diff: 45, Sum: 45, Workers: 4
[1349.152s][debug][gc,phases      ] GC(81)   StringDedup Table Weak         Min:  0.0, Avg:  0.0, Max:  0.0, Diff:  0.0, Sum:  0.0, Workers: 4
[1349.152s][debug][gc,phases      ] GC(81)     Dead                           Min: 0, Avg:  0.0, Max: 0, Diff: 0, Sum: 0, Workers: 4
[1349.152s][debug][gc,phases      ] GC(81)     Total                          Min: 0, Avg:  0.0, Max: 0, Diff: 0, Sum: 0, Workers: 4
[1349.152s][debug][gc,phases      ] GC(81)   StringDedup Requests0 Weak     Min:  0.0, Avg:  0.0, Max:  0.0, Diff:  0.0, Sum:  0.0, Workers: 4
[1349.152s][debug][gc,phases      ] GC(81)     Dead                           Min: 0, Avg:  0.0, Max: 0, Diff: 0, Sum: 0, Workers: 4
[1349.152s][debug][gc,phases      ] GC(81)     Total                          Min: 0, Avg:  0.0, Max: 0, Diff: 0, Sum: 0, Workers: 4
[1349.152s][debug][gc,phases      ] GC(81)   StringDedup Requests1 Weak     Min:  0.0, Avg:  0.0, Max:  0.0, Diff:  0.0, Sum:  0.0, Workers: 4
[1349.152s][debug][gc,phases      ] GC(81)     Dead                           Min: 0, Avg:  0.0, Max: 0, Diff: 0, Sum: 0, Workers: 4
[1349.152s][debug][gc,phases      ] GC(81)     Total                          Min: 0, Avg:  0.0, Max: 0, Diff: 0, Sum: 0, Workers: 4
[1349.152s][debug][gc,phases      ] GC(81)   Weak JFR Old Object Samples    Min:  0.0, Avg:  0.0, Max:  0.0, Diff:  0.0, Sum:  0.0, Workers: 4
[1349.152s][debug][gc,phases      ] GC(81)     Dead                           Min: 0, Avg:  0.0, Max: 0, Diff: 0, Sum: 0, Workers: 4
[1349.152s][debug][gc,phases      ] GC(81)     Total                          Min: 0, Avg:  0.0, Max: 0, Diff: 0, Sum: 0, Workers: 4
[1349.152s][debug][gc,phases      ] GC(81) Weak Processing 0.372ms
[1349.152s][debug][gc,age         ] GC(81) Desired survivor size 95420416 bytes, new threshold 15 (max threshold 15)
[1349.152s][info ][gc,heap        ] GC(81) PSYoungGen: 1967584K(2002944K)->53520K(1968640K) Eden: 1914880K(1914880K)->0K(1914880K) From: 52704K(88064K)->53520K(53760K)
[1349.152s][info ][gc,heap        ] GC(81) ParOldGen: 513542K(558080K)->513590K(558080K)
[1349.152s][info ][gc,metaspace   ] GC(81) Metaspace: 81715K(82816K)->81715K(82816K) NonClass: 70176K(70784K)->70176K(70784K) Class: 11538K(12032K)->11538K(12032K)
[1349.152s][info ][gc             ] GC(81) Pause Young (Allocation Failure) 2422M->553M(2467M) 20.099ms
[1349.152s][info ][gc,cpu         ] GC(81) User=0.06s Sys=0.00s Real=0.02s
[1349.152s][info ][safepoint      ] Safepoint "ParallelGCFailedAllocation", Time since last: 118715039 ns, Reaching safepoint: 46601 ns, At safepoint: 20183249 ns, Total: 20229850 ns
[1353.152s][info ][safepoint      ] Safepoint "Cleanup", Time since last: 4000269332 ns, Reaching safepoint: 112803 ns, At safepoint: 5500 ns, Total: 118303 ns
[1356.152s][info ][safepoint      ] Safepoint "Cleanup", Time since last: 3000269501 ns, Reaching safepoint: 121402 ns, At safepoint: 5601 ns, Total: 127003 ns
[1359.153s][info ][safepoint      ] Safepoint "Cleanup", Time since last: 3000268394 ns, Reaching safepoint: 127703 ns, At safepoint: 5600 ns, Total: 133303 ns
[1361.153s][info ][safepoint      ] Safepoint "Cleanup", Time since last: 2000211762 ns, Reaching safepoint: 132203 ns, At safepoint: 5400 ns, Total: 137603 ns
[1363.154s][info ][safepoint      ] Safepoint "Cleanup", Time since last: 2000187461 ns, Reaching safepoint: 116303 ns, At safepoint: 4400 ns, Total: 120703 ns
[1365.154s][info ][safepoint      ] Safepoint "Cleanup", Time since last: 2000186760 ns, Reaching safepoint: 113403 ns, At safepoint: 6600 ns, Total: 120003 ns
[1369.154s][info ][safepoint      ] Safepoint "Cleanup", Time since last: 4000332205 ns, Reaching safepoint: 126103 ns, At safepoint: 8800 ns, Total: 134903 ns
[1370.155s][info ][safepoint      ] Safepoint "Cleanup", Time since last: 1000114627 ns, Reaching safepoint: 130803 ns, At safepoint: 6600 ns, Total: 137403 ns
[1371.490s][info ][gc,start       ] GC(82) Pause Young (Allocation Failure)
[1371.507s][debug][gc,phases      ] GC(82) Scavenge 16.098ms
[1371.507s][debug][gc,ref         ] GC(82) Skipped phase 1 of Reference Processing: no references
[1371.507s][debug][gc,ref         ] GC(82) ReferenceProcessor::execute queues: 1, RefProcThreadModel::Single, marks_oops_alive: false
[1371.507s][debug][gc,ref         ] GC(82) Skipped phase 3 of Reference Processing: no references
[1371.507s][debug][gc,ref         ] GC(82) ReferenceProcessor::execute queues: 1, RefProcThreadModel::Single, marks_oops_alive: false
[1371.507s][debug][gc,phases      ] GC(82) Reference Processing 0.120ms
[1371.507s][debug][gc,phases      ] GC(82)   VM Weak                        Min:  0.0, Avg:  0.0, Max:  0.0, Diff:  0.0, Sum:  0.0, Workers: 4
[1371.507s][debug][gc,phases      ] GC(82)     Dead                           Min: 0, Avg:  0.0, Max: 0, Diff: 0, Sum: 0, Workers: 4
[1371.507s][debug][gc,phases      ] GC(82)     Total                          Min: 0, Avg: 225.5, Max: 774, Diff: 774, Sum: 902, Workers: 4
[1371.507s][debug][gc,phases      ] GC(82)   ObjectSynchronizer Weak        Min:  0.0, Avg:  0.0, Max:  0.0, Diff:  0.0, Sum:  0.0, Workers: 4
[1371.507s][debug][gc,phases      ] GC(82)     Dead                           Min: 0, Avg:  0.0, Max: 0, Diff: 0, Sum: 0, Workers: 4
[1371.507s][debug][gc,phases      ] GC(82)     Total                          Min: 0, Avg:  7.8, Max: 31, Diff: 31, Sum: 31, Workers: 4
[1371.507s][debug][gc,phases      ] GC(82)   JVMTI Tag Weak OopStorage      Min:  0.0, Avg:  0.0, Max:  0.0, Diff:  0.0, Sum:  0.0, Workers: 4
[1371.507s][debug][gc,phases      ] GC(82)     Dead                           Min: 0, Avg:  0.0, Max: 0, Diff: 0, Sum: 0, Workers: 4
[1371.507s][debug][gc,phases      ] GC(82)     Total                          Min: 0, Avg:  0.0, Max: 0, Diff: 0, Sum: 0, Workers: 4
[1371.507s][debug][gc,phases      ] GC(82)   StringTable Weak               Min:  0.0, Avg:  0.1, Max:  0.1, Diff:  0.1, Sum:  0.4, Workers: 4
[1371.507s][debug][gc,phases      ] GC(82)     Dead                           Min: 0, Avg:  0.5, Max: 2, Diff: 2, Sum: 2, Workers: 4
[1371.507s][debug][gc,phases      ] GC(82)     Total                          Min: 0, Avg: 10800.2, Max: 15747, Diff: 15747, Sum: 43201, Workers: 4
[1371.507s][debug][gc,phases      ] GC(82)   ResolvedMethodTable Weak       Min:  0.0, Avg:  0.0, Max:  0.0, Diff:  0.0, Sum:  0.1, Workers: 4
[1371.507s][debug][gc,phases      ] GC(82)     Dead                           Min: 0, Avg:  0.0, Max: 0, Diff: 0, Sum: 0, Workers: 4
[1371.507s][debug][gc,phases      ] GC(82)     Total                          Min: 0, Avg: 2333.0, Max: 3700, Diff: 3700, Sum: 9332, Workers: 4
[1371.507s][debug][gc,phases      ] GC(82)   JNI Weak                       Min:  0.0, Avg:  0.0, Max:  0.0, Diff:  0.0, Sum:  0.0, Workers: 4
[1371.507s][debug][gc,phases      ] GC(82)     Dead                           Min: 0, Avg:  0.0, Max: 0, Diff: 0, Sum: 0, Workers: 4
[1371.507s][debug][gc,phases      ] GC(82)     Total                          Min: 0, Avg: 11.2, Max: 45, Diff: 45, Sum: 45, Workers: 4
[1371.507s][debug][gc,phases      ] GC(82)   StringDedup Table Weak         Min:  0.0, Avg:  0.0, Max:  0.0, Diff:  0.0, Sum:  0.0, Workers: 4
[1371.507s][debug][gc,phases      ] GC(82)     Dead                           Min: 0, Avg:  0.0, Max: 0, Diff: 0, Sum: 0, Workers: 4
[1371.507s][debug][gc,phases      ] GC(82)     Total                          Min: 0, Avg:  0.0, Max: 0, Diff: 0, Sum: 0, Workers: 4
[1371.507s][debug][gc,phases      ] GC(82)   StringDedup Requests0 Weak     Min:  0.0, Avg:  0.0, Max:  0.0, Diff:  0.0, Sum:  0.0, Workers: 4
[1371.507s][debug][gc,phases      ] GC(82)     Dead                           Min: 0, Avg:  0.0, Max: 0, Diff: 0, Sum: 0, Workers: 4
[1371.507s][debug][gc,phases      ] GC(82)     Total                          Min: 0, Avg:  0.0, Max: 0, Diff: 0, Sum: 0, Workers: 4
[1371.507s][debug][gc,phases      ] GC(82)   StringDedup Requests1 Weak     Min:  0.0, Avg:  0.0, Max:  0.0, Diff:  0.0, Sum:  0.0, Workers: 4
[1371.507s][debug][gc,phases      ] GC(82)     Dead                           Min: 0, Avg:  0.0, Max: 0, Diff: 0, Sum: 0, Workers: 4
[1371.507s][debug][gc,phases      ] GC(82)     Total                          Min: 0, Avg:  0.0, Max: 0, Diff: 0, Sum: 0, Workers: 4
[1371.507s][debug][gc,phases      ] GC(82)   Weak JFR Old Object Samples    Min:  0.0, Avg:  0.0, Max:  0.0, Diff:  0.0, Sum:  0.0, Workers: 4
[1371.507s][debug][gc,phases      ] GC(82)     Dead                           Min: 0, Avg:  0.0, Max: 0, Diff: 0, Sum: 0, Workers: 4
[1371.507s][debug][gc,phases      ] GC(82)     Total                          Min: 0, Avg:  0.0, Max: 0, Diff: 0, Sum: 0, Workers: 4
[1371.507s][debug][gc,phases      ] GC(82) Weak Processing 0.387ms
[1371.507s][debug][gc,age         ] GC(82) Desired survivor size 96993280 bytes, new threshold 15 (max threshold 15)
[1371.507s][info ][gc,heap        ] GC(82) PSYoungGen: 1968400K(1968640K)->53520K(2000896K) Eden: 1914880K(1914880K)->0K(1907712K) From: 53520K(53760K)->53520K(93184K)
[1371.507s][info ][gc,heap        ] GC(82) ParOldGen: 513590K(558080K)->513694K(558080K)
[1371.507s][info ][gc,metaspace   ] GC(82) Metaspace: 81743K(82816K)->81743K(82816K) NonClass: 70197K(70784K)->70197K(70784K) Class: 11545K(12032K)->11545K(12032K)
[1371.507s][info ][gc             ] GC(82) Pause Young (Allocation Failure) 2423M->553M(2499M) 16.747ms
[1371.507s][info ][gc,cpu         ] GC(82) User=0.06s Sys=0.00s Real=0.02s
[1371.507s][info ][safepoint      ] Safepoint "ParallelGCFailedAllocation", Time since last: 1335759486 ns, Reaching safepoint: 110603 ns, At safepoint: 16828274 ns, Total: 16938877 ns
[1377.508s][info ][safepoint      ] Safepoint "Cleanup", Time since last: 6000427251 ns, Reaching safepoint: 47801 ns, At safepoint: 2500 ns, Total: 50301 ns
[1378.508s][info ][safepoint      ] Safepoint "Cleanup", Time since last: 1000137227 ns, Reaching safepoint: 137503 ns, At safepoint: 7200 ns, Total: 144703 ns
[1393.461s][info ][safepoint      ] Safepoint "Cleanup", Time since last: 14953116252 ns, Reaching safepoint: 60601 ns, At safepoint: 3000 ns, Total: 63601 ns
[1393.793s][info ][gc,start       ] GC(83) Pause Young (Allocation Failure)
[1393.811s][debug][gc,phases      ] GC(83) Scavenge 17.834ms
[1393.811s][debug][gc,ref         ] GC(83) Skipped phase 1 of Reference Processing: no references
[1393.811s][debug][gc,ref         ] GC(83) ReferenceProcessor::execute queues: 1, RefProcThreadModel::Single, marks_oops_alive: false
[1393.811s][debug][gc,ref         ] GC(83) Skipped phase 3 of Reference Processing: no references
[1393.811s][debug][gc,ref         ] GC(83) ReferenceProcessor::execute queues: 1, RefProcThreadModel::Single, marks_oops_alive: false
[1393.811s][debug][gc,phases      ] GC(83) Reference Processing 0.124ms
[1393.812s][debug][gc,phases      ] GC(83)   VM Weak                        Min:  0.0, Avg:  0.0, Max:  0.0, Diff:  0.0, Sum:  0.0, Workers: 4
[1393.812s][debug][gc,phases      ] GC(83)     Dead                           Min: 0, Avg:  0.0, Max: 0, Diff: 0, Sum: 0, Workers: 4
[1393.812s][debug][gc,phases      ] GC(83)     Total                          Min: 0, Avg: 225.5, Max: 576, Diff: 576, Sum: 902, Workers: 4
[1393.812s][debug][gc,phases      ] GC(83)   ObjectSynchronizer Weak        Min:  0.0, Avg:  0.0, Max:  0.0, Diff:  0.0, Sum:  0.0, Workers: 4
[1393.812s][debug][gc,phases      ] GC(83)     Dead                           Min: 0, Avg:  0.0, Max: 0, Diff: 0, Sum: 0, Workers: 4
[1393.812s][debug][gc,phases      ] GC(83)     Total                          Min: 0, Avg:  7.8, Max: 31, Diff: 31, Sum: 31, Workers: 4
[1393.812s][debug][gc,phases      ] GC(83)   JVMTI Tag Weak OopStorage      Min:  0.0, Avg:  0.0, Max:  0.0, Diff:  0.0, Sum:  0.0, Workers: 4
[1393.812s][debug][gc,phases      ] GC(83)     Dead                           Min: 0, Avg:  0.0, Max: 0, Diff: 0, Sum: 0, Workers: 4
[1393.812s][debug][gc,phases      ] GC(83)     Total                          Min: 0, Avg:  0.0, Max: 0, Diff: 0, Sum: 0, Workers: 4
[1393.812s][debug][gc,phases      ] GC(83)   StringTable Weak               Min:  0.0, Avg:  0.1, Max:  0.1, Diff:  0.1, Sum:  0.4, Workers: 4
[1393.812s][debug][gc,phases      ] GC(83)     Dead                           Min: 0, Avg:  0.0, Max: 0, Diff: 0, Sum: 0, Workers: 4
[1393.812s][debug][gc,phases      ] GC(83)     Total                          Min: 0, Avg: 10801.0, Max: 15558, Diff: 15558, Sum: 43204, Workers: 4
[1393.812s][debug][gc,phases      ] GC(83)   ResolvedMethodTable Weak       Min:  0.0, Avg:  0.0, Max:  0.0, Diff:  0.0, Sum:  0.1, Workers: 4
[1393.812s][debug][gc,phases      ] GC(83)     Dead                           Min: 0, Avg:  0.0, Max: 0, Diff: 0, Sum: 0, Workers: 4
[1393.812s][debug][gc,phases      ] GC(83)     Total                          Min: 0, Avg: 2333.2, Max: 3328, Diff: 3328, Sum: 9333, Workers: 4
[1393.812s][debug][gc,phases      ] GC(83)   JNI Weak                       Min:  0.0, Avg:  0.0, Max:  0.0, Diff:  0.0, Sum:  0.0, Workers: 4
[1393.812s][debug][gc,phases      ] GC(83)     Dead                           Min: 0, Avg:  0.0, Max: 0, Diff: 0, Sum: 0, Workers: 4
[1393.812s][debug][gc,phases      ] GC(83)     Total                          Min: 0, Avg: 11.2, Max: 45, Diff: 45, Sum: 45, Workers: 4
[1393.812s][debug][gc,phases      ] GC(83)   StringDedup Table Weak         Min:  0.0, Avg:  0.0, Max:  0.0, Diff:  0.0, Sum:  0.0, Workers: 4
[1393.812s][debug][gc,phases      ] GC(83)     Dead                           Min: 0, Avg:  0.0, Max: 0, Diff: 0, Sum: 0, Workers: 4
[1393.812s][debug][gc,phases      ] GC(83)     Total                          Min: 0, Avg:  0.0, Max: 0, Diff: 0, Sum: 0, Workers: 4
[1393.812s][debug][gc,phases      ] GC(83)   StringDedup Requests0 Weak     Min:  0.0, Avg:  0.0, Max:  0.0, Diff:  0.0, Sum:  0.0, Workers: 4
[1393.812s][debug][gc,phases      ] GC(83)     Dead                           Min: 0, Avg:  0.0, Max: 0, Diff: 0, Sum: 0, Workers: 4
[1393.812s][debug][gc,phases      ] GC(83)     Total                          Min: 0, Avg:  0.0, Max: 0, Diff: 0, Sum: 0, Workers: 4
[1393.812s][debug][gc,phases      ] GC(83)   StringDedup Requests1 Weak     Min:  0.0, Avg:  0.0, Max:  0.0, Diff:  0.0, Sum:  0.0, Workers: 4
[1393.812s][debug][gc,phases      ] GC(83)     Dead                           Min: 0, Avg:  0.0, Max: 0, Diff: 0, Sum: 0, Workers: 4
[1393.812s][debug][gc,phases      ] GC(83)     Total                          Min: 0, Avg:  0.0, Max: 0, Diff: 0, Sum: 0, Workers: 4
[1393.812s][debug][gc,phases      ] GC(83)   Weak JFR Old Object Samples    Min:  0.0, Avg:  0.0, Max:  0.0, Diff:  0.0, Sum:  0.0, Workers: 4
[1393.812s][debug][gc,phases      ] GC(83)     Dead                           Min: 0, Avg:  0.0, Max: 0, Diff: 0, Sum: 0, Workers: 4
[1393.812s][debug][gc,phases      ] GC(83)     Total                          Min: 0, Avg:  0.0, Max: 0, Diff: 0, Sum: 0, Workers: 4
[1393.812s][debug][gc,phases      ] GC(83) Weak Processing 0.394ms
[1393.812s][debug][gc,age         ] GC(83) Desired survivor size 97517568 bytes, new threshold 15 (max threshold 15)
[1393.812s][info ][gc,heap        ] GC(83) PSYoungGen: 1961232K(2000896K)->53424K(1961472K) Eden: 1907712K(1907712K)->0K(1907712K) From: 53520K(93184K)->53424K(53760K)
[1393.812s][info ][gc,heap        ] GC(83) ParOldGen: 513694K(558080K)->513830K(558080K)
[1393.812s][info ][gc,metaspace   ] GC(83) Metaspace: 81754K(82880K)->81754K(82880K) NonClass: 70208K(70848K)->70208K(70848K) Class: 11546K(12032K)->11546K(12032K)
[1393.812s][info ][gc             ] GC(83) Pause Young (Allocation Failure) 2416M->553M(2460M) 18.500ms
[1393.812s][info ][gc,cpu         ] GC(83) User=0.06s Sys=0.00s Real=0.02s
[1393.812s][info ][safepoint      ] Safepoint "ParallelGCFailedAllocation", Time since last: 332172376 ns, Reaching safepoint: 41700 ns, At safepoint: 18579313 ns, Total: 18621013 ns
[1395.812s][info ][safepoint      ] Safepoint "Cleanup", Time since last: 2000154810 ns, Reaching safepoint: 48601 ns, At safepoint: 3100 ns, Total: 51701 ns
[1399.813s][info ][safepoint      ] Safepoint "Cleanup", Time since last: 4000342229 ns, Reaching safepoint: 46501 ns, At safepoint: 5200 ns, Total: 51701 ns
[1404.813s][info ][safepoint      ] Safepoint "Cleanup", Time since last: 5000367003 ns, Reaching safepoint: 89502 ns, At safepoint: 3200 ns, Total: 92702 ns
[1405.813s][info ][safepoint      ] Safepoint "Cleanup", Time since last: 1000118184 ns, Reaching safepoint: 56402 ns, At safepoint: 5000 ns, Total: 61402 ns
[1407.813s][info ][safepoint      ] Safepoint "Cleanup", Time since last: 2000188805 ns, Reaching safepoint: 50901 ns, At safepoint: 2500 ns, Total: 53401 ns
[1409.814s][info ][safepoint      ] Safepoint "Cleanup", Time since last: 2000157205 ns, Reaching safepoint: 49501 ns, At safepoint: 4201 ns, Total: 53702 ns
[1416.542s][info ][gc,start       ] GC(84) Pause Young (Allocation Failure)
[1416.558s][debug][gc,phases      ] GC(84) Scavenge 16.390ms
[1416.558s][debug][gc,ref         ] GC(84) Skipped phase 1 of Reference Processing: no references
[1416.558s][debug][gc,ref         ] GC(84) ReferenceProcessor::execute queues: 1, RefProcThreadModel::Single, marks_oops_alive: false
[1416.558s][debug][gc,ref         ] GC(84) Skipped phase 3 of Reference Processing: no references
[1416.558s][debug][gc,ref         ] GC(84) ReferenceProcessor::execute queues: 1, RefProcThreadModel::Single, marks_oops_alive: false
[1416.558s][debug][gc,phases      ] GC(84) Reference Processing 0.113ms
[1416.559s][debug][gc,phases      ] GC(84)   VM Weak                        Min:  0.0, Avg:  0.0, Max:  0.0, Diff:  0.0, Sum:  0.0, Workers: 4
[1416.559s][debug][gc,phases      ] GC(84)     Dead                           Min: 0, Avg:  0.0, Max: 0, Diff: 0, Sum: 0, Workers: 4
[1416.559s][debug][gc,phases      ] GC(84)     Total                          Min: 0, Avg: 225.5, Max: 448, Diff: 448, Sum: 902, Workers: 4
[1416.559s][debug][gc,phases      ] GC(84)   ObjectSynchronizer Weak        Min:  0.0, Avg:  0.0, Max:  0.0, Diff:  0.0, Sum:  0.0, Workers: 4
[1416.559s][debug][gc,phases      ] GC(84)     Dead                           Min: 0, Avg:  0.0, Max: 0, Diff: 0, Sum: 0, Workers: 4
[1416.559s][debug][gc,phases      ] GC(84)     Total                          Min: 0, Avg:  7.8, Max: 31, Diff: 31, Sum: 31, Workers: 4
[1416.559s][debug][gc,phases      ] GC(84)   JVMTI Tag Weak OopStorage      Min:  0.0, Avg:  0.0, Max:  0.0, Diff:  0.0, Sum:  0.0, Workers: 4
[1416.559s][debug][gc,phases      ] GC(84)     Dead                           Min: 0, Avg:  0.0, Max: 0, Diff: 0, Sum: 0, Workers: 4
[1416.559s][debug][gc,phases      ] GC(84)     Total                          Min: 0, Avg:  0.0, Max: 0, Diff: 0, Sum: 0, Workers: 4
[1416.559s][debug][gc,phases      ] GC(84)   StringTable Weak               Min:  0.1, Avg:  0.1, Max:  0.1, Diff:  0.0, Sum:  0.5, Workers: 4
[1416.559s][debug][gc,phases      ] GC(84)     Dead                           Min: 0, Avg:  0.0, Max: 0, Diff: 0, Sum: 0, Workers: 4
[1416.559s][debug][gc,phases      ] GC(84)     Total                          Min: 9920, Avg: 10801.0, Max: 11269, Diff: 1349, Sum: 43204, Workers: 4
[1416.559s][debug][gc,phases      ] GC(84)   ResolvedMethodTable Weak       Min:  0.0, Avg:  0.0, Max:  0.0, Diff:  0.0, Sum:  0.1, Workers: 4
[1416.559s][debug][gc,phases      ] GC(84)     Dead                           Min: 0, Avg:  0.0, Max: 0, Diff: 0, Sum: 0, Workers: 4
[1416.559s][debug][gc,phases      ] GC(84)     Total                          Min: 2166, Avg: 2333.2, Max: 2495, Diff: 329, Sum: 9333, Workers: 4
[1416.559s][debug][gc,phases      ] GC(84)   JNI Weak                       Min:  0.0, Avg:  0.0, Max:  0.0, Diff:  0.0, Sum:  0.0, Workers: 4
[1416.559s][debug][gc,phases      ] GC(84)     Dead                           Min: 0, Avg:  0.0, Max: 0, Diff: 0, Sum: 0, Workers: 4
[1416.559s][debug][gc,phases      ] GC(84)     Total                          Min: 0, Avg: 11.2, Max: 45, Diff: 45, Sum: 45, Workers: 4
[1416.559s][debug][gc,phases      ] GC(84)   StringDedup Table Weak         Min:  0.0, Avg:  0.0, Max:  0.0, Diff:  0.0, Sum:  0.0, Workers: 4
[1416.559s][debug][gc,phases      ] GC(84)     Dead                           Min: 0, Avg:  0.0, Max: 0, Diff: 0, Sum: 0, Workers: 4
[1416.559s][debug][gc,phases      ] GC(84)     Total                          Min: 0, Avg:  0.0, Max: 0, Diff: 0, Sum: 0, Workers: 4
[1416.559s][debug][gc,phases      ] GC(84)   StringDedup Requests0 Weak     Min:  0.0, Avg:  0.0, Max:  0.0, Diff:  0.0, Sum:  0.0, Workers: 4
[1416.559s][debug][gc,phases      ] GC(84)     Dead                           Min: 0, Avg:  0.0, Max: 0, Diff: 0, Sum: 0, Workers: 4
[1416.559s][debug][gc,phases      ] GC(84)     Total                          Min: 0, Avg:  0.0, Max: 0, Diff: 0, Sum: 0, Workers: 4
[1416.559s][debug][gc,phases      ] GC(84)   StringDedup Requests1 Weak     Min:  0.0, Avg:  0.0, Max:  0.0, Diff:  0.0, Sum:  0.0, Workers: 4
[1416.559s][debug][gc,phases      ] GC(84)     Dead                           Min: 0, Avg:  0.0, Max: 0, Diff: 0, Sum: 0, Workers: 4
[1416.559s][debug][gc,phases      ] GC(84)     Total                          Min: 0, Avg:  0.0, Max: 0, Diff: 0, Sum: 0, Workers: 4
[1416.559s][debug][gc,phases      ] GC(84)   Weak JFR Old Object Samples    Min:  0.0, Avg:  0.0, Max:  0.0, Diff:  0.0, Sum:  0.0, Workers: 4
[1416.559s][debug][gc,phases      ] GC(84)     Dead                           Min: 0, Avg:  0.0, Max: 0, Diff: 0, Sum: 0, Workers: 4
[1416.559s][debug][gc,phases      ] GC(84)     Total                          Min: 0, Avg:  0.0, Max: 0, Diff: 0, Sum: 0, Workers: 4
[1416.559s][debug][gc,phases      ] GC(84) Weak Processing 0.344ms
[1416.559s][debug][gc,age         ] GC(84) Desired survivor size 98041856 bytes, new threshold 15 (max threshold 15)
[1416.559s][info ][gc,heap        ] GC(84) PSYoungGen: 1961136K(1961472K)->54000K(2000896K) Eden: 1907712K(1907712K)->0K(1905664K) From: 53424K(53760K)->54000K(95232K)
[1416.559s][info ][gc,heap        ] GC(84) ParOldGen: 513830K(558080K)->514026K(558080K)
[1416.559s][info ][gc,metaspace   ] GC(84) Metaspace: 81756K(82880K)->81756K(82880K) NonClass: 70209K(70848K)->70209K(70848K) Class: 11546K(12032K)->11546K(12032K)
[1416.559s][info ][gc             ] GC(84) Pause Young (Allocation Failure) 2416M->554M(2499M) 17.005ms
[1416.559s][info ][gc,cpu         ] GC(84) User=0.07s Sys=0.00s Real=0.02s
[1416.559s][info ][safepoint      ] Safepoint "ParallelGCFailedAllocation", Time since last: 6727952811 ns, Reaching safepoint: 110602 ns, At safepoint: 17084479 ns, Total: 17195081 ns
[1418.559s][info ][safepoint      ] Safepoint "Cleanup", Time since last: 2000131618 ns, Reaching safepoint: 44701 ns, At safepoint: 2700 ns, Total: 47401 ns
[1419.559s][info ][safepoint      ] Safepoint "Cleanup", Time since last: 1000113161 ns, Reaching safepoint: 53401 ns, At safepoint: 2600 ns, Total: 56001 ns
[1420.559s][info ][safepoint      ] Safepoint "Cleanup", Time since last: 1000103360 ns, Reaching safepoint: 59401 ns, At safepoint: 3300 ns, Total: 62701 ns
[1421.560s][info ][safepoint      ] Safepoint "Cleanup", Time since last: 1000132777 ns, Reaching safepoint: 50901 ns, At safepoint: 3400 ns, Total: 54301 ns
[1422.560s][info ][safepoint      ] Safepoint "Cleanup", Time since last: 1000118107 ns, Reaching safepoint: 61502 ns, At safepoint: 7300 ns, Total: 68802 ns
[1423.560s][info ][safepoint      ] Safepoint "Cleanup", Time since last: 1000108707 ns, Reaching safepoint: 40201 ns, At safepoint: 2400 ns, Total: 42601 ns
[1424.560s][info ][safepoint      ] Safepoint "Cleanup", Time since last: 1000105907 ns, Reaching safepoint: 45901 ns, At safepoint: 2900 ns, Total: 48801 ns
[1427.560s][info ][safepoint      ] Safepoint "Cleanup", Time since last: 3000275021 ns, Reaching safepoint: 47601 ns, At safepoint: 3500 ns, Total: 51101 ns
[1429.561s][info ][safepoint      ] Safepoint "Cleanup", Time since last: 2000188404 ns, Reaching safepoint: 46501 ns, At safepoint: 2900 ns, Total: 49401 ns
[1434.561s][info ][safepoint      ] Safepoint "Cleanup", Time since last: 5000381878 ns, Reaching safepoint: 60601 ns, At safepoint: 2800 ns, Total: 63401 ns
[1434.791s][info ][gc,start       ] GC(85) Pause Young (Allocation Failure)
[1434.809s][debug][gc,phases      ] GC(85) Scavenge 17.718ms
[1434.809s][debug][gc,ref         ] GC(85) Skipped phase 1 of Reference Processing: no references
[1434.809s][debug][gc,ref         ] GC(85) ReferenceProcessor::execute queues: 1, RefProcThreadModel::Single, marks_oops_alive: false
[1434.809s][debug][gc,ref         ] GC(85) Skipped phase 3 of Reference Processing: no references
[1434.809s][debug][gc,ref         ] GC(85) ReferenceProcessor::execute queues: 1, RefProcThreadModel::Single, marks_oops_alive: false
[1434.809s][debug][gc,phases      ] GC(85) Reference Processing 0.123ms
[1434.809s][debug][gc,phases      ] GC(85)   VM Weak                        Min:  0.0, Avg:  0.0, Max:  0.0, Diff:  0.0, Sum:  0.0, Workers: 4
[1434.809s][debug][gc,phases      ] GC(85)     Dead                           Min: 0, Avg:  0.0, Max: 0, Diff: 0, Sum: 0, Workers: 4
[1434.809s][debug][gc,phases      ] GC(85)     Total                          Min: 0, Avg: 225.5, Max: 518, Diff: 518, Sum: 902, Workers: 4
[1434.809s][debug][gc,phases      ] GC(85)   ObjectSynchronizer Weak        Min:  0.0, Avg:  0.0, Max:  0.0, Diff:  0.0, Sum:  0.0, Workers: 4
[1434.809s][debug][gc,phases      ] GC(85)     Dead                           Min: 0, Avg:  0.0, Max: 0, Diff: 0, Sum: 0, Workers: 4
[1434.809s][debug][gc,phases      ] GC(85)     Total                          Min: 0, Avg:  7.8, Max: 31, Diff: 31, Sum: 31, Workers: 4
[1434.809s][debug][gc,phases      ] GC(85)   JVMTI Tag Weak OopStorage      Min:  0.0, Avg:  0.0, Max:  0.0, Diff:  0.0, Sum:  0.0, Workers: 4
[1434.809s][debug][gc,phases      ] GC(85)     Dead                           Min: 0, Avg:  0.0, Max: 0, Diff: 0, Sum: 0, Workers: 4
[1434.809s][debug][gc,phases      ] GC(85)     Total                          Min: 0, Avg:  0.0, Max: 0, Diff: 0, Sum: 0, Workers: 4
[1434.809s][debug][gc,phases      ] GC(85)   StringTable Weak               Min:  0.0, Avg:  0.1, Max:  0.2, Diff:  0.2, Sum:  0.5, Workers: 4
[1434.809s][debug][gc,phases      ] GC(85)     Dead                           Min: 0, Avg:  0.0, Max: 0, Diff: 0, Sum: 0, Workers: 4
[1434.809s][debug][gc,phases      ] GC(85)     Total                          Min: 0, Avg: 10801.2, Max: 15751, Diff: 15751, Sum: 43205, Workers: 4
[1434.809s][debug][gc,phases      ] GC(85)   ResolvedMethodTable Weak       Min:  0.0, Avg:  0.0, Max:  0.0, Diff:  0.0, Sum:  0.1, Workers: 4
[1434.809s][debug][gc,phases      ] GC(85)     Dead                           Min: 0, Avg:  0.0, Max: 0, Diff: 0, Sum: 0, Workers: 4
[1434.809s][debug][gc,phases      ] GC(85)     Total                          Min: 0, Avg: 2333.2, Max: 5302, Diff: 5302, Sum: 9333, Workers: 4
[1434.809s][debug][gc,phases      ] GC(85)   JNI Weak                       Min:  0.0, Avg:  0.0, Max:  0.0, Diff:  0.0, Sum:  0.0, Workers: 4
[1434.809s][debug][gc,phases      ] GC(85)     Dead                           Min: 0, Avg:  0.0, Max: 0, Diff: 0, Sum: 0, Workers: 4
[1434.809s][debug][gc,phases      ] GC(85)     Total                          Min: 0, Avg: 11.2, Max: 45, Diff: 45, Sum: 45, Workers: 4
[1434.809s][debug][gc,phases      ] GC(85)   StringDedup Table Weak         Min:  0.0, Avg:  0.0, Max:  0.0, Diff:  0.0, Sum:  0.0, Workers: 4
[1434.809s][debug][gc,phases      ] GC(85)     Dead                           Min: 0, Avg:  0.0, Max: 0, Diff: 0, Sum: 0, Workers: 4
[1434.809s][debug][gc,phases      ] GC(85)     Total                          Min: 0, Avg:  0.0, Max: 0, Diff: 0, Sum: 0, Workers: 4
[1434.809s][debug][gc,phases      ] GC(85)   StringDedup Requests0 Weak     Min:  0.0, Avg:  0.0, Max:  0.0, Diff:  0.0, Sum:  0.0, Workers: 4
[1434.809s][debug][gc,phases      ] GC(85)     Dead                           Min: 0, Avg:  0.0, Max: 0, Diff: 0, Sum: 0, Workers: 4
[1434.809s][debug][gc,phases      ] GC(85)     Total                          Min: 0, Avg:  0.0, Max: 0, Diff: 0, Sum: 0, Workers: 4
[1434.809s][debug][gc,phases      ] GC(85)   StringDedup Requests1 Weak     Min:  0.0, Avg:  0.0, Max:  0.0, Diff:  0.0, Sum:  0.0, Workers: 4
[1434.809s][debug][gc,phases      ] GC(85)     Dead                           Min: 0, Avg:  0.0, Max: 0, Diff: 0, Sum: 0, Workers: 4
[1434.809s][debug][gc,phases      ] GC(85)     Total                          Min: 0, Avg:  0.0, Max: 0, Diff: 0, Sum: 0, Workers: 4
[1434.809s][debug][gc,phases      ] GC(85)   Weak JFR Old Object Samples    Min:  0.0, Avg:  0.0, Max:  0.0, Diff:  0.0, Sum:  0.0, Workers: 4
[1434.809s][debug][gc,phases      ] GC(85)     Dead                           Min: 0, Avg:  0.0, Max: 0, Diff: 0, Sum: 0, Workers: 4
[1434.809s][debug][gc,phases      ] GC(85)     Total                          Min: 0, Avg:  0.0, Max: 0, Diff: 0, Sum: 0, Workers: 4
[1434.809s][debug][gc,phases      ] GC(85) Weak Processing 0.431ms
[1434.809s][debug][gc,age         ] GC(85) Desired survivor size 98041856 bytes, new threshold 15 (max threshold 15)
[1434.809s][info ][gc,heap        ] GC(85) PSYoungGen: 1959664K(2000896K)->54336K(2001408K) Eden: 1905664K(1905664K)->0K(1905664K) From: 54000K(95232K)->54336K(95744K)
[1434.809s][info ][gc,heap        ] GC(85) ParOldGen: 514026K(558080K)->514118K(558080K)
[1434.809s][info ][gc,metaspace   ] GC(85) Metaspace: 81766K(82880K)->81766K(82880K) NonClass: 70219K(70848K)->70219K(70848K) Class: 11546K(12032K)->11546K(12032K)
[1434.809s][info ][gc             ] GC(85) Pause Young (Allocation Failure) 2415M->555M(2499M) 18.413ms
[1434.809s][info ][gc,cpu         ] GC(85) User=0.05s Sys=0.01s Real=0.02s
[1434.809s][info ][safepoint      ] Safepoint "ParallelGCFailedAllocation", Time since last: 229706394 ns, Reaching safepoint: 110402 ns, At safepoint: 18496211 ns, Total: 18606613 ns
[1437.810s][info ][safepoint      ] Safepoint "Cleanup", Time since last: 3000227921 ns, Reaching safepoint: 42101 ns, At safepoint: 2800 ns, Total: 44901 ns
[1438.810s][info ][safepoint      ] Safepoint "Cleanup", Time since last: 1000115069 ns, Reaching safepoint: 116303 ns, At safepoint: 8700 ns, Total: 125003 ns
[1439.810s][info ][safepoint      ] Safepoint "Cleanup", Time since last: 1000124269 ns, Reaching safepoint: 118603 ns, At safepoint: 5600 ns, Total: 124203 ns
[1452.543s][info ][gc,start       ] GC(86) Pause Young (Allocation Failure)
[1452.563s][debug][gc,phases      ] GC(86) Scavenge 20.407ms
[1452.563s][debug][gc,ref         ] GC(86) Skipped phase 1 of Reference Processing: no references
[1452.563s][debug][gc,ref         ] GC(86) ReferenceProcessor::execute queues: 1, RefProcThreadModel::Single, marks_oops_alive: false
[1452.563s][debug][gc,ref         ] GC(86) Skipped phase 3 of Reference Processing: no references
[1452.563s][debug][gc,ref         ] GC(86) ReferenceProcessor::execute queues: 1, RefProcThreadModel::Single, marks_oops_alive: false
[1452.563s][debug][gc,phases      ] GC(86) Reference Processing 0.136ms
[1452.564s][debug][gc,phases      ] GC(86)   VM Weak                        Min:  0.0, Avg:  0.0, Max:  0.0, Diff:  0.0, Sum:  0.0, Workers: 4
[1452.564s][debug][gc,phases      ] GC(86)     Dead                           Min: 0, Avg:  0.0, Max: 0, Diff: 0, Sum: 0, Workers: 4
[1452.564s][debug][gc,phases      ] GC(86)     Total                          Min: 0, Avg: 225.5, Max: 768, Diff: 768, Sum: 902, Workers: 4
[1452.564s][debug][gc,phases      ] GC(86)   ObjectSynchronizer Weak        Min:  0.0, Avg:  0.0, Max:  0.0, Diff:  0.0, Sum:  0.0, Workers: 4
[1452.564s][debug][gc,phases      ] GC(86)     Dead                           Min: 0, Avg:  0.0, Max: 0, Diff: 0, Sum: 0, Workers: 4
[1452.564s][debug][gc,phases      ] GC(86)     Total                          Min: 0, Avg:  7.8, Max: 31, Diff: 31, Sum: 31, Workers: 4
[1452.564s][debug][gc,phases      ] GC(86)   JVMTI Tag Weak OopStorage      Min:  0.0, Avg:  0.0, Max:  0.0, Diff:  0.0, Sum:  0.0, Workers: 4
[1452.564s][debug][gc,phases      ] GC(86)     Dead                           Min: 0, Avg:  0.0, Max: 0, Diff: 0, Sum: 0, Workers: 4
[1452.564s][debug][gc,phases      ] GC(86)     Total                          Min: 0, Avg:  0.0, Max: 0, Diff: 0, Sum: 0, Workers: 4
[1452.564s][debug][gc,phases      ] GC(86)   StringTable Weak               Min:  0.0, Avg:  0.1, Max:  0.1, Diff:  0.1, Sum:  0.4, Workers: 4
[1452.564s][debug][gc,phases      ] GC(86)     Dead                           Min: 0, Avg:  0.0, Max: 0, Diff: 0, Sum: 0, Workers: 4
[1452.564s][debug][gc,phases      ] GC(86)     Total                          Min: 0, Avg: 10801.5, Max: 14718, Diff: 14718, Sum: 43206, Workers: 4
[1452.564s][debug][gc,phases      ] GC(86)   ResolvedMethodTable Weak       Min:  0.0, Avg:  0.0, Max:  0.0, Diff:  0.0, Sum:  0.1, Workers: 4
[1452.564s][debug][gc,phases      ] GC(86)     Dead                           Min: 0, Avg:  0.0, Max: 0, Diff: 0, Sum: 0, Workers: 4
[1452.564s][debug][gc,phases      ] GC(86)     Total                          Min: 0, Avg: 2333.8, Max: 3392, Diff: 3392, Sum: 9335, Workers: 4
[1452.564s][debug][gc,phases      ] GC(86)   JNI Weak                       Min:  0.0, Avg:  0.0, Max:  0.0, Diff:  0.0, Sum:  0.0, Workers: 4
[1452.564s][debug][gc,phases      ] GC(86)     Dead                           Min: 0, Avg:  0.0, Max: 0, Diff: 0, Sum: 0, Workers: 4
[1452.564s][debug][gc,phases      ] GC(86)     Total                          Min: 0, Avg: 11.2, Max: 45, Diff: 45, Sum: 45, Workers: 4
[1452.564s][debug][gc,phases      ] GC(86)   StringDedup Table Weak         Min:  0.0, Avg:  0.0, Max:  0.0, Diff:  0.0, Sum:  0.0, Workers: 4
[1452.564s][debug][gc,phases      ] GC(86)     Dead                           Min: 0, Avg:  0.0, Max: 0, Diff: 0, Sum: 0, Workers: 4
[1452.564s][debug][gc,phases      ] GC(86)     Total                          Min: 0, Avg:  0.0, Max: 0, Diff: 0, Sum: 0, Workers: 4
[1452.564s][debug][gc,phases      ] GC(86)   StringDedup Requests0 Weak     Min:  0.0, Avg:  0.0, Max:  0.0, Diff:  0.0, Sum:  0.0, Workers: 4
[1452.564s][debug][gc,phases      ] GC(86)     Dead                           Min: 0, Avg:  0.0, Max: 0, Diff: 0, Sum: 0, Workers: 4
[1452.564s][debug][gc,phases      ] GC(86)     Total                          Min: 0, Avg:  0.0, Max: 0, Diff: 0, Sum: 0, Workers: 4
[1452.564s][debug][gc,phases      ] GC(86)   StringDedup Requests1 Weak     Min:  0.0, Avg:  0.0, Max:  0.0, Diff:  0.0, Sum:  0.0, Workers: 4
[1452.564s][debug][gc,phases      ] GC(86)     Dead                           Min: 0, Avg:  0.0, Max: 0, Diff: 0, Sum: 0, Workers: 4
[1452.564s][debug][gc,phases      ] GC(86)     Total                          Min: 0, Avg:  0.0, Max: 0, Diff: 0, Sum: 0, Workers: 4
[1452.564s][debug][gc,phases      ] GC(86)   Weak JFR Old Object Samples    Min:  0.0, Avg:  0.0, Max:  0.0, Diff:  0.0, Sum:  0.0, Workers: 4
[1452.564s][debug][gc,phases      ] GC(86)     Dead                           Min: 0, Avg:  0.0, Max: 0, Diff: 0, Sum: 0, Workers: 4
[1452.564s][debug][gc,phases      ] GC(86)     Total                          Min: 0, Avg:  0.0, Max: 0, Diff: 0, Sum: 0, Workers: 4
[1452.564s][debug][gc,phases      ] GC(86) Weak Processing 0.408ms
[1452.564s][debug][gc,age         ] GC(86) Desired survivor size 97517568 bytes, new threshold 15 (max threshold 15)
[1452.564s][info ][gc,heap        ] GC(86) PSYoungGen: 1960000K(2001408K)->54768K(2001920K) Eden: 1905664K(1905664K)->0K(1906176K) From: 54336K(95744K)->54768K(95744K)
[1452.564s][info ][gc,heap        ] GC(86) ParOldGen: 514118K(558080K)->514230K(558080K)
[1452.564s][info ][gc,metaspace   ] GC(86) Metaspace: 81772K(82880K)->81772K(82880K) NonClass: 70225K(70848K)->70225K(70848K) Class: 11546K(12032K)->11546K(12032K)
[1452.564s][info ][gc             ] GC(86) Pause Young (Allocation Failure) 2416M->555M(2500M) 21.098ms
[1452.564s][info ][gc,cpu         ] GC(86) User=0.06s Sys=0.00s Real=0.03s
[1452.564s][info ][safepoint      ] Safepoint "ParallelGCFailedAllocation", Time since last: 12732492191 ns, Reaching safepoint: 114002 ns, At safepoint: 21188567 ns, Total: 21302569 ns
[1454.564s][info ][safepoint      ] Safepoint "Cleanup", Time since last: 2000134718 ns, Reaching safepoint: 48101 ns, At safepoint: 3100 ns, Total: 51201 ns
[1461.565s][info ][safepoint      ] Safepoint "Cleanup", Time since last: 7000694735 ns, Reaching safepoint: 58601 ns, At safepoint: 6200 ns, Total: 64801 ns
[1462.565s][info ][safepoint      ] Safepoint "Cleanup", Time since last: 1000113751 ns, Reaching safepoint: 58101 ns, At safepoint: 6500 ns, Total: 64601 ns
[1463.565s][info ][safepoint      ] Safepoint "Cleanup", Time since last: 1000115051 ns, Reaching safepoint: 54701 ns, At safepoint: 3000 ns, Total: 57701 ns
[1466.565s][info ][safepoint      ] Safepoint "Cleanup", Time since last: 3000242250 ns, Reaching safepoint: 55801 ns, At safepoint: 7000 ns, Total: 62801 ns
[1469.566s][info ][safepoint      ] Safepoint "Cleanup", Time since last: 3000225445 ns, Reaching safepoint: 115503 ns, At safepoint: 11900 ns, Total: 127403 ns
[1471.340s][info ][gc,start       ] GC(87) Pause Young (Allocation Failure)
[1471.358s][debug][gc,phases      ] GC(87) Scavenge 17.829ms
[1471.358s][debug][gc,ref         ] GC(87) Skipped phase 1 of Reference Processing: no references
[1471.358s][debug][gc,ref         ] GC(87) ReferenceProcessor::execute queues: 1, RefProcThreadModel::Single, marks_oops_alive: false
[1471.358s][debug][gc,ref         ] GC(87) Skipped phase 3 of Reference Processing: no references
[1471.358s][debug][gc,ref         ] GC(87) ReferenceProcessor::execute queues: 1, RefProcThreadModel::Single, marks_oops_alive: false
[1471.358s][debug][gc,phases      ] GC(87) Reference Processing 0.137ms
[1471.358s][debug][gc,phases      ] GC(87)   VM Weak                        Min:  0.0, Avg:  0.0, Max:  0.0, Diff:  0.0, Sum:  0.0, Workers: 4
[1471.358s][debug][gc,phases      ] GC(87)     Dead                           Min: 0, Avg:  0.0, Max: 0, Diff: 0, Sum: 0, Workers: 4
[1471.358s][debug][gc,phases      ] GC(87)     Total                          Min: 0, Avg: 225.5, Max: 384, Diff: 384, Sum: 902, Workers: 4
[1471.358s][debug][gc,phases      ] GC(87)   ObjectSynchronizer Weak        Min:  0.0, Avg:  0.0, Max:  0.0, Diff:  0.0, Sum:  0.0, Workers: 4
[1471.358s][debug][gc,phases      ] GC(87)     Dead                           Min: 0, Avg:  0.0, Max: 0, Diff: 0, Sum: 0, Workers: 4
[1471.358s][debug][gc,phases      ] GC(87)     Total                          Min: 0, Avg:  7.8, Max: 31, Diff: 31, Sum: 31, Workers: 4
[1471.358s][debug][gc,phases      ] GC(87)   JVMTI Tag Weak OopStorage      Min:  0.0, Avg:  0.0, Max:  0.0, Diff:  0.0, Sum:  0.0, Workers: 4
[1471.358s][debug][gc,phases      ] GC(87)     Dead                           Min: 0, Avg:  0.0, Max: 0, Diff: 0, Sum: 0, Workers: 4
[1471.358s][debug][gc,phases      ] GC(87)     Total                          Min: 0, Avg:  0.0, Max: 0, Diff: 0, Sum: 0, Workers: 4
[1471.358s][debug][gc,phases      ] GC(87)   StringTable Weak               Min:  0.1, Avg:  0.1, Max:  0.1, Diff:  0.0, Sum:  0.5, Workers: 4
[1471.358s][debug][gc,phases      ] GC(87)     Dead                           Min: 0, Avg:  0.0, Max: 0, Diff: 0, Sum: 0, Workers: 4
[1471.358s][debug][gc,phases      ] GC(87)     Total                          Min: 9344, Avg: 10802.0, Max: 11584, Diff: 2240, Sum: 43208, Workers: 4
[1471.358s][debug][gc,phases      ] GC(87)   ResolvedMethodTable Weak       Min:  0.0, Avg:  0.0, Max:  0.0, Diff:  0.0, Sum:  0.1, Workers: 4
[1471.358s][debug][gc,phases      ] GC(87)     Dead                           Min: 0, Avg:  0.0, Max: 0, Diff: 0, Sum: 0, Workers: 4
[1471.358s][debug][gc,phases      ] GC(87)     Total                          Min: 2240, Avg: 2333.8, Max: 2432, Diff: 192, Sum: 9335, Workers: 4
[1471.358s][debug][gc,phases      ] GC(87)   JNI Weak                       Min:  0.0, Avg:  0.0, Max:  0.0, Diff:  0.0, Sum:  0.0, Workers: 4
[1471.358s][debug][gc,phases      ] GC(87)     Dead                           Min: 0, Avg:  0.0, Max: 0, Diff: 0, Sum: 0, Workers: 4
[1471.358s][debug][gc,phases      ] GC(87)     Total                          Min: 0, Avg: 11.2, Max: 45, Diff: 45, Sum: 45, Workers: 4
[1471.358s][debug][gc,phases      ] GC(87)   StringDedup Table Weak         Min:  0.0, Avg:  0.0, Max:  0.0, Diff:  0.0, Sum:  0.0, Workers: 4
[1471.358s][debug][gc,phases      ] GC(87)     Dead                           Min: 0, Avg:  0.0, Max: 0, Diff: 0, Sum: 0, Workers: 4
[1471.358s][debug][gc,phases      ] GC(87)     Total                          Min: 0, Avg:  0.0, Max: 0, Diff: 0, Sum: 0, Workers: 4
[1471.358s][debug][gc,phases      ] GC(87)   StringDedup Requests0 Weak     Min:  0.0, Avg:  0.0, Max:  0.0, Diff:  0.0, Sum:  0.0, Workers: 4
[1471.358s][debug][gc,phases      ] GC(87)     Dead                           Min: 0, Avg:  0.0, Max: 0, Diff: 0, Sum: 0, Workers: 4
[1471.358s][debug][gc,phases      ] GC(87)     Total                          Min: 0, Avg:  0.0, Max: 0, Diff: 0, Sum: 0, Workers: 4
[1471.358s][debug][gc,phases      ] GC(87)   StringDedup Requests1 Weak     Min:  0.0, Avg:  0.0, Max:  0.0, Diff:  0.0, Sum:  0.0, Workers: 4
[1471.358s][debug][gc,phases      ] GC(87)     Dead                           Min: 0, Avg:  0.0, Max: 0, Diff: 0, Sum: 0, Workers: 4
[1471.358s][debug][gc,phases      ] GC(87)     Total                          Min: 0, Avg:  0.0, Max: 0, Diff: 0, Sum: 0, Workers: 4
[1471.358s][debug][gc,phases      ] GC(87)   Weak JFR Old Object Samples    Min:  0.0, Avg:  0.0, Max:  0.0, Diff:  0.0, Sum:  0.0, Workers: 4
[1471.358s][debug][gc,phases      ] GC(87)     Dead                           Min: 0, Avg:  0.0, Max: 0, Diff: 0, Sum: 0, Workers: 4
[1471.358s][debug][gc,phases      ] GC(87)     Total                          Min: 0, Avg:  0.0, Max: 0, Diff: 0, Sum: 0, Workers: 4
[1471.358s][debug][gc,phases      ] GC(87) Weak Processing 0.329ms
[1471.358s][debug][gc,age         ] GC(87) Desired survivor size 94896128 bytes, new threshold 15 (max threshold 15)
[1471.358s][info ][gc,heap        ] GC(87) PSYoungGen: 1960944K(2001920K)->49216K(2001408K) Eden: 1906176K(1906176K)->0K(1906176K) From: 54768K(95744K)->49216K(95232K)
[1471.358s][info ][gc,heap        ] GC(87) ParOldGen: 514230K(558080K)->514590K(558080K)
[1471.358s][info ][gc,metaspace   ] GC(87) Metaspace: 81780K(82880K)->81780K(82880K) NonClass: 70233K(70848K)->70233K(70848K) Class: 11546K(12032K)->11546K(12032K)
[1471.358s][info ][gc             ] GC(87) Pause Young (Allocation Failure) 2417M->550M(2499M) 18.432ms
[1471.358s][info ][gc,cpu         ] GC(87) User=0.06s Sys=0.00s Real=0.02s
[1471.358s][info ][safepoint      ] Safepoint "ParallelGCFailedAllocation", Time since last: 1774014087 ns, Reaching safepoint: 111802 ns, At safepoint: 18522311 ns, Total: 18634113 ns
[1474.359s][info ][safepoint      ] Safepoint "Cleanup", Time since last: 3000223142 ns, Reaching safepoint: 42501 ns, At safepoint: 2900 ns, Total: 45401 ns
[1475.359s][info ][safepoint      ] Safepoint "Cleanup", Time since last: 1000116448 ns, Reaching safepoint: 46301 ns, At safepoint: 3400 ns, Total: 49701 ns
[1478.359s][info ][safepoint      ] Safepoint "Cleanup", Time since last: 3000256723 ns, Reaching safepoint: 49802 ns, At safepoint: 3600 ns, Total: 53402 ns
[1481.360s][info ][safepoint      ] Safepoint "Cleanup", Time since last: 3000239048 ns, Reaching safepoint: 56001 ns, At safepoint: 5401 ns, Total: 61402 ns
[1487.360s][info ][safepoint      ] Safepoint "Cleanup", Time since last: 6000455261 ns, Reaching safepoint: 57001 ns, At safepoint: 3700 ns, Total: 60701 ns
[1492.361s][info ][safepoint      ] Safepoint "Cleanup", Time since last: 5000452247 ns, Reaching safepoint: 53301 ns, At safepoint: 4101 ns, Total: 57402 ns
[1494.285s][info ][gc,start       ] GC(88) Pause Young (Allocation Failure)
[1494.304s][debug][gc,phases      ] GC(88) Scavenge 19.088ms
[1494.304s][debug][gc,ref         ] GC(88) Skipped phase 1 of Reference Processing: no references
[1494.304s][debug][gc,ref         ] GC(88) ReferenceProcessor::execute queues: 1, RefProcThreadModel::Single, marks_oops_alive: false
[1494.304s][debug][gc,ref         ] GC(88) Skipped phase 3 of Reference Processing: no references
[1494.304s][debug][gc,ref         ] GC(88) ReferenceProcessor::execute queues: 1, RefProcThreadModel::Single, marks_oops_alive: false
[1494.304s][debug][gc,phases      ] GC(88) Reference Processing 0.154ms
[1494.304s][debug][gc,phases      ] GC(88)   VM Weak                        Min:  0.0, Avg:  0.0, Max:  0.0, Diff:  0.0, Sum:  0.0, Workers: 4
[1494.304s][debug][gc,phases      ] GC(88)     Dead                           Min: 0, Avg:  0.0, Max: 0, Diff: 0, Sum: 0, Workers: 4
[1494.304s][debug][gc,phases      ] GC(88)     Total                          Min: 0, Avg: 225.5, Max: 774, Diff: 774, Sum: 902, Workers: 4
[1494.304s][debug][gc,phases      ] GC(88)   ObjectSynchronizer Weak        Min:  0.0, Avg:  0.0, Max:  0.0, Diff:  0.0, Sum:  0.0, Workers: 4
[1494.304s][debug][gc,phases      ] GC(88)     Dead                           Min: 0, Avg:  0.0, Max: 0, Diff: 0, Sum: 0, Workers: 4
[1494.304s][debug][gc,phases      ] GC(88)     Total                          Min: 0, Avg:  7.8, Max: 31, Diff: 31, Sum: 31, Workers: 4
[1494.304s][debug][gc,phases      ] GC(88)   JVMTI Tag Weak OopStorage      Min:  0.0, Avg:  0.0, Max:  0.0, Diff:  0.0, Sum:  0.0, Workers: 4
[1494.304s][debug][gc,phases      ] GC(88)     Dead                           Min: 0, Avg:  0.0, Max: 0, Diff: 0, Sum: 0, Workers: 4
[1494.304s][debug][gc,phases      ] GC(88)     Total                          Min: 0, Avg:  0.0, Max: 0, Diff: 0, Sum: 0, Workers: 4
[1494.304s][debug][gc,phases      ] GC(88)   StringTable Weak               Min:  0.0, Avg:  0.1, Max:  0.1, Diff:  0.1, Sum:  0.4, Workers: 4
[1494.304s][debug][gc,phases      ] GC(88)     Dead                           Min: 0, Avg:  0.0, Max: 0, Diff: 0, Sum: 0, Workers: 4
[1494.304s][debug][gc,phases      ] GC(88)     Total                          Min: 0, Avg: 10802.0, Max: 14784, Diff: 14784, Sum: 43208, Workers: 4
[1494.304s][debug][gc,phases      ] GC(88)   ResolvedMethodTable Weak       Min:  0.0, Avg:  0.0, Max:  0.0, Diff:  0.0, Sum:  0.1, Workers: 4
[1494.304s][debug][gc,phases      ] GC(88)     Dead                           Min: 0, Avg:  0.0, Max: 0, Diff: 0, Sum: 0, Workers: 4
[1494.304s][debug][gc,phases      ] GC(88)     Total                          Min: 0, Avg: 2333.8, Max: 3328, Diff: 3328, Sum: 9335, Workers: 4
[1494.304s][debug][gc,phases      ] GC(88)   JNI Weak                       Min:  0.0, Avg:  0.0, Max:  0.0, Diff:  0.0, Sum:  0.0, Workers: 4
[1494.304s][debug][gc,phases      ] GC(88)     Dead                           Min: 0, Avg:  0.0, Max: 0, Diff: 0, Sum: 0, Workers: 4
[1494.304s][debug][gc,phases      ] GC(88)     Total                          Min: 0, Avg: 11.2, Max: 45, Diff: 45, Sum: 45, Workers: 4
[1494.304s][debug][gc,phases      ] GC(88)   StringDedup Table Weak         Min:  0.0, Avg:  0.0, Max:  0.0, Diff:  0.0, Sum:  0.0, Workers: 4
[1494.304s][debug][gc,phases      ] GC(88)     Dead                           Min: 0, Avg:  0.0, Max: 0, Diff: 0, Sum: 0, Workers: 4
[1494.304s][debug][gc,phases      ] GC(88)     Total                          Min: 0, Avg:  0.0, Max: 0, Diff: 0, Sum: 0, Workers: 4
[1494.304s][debug][gc,phases      ] GC(88)   StringDedup Requests0 Weak     Min:  0.0, Avg:  0.0, Max:  0.0, Diff:  0.0, Sum:  0.0, Workers: 4
[1494.304s][debug][gc,phases      ] GC(88)     Dead                           Min: 0, Avg:  0.0, Max: 0, Diff: 0, Sum: 0, Workers: 4
[1494.304s][debug][gc,phases      ] GC(88)     Total                          Min: 0, Avg:  0.0, Max: 0, Diff: 0, Sum: 0, Workers: 4
[1494.304s][debug][gc,phases      ] GC(88)   StringDedup Requests1 Weak     Min:  0.0, Avg:  0.0, Max:  0.0, Diff:  0.0, Sum:  0.0, Workers: 4
[1494.304s][debug][gc,phases      ] GC(88)     Dead                           Min: 0, Avg:  0.0, Max: 0, Diff: 0, Sum: 0, Workers: 4
[1494.304s][debug][gc,phases      ] GC(88)     Total                          Min: 0, Avg:  0.0, Max: 0, Diff: 0, Sum: 0, Workers: 4
[1494.304s][debug][gc,phases      ] GC(88)   Weak JFR Old Object Samples    Min:  0.0, Avg:  0.0, Max:  0.0, Diff:  0.0, Sum:  0.0, Workers: 4
[1494.304s][debug][gc,phases      ] GC(88)     Dead                           Min: 0, Avg:  0.0, Max: 0, Diff: 0, Sum: 0, Workers: 4
[1494.304s][debug][gc,phases      ] GC(88)     Total                          Min: 0, Avg:  0.0, Max: 0, Diff: 0, Sum: 0, Workers: 4
[1494.304s][debug][gc,phases      ] GC(88) Weak Processing 0.431ms
[1494.304s][debug][gc,age         ] GC(88) Desired survivor size 92274688 bytes, new threshold 15 (max threshold 15)
[1494.304s][info ][gc,heap        ] GC(88) PSYoungGen: 1955392K(2001408K)->49356K(2007040K) Eden: 1906176K(1906176K)->0K(1914368K) From: 49216K(95232K)->49356K(92672K)
[1494.304s][info ][gc,heap        ] GC(88) ParOldGen: 514590K(558080K)->515154K(558080K)
[1494.304s][info ][gc,metaspace   ] GC(88) Metaspace: 81788K(82880K)->81788K(82880K) NonClass: 70241K(70848K)->70241K(70848K) Class: 11546K(12032K)->11546K(12032K)
[1494.304s][info ][gc             ] GC(88) Pause Young (Allocation Failure) 2412M->551M(2505M) 19.842ms
[1494.304s][info ][gc,cpu         ] GC(88) User=0.06s Sys=0.00s Real=0.02s
[1494.305s][info ][safepoint      ] Safepoint "ParallelGCFailedAllocation", Time since last: 1923908572 ns, Reaching safepoint: 114403 ns, At safepoint: 19942841 ns, Total: 20057244 ns
[1498.305s][info ][safepoint      ] Safepoint "Cleanup", Time since last: 4000303652 ns, Reaching safepoint: 52801 ns, At safepoint: 3000 ns, Total: 55801 ns
[1500.305s][info ][safepoint      ] Safepoint "Cleanup", Time since last: 2000203627 ns, Reaching safepoint: 110503 ns, At safepoint: 11400 ns, Total: 121903 ns
[1518.692s][info ][gc,start       ] GC(89) Pause Young (Allocation Failure)
[1518.728s][debug][gc,phases      ] GC(89) Scavenge 35.928ms
[1518.728s][debug][gc,ref         ] GC(89) Skipped phase 1 of Reference Processing: no references
[1518.728s][debug][gc,ref         ] GC(89) ReferenceProcessor::execute queues: 1, RefProcThreadModel::Single, marks_oops_alive: false
[1518.728s][debug][gc,ref         ] GC(89) Skipped phase 3 of Reference Processing: no references
[1518.728s][debug][gc,ref         ] GC(89) ReferenceProcessor::execute queues: 1, RefProcThreadModel::Single, marks_oops_alive: false
[1518.728s][debug][gc,phases      ] GC(89) Reference Processing 0.141ms
[1518.728s][debug][gc,phases      ] GC(89)   VM Weak                        Min:  0.0, Avg:  0.0, Max:  0.0, Diff:  0.0, Sum:  0.0, Workers: 4
[1518.729s][debug][gc,phases      ] GC(89)     Dead                           Min: 0, Avg:  0.0, Max: 0, Diff: 0, Sum: 0, Workers: 4
[1518.729s][debug][gc,phases      ] GC(89)     Total                          Min: 0, Avg: 225.5, Max: 902, Diff: 902, Sum: 902, Workers: 4
[1518.729s][debug][gc,phases      ] GC(89)   ObjectSynchronizer Weak        Min:  0.0, Avg:  0.0, Max:  0.0, Diff:  0.0, Sum:  0.0, Workers: 4
[1518.729s][debug][gc,phases      ] GC(89)     Dead                           Min: 0, Avg:  0.0, Max: 0, Diff: 0, Sum: 0, Workers: 4
[1518.729s][debug][gc,phases      ] GC(89)     Total                          Min: 0, Avg:  7.8, Max: 31, Diff: 31, Sum: 31, Workers: 4
[1518.729s][debug][gc,phases      ] GC(89)   JVMTI Tag Weak OopStorage      Min:  0.0, Avg:  0.0, Max:  0.0, Diff:  0.0, Sum:  0.0, Workers: 4
[1518.729s][debug][gc,phases      ] GC(89)     Dead                           Min: 0, Avg:  0.0, Max: 0, Diff: 0, Sum: 0, Workers: 4
[1518.729s][debug][gc,phases      ] GC(89)     Total                          Min: 0, Avg:  0.0, Max: 0, Diff: 0, Sum: 0, Workers: 4
[1518.729s][debug][gc,phases      ] GC(89)   StringTable Weak               Min:  0.0, Avg:  0.1, Max:  0.4, Diff:  0.4, Sum:  0.4, Workers: 4
[1518.729s][debug][gc,phases      ] GC(89)     Dead                           Min: 0, Avg:  0.0, Max: 0, Diff: 0, Sum: 0, Workers: 4
[1518.729s][debug][gc,phases      ] GC(89)     Total                          Min: 0, Avg: 10802.0, Max: 43208, Diff: 43208, Sum: 43208, Workers: 4
[1518.729s][debug][gc,phases      ] GC(89)   ResolvedMethodTable Weak       Min:  0.0, Avg:  0.0, Max:  0.1, Diff:  0.1, Sum:  0.1, Workers: 4
[1518.729s][debug][gc,phases      ] GC(89)     Dead                           Min: 0, Avg:  0.0, Max: 0, Diff: 0, Sum: 0, Workers: 4
[1518.729s][debug][gc,phases      ] GC(89)     Total                          Min: 0, Avg: 2333.8, Max: 9335, Diff: 9335, Sum: 9335, Workers: 4
[1518.729s][debug][gc,phases      ] GC(89)   JNI Weak                       Min:  0.0, Avg:  0.0, Max:  0.0, Diff:  0.0, Sum:  0.0, Workers: 4
[1518.729s][debug][gc,phases      ] GC(89)     Dead                           Min: 0, Avg:  0.0, Max: 0, Diff: 0, Sum: 0, Workers: 4
[1518.729s][debug][gc,phases      ] GC(89)     Total                          Min: 0, Avg: 11.2, Max: 45, Diff: 45, Sum: 45, Workers: 4
[1518.729s][debug][gc,phases      ] GC(89)   StringDedup Table Weak         Min:  0.0, Avg:  0.0, Max:  0.0, Diff:  0.0, Sum:  0.0, Workers: 4
[1518.729s][debug][gc,phases      ] GC(89)     Dead                           Min: 0, Avg:  0.0, Max: 0, Diff: 0, Sum: 0, Workers: 4
[1518.729s][debug][gc,phases      ] GC(89)     Total                          Min: 0, Avg:  0.0, Max: 0, Diff: 0, Sum: 0, Workers: 4
[1518.729s][debug][gc,phases      ] GC(89)   StringDedup Requests0 Weak     Min:  0.0, Avg:  0.0, Max:  0.0, Diff:  0.0, Sum:  0.0, Workers: 4
[1518.729s][debug][gc,phases      ] GC(89)     Dead                           Min: 0, Avg:  0.0, Max: 0, Diff: 0, Sum: 0, Workers: 4
[1518.729s][debug][gc,phases      ] GC(89)     Total                          Min: 0, Avg:  0.0, Max: 0, Diff: 0, Sum: 0, Workers: 4
[1518.729s][debug][gc,phases      ] GC(89)   StringDedup Requests1 Weak     Min:  0.0, Avg:  0.0, Max:  0.0, Diff:  0.0, Sum:  0.0, Workers: 4
[1518.729s][debug][gc,phases      ] GC(89)     Dead                           Min: 0, Avg:  0.0, Max: 0, Diff: 0, Sum: 0, Workers: 4
[1518.729s][debug][gc,phases      ] GC(89)     Total                          Min: 0, Avg:  0.0, Max: 0, Diff: 0, Sum: 0, Workers: 4
[1518.729s][debug][gc,phases      ] GC(89)   Weak JFR Old Object Samples    Min:  0.0, Avg:  0.0, Max:  0.0, Diff:  0.0, Sum:  0.0, Workers: 4
[1518.729s][debug][gc,phases      ] GC(89)     Dead                           Min: 0, Avg:  0.0, Max: 0, Diff: 0, Sum: 0, Workers: 4
[1518.729s][debug][gc,phases      ] GC(89)     Total                          Min: 0, Avg:  0.0, Max: 0, Diff: 0, Sum: 0, Workers: 4
[1518.729s][debug][gc,phases      ] GC(89) Weak Processing 0.724ms
[1518.729s][debug][gc,age         ] GC(89) Desired survivor size 89128960 bytes, new threshold 15 (max threshold 15)
[1518.729s][info ][gc,heap        ] GC(89) PSYoungGen: 1963724K(2007040K)->47328K(2004480K) Eden: 1914368K(1914368K)->0K(1914368K) From: 49356K(92672K)->47328K(90112K)
[1518.729s][info ][gc,heap        ] GC(89) ParOldGen: 515154K(558080K)->516143K(558080K)
[1518.729s][info ][gc,metaspace   ] GC(89) Metaspace: 81800K(82880K)->81800K(82880K) NonClass: 70253K(70848K)->70253K(70848K) Class: 11546K(12032K)->11546K(12032K)
[1518.729s][info ][gc             ] GC(89) Pause Young (Allocation Failure) 2420M->550M(2502M) 36.953ms
[1518.729s][info ][gc,cpu         ] GC(89) User=0.06s Sys=0.00s Real=0.03s
[1518.729s][info ][safepoint      ] Safepoint "ParallelGCFailedAllocation", Time since last: 18386404501 ns, Reaching safepoint: 143303 ns, At safepoint: 37050419 ns, Total: 37193722 ns
[1520.729s][info ][safepoint      ] Safepoint "Cleanup", Time since last: 2000158629 ns, Reaching safepoint: 58401 ns, At safepoint: 3100 ns, Total: 61501 ns
[1521.729s][info ][safepoint      ] Safepoint "Cleanup", Time since last: 1000114216 ns, Reaching safepoint: 50101 ns, At safepoint: 2400 ns, Total: 52501 ns
[1523.729s][info ][safepoint      ] Safepoint "Cleanup", Time since last: 2000194529 ns, Reaching safepoint: 53502 ns, At safepoint: 3500 ns, Total: 57002 ns
[1526.730s][info ][safepoint      ] Safepoint "Cleanup", Time since last: 3000259469 ns, Reaching safepoint: 54401 ns, At safepoint: 7600 ns, Total: 62001 ns
[1528.730s][info ][safepoint      ] Safepoint "Cleanup", Time since last: 2000199235 ns, Reaching safepoint: 69202 ns, At safepoint: 2800 ns, Total: 72002 ns
[1533.731s][info ][safepoint      ] Safepoint "Cleanup", Time since last: 5000402757 ns, Reaching safepoint: 72002 ns, At safepoint: 3800 ns, Total: 75802 ns
[1535.731s][info ][safepoint      ] Safepoint "Cleanup", Time since last: 2000233806 ns, Reaching safepoint: 52701 ns, At safepoint: 3400 ns, Total: 56101 ns
[1540.731s][info ][safepoint      ] Safepoint "Cleanup", Time since last: 5000432113 ns, Reaching safepoint: 138603 ns, At safepoint: 9000 ns, Total: 147603 ns
[1542.733s][info ][safepoint      ] Safepoint "Cleanup", Time since last: 2001789043 ns, Reaching safepoint: 91702 ns, At safepoint: 3700 ns, Total: 95402 ns
[1543.096s][info ][gc,start       ] GC(90) Pause Young (Allocation Failure)
[1543.119s][debug][gc,phases      ] GC(90) Scavenge 22.141ms
[1543.119s][debug][gc,ref         ] GC(90) Skipped phase 1 of Reference Processing: no references
[1543.119s][debug][gc,ref         ] GC(90) ReferenceProcessor::execute queues: 1, RefProcThreadModel::Single, marks_oops_alive: false
[1543.119s][debug][gc,ref         ] GC(90) Skipped phase 3 of Reference Processing: no references
[1543.119s][debug][gc,ref         ] GC(90) ReferenceProcessor::execute queues: 1, RefProcThreadModel::Single, marks_oops_alive: false
[1543.119s][debug][gc,phases      ] GC(90) Reference Processing 0.147ms
[1543.119s][debug][gc,phases      ] GC(90)   VM Weak                        Min:  0.0, Avg:  0.0, Max:  0.0, Diff:  0.0, Sum:  0.0, Workers: 4
[1543.119s][debug][gc,phases      ] GC(90)     Dead                           Min: 0, Avg:  0.0, Max: 0, Diff: 0, Sum: 0, Workers: 4
[1543.119s][debug][gc,phases      ] GC(90)     Total                          Min: 0, Avg: 225.5, Max: 646, Diff: 646, Sum: 902, Workers: 4
[1543.119s][debug][gc,phases      ] GC(90)   ObjectSynchronizer Weak        Min:  0.0, Avg:  0.0, Max:  0.0, Diff:  0.0, Sum:  0.0, Workers: 4
[1543.119s][debug][gc,phases      ] GC(90)     Dead                           Min: 0, Avg:  0.0, Max: 0, Diff: 0, Sum: 0, Workers: 4
[1543.119s][debug][gc,phases      ] GC(90)     Total                          Min: 0, Avg:  7.8, Max: 31, Diff: 31, Sum: 31, Workers: 4
[1543.119s][debug][gc,phases      ] GC(90)   JVMTI Tag Weak OopStorage      Min:  0.0, Avg:  0.0, Max:  0.0, Diff:  0.0, Sum:  0.0, Workers: 4
[1543.119s][debug][gc,phases      ] GC(90)     Dead                           Min: 0, Avg:  0.0, Max: 0, Diff: 0, Sum: 0, Workers: 4
[1543.119s][debug][gc,phases      ] GC(90)     Total                          Min: 0, Avg:  0.0, Max: 0, Diff: 0, Sum: 0, Workers: 4
[1543.119s][debug][gc,phases      ] GC(90)   StringTable Weak               Min:  0.0, Avg:  0.1, Max:  0.2, Diff:  0.2, Sum:  0.4, Workers: 4
[1543.119s][debug][gc,phases      ] GC(90)     Dead                           Min: 0, Avg:  0.0, Max: 0, Diff: 0, Sum: 0, Workers: 4
[1543.119s][debug][gc,phases      ] GC(90)     Total                          Min: 0, Avg: 10804.8, Max: 21823, Diff: 21823, Sum: 43219, Workers: 4
[1543.119s][debug][gc,phases      ] GC(90)   ResolvedMethodTable Weak       Min:  0.0, Avg:  0.0, Max:  0.0, Diff:  0.0, Sum:  0.1, Workers: 4
[1543.119s][debug][gc,phases      ] GC(90)     Dead                           Min: 0, Avg:  0.0, Max: 0, Diff: 0, Sum: 0, Workers: 4
[1543.119s][debug][gc,phases      ] GC(90)     Total                          Min: 0, Avg: 2333.8, Max: 4736, Diff: 4736, Sum: 9335, Workers: 4
[1543.119s][debug][gc,phases      ] GC(90)   JNI Weak                       Min:  0.0, Avg:  0.0, Max:  0.0, Diff:  0.0, Sum:  0.0, Workers: 4
[1543.119s][debug][gc,phases      ] GC(90)     Dead                           Min: 0, Avg:  0.0, Max: 0, Diff: 0, Sum: 0, Workers: 4
[1543.119s][debug][gc,phases      ] GC(90)     Total                          Min: 0, Avg: 11.2, Max: 45, Diff: 45, Sum: 45, Workers: 4
[1543.119s][debug][gc,phases      ] GC(90)   StringDedup Table Weak         Min:  0.0, Avg:  0.0, Max:  0.0, Diff:  0.0, Sum:  0.0, Workers: 4
[1543.119s][debug][gc,phases      ] GC(90)     Dead                           Min: 0, Avg:  0.0, Max: 0, Diff: 0, Sum: 0, Workers: 4
[1543.119s][debug][gc,phases      ] GC(90)     Total                          Min: 0, Avg:  0.0, Max: 0, Diff: 0, Sum: 0, Workers: 4
[1543.119s][debug][gc,phases      ] GC(90)   StringDedup Requests0 Weak     Min:  0.0, Avg:  0.0, Max:  0.0, Diff:  0.0, Sum:  0.0, Workers: 4
[1543.119s][debug][gc,phases      ] GC(90)     Dead                           Min: 0, Avg:  0.0, Max: 0, Diff: 0, Sum: 0, Workers: 4
[1543.119s][debug][gc,phases      ] GC(90)     Total                          Min: 0, Avg:  0.0, Max: 0, Diff: 0, Sum: 0, Workers: 4
[1543.119s][debug][gc,phases      ] GC(90)   StringDedup Requests1 Weak     Min:  0.0, Avg:  0.0, Max:  0.0, Diff:  0.0, Sum:  0.0, Workers: 4
[1543.119s][debug][gc,phases      ] GC(90)     Dead                           Min: 0, Avg:  0.0, Max: 0, Diff: 0, Sum: 0, Workers: 4
[1543.119s][debug][gc,phases      ] GC(90)     Total                          Min: 0, Avg:  0.0, Max: 0, Diff: 0, Sum: 0, Workers: 4
[1543.119s][debug][gc,phases      ] GC(90)   Weak JFR Old Object Samples    Min:  0.0, Avg:  0.0, Max:  0.0, Diff:  0.0, Sum:  0.0, Workers: 4
[1543.119s][debug][gc,phases      ] GC(90)     Dead                           Min: 0, Avg:  0.0, Max: 0, Diff: 0, Sum: 0, Workers: 4
[1543.119s][debug][gc,phases      ] GC(90)     Total                          Min: 0, Avg:  0.0, Max: 0, Diff: 0, Sum: 0, Workers: 4
[1543.119s][debug][gc,phases      ] GC(90) Weak Processing 0.529ms
[1543.119s][debug][gc,age         ] GC(90) Desired survivor size 85458944 bytes, new threshold 15 (max threshold 15)
[1543.119s][info ][gc,heap        ] GC(90) PSYoungGen: 1961696K(2004480K)->39136K(2013696K) Eden: 1914368K(1914368K)->0K(1926656K) From: 47328K(90112K)->39136K(87040K)
[1543.119s][info ][gc,heap        ] GC(90) ParOldGen: 516143K(558080K)->524783K(558080K)
[1543.119s][info ][gc,metaspace   ] GC(90) Metaspace: 81807K(82880K)->81807K(82880K) NonClass: 70261K(70848K)->70261K(70848K) Class: 11546K(12032K)->11546K(12032K)
[1543.119s][info ][gc             ] GC(90) Pause Young (Allocation Failure) 2419M->550M(2511M) 23.012ms
[1543.119s][info ][gc,cpu         ] GC(90) User=0.06s Sys=0.02s Real=0.02s
[1543.119s][info ][safepoint      ] Safepoint "ParallelGCFailedAllocation", Time since last: 362867174 ns, Reaching safepoint: 104502 ns, At safepoint: 23099908 ns, Total: 23204410 ns
[1560.121s][info ][safepoint      ] Safepoint "Cleanup", Time since last: 17001184307 ns, Reaching safepoint: 49301 ns, At safepoint: 2900 ns, Total: 52201 ns
[1561.121s][info ][safepoint      ] Safepoint "Cleanup", Time since last: 1000123706 ns, Reaching safepoint: 56401 ns, At safepoint: 7501 ns, Total: 63902 ns
[1564.121s][info ][safepoint      ] Safepoint "Cleanup", Time since last: 3000260317 ns, Reaching safepoint: 50701 ns, At safepoint: 37300 ns, Total: 88001 ns
[1566.121s][info ][safepoint      ] Safepoint "Cleanup", Time since last: 2000187168 ns, Reaching safepoint: 45601 ns, At safepoint: 4801 ns, Total: 50402 ns
[1566.740s][info ][gc,start       ] GC(91) Pause Young (Allocation Failure)
[1566.757s][debug][gc,phases      ] GC(91) Scavenge 16.561ms
[1566.757s][debug][gc,ref         ] GC(91) Skipped phase 1 of Reference Processing: no references
[1566.757s][debug][gc,ref         ] GC(91) ReferenceProcessor::execute queues: 1, RefProcThreadModel::Single, marks_oops_alive: false
[1566.757s][debug][gc,ref         ] GC(91) Skipped phase 3 of Reference Processing: no references
[1566.757s][debug][gc,ref         ] GC(91) ReferenceProcessor::execute queues: 1, RefProcThreadModel::Single, marks_oops_alive: false
[1566.757s][debug][gc,phases      ] GC(91) Reference Processing 0.121ms
[1566.757s][debug][gc,phases      ] GC(91)   VM Weak                        Min:  0.0, Avg:  0.0, Max:  0.0, Diff:  0.0, Sum:  0.0, Workers: 4
[1566.757s][debug][gc,phases      ] GC(91)     Dead                           Min: 0, Avg:  0.0, Max: 0, Diff: 0, Sum: 0, Workers: 4
[1566.757s][debug][gc,phases      ] GC(91)     Total                          Min: 0, Avg: 225.5, Max: 576, Diff: 576, Sum: 902, Workers: 4
[1566.757s][debug][gc,phases      ] GC(91)   ObjectSynchronizer Weak        Min:  0.0, Avg:  0.0, Max:  0.0, Diff:  0.0, Sum:  0.0, Workers: 4
[1566.757s][debug][gc,phases      ] GC(91)     Dead                           Min: 0, Avg:  0.0, Max: 0, Diff: 0, Sum: 0, Workers: 4
[1566.757s][debug][gc,phases      ] GC(91)     Total                          Min: 0, Avg:  7.8, Max: 31, Diff: 31, Sum: 31, Workers: 4
[1566.757s][debug][gc,phases      ] GC(91)   JVMTI Tag Weak OopStorage      Min:  0.0, Avg:  0.0, Max:  0.0, Diff:  0.0, Sum:  0.0, Workers: 4
[1566.757s][debug][gc,phases      ] GC(91)     Dead                           Min: 0, Avg:  0.0, Max: 0, Diff: 0, Sum: 0, Workers: 4
[1566.757s][debug][gc,phases      ] GC(91)     Total                          Min: 0, Avg:  0.0, Max: 0, Diff: 0, Sum: 0, Workers: 4
[1566.757s][debug][gc,phases      ] GC(91)   StringTable Weak               Min:  0.0, Avg:  0.1, Max:  0.1, Diff:  0.1, Sum:  0.4, Workers: 4
[1566.757s][debug][gc,phases      ] GC(91)     Dead                           Min: 0, Avg:  0.0, Max: 0, Diff: 0, Sum: 0, Workers: 4
[1566.757s][debug][gc,phases      ] GC(91)     Total                          Min: 0, Avg: 10804.8, Max: 14784, Diff: 14784, Sum: 43219, Workers: 4
[1566.757s][debug][gc,phases      ] GC(91)   ResolvedMethodTable Weak       Min:  0.0, Avg:  0.0, Max:  0.0, Diff:  0.0, Sum:  0.1, Workers: 4
[1566.757s][debug][gc,phases      ] GC(91)     Dead                           Min: 0, Avg:  0.0, Max: 0, Diff: 0, Sum: 0, Workers: 4
[1566.757s][debug][gc,phases      ] GC(91)     Total                          Min: 0, Avg: 2333.8, Max: 3391, Diff: 3391, Sum: 9335, Workers: 4
[1566.757s][debug][gc,phases      ] GC(91)   JNI Weak                       Min:  0.0, Avg:  0.0, Max:  0.0, Diff:  0.0, Sum:  0.0, Workers: 4
[1566.757s][debug][gc,phases      ] GC(91)     Dead                           Min: 0, Avg:  0.0, Max: 0, Diff: 0, Sum: 0, Workers: 4
[1566.757s][debug][gc,phases      ] GC(91)     Total                          Min: 0, Avg: 11.2, Max: 45, Diff: 45, Sum: 45, Workers: 4
[1566.757s][debug][gc,phases      ] GC(91)   StringDedup Table Weak         Min:  0.0, Avg:  0.0, Max:  0.0, Diff:  0.0, Sum:  0.0, Workers: 4
[1566.757s][debug][gc,phases      ] GC(91)     Dead                           Min: 0, Avg:  0.0, Max: 0, Diff: 0, Sum: 0, Workers: 4
[1566.757s][debug][gc,phases      ] GC(91)     Total                          Min: 0, Avg:  0.0, Max: 0, Diff: 0, Sum: 0, Workers: 4
[1566.757s][debug][gc,phases      ] GC(91)   StringDedup Requests0 Weak     Min:  0.0, Avg:  0.0, Max:  0.0, Diff:  0.0, Sum:  0.0, Workers: 4
[1566.757s][debug][gc,phases      ] GC(91)     Dead                           Min: 0, Avg:  0.0, Max: 0, Diff: 0, Sum: 0, Workers: 4
[1566.757s][debug][gc,phases      ] GC(91)     Total                          Min: 0, Avg:  0.0, Max: 0, Diff: 0, Sum: 0, Workers: 4
[1566.757s][debug][gc,phases      ] GC(91)   StringDedup Requests1 Weak     Min:  0.0, Avg:  0.0, Max:  0.0, Diff:  0.0, Sum:  0.0, Workers: 4
[1566.757s][debug][gc,phases      ] GC(91)     Dead                           Min: 0, Avg:  0.0, Max: 0, Diff: 0, Sum: 0, Workers: 4
[1566.757s][debug][gc,phases      ] GC(91)     Total                          Min: 0, Avg:  0.0, Max: 0, Diff: 0, Sum: 0, Workers: 4
[1566.757s][debug][gc,phases      ] GC(91)   Weak JFR Old Object Samples    Min:  0.0, Avg:  0.0, Max:  0.0, Diff:  0.0, Sum:  0.0, Workers: 4
[1566.757s][debug][gc,phases      ] GC(91)     Dead                           Min: 0, Avg:  0.0, Max: 0, Diff: 0, Sum: 0, Workers: 4
[1566.757s][debug][gc,phases      ] GC(91)     Total                          Min: 0, Avg:  0.0, Max: 0, Diff: 0, Sum: 0, Workers: 4
[1566.757s][debug][gc,phases      ] GC(91) Weak Processing 0.382ms
[1566.757s][debug][gc,age         ] GC(91) Desired survivor size 84410368 bytes, new threshold 15 (max threshold 15)
[1566.757s][info ][gc,heap        ] GC(91) PSYoungGen: 1965792K(2013696K)->25728K(2010112K) Eden: 1926656K(1926656K)->0K(1926656K) From: 39136K(87040K)->25728K(83456K)
[1566.757s][info ][gc,heap        ] GC(91) ParOldGen: 524783K(558080K)->539368K(558080K)
[1566.757s][info ][gc,metaspace   ] GC(91) Metaspace: 81816K(82880K)->81816K(82880K) NonClass: 70269K(70848K)->70269K(70848K) Class: 11546K(12032K)->11546K(12032K)
[1566.757s][info ][gc             ] GC(91) Pause Young (Allocation Failure) 2432M->551M(2508M) 17.210ms
[1566.757s][info ][gc,cpu         ] GC(91) User=0.05s Sys=0.01s Real=0.02s
[1566.757s][info ][safepoint      ] Safepoint "ParallelGCFailedAllocation", Time since last: 618643184 ns, Reaching safepoint: 119202 ns, At safepoint: 17294180 ns, Total: 17413382 ns
[1570.758s][info ][safepoint      ] Safepoint "Cleanup", Time since last: 4000460740 ns, Reaching safepoint: 46901 ns, At safepoint: 3200 ns, Total: 50101 ns
[1579.759s][info ][safepoint      ] Safepoint "Cleanup", Time since last: 9000594460 ns, Reaching safepoint: 51001 ns, At safepoint: 2800 ns, Total: 53801 ns
[1582.759s][info ][safepoint      ] Safepoint "Cleanup", Time since last: 3000219700 ns, Reaching safepoint: 53602 ns, At safepoint: 3500 ns, Total: 57102 ns
[1584.759s][info ][safepoint      ] Safepoint "Cleanup", Time since last: 2000192473 ns, Reaching safepoint: 56701 ns, At safepoint: 6100 ns, Total: 62801 ns
[1585.759s][info ][safepoint      ] Safepoint "Cleanup", Time since last: 1000115587 ns, Reaching safepoint: 42701 ns, At safepoint: 2900 ns, Total: 45601 ns
[1588.760s][info ][safepoint      ] Safepoint "Cleanup", Time since last: 3000249859 ns, Reaching safepoint: 39901 ns, At safepoint: 3200 ns, Total: 43101 ns
[1590.760s][info ][safepoint      ] Safepoint "Cleanup", Time since last: 2000202187 ns, Reaching safepoint: 44301 ns, At safepoint: 4700 ns, Total: 49001 ns
[1590.800s][info ][gc,start       ] GC(92) Pause Young (Allocation Failure)
[1590.811s][debug][gc,phases      ] GC(92) Scavenge 11.719ms
[1590.812s][debug][gc,ref         ] GC(92) Skipped phase 1 of Reference Processing: no references
[1590.812s][debug][gc,ref         ] GC(92) ReferenceProcessor::execute queues: 1, RefProcThreadModel::Single, marks_oops_alive: false
[1590.812s][debug][gc,ref         ] GC(92) Skipped phase 3 of Reference Processing: no references
[1590.812s][debug][gc,ref         ] GC(92) ReferenceProcessor::execute queues: 1, RefProcThreadModel::Single, marks_oops_alive: false
[1590.812s][debug][gc,phases      ] GC(92) Reference Processing 0.111ms
[1590.812s][debug][gc,phases      ] GC(92)   VM Weak                        Min:  0.0, Avg:  0.0, Max:  0.0, Diff:  0.0, Sum:  0.0, Workers: 4
[1590.812s][debug][gc,phases      ] GC(92)     Dead                           Min: 0, Avg:  0.0, Max: 0, Diff: 0, Sum: 0, Workers: 4
[1590.812s][debug][gc,phases      ] GC(92)     Total                          Min: 0, Avg: 225.5, Max: 582, Diff: 582, Sum: 902, Workers: 4
[1590.812s][debug][gc,phases      ] GC(92)   ObjectSynchronizer Weak        Min:  0.0, Avg:  0.0, Max:  0.0, Diff:  0.0, Sum:  0.0, Workers: 4
[1590.812s][debug][gc,phases      ] GC(92)     Dead                           Min: 0, Avg:  0.0, Max: 0, Diff: 0, Sum: 0, Workers: 4
[1590.812s][debug][gc,phases      ] GC(92)     Total                          Min: 0, Avg:  7.8, Max: 31, Diff: 31, Sum: 31, Workers: 4
[1590.812s][debug][gc,phases      ] GC(92)   JVMTI Tag Weak OopStorage      Min:  0.0, Avg:  0.0, Max:  0.0, Diff:  0.0, Sum:  0.0, Workers: 4
[1590.812s][debug][gc,phases      ] GC(92)     Dead                           Min: 0, Avg:  0.0, Max: 0, Diff: 0, Sum: 0, Workers: 4
[1590.812s][debug][gc,phases      ] GC(92)     Total                          Min: 0, Avg:  0.0, Max: 0, Diff: 0, Sum: 0, Workers: 4
[1590.812s][debug][gc,phases      ] GC(92)   StringTable Weak               Min:  0.0, Avg:  0.1, Max:  0.1, Diff:  0.1, Sum:  0.4, Workers: 4
[1590.812s][debug][gc,phases      ] GC(92)     Dead                           Min: 0, Avg:  0.0, Max: 0, Diff: 0, Sum: 0, Workers: 4
[1590.812s][debug][gc,phases      ] GC(92)     Total                          Min: 0, Avg: 10804.8, Max: 15807, Diff: 15807, Sum: 43219, Workers: 4
[1590.812s][debug][gc,phases      ] GC(92)   ResolvedMethodTable Weak       Min:  0.0, Avg:  0.0, Max:  0.0, Diff:  0.0, Sum:  0.1, Workers: 4
[1590.812s][debug][gc,phases      ] GC(92)     Dead                           Min: 0, Avg:  0.0, Max: 0, Diff: 0, Sum: 0, Workers: 4
[1590.812s][debug][gc,phases      ] GC(92)     Total                          Min: 0, Avg: 2333.8, Max: 3136, Diff: 3136, Sum: 9335, Workers: 4
[1590.812s][debug][gc,phases      ] GC(92)   JNI Weak                       Min:  0.0, Avg:  0.0, Max:  0.0, Diff:  0.0, Sum:  0.0, Workers: 4
[1590.812s][debug][gc,phases      ] GC(92)     Dead                           Min: 0, Avg:  0.0, Max: 0, Diff: 0, Sum: 0, Workers: 4
[1590.812s][debug][gc,phases      ] GC(92)     Total                          Min: 0, Avg: 11.2, Max: 45, Diff: 45, Sum: 45, Workers: 4
[1590.812s][debug][gc,phases      ] GC(92)   StringDedup Table Weak         Min:  0.0, Avg:  0.0, Max:  0.0, Diff:  0.0, Sum:  0.0, Workers: 4
[1590.812s][debug][gc,phases      ] GC(92)     Dead                           Min: 0, Avg:  0.0, Max: 0, Diff: 0, Sum: 0, Workers: 4
[1590.812s][debug][gc,phases      ] GC(92)     Total                          Min: 0, Avg:  0.0, Max: 0, Diff: 0, Sum: 0, Workers: 4
[1590.812s][debug][gc,phases      ] GC(92)   StringDedup Requests0 Weak     Min:  0.0, Avg:  0.0, Max:  0.0, Diff:  0.0, Sum:  0.0, Workers: 4
[1590.812s][debug][gc,phases      ] GC(92)     Dead                           Min: 0, Avg:  0.0, Max: 0, Diff: 0, Sum: 0, Workers: 4
[1590.812s][debug][gc,phases      ] GC(92)     Total                          Min: 0, Avg:  0.0, Max: 0, Diff: 0, Sum: 0, Workers: 4
[1590.812s][debug][gc,phases      ] GC(92)   StringDedup Requests1 Weak     Min:  0.0, Avg:  0.0, Max:  0.0, Diff:  0.0, Sum:  0.0, Workers: 4
[1590.812s][debug][gc,phases      ] GC(92)     Dead                           Min: 0, Avg:  0.0, Max: 0, Diff: 0, Sum: 0, Workers: 4
[1590.812s][debug][gc,phases      ] GC(92)     Total                          Min: 0, Avg:  0.0, Max: 0, Diff: 0, Sum: 0, Workers: 4
[1590.812s][debug][gc,phases      ] GC(92)   Weak JFR Old Object Samples    Min:  0.0, Avg:  0.0, Max:  0.0, Diff:  0.0, Sum:  0.0, Workers: 4
[1590.812s][debug][gc,phases      ] GC(92)     Dead                           Min: 0, Avg:  0.0, Max: 0, Diff: 0, Sum: 0, Workers: 4
[1590.812s][debug][gc,phases      ] GC(92)     Total                          Min: 0, Avg:  0.0, Max: 0, Diff: 0, Sum: 0, Workers: 4
[1590.812s][debug][gc,phases      ] GC(92) Weak Processing 0.383ms
[1590.812s][debug][gc,age         ] GC(92) Desired survivor size 85983232 bytes, new threshold 15 (max threshold 15)
[1590.812s][info ][gc,heap        ] GC(92) PSYoungGen: 1952384K(2010112K)->10160K(2011648K) Eden: 1926656K(1926656K)->0K(1929216K) From: 25728K(83456K)->10160K(82432K)
[1590.812s][info ][gc,heap        ] GC(92) ParOldGen: 539368K(558080K)->556616K(558080K)
[1590.812s][info ][gc,metaspace   ] GC(92) Metaspace: 81822K(82880K)->81822K(82880K) NonClass: 70275K(70848K)->70275K(70848K) Class: 11546K(12032K)->11546K(12032K)
[1590.812s][info ][gc             ] GC(92) Pause Young (Allocation Failure) 2433M->553M(2509M) 12.354ms
[1590.812s][info ][gc,cpu         ] GC(92) User=0.04s Sys=0.01s Real=0.02s
[1590.812s][debug][gc,phases      ] GC(93) Pre Compact 0.009ms
[1590.812s][info ][gc,start       ] GC(93) Pause Full (Ergonomics)
[1590.812s][info ][gc,phases,start] GC(93) Marking Phase
[1590.949s][debug][gc,phases      ] GC(93) Par Mark 137.173ms
[1590.949s][debug][gc,ref         ] GC(93) Skipped phase 1 of Reference Processing: no references
[1590.950s][debug][gc,ref         ] GC(93) ReferenceProcessor::execute queues: 4, RefProcThreadModel::Multi, marks_oops_alive: false
[1590.950s][debug][gc,ref         ] GC(93) ReferenceProcessor::execute queues: 4, RefProcThreadModel::Multi, marks_oops_alive: true
[1590.951s][debug][gc,ref         ] GC(93) ReferenceProcessor::execute queues: 1, RefProcThreadModel::Single, marks_oops_alive: false
[1590.951s][debug][gc,phases      ] GC(93) Reference Processing 1.382ms
[1590.951s][debug][gc,phases      ] GC(93)   VM Weak                        Min:  0.0, Avg:  0.0, Max:  0.0, Diff:  0.0, Sum:  0.0, Workers: 4
[1590.951s][debug][gc,phases      ] GC(93)     Dead                           Min: 0, Avg:  0.0, Max: 0, Diff: 0, Sum: 0, Workers: 4
[1590.951s][debug][gc,phases      ] GC(93)     Total                          Min: 0, Avg: 225.5, Max: 454, Diff: 454, Sum: 902, Workers: 4
[1590.951s][debug][gc,phases      ] GC(93)   ObjectSynchronizer Weak        Min:  0.0, Avg:  0.0, Max:  0.0, Diff:  0.0, Sum:  0.0, Workers: 4
[1590.951s][debug][gc,phases      ] GC(93)     Dead                           Min: 0, Avg:  0.0, Max: 0, Diff: 0, Sum: 0, Workers: 4
[1590.951s][debug][gc,phases      ] GC(93)     Total                          Min: 0, Avg:  7.8, Max: 31, Diff: 31, Sum: 31, Workers: 4
[1590.951s][debug][gc,phases      ] GC(93)   JVMTI Tag Weak OopStorage      Min:  0.0, Avg:  0.0, Max:  0.0, Diff:  0.0, Sum:  0.0, Workers: 4
[1590.951s][debug][gc,phases      ] GC(93)     Dead                           Min: 0, Avg:  0.0, Max: 0, Diff: 0, Sum: 0, Workers: 4
[1590.951s][debug][gc,phases      ] GC(93)     Total                          Min: 0, Avg:  0.0, Max: 0, Diff: 0, Sum: 0, Workers: 4
[1590.951s][debug][gc,phases      ] GC(93)   StringTable Weak               Min:  0.0, Avg:  0.2, Max:  0.2, Diff:  0.2, Sum:  0.6, Workers: 4
[1590.951s][debug][gc,phases      ] GC(93)     Dead                           Min: 0, Avg:  0.0, Max: 0, Diff: 0, Sum: 0, Workers: 4
[1590.951s][debug][gc,phases      ] GC(93)     Total                          Min: 0, Avg: 10804.8, Max: 16064, Diff: 16064, Sum: 43219, Workers: 4
[1590.951s][debug][gc,phases      ] GC(93)   ResolvedMethodTable Weak       Min:  0.0, Avg:  0.0, Max:  0.0, Diff:  0.0, Sum:  0.1, Workers: 4
[1590.951s][debug][gc,phases      ] GC(93)     Dead                           Min: 0, Avg:  0.0, Max: 0, Diff: 0, Sum: 0, Workers: 4
[1590.951s][debug][gc,phases      ] GC(93)     Total                          Min: 0, Avg: 2333.8, Max: 3456, Diff: 3456, Sum: 9335, Workers: 4
[1590.951s][debug][gc,phases      ] GC(93)   JNI Weak                       Min:  0.0, Avg:  0.0, Max:  0.0, Diff:  0.0, Sum:  0.0, Workers: 4
[1590.951s][debug][gc,phases      ] GC(93)     Dead                           Min: 0, Avg:  0.0, Max: 0, Diff: 0, Sum: 0, Workers: 4
[1590.951s][debug][gc,phases      ] GC(93)     Total                          Min: 0, Avg: 11.2, Max: 45, Diff: 45, Sum: 45, Workers: 4
[1590.951s][debug][gc,phases      ] GC(93)   StringDedup Table Weak         Min:  0.0, Avg:  0.0, Max:  0.0, Diff:  0.0, Sum:  0.0, Workers: 4
[1590.951s][debug][gc,phases      ] GC(93)     Dead                           Min: 0, Avg:  0.0, Max: 0, Diff: 0, Sum: 0, Workers: 4
[1590.951s][debug][gc,phases      ] GC(93)     Total                          Min: 0, Avg:  0.0, Max: 0, Diff: 0, Sum: 0, Workers: 4
[1590.951s][debug][gc,phases      ] GC(93)   StringDedup Requests0 Weak     Min:  0.0, Avg:  0.0, Max:  0.0, Diff:  0.0, Sum:  0.0, Workers: 4
[1590.951s][debug][gc,phases      ] GC(93)     Dead                           Min: 0, Avg:  0.0, Max: 0, Diff: 0, Sum: 0, Workers: 4
[1590.951s][debug][gc,phases      ] GC(93)     Total                          Min: 0, Avg:  0.0, Max: 0, Diff: 0, Sum: 0, Workers: 4
[1590.951s][debug][gc,phases      ] GC(93)   StringDedup Requests1 Weak     Min:  0.0, Avg:  0.0, Max:  0.0, Diff:  0.0, Sum:  0.0, Workers: 4
[1590.951s][debug][gc,phases      ] GC(93)     Dead                           Min: 0, Avg:  0.0, Max: 0, Diff: 0, Sum: 0, Workers: 4
[1590.951s][debug][gc,phases      ] GC(93)     Total                          Min: 0, Avg:  0.0, Max: 0, Diff: 0, Sum: 0, Workers: 4
[1590.951s][debug][gc,phases      ] GC(93)   Weak JFR Old Object Samples    Min:  0.0, Avg:  0.0, Max:  0.0, Diff:  0.0, Sum:  0.0, Workers: 4
[1590.951s][debug][gc,phases      ] GC(93)     Dead                           Min: 0, Avg:  0.0, Max: 0, Diff: 0, Sum: 0, Workers: 4
[1590.951s][debug][gc,phases      ] GC(93)     Total                          Min: 0, Avg:  0.0, Max: 0, Diff: 0, Sum: 0, Workers: 4
[1590.951s][debug][gc,phases      ] GC(93) Weak Processing 0.444ms
[1590.951s][debug][gc,phases      ] GC(93) ClassLoaderData 0.117ms
[1590.951s][debug][gc,phases      ] GC(93) Trigger cleanups 0.000ms
[1590.976s][debug][gc,phases      ] GC(93) Class Unloading 24.729ms
[1590.976s][info ][gc,phases      ] GC(93) Marking Phase 163.957ms
[1590.976s][info ][gc,phases,start] GC(93) Summary Phase
[1590.976s][info ][gc,phases      ] GC(93) Summary Phase 0.026ms
[1590.976s][info ][gc,phases,start] GC(93) Adjust Roots
[1590.994s][info ][gc,phases      ] GC(93) Adjust Roots 17.859ms
[1590.994s][info ][gc,phases,start] GC(93) Compaction Phase
[1591.197s][info ][gc,phases      ] GC(93) Compaction Phase 202.590ms
[1591.197s][info ][gc,phases,start] GC(93) Post Compact
[1591.199s][info ][gc,phases      ] GC(93) Post Compact 1.948ms
[1591.199s][info ][gc,heap        ] GC(93) PSYoungGen: 10160K(2011648K)->0K(2013184K) Eden: 0K(1929216K)->0K(1929216K) From: 10160K(82432K)->0K(83968K)
[1591.199s][info ][gc,heap        ] GC(93) ParOldGen: 556616K(558080K)->440918K(539136K)
[1591.199s][info ][gc,metaspace   ] GC(93) Metaspace: 81822K(82880K)->81822K(82880K) NonClass: 70275K(70848K)->70275K(70848K) Class: 11546K(12032K)->11546K(12032K)
[1591.199s][info ][gc             ] GC(93) Pause Full (Ergonomics) 553M->430M(2492M) 386.701ms
[1591.199s][info ][gc,cpu         ] GC(93) User=1.20s Sys=0.01s Real=0.38s
[1591.199s][info ][safepoint      ] Safepoint "ParallelGCFailedAllocation", Time since last: 39830679 ns, Reaching safepoint: 46101 ns, At safepoint: 399458911 ns, Total: 399505012 ns
[1592.199s][info ][safepoint      ] Safepoint "Cleanup", Time since last: 1000108960 ns, Reaching safepoint: 117802 ns, At safepoint: 6300 ns, Total: 124102 ns
[1598.200s][info ][safepoint      ] Safepoint "Cleanup", Time since last: 6000482694 ns, Reaching safepoint: 117302 ns, At safepoint: 5801 ns, Total: 123103 ns
[1602.200s][info ][safepoint      ] Safepoint "Cleanup", Time since last: 4000289585 ns, Reaching safepoint: 140003 ns, At safepoint: 7100 ns, Total: 147103 ns
[1603.201s][info ][safepoint      ] Safepoint "Cleanup", Time since last: 1000090096 ns, Reaching safepoint: 126203 ns, At safepoint: 6800 ns, Total: 133003 ns
[1611.740s][info ][gc,start       ] GC(94) Pause Young (Allocation Failure)
[1611.746s][debug][gc,phases      ] GC(94) Scavenge 6.404ms
[1611.746s][debug][gc,ref         ] GC(94) Skipped phase 1 of Reference Processing: no references
[1611.747s][debug][gc,ref         ] GC(94) ReferenceProcessor::execute queues: 1, RefProcThreadModel::Single, marks_oops_alive: false
[1611.747s][debug][gc,ref         ] GC(94) Skipped phase 3 of Reference Processing: no references
[1611.747s][debug][gc,ref         ] GC(94) Skipped phase 4 of Reference Processing: no references
[1611.747s][debug][gc,phases      ] GC(94) Reference Processing 0.099ms
[1611.747s][debug][gc,phases      ] GC(94)   VM Weak                        Min:  0.0, Avg:  0.0, Max:  0.0, Diff:  0.0, Sum:  0.0, Workers: 4
[1611.747s][debug][gc,phases      ] GC(94)     Dead                           Min: 0, Avg:  0.0, Max: 0, Diff: 0, Sum: 0, Workers: 4
[1611.747s][debug][gc,phases      ] GC(94)     Total                          Min: 0, Avg: 225.5, Max: 454, Diff: 454, Sum: 902, Workers: 4
[1611.747s][debug][gc,phases      ] GC(94)   ObjectSynchronizer Weak        Min:  0.0, Avg:  0.0, Max:  0.0, Diff:  0.0, Sum:  0.0, Workers: 4
[1611.747s][debug][gc,phases      ] GC(94)     Dead                           Min: 0, Avg:  0.0, Max: 0, Diff: 0, Sum: 0, Workers: 4
[1611.747s][debug][gc,phases      ] GC(94)     Total                          Min: 0, Avg:  7.8, Max: 31, Diff: 31, Sum: 31, Workers: 4
[1611.747s][debug][gc,phases      ] GC(94)   JVMTI Tag Weak OopStorage      Min:  0.0, Avg:  0.0, Max:  0.0, Diff:  0.0, Sum:  0.0, Workers: 4
[1611.747s][debug][gc,phases      ] GC(94)     Dead                           Min: 0, Avg:  0.0, Max: 0, Diff: 0, Sum: 0, Workers: 4
[1611.747s][debug][gc,phases      ] GC(94)     Total                          Min: 0, Avg:  0.0, Max: 0, Diff: 0, Sum: 0, Workers: 4
[1611.747s][debug][gc,phases      ] GC(94)   StringTable Weak               Min:  0.0, Avg:  0.1, Max:  0.1, Diff:  0.1, Sum:  0.4, Workers: 4
[1611.747s][debug][gc,phases      ] GC(94)     Dead                           Min: 0, Avg:  0.0, Max: 0, Diff: 0, Sum: 0, Workers: 4
[1611.747s][debug][gc,phases      ] GC(94)     Total                          Min: 0, Avg: 10804.8, Max: 15230, Diff: 15230, Sum: 43219, Workers: 4
[1611.747s][debug][gc,phases      ] GC(94)   ResolvedMethodTable Weak       Min:  0.0, Avg:  0.0, Max:  0.0, Diff:  0.0, Sum:  0.1, Workers: 4
[1611.747s][debug][gc,phases      ] GC(94)     Dead                           Min: 0, Avg:  0.0, Max: 0, Diff: 0, Sum: 0, Workers: 4
[1611.747s][debug][gc,phases      ] GC(94)     Total                          Min: 0, Avg: 2333.8, Max: 3199, Diff: 3199, Sum: 9335, Workers: 4
[1611.747s][debug][gc,phases      ] GC(94)   JNI Weak                       Min:  0.0, Avg:  0.0, Max:  0.0, Diff:  0.0, Sum:  0.0, Workers: 4
[1611.747s][debug][gc,phases      ] GC(94)     Dead                           Min: 0, Avg:  0.0, Max: 0, Diff: 0, Sum: 0, Workers: 4
[1611.747s][debug][gc,phases      ] GC(94)     Total                          Min: 0, Avg: 11.2, Max: 45, Diff: 45, Sum: 45, Workers: 4
[1611.747s][debug][gc,phases      ] GC(94)   StringDedup Table Weak         Min:  0.0, Avg:  0.0, Max:  0.0, Diff:  0.0, Sum:  0.0, Workers: 4
[1611.747s][debug][gc,phases      ] GC(94)     Dead                           Min: 0, Avg:  0.0, Max: 0, Diff: 0, Sum: 0, Workers: 4
[1611.747s][debug][gc,phases      ] GC(94)     Total                          Min: 0, Avg:  0.0, Max: 0, Diff: 0, Sum: 0, Workers: 4
[1611.747s][debug][gc,phases      ] GC(94)   StringDedup Requests0 Weak     Min:  0.0, Avg:  0.0, Max:  0.0, Diff:  0.0, Sum:  0.0, Workers: 4
[1611.747s][debug][gc,phases      ] GC(94)     Dead                           Min: 0, Avg:  0.0, Max: 0, Diff: 0, Sum: 0, Workers: 4
[1611.747s][debug][gc,phases      ] GC(94)     Total                          Min: 0, Avg:  0.0, Max: 0, Diff: 0, Sum: 0, Workers: 4
[1611.747s][debug][gc,phases      ] GC(94)   StringDedup Requests1 Weak     Min:  0.0, Avg:  0.0, Max:  0.0, Diff:  0.0, Sum:  0.0, Workers: 4
[1611.747s][debug][gc,phases      ] GC(94)     Dead                           Min: 0, Avg:  0.0, Max: 0, Diff: 0, Sum: 0, Workers: 4
[1611.747s][debug][gc,phases      ] GC(94)     Total                          Min: 0, Avg:  0.0, Max: 0, Diff: 0, Sum: 0, Workers: 4
[1611.747s][debug][gc,phases      ] GC(94)   Weak JFR Old Object Samples    Min:  0.0, Avg:  0.0, Max:  0.0, Diff:  0.0, Sum:  0.0, Workers: 4
[1611.747s][debug][gc,phases      ] GC(94)     Dead                           Min: 0, Avg:  0.0, Max: 0, Diff: 0, Sum: 0, Workers: 4
[1611.747s][debug][gc,phases      ] GC(94)     Total                          Min: 0, Avg:  0.0, Max: 0, Diff: 0, Sum: 0, Workers: 4
[1611.747s][debug][gc,phases      ] GC(94) Weak Processing 0.415ms
[1611.747s][debug][gc,age         ] GC(94) Desired survivor size 87556096 bytes, new threshold 15 (max threshold 15)
[1611.747s][info ][gc,heap        ] GC(94) PSYoungGen: 1929216K(2013184K)->2784K(2010112K) Eden: 1929216K(1929216K)->0K(1926144K) From: 0K(83968K)->2784K(83968K)
[1611.747s][info ][gc,heap        ] GC(94) ParOldGen: 440918K(539136K)->440918K(539136K)
[1611.747s][info ][gc,metaspace   ] GC(94) Metaspace: 81824K(82880K)->81824K(82880K) NonClass: 70277K(70848K)->70277K(70848K) Class: 11546K(12032K)->11546K(12032K)
[1611.747s][info ][gc             ] GC(94) Pause Young (Allocation Failure) 2314M->433M(2489M) 7.053ms
[1611.747s][info ][gc,cpu         ] GC(94) User=0.01s Sys=0.00s Real=0.01s
[1611.747s][info ][safepoint      ] Safepoint "ParallelGCFailedAllocation", Time since last: 8539199576 ns, Reaching safepoint: 129802 ns, At safepoint: 7130358 ns, Total: 7260160 ns
[1613.747s][info ][safepoint      ] Safepoint "Cleanup", Time since last: 2000161071 ns, Reaching safepoint: 123602 ns, At safepoint: 5501 ns, Total: 129103 ns
[1618.748s][info ][safepoint      ] Safepoint "Cleanup", Time since last: 5000405875 ns, Reaching safepoint: 125503 ns, At safepoint: 5500 ns, Total: 131003 ns
[1622.748s][info ][safepoint      ] Safepoint "Cleanup", Time since last: 4000322300 ns, Reaching safepoint: 116803 ns, At safepoint: 5600 ns, Total: 122403 ns
[1627.749s][info ][safepoint      ] Safepoint "Cleanup", Time since last: 5000384540 ns, Reaching safepoint: 117203 ns, At safepoint: 6400 ns, Total: 123603 ns
[1630.139s][info ][gc,start       ] GC(95) Pause Young (Allocation Failure)
[1630.144s][debug][gc,phases      ] GC(95) Scavenge 4.505ms
[1630.144s][debug][gc,ref         ] GC(95) Skipped phase 1 of Reference Processing: no references
[1630.144s][debug][gc,ref         ] GC(95) ReferenceProcessor::execute queues: 1, RefProcThreadModel::Single, marks_oops_alive: false
[1630.144s][debug][gc,ref         ] GC(95) Skipped phase 3 of Reference Processing: no references
[1630.144s][debug][gc,ref         ] GC(95) Skipped phase 4 of Reference Processing: no references
[1630.144s][debug][gc,phases      ] GC(95) Reference Processing 0.123ms
[1630.144s][debug][gc,phases      ] GC(95)   VM Weak                        Min:  0.0, Avg:  0.0, Max:  0.0, Diff:  0.0, Sum:  0.0, Workers: 4
[1630.144s][debug][gc,phases      ] GC(95)     Dead                           Min: 0, Avg:  0.0, Max: 0, Diff: 0, Sum: 0, Workers: 4
[1630.144s][debug][gc,phases      ] GC(95)     Total                          Min: 0, Avg: 225.5, Max: 832, Diff: 832, Sum: 902, Workers: 4
[1630.144s][debug][gc,phases      ] GC(95)   ObjectSynchronizer Weak        Min:  0.0, Avg:  0.0, Max:  0.0, Diff:  0.0, Sum:  0.0, Workers: 4
[1630.144s][debug][gc,phases      ] GC(95)     Dead                           Min: 0, Avg:  0.0, Max: 0, Diff: 0, Sum: 0, Workers: 4
[1630.144s][debug][gc,phases      ] GC(95)     Total                          Min: 0, Avg:  7.8, Max: 31, Diff: 31, Sum: 31, Workers: 4
[1630.144s][debug][gc,phases      ] GC(95)   JVMTI Tag Weak OopStorage      Min:  0.0, Avg:  0.0, Max:  0.0, Diff:  0.0, Sum:  0.0, Workers: 4
[1630.144s][debug][gc,phases      ] GC(95)     Dead                           Min: 0, Avg:  0.0, Max: 0, Diff: 0, Sum: 0, Workers: 4
[1630.144s][debug][gc,phases      ] GC(95)     Total                          Min: 0, Avg:  0.0, Max: 0, Diff: 0, Sum: 0, Workers: 4
[1630.144s][debug][gc,phases      ] GC(95)   StringTable Weak               Min:  0.0, Avg:  0.1, Max:  0.2, Diff:  0.2, Sum:  0.5, Workers: 4
[1630.144s][debug][gc,phases      ] GC(95)     Dead                           Min: 0, Avg:  0.0, Max: 0, Diff: 0, Sum: 0, Workers: 4
[1630.144s][debug][gc,phases      ] GC(95)     Total                          Min: 0, Avg: 10804.8, Max: 15317, Diff: 15317, Sum: 43219, Workers: 4
[1630.144s][debug][gc,phases      ] GC(95)   ResolvedMethodTable Weak       Min:  0.0, Avg:  0.0, Max:  0.0, Diff:  0.0, Sum:  0.1, Workers: 4
[1630.144s][debug][gc,phases      ] GC(95)     Dead                           Min: 0, Avg:  0.0, Max: 0, Diff: 0, Sum: 0, Workers: 4
[1630.144s][debug][gc,phases      ] GC(95)     Total                          Min: 0, Avg: 2333.8, Max: 4672, Diff: 4672, Sum: 9335, Workers: 4
[1630.144s][debug][gc,phases      ] GC(95)   JNI Weak                       Min:  0.0, Avg:  0.0, Max:  0.0, Diff:  0.0, Sum:  0.0, Workers: 4
[1630.144s][debug][gc,phases      ] GC(95)     Dead                           Min: 0, Avg:  0.0, Max: 0, Diff: 0, Sum: 0, Workers: 4
[1630.144s][debug][gc,phases      ] GC(95)     Total                          Min: 0, Avg: 11.2, Max: 45, Diff: 45, Sum: 45, Workers: 4
[1630.144s][debug][gc,phases      ] GC(95)   StringDedup Table Weak         Min:  0.0, Avg:  0.0, Max:  0.0, Diff:  0.0, Sum:  0.0, Workers: 4
[1630.144s][debug][gc,phases      ] GC(95)     Dead                           Min: 0, Avg:  0.0, Max: 0, Diff: 0, Sum: 0, Workers: 4
[1630.144s][debug][gc,phases      ] GC(95)     Total                          Min: 0, Avg:  0.0, Max: 0, Diff: 0, Sum: 0, Workers: 4
[1630.144s][debug][gc,phases      ] GC(95)   StringDedup Requests0 Weak     Min:  0.0, Avg:  0.0, Max:  0.0, Diff:  0.0, Sum:  0.0, Workers: 4
[1630.144s][debug][gc,phases      ] GC(95)     Dead                           Min: 0, Avg:  0.0, Max: 0, Diff: 0, Sum: 0, Workers: 4
[1630.144s][debug][gc,phases      ] GC(95)     Total                          Min: 0, Avg:  0.0, Max: 0, Diff: 0, Sum: 0, Workers: 4
[1630.144s][debug][gc,phases      ] GC(95)   StringDedup Requests1 Weak     Min:  0.0, Avg:  0.0, Max:  0.0, Diff:  0.0, Sum:  0.0, Workers: 4
[1630.144s][debug][gc,phases      ] GC(95)     Dead                           Min: 0, Avg:  0.0, Max: 0, Diff: 0, Sum: 0, Workers: 4
[1630.144s][debug][gc,phases      ] GC(95)     Total                          Min: 0, Avg:  0.0, Max: 0, Diff: 0, Sum: 0, Workers: 4
[1630.144s][debug][gc,phases      ] GC(95)   Weak JFR Old Object Samples    Min:  0.0, Avg:  0.0, Max:  0.0, Diff:  0.0, Sum:  0.0, Workers: 4
[1630.144s][debug][gc,phases      ] GC(95)     Dead                           Min: 0, Avg:  0.0, Max: 0, Diff: 0, Sum: 0, Workers: 4
[1630.144s][debug][gc,phases      ] GC(95)     Total                          Min: 0, Avg:  0.0, Max: 0, Diff: 0, Sum: 0, Workers: 4
[1630.144s][debug][gc,phases      ] GC(95) Weak Processing 0.407ms
[1630.144s][debug][gc,age         ] GC(95) Desired survivor size 87556096 bytes, new threshold 15 (max threshold 15)
[1630.144s][info ][gc,heap        ] GC(95) PSYoungGen: 1928928K(2010112K)->3104K(2011648K) Eden: 1926144K(1926144K)->0K(1926144K) From: 2784K(83968K)->3104K(85504K)
[1630.144s][info ][gc,heap        ] GC(95) ParOldGen: 440918K(539136K)->440918K(539136K)
[1630.144s][info ][gc,metaspace   ] GC(95) Metaspace: 81828K(82944K)->81828K(82944K) NonClass: 70281K(70912K)->70281K(70912K) Class: 11546K(12032K)->11546K(12032K)
[1630.144s][info ][gc             ] GC(95) Pause Young (Allocation Failure) 2314M->433M(2491M) 5.181ms
[1630.144s][info ][gc,cpu         ] GC(95) User=0.01s Sys=0.01s Real=0.01s
[1630.144s][info ][safepoint      ] Safepoint "ParallelGCFailedAllocation", Time since last: 2390234944 ns, Reaching safepoint: 114502 ns, At safepoint: 5253917 ns, Total: 5368419 ns
[1631.145s][info ][safepoint      ] Safepoint "Cleanup", Time since last: 1000084113 ns, Reaching safepoint: 125503 ns, At safepoint: 5000 ns, Total: 130503 ns
[1634.145s][info ][safepoint      ] Safepoint "Cleanup", Time since last: 3000261239 ns, Reaching safepoint: 125603 ns, At safepoint: 12800 ns, Total: 138403 ns
[1637.145s][info ][safepoint      ] Safepoint "Cleanup", Time since last: 3000265040 ns, Reaching safepoint: 112702 ns, At safepoint: 7100 ns, Total: 119802 ns
[1639.146s][info ][safepoint      ] Safepoint "Cleanup", Time since last: 2000180240 ns, Reaching safepoint: 124203 ns, At safepoint: 5300 ns, Total: 129503 ns
[1649.147s][info ][safepoint      ] Safepoint "Cleanup", Time since last: 10000758667 ns, Reaching safepoint: 118402 ns, At safepoint: 7201 ns, Total: 125603 ns
[1650.091s][info ][gc,start       ] GC(96) Pause Young (Allocation Failure)
[1650.097s][debug][gc,phases      ] GC(96) Scavenge 6.574ms
[1650.097s][debug][gc,ref         ] GC(96) Skipped phase 1 of Reference Processing: no references
[1650.097s][debug][gc,ref         ] GC(96) ReferenceProcessor::execute queues: 1, RefProcThreadModel::Single, marks_oops_alive: false
[1650.097s][debug][gc,ref         ] GC(96) Skipped phase 3 of Reference Processing: no references
[1650.097s][debug][gc,ref         ] GC(96) Skipped phase 4 of Reference Processing: no references
[1650.097s][debug][gc,phases      ] GC(96) Reference Processing 0.103ms
[1650.098s][debug][gc,phases      ] GC(96)   VM Weak                        Min:  0.0, Avg:  0.0, Max:  0.0, Diff:  0.0, Sum:  0.0, Workers: 4
[1650.098s][debug][gc,phases      ] GC(96)     Dead                           Min: 0, Avg:  0.0, Max: 0, Diff: 0, Sum: 0, Workers: 4
[1650.098s][debug][gc,phases      ] GC(96)     Total                          Min: 0, Avg: 225.5, Max: 710, Diff: 710, Sum: 902, Workers: 4
[1650.098s][debug][gc,phases      ] GC(96)   ObjectSynchronizer Weak        Min:  0.0, Avg:  0.0, Max:  0.0, Diff:  0.0, Sum:  0.0, Workers: 4
[1650.098s][debug][gc,phases      ] GC(96)     Dead                           Min: 0, Avg:  0.0, Max: 0, Diff: 0, Sum: 0, Workers: 4
[1650.098s][debug][gc,phases      ] GC(96)     Total                          Min: 0, Avg:  7.8, Max: 31, Diff: 31, Sum: 31, Workers: 4
[1650.098s][debug][gc,phases      ] GC(96)   JVMTI Tag Weak OopStorage      Min:  0.0, Avg:  0.0, Max:  0.0, Diff:  0.0, Sum:  0.0, Workers: 4
[1650.098s][debug][gc,phases      ] GC(96)     Dead                           Min: 0, Avg:  0.0, Max: 0, Diff: 0, Sum: 0, Workers: 4
[1650.098s][debug][gc,phases      ] GC(96)     Total                          Min: 0, Avg:  0.0, Max: 0, Diff: 0, Sum: 0, Workers: 4
[1650.098s][debug][gc,phases      ] GC(96)   StringTable Weak               Min:  0.0, Avg:  0.1, Max:  0.1, Diff:  0.1, Sum:  0.4, Workers: 4
[1650.098s][debug][gc,phases      ] GC(96)     Dead                           Min: 0, Avg:  0.0, Max: 0, Diff: 0, Sum: 0, Workers: 4
[1650.098s][debug][gc,phases      ] GC(96)     Total                          Min: 0, Avg: 10805.2, Max: 14807, Diff: 14807, Sum: 43221, Workers: 4
[1650.098s][debug][gc,phases      ] GC(96)   ResolvedMethodTable Weak       Min:  0.0, Avg:  0.0, Max:  0.0, Diff:  0.0, Sum:  0.1, Workers: 4
[1650.098s][debug][gc,phases      ] GC(96)     Dead                           Min: 0, Avg:  0.0, Max: 0, Diff: 0, Sum: 0, Workers: 4
[1650.098s][debug][gc,phases      ] GC(96)     Total                          Min: 0, Avg: 2333.8, Max: 3192, Diff: 3192, Sum: 9335, Workers: 4
[1650.098s][debug][gc,phases      ] GC(96)   JNI Weak                       Min:  0.0, Avg:  0.0, Max:  0.0, Diff:  0.0, Sum:  0.0, Workers: 4
[1650.098s][debug][gc,phases      ] GC(96)     Dead                           Min: 0, Avg:  0.0, Max: 0, Diff: 0, Sum: 0, Workers: 4
[1650.098s][debug][gc,phases      ] GC(96)     Total                          Min: 0, Avg: 11.2, Max: 45, Diff: 45, Sum: 45, Workers: 4
[1650.098s][debug][gc,phases      ] GC(96)   StringDedup Table Weak         Min:  0.0, Avg:  0.0, Max:  0.0, Diff:  0.0, Sum:  0.0, Workers: 4
[1650.098s][debug][gc,phases      ] GC(96)     Dead                           Min: 0, Avg:  0.0, Max: 0, Diff: 0, Sum: 0, Workers: 4
[1650.098s][debug][gc,phases      ] GC(96)     Total                          Min: 0, Avg:  0.0, Max: 0, Diff: 0, Sum: 0, Workers: 4
[1650.098s][debug][gc,phases      ] GC(96)   StringDedup Requests0 Weak     Min:  0.0, Avg:  0.0, Max:  0.0, Diff:  0.0, Sum:  0.0, Workers: 4
[1650.098s][debug][gc,phases      ] GC(96)     Dead                           Min: 0, Avg:  0.0, Max: 0, Diff: 0, Sum: 0, Workers: 4
[1650.098s][debug][gc,phases      ] GC(96)     Total                          Min: 0, Avg:  0.0, Max: 0, Diff: 0, Sum: 0, Workers: 4
[1650.098s][debug][gc,phases      ] GC(96)   StringDedup Requests1 Weak     Min:  0.0, Avg:  0.0, Max:  0.0, Diff:  0.0, Sum:  0.0, Workers: 4
[1650.098s][debug][gc,phases      ] GC(96)     Dead                           Min: 0, Avg:  0.0, Max: 0, Diff: 0, Sum: 0, Workers: 4
[1650.098s][debug][gc,phases      ] GC(96)     Total                          Min: 0, Avg:  0.0, Max: 0, Diff: 0, Sum: 0, Workers: 4
[1650.098s][debug][gc,phases      ] GC(96)   Weak JFR Old Object Samples    Min:  0.0, Avg:  0.0, Max:  0.0, Diff:  0.0, Sum:  0.0, Workers: 4
[1650.098s][debug][gc,phases      ] GC(96)     Dead                           Min: 0, Avg:  0.0, Max: 0, Diff: 0, Sum: 0, Workers: 4
[1650.098s][debug][gc,phases      ] GC(96)     Total                          Min: 0, Avg:  0.0, Max: 0, Diff: 0, Sum: 0, Workers: 4
[1650.098s][debug][gc,phases      ] GC(96) Weak Processing 0.373ms
[1650.098s][debug][gc,age         ] GC(96) Desired survivor size 87031808 bytes, new threshold 15 (max threshold 15)
[1650.098s][info ][gc,heap        ] GC(96) PSYoungGen: 1929248K(2011648K)->5568K(2012160K) Eden: 1926144K(1926144K)->0K(1926656K) From: 3104K(85504K)->5568K(85504K)
[1650.098s][info ][gc,heap        ] GC(96) ParOldGen: 440918K(539136K)->440926K(539136K)
[1650.098s][info ][gc,metaspace   ] GC(96) Metaspace: 81837K(82944K)->81837K(82944K) NonClass: 70291K(70912K)->70291K(70912K) Class: 11546K(12032K)->11546K(12032K)
[1650.098s][info ][gc             ] GC(96) Pause Young (Allocation Failure) 2314M->436M(2491M) 7.190ms
[1650.098s][info ][gc,cpu         ] GC(96) User=0.02s Sys=0.00s Real=0.01s
[1650.098s][info ][safepoint      ] Safepoint "ParallelGCFailedAllocation", Time since last: 943836338 ns, Reaching safepoint: 114102 ns, At safepoint: 7269362 ns, Total: 7383464 ns
[1655.098s][info ][safepoint      ] Safepoint "Cleanup", Time since last: 5000346851 ns, Reaching safepoint: 120102 ns, At safepoint: 5000 ns, Total: 125102 ns
[1659.099s][info ][safepoint      ] Safepoint "Cleanup", Time since last: 4000315417 ns, Reaching safepoint: 125203 ns, At safepoint: 7700 ns, Total: 132903 ns
[1660.099s][info ][safepoint      ] Safepoint "Cleanup", Time since last: 1000132080 ns, Reaching safepoint: 137203 ns, At safepoint: 5000 ns, Total: 142203 ns
[1667.704s][info ][gc,start       ] GC(97) Pause Young (Allocation Failure)
[1667.710s][debug][gc,phases      ] GC(97) Scavenge 6.131ms
[1667.710s][debug][gc,ref         ] GC(97) Skipped phase 1 of Reference Processing: no references
[1667.710s][debug][gc,ref         ] GC(97) ReferenceProcessor::execute queues: 1, RefProcThreadModel::Single, marks_oops_alive: false
[1667.710s][debug][gc,ref         ] GC(97) Skipped phase 3 of Reference Processing: no references
[1667.710s][debug][gc,ref         ] GC(97) ReferenceProcessor::execute queues: 1, RefProcThreadModel::Single, marks_oops_alive: false
[1667.710s][debug][gc,phases      ] GC(97) Reference Processing 0.113ms
[1667.711s][debug][gc,phases      ] GC(97)   VM Weak                        Min:  0.0, Avg:  0.0, Max:  0.0, Diff:  0.0, Sum:  0.0, Workers: 4
[1667.711s][debug][gc,phases      ] GC(97)     Dead                           Min: 0, Avg:  0.0, Max: 0, Diff: 0, Sum: 0, Workers: 4
[1667.711s][debug][gc,phases      ] GC(97)     Total                          Min: 64, Avg: 225.5, Max: 454, Diff: 390, Sum: 902, Workers: 4
[1667.711s][debug][gc,phases      ] GC(97)   ObjectSynchronizer Weak        Min:  0.0, Avg:  0.0, Max:  0.0, Diff:  0.0, Sum:  0.0, Workers: 4
[1667.711s][debug][gc,phases      ] GC(97)     Dead                           Min: 0, Avg:  0.0, Max: 0, Diff: 0, Sum: 0, Workers: 4
[1667.711s][debug][gc,phases      ] GC(97)     Total                          Min: 0, Avg:  7.8, Max: 31, Diff: 31, Sum: 31, Workers: 4
[1667.711s][debug][gc,phases      ] GC(97)   JVMTI Tag Weak OopStorage      Min:  0.0, Avg:  0.0, Max:  0.0, Diff:  0.0, Sum:  0.0, Workers: 4
[1667.711s][debug][gc,phases      ] GC(97)     Dead                           Min: 0, Avg:  0.0, Max: 0, Diff: 0, Sum: 0, Workers: 4
[1667.711s][debug][gc,phases      ] GC(97)     Total                          Min: 0, Avg:  0.0, Max: 0, Diff: 0, Sum: 0, Workers: 4
[1667.711s][debug][gc,phases      ] GC(97)   StringTable Weak               Min:  0.1, Avg:  0.1, Max:  0.1, Diff:  0.0, Sum:  0.4, Workers: 4
[1667.711s][debug][gc,phases      ] GC(97)     Dead                           Min: 0, Avg:  0.0, Max: 0, Diff: 0, Sum: 0, Workers: 4
[1667.711s][debug][gc,phases      ] GC(97)     Total                          Min: 9920, Avg: 10807.5, Max: 11775, Diff: 1855, Sum: 43230, Workers: 4
[1667.711s][debug][gc,phases      ] GC(97)   ResolvedMethodTable Weak       Min:  0.0, Avg:  0.0, Max:  0.0, Diff:  0.0, Sum:  0.1, Workers: 4
[1667.711s][debug][gc,phases      ] GC(97)     Dead                           Min: 0, Avg:  0.0, Max: 0, Diff: 0, Sum: 0, Workers: 4
[1667.711s][debug][gc,phases      ] GC(97)     Total                          Min: 2240, Avg: 2333.8, Max: 2488, Diff: 248, Sum: 9335, Workers: 4
[1667.711s][debug][gc,phases      ] GC(97)   JNI Weak                       Min:  0.0, Avg:  0.0, Max:  0.0, Diff:  0.0, Sum:  0.0, Workers: 4
[1667.711s][debug][gc,phases      ] GC(97)     Dead                           Min: 0, Avg:  0.0, Max: 0, Diff: 0, Sum: 0, Workers: 4
[1667.711s][debug][gc,phases      ] GC(97)     Total                          Min: 0, Avg: 11.2, Max: 45, Diff: 45, Sum: 45, Workers: 4
[1667.711s][debug][gc,phases      ] GC(97)   StringDedup Table Weak         Min:  0.0, Avg:  0.0, Max:  0.0, Diff:  0.0, Sum:  0.0, Workers: 4
[1667.711s][debug][gc,phases      ] GC(97)     Dead                           Min: 0, Avg:  0.0, Max: 0, Diff: 0, Sum: 0, Workers: 4
[1667.711s][debug][gc,phases      ] GC(97)     Total                          Min: 0, Avg:  0.0, Max: 0, Diff: 0, Sum: 0, Workers: 4
[1667.711s][debug][gc,phases      ] GC(97)   StringDedup Requests0 Weak     Min:  0.0, Avg:  0.0, Max:  0.0, Diff:  0.0, Sum:  0.0, Workers: 4
[1667.711s][debug][gc,phases      ] GC(97)     Dead                           Min: 0, Avg:  0.0, Max: 0, Diff: 0, Sum: 0, Workers: 4
[1667.711s][debug][gc,phases      ] GC(97)     Total                          Min: 0, Avg:  0.0, Max: 0, Diff: 0, Sum: 0, Workers: 4
[1667.711s][debug][gc,phases      ] GC(97)   StringDedup Requests1 Weak     Min:  0.0, Avg:  0.0, Max:  0.0, Diff:  0.0, Sum:  0.0, Workers: 4
[1667.711s][debug][gc,phases      ] GC(97)     Dead                           Min: 0, Avg:  0.0, Max: 0, Diff: 0, Sum: 0, Workers: 4
[1667.711s][debug][gc,phases      ] GC(97)     Total                          Min: 0, Avg:  0.0, Max: 0, Diff: 0, Sum: 0, Workers: 4
[1667.711s][debug][gc,phases      ] GC(97)   Weak JFR Old Object Samples    Min:  0.0, Avg:  0.0, Max:  0.0, Diff:  0.0, Sum:  0.0, Workers: 4
[1667.711s][debug][gc,phases      ] GC(97)     Dead                           Min: 0, Avg:  0.0, Max: 0, Diff: 0, Sum: 0, Workers: 4
[1667.711s][debug][gc,phases      ] GC(97)     Total                          Min: 0, Avg:  0.0, Max: 0, Diff: 0, Sum: 0, Workers: 4
[1667.711s][debug][gc,phases      ] GC(97) Weak Processing 0.309ms
[1667.711s][debug][gc,age         ] GC(97) Desired survivor size 84934656 bytes, new threshold 15 (max threshold 15)
[1667.711s][info ][gc,heap        ] GC(97) PSYoungGen: 1932224K(2012160K)->6975K(2011648K) Eden: 1926656K(1926656K)->0K(1926656K) From: 5568K(85504K)->6975K(84992K)
[1667.711s][info ][gc,heap        ] GC(97) ParOldGen: 440926K(539136K)->440926K(539136K)
[1667.711s][info ][gc,metaspace   ] GC(97) Metaspace: 81846K(82944K)->81846K(82944K) NonClass: 70299K(70912K)->70299K(70912K) Class: 11546K(12032K)->11546K(12032K)
[1667.711s][info ][gc             ] GC(97) Pause Young (Allocation Failure) 2317M->437M(2491M) 6.722ms
[1667.711s][info ][gc,cpu         ] GC(97) User=0.03s Sys=0.00s Real=0.00s
[1667.711s][info ][safepoint      ] Safepoint "ParallelGCFailedAllocation", Time since last: 7604835960 ns, Reaching safepoint: 105602 ns, At safepoint: 6801152 ns, Total: 6906754 ns
[1668.711s][info ][safepoint      ] Safepoint "Cleanup", Time since last: 1000061151 ns, Reaching safepoint: 53401 ns, At safepoint: 3100 ns, Total: 56501 ns
[1671.711s][info ][safepoint      ] Safepoint "Cleanup", Time since last: 3000221293 ns, Reaching safepoint: 34301 ns, At safepoint: 3100 ns, Total: 37401 ns
[1673.711s][info ][safepoint      ] Safepoint "Cleanup", Time since last: 2000101406 ns, Reaching safepoint: 48601 ns, At safepoint: 5300 ns, Total: 53901 ns
[1675.712s][info ][safepoint      ] Safepoint "Cleanup", Time since last: 2000123707 ns, Reaching safepoint: 45401 ns, At safepoint: 2500 ns, Total: 47901 ns
[1681.712s][info ][safepoint      ] Safepoint "Cleanup", Time since last: 6000446861 ns, Reaching safepoint: 40901 ns, At safepoint: 2600 ns, Total: 43501 ns
[1682.712s][info ][safepoint      ] Safepoint "Cleanup", Time since last: 1000119366 ns, Reaching safepoint: 44201 ns, At safepoint: 3100 ns, Total: 47301 ns
[1683.712s][info ][safepoint      ] Safepoint "Cleanup", Time since last: 1000108366 ns, Reaching safepoint: 45301 ns, At safepoint: 2500 ns, Total: 47801 ns
[1684.713s][info ][safepoint      ] Safepoint "Cleanup", Time since last: 1000114767 ns, Reaching safepoint: 42901 ns, At safepoint: 2700 ns, Total: 45601 ns
[1686.560s][info ][safepoint      ] Safepoint "Cleanup", Time since last: 1847267704 ns, Reaching safepoint: 137905 ns, At safepoint: 7300 ns, Total: 145205 ns
[1687.560s][info ][safepoint      ] Safepoint "Cleanup", Time since last: 1000072964 ns, Reaching safepoint: 65402 ns, At safepoint: 3200 ns, Total: 68602 ns
[1688.052s][info ][gc,start       ] GC(98) Pause Young (Allocation Failure)
[1688.058s][debug][gc,phases      ] GC(98) Scavenge 5.165ms
[1688.058s][debug][gc,ref         ] GC(98) Skipped phase 1 of Reference Processing: no references
[1688.058s][debug][gc,ref         ] GC(98) ReferenceProcessor::execute queues: 1, RefProcThreadModel::Single, marks_oops_alive: false
[1688.058s][debug][gc,ref         ] GC(98) Skipped phase 3 of Reference Processing: no references
[1688.058s][debug][gc,ref         ] GC(98) ReferenceProcessor::execute queues: 1, RefProcThreadModel::Single, marks_oops_alive: false
[1688.058s][debug][gc,phases      ] GC(98) Reference Processing 0.119ms
[1688.058s][debug][gc,phases      ] GC(98)   VM Weak                        Min:  0.0, Avg:  0.0, Max:  0.0, Diff:  0.0, Sum:  0.0, Workers: 4
[1688.058s][debug][gc,phases      ] GC(98)     Dead                           Min: 0, Avg:  0.0, Max: 0, Diff: 0, Sum: 0, Workers: 4
[1688.058s][debug][gc,phases      ] GC(98)     Total                          Min: 0, Avg: 225.5, Max: 902, Diff: 902, Sum: 902, Workers: 4
[1688.058s][debug][gc,phases      ] GC(98)   ObjectSynchronizer Weak        Min:  0.0, Avg:  0.0, Max:  0.0, Diff:  0.0, Sum:  0.0, Workers: 4
[1688.058s][debug][gc,phases      ] GC(98)     Dead                           Min: 0, Avg:  0.0, Max: 0, Diff: 0, Sum: 0, Workers: 4
[1688.058s][debug][gc,phases      ] GC(98)     Total                          Min: 0, Avg:  7.8, Max: 31, Diff: 31, Sum: 31, Workers: 4
[1688.058s][debug][gc,phases      ] GC(98)   JVMTI Tag Weak OopStorage      Min:  0.0, Avg:  0.0, Max:  0.0, Diff:  0.0, Sum:  0.0, Workers: 4
[1688.058s][debug][gc,phases      ] GC(98)     Dead                           Min: 0, Avg:  0.0, Max: 0, Diff: 0, Sum: 0, Workers: 4
[1688.058s][debug][gc,phases      ] GC(98)     Total                          Min: 0, Avg:  0.0, Max: 0, Diff: 0, Sum: 0, Workers: 4
[1688.058s][debug][gc,phases      ] GC(98)   StringTable Weak               Min:  0.1, Avg:  0.1, Max:  0.1, Diff:  0.0, Sum:  0.4, Workers: 4
[1688.058s][debug][gc,phases      ] GC(98)     Dead                           Min: 0, Avg:  0.0, Max: 0, Diff: 0, Sum: 0, Workers: 4
[1688.058s][debug][gc,phases      ] GC(98)     Total                          Min: 10368, Avg: 10809.0, Max: 11775, Diff: 1407, Sum: 43236, Workers: 4
[1688.058s][debug][gc,phases      ] GC(98)   ResolvedMethodTable Weak       Min:  0.0, Avg:  0.0, Max:  0.0, Diff:  0.0, Sum:  0.1, Workers: 4
[1688.058s][debug][gc,phases      ] GC(98)     Dead                           Min: 0, Avg:  0.0, Max: 0, Diff: 0, Sum: 0, Workers: 4
[1688.058s][debug][gc,phases      ] GC(98)     Total                          Min: 2176, Avg: 2334.8, Max: 2496, Diff: 320, Sum: 9339, Workers: 4
[1688.058s][debug][gc,phases      ] GC(98)   JNI Weak                       Min:  0.0, Avg:  0.0, Max:  0.0, Diff:  0.0, Sum:  0.0, Workers: 4
[1688.058s][debug][gc,phases      ] GC(98)     Dead                           Min: 0, Avg:  0.0, Max: 0, Diff: 0, Sum: 0, Workers: 4
[1688.058s][debug][gc,phases      ] GC(98)     Total                          Min: 0, Avg: 11.2, Max: 45, Diff: 45, Sum: 45, Workers: 4
[1688.058s][debug][gc,phases      ] GC(98)   StringDedup Table Weak         Min:  0.0, Avg:  0.0, Max:  0.0, Diff:  0.0, Sum:  0.0, Workers: 4
[1688.058s][debug][gc,phases      ] GC(98)     Dead                           Min: 0, Avg:  0.0, Max: 0, Diff: 0, Sum: 0, Workers: 4
[1688.058s][debug][gc,phases      ] GC(98)     Total                          Min: 0, Avg:  0.0, Max: 0, Diff: 0, Sum: 0, Workers: 4
[1688.058s][debug][gc,phases      ] GC(98)   StringDedup Requests0 Weak     Min:  0.0, Avg:  0.0, Max:  0.0, Diff:  0.0, Sum:  0.0, Workers: 4
[1688.058s][debug][gc,phases      ] GC(98)     Dead                           Min: 0, Avg:  0.0, Max: 0, Diff: 0, Sum: 0, Workers: 4
[1688.058s][debug][gc,phases      ] GC(98)     Total                          Min: 0, Avg:  0.0, Max: 0, Diff: 0, Sum: 0, Workers: 4
[1688.058s][debug][gc,phases      ] GC(98)   StringDedup Requests1 Weak     Min:  0.0, Avg:  0.0, Max:  0.0, Diff:  0.0, Sum:  0.0, Workers: 4
[1688.058s][debug][gc,phases      ] GC(98)     Dead                           Min: 0, Avg:  0.0, Max: 0, Diff: 0, Sum: 0, Workers: 4
[1688.058s][debug][gc,phases      ] GC(98)     Total                          Min: 0, Avg:  0.0, Max: 0, Diff: 0, Sum: 0, Workers: 4
[1688.058s][debug][gc,phases      ] GC(98)   Weak JFR Old Object Samples    Min:  0.0, Avg:  0.0, Max:  0.0, Diff:  0.0, Sum:  0.0, Workers: 4
[1688.058s][debug][gc,phases      ] GC(98)     Dead                           Min: 0, Avg:  0.0, Max: 0, Diff: 0, Sum: 0, Workers: 4
[1688.058s][debug][gc,phases      ] GC(98)     Total                          Min: 0, Avg:  0.0, Max: 0, Diff: 0, Sum: 0, Workers: 4
[1688.058s][debug][gc,phases      ] GC(98) Weak Processing 0.406ms
[1688.058s][debug][gc,age         ] GC(98) Desired survivor size 82837504 bytes, new threshold 15 (max threshold 15)
[1688.058s][info ][gc,heap        ] GC(98) PSYoungGen: 1933631K(2011648K)->7136K(2016256K) Eden: 1926656K(1926656K)->0K(1933312K) From: 6975K(84992K)->7136K(82944K)
[1688.058s][info ][gc,heap        ] GC(98) ParOldGen: 440926K(539136K)->440926K(539136K)
[1688.058s][info ][gc,metaspace   ] GC(98) Metaspace: 81869K(82944K)->81869K(82944K) NonClass: 70319K(70912K)->70319K(70912K) Class: 11549K(12032K)->11549K(12032K)
[1688.058s][info ][gc             ] GC(98) Pause Young (Allocation Failure) 2318M->437M(2495M) 5.827ms
[1688.058s][info ][gc,cpu         ] GC(98) User=0.02s Sys=0.00s Real=0.00s
[1688.058s][info ][safepoint      ] Safepoint "ParallelGCFailedAllocation", Time since last: 492223806 ns, Reaching safepoint: 51902 ns, At safepoint: 5895808 ns, Total: 5947710 ns
[1689.058s][info ][safepoint      ] Safepoint "Cleanup", Time since last: 1000093692 ns, Reaching safepoint: 48201 ns, At safepoint: 2500 ns, Total: 50701 ns
[1690.059s][info ][safepoint      ] Safepoint "Cleanup", Time since last: 1000116344 ns, Reaching safepoint: 42601 ns, At safepoint: 4200 ns, Total: 46801 ns
[1693.059s][info ][safepoint      ] Safepoint "Cleanup", Time since last: 3000256530 ns, Reaching safepoint: 50602 ns, At safepoint: 3000 ns, Total: 53602 ns
[1694.059s][info ][safepoint      ] Safepoint "Cleanup", Time since last: 1000126537 ns, Reaching safepoint: 44001 ns, At safepoint: 3500 ns, Total: 47501 ns
[1695.059s][info ][safepoint      ] Safepoint "Cleanup", Time since last: 1000098466 ns, Reaching safepoint: 51801 ns, At safepoint: 3300 ns, Total: 55101 ns
[1696.059s][info ][safepoint      ] Safepoint "Cleanup", Time since last: 1000124267 ns, Reaching safepoint: 42901 ns, At safepoint: 15101 ns, Total: 58002 ns
[1697.060s][info ][safepoint      ] Safepoint "Cleanup", Time since last: 1000115266 ns, Reaching safepoint: 60502 ns, At safepoint: 3100 ns, Total: 63602 ns
[1703.060s][info ][safepoint      ] Safepoint "Cleanup", Time since last: 6000441962 ns, Reaching safepoint: 61002 ns, At safepoint: 4800 ns, Total: 65802 ns
[1706.142s][info ][gc,start       ] GC(99) Pause Young (Allocation Failure)
[1706.148s][debug][gc,phases      ] GC(99) Scavenge 6.466ms
[1706.148s][debug][gc,ref         ] GC(99) Skipped phase 1 of Reference Processing: no references
[1706.148s][debug][gc,ref         ] GC(99) ReferenceProcessor::execute queues: 1, RefProcThreadModel::Single, marks_oops_alive: false
[1706.148s][debug][gc,ref         ] GC(99) Skipped phase 3 of Reference Processing: no references
[1706.148s][debug][gc,ref         ] GC(99) ReferenceProcessor::execute queues: 1, RefProcThreadModel::Single, marks_oops_alive: false
[1706.148s][debug][gc,phases      ] GC(99) Reference Processing 0.106ms
[1706.149s][debug][gc,phases      ] GC(99)   VM Weak                        Min:  0.0, Avg:  0.0, Max:  0.0, Diff:  0.0, Sum:  0.0, Workers: 4
[1706.149s][debug][gc,phases      ] GC(99)     Dead                           Min: 0, Avg:  0.0, Max: 0, Diff: 0, Sum: 0, Workers: 4
[1706.149s][debug][gc,phases      ] GC(99)     Total                          Min: 0, Avg: 225.5, Max: 710, Diff: 710, Sum: 902, Workers: 4
[1706.149s][debug][gc,phases      ] GC(99)   ObjectSynchronizer Weak        Min:  0.0, Avg:  0.0, Max:  0.0, Diff:  0.0, Sum:  0.0, Workers: 4
[1706.149s][debug][gc,phases      ] GC(99)     Dead                           Min: 0, Avg:  0.0, Max: 0, Diff: 0, Sum: 0, Workers: 4
[1706.149s][debug][gc,phases      ] GC(99)     Total                          Min: 0, Avg:  7.8, Max: 31, Diff: 31, Sum: 31, Workers: 4
[1706.149s][debug][gc,phases      ] GC(99)   JVMTI Tag Weak OopStorage      Min:  0.0, Avg:  0.0, Max:  0.0, Diff:  0.0, Sum:  0.0, Workers: 4
[1706.149s][debug][gc,phases      ] GC(99)     Dead                           Min: 0, Avg:  0.0, Max: 0, Diff: 0, Sum: 0, Workers: 4
[1706.149s][debug][gc,phases      ] GC(99)     Total                          Min: 0, Avg:  0.0, Max: 0, Diff: 0, Sum: 0, Workers: 4
[1706.149s][debug][gc,phases      ] GC(99)   StringTable Weak               Min:  0.0, Avg:  0.1, Max:  0.1, Diff:  0.1, Sum:  0.4, Workers: 4
[1706.149s][debug][gc,phases      ] GC(99)     Dead                           Min: 0, Avg:  0.0, Max: 0, Diff: 0, Sum: 0, Workers: 4
[1706.149s][debug][gc,phases      ] GC(99)     Total                          Min: 0, Avg: 10809.0, Max: 15039, Diff: 15039, Sum: 43236, Workers: 4
[1706.149s][debug][gc,phases      ] GC(99)   ResolvedMethodTable Weak       Min:  0.0, Avg:  0.0, Max:  0.0, Diff:  0.0, Sum:  0.1, Workers: 4
[1706.149s][debug][gc,phases      ] GC(99)     Dead                           Min: 0, Avg:  0.0, Max: 0, Diff: 0, Sum: 0, Workers: 4
[1706.149s][debug][gc,phases      ] GC(99)     Total                          Min: 0, Avg: 2334.8, Max: 3136, Diff: 3136, Sum: 9339, Workers: 4
[1706.149s][debug][gc,phases      ] GC(99)   JNI Weak                       Min:  0.0, Avg:  0.0, Max:  0.0, Diff:  0.0, Sum:  0.0, Workers: 4
[1706.149s][debug][gc,phases      ] GC(99)     Dead                           Min: 0, Avg:  0.0, Max: 0, Diff: 0, Sum: 0, Workers: 4
[1706.149s][debug][gc,phases      ] GC(99)     Total                          Min: 0, Avg: 11.2, Max: 45, Diff: 45, Sum: 45, Workers: 4
[1706.149s][debug][gc,phases      ] GC(99)   StringDedup Table Weak         Min:  0.0, Avg:  0.0, Max:  0.0, Diff:  0.0, Sum:  0.0, Workers: 4
[1706.149s][debug][gc,phases      ] GC(99)     Dead                           Min: 0, Avg:  0.0, Max: 0, Diff: 0, Sum: 0, Workers: 4
[1706.149s][debug][gc,phases      ] GC(99)     Total                          Min: 0, Avg:  0.0, Max: 0, Diff: 0, Sum: 0, Workers: 4
[1706.149s][debug][gc,phases      ] GC(99)   StringDedup Requests0 Weak     Min:  0.0, Avg:  0.0, Max:  0.0, Diff:  0.0, Sum:  0.0, Workers: 4
[1706.149s][debug][gc,phases      ] GC(99)     Dead                           Min: 0, Avg:  0.0, Max: 0, Diff: 0, Sum: 0, Workers: 4
[1706.149s][debug][gc,phases      ] GC(99)     Total                          Min: 0, Avg:  0.0, Max: 0, Diff: 0, Sum: 0, Workers: 4
[1706.149s][debug][gc,phases      ] GC(99)   StringDedup Requests1 Weak     Min:  0.0, Avg:  0.0, Max:  0.0, Diff:  0.0, Sum:  0.0, Workers: 4
[1706.149s][debug][gc,phases      ] GC(99)     Dead                           Min: 0, Avg:  0.0, Max: 0, Diff: 0, Sum: 0, Workers: 4
[1706.149s][debug][gc,phases      ] GC(99)     Total                          Min: 0, Avg:  0.0, Max: 0, Diff: 0, Sum: 0, Workers: 4
[1706.149s][debug][gc,phases      ] GC(99)   Weak JFR Old Object Samples    Min:  0.0, Avg:  0.0, Max:  0.0, Diff:  0.0, Sum:  0.0, Workers: 4
[1706.149s][debug][gc,phases      ] GC(99)     Dead                           Min: 0, Avg:  0.0, Max: 0, Diff: 0, Sum: 0, Workers: 4
[1706.149s][debug][gc,phases      ] GC(99)     Total                          Min: 0, Avg:  0.0, Max: 0, Diff: 0, Sum: 0, Workers: 4
[1706.149s][debug][gc,phases      ] GC(99) Weak Processing 0.361ms
[1706.149s][debug][gc,age         ] GC(99) Desired survivor size 80216064 bytes, new threshold 15 (max threshold 15)
[1706.149s][info ][gc,heap        ] GC(99) PSYoungGen: 1940448K(2016256K)->7200K(2014208K) Eden: 1933312K(1933312K)->0K(1933312K) From: 7136K(82944K)->7200K(80896K)
[1706.149s][info ][gc,heap        ] GC(99) ParOldGen: 440926K(539136K)->440926K(539136K)
[1706.149s][info ][gc,metaspace   ] GC(99) Metaspace: 81878K(82944K)->81878K(82944K) NonClass: 70329K(70912K)->70329K(70912K) Class: 11549K(12032K)->11549K(12032K)
[1706.149s][info ][gc             ] GC(99) Pause Young (Allocation Failure) 2325M->437M(2493M) 7.071ms
[1706.149s][info ][gc,cpu         ] GC(99) User=0.02s Sys=0.00s Real=0.01s
[1706.149s][info ][safepoint      ] Safepoint "ParallelGCFailedAllocation", Time since last: 3081434543 ns, Reaching safepoint: 121803 ns, At safepoint: 7144181 ns, Total: 7265984 ns
[1709.149s][info ][safepoint      ] Safepoint "Cleanup", Time since last: 3000189888 ns, Reaching safepoint: 116003 ns, At safepoint: 5400 ns, Total: 121403 ns
[1712.149s][info ][safepoint      ] Safepoint "Cleanup", Time since last: 3000243226 ns, Reaching safepoint: 118603 ns, At safepoint: 5100 ns, Total: 123703 ns
[1713.150s][info ][safepoint      ] Safepoint "Cleanup", Time since last: 1000110121 ns, Reaching safepoint: 114703 ns, At safepoint: 4700 ns, Total: 119403 ns
[1717.150s][info ][safepoint      ] Safepoint "Cleanup", Time since last: 4000338780 ns, Reaching safepoint: 120603 ns, At safepoint: 31001 ns, Total: 151604 ns
[1720.151s][info ][safepoint      ] Safepoint "Cleanup", Time since last: 3000262097 ns, Reaching safepoint: 121303 ns, At safepoint: 6901 ns, Total: 128204 ns
[1723.151s][info ][safepoint      ] Safepoint "Cleanup", Time since last: 3000272917 ns, Reaching safepoint: 120103 ns, At safepoint: 5800 ns, Total: 125903 ns
[1725.091s][info ][gc,start       ] GC(100) Pause Young (Allocation Failure)
[1725.096s][debug][gc,phases      ] GC(100) Scavenge 5.312ms
[1725.096s][debug][gc,ref         ] GC(100) Skipped phase 1 of Reference Processing: no references
[1725.097s][debug][gc,ref         ] GC(100) ReferenceProcessor::execute queues: 1, RefProcThreadModel::Single, marks_oops_alive: false
[1725.097s][debug][gc,ref         ] GC(100) Skipped phase 3 of Reference Processing: no references
[1725.097s][debug][gc,ref         ] GC(100) ReferenceProcessor::execute queues: 1, RefProcThreadModel::Single, marks_oops_alive: false
[1725.097s][debug][gc,phases      ] GC(100) Reference Processing 0.109ms
[1725.097s][debug][gc,phases      ] GC(100)   VM Weak                        Min:  0.0, Avg:  0.0, Max:  0.0, Diff:  0.0, Sum:  0.0, Workers: 4
[1725.097s][debug][gc,phases      ] GC(100)     Dead                           Min: 0, Avg:  0.0, Max: 0, Diff: 0, Sum: 0, Workers: 4
[1725.097s][debug][gc,phases      ] GC(100)     Total                          Min: 0, Avg: 225.5, Max: 710, Diff: 710, Sum: 902, Workers: 4
[1725.097s][debug][gc,phases      ] GC(100)   ObjectSynchronizer Weak        Min:  0.0, Avg:  0.0, Max:  0.0, Diff:  0.0, Sum:  0.0, Workers: 4
[1725.097s][debug][gc,phases      ] GC(100)     Dead                           Min: 0, Avg:  0.0, Max: 0, Diff: 0, Sum: 0, Workers: 4
[1725.097s][debug][gc,phases      ] GC(100)     Total                          Min: 0, Avg:  7.8, Max: 31, Diff: 31, Sum: 31, Workers: 4
[1725.097s][debug][gc,phases      ] GC(100)   JVMTI Tag Weak OopStorage      Min:  0.0, Avg:  0.0, Max:  0.0, Diff:  0.0, Sum:  0.0, Workers: 4
[1725.097s][debug][gc,phases      ] GC(100)     Dead                           Min: 0, Avg:  0.0, Max: 0, Diff: 0, Sum: 0, Workers: 4
[1725.097s][debug][gc,phases      ] GC(100)     Total                          Min: 0, Avg:  0.0, Max: 0, Diff: 0, Sum: 0, Workers: 4
[1725.097s][debug][gc,phases      ] GC(100)   StringTable Weak               Min:  0.0, Avg:  0.1, Max:  0.1, Diff:  0.1, Sum:  0.4, Workers: 4
[1725.097s][debug][gc,phases      ] GC(100)     Dead                           Min: 0, Avg:  0.0, Max: 0, Diff: 0, Sum: 0, Workers: 4
[1725.097s][debug][gc,phases      ] GC(100)     Total                          Min: 0, Avg: 10809.2, Max: 15334, Diff: 15334, Sum: 43237, Workers: 4
[1725.097s][debug][gc,phases      ] GC(100)   ResolvedMethodTable Weak       Min:  0.0, Avg:  0.0, Max:  0.0, Diff:  0.0, Sum:  0.1, Workers: 4
[1725.097s][debug][gc,phases      ] GC(100)     Dead                           Min: 0, Avg:  0.0, Max: 0, Diff: 0, Sum: 0, Workers: 4
[1725.097s][debug][gc,phases      ] GC(100)     Total                          Min: 0, Avg: 2334.8, Max: 3136, Diff: 3136, Sum: 9339, Workers: 4
[1725.097s][debug][gc,phases      ] GC(100)   JNI Weak                       Min:  0.0, Avg:  0.0, Max:  0.0, Diff:  0.0, Sum:  0.0, Workers: 4
[1725.097s][debug][gc,phases      ] GC(100)     Dead                           Min: 0, Avg:  0.0, Max: 0, Diff: 0, Sum: 0, Workers: 4
[1725.097s][debug][gc,phases      ] GC(100)     Total                          Min: 0, Avg: 11.2, Max: 45, Diff: 45, Sum: 45, Workers: 4
[1725.097s][debug][gc,phases      ] GC(100)   StringDedup Table Weak         Min:  0.0, Avg:  0.0, Max:  0.0, Diff:  0.0, Sum:  0.0, Workers: 4
[1725.097s][debug][gc,phases      ] GC(100)     Dead                           Min: 0, Avg:  0.0, Max: 0, Diff: 0, Sum: 0, Workers: 4
[1725.097s][debug][gc,phases      ] GC(100)     Total                          Min: 0, Avg:  0.0, Max: 0, Diff: 0, Sum: 0, Workers: 4
[1725.097s][debug][gc,phases      ] GC(100)   StringDedup Requests0 Weak     Min:  0.0, Avg:  0.0, Max:  0.0, Diff:  0.0, Sum:  0.0, Workers: 4
[1725.097s][debug][gc,phases      ] GC(100)     Dead                           Min: 0, Avg:  0.0, Max: 0, Diff: 0, Sum: 0, Workers: 4
[1725.097s][debug][gc,phases      ] GC(100)     Total                          Min: 0, Avg:  0.0, Max: 0, Diff: 0, Sum: 0, Workers: 4
[1725.097s][debug][gc,phases      ] GC(100)   StringDedup Requests1 Weak     Min:  0.0, Avg:  0.0, Max:  0.0, Diff:  0.0, Sum:  0.0, Workers: 4
[1725.097s][debug][gc,phases      ] GC(100)     Dead                           Min: 0, Avg:  0.0, Max: 0, Diff: 0, Sum: 0, Workers: 4
[1725.097s][debug][gc,phases      ] GC(100)     Total                          Min: 0, Avg:  0.0, Max: 0, Diff: 0, Sum: 0, Workers: 4
[1725.097s][debug][gc,phases      ] GC(100)   Weak JFR Old Object Samples    Min:  0.0, Avg:  0.0, Max:  0.0, Diff:  0.0, Sum:  0.0, Workers: 4
[1725.097s][debug][gc,phases      ] GC(100)     Dead                           Min: 0, Avg:  0.0, Max: 0, Diff: 0, Sum: 0, Workers: 4
[1725.097s][debug][gc,phases      ] GC(100)     Total                          Min: 0, Avg:  0.0, Max: 0, Diff: 0, Sum: 0, Workers: 4
[1725.097s][debug][gc,phases      ] GC(100) Weak Processing 0.374ms
[1725.097s][debug][gc,age         ] GC(100) Desired survivor size 77070336 bytes, new threshold 15 (max threshold 15)
[1725.097s][info ][gc,heap        ] GC(100) PSYoungGen: 1940512K(2014208K)->7280K(2021888K) Eden: 1933312K(1933312K)->0K(1943552K) From: 7200K(80896K)->7280K(78336K)
[1725.097s][info ][gc,heap        ] GC(100) ParOldGen: 440926K(539136K)->440926K(539136K)
[1725.097s][info ][gc,metaspace   ] GC(100) Metaspace: 81899K(83008K)->81899K(83008K) NonClass: 70350K(70976K)->70350K(70976K) Class: 11549K(12032K)->11549K(12032K)
[1725.097s][info ][gc             ] GC(100) Pause Young (Allocation Failure) 2325M->437M(2501M) 5.957ms
[1725.097s][info ][gc,cpu         ] GC(100) User=0.02s Sys=0.00s Real=0.01s
[1725.097s][info ][safepoint      ] Safepoint "ParallelGCFailedAllocation", Time since last: 1940000335 ns, Reaching safepoint: 104403 ns, At safepoint: 6035255 ns, Total: 6139658 ns
[1728.097s][info ][safepoint      ] Safepoint "Cleanup", Time since last: 3000210053 ns, Reaching safepoint: 121003 ns, At safepoint: 38301 ns, Total: 159304 ns
[1730.098s][info ][safepoint      ] Safepoint "Cleanup", Time since last: 2000174817 ns, Reaching safepoint: 113203 ns, At safepoint: 4900 ns, Total: 118103 ns
[1740.099s][info ][safepoint      ] Safepoint "Cleanup", Time since last: 10000752751 ns, Reaching safepoint: 115303 ns, At safepoint: 5800 ns, Total: 121103 ns
[1743.009s][info ][gc,start       ] GC(101) Pause Young (Allocation Failure)
[1743.015s][debug][gc,phases      ] GC(101) Scavenge 6.265ms
[1743.015s][debug][gc,ref         ] GC(101) Skipped phase 1 of Reference Processing: no references
[1743.016s][debug][gc,ref         ] GC(101) ReferenceProcessor::execute queues: 1, RefProcThreadModel::Single, marks_oops_alive: false
[1743.016s][debug][gc,ref         ] GC(101) Skipped phase 3 of Reference Processing: no references
[1743.016s][debug][gc,ref         ] GC(101) ReferenceProcessor::execute queues: 1, RefProcThreadModel::Single, marks_oops_alive: false
[1743.016s][debug][gc,phases      ] GC(101) Reference Processing 0.110ms
[1743.016s][debug][gc,phases      ] GC(101)   VM Weak                        Min:  0.0, Avg:  0.0, Max:  0.0, Diff:  0.0, Sum:  0.0, Workers: 4
[1743.016s][debug][gc,phases      ] GC(101)     Dead                           Min: 0, Avg:  0.0, Max: 0, Diff: 0, Sum: 0, Workers: 4
[1743.016s][debug][gc,phases      ] GC(101)     Total                          Min: 0, Avg: 225.5, Max: 838, Diff: 838, Sum: 902, Workers: 4
[1743.016s][debug][gc,phases      ] GC(101)   ObjectSynchronizer Weak        Min:  0.0, Avg:  0.0, Max:  0.0, Diff:  0.0, Sum:  0.0, Workers: 4
[1743.016s][debug][gc,phases      ] GC(101)     Dead                           Min: 0, Avg:  0.0, Max: 0, Diff: 0, Sum: 0, Workers: 4
[1743.016s][debug][gc,phases      ] GC(101)     Total                          Min: 0, Avg:  7.8, Max: 31, Diff: 31, Sum: 31, Workers: 4
[1743.016s][debug][gc,phases      ] GC(101)   JVMTI Tag Weak OopStorage      Min:  0.0, Avg:  0.0, Max:  0.0, Diff:  0.0, Sum:  0.0, Workers: 4
[1743.016s][debug][gc,phases      ] GC(101)     Dead                           Min: 0, Avg:  0.0, Max: 0, Diff: 0, Sum: 0, Workers: 4
[1743.016s][debug][gc,phases      ] GC(101)     Total                          Min: 0, Avg:  0.0, Max: 0, Diff: 0, Sum: 0, Workers: 4
[1743.016s][debug][gc,phases      ] GC(101)   StringTable Weak               Min:  0.0, Avg:  0.1, Max:  0.1, Diff:  0.1, Sum:  0.4, Workers: 4
[1743.016s][debug][gc,phases      ] GC(101)     Dead                           Min: 0, Avg:  0.0, Max: 0, Diff: 0, Sum: 0, Workers: 4
[1743.016s][debug][gc,phases      ] GC(101)     Total                          Min: 0, Avg: 10809.5, Max: 15487, Diff: 15487, Sum: 43238, Workers: 4
[1743.016s][debug][gc,phases      ] GC(101)   ResolvedMethodTable Weak       Min:  0.0, Avg:  0.0, Max:  0.0, Diff:  0.0, Sum:  0.1, Workers: 4
[1743.016s][debug][gc,phases      ] GC(101)     Dead                           Min: 0, Avg:  0.0, Max: 0, Diff: 0, Sum: 0, Workers: 4
[1743.016s][debug][gc,phases      ] GC(101)     Total                          Min: 0, Avg: 2335.2, Max: 3264, Diff: 3264, Sum: 9341, Workers: 4
[1743.016s][debug][gc,phases      ] GC(101)   JNI Weak                       Min:  0.0, Avg:  0.0, Max:  0.0, Diff:  0.0, Sum:  0.0, Workers: 4
[1743.016s][debug][gc,phases      ] GC(101)     Dead                           Min: 0, Avg:  0.0, Max: 0, Diff: 0, Sum: 0, Workers: 4
[1743.016s][debug][gc,phases      ] GC(101)     Total                          Min: 0, Avg: 11.2, Max: 45, Diff: 45, Sum: 45, Workers: 4
[1743.016s][debug][gc,phases      ] GC(101)   StringDedup Table Weak         Min:  0.0, Avg:  0.0, Max:  0.0, Diff:  0.0, Sum:  0.0, Workers: 4
[1743.016s][debug][gc,phases      ] GC(101)     Dead                           Min: 0, Avg:  0.0, Max: 0, Diff: 0, Sum: 0, Workers: 4
[1743.016s][debug][gc,phases      ] GC(101)     Total                          Min: 0, Avg:  0.0, Max: 0, Diff: 0, Sum: 0, Workers: 4
[1743.016s][debug][gc,phases      ] GC(101)   StringDedup Requests0 Weak     Min:  0.0, Avg:  0.0, Max:  0.0, Diff:  0.0, Sum:  0.0, Workers: 4
[1743.016s][debug][gc,phases      ] GC(101)     Dead                           Min: 0, Avg:  0.0, Max: 0, Diff: 0, Sum: 0, Workers: 4
[1743.016s][debug][gc,phases      ] GC(101)     Total                          Min: 0, Avg:  0.0, Max: 0, Diff: 0, Sum: 0, Workers: 4
[1743.016s][debug][gc,phases      ] GC(101)   StringDedup Requests1 Weak     Min:  0.0, Avg:  0.0, Max:  0.0, Diff:  0.0, Sum:  0.0, Workers: 4
[1743.016s][debug][gc,phases      ] GC(101)     Dead                           Min: 0, Avg:  0.0, Max: 0, Diff: 0, Sum: 0, Workers: 4
[1743.016s][debug][gc,phases      ] GC(101)     Total                          Min: 0, Avg:  0.0, Max: 0, Diff: 0, Sum: 0, Workers: 4
[1743.016s][debug][gc,phases      ] GC(101)   Weak JFR Old Object Samples    Min:  0.0, Avg:  0.0, Max:  0.0, Diff:  0.0, Sum:  0.0, Workers: 4
[1743.016s][debug][gc,phases      ] GC(101)     Dead                           Min: 0, Avg:  0.0, Max: 0, Diff: 0, Sum: 0, Workers: 4
[1743.016s][debug][gc,phases      ] GC(101)     Total                          Min: 0, Avg:  0.0, Max: 0, Diff: 0, Sum: 0, Workers: 4
[1743.016s][debug][gc,phases      ] GC(101) Weak Processing 0.440ms
[1743.016s][debug][gc,age         ] GC(101) Desired survivor size 73924608 bytes, new threshold 15 (max threshold 15)
[1743.016s][info ][gc,heap        ] GC(101) PSYoungGen: 1950832K(2021888K)->8540K(2018816K) Eden: 1943552K(1943552K)->0K(1943552K) From: 7280K(78336K)->8540K(75264K)
[1743.016s][info ][gc,heap        ] GC(101) ParOldGen: 440926K(539136K)->440926K(539136K)
[1743.016s][info ][gc,metaspace   ] GC(101) Metaspace: 81908K(83008K)->81908K(83008K) NonClass: 70358K(70976K)->70358K(70976K) Class: 11550K(12032K)->11550K(12032K)
[1743.016s][info ][gc             ] GC(101) Pause Young (Allocation Failure) 2335M->438M(2498M) 6.953ms
[1743.016s][info ][gc,cpu         ] GC(101) User=0.03s Sys=0.00s Real=0.01s
[1743.016s][info ][safepoint      ] Safepoint "ParallelGCFailedAllocation", Time since last: 2910346557 ns, Reaching safepoint: 125503 ns, At safepoint: 7028273 ns, Total: 7153776 ns
[1759.017s][info ][safepoint      ] Safepoint "Cleanup", Time since last: 16001025778 ns, Reaching safepoint: 119403 ns, At safepoint: 30500 ns, Total: 149903 ns
[1761.018s][info ][safepoint      ] Safepoint "Cleanup", Time since last: 2000167007 ns, Reaching safepoint: 47301 ns, At safepoint: 3100 ns, Total: 50401 ns
[1763.341s][info ][gc,start       ] GC(102) Pause Young (Allocation Failure)
[1763.347s][debug][gc,phases      ] GC(102) Scavenge 6.380ms
[1763.347s][debug][gc,ref         ] GC(102) Skipped phase 1 of Reference Processing: no references
[1763.347s][debug][gc,ref         ] GC(102) ReferenceProcessor::execute queues: 1, RefProcThreadModel::Single, marks_oops_alive: false
[1763.347s][debug][gc,ref         ] GC(102) Skipped phase 3 of Reference Processing: no references
[1763.347s][debug][gc,ref         ] GC(102) ReferenceProcessor::execute queues: 1, RefProcThreadModel::Single, marks_oops_alive: false
[1763.347s][debug][gc,phases      ] GC(102) Reference Processing 0.107ms
[1763.348s][debug][gc,phases      ] GC(102)   VM Weak                        Min:  0.0, Avg:  0.0, Max:  0.0, Diff:  0.0, Sum:  0.0, Workers: 4
[1763.348s][debug][gc,phases      ] GC(102)     Dead                           Min: 0, Avg:  0.0, Max: 0, Diff: 0, Sum: 0, Workers: 4
[1763.348s][debug][gc,phases      ] GC(102)     Total                          Min: 0, Avg: 225.5, Max: 640, Diff: 640, Sum: 902, Workers: 4
[1763.348s][debug][gc,phases      ] GC(102)   ObjectSynchronizer Weak        Min:  0.0, Avg:  0.0, Max:  0.0, Diff:  0.0, Sum:  0.0, Workers: 4
[1763.348s][debug][gc,phases      ] GC(102)     Dead                           Min: 0, Avg:  0.0, Max: 0, Diff: 0, Sum: 0, Workers: 4
[1763.348s][debug][gc,phases      ] GC(102)     Total                          Min: 0, Avg:  7.8, Max: 31, Diff: 31, Sum: 31, Workers: 4
[1763.348s][debug][gc,phases      ] GC(102)   JVMTI Tag Weak OopStorage      Min:  0.0, Avg:  0.0, Max:  0.0, Diff:  0.0, Sum:  0.0, Workers: 4
[1763.348s][debug][gc,phases      ] GC(102)     Dead                           Min: 0, Avg:  0.0, Max: 0, Diff: 0, Sum: 0, Workers: 4
[1763.348s][debug][gc,phases      ] GC(102)     Total                          Min: 0, Avg:  0.0, Max: 0, Diff: 0, Sum: 0, Workers: 4
[1763.348s][debug][gc,phases      ] GC(102)   StringTable Weak               Min:  0.1, Avg:  0.1, Max:  0.1, Diff:  0.0, Sum:  0.4, Workers: 4
[1763.348s][debug][gc,phases      ] GC(102)     Dead                           Min: 0, Avg:  0.0, Max: 0, Diff: 0, Sum: 0, Workers: 4
[1763.348s][debug][gc,phases      ] GC(102)     Total                          Min: 9087, Avg: 10809.5, Max: 12008, Diff: 2921, Sum: 43238, Workers: 4
[1763.348s][debug][gc,phases      ] GC(102)   ResolvedMethodTable Weak       Min:  0.0, Avg:  0.0, Max:  0.0, Diff:  0.0, Sum:  0.1, Workers: 4
[1763.348s][debug][gc,phases      ] GC(102)     Dead                           Min: 0, Avg:  0.0, Max: 0, Diff: 0, Sum: 0, Workers: 4
[1763.348s][debug][gc,phases      ] GC(102)     Total                          Min: 2239, Avg: 2335.2, Max: 2432, Diff: 193, Sum: 9341, Workers: 4
[1763.348s][debug][gc,phases      ] GC(102)   JNI Weak                       Min:  0.0, Avg:  0.0, Max:  0.0, Diff:  0.0, Sum:  0.0, Workers: 4
[1763.348s][debug][gc,phases      ] GC(102)     Dead                           Min: 0, Avg:  0.0, Max: 0, Diff: 0, Sum: 0, Workers: 4
[1763.348s][debug][gc,phases      ] GC(102)     Total                          Min: 0, Avg: 11.2, Max: 45, Diff: 45, Sum: 45, Workers: 4
[1763.348s][debug][gc,phases      ] GC(102)   StringDedup Table Weak         Min:  0.0, Avg:  0.0, Max:  0.0, Diff:  0.0, Sum:  0.0, Workers: 4
[1763.348s][debug][gc,phases      ] GC(102)     Dead                           Min: 0, Avg:  0.0, Max: 0, Diff: 0, Sum: 0, Workers: 4
[1763.348s][debug][gc,phases      ] GC(102)     Total                          Min: 0, Avg:  0.0, Max: 0, Diff: 0, Sum: 0, Workers: 4
[1763.348s][debug][gc,phases      ] GC(102)   StringDedup Requests0 Weak     Min:  0.0, Avg:  0.0, Max:  0.0, Diff:  0.0, Sum:  0.0, Workers: 4
[1763.348s][debug][gc,phases      ] GC(102)     Dead                           Min: 0, Avg:  0.0, Max: 0, Diff: 0, Sum: 0, Workers: 4
[1763.348s][debug][gc,phases      ] GC(102)     Total                          Min: 0, Avg:  0.0, Max: 0, Diff: 0, Sum: 0, Workers: 4
[1763.348s][debug][gc,phases      ] GC(102)   StringDedup Requests1 Weak     Min:  0.0, Avg:  0.0, Max:  0.0, Diff:  0.0, Sum:  0.0, Workers: 4
[1763.348s][debug][gc,phases      ] GC(102)     Dead                           Min: 0, Avg:  0.0, Max: 0, Diff: 0, Sum: 0, Workers: 4
[1763.348s][debug][gc,phases      ] GC(102)     Total                          Min: 0, Avg:  0.0, Max: 0, Diff: 0, Sum: 0, Workers: 4
[1763.348s][debug][gc,phases      ] GC(102)   Weak JFR Old Object Samples    Min:  0.0, Avg:  0.0, Max:  0.0, Diff:  0.0, Sum:  0.0, Workers: 4
[1763.348s][debug][gc,phases      ] GC(102)     Dead                           Min: 0, Avg:  0.0, Max: 0, Diff: 0, Sum: 0, Workers: 4
[1763.348s][debug][gc,phases      ] GC(102)     Total                          Min: 0, Avg:  0.0, Max: 0, Diff: 0, Sum: 0, Workers: 4
[1763.348s][debug][gc,phases      ] GC(102) Weak Processing 0.319ms
[1763.348s][debug][gc,age         ] GC(102) Desired survivor size 70778880 bytes, new threshold 15 (max threshold 15)
[1763.348s][info ][gc,heap        ] GC(102) PSYoungGen: 1952092K(2018816K)->7264K(2028032K) Eden: 1943552K(1943552K)->0K(1955840K) From: 8540K(75264K)->7264K(72192K)
[1763.348s][info ][gc,heap        ] GC(102) ParOldGen: 440926K(539136K)->440926K(539136K)
[1763.348s][info ][gc,metaspace   ] GC(102) Metaspace: 81909K(83008K)->81909K(83008K) NonClass: 70359K(70976K)->70359K(70976K) Class: 11550K(12032K)->11550K(12032K)
[1763.348s][info ][gc             ] GC(102) Pause Young (Allocation Failure) 2336M->437M(2507M) 6.945ms
[1763.348s][info ][gc,cpu         ] GC(102) User=0.03s Sys=0.00s Real=0.01s
[1763.348s][info ][safepoint      ] Safepoint "ParallelGCFailedAllocation", Time since last: 2323120997 ns, Reaching safepoint: 108702 ns, At safepoint: 7054566 ns, Total: 7163268 ns
[1765.348s][info ][safepoint      ] Safepoint "Cleanup", Time since last: 2000151074 ns, Reaching safepoint: 116303 ns, At safepoint: 5900 ns, Total: 122203 ns
[1767.348s][info ][safepoint      ] Safepoint "Cleanup", Time since last: 2000208947 ns, Reaching safepoint: 116803 ns, At safepoint: 8300 ns, Total: 125103 ns
[1778.349s][info ][safepoint      ] Safepoint "Cleanup", Time since last: 11000775622 ns, Reaching safepoint: 112503 ns, At safepoint: 6600 ns, Total: 119103 ns
[1784.852s][info ][gc,start       ] GC(103) Pause Young (Allocation Failure)
[1784.860s][debug][gc,phases      ] GC(103) Scavenge 8.067ms
[1784.860s][debug][gc,ref         ] GC(103) Skipped phase 1 of Reference Processing: no references
[1784.860s][debug][gc,ref         ] GC(103) ReferenceProcessor::execute queues: 1, RefProcThreadModel::Single, marks_oops_alive: false
[1784.860s][debug][gc,ref         ] GC(103) Skipped phase 3 of Reference Processing: no references
[1784.860s][debug][gc,ref         ] GC(103) ReferenceProcessor::execute queues: 1, RefProcThreadModel::Single, marks_oops_alive: false
[1784.860s][debug][gc,phases      ] GC(103) Reference Processing 0.109ms
[1784.860s][debug][gc,phases      ] GC(103)   VM Weak                        Min:  0.0, Avg:  0.0, Max:  0.0, Diff:  0.0, Sum:  0.0, Workers: 4
[1784.860s][debug][gc,phases      ] GC(103)     Dead                           Min: 0, Avg:  0.0, Max: 0, Diff: 0, Sum: 0, Workers: 4
[1784.860s][debug][gc,phases      ] GC(103)     Total                          Min: 0, Avg: 225.5, Max: 710, Diff: 710, Sum: 902, Workers: 4
[1784.860s][debug][gc,phases      ] GC(103)   ObjectSynchronizer Weak        Min:  0.0, Avg:  0.0, Max:  0.0, Diff:  0.0, Sum:  0.0, Workers: 4
[1784.860s][debug][gc,phases      ] GC(103)     Dead                           Min: 0, Avg:  0.0, Max: 0, Diff: 0, Sum: 0, Workers: 4
[1784.860s][debug][gc,phases      ] GC(103)     Total                          Min: 0, Avg:  7.8, Max: 31, Diff: 31, Sum: 31, Workers: 4
[1784.860s][debug][gc,phases      ] GC(103)   JVMTI Tag Weak OopStorage      Min:  0.0, Avg:  0.0, Max:  0.0, Diff:  0.0, Sum:  0.0, Workers: 4
[1784.860s][debug][gc,phases      ] GC(103)     Dead                           Min: 0, Avg:  0.0, Max: 0, Diff: 0, Sum: 0, Workers: 4
[1784.860s][debug][gc,phases      ] GC(103)     Total                          Min: 0, Avg:  0.0, Max: 0, Diff: 0, Sum: 0, Workers: 4
[1784.860s][debug][gc,phases      ] GC(103)   StringTable Weak               Min:  0.1, Avg:  0.1, Max:  0.1, Diff:  0.0, Sum:  0.5, Workers: 4
[1784.860s][debug][gc,phases      ] GC(103)     Dead                           Min: 0, Avg:  0.0, Max: 0, Diff: 0, Sum: 0, Workers: 4
[1784.860s][debug][gc,phases      ] GC(103)     Total                          Min: 9984, Avg: 10809.5, Max: 11624, Diff: 1640, Sum: 43238, Workers: 4
[1784.860s][debug][gc,phases      ] GC(103)   ResolvedMethodTable Weak       Min:  0.0, Avg:  0.0, Max:  0.0, Diff:  0.0, Sum:  0.1, Workers: 4
[1784.860s][debug][gc,phases      ] GC(103)     Dead                           Min: 0, Avg:  0.0, Max: 0, Diff: 0, Sum: 0, Workers: 4
[1784.860s][debug][gc,phases      ] GC(103)     Total                          Min: 1534, Avg: 2335.2, Max: 3071, Diff: 1537, Sum: 9341, Workers: 4
[1784.860s][debug][gc,phases      ] GC(103)   JNI Weak                       Min:  0.0, Avg:  0.0, Max:  0.0, Diff:  0.0, Sum:  0.0, Workers: 4
[1784.860s][debug][gc,phases      ] GC(103)     Dead                           Min: 0, Avg:  0.0, Max: 0, Diff: 0, Sum: 0, Workers: 4
[1784.860s][debug][gc,phases      ] GC(103)     Total                          Min: 0, Avg: 11.2, Max: 45, Diff: 45, Sum: 45, Workers: 4
[1784.860s][debug][gc,phases      ] GC(103)   StringDedup Table Weak         Min:  0.0, Avg:  0.0, Max:  0.0, Diff:  0.0, Sum:  0.0, Workers: 4
[1784.860s][debug][gc,phases      ] GC(103)     Dead                           Min: 0, Avg:  0.0, Max: 0, Diff: 0, Sum: 0, Workers: 4
[1784.860s][debug][gc,phases      ] GC(103)     Total                          Min: 0, Avg:  0.0, Max: 0, Diff: 0, Sum: 0, Workers: 4
[1784.860s][debug][gc,phases      ] GC(103)   StringDedup Requests0 Weak     Min:  0.0, Avg:  0.0, Max:  0.0, Diff:  0.0, Sum:  0.0, Workers: 4
[1784.860s][debug][gc,phases      ] GC(103)     Dead                           Min: 0, Avg:  0.0, Max: 0, Diff: 0, Sum: 0, Workers: 4
[1784.860s][debug][gc,phases      ] GC(103)     Total                          Min: 0, Avg:  0.0, Max: 0, Diff: 0, Sum: 0, Workers: 4
[1784.860s][debug][gc,phases      ] GC(103)   StringDedup Requests1 Weak     Min:  0.0, Avg:  0.0, Max:  0.0, Diff:  0.0, Sum:  0.0, Workers: 4
[1784.860s][debug][gc,phases      ] GC(103)     Dead                           Min: 0, Avg:  0.0, Max: 0, Diff: 0, Sum: 0, Workers: 4
[1784.860s][debug][gc,phases      ] GC(103)     Total                          Min: 0, Avg:  0.0, Max: 0, Diff: 0, Sum: 0, Workers: 4
[1784.860s][debug][gc,phases      ] GC(103)   Weak JFR Old Object Samples    Min:  0.0, Avg:  0.0, Max:  0.0, Diff:  0.0, Sum:  0.0, Workers: 4
[1784.860s][debug][gc,phases      ] GC(103)     Dead                           Min: 0, Avg:  0.0, Max: 0, Diff: 0, Sum: 0, Workers: 4
[1784.860s][debug][gc,phases      ] GC(103)     Total                          Min: 0, Avg:  0.0, Max: 0, Diff: 0, Sum: 0, Workers: 4
[1784.860s][debug][gc,phases      ] GC(103) Weak Processing 0.350ms
[1784.860s][debug][gc,age         ] GC(103) Desired survivor size 67633152 bytes, new threshold 15 (max threshold 15)
[1784.860s][info ][gc,heap        ] GC(103) PSYoungGen: 1963104K(2028032K)->8512K(2024960K) Eden: 1955840K(1955840K)->0K(1955840K) From: 7264K(72192K)->8512K(69120K)
[1784.860s][info ][gc,heap        ] GC(103) ParOldGen: 440926K(539136K)->440926K(539136K)
[1784.860s][info ][gc,metaspace   ] GC(103) Metaspace: 81910K(83008K)->81910K(83008K) NonClass: 70360K(70976K)->70360K(70976K) Class: 11550K(12032K)->11550K(12032K)
[1784.860s][info ][gc             ] GC(103) Pause Young (Allocation Failure) 2347M->438M(2504M) 8.668ms
[1784.861s][info ][gc,cpu         ] GC(103) User=0.02s Sys=0.01s Real=0.00s
[1784.861s][info ][safepoint      ] Safepoint "ParallelGCFailedAllocation", Time since last: 6502456211 ns, Reaching safepoint: 39901 ns, At safepoint: 8744296 ns, Total: 8784197 ns
[1786.861s][info ][safepoint      ] Safepoint "Cleanup", Time since last: 2000158833 ns, Reaching safepoint: 49201 ns, At safepoint: 4200 ns, Total: 53401 ns
[1791.861s][info ][safepoint      ] Safepoint "Cleanup", Time since last: 5000390162 ns, Reaching safepoint: 44001 ns, At safepoint: 2500 ns, Total: 46501 ns
[1799.862s][info ][safepoint      ] Safepoint "Cleanup", Time since last: 8000577253 ns, Reaching safepoint: 55101 ns, At safepoint: 2800 ns, Total: 57901 ns
[1801.252s][info ][safepoint      ] Safepoint "Cleanup", Time since last: 1389681909 ns, Reaching safepoint: 75202 ns, At safepoint: 5900 ns, Total: 81102 ns
[1802.252s][info ][safepoint      ] Safepoint "Cleanup", Time since last: 1000106115 ns, Reaching safepoint: 101503 ns, At safepoint: 4400 ns, Total: 105903 ns
[1805.252s][info ][safepoint      ] Safepoint "Cleanup", Time since last: 3000249444 ns, Reaching safepoint: 114203 ns, At safepoint: 4300 ns, Total: 118503 ns
[1806.252s][info ][safepoint      ] Safepoint "Cleanup", Time since last: 1000100617 ns, Reaching safepoint: 107703 ns, At safepoint: 4900 ns, Total: 112603 ns
[1809.067s][info ][gc,start       ] GC(104) Pause Young (Allocation Failure)
[1809.088s][debug][gc,phases      ] GC(104) Scavenge 20.592ms
[1809.088s][debug][gc,ref         ] GC(104) Skipped phase 1 of Reference Processing: no references
[1809.088s][debug][gc,ref         ] GC(104) ReferenceProcessor::execute queues: 1, RefProcThreadModel::Single, marks_oops_alive: false
[1809.088s][debug][gc,ref         ] GC(104) Skipped phase 3 of Reference Processing: no references
[1809.088s][debug][gc,ref         ] GC(104) ReferenceProcessor::execute queues: 1, RefProcThreadModel::Single, marks_oops_alive: false
[1809.088s][debug][gc,phases      ] GC(104) Reference Processing 0.138ms
[1809.088s][debug][gc,phases      ] GC(104)   VM Weak                        Min:  0.0, Avg:  0.0, Max:  0.0, Diff:  0.0, Sum:  0.0, Workers: 4
[1809.088s][debug][gc,phases      ] GC(104)     Dead                           Min: 0, Avg:  0.0, Max: 0, Diff: 0, Sum: 0, Workers: 4
[1809.088s][debug][gc,phases      ] GC(104)     Total                          Min: 0, Avg: 225.5, Max: 902, Diff: 902, Sum: 902, Workers: 4
[1809.088s][debug][gc,phases      ] GC(104)   ObjectSynchronizer Weak        Min:  0.0, Avg:  0.0, Max:  0.0, Diff:  0.0, Sum:  0.0, Workers: 4
[1809.088s][debug][gc,phases      ] GC(104)     Dead                           Min: 0, Avg:  0.0, Max: 0, Diff: 0, Sum: 0, Workers: 4
[1809.088s][debug][gc,phases      ] GC(104)     Total                          Min: 0, Avg:  7.8, Max: 31, Diff: 31, Sum: 31, Workers: 4
[1809.089s][debug][gc,phases      ] GC(104)   JVMTI Tag Weak OopStorage      Min:  0.0, Avg:  0.0, Max:  0.0, Diff:  0.0, Sum:  0.0, Workers: 4
[1809.089s][debug][gc,phases      ] GC(104)     Dead                           Min: 0, Avg:  0.0, Max: 0, Diff: 0, Sum: 0, Workers: 4
[1809.089s][debug][gc,phases      ] GC(104)     Total                          Min: 0, Avg:  0.0, Max: 0, Diff: 0, Sum: 0, Workers: 4
[1809.089s][debug][gc,phases      ] GC(104)   StringTable Weak               Min:  0.0, Avg:  0.1, Max:  0.6, Diff:  0.6, Sum:  0.6, Workers: 4
[1809.089s][debug][gc,phases      ] GC(104)     Dead                           Min: 0, Avg:  0.5, Max: 2, Diff: 2, Sum: 2, Workers: 4
[1809.089s][debug][gc,phases      ] GC(104)     Total                          Min: 0, Avg: 10813.5, Max: 43254, Diff: 43254, Sum: 43254, Workers: 4
[1809.089s][debug][gc,phases      ] GC(104)   ResolvedMethodTable Weak       Min:  0.0, Avg:  0.0, Max:  0.1, Diff:  0.1, Sum:  0.1, Workers: 4
[1809.089s][debug][gc,phases      ] GC(104)     Dead                           Min: 0, Avg:  0.0, Max: 0, Diff: 0, Sum: 0, Workers: 4
[1809.089s][debug][gc,phases      ] GC(104)     Total                          Min: 0, Avg: 2341.8, Max: 9367, Diff: 9367, Sum: 9367, Workers: 4
[1809.089s][debug][gc,phases      ] GC(104)   JNI Weak                       Min:  0.0, Avg:  0.0, Max:  0.0, Diff:  0.0, Sum:  0.0, Workers: 4
[1809.089s][debug][gc,phases      ] GC(104)     Dead                           Min: 0, Avg:  0.0, Max: 0, Diff: 0, Sum: 0, Workers: 4
[1809.089s][debug][gc,phases      ] GC(104)     Total                          Min: 0, Avg: 11.2, Max: 45, Diff: 45, Sum: 45, Workers: 4
[1809.089s][debug][gc,phases      ] GC(104)   StringDedup Table Weak         Min:  0.0, Avg:  0.0, Max:  0.0, Diff:  0.0, Sum:  0.0, Workers: 4
[1809.089s][debug][gc,phases      ] GC(104)     Dead                           Min: 0, Avg:  0.0, Max: 0, Diff: 0, Sum: 0, Workers: 4
[1809.089s][debug][gc,phases      ] GC(104)     Total                          Min: 0, Avg:  0.0, Max: 0, Diff: 0, Sum: 0, Workers: 4
[1809.089s][debug][gc,phases      ] GC(104)   StringDedup Requests0 Weak     Min:  0.0, Avg:  0.0, Max:  0.0, Diff:  0.0, Sum:  0.0, Workers: 4
[1809.089s][debug][gc,phases      ] GC(104)     Dead                           Min: 0, Avg:  0.0, Max: 0, Diff: 0, Sum: 0, Workers: 4
[1809.089s][debug][gc,phases      ] GC(104)     Total                          Min: 0, Avg:  0.0, Max: 0, Diff: 0, Sum: 0, Workers: 4
[1809.089s][debug][gc,phases      ] GC(104)   StringDedup Requests1 Weak     Min:  0.0, Avg:  0.0, Max:  0.0, Diff:  0.0, Sum:  0.0, Workers: 4
[1809.089s][debug][gc,phases      ] GC(104)     Dead                           Min: 0, Avg:  0.0, Max: 0, Diff: 0, Sum: 0, Workers: 4
[1809.089s][debug][gc,phases      ] GC(104)     Total                          Min: 0, Avg:  0.0, Max: 0, Diff: 0, Sum: 0, Workers: 4
[1809.089s][debug][gc,phases      ] GC(104)   Weak JFR Old Object Samples    Min:  0.0, Avg:  0.0, Max:  0.0, Diff:  0.0, Sum:  0.0, Workers: 4
[1809.089s][debug][gc,phases      ] GC(104)     Dead                           Min: 0, Avg:  0.0, Max: 0, Diff: 0, Sum: 0, Workers: 4
[1809.089s][debug][gc,phases      ] GC(104)     Total                          Min: 0, Avg:  0.0, Max: 0, Diff: 0, Sum: 0, Workers: 4
[1809.089s][debug][gc,phases      ] GC(104) Weak Processing 0.985ms
[1809.089s][debug][gc,age         ] GC(104) Desired survivor size 64487424 bytes, new threshold 15 (max threshold 15)
[1809.089s][info ][gc,heap        ] GC(104) PSYoungGen: 1964352K(2024960K)->8064K(2034176K) Eden: 1955840K(1955840K)->0K(1968128K) From: 8512K(69120K)->8064K(66048K)
[1809.089s][info ][gc,heap        ] GC(104) ParOldGen: 440926K(539136K)->440934K(539136K)
[1809.089s][info ][gc,metaspace   ] GC(104) Metaspace: 81998K(83072K)->81998K(83072K) NonClass: 70433K(71040K)->70433K(71040K) Class: 11565K(12032K)->11565K(12032K)
[1809.089s][info ][gc             ] GC(104) Pause Young (Allocation Failure) 2348M->438M(2513M) 21.890ms
[1809.089s][info ][gc,cpu         ] GC(104) User=0.02s Sys=0.00s Real=0.02s
[1809.089s][info ][safepoint      ] Safepoint "ParallelGCFailedAllocation", Time since last: 2814450860 ns, Reaching safepoint: 44001 ns, At safepoint: 21976545 ns, Total: 22020546 ns
[1814.089s][info ][safepoint      ] Safepoint "Cleanup", Time since last: 5000403724 ns, Reaching safepoint: 137103 ns, At safepoint: 6000 ns, Total: 143103 ns
[1816.090s][info ][safepoint      ] Safepoint "Cleanup", Time since last: 2000213963 ns, Reaching safepoint: 90702 ns, At safepoint: 6200 ns, Total: 96902 ns
[1821.090s][info ][safepoint      ] Safepoint "Cleanup", Time since last: 5000399653 ns, Reaching safepoint: 120203 ns, At safepoint: 5600 ns, Total: 125803 ns
[1832.091s][info ][gc,start       ] GC(105) Pause Young (Allocation Failure)
[1832.096s][debug][gc,phases      ] GC(105) Scavenge 4.764ms
[1832.096s][debug][gc,ref         ] GC(105) Skipped phase 1 of Reference Processing: no references
[1832.096s][debug][gc,ref         ] GC(105) ReferenceProcessor::execute queues: 1, RefProcThreadModel::Single, marks_oops_alive: false
[1832.096s][debug][gc,ref         ] GC(105) Skipped phase 3 of Reference Processing: no references
[1832.096s][debug][gc,ref         ] GC(105) ReferenceProcessor::execute queues: 1, RefProcThreadModel::Single, marks_oops_alive: false
[1832.096s][debug][gc,phases      ] GC(105) Reference Processing 0.110ms
[1832.097s][debug][gc,phases      ] GC(105)   VM Weak                        Min:  0.0, Avg:  0.0, Max:  0.0, Diff:  0.0, Sum:  0.0, Workers: 4
[1832.097s][debug][gc,phases      ] GC(105)     Dead                           Min: 0, Avg:  0.0, Max: 0, Diff: 0, Sum: 0, Workers: 4
[1832.097s][debug][gc,phases      ] GC(105)     Total                          Min: 0, Avg: 225.5, Max: 646, Diff: 646, Sum: 902, Workers: 4
[1832.097s][debug][gc,phases      ] GC(105)   ObjectSynchronizer Weak        Min:  0.0, Avg:  0.0, Max:  0.0, Diff:  0.0, Sum:  0.0, Workers: 4
[1832.097s][debug][gc,phases      ] GC(105)     Dead                           Min: 0, Avg:  0.0, Max: 0, Diff: 0, Sum: 0, Workers: 4
[1832.097s][debug][gc,phases      ] GC(105)     Total                          Min: 0, Avg:  7.8, Max: 31, Diff: 31, Sum: 31, Workers: 4
[1832.097s][debug][gc,phases      ] GC(105)   JVMTI Tag Weak OopStorage      Min:  0.0, Avg:  0.0, Max:  0.0, Diff:  0.0, Sum:  0.0, Workers: 4
[1832.097s][debug][gc,phases      ] GC(105)     Dead                           Min: 0, Avg:  0.0, Max: 0, Diff: 0, Sum: 0, Workers: 4
[1832.097s][debug][gc,phases      ] GC(105)     Total                          Min: 0, Avg:  0.0, Max: 0, Diff: 0, Sum: 0, Workers: 4
[1832.097s][debug][gc,phases      ] GC(105)   StringTable Weak               Min:  0.0, Avg:  0.1, Max:  0.1, Diff:  0.1, Sum:  0.4, Workers: 4
[1832.097s][debug][gc,phases      ] GC(105)     Dead                           Min: 0, Avg:  0.0, Max: 0, Diff: 0, Sum: 0, Workers: 4
[1832.097s][debug][gc,phases      ] GC(105)     Total                          Min: 0, Avg: 10813.8, Max: 14904, Diff: 14904, Sum: 43255, Workers: 4
[1832.097s][debug][gc,phases      ] GC(105)   ResolvedMethodTable Weak       Min:  0.0, Avg:  0.0, Max:  0.0, Diff:  0.0, Sum:  0.1, Workers: 4
[1832.097s][debug][gc,phases      ] GC(105)     Dead                           Min: 0, Avg:  0.0, Max: 0, Diff: 0, Sum: 0, Workers: 4
[1832.097s][debug][gc,phases      ] GC(105)     Total                          Min: 0, Avg: 2341.8, Max: 3223, Diff: 3223, Sum: 9367, Workers: 4
[1832.097s][debug][gc,phases      ] GC(105)   JNI Weak                       Min:  0.0, Avg:  0.0, Max:  0.0, Diff:  0.0, Sum:  0.0, Workers: 4
[1832.097s][debug][gc,phases      ] GC(105)     Dead                           Min: 0, Avg:  0.0, Max: 0, Diff: 0, Sum: 0, Workers: 4
[1832.097s][debug][gc,phases      ] GC(105)     Total                          Min: 0, Avg: 11.2, Max: 45, Diff: 45, Sum: 45, Workers: 4
[1832.097s][debug][gc,phases      ] GC(105)   StringDedup Table Weak         Min:  0.0, Avg:  0.0, Max:  0.0, Diff:  0.0, Sum:  0.0, Workers: 4
[1832.097s][debug][gc,phases      ] GC(105)     Dead                           Min: 0, Avg:  0.0, Max: 0, Diff: 0, Sum: 0, Workers: 4
[1832.097s][debug][gc,phases      ] GC(105)     Total                          Min: 0, Avg:  0.0, Max: 0, Diff: 0, Sum: 0, Workers: 4
[1832.097s][debug][gc,phases      ] GC(105)   StringDedup Requests0 Weak     Min:  0.0, Avg:  0.0, Max:  0.0, Diff:  0.0, Sum:  0.0, Workers: 4
[1832.097s][debug][gc,phases      ] GC(105)     Dead                           Min: 0, Avg:  0.0, Max: 0, Diff: 0, Sum: 0, Workers: 4
[1832.097s][debug][gc,phases      ] GC(105)     Total                          Min: 0, Avg:  0.0, Max: 0, Diff: 0, Sum: 0, Workers: 4
[1832.097s][debug][gc,phases      ] GC(105)   StringDedup Requests1 Weak     Min:  0.0, Avg:  0.0, Max:  0.0, Diff:  0.0, Sum:  0.0, Workers: 4
[1832.097s][debug][gc,phases      ] GC(105)     Dead                           Min: 0, Avg:  0.0, Max: 0, Diff: 0, Sum: 0, Workers: 4
[1832.097s][debug][gc,phases      ] GC(105)     Total                          Min: 0, Avg:  0.0, Max: 0, Diff: 0, Sum: 0, Workers: 4
[1832.097s][debug][gc,phases      ] GC(105)   Weak JFR Old Object Samples    Min:  0.0, Avg:  0.0, Max:  0.0, Diff:  0.0, Sum:  0.0, Workers: 4
[1832.097s][debug][gc,phases      ] GC(105)     Dead                           Min: 0, Avg:  0.0, Max: 0, Diff: 0, Sum: 0, Workers: 4
[1832.097s][debug][gc,phases      ] GC(105)     Total                          Min: 0, Avg:  0.0, Max: 0, Diff: 0, Sum: 0, Workers: 4
[1832.097s][debug][gc,phases      ] GC(105) Weak Processing 0.362ms
[1832.097s][debug][gc,age         ] GC(105) Desired survivor size 61341696 bytes, new threshold 15 (max threshold 15)
[1832.097s][info ][gc,heap        ] GC(105) PSYoungGen: 1976192K(2034176K)->8848K(2031104K) Eden: 1968128K(1968128K)->0K(1968128K) From: 8064K(66048K)->8848K(62976K)
[1832.097s][info ][gc,heap        ] GC(105) ParOldGen: 440934K(539136K)->440934K(539136K)
[1832.097s][info ][gc,metaspace   ] GC(105) Metaspace: 82006K(83072K)->82006K(83072K) NonClass: 70440K(71040K)->70440K(71040K) Class: 11565K(12032K)->11565K(12032K)
[1832.097s][info ][gc             ] GC(105) Pause Young (Allocation Failure) 2360M->439M(2510M) 5.380ms
[1832.097s][info ][gc,cpu         ] GC(105) User=0.02s Sys=0.00s Real=0.01s
[1832.097s][info ][safepoint      ] Safepoint "ParallelGCFailedAllocation", Time since last: 11001062425 ns, Reaching safepoint: 119803 ns, At safepoint: 5464735 ns, Total: 5584538 ns
[1833.097s][info ][safepoint      ] Safepoint "Cleanup", Time since last: 1000091874 ns, Reaching safepoint: 116303 ns, At safepoint: 8100 ns, Total: 124403 ns
[1837.098s][info ][safepoint      ] Safepoint "Cleanup", Time since last: 4000345593 ns, Reaching safepoint: 122103 ns, At safepoint: 5600 ns, Total: 127703 ns
[1838.098s][info ][safepoint      ] Safepoint "Cleanup", Time since last: 1000132535 ns, Reaching safepoint: 126703 ns, At safepoint: 6600 ns, Total: 133303 ns
[1841.098s][info ][safepoint      ] Safepoint "Cleanup", Time since last: 3000269272 ns, Reaching safepoint: 125203 ns, At safepoint: 6400 ns, Total: 131603 ns
[1844.099s][info ][safepoint      ] Safepoint "Cleanup", Time since last: 3000255172 ns, Reaching safepoint: 125903 ns, At safepoint: 7100 ns, Total: 133003 ns
[1846.099s][info ][safepoint      ] Safepoint "Cleanup", Time since last: 2000202112 ns, Reaching safepoint: 114403 ns, At safepoint: 6000 ns, Total: 120403 ns
[1847.099s][info ][safepoint      ] Safepoint "Cleanup", Time since last: 1000122631 ns, Reaching safepoint: 122803 ns, At safepoint: 5501 ns, Total: 128304 ns
[1848.099s][info ][safepoint      ] Safepoint "Cleanup", Time since last: 1000108130 ns, Reaching safepoint: 117403 ns, At safepoint: 5601 ns, Total: 123004 ns
[1850.100s][info ][safepoint      ] Safepoint "Cleanup", Time since last: 2000185960 ns, Reaching safepoint: 155304 ns, At safepoint: 9000 ns, Total: 164304 ns
[1851.100s][info ][safepoint      ] Safepoint "Cleanup", Time since last: 1000105831 ns, Reaching safepoint: 120003 ns, At safepoint: 8000 ns, Total: 128003 ns
[1852.893s][info ][gc,start       ] GC(106) Pause Young (Allocation Failure)
[1852.900s][debug][gc,phases      ] GC(106) Scavenge 6.259ms
[1852.900s][debug][gc,ref         ] GC(106) Skipped phase 1 of Reference Processing: no references
[1852.900s][debug][gc,ref         ] GC(106) ReferenceProcessor::execute queues: 1, RefProcThreadModel::Single, marks_oops_alive: false
[1852.900s][debug][gc,ref         ] GC(106) Skipped phase 3 of Reference Processing: no references
[1852.900s][debug][gc,ref         ] GC(106) ReferenceProcessor::execute queues: 1, RefProcThreadModel::Single, marks_oops_alive: false
[1852.900s][debug][gc,phases      ] GC(106) Reference Processing 0.139ms
[1852.900s][debug][gc,phases      ] GC(106)   VM Weak                        Min:  0.0, Avg:  0.0, Max:  0.0, Diff:  0.0, Sum:  0.0, Workers: 4
[1852.900s][debug][gc,phases      ] GC(106)     Dead                           Min: 0, Avg:  0.0, Max: 0, Diff: 0, Sum: 0, Workers: 4
[1852.900s][debug][gc,phases      ] GC(106)     Total                          Min: 0, Avg: 225.5, Max: 454, Diff: 454, Sum: 902, Workers: 4
[1852.900s][debug][gc,phases      ] GC(106)   ObjectSynchronizer Weak        Min:  0.0, Avg:  0.0, Max:  0.0, Diff:  0.0, Sum:  0.0, Workers: 4
[1852.900s][debug][gc,phases      ] GC(106)     Dead                           Min: 0, Avg:  0.0, Max: 0, Diff: 0, Sum: 0, Workers: 4
[1852.900s][debug][gc,phases      ] GC(106)     Total                          Min: 0, Avg:  7.8, Max: 31, Diff: 31, Sum: 31, Workers: 4
[1852.900s][debug][gc,phases      ] GC(106)   JVMTI Tag Weak OopStorage      Min:  0.0, Avg:  0.0, Max:  0.0, Diff:  0.0, Sum:  0.0, Workers: 4
[1852.900s][debug][gc,phases      ] GC(106)     Dead                           Min: 0, Avg:  0.0, Max: 0, Diff: 0, Sum: 0, Workers: 4
[1852.900s][debug][gc,phases      ] GC(106)     Total                          Min: 0, Avg:  0.0, Max: 0, Diff: 0, Sum: 0, Workers: 4
[1852.900s][debug][gc,phases      ] GC(106)   StringTable Weak               Min:  0.0, Avg:  0.1, Max:  0.1, Diff:  0.1, Sum:  0.4, Workers: 4
[1852.900s][debug][gc,phases      ] GC(106)     Dead                           Min: 0, Avg:  0.0, Max: 0, Diff: 0, Sum: 0, Workers: 4
[1852.900s][debug][gc,phases      ] GC(106)     Total                          Min: 0, Avg: 10814.0, Max: 15679, Diff: 15679, Sum: 43256, Workers: 4
[1852.900s][debug][gc,phases      ] GC(106)   ResolvedMethodTable Weak       Min:  0.0, Avg:  0.0, Max:  0.0, Diff:  0.0, Sum:  0.1, Workers: 4
[1852.900s][debug][gc,phases      ] GC(106)     Dead                           Min: 0, Avg:  0.0, Max: 0, Diff: 0, Sum: 0, Workers: 4
[1852.900s][debug][gc,phases      ] GC(106)     Total                          Min: 0, Avg: 2342.0, Max: 3520, Diff: 3520, Sum: 9368, Workers: 4
[1852.900s][debug][gc,phases      ] GC(106)   JNI Weak                       Min:  0.0, Avg:  0.0, Max:  0.0, Diff:  0.0, Sum:  0.0, Workers: 4
[1852.900s][debug][gc,phases      ] GC(106)     Dead                           Min: 0, Avg:  0.0, Max: 0, Diff: 0, Sum: 0, Workers: 4
[1852.900s][debug][gc,phases      ] GC(106)     Total                          Min: 0, Avg: 11.2, Max: 45, Diff: 45, Sum: 45, Workers: 4
[1852.900s][debug][gc,phases      ] GC(106)   StringDedup Table Weak         Min:  0.0, Avg:  0.0, Max:  0.0, Diff:  0.0, Sum:  0.0, Workers: 4
[1852.900s][debug][gc,phases      ] GC(106)     Dead                           Min: 0, Avg:  0.0, Max: 0, Diff: 0, Sum: 0, Workers: 4
[1852.900s][debug][gc,phases      ] GC(106)     Total                          Min: 0, Avg:  0.0, Max: 0, Diff: 0, Sum: 0, Workers: 4
[1852.900s][debug][gc,phases      ] GC(106)   StringDedup Requests0 Weak     Min:  0.0, Avg:  0.0, Max:  0.0, Diff:  0.0, Sum:  0.0, Workers: 4
[1852.900s][debug][gc,phases      ] GC(106)     Dead                           Min: 0, Avg:  0.0, Max: 0, Diff: 0, Sum: 0, Workers: 4
[1852.900s][debug][gc,phases      ] GC(106)     Total                          Min: 0, Avg:  0.0, Max: 0, Diff: 0, Sum: 0, Workers: 4
[1852.900s][debug][gc,phases      ] GC(106)   StringDedup Requests1 Weak     Min:  0.0, Avg:  0.0, Max:  0.0, Diff:  0.0, Sum:  0.0, Workers: 4
[1852.900s][debug][gc,phases      ] GC(106)     Dead                           Min: 0, Avg:  0.0, Max: 0, Diff: 0, Sum: 0, Workers: 4
[1852.900s][debug][gc,phases      ] GC(106)     Total                          Min: 0, Avg:  0.0, Max: 0, Diff: 0, Sum: 0, Workers: 4
[1852.900s][debug][gc,phases      ] GC(106)   Weak JFR Old Object Samples    Min:  0.0, Avg:  0.0, Max:  0.0, Diff:  0.0, Sum:  0.0, Workers: 4
[1852.900s][debug][gc,phases      ] GC(106)     Dead                           Min: 0, Avg:  0.0, Max: 0, Diff: 0, Sum: 0, Workers: 4
[1852.900s][debug][gc,phases      ] GC(106)     Total                          Min: 0, Avg:  0.0, Max: 0, Diff: 0, Sum: 0, Workers: 4
[1852.900s][debug][gc,phases      ] GC(106) Weak Processing 0.362ms
[1852.900s][debug][gc,age         ] GC(106) Desired survivor size 58195968 bytes, new threshold 15 (max threshold 15)
[1852.900s][info ][gc,heap        ] GC(106) PSYoungGen: 1976976K(2031104K)->8864K(2040320K) Eden: 1968128K(1968128K)->0K(1980416K) From: 8848K(62976K)->8864K(59904K)
[1852.900s][info ][gc,heap        ] GC(106) ParOldGen: 440934K(539136K)->440934K(539136K)
[1852.900s][info ][gc,metaspace   ] GC(106) Metaspace: 82022K(83072K)->82022K(83072K) NonClass: 70455K(71040K)->70455K(71040K) Class: 11566K(12032K)->11566K(12032K)
[1852.900s][info ][gc             ] GC(106) Pause Young (Allocation Failure) 2361M->439M(2519M) 6.908ms
[1852.900s][info ][gc,cpu         ] GC(106) User=0.02s Sys=0.00s Real=0.00s
[1852.900s][info ][safepoint      ] Safepoint "ParallelGCFailedAllocation", Time since last: 1793209564 ns, Reaching safepoint: 41801 ns, At safepoint: 6983772 ns, Total: 7025573 ns
[1858.901s][info ][safepoint      ] Safepoint "Cleanup", Time since last: 6000448758 ns, Reaching safepoint: 105503 ns, At safepoint: 6900 ns, Total: 112403 ns
[1860.901s][info ][safepoint      ] Safepoint "Cleanup", Time since last: 2000173684 ns, Reaching safepoint: 121403 ns, At safepoint: 6301 ns, Total: 127704 ns
[1861.901s][info ][safepoint      ] Safepoint "Cleanup", Time since last: 1000116747 ns, Reaching safepoint: 116002 ns, At safepoint: 5601 ns, Total: 121603 ns
[1863.902s][info ][safepoint      ] Safepoint "Cleanup", Time since last: 2000180366 ns, Reaching safepoint: 113103 ns, At safepoint: 5200 ns, Total: 118303 ns
[1872.902s][info ][safepoint      ] Safepoint "Cleanup", Time since last: 9000718424 ns, Reaching safepoint: 109802 ns, At safepoint: 6800 ns, Total: 116602 ns
[1873.549s][info ][gc,start       ] GC(107) Pause Young (Allocation Failure)
[1873.559s][debug][gc,phases      ] GC(107) Scavenge 9.753ms
[1873.559s][debug][gc,ref         ] GC(107) Skipped phase 1 of Reference Processing: no references
[1873.559s][debug][gc,ref         ] GC(107) ReferenceProcessor::execute queues: 1, RefProcThreadModel::Single, marks_oops_alive: false
[1873.559s][debug][gc,ref         ] GC(107) Skipped phase 3 of Reference Processing: no references
[1873.559s][debug][gc,ref         ] GC(107) ReferenceProcessor::execute queues: 1, RefProcThreadModel::Single, marks_oops_alive: false
[1873.559s][debug][gc,phases      ] GC(107) Reference Processing 0.110ms
[1873.559s][debug][gc,phases      ] GC(107)   VM Weak                        Min:  0.0, Avg:  0.0, Max:  0.0, Diff:  0.0, Sum:  0.0, Workers: 4
[1873.559s][debug][gc,phases      ] GC(107)     Dead                           Min: 0, Avg:  0.0, Max: 0, Diff: 0, Sum: 0, Workers: 4
[1873.559s][debug][gc,phases      ] GC(107)     Total                          Min: 0, Avg: 225.5, Max: 576, Diff: 576, Sum: 902, Workers: 4
[1873.559s][debug][gc,phases      ] GC(107)   ObjectSynchronizer Weak        Min:  0.0, Avg:  0.0, Max:  0.0, Diff:  0.0, Sum:  0.0, Workers: 4
[1873.559s][debug][gc,phases      ] GC(107)     Dead                           Min: 0, Avg:  0.0, Max: 0, Diff: 0, Sum: 0, Workers: 4
[1873.559s][debug][gc,phases      ] GC(107)     Total                          Min: 0, Avg:  7.8, Max: 31, Diff: 31, Sum: 31, Workers: 4
[1873.559s][debug][gc,phases      ] GC(107)   JVMTI Tag Weak OopStorage      Min:  0.0, Avg:  0.0, Max:  0.0, Diff:  0.0, Sum:  0.0, Workers: 4
[1873.559s][debug][gc,phases      ] GC(107)     Dead                           Min: 0, Avg:  0.0, Max: 0, Diff: 0, Sum: 0, Workers: 4
[1873.559s][debug][gc,phases      ] GC(107)     Total                          Min: 0, Avg:  0.0, Max: 0, Diff: 0, Sum: 0, Workers: 4
[1873.559s][debug][gc,phases      ] GC(107)   StringTable Weak               Min:  0.0, Avg:  0.1, Max:  0.1, Diff:  0.1, Sum:  0.3, Workers: 4
[1873.559s][debug][gc,phases      ] GC(107)     Dead                           Min: 0, Avg:  0.0, Max: 0, Diff: 0, Sum: 0, Workers: 4
[1873.559s][debug][gc,phases      ] GC(107)     Total                          Min: 0, Avg: 10814.0, Max: 15803, Diff: 15803, Sum: 43256, Workers: 4
[1873.559s][debug][gc,phases      ] GC(107)   ResolvedMethodTable Weak       Min:  0.0, Avg:  0.0, Max:  0.0, Diff:  0.0, Sum:  0.1, Workers: 4
[1873.559s][debug][gc,phases      ] GC(107)     Dead                           Min: 0, Avg:  0.0, Max: 0, Diff: 0, Sum: 0, Workers: 4
[1873.559s][debug][gc,phases      ] GC(107)     Total                          Min: 0, Avg: 2342.0, Max: 3672, Diff: 3672, Sum: 9368, Workers: 4
[1873.559s][debug][gc,phases      ] GC(107)   JNI Weak                       Min:  0.0, Avg:  0.0, Max:  0.0, Diff:  0.0, Sum:  0.0, Workers: 4
[1873.559s][debug][gc,phases      ] GC(107)     Dead                           Min: 0, Avg:  0.0, Max: 0, Diff: 0, Sum: 0, Workers: 4
[1873.559s][debug][gc,phases      ] GC(107)     Total                          Min: 0, Avg: 11.2, Max: 45, Diff: 45, Sum: 45, Workers: 4
[1873.559s][debug][gc,phases      ] GC(107)   StringDedup Table Weak         Min:  0.0, Avg:  0.0, Max:  0.0, Diff:  0.0, Sum:  0.0, Workers: 4
[1873.560s][debug][gc,phases      ] GC(107)     Dead                           Min: 0, Avg:  0.0, Max: 0, Diff: 0, Sum: 0, Workers: 4
[1873.560s][debug][gc,phases      ] GC(107)     Total                          Min: 0, Avg:  0.0, Max: 0, Diff: 0, Sum: 0, Workers: 4
[1873.560s][debug][gc,phases      ] GC(107)   StringDedup Requests0 Weak     Min:  0.0, Avg:  0.0, Max:  0.0, Diff:  0.0, Sum:  0.0, Workers: 4
[1873.560s][debug][gc,phases      ] GC(107)     Dead                           Min: 0, Avg:  0.0, Max: 0, Diff: 0, Sum: 0, Workers: 4
[1873.560s][debug][gc,phases      ] GC(107)     Total                          Min: 0, Avg:  0.0, Max: 0, Diff: 0, Sum: 0, Workers: 4
[1873.560s][debug][gc,phases      ] GC(107)   StringDedup Requests1 Weak     Min:  0.0, Avg:  0.0, Max:  0.0, Diff:  0.0, Sum:  0.0, Workers: 4
[1873.560s][debug][gc,phases      ] GC(107)     Dead                           Min: 0, Avg:  0.0, Max: 0, Diff: 0, Sum: 0, Workers: 4
[1873.560s][debug][gc,phases      ] GC(107)     Total                          Min: 0, Avg:  0.0, Max: 0, Diff: 0, Sum: 0, Workers: 4
[1873.560s][debug][gc,phases      ] GC(107)   Weak JFR Old Object Samples    Min:  0.0, Avg:  0.0, Max:  0.0, Diff:  0.0, Sum:  0.0, Workers: 4
[1873.560s][debug][gc,phases      ] GC(107)     Dead                           Min: 0, Avg:  0.0, Max: 0, Diff: 0, Sum: 0, Workers: 4
[1873.560s][debug][gc,phases      ] GC(107)     Total                          Min: 0, Avg:  0.0, Max: 0, Diff: 0, Sum: 0, Workers: 4
[1873.560s][debug][gc,phases      ] GC(107) Weak Processing 0.355ms
[1873.560s][debug][gc,age         ] GC(107) Desired survivor size 55050240 bytes, new threshold 15 (max threshold 15)
[1873.560s][info ][gc,heap        ] GC(107) PSYoungGen: 1989280K(2040320K)->8960K(2037248K) Eden: 1980416K(1980416K)->0K(1980416K) From: 8864K(59904K)->8960K(56832K)
[1873.560s][info ][gc,heap        ] GC(107) ParOldGen: 440934K(539136K)->440942K(539136K)
[1873.560s][info ][gc,metaspace   ] GC(107) Metaspace: 82026K(83072K)->82026K(83072K) NonClass: 70460K(71040K)->70460K(71040K) Class: 11566K(12032K)->11566K(12032K)
[1873.560s][info ][gc             ] GC(107) Pause Young (Allocation Failure) 2373M->439M(2516M) 10.343ms
[1873.560s][info ][gc,cpu         ] GC(107) User=0.02s Sys=0.00s Real=0.01s
[1873.560s][info ][safepoint      ] Safepoint "ParallelGCFailedAllocation", Time since last: 646679253 ns, Reaching safepoint: 92103 ns, At safepoint: 10417552 ns, Total: 10509655 ns
[1880.560s][info ][safepoint      ] Safepoint "Cleanup", Time since last: 7000505472 ns, Reaching safepoint: 47101 ns, At safepoint: 3200 ns, Total: 50301 ns
[1893.742s][info ][gc,start       ] GC(108) Pause Young (Allocation Failure)
[1893.748s][debug][gc,phases      ] GC(108) Scavenge 5.861ms
[1893.748s][debug][gc,ref         ] GC(108) Skipped phase 1 of Reference Processing: no references
[1893.748s][debug][gc,ref         ] GC(108) ReferenceProcessor::execute queues: 1, RefProcThreadModel::Single, marks_oops_alive: false
[1893.748s][debug][gc,ref         ] GC(108) Skipped phase 3 of Reference Processing: no references
[1893.748s][debug][gc,ref         ] GC(108) ReferenceProcessor::execute queues: 1, RefProcThreadModel::Single, marks_oops_alive: false
[1893.748s][debug][gc,phases      ] GC(108) Reference Processing 0.108ms
[1893.748s][debug][gc,phases      ] GC(108)   VM Weak                        Min:  0.0, Avg:  0.0, Max:  0.0, Diff:  0.0, Sum:  0.0, Workers: 4
[1893.748s][debug][gc,phases      ] GC(108)     Dead                           Min: 0, Avg:  0.0, Max: 0, Diff: 0, Sum: 0, Workers: 4
[1893.748s][debug][gc,phases      ] GC(108)     Total                          Min: 0, Avg: 225.5, Max: 704, Diff: 704, Sum: 902, Workers: 4
[1893.748s][debug][gc,phases      ] GC(108)   ObjectSynchronizer Weak        Min:  0.0, Avg:  0.0, Max:  0.0, Diff:  0.0, Sum:  0.0, Workers: 4
[1893.748s][debug][gc,phases      ] GC(108)     Dead                           Min: 0, Avg:  0.0, Max: 0, Diff: 0, Sum: 0, Workers: 4
[1893.748s][debug][gc,phases      ] GC(108)     Total                          Min: 0, Avg:  7.8, Max: 31, Diff: 31, Sum: 31, Workers: 4
[1893.748s][debug][gc,phases      ] GC(108)   JVMTI Tag Weak OopStorage      Min:  0.0, Avg:  0.0, Max:  0.0, Diff:  0.0, Sum:  0.0, Workers: 4
[1893.748s][debug][gc,phases      ] GC(108)     Dead                           Min: 0, Avg:  0.0, Max: 0, Diff: 0, Sum: 0, Workers: 4
[1893.748s][debug][gc,phases      ] GC(108)     Total                          Min: 0, Avg:  0.0, Max: 0, Diff: 0, Sum: 0, Workers: 4
[1893.748s][debug][gc,phases      ] GC(108)   StringTable Weak               Min:  0.0, Avg:  0.1, Max:  0.1, Diff:  0.1, Sum:  0.4, Workers: 4
[1893.748s][debug][gc,phases      ] GC(108)     Dead                           Min: 0, Avg:  0.0, Max: 0, Diff: 0, Sum: 0, Workers: 4
[1893.748s][debug][gc,phases      ] GC(108)     Total                          Min: 0, Avg: 10814.0, Max: 14586, Diff: 14586, Sum: 43256, Workers: 4
[1893.748s][debug][gc,phases      ] GC(108)   ResolvedMethodTable Weak       Min:  0.0, Avg:  0.0, Max:  0.0, Diff:  0.0, Sum:  0.1, Workers: 4
[1893.748s][debug][gc,phases      ] GC(108)     Dead                           Min: 0, Avg:  0.0, Max: 0, Diff: 0, Sum: 0, Workers: 4
[1893.748s][debug][gc,phases      ] GC(108)     Total                          Min: 0, Avg: 2342.0, Max: 3328, Diff: 3328, Sum: 9368, Workers: 4
[1893.748s][debug][gc,phases      ] GC(108)   JNI Weak                       Min:  0.0, Avg:  0.0, Max:  0.0, Diff:  0.0, Sum:  0.0, Workers: 4
[1893.748s][debug][gc,phases      ] GC(108)     Dead                           Min: 0, Avg:  0.0, Max: 0, Diff: 0, Sum: 0, Workers: 4
[1893.748s][debug][gc,phases      ] GC(108)     Total                          Min: 0, Avg: 11.2, Max: 45, Diff: 45, Sum: 45, Workers: 4
[1893.748s][debug][gc,phases      ] GC(108)   StringDedup Table Weak         Min:  0.0, Avg:  0.0, Max:  0.0, Diff:  0.0, Sum:  0.0, Workers: 4
[1893.748s][debug][gc,phases      ] GC(108)     Dead                           Min: 0, Avg:  0.0, Max: 0, Diff: 0, Sum: 0, Workers: 4
[1893.748s][debug][gc,phases      ] GC(108)     Total                          Min: 0, Avg:  0.0, Max: 0, Diff: 0, Sum: 0, Workers: 4
[1893.748s][debug][gc,phases      ] GC(108)   StringDedup Requests0 Weak     Min:  0.0, Avg:  0.0, Max:  0.0, Diff:  0.0, Sum:  0.0, Workers: 4
[1893.748s][debug][gc,phases      ] GC(108)     Dead                           Min: 0, Avg:  0.0, Max: 0, Diff: 0, Sum: 0, Workers: 4
[1893.748s][debug][gc,phases      ] GC(108)     Total                          Min: 0, Avg:  0.0, Max: 0, Diff: 0, Sum: 0, Workers: 4
[1893.748s][debug][gc,phases      ] GC(108)   StringDedup Requests1 Weak     Min:  0.0, Avg:  0.0, Max:  0.0, Diff:  0.0, Sum:  0.0, Workers: 4
[1893.748s][debug][gc,phases      ] GC(108)     Dead                           Min: 0, Avg:  0.0, Max: 0, Diff: 0, Sum: 0, Workers: 4
[1893.748s][debug][gc,phases      ] GC(108)     Total                          Min: 0, Avg:  0.0, Max: 0, Diff: 0, Sum: 0, Workers: 4
[1893.748s][debug][gc,phases      ] GC(108)   Weak JFR Old Object Samples    Min:  0.0, Avg:  0.0, Max:  0.0, Diff:  0.0, Sum:  0.0, Workers: 4
[1893.748s][debug][gc,phases      ] GC(108)     Dead                           Min: 0, Avg:  0.0, Max: 0, Diff: 0, Sum: 0, Workers: 4
[1893.748s][debug][gc,phases      ] GC(108)     Total                          Min: 0, Avg:  0.0, Max: 0, Diff: 0, Sum: 0, Workers: 4
[1893.748s][debug][gc,phases      ] GC(108) Weak Processing 0.390ms
[1893.748s][debug][gc,age         ] GC(108) Desired survivor size 51904512 bytes, new threshold 15 (max threshold 15)
[1893.748s][info ][gc,heap        ] GC(108) PSYoungGen: 1989376K(2037248K)->8848K(2046464K) Eden: 1980416K(1980416K)->0K(1992704K) From: 8960K(56832K)->8848K(53760K)
[1893.748s][info ][gc,heap        ] GC(108) ParOldGen: 440942K(539136K)->440942K(539136K)
[1893.748s][info ][gc,metaspace   ] GC(108) Metaspace: 82046K(83136K)->82046K(83136K) NonClass: 70480K(71104K)->70480K(71104K) Class: 11566K(12032K)->11566K(12032K)
[1893.748s][info ][gc             ] GC(108) Pause Young (Allocation Failure) 2373M->439M(2525M) 6.509ms
[1893.748s][info ][gc,cpu         ] GC(108) User=0.03s Sys=0.00s Real=0.01s
[1893.749s][info ][safepoint      ] Safepoint "ParallelGCFailedAllocation", Time since last: 13181588833 ns, Reaching safepoint: 121903 ns, At safepoint: 6587958 ns, Total: 6709861 ns
[1895.749s][info ][safepoint      ] Safepoint "Cleanup", Time since last: 2000160766 ns, Reaching safepoint: 118503 ns, At safepoint: 8800 ns, Total: 127303 ns
[1896.749s][info ][safepoint      ] Safepoint "Cleanup", Time since last: 1000120634 ns, Reaching safepoint: 113503 ns, At safepoint: 5500 ns, Total: 119003 ns
[1901.750s][info ][safepoint      ] Safepoint "Cleanup", Time since last: 5000408974 ns, Reaching safepoint: 47301 ns, At safepoint: 6300 ns, Total: 53601 ns
[1903.750s][info ][safepoint      ] Safepoint "Cleanup", Time since last: 2000190276 ns, Reaching safepoint: 118703 ns, At safepoint: 10400 ns, Total: 129103 ns
[1904.750s][info ][safepoint      ] Safepoint "Cleanup", Time since last: 1000139689 ns, Reaching safepoint: 130503 ns, At safepoint: 3900 ns, Total: 134403 ns
[1906.750s][info ][safepoint      ] Safepoint "Cleanup", Time since last: 2000159576 ns, Reaching safepoint: 116802 ns, At safepoint: 29601 ns, Total: 146403 ns
[1912.891s][info ][gc,start       ] GC(109) Pause Young (Allocation Failure)
[1912.897s][debug][gc,phases      ] GC(109) Scavenge 6.322ms
[1912.897s][debug][gc,ref         ] GC(109) Skipped phase 1 of Reference Processing: no references
[1912.897s][debug][gc,ref         ] GC(109) ReferenceProcessor::execute queues: 1, RefProcThreadModel::Single, marks_oops_alive: false
[1912.897s][debug][gc,ref         ] GC(109) Skipped phase 3 of Reference Processing: no references
[1912.897s][debug][gc,ref         ] GC(109) ReferenceProcessor::execute queues: 1, RefProcThreadModel::Single, marks_oops_alive: false
[1912.897s][debug][gc,phases      ] GC(109) Reference Processing 0.112ms
[1912.897s][debug][gc,phases      ] GC(109)   VM Weak                        Min:  0.0, Avg:  0.0, Max:  0.0, Diff:  0.0, Sum:  0.0, Workers: 4
[1912.897s][debug][gc,phases      ] GC(109)     Dead                           Min: 0, Avg:  0.0, Max: 0, Diff: 0, Sum: 0, Workers: 4
[1912.897s][debug][gc,phases      ] GC(109)     Total                          Min: 0, Avg: 225.5, Max: 448, Diff: 448, Sum: 902, Workers: 4
[1912.897s][debug][gc,phases      ] GC(109)   ObjectSynchronizer Weak        Min:  0.0, Avg:  0.0, Max:  0.0, Diff:  0.0, Sum:  0.0, Workers: 4
[1912.897s][debug][gc,phases      ] GC(109)     Dead                           Min: 0, Avg:  0.0, Max: 0, Diff: 0, Sum: 0, Workers: 4
[1912.897s][debug][gc,phases      ] GC(109)     Total                          Min: 0, Avg:  7.8, Max: 31, Diff: 31, Sum: 31, Workers: 4
[1912.897s][debug][gc,phases      ] GC(109)   JVMTI Tag Weak OopStorage      Min:  0.0, Avg:  0.0, Max:  0.0, Diff:  0.0, Sum:  0.0, Workers: 4
[1912.897s][debug][gc,phases      ] GC(109)     Dead                           Min: 0, Avg:  0.0, Max: 0, Diff: 0, Sum: 0, Workers: 4
[1912.897s][debug][gc,phases      ] GC(109)     Total                          Min: 0, Avg:  0.0, Max: 0, Diff: 0, Sum: 0, Workers: 4
[1912.897s][debug][gc,phases      ] GC(109)   StringTable Weak               Min:  0.0, Avg:  0.1, Max:  0.1, Diff:  0.1, Sum:  0.4, Workers: 4
[1912.897s][debug][gc,phases      ] GC(109)     Dead                           Min: 0, Avg:  0.0, Max: 0, Diff: 0, Sum: 0, Workers: 4
[1912.897s][debug][gc,phases      ] GC(109)     Total                          Min: 0, Avg: 10814.8, Max: 14783, Diff: 14783, Sum: 43259, Workers: 4
[1912.897s][debug][gc,phases      ] GC(109)   ResolvedMethodTable Weak       Min:  0.0, Avg:  0.0, Max:  0.0, Diff:  0.0, Sum:  0.1, Workers: 4
[1912.897s][debug][gc,phases      ] GC(109)     Dead                           Min: 0, Avg:  0.0, Max: 0, Diff: 0, Sum: 0, Workers: 4
[1912.897s][debug][gc,phases      ] GC(109)     Total                          Min: 0, Avg: 2342.0, Max: 4696, Diff: 4696, Sum: 9368, Workers: 4
[1912.897s][debug][gc,phases      ] GC(109)   JNI Weak                       Min:  0.0, Avg:  0.0, Max:  0.0, Diff:  0.0, Sum:  0.0, Workers: 4
[1912.897s][debug][gc,phases      ] GC(109)     Dead                           Min: 0, Avg:  0.0, Max: 0, Diff: 0, Sum: 0, Workers: 4
[1912.897s][debug][gc,phases      ] GC(109)     Total                          Min: 0, Avg: 11.2, Max: 45, Diff: 45, Sum: 45, Workers: 4
[1912.897s][debug][gc,phases      ] GC(109)   StringDedup Table Weak         Min:  0.0, Avg:  0.0, Max:  0.0, Diff:  0.0, Sum:  0.0, Workers: 4
[1912.897s][debug][gc,phases      ] GC(109)     Dead                           Min: 0, Avg:  0.0, Max: 0, Diff: 0, Sum: 0, Workers: 4
[1912.897s][debug][gc,phases      ] GC(109)     Total                          Min: 0, Avg:  0.0, Max: 0, Diff: 0, Sum: 0, Workers: 4
[1912.897s][debug][gc,phases      ] GC(109)   StringDedup Requests0 Weak     Min:  0.0, Avg:  0.0, Max:  0.0, Diff:  0.0, Sum:  0.0, Workers: 4
[1912.897s][debug][gc,phases      ] GC(109)     Dead                           Min: 0, Avg:  0.0, Max: 0, Diff: 0, Sum: 0, Workers: 4
[1912.897s][debug][gc,phases      ] GC(109)     Total                          Min: 0, Avg:  0.0, Max: 0, Diff: 0, Sum: 0, Workers: 4
[1912.897s][debug][gc,phases      ] GC(109)   StringDedup Requests1 Weak     Min:  0.0, Avg:  0.0, Max:  0.0, Diff:  0.0, Sum:  0.0, Workers: 4
[1912.897s][debug][gc,phases      ] GC(109)     Dead                           Min: 0, Avg:  0.0, Max: 0, Diff: 0, Sum: 0, Workers: 4
[1912.897s][debug][gc,phases      ] GC(109)     Total                          Min: 0, Avg:  0.0, Max: 0, Diff: 0, Sum: 0, Workers: 4
[1912.897s][debug][gc,phases      ] GC(109)   Weak JFR Old Object Samples    Min:  0.0, Avg:  0.0, Max:  0.0, Diff:  0.0, Sum:  0.0, Workers: 4
[1912.897s][debug][gc,phases      ] GC(109)     Dead                           Min: 0, Avg:  0.0, Max: 0, Diff: 0, Sum: 0, Workers: 4
[1912.897s][debug][gc,phases      ] GC(109)     Total                          Min: 0, Avg:  0.0, Max: 0, Diff: 0, Sum: 0, Workers: 4
[1912.897s][debug][gc,phases      ] GC(109) Weak Processing 0.386ms
[1912.897s][debug][gc,age         ] GC(109) Desired survivor size 49283072 bytes, new threshold 15 (max threshold 15)
[1912.897s][info ][gc,heap        ] GC(109) PSYoungGen: 2001552K(2046464K)->7328K(2043392K) Eden: 1992704K(1992704K)->0K(1992704K) From: 8848K(53760K)->7328K(50688K)
[1912.897s][info ][gc,heap        ] GC(109) ParOldGen: 440942K(539136K)->441270K(539136K)
[1912.898s][info ][gc,metaspace   ] GC(109) Metaspace: 82050K(83136K)->82050K(83136K) NonClass: 70484K(71104K)->70484K(71104K) Class: 11566K(12032K)->11566K(12032K)
[1912.898s][info ][gc             ] GC(109) Pause Young (Allocation Failure) 2385M->438M(2522M) 6.992ms
[1912.898s][info ][gc,cpu         ] GC(109) User=0.02s Sys=0.00s Real=0.01s
[1912.898s][info ][safepoint      ] Safepoint "ParallelGCFailedAllocation", Time since last: 6139962656 ns, Reaching safepoint: 122803 ns, At safepoint: 7080470 ns, Total: 7203273 ns
[1923.898s][info ][safepoint      ] Safepoint "Cleanup", Time since last: 11000767827 ns, Reaching safepoint: 119903 ns, At safepoint: 6600 ns, Total: 126503 ns
[1924.899s][info ][safepoint      ] Safepoint "Cleanup", Time since last: 1000123800 ns, Reaching safepoint: 124402 ns, At safepoint: 6601 ns, Total: 131003 ns
[1926.899s][info ][safepoint      ] Safepoint "Cleanup", Time since last: 2000196603 ns, Reaching safepoint: 127703 ns, At safepoint: 7100 ns, Total: 134803 ns
[1927.899s][info ][safepoint      ] Safepoint "Cleanup", Time since last: 1000119865 ns, Reaching safepoint: 119603 ns, At safepoint: 6100 ns, Total: 125703 ns
[1928.900s][info ][safepoint      ] Safepoint "Cleanup", Time since last: 1000116765 ns, Reaching safepoint: 133103 ns, At safepoint: 6201 ns, Total: 139304 ns
[1932.900s][info ][safepoint      ] Safepoint "Cleanup", Time since last: 4000310256 ns, Reaching safepoint: 125103 ns, At safepoint: 8900 ns, Total: 134003 ns
[1933.900s][info ][safepoint      ] Safepoint "Cleanup", Time since last: 1000127165 ns, Reaching safepoint: 116903 ns, At safepoint: 7000 ns, Total: 123903 ns
[1934.894s][info ][gc,start       ] GC(110) Pause Young (Allocation Failure)
[1934.900s][debug][gc,phases      ] GC(110) Scavenge 5.673ms
[1934.900s][debug][gc,ref         ] GC(110) Skipped phase 1 of Reference Processing: no references
[1934.900s][debug][gc,ref         ] GC(110) ReferenceProcessor::execute queues: 1, RefProcThreadModel::Single, marks_oops_alive: false
[1934.900s][debug][gc,ref         ] GC(110) Skipped phase 3 of Reference Processing: no references
[1934.900s][debug][gc,ref         ] GC(110) ReferenceProcessor::execute queues: 1, RefProcThreadModel::Single, marks_oops_alive: false
[1934.900s][debug][gc,phases      ] GC(110) Reference Processing 0.140ms
[1934.900s][debug][gc,phases      ] GC(110)   VM Weak                        Min:  0.0, Avg:  0.0, Max:  0.0, Diff:  0.0, Sum:  0.0, Workers: 4
[1934.900s][debug][gc,phases      ] GC(110)     Dead                           Min: 0, Avg:  0.0, Max: 0, Diff: 0, Sum: 0, Workers: 4
[1934.900s][debug][gc,phases      ] GC(110)     Total                          Min: 0, Avg: 225.5, Max: 448, Diff: 448, Sum: 902, Workers: 4
[1934.900s][debug][gc,phases      ] GC(110)   ObjectSynchronizer Weak        Min:  0.0, Avg:  0.0, Max:  0.0, Diff:  0.0, Sum:  0.0, Workers: 4
[1934.900s][debug][gc,phases      ] GC(110)     Dead                           Min: 0, Avg:  0.0, Max: 0, Diff: 0, Sum: 0, Workers: 4
[1934.900s][debug][gc,phases      ] GC(110)     Total                          Min: 0, Avg:  7.8, Max: 31, Diff: 31, Sum: 31, Workers: 4
[1934.900s][debug][gc,phases      ] GC(110)   JVMTI Tag Weak OopStorage      Min:  0.0, Avg:  0.0, Max:  0.0, Diff:  0.0, Sum:  0.0, Workers: 4
[1934.900s][debug][gc,phases      ] GC(110)     Dead                           Min: 0, Avg:  0.0, Max: 0, Diff: 0, Sum: 0, Workers: 4
[1934.900s][debug][gc,phases      ] GC(110)     Total                          Min: 0, Avg:  0.0, Max: 0, Diff: 0, Sum: 0, Workers: 4
[1934.900s][debug][gc,phases      ] GC(110)   StringTable Weak               Min:  0.1, Avg:  0.1, Max:  0.1, Diff:  0.0, Sum:  0.4, Workers: 4
[1934.900s][debug][gc,phases      ] GC(110)     Dead                           Min: 0, Avg:  0.0, Max: 0, Diff: 0, Sum: 0, Workers: 4
[1934.900s][debug][gc,phases      ] GC(110)     Total                          Min: 10046, Avg: 10815.0, Max: 11583, Diff: 1537, Sum: 43260, Workers: 4
[1934.900s][debug][gc,phases      ] GC(110)   ResolvedMethodTable Weak       Min:  0.0, Avg:  0.0, Max:  0.0, Diff:  0.0, Sum:  0.1, Workers: 4
[1934.900s][debug][gc,phases      ] GC(110)     Dead                           Min: 0, Avg:  0.0, Max: 0, Diff: 0, Sum: 0, Workers: 4
[1934.900s][debug][gc,phases      ] GC(110)     Total                          Min: 1792, Avg: 2342.0, Max: 2688, Diff: 896, Sum: 9368, Workers: 4
[1934.900s][debug][gc,phases      ] GC(110)   JNI Weak                       Min:  0.0, Avg:  0.0, Max:  0.0, Diff:  0.0, Sum:  0.0, Workers: 4
[1934.900s][debug][gc,phases      ] GC(110)     Dead                           Min: 0, Avg:  0.0, Max: 0, Diff: 0, Sum: 0, Workers: 4
[1934.900s][debug][gc,phases      ] GC(110)     Total                          Min: 0, Avg: 11.2, Max: 45, Diff: 45, Sum: 45, Workers: 4
[1934.900s][debug][gc,phases      ] GC(110)   StringDedup Table Weak         Min:  0.0, Avg:  0.0, Max:  0.0, Diff:  0.0, Sum:  0.0, Workers: 4
[1934.900s][debug][gc,phases      ] GC(110)     Dead                           Min: 0, Avg:  0.0, Max: 0, Diff: 0, Sum: 0, Workers: 4
[1934.900s][debug][gc,phases      ] GC(110)     Total                          Min: 0, Avg:  0.0, Max: 0, Diff: 0, Sum: 0, Workers: 4
[1934.900s][debug][gc,phases      ] GC(110)   StringDedup Requests0 Weak     Min:  0.0, Avg:  0.0, Max:  0.0, Diff:  0.0, Sum:  0.0, Workers: 4
[1934.900s][debug][gc,phases      ] GC(110)     Dead                           Min: 0, Avg:  0.0, Max: 0, Diff: 0, Sum: 0, Workers: 4
[1934.900s][debug][gc,phases      ] GC(110)     Total                          Min: 0, Avg:  0.0, Max: 0, Diff: 0, Sum: 0, Workers: 4
[1934.900s][debug][gc,phases      ] GC(110)   StringDedup Requests1 Weak     Min:  0.0, Avg:  0.0, Max:  0.0, Diff:  0.0, Sum:  0.0, Workers: 4
[1934.900s][debug][gc,phases      ] GC(110)     Dead                           Min: 0, Avg:  0.0, Max: 0, Diff: 0, Sum: 0, Workers: 4
[1934.900s][debug][gc,phases      ] GC(110)     Total                          Min: 0, Avg:  0.0, Max: 0, Diff: 0, Sum: 0, Workers: 4
[1934.900s][debug][gc,phases      ] GC(110)   Weak JFR Old Object Samples    Min:  0.0, Avg:  0.0, Max:  0.0, Diff:  0.0, Sum:  0.0, Workers: 4
[1934.900s][debug][gc,phases      ] GC(110)     Dead                           Min: 0, Avg:  0.0, Max: 0, Diff: 0, Sum: 0, Workers: 4
[1934.900s][debug][gc,phases      ] GC(110)     Total                          Min: 0, Avg:  0.0, Max: 0, Diff: 0, Sum: 0, Workers: 4
[1934.900s][debug][gc,phases      ] GC(110) Weak Processing 0.324ms
[1934.900s][debug][gc,age         ] GC(110) Desired survivor size 47185920 bytes, new threshold 15 (max threshold 15)
[1934.900s][info ][gc,heap        ] GC(110) PSYoungGen: 2000032K(2043392K)->7552K(2051072K) Eden: 1992704K(1992704K)->0K(2002944K) From: 7328K(50688K)->7552K(48128K)
[1934.900s][info ][gc,heap        ] GC(110) ParOldGen: 441270K(539136K)->441438K(539136K)
[1934.900s][info ][gc,metaspace   ] GC(110) Metaspace: 82056K(83136K)->82056K(83136K) NonClass: 70489K(71104K)->70489K(71104K) Class: 11566K(12032K)->11566K(12032K)
[1934.900s][info ][gc             ] GC(110) Pause Young (Allocation Failure) 2384M->438M(2529M) 6.273ms
[1934.900s][info ][gc,cpu         ] GC(110) User=0.03s Sys=0.00s Real=0.00s
[1934.900s][info ][safepoint      ] Safepoint "ParallelGCFailedAllocation", Time since last: 993547827 ns, Reaching safepoint: 32701 ns, At safepoint: 6352140 ns, Total: 6384841 ns
[1935.900s][info ][safepoint      ] Safepoint "Cleanup", Time since last: 1000092573 ns, Reaching safepoint: 122802 ns, At safepoint: 5700 ns, Total: 128502 ns
[1937.901s][info ][safepoint      ] Safepoint "Cleanup", Time since last: 2000191245 ns, Reaching safepoint: 115502 ns, At safepoint: 7600 ns, Total: 123102 ns
[1939.901s][info ][safepoint      ] Safepoint "Cleanup", Time since last: 2000159017 ns, Reaching safepoint: 118203 ns, At safepoint: 5500 ns, Total: 123703 ns
[1941.901s][info ][safepoint      ] Safepoint "Cleanup", Time since last: 2000191611 ns, Reaching safepoint: 117202 ns, At safepoint: 6801 ns, Total: 124003 ns
[1959.902s][info ][gc,start       ] GC(111) Pause Young (Allocation Failure)
[1959.907s][debug][gc,phases      ] GC(111) Scavenge 5.331ms
[1959.907s][debug][gc,ref         ] GC(111) Skipped phase 1 of Reference Processing: no references
[1959.907s][debug][gc,ref         ] GC(111) ReferenceProcessor::execute queues: 1, RefProcThreadModel::Single, marks_oops_alive: false
[1959.907s][debug][gc,ref         ] GC(111) Skipped phase 3 of Reference Processing: no references
[1959.907s][debug][gc,ref         ] GC(111) ReferenceProcessor::execute queues: 1, RefProcThreadModel::Single, marks_oops_alive: false
[1959.907s][debug][gc,phases      ] GC(111) Reference Processing 0.130ms
[1959.907s][debug][gc,phases      ] GC(111)   VM Weak                        Min:  0.0, Avg:  0.0, Max:  0.0, Diff:  0.0, Sum:  0.0, Workers: 4
[1959.907s][debug][gc,phases      ] GC(111)     Dead                           Min: 0, Avg:  0.0, Max: 0, Diff: 0, Sum: 0, Workers: 4
[1959.907s][debug][gc,phases      ] GC(111)     Total                          Min: 0, Avg: 225.5, Max: 512, Diff: 512, Sum: 902, Workers: 4
[1959.907s][debug][gc,phases      ] GC(111)   ObjectSynchronizer Weak        Min:  0.0, Avg:  0.0, Max:  0.0, Diff:  0.0, Sum:  0.0, Workers: 4
[1959.907s][debug][gc,phases      ] GC(111)     Dead                           Min: 0, Avg:  0.0, Max: 0, Diff: 0, Sum: 0, Workers: 4
[1959.907s][debug][gc,phases      ] GC(111)     Total                          Min: 0, Avg:  7.8, Max: 31, Diff: 31, Sum: 31, Workers: 4
[1959.907s][debug][gc,phases      ] GC(111)   JVMTI Tag Weak OopStorage      Min:  0.0, Avg:  0.0, Max:  0.0, Diff:  0.0, Sum:  0.0, Workers: 4
[1959.907s][debug][gc,phases      ] GC(111)     Dead                           Min: 0, Avg:  0.0, Max: 0, Diff: 0, Sum: 0, Workers: 4
[1959.907s][debug][gc,phases      ] GC(111)     Total                          Min: 0, Avg:  0.0, Max: 0, Diff: 0, Sum: 0, Workers: 4
[1959.908s][debug][gc,phases      ] GC(111)   StringTable Weak               Min:  0.0, Avg:  0.1, Max:  0.1, Diff:  0.1, Sum:  0.4, Workers: 4
[1959.908s][debug][gc,phases      ] GC(111)     Dead                           Min: 0, Avg:  0.0, Max: 0, Diff: 0, Sum: 0, Workers: 4
[1959.908s][debug][gc,phases      ] GC(111)     Total                          Min: 0, Avg: 10815.2, Max: 15038, Diff: 15038, Sum: 43261, Workers: 4
[1959.908s][debug][gc,phases      ] GC(111)   ResolvedMethodTable Weak       Min:  0.0, Avg:  0.0, Max:  0.0, Diff:  0.0, Sum:  0.1, Workers: 4
[1959.908s][debug][gc,phases      ] GC(111)     Dead                           Min: 0, Avg:  0.0, Max: 0, Diff: 0, Sum: 0, Workers: 4
[1959.908s][debug][gc,phases      ] GC(111)     Total                          Min: 0, Avg: 2342.5, Max: 3904, Diff: 3904, Sum: 9370, Workers: 4
[1959.908s][debug][gc,phases      ] GC(111)   JNI Weak                       Min:  0.0, Avg:  0.0, Max:  0.0, Diff:  0.0, Sum:  0.0, Workers: 4
[1959.908s][debug][gc,phases      ] GC(111)     Dead                           Min: 0, Avg:  0.0, Max: 0, Diff: 0, Sum: 0, Workers: 4
[1959.908s][debug][gc,phases      ] GC(111)     Total                          Min: 0, Avg: 11.2, Max: 45, Diff: 45, Sum: 45, Workers: 4
[1959.908s][debug][gc,phases      ] GC(111)   StringDedup Table Weak         Min:  0.0, Avg:  0.0, Max:  0.0, Diff:  0.0, Sum:  0.0, Workers: 4
[1959.908s][debug][gc,phases      ] GC(111)     Dead                           Min: 0, Avg:  0.0, Max: 0, Diff: 0, Sum: 0, Workers: 4
[1959.908s][debug][gc,phases      ] GC(111)     Total                          Min: 0, Avg:  0.0, Max: 0, Diff: 0, Sum: 0, Workers: 4
[1959.908s][debug][gc,phases      ] GC(111)   StringDedup Requests0 Weak     Min:  0.0, Avg:  0.0, Max:  0.0, Diff:  0.0, Sum:  0.0, Workers: 4
[1959.908s][debug][gc,phases      ] GC(111)     Dead                           Min: 0, Avg:  0.0, Max: 0, Diff: 0, Sum: 0, Workers: 4
[1959.908s][debug][gc,phases      ] GC(111)     Total                          Min: 0, Avg:  0.0, Max: 0, Diff: 0, Sum: 0, Workers: 4
[1959.908s][debug][gc,phases      ] GC(111)   StringDedup Requests1 Weak     Min:  0.0, Avg:  0.0, Max:  0.0, Diff:  0.0, Sum:  0.0, Workers: 4
[1959.908s][debug][gc,phases      ] GC(111)     Dead                           Min: 0, Avg:  0.0, Max: 0, Diff: 0, Sum: 0, Workers: 4
[1959.908s][debug][gc,phases      ] GC(111)     Total                          Min: 0, Avg:  0.0, Max: 0, Diff: 0, Sum: 0, Workers: 4
[1959.908s][debug][gc,phases      ] GC(111)   Weak JFR Old Object Samples    Min:  0.0, Avg:  0.0, Max:  0.0, Diff:  0.0, Sum:  0.0, Workers: 4
[1959.908s][debug][gc,phases      ] GC(111)     Dead                           Min: 0, Avg:  0.0, Max: 0, Diff: 0, Sum: 0, Workers: 4
[1959.908s][debug][gc,phases      ] GC(111)     Total                          Min: 0, Avg:  0.0, Max: 0, Diff: 0, Sum: 0, Workers: 4
[1959.908s][debug][gc,phases      ] GC(111) Weak Processing 0.389ms
[1959.908s][debug][gc,age         ] GC(111) Desired survivor size 44564480 bytes, new threshold 15 (max threshold 15)
[1959.908s][info ][gc,heap        ] GC(111) PSYoungGen: 2010496K(2051072K)->7136K(2049024K) Eden: 2002944K(2002944K)->0K(2002944K) From: 7552K(48128K)->7136K(46080K)
[1959.908s][info ][gc,heap        ] GC(111) ParOldGen: 441438K(539136K)->441658K(539136K)
[1959.908s][info ][gc,metaspace   ] GC(111) Metaspace: 82068K(83136K)->82068K(83136K) NonClass: 70501K(71104K)->70501K(71104K) Class: 11567K(12032K)->11567K(12032K)
[1959.908s][info ][gc             ] GC(111) Pause Young (Allocation Failure) 2394M->438M(2527M) 5.987ms
[1959.908s][info ][gc,cpu         ] GC(111) User=0.02s Sys=0.01s Real=0.01s
[1959.908s][info ][safepoint      ] Safepoint "ParallelGCFailedAllocation", Time since last: 18000265199 ns, Reaching safepoint: 44101 ns, At safepoint: 6060242 ns, Total: 6104343 ns
[1968.908s][info ][safepoint      ] Safepoint "Cleanup", Time since last: 9000550939 ns, Reaching safepoint: 53902 ns, At safepoint: 5800 ns, Total: 59702 ns
[1972.909s][info ][safepoint      ] Safepoint "Cleanup", Time since last: 4000323310 ns, Reaching safepoint: 49201 ns, At safepoint: 3400 ns, Total: 52601 ns
[1974.909s][info ][safepoint      ] Safepoint "Cleanup", Time since last: 2000139844 ns, Reaching safepoint: 50301 ns, At safepoint: 2900 ns, Total: 53201 ns
[1975.909s][info ][safepoint      ] Safepoint "Cleanup", Time since last: 1000123796 ns, Reaching safepoint: 50502 ns, At safepoint: 3000 ns, Total: 53502 ns
[1982.542s][info ][gc,start       ] GC(112) Pause Young (Allocation Failure)
[1982.548s][debug][gc,phases      ] GC(112) Scavenge 5.918ms
[1982.548s][debug][gc,ref         ] GC(112) Skipped phase 1 of Reference Processing: no references
[1982.548s][debug][gc,ref         ] GC(112) ReferenceProcessor::execute queues: 1, RefProcThreadModel::Single, marks_oops_alive: false
[1982.548s][debug][gc,ref         ] GC(112) Skipped phase 3 of Reference Processing: no references
[1982.548s][debug][gc,ref         ] GC(112) ReferenceProcessor::execute queues: 1, RefProcThreadModel::Single, marks_oops_alive: false
[1982.548s][debug][gc,phases      ] GC(112) Reference Processing 0.114ms
[1982.548s][debug][gc,phases      ] GC(112)   VM Weak                        Min:  0.0, Avg:  0.0, Max:  0.0, Diff:  0.0, Sum:  0.0, Workers: 4
[1982.548s][debug][gc,phases      ] GC(112)     Dead                           Min: 0, Avg:  0.0, Max: 0, Diff: 0, Sum: 0, Workers: 4
[1982.548s][debug][gc,phases      ] GC(112)     Total                          Min: 0, Avg: 225.5, Max: 838, Diff: 838, Sum: 902, Workers: 4
[1982.548s][debug][gc,phases      ] GC(112)   ObjectSynchronizer Weak        Min:  0.0, Avg:  0.0, Max:  0.0, Diff:  0.0, Sum:  0.0, Workers: 4
[1982.548s][debug][gc,phases      ] GC(112)     Dead                           Min: 0, Avg:  0.0, Max: 0, Diff: 0, Sum: 0, Workers: 4
[1982.548s][debug][gc,phases      ] GC(112)     Total                          Min: 0, Avg:  7.8, Max: 31, Diff: 31, Sum: 31, Workers: 4
[1982.548s][debug][gc,phases      ] GC(112)   JVMTI Tag Weak OopStorage      Min:  0.0, Avg:  0.0, Max:  0.0, Diff:  0.0, Sum:  0.0, Workers: 4
[1982.548s][debug][gc,phases      ] GC(112)     Dead                           Min: 0, Avg:  0.0, Max: 0, Diff: 0, Sum: 0, Workers: 4
[1982.548s][debug][gc,phases      ] GC(112)     Total                          Min: 0, Avg:  0.0, Max: 0, Diff: 0, Sum: 0, Workers: 4
[1982.548s][debug][gc,phases      ] GC(112)   StringTable Weak               Min:  0.0, Avg:  0.1, Max:  0.1, Diff:  0.1, Sum:  0.4, Workers: 4
[1982.548s][debug][gc,phases      ] GC(112)     Dead                           Min: 0, Avg:  0.0, Max: 0, Diff: 0, Sum: 0, Workers: 4
[1982.548s][debug][gc,phases      ] GC(112)     Total                          Min: 0, Avg: 10815.5, Max: 14784, Diff: 14784, Sum: 43262, Workers: 4
[1982.548s][debug][gc,phases      ] GC(112)   ResolvedMethodTable Weak       Min:  0.0, Avg:  0.0, Max:  0.0, Diff:  0.0, Sum:  0.1, Workers: 4
[1982.548s][debug][gc,phases      ] GC(112)     Dead                           Min: 0, Avg:  0.0, Max: 0, Diff: 0, Sum: 0, Workers: 4
[1982.548s][debug][gc,phases      ] GC(112)     Total                          Min: 0, Avg: 2342.5, Max: 3584, Diff: 3584, Sum: 9370, Workers: 4
[1982.548s][debug][gc,phases      ] GC(112)   JNI Weak                       Min:  0.0, Avg:  0.0, Max:  0.0, Diff:  0.0, Sum:  0.0, Workers: 4
[1982.548s][debug][gc,phases      ] GC(112)     Dead                           Min: 0, Avg:  0.0, Max: 0, Diff: 0, Sum: 0, Workers: 4
[1982.548s][debug][gc,phases      ] GC(112)     Total                          Min: 0, Avg: 11.2, Max: 45, Diff: 45, Sum: 45, Workers: 4
[1982.548s][debug][gc,phases      ] GC(112)   StringDedup Table Weak         Min:  0.0, Avg:  0.0, Max:  0.0, Diff:  0.0, Sum:  0.0, Workers: 4
[1982.548s][debug][gc,phases      ] GC(112)     Dead                           Min: 0, Avg:  0.0, Max: 0, Diff: 0, Sum: 0, Workers: 4
[1982.548s][debug][gc,phases      ] GC(112)     Total                          Min: 0, Avg:  0.0, Max: 0, Diff: 0, Sum: 0, Workers: 4
[1982.548s][debug][gc,phases      ] GC(112)   StringDedup Requests0 Weak     Min:  0.0, Avg:  0.0, Max:  0.0, Diff:  0.0, Sum:  0.0, Workers: 4
[1982.548s][debug][gc,phases      ] GC(112)     Dead                           Min: 0, Avg:  0.0, Max: 0, Diff: 0, Sum: 0, Workers: 4
[1982.548s][debug][gc,phases      ] GC(112)     Total                          Min: 0, Avg:  0.0, Max: 0, Diff: 0, Sum: 0, Workers: 4
[1982.548s][debug][gc,phases      ] GC(112)   StringDedup Requests1 Weak     Min:  0.0, Avg:  0.0, Max:  0.0, Diff:  0.0, Sum:  0.0, Workers: 4
[1982.548s][debug][gc,phases      ] GC(112)     Dead                           Min: 0, Avg:  0.0, Max: 0, Diff: 0, Sum: 0, Workers: 4
[1982.548s][debug][gc,phases      ] GC(112)     Total                          Min: 0, Avg:  0.0, Max: 0, Diff: 0, Sum: 0, Workers: 4
[1982.548s][debug][gc,phases      ] GC(112)   Weak JFR Old Object Samples    Min:  0.0, Avg:  0.0, Max:  0.0, Diff:  0.0, Sum:  0.0, Workers: 4
[1982.548s][debug][gc,phases      ] GC(112)     Dead                           Min: 0, Avg:  0.0, Max: 0, Diff: 0, Sum: 0, Workers: 4
[1982.548s][debug][gc,phases      ] GC(112)     Total                          Min: 0, Avg:  0.0, Max: 0, Diff: 0, Sum: 0, Workers: 4
[1982.548s][debug][gc,phases      ] GC(112) Weak Processing 0.389ms
[1982.548s][debug][gc,age         ] GC(112) Desired survivor size 41943040 bytes, new threshold 15 (max threshold 15)
[1982.548s][info ][gc,heap        ] GC(112) PSYoungGen: 2010080K(2049024K)->8304K(2056192K) Eden: 2002944K(2002944K)->0K(2012672K) From: 7136K(46080K)->8304K(43520K)
[1982.548s][info ][gc,heap        ] GC(112) ParOldGen: 441658K(539136K)->441930K(539136K)
[1982.548s][info ][gc,metaspace   ] GC(112) Metaspace: 82078K(83136K)->82078K(83136K) NonClass: 70511K(71104K)->70511K(71104K) Class: 11567K(12032K)->11567K(12032K)
[1982.548s][info ][gc             ] GC(112) Pause Young (Allocation Failure) 2394M->439M(2534M) 6.565ms
[1982.548s][info ][gc,cpu         ] GC(112) User=0.02s Sys=0.00s Real=0.01s
[1982.549s][info ][safepoint      ] Safepoint "ParallelGCFailedAllocation", Time since last: 6632681270 ns, Reaching safepoint: 107003 ns, At safepoint: 6687549 ns, Total: 6794552 ns
[1984.549s][info ][safepoint      ] Safepoint "Cleanup", Time since last: 2000159723 ns, Reaching safepoint: 112002 ns, At safepoint: 7700 ns, Total: 119702 ns
[1990.549s][info ][safepoint      ] Safepoint "Cleanup", Time since last: 6000415029 ns, Reaching safepoint: 121903 ns, At safepoint: 6300 ns, Total: 128203 ns
[2002.550s][info ][safepoint      ] Safepoint "Cleanup", Time since last: 12000901682 ns, Reaching safepoint: 119603 ns, At safepoint: 5500 ns, Total: 125103 ns
[2003.551s][info ][safepoint      ] Safepoint "Cleanup", Time since last: 1000128288 ns, Reaching safepoint: 125302 ns, At safepoint: 5401 ns, Total: 130703 ns
[2005.551s][info ][safepoint      ] Safepoint "Cleanup", Time since last: 2000197973 ns, Reaching safepoint: 113603 ns, At safepoint: 7600 ns, Total: 121203 ns
[2006.591s][info ][gc,start       ] GC(113) Pause Young (Allocation Failure)
[2006.596s][debug][gc,phases      ] GC(113) Scavenge 4.810ms
[2006.596s][debug][gc,ref         ] GC(113) Skipped phase 1 of Reference Processing: no references
[2006.596s][debug][gc,ref         ] GC(113) ReferenceProcessor::execute queues: 1, RefProcThreadModel::Single, marks_oops_alive: false
[2006.596s][debug][gc,ref         ] GC(113) Skipped phase 3 of Reference Processing: no references
[2006.596s][debug][gc,ref         ] GC(113) ReferenceProcessor::execute queues: 1, RefProcThreadModel::Single, marks_oops_alive: false
[2006.596s][debug][gc,phases      ] GC(113) Reference Processing 0.143ms
[2006.596s][debug][gc,phases      ] GC(113)   VM Weak                        Min:  0.0, Avg:  0.0, Max:  0.0, Diff:  0.0, Sum:  0.0, Workers: 4
[2006.596s][debug][gc,phases      ] GC(113)     Dead                           Min: 0, Avg:  0.0, Max: 0, Diff: 0, Sum: 0, Workers: 4
[2006.596s][debug][gc,phases      ] GC(113)     Total                          Min: 0, Avg: 225.5, Max: 582, Diff: 582, Sum: 902, Workers: 4
[2006.597s][debug][gc,phases      ] GC(113)   ObjectSynchronizer Weak        Min:  0.0, Avg:  0.0, Max:  0.0, Diff:  0.0, Sum:  0.0, Workers: 4
[2006.597s][debug][gc,phases      ] GC(113)     Dead                           Min: 0, Avg:  0.0, Max: 0, Diff: 0, Sum: 0, Workers: 4
[2006.597s][debug][gc,phases      ] GC(113)     Total                          Min: 0, Avg:  7.8, Max: 31, Diff: 31, Sum: 31, Workers: 4
[2006.597s][debug][gc,phases      ] GC(113)   JVMTI Tag Weak OopStorage      Min:  0.0, Avg:  0.0, Max:  0.0, Diff:  0.0, Sum:  0.0, Workers: 4
[2006.597s][debug][gc,phases      ] GC(113)     Dead                           Min: 0, Avg:  0.0, Max: 0, Diff: 0, Sum: 0, Workers: 4
[2006.597s][debug][gc,phases      ] GC(113)     Total                          Min: 0, Avg:  0.0, Max: 0, Diff: 0, Sum: 0, Workers: 4
[2006.597s][debug][gc,phases      ] GC(113)   StringTable Weak               Min:  0.0, Avg:  0.1, Max:  0.2, Diff:  0.2, Sum:  0.4, Workers: 4
[2006.597s][debug][gc,phases      ] GC(113)     Dead                           Min: 0, Avg:  0.0, Max: 0, Diff: 0, Sum: 0, Workers: 4
[2006.597s][debug][gc,phases      ] GC(113)     Total                          Min: 0, Avg: 10815.5, Max: 18879, Diff: 18879, Sum: 43262, Workers: 4
[2006.597s][debug][gc,phases      ] GC(113)   ResolvedMethodTable Weak       Min:  0.0, Avg:  0.0, Max:  0.0, Diff:  0.0, Sum:  0.1, Workers: 4
[2006.597s][debug][gc,phases      ] GC(113)     Dead                           Min: 0, Avg:  0.0, Max: 0, Diff: 0, Sum: 0, Workers: 4
[2006.597s][debug][gc,phases      ] GC(113)     Total                          Min: 0, Avg: 2342.5, Max: 3264, Diff: 3264, Sum: 9370, Workers: 4
[2006.597s][debug][gc,phases      ] GC(113)   JNI Weak                       Min:  0.0, Avg:  0.0, Max:  0.0, Diff:  0.0, Sum:  0.0, Workers: 4
[2006.597s][debug][gc,phases      ] GC(113)     Dead                           Min: 0, Avg:  0.0, Max: 0, Diff: 0, Sum: 0, Workers: 4
[2006.597s][debug][gc,phases      ] GC(113)     Total                          Min: 0, Avg: 11.2, Max: 45, Diff: 45, Sum: 45, Workers: 4
[2006.597s][debug][gc,phases      ] GC(113)   StringDedup Table Weak         Min:  0.0, Avg:  0.0, Max:  0.0, Diff:  0.0, Sum:  0.0, Workers: 4
[2006.597s][debug][gc,phases      ] GC(113)     Dead                           Min: 0, Avg:  0.0, Max: 0, Diff: 0, Sum: 0, Workers: 4
[2006.597s][debug][gc,phases      ] GC(113)     Total                          Min: 0, Avg:  0.0, Max: 0, Diff: 0, Sum: 0, Workers: 4
[2006.597s][debug][gc,phases      ] GC(113)   StringDedup Requests0 Weak     Min:  0.0, Avg:  0.0, Max:  0.0, Diff:  0.0, Sum:  0.0, Workers: 4
[2006.597s][debug][gc,phases      ] GC(113)     Dead                           Min: 0, Avg:  0.0, Max: 0, Diff: 0, Sum: 0, Workers: 4
[2006.597s][debug][gc,phases      ] GC(113)     Total                          Min: 0, Avg:  0.0, Max: 0, Diff: 0, Sum: 0, Workers: 4
[2006.597s][debug][gc,phases      ] GC(113)   StringDedup Requests1 Weak     Min:  0.0, Avg:  0.0, Max:  0.0, Diff:  0.0, Sum:  0.0, Workers: 4
[2006.597s][debug][gc,phases      ] GC(113)     Dead                           Min: 0, Avg:  0.0, Max: 0, Diff: 0, Sum: 0, Workers: 4
[2006.597s][debug][gc,phases      ] GC(113)     Total                          Min: 0, Avg:  0.0, Max: 0, Diff: 0, Sum: 0, Workers: 4
[2006.597s][debug][gc,phases      ] GC(113)   Weak JFR Old Object Samples    Min:  0.0, Avg:  0.0, Max:  0.0, Diff:  0.0, Sum:  0.0, Workers: 4
[2006.597s][debug][gc,phases      ] GC(113)     Dead                           Min: 0, Avg:  0.0, Max: 0, Diff: 0, Sum: 0, Workers: 4
[2006.597s][debug][gc,phases      ] GC(113)     Total                          Min: 0, Avg:  0.0, Max: 0, Diff: 0, Sum: 0, Workers: 4
[2006.597s][debug][gc,phases      ] GC(113) Weak Processing 0.581ms
[2006.597s][debug][gc,age         ] GC(113) Desired survivor size 39845888 bytes, new threshold 15 (max threshold 15)
[2006.597s][info ][gc,heap        ] GC(113) PSYoungGen: 2020976K(2056192K)->8384K(2053632K) Eden: 2012672K(2012672K)->0K(2012672K) From: 8304K(43520K)->8384K(40960K)
[2006.597s][info ][gc,heap        ] GC(113) ParOldGen: 441930K(539136K)->442066K(539136K)
[2006.597s][info ][gc,metaspace   ] GC(113) Metaspace: 82088K(83136K)->82088K(83136K) NonClass: 70521K(71104K)->70521K(71104K) Class: 11567K(12032K)->11567K(12032K)
[2006.597s][info ][gc             ] GC(113) Pause Young (Allocation Failure) 2405M->439M(2532M) 5.700ms
[2006.597s][info ][gc,cpu         ] GC(113) User=0.02s Sys=0.00s Real=0.01s
[2006.597s][info ][safepoint      ] Safepoint "ParallelGCFailedAllocation", Time since last: 1040045645 ns, Reaching safepoint: 116303 ns, At safepoint: 5782834 ns, Total: 5899137 ns
[2007.597s][info ][safepoint      ] Safepoint "Cleanup", Time since last: 1000072738 ns, Reaching safepoint: 122203 ns, At safepoint: 4600 ns, Total: 126803 ns
[2012.598s][info ][safepoint      ] Safepoint "Cleanup", Time since last: 5000336089 ns, Reaching safepoint: 117202 ns, At safepoint: 7600 ns, Total: 124802 ns
[2014.598s][info ][safepoint      ] Safepoint "Cleanup", Time since last: 2000188173 ns, Reaching safepoint: 122503 ns, At safepoint: 7000 ns, Total: 129503 ns
[2015.598s][info ][safepoint      ] Safepoint "Cleanup", Time since last: 1000121635 ns, Reaching safepoint: 124103 ns, At safepoint: 7400 ns, Total: 131503 ns
[2030.600s][info ][safepoint      ] Safepoint "Cleanup", Time since last: 15001266766 ns, Reaching safepoint: 122202 ns, At safepoint: 5800 ns, Total: 128002 ns
[2030.692s][info ][gc,start       ] GC(114) Pause Young (Allocation Failure)
[2030.697s][debug][gc,phases      ] GC(114) Scavenge 4.767ms
[2030.697s][debug][gc,ref         ] GC(114) Skipped phase 1 of Reference Processing: no references
[2030.697s][debug][gc,ref         ] GC(114) ReferenceProcessor::execute queues: 1, RefProcThreadModel::Single, marks_oops_alive: false
[2030.697s][debug][gc,ref         ] GC(114) Skipped phase 3 of Reference Processing: no references
[2030.697s][debug][gc,ref         ] GC(114) ReferenceProcessor::execute queues: 1, RefProcThreadModel::Single, marks_oops_alive: false
[2030.697s][debug][gc,phases      ] GC(114) Reference Processing 0.117ms
[2030.698s][debug][gc,phases      ] GC(114)   VM Weak                        Min:  0.0, Avg:  0.0, Max:  0.0, Diff:  0.0, Sum:  0.0, Workers: 4
[2030.698s][debug][gc,phases      ] GC(114)     Dead                           Min: 0, Avg:  0.0, Max: 0, Diff: 0, Sum: 0, Workers: 4
[2030.698s][debug][gc,phases      ] GC(114)     Total                          Min: 0, Avg: 225.5, Max: 646, Diff: 646, Sum: 902, Workers: 4
[2030.698s][debug][gc,phases      ] GC(114)   ObjectSynchronizer Weak        Min:  0.0, Avg:  0.0, Max:  0.0, Diff:  0.0, Sum:  0.0, Workers: 4
[2030.698s][debug][gc,phases      ] GC(114)     Dead                           Min: 0, Avg:  0.0, Max: 0, Diff: 0, Sum: 0, Workers: 4
[2030.698s][debug][gc,phases      ] GC(114)     Total                          Min: 0, Avg:  7.8, Max: 31, Diff: 31, Sum: 31, Workers: 4
[2030.698s][debug][gc,phases      ] GC(114)   JVMTI Tag Weak OopStorage      Min:  0.0, Avg:  0.0, Max:  0.0, Diff:  0.0, Sum:  0.0, Workers: 4
[2030.698s][debug][gc,phases      ] GC(114)     Dead                           Min: 0, Avg:  0.0, Max: 0, Diff: 0, Sum: 0, Workers: 4
[2030.698s][debug][gc,phases      ] GC(114)     Total                          Min: 0, Avg:  0.0, Max: 0, Diff: 0, Sum: 0, Workers: 4
[2030.698s][debug][gc,phases      ] GC(114)   StringTable Weak               Min:  0.0, Avg:  0.1, Max:  0.1, Diff:  0.1, Sum:  0.4, Workers: 4
[2030.698s][debug][gc,phases      ] GC(114)     Dead                           Min: 0, Avg:  0.0, Max: 0, Diff: 0, Sum: 0, Workers: 4
[2030.698s][debug][gc,phases      ] GC(114)     Total                          Min: 0, Avg: 10816.2, Max: 16256, Diff: 16256, Sum: 43265, Workers: 4
[2030.698s][debug][gc,phases      ] GC(114)   ResolvedMethodTable Weak       Min:  0.0, Avg:  0.0, Max:  0.0, Diff:  0.0, Sum:  0.1, Workers: 4
[2030.698s][debug][gc,phases      ] GC(114)     Dead                           Min: 0, Avg:  0.0, Max: 0, Diff: 0, Sum: 0, Workers: 4
[2030.698s][debug][gc,phases      ] GC(114)     Total                          Min: 0, Avg: 2342.5, Max: 3226, Diff: 3226, Sum: 9370, Workers: 4
[2030.698s][debug][gc,phases      ] GC(114)   JNI Weak                       Min:  0.0, Avg:  0.0, Max:  0.0, Diff:  0.0, Sum:  0.0, Workers: 4
[2030.698s][debug][gc,phases      ] GC(114)     Dead                           Min: 0, Avg:  0.0, Max: 0, Diff: 0, Sum: 0, Workers: 4
[2030.698s][debug][gc,phases      ] GC(114)     Total                          Min: 0, Avg: 11.2, Max: 45, Diff: 45, Sum: 45, Workers: 4
[2030.698s][debug][gc,phases      ] GC(114)   StringDedup Table Weak         Min:  0.0, Avg:  0.0, Max:  0.0, Diff:  0.0, Sum:  0.0, Workers: 4
[2030.698s][debug][gc,phases      ] GC(114)     Dead                           Min: 0, Avg:  0.0, Max: 0, Diff: 0, Sum: 0, Workers: 4
[2030.698s][debug][gc,phases      ] GC(114)     Total                          Min: 0, Avg:  0.0, Max: 0, Diff: 0, Sum: 0, Workers: 4
[2030.698s][debug][gc,phases      ] GC(114)   StringDedup Requests0 Weak     Min:  0.0, Avg:  0.0, Max:  0.0, Diff:  0.0, Sum:  0.0, Workers: 4
[2030.698s][debug][gc,phases      ] GC(114)     Dead                           Min: 0, Avg:  0.0, Max: 0, Diff: 0, Sum: 0, Workers: 4
[2030.698s][debug][gc,phases      ] GC(114)     Total                          Min: 0, Avg:  0.0, Max: 0, Diff: 0, Sum: 0, Workers: 4
[2030.698s][debug][gc,phases      ] GC(114)   StringDedup Requests1 Weak     Min:  0.0, Avg:  0.0, Max:  0.0, Diff:  0.0, Sum:  0.0, Workers: 4
[2030.698s][debug][gc,phases      ] GC(114)     Dead                           Min: 0, Avg:  0.0, Max: 0, Diff: 0, Sum: 0, Workers: 4
[2030.698s][debug][gc,phases      ] GC(114)     Total                          Min: 0, Avg:  0.0, Max: 0, Diff: 0, Sum: 0, Workers: 4
[2030.698s][debug][gc,phases      ] GC(114)   Weak JFR Old Object Samples    Min:  0.0, Avg:  0.0, Max:  0.0, Diff:  0.0, Sum:  0.0, Workers: 4
[2030.698s][debug][gc,phases      ] GC(114)     Dead                           Min: 0, Avg:  0.0, Max: 0, Diff: 0, Sum: 0, Workers: 4
[2030.698s][debug][gc,phases      ] GC(114)     Total                          Min: 0, Avg:  0.0, Max: 0, Diff: 0, Sum: 0, Workers: 4
[2030.698s][debug][gc,phases      ] GC(114) Weak Processing 0.410ms
[2030.698s][debug][gc,age         ] GC(114) Desired survivor size 37748736 bytes, new threshold 15 (max threshold 15)
[2030.698s][info ][gc,heap        ] GC(114) PSYoungGen: 2021056K(2053632K)->7392K(2060288K) Eden: 2012672K(2012672K)->0K(2021376K) From: 8384K(40960K)->7392K(38912K)
[2030.698s][info ][gc,heap        ] GC(114) ParOldGen: 442066K(539136K)->442310K(539136K)
[2030.698s][info ][gc,metaspace   ] GC(114) Metaspace: 82091K(83136K)->82091K(83136K) NonClass: 70524K(71104K)->70524K(71104K) Class: 11567K(12032K)->11567K(12032K)
[2030.698s][info ][gc             ] GC(114) Pause Young (Allocation Failure) 2405M->439M(2538M) 5.433ms
[2030.698s][info ][gc,cpu         ] GC(114) User=0.02s Sys=0.00s Real=0.00s
[2030.698s][info ][safepoint      ] Safepoint "ParallelGCFailedAllocation", Time since last: 92863920 ns, Reaching safepoint: 39101 ns, At safepoint: 5510314 ns, Total: 5549415 ns
[2039.699s][info ][safepoint      ] Safepoint "Cleanup", Time since last: 9000833807 ns, Reaching safepoint: 131703 ns, At safepoint: 5201 ns, Total: 136904 ns
[2041.107s][info ][safepoint      ] Safepoint "Cleanup", Time since last: 1408007249 ns, Reaching safepoint: 165204 ns, At safepoint: 10900 ns, Total: 176104 ns
[2042.107s][info ][safepoint      ] Safepoint "Cleanup", Time since last: 1000141107 ns, Reaching safepoint: 127103 ns, At safepoint: 5600 ns, Total: 132703 ns
[2043.108s][info ][safepoint      ] Safepoint "Cleanup", Time since last: 1000080606 ns, Reaching safepoint: 198805 ns, At safepoint: 9800 ns, Total: 208605 ns
[2044.108s][info ][safepoint      ] Safepoint "Cleanup", Time since last: 1000132507 ns, Reaching safepoint: 121303 ns, At safepoint: 5400 ns, Total: 126703 ns
[2046.108s][info ][safepoint      ] Safepoint "Cleanup", Time since last: 2000225666 ns, Reaching safepoint: 67401 ns, At safepoint: 6601 ns, Total: 74002 ns
[2047.108s][info ][safepoint      ] Safepoint "Cleanup", Time since last: 1000142515 ns, Reaching safepoint: 53001 ns, At safepoint: 2801 ns, Total: 55802 ns
[2049.109s][info ][safepoint      ] Safepoint "Cleanup", Time since last: 2000160328 ns, Reaching safepoint: 48401 ns, At safepoint: 3100 ns, Total: 51501 ns
[2050.109s][info ][safepoint      ] Safepoint "Cleanup", Time since last: 1000117015 ns, Reaching safepoint: 55001 ns, At safepoint: 28401 ns, Total: 83402 ns
[2052.109s][info ][safepoint      ] Safepoint "Cleanup", Time since last: 2000194129 ns, Reaching safepoint: 58502 ns, At safepoint: 5500 ns, Total: 64002 ns
[2053.109s][info ][safepoint      ] Safepoint "Cleanup", Time since last: 1000119115 ns, Reaching safepoint: 55601 ns, At safepoint: 3700 ns, Total: 59301 ns
[2054.040s][info ][gc,start       ] GC(115) Pause Young (Allocation Failure)
[2054.046s][debug][gc,phases      ] GC(115) Scavenge 6.040ms
[2054.046s][debug][gc,ref         ] GC(115) Skipped phase 1 of Reference Processing: no references
[2054.047s][debug][gc,ref         ] GC(115) ReferenceProcessor::execute queues: 1, RefProcThreadModel::Single, marks_oops_alive: false
[2054.047s][debug][gc,ref         ] GC(115) Skipped phase 3 of Reference Processing: no references
[2054.047s][debug][gc,ref         ] GC(115) ReferenceProcessor::execute queues: 1, RefProcThreadModel::Single, marks_oops_alive: false
[2054.047s][debug][gc,phases      ] GC(115) Reference Processing 0.108ms
[2054.047s][debug][gc,phases      ] GC(115)   VM Weak                        Min:  0.0, Avg:  0.0, Max:  0.0, Diff:  0.0, Sum:  0.0, Workers: 4
[2054.047s][debug][gc,phases      ] GC(115)     Dead                           Min: 0, Avg:  0.0, Max: 0, Diff: 0, Sum: 0, Workers: 4
[2054.047s][debug][gc,phases      ] GC(115)     Total                          Min: 0, Avg: 225.5, Max: 768, Diff: 768, Sum: 902, Workers: 4
[2054.047s][debug][gc,phases      ] GC(115)   ObjectSynchronizer Weak        Min:  0.0, Avg:  0.0, Max:  0.0, Diff:  0.0, Sum:  0.0, Workers: 4
[2054.047s][debug][gc,phases      ] GC(115)     Dead                           Min: 0, Avg:  0.0, Max: 0, Diff: 0, Sum: 0, Workers: 4
[2054.047s][debug][gc,phases      ] GC(115)     Total                          Min: 0, Avg:  7.8, Max: 31, Diff: 31, Sum: 31, Workers: 4
[2054.047s][debug][gc,phases      ] GC(115)   JVMTI Tag Weak OopStorage      Min:  0.0, Avg:  0.0, Max:  0.0, Diff:  0.0, Sum:  0.0, Workers: 4
[2054.047s][debug][gc,phases      ] GC(115)     Dead                           Min: 0, Avg:  0.0, Max: 0, Diff: 0, Sum: 0, Workers: 4
[2054.047s][debug][gc,phases      ] GC(115)     Total                          Min: 0, Avg:  0.0, Max: 0, Diff: 0, Sum: 0, Workers: 4
[2054.047s][debug][gc,phases      ] GC(115)   StringTable Weak               Min:  0.0, Avg:  0.1, Max:  0.1, Diff:  0.1, Sum:  0.4, Workers: 4
[2054.047s][debug][gc,phases      ] GC(115)     Dead                           Min: 0, Avg:  0.0, Max: 0, Diff: 0, Sum: 0, Workers: 4
[2054.047s][debug][gc,phases      ] GC(115)     Total                          Min: 0, Avg: 10817.8, Max: 16192, Diff: 16192, Sum: 43271, Workers: 4
[2054.047s][debug][gc,phases      ] GC(115)   ResolvedMethodTable Weak       Min:  0.0, Avg:  0.0, Max:  0.0, Diff:  0.0, Sum:  0.1, Workers: 4
[2054.047s][debug][gc,phases      ] GC(115)     Dead                           Min: 0, Avg:  0.0, Max: 0, Diff: 0, Sum: 0, Workers: 4
[2054.047s][debug][gc,phases      ] GC(115)     Total                          Min: 0, Avg: 2343.0, Max: 3392, Diff: 3392, Sum: 9372, Workers: 4
[2054.047s][debug][gc,phases      ] GC(115)   JNI Weak                       Min:  0.0, Avg:  0.0, Max:  0.0, Diff:  0.0, Sum:  0.0, Workers: 4
[2054.047s][debug][gc,phases      ] GC(115)     Dead                           Min: 0, Avg:  0.0, Max: 0, Diff: 0, Sum: 0, Workers: 4
[2054.047s][debug][gc,phases      ] GC(115)     Total                          Min: 0, Avg: 11.2, Max: 45, Diff: 45, Sum: 45, Workers: 4
[2054.047s][debug][gc,phases      ] GC(115)   StringDedup Table Weak         Min:  0.0, Avg:  0.0, Max:  0.0, Diff:  0.0, Sum:  0.0, Workers: 4
[2054.047s][debug][gc,phases      ] GC(115)     Dead                           Min: 0, Avg:  0.0, Max: 0, Diff: 0, Sum: 0, Workers: 4
[2054.047s][debug][gc,phases      ] GC(115)     Total                          Min: 0, Avg:  0.0, Max: 0, Diff: 0, Sum: 0, Workers: 4
[2054.047s][debug][gc,phases      ] GC(115)   StringDedup Requests0 Weak     Min:  0.0, Avg:  0.0, Max:  0.0, Diff:  0.0, Sum:  0.0, Workers: 4
[2054.047s][debug][gc,phases      ] GC(115)     Dead                           Min: 0, Avg:  0.0, Max: 0, Diff: 0, Sum: 0, Workers: 4
[2054.047s][debug][gc,phases      ] GC(115)     Total                          Min: 0, Avg:  0.0, Max: 0, Diff: 0, Sum: 0, Workers: 4
[2054.047s][debug][gc,phases      ] GC(115)   StringDedup Requests1 Weak     Min:  0.0, Avg:  0.0, Max:  0.0, Diff:  0.0, Sum:  0.0, Workers: 4
[2054.047s][debug][gc,phases      ] GC(115)     Dead                           Min: 0, Avg:  0.0, Max: 0, Diff: 0, Sum: 0, Workers: 4
[2054.047s][debug][gc,phases      ] GC(115)     Total                          Min: 0, Avg:  0.0, Max: 0, Diff: 0, Sum: 0, Workers: 4
[2054.047s][debug][gc,phases      ] GC(115)   Weak JFR Old Object Samples    Min:  0.0, Avg:  0.0, Max:  0.0, Diff:  0.0, Sum:  0.0, Workers: 4
[2054.047s][debug][gc,phases      ] GC(115)     Dead                           Min: 0, Avg:  0.0, Max: 0, Diff: 0, Sum: 0, Workers: 4
[2054.047s][debug][gc,phases      ] GC(115)     Total                          Min: 0, Avg:  0.0, Max: 0, Diff: 0, Sum: 0, Workers: 4
[2054.047s][debug][gc,phases      ] GC(115) Weak Processing 0.368ms
[2054.047s][debug][gc,age         ] GC(115) Desired survivor size 35651584 bytes, new threshold 15 (max threshold 15)
[2054.047s][info ][gc,heap        ] GC(115) PSYoungGen: 2028768K(2060288K)->6832K(2058240K) Eden: 2021376K(2021376K)->0K(2021376K) From: 7392K(38912K)->6832K(36864K)
[2054.047s][info ][gc,heap        ] GC(115) ParOldGen: 442310K(539136K)->442622K(539136K)
[2054.047s][info ][gc,metaspace   ] GC(115) Metaspace: 82171K(83200K)->82171K(83200K) NonClass: 70600K(71168K)->70600K(71168K) Class: 11570K(12032K)->11570K(12032K)
[2054.047s][info ][gc             ] GC(115) Pause Young (Allocation Failure) 2413M->438M(2536M) 6.649ms
[2054.047s][info ][gc,cpu         ] GC(115) User=0.02s Sys=0.00s Real=0.01s
[2054.047s][info ][safepoint      ] Safepoint "ParallelGCFailedAllocation", Time since last: 930930137 ns, Reaching safepoint: 88002 ns, At safepoint: 6736356 ns, Total: 6824358 ns
[2058.047s][info ][safepoint      ] Safepoint "Cleanup", Time since last: 4000266097 ns, Reaching safepoint: 129803 ns, At safepoint: 5300 ns, Total: 135103 ns
[2059.048s][info ][safepoint      ] Safepoint "Cleanup", Time since last: 1000116650 ns, Reaching safepoint: 118603 ns, At safepoint: 8700 ns, Total: 127303 ns
[2061.048s][info ][safepoint      ] Safepoint "Cleanup", Time since last: 2000187100 ns, Reaching safepoint: 126003 ns, At safepoint: 5900 ns, Total: 131903 ns
[2063.005s][info ][safepoint      ] Safepoint "Cleanup", Time since last: 1957210049 ns, Reaching safepoint: 129203 ns, At safepoint: 5901 ns, Total: 135104 ns
[2064.006s][info ][safepoint      ] Safepoint "Cleanup", Time since last: 1000117486 ns, Reaching safepoint: 62701 ns, At safepoint: 3400 ns, Total: 66101 ns
[2065.006s][info ][safepoint      ] Safepoint "Cleanup", Time since last: 1000116687 ns, Reaching safepoint: 132603 ns, At safepoint: 6900 ns, Total: 139503 ns
[2067.006s][info ][safepoint      ] Safepoint "Cleanup", Time since last: 2000188771 ns, Reaching safepoint: 37801 ns, At safepoint: 2900 ns, Total: 40701 ns
[2069.006s][info ][safepoint      ] Safepoint "Cleanup", Time since last: 2000192872 ns, Reaching safepoint: 47401 ns, At safepoint: 2600 ns, Total: 50001 ns
[2070.006s][info ][safepoint      ] Safepoint "Cleanup", Time since last: 1000122994 ns, Reaching safepoint: 53501 ns, At safepoint: 2800 ns, Total: 56301 ns
[2071.007s][info ][safepoint      ] Safepoint "Cleanup", Time since last: 1000118490 ns, Reaching safepoint: 50201 ns, At safepoint: 2900 ns, Total: 53101 ns
[2072.007s][info ][safepoint      ] Safepoint "Cleanup", Time since last: 1000126890 ns, Reaching safepoint: 46901 ns, At safepoint: 4000 ns, Total: 50901 ns
[2078.007s][info ][safepoint      ] Safepoint "Cleanup", Time since last: 6000420968 ns, Reaching safepoint: 56102 ns, At safepoint: 4500 ns, Total: 60602 ns
[2078.041s][info ][gc,start       ] GC(116) Pause Young (Allocation Failure)
[2078.046s][debug][gc,phases      ] GC(116) Scavenge 4.925ms
[2078.046s][debug][gc,ref         ] GC(116) Skipped phase 1 of Reference Processing: no references
[2078.046s][debug][gc,ref         ] GC(116) ReferenceProcessor::execute queues: 1, RefProcThreadModel::Single, marks_oops_alive: false
[2078.046s][debug][gc,ref         ] GC(116) Skipped phase 3 of Reference Processing: no references
[2078.046s][debug][gc,ref         ] GC(116) ReferenceProcessor::execute queues: 1, RefProcThreadModel::Single, marks_oops_alive: false
[2078.046s][debug][gc,phases      ] GC(116) Reference Processing 0.109ms
[2078.046s][debug][gc,phases      ] GC(116)   VM Weak                        Min:  0.0, Avg:  0.0, Max:  0.0, Diff:  0.0, Sum:  0.0, Workers: 4
[2078.046s][debug][gc,phases      ] GC(116)     Dead                           Min: 0, Avg:  0.0, Max: 0, Diff: 0, Sum: 0, Workers: 4
[2078.046s][debug][gc,phases      ] GC(116)     Total                          Min: 0, Avg: 225.5, Max: 704, Diff: 704, Sum: 902, Workers: 4
[2078.046s][debug][gc,phases      ] GC(116)   ObjectSynchronizer Weak        Min:  0.0, Avg:  0.0, Max:  0.0, Diff:  0.0, Sum:  0.0, Workers: 4
[2078.046s][debug][gc,phases      ] GC(116)     Dead                           Min: 0, Avg:  0.0, Max: 0, Diff: 0, Sum: 0, Workers: 4
[2078.046s][debug][gc,phases      ] GC(116)     Total                          Min: 0, Avg:  7.8, Max: 31, Diff: 31, Sum: 31, Workers: 4
[2078.046s][debug][gc,phases      ] GC(116)   JVMTI Tag Weak OopStorage      Min:  0.0, Avg:  0.0, Max:  0.0, Diff:  0.0, Sum:  0.0, Workers: 4
[2078.046s][debug][gc,phases      ] GC(116)     Dead                           Min: 0, Avg:  0.0, Max: 0, Diff: 0, Sum: 0, Workers: 4
[2078.046s][debug][gc,phases      ] GC(116)     Total                          Min: 0, Avg:  0.0, Max: 0, Diff: 0, Sum: 0, Workers: 4
[2078.046s][debug][gc,phases      ] GC(116)   StringTable Weak               Min:  0.1, Avg:  0.1, Max:  0.1, Diff:  0.0, Sum:  0.4, Workers: 4
[2078.046s][debug][gc,phases      ] GC(116)     Dead                           Min: 0, Avg:  0.0, Max: 0, Diff: 0, Sum: 0, Workers: 4
[2078.046s][debug][gc,phases      ] GC(116)     Total                          Min: 9543, Avg: 10817.8, Max: 12160, Diff: 2617, Sum: 43271, Workers: 4
[2078.046s][debug][gc,phases      ] GC(116)   ResolvedMethodTable Weak       Min:  0.0, Avg:  0.0, Max:  0.0, Diff:  0.0, Sum:  0.1, Workers: 4
[2078.046s][debug][gc,phases      ] GC(116)     Dead                           Min: 0, Avg:  0.0, Max: 0, Diff: 0, Sum: 0, Workers: 4
[2078.046s][debug][gc,phases      ] GC(116)     Total                          Min: 2176, Avg: 2343.0, Max: 2524, Diff: 348, Sum: 9372, Workers: 4
[2078.046s][debug][gc,phases      ] GC(116)   JNI Weak                       Min:  0.0, Avg:  0.0, Max:  0.0, Diff:  0.0, Sum:  0.0, Workers: 4
[2078.046s][debug][gc,phases      ] GC(116)     Dead                           Min: 0, Avg:  0.0, Max: 0, Diff: 0, Sum: 0, Workers: 4
[2078.046s][debug][gc,phases      ] GC(116)     Total                          Min: 0, Avg: 11.2, Max: 45, Diff: 45, Sum: 45, Workers: 4
[2078.046s][debug][gc,phases      ] GC(116)   StringDedup Table Weak         Min:  0.0, Avg:  0.0, Max:  0.0, Diff:  0.0, Sum:  0.0, Workers: 4
[2078.046s][debug][gc,phases      ] GC(116)     Dead                           Min: 0, Avg:  0.0, Max: 0, Diff: 0, Sum: 0, Workers: 4
[2078.046s][debug][gc,phases      ] GC(116)     Total                          Min: 0, Avg:  0.0, Max: 0, Diff: 0, Sum: 0, Workers: 4
[2078.046s][debug][gc,phases      ] GC(116)   StringDedup Requests0 Weak     Min:  0.0, Avg:  0.0, Max:  0.0, Diff:  0.0, Sum:  0.0, Workers: 4
[2078.046s][debug][gc,phases      ] GC(116)     Dead                           Min: 0, Avg:  0.0, Max: 0, Diff: 0, Sum: 0, Workers: 4
[2078.046s][debug][gc,phases      ] GC(116)     Total                          Min: 0, Avg:  0.0, Max: 0, Diff: 0, Sum: 0, Workers: 4
[2078.046s][debug][gc,phases      ] GC(116)   StringDedup Requests1 Weak     Min:  0.0, Avg:  0.0, Max:  0.0, Diff:  0.0, Sum:  0.0, Workers: 4
[2078.046s][debug][gc,phases      ] GC(116)     Dead                           Min: 0, Avg:  0.0, Max: 0, Diff: 0, Sum: 0, Workers: 4
[2078.046s][debug][gc,phases      ] GC(116)     Total                          Min: 0, Avg:  0.0, Max: 0, Diff: 0, Sum: 0, Workers: 4
[2078.046s][debug][gc,phases      ] GC(116)   Weak JFR Old Object Samples    Min:  0.0, Avg:  0.0, Max:  0.0, Diff:  0.0, Sum:  0.0, Workers: 4
[2078.046s][debug][gc,phases      ] GC(116)     Dead                           Min: 0, Avg:  0.0, Max: 0, Diff: 0, Sum: 0, Workers: 4
[2078.046s][debug][gc,phases      ] GC(116)     Total                          Min: 0, Avg:  0.0, Max: 0, Diff: 0, Sum: 0, Workers: 4
[2078.046s][debug][gc,phases      ] GC(116) Weak Processing 0.320ms
[2078.046s][debug][gc,age         ] GC(116) Desired survivor size 34078720 bytes, new threshold 15 (max threshold 15)
[2078.046s][info ][gc,heap        ] GC(116) PSYoungGen: 2028208K(2058240K)->7264K(2063872K) Eden: 2021376K(2021376K)->0K(2029056K) From: 6832K(36864K)->7264K(34816K)
[2078.046s][info ][gc,heap        ] GC(116) ParOldGen: 442622K(539136K)->443002K(539136K)
[2078.046s][info ][gc,metaspace   ] GC(116) Metaspace: 82184K(83264K)->82184K(83264K) NonClass: 70613K(71232K)->70613K(71232K) Class: 11570K(12032K)->11570K(12032K)
[2078.046s][info ][gc             ] GC(116) Pause Young (Allocation Failure) 2412M->439M(2542M) 5.499ms
[2078.046s][info ][gc,cpu         ] GC(116) User=0.02s Sys=0.00s Real=0.01s
[2078.046s][info ][safepoint      ] Safepoint "ParallelGCFailedAllocation", Time since last: 33423456 ns, Reaching safepoint: 108502 ns, At safepoint: 5583627 ns, Total: 5692129 ns
[2079.047s][info ][safepoint      ] Safepoint "Cleanup", Time since last: 1000087621 ns, Reaching safepoint: 118203 ns, At safepoint: 5500 ns, Total: 123703 ns
[2082.047s][info ][safepoint      ] Safepoint "Cleanup", Time since last: 3000243766 ns, Reaching safepoint: 110902 ns, At safepoint: 3400 ns, Total: 114302 ns
[2084.047s][info ][safepoint      ] Safepoint "Cleanup", Time since last: 2000196045 ns, Reaching safepoint: 144703 ns, At safepoint: 6200 ns, Total: 150903 ns
[2085.048s][info ][safepoint      ] Safepoint "Cleanup", Time since last: 1000116923 ns, Reaching safepoint: 149403 ns, At safepoint: 5400 ns, Total: 154803 ns
[2086.048s][info ][safepoint      ] Safepoint "Cleanup", Time since last: 1000151737 ns, Reaching safepoint: 127603 ns, At safepoint: 6800 ns, Total: 134403 ns
[2088.048s][info ][safepoint      ] Safepoint "Cleanup", Time since last: 2000197193 ns, Reaching safepoint: 125603 ns, At safepoint: 5800 ns, Total: 131403 ns
[2091.049s][info ][safepoint      ] Safepoint "Cleanup", Time since last: 3000247888 ns, Reaching safepoint: 118903 ns, At safepoint: 5800 ns, Total: 124703 ns
[2098.049s][info ][safepoint      ] Safepoint "Cleanup", Time since last: 7000555268 ns, Reaching safepoint: 121203 ns, At safepoint: 7400 ns, Total: 128603 ns
[2099.049s][info ][safepoint      ] Safepoint "Cleanup", Time since last: 1000120413 ns, Reaching safepoint: 122603 ns, At safepoint: 4500 ns, Total: 127103 ns
[2101.440s][info ][gc,start       ] GC(117) Pause Young (Allocation Failure)
[2101.447s][debug][gc,phases      ] GC(117) Scavenge 6.819ms
[2101.447s][debug][gc,ref         ] GC(117) Skipped phase 1 of Reference Processing: no references
[2101.447s][debug][gc,ref         ] GC(117) ReferenceProcessor::execute queues: 1, RefProcThreadModel::Single, marks_oops_alive: false
[2101.447s][debug][gc,ref         ] GC(117) Skipped phase 3 of Reference Processing: no references
[2101.447s][debug][gc,ref         ] GC(117) ReferenceProcessor::execute queues: 1, RefProcThreadModel::Single, marks_oops_alive: false
[2101.447s][debug][gc,phases      ] GC(117) Reference Processing 0.127ms
[2101.447s][debug][gc,phases      ] GC(117)   VM Weak                        Min:  0.0, Avg:  0.0, Max:  0.0, Diff:  0.0, Sum:  0.0, Workers: 4
[2101.447s][debug][gc,phases      ] GC(117)     Dead                           Min: 0, Avg:  0.0, Max: 0, Diff: 0, Sum: 0, Workers: 4
[2101.447s][debug][gc,phases      ] GC(117)     Total                          Min: 0, Avg: 225.5, Max: 582, Diff: 582, Sum: 902, Workers: 4
[2101.447s][debug][gc,phases      ] GC(117)   ObjectSynchronizer Weak        Min:  0.0, Avg:  0.0, Max:  0.0, Diff:  0.0, Sum:  0.0, Workers: 4
[2101.447s][debug][gc,phases      ] GC(117)     Dead                           Min: 0, Avg:  0.0, Max: 0, Diff: 0, Sum: 0, Workers: 4
[2101.447s][debug][gc,phases      ] GC(117)     Total                          Min: 0, Avg:  7.8, Max: 31, Diff: 31, Sum: 31, Workers: 4
[2101.447s][debug][gc,phases      ] GC(117)   JVMTI Tag Weak OopStorage      Min:  0.0, Avg:  0.0, Max:  0.0, Diff:  0.0, Sum:  0.0, Workers: 4
[2101.447s][debug][gc,phases      ] GC(117)     Dead                           Min: 0, Avg:  0.0, Max: 0, Diff: 0, Sum: 0, Workers: 4
[2101.447s][debug][gc,phases      ] GC(117)     Total                          Min: 0, Avg:  0.0, Max: 0, Diff: 0, Sum: 0, Workers: 4
[2101.447s][debug][gc,phases      ] GC(117)   StringTable Weak               Min:  0.0, Avg:  0.1, Max:  0.1, Diff:  0.1, Sum:  0.4, Workers: 4
[2101.447s][debug][gc,phases      ] GC(117)     Dead                           Min: 0, Avg:  0.0, Max: 0, Diff: 0, Sum: 0, Workers: 4
[2101.447s][debug][gc,phases      ] GC(117)     Total                          Min: 0, Avg: 10817.8, Max: 14592, Diff: 14592, Sum: 43271, Workers: 4
[2101.447s][debug][gc,phases      ] GC(117)   ResolvedMethodTable Weak       Min:  0.0, Avg:  0.0, Max:  0.0, Diff:  0.0, Sum:  0.1, Workers: 4
[2101.447s][debug][gc,phases      ] GC(117)     Dead                           Min: 0, Avg:  0.0, Max: 0, Diff: 0, Sum: 0, Workers: 4
[2101.447s][debug][gc,phases      ] GC(117)     Total                          Min: 0, Avg: 2343.0, Max: 3356, Diff: 3356, Sum: 9372, Workers: 4
[2101.447s][debug][gc,phases      ] GC(117)   JNI Weak                       Min:  0.0, Avg:  0.0, Max:  0.0, Diff:  0.0, Sum:  0.0, Workers: 4
[2101.447s][debug][gc,phases      ] GC(117)     Dead                           Min: 0, Avg:  0.0, Max: 0, Diff: 0, Sum: 0, Workers: 4
[2101.447s][debug][gc,phases      ] GC(117)     Total                          Min: 0, Avg: 11.2, Max: 45, Diff: 45, Sum: 45, Workers: 4
[2101.447s][debug][gc,phases      ] GC(117)   StringDedup Table Weak         Min:  0.0, Avg:  0.0, Max:  0.0, Diff:  0.0, Sum:  0.0, Workers: 4
[2101.447s][debug][gc,phases      ] GC(117)     Dead                           Min: 0, Avg:  0.0, Max: 0, Diff: 0, Sum: 0, Workers: 4
[2101.447s][debug][gc,phases      ] GC(117)     Total                          Min: 0, Avg:  0.0, Max: 0, Diff: 0, Sum: 0, Workers: 4
[2101.447s][debug][gc,phases      ] GC(117)   StringDedup Requests0 Weak     Min:  0.0, Avg:  0.0, Max:  0.0, Diff:  0.0, Sum:  0.0, Workers: 4
[2101.447s][debug][gc,phases      ] GC(117)     Dead                           Min: 0, Avg:  0.0, Max: 0, Diff: 0, Sum: 0, Workers: 4
[2101.447s][debug][gc,phases      ] GC(117)     Total                          Min: 0, Avg:  0.0, Max: 0, Diff: 0, Sum: 0, Workers: 4
[2101.447s][debug][gc,phases      ] GC(117)   StringDedup Requests1 Weak     Min:  0.0, Avg:  0.0, Max:  0.0, Diff:  0.0, Sum:  0.0, Workers: 4
[2101.448s][debug][gc,phases      ] GC(117)     Dead                           Min: 0, Avg:  0.0, Max: 0, Diff: 0, Sum: 0, Workers: 4
[2101.448s][debug][gc,phases      ] GC(117)     Total                          Min: 0, Avg:  0.0, Max: 0, Diff: 0, Sum: 0, Workers: 4
[2101.448s][debug][gc,phases      ] GC(117)   Weak JFR Old Object Samples    Min:  0.0, Avg:  0.0, Max:  0.0, Diff:  0.0, Sum:  0.0, Workers: 4
[2101.448s][debug][gc,phases      ] GC(117)     Dead                           Min: 0, Avg:  0.0, Max: 0, Diff: 0, Sum: 0, Workers: 4
[2101.448s][debug][gc,phases      ] GC(117)     Total                          Min: 0, Avg:  0.0, Max: 0, Diff: 0, Sum: 0, Workers: 4
[2101.448s][debug][gc,phases      ] GC(117) Weak Processing 0.341ms
[2101.448s][debug][gc,age         ] GC(117) Desired survivor size 31981568 bytes, new threshold 15 (max threshold 15)
[2101.448s][info ][gc,heap        ] GC(117) PSYoungGen: 2036320K(2063872K)->7440K(2062336K) Eden: 2029056K(2029056K)->0K(2029056K) From: 7264K(34816K)->7440K(33280K)
[2101.448s][info ][gc,heap        ] GC(117) ParOldGen: 443002K(539136K)->443042K(539136K)
[2101.448s][info ][gc,metaspace   ] GC(117) Metaspace: 82194K(83264K)->82194K(83264K) NonClass: 70623K(71232K)->70623K(71232K) Class: 11570K(12032K)->11570K(12032K)
[2101.448s][info ][gc             ] GC(117) Pause Young (Allocation Failure) 2421M->439M(2540M) 7.416ms
[2101.448s][info ][gc,cpu         ] GC(117) User=0.02s Sys=0.00s Real=0.01s
[2101.448s][info ][safepoint      ] Safepoint "ParallelGCFailedAllocation", Time since last: 2390542106 ns, Reaching safepoint: 118003 ns, At safepoint: 7495272 ns, Total: 7613275 ns
[2109.448s][info ][safepoint      ] Safepoint "Cleanup", Time since last: 8000530258 ns, Reaching safepoint: 117503 ns, At safepoint: 6600 ns, Total: 124103 ns
[2116.449s][info ][safepoint      ] Safepoint "Cleanup", Time since last: 7000593612 ns, Reaching safepoint: 119302 ns, At safepoint: 6001 ns, Total: 125303 ns
[2118.449s][info ][safepoint      ] Safepoint "Cleanup", Time since last: 2000157182 ns, Reaching safepoint: 115803 ns, At safepoint: 5500 ns, Total: 121303 ns
[2120.449s][info ][safepoint      ] Safepoint "Cleanup", Time since last: 2000150889 ns, Reaching safepoint: 44901 ns, At safepoint: 8000 ns, Total: 52901 ns
[2122.540s][info ][gc,start       ] GC(118) Pause Young (Allocation Failure)
[2122.545s][debug][gc,phases      ] GC(118) Scavenge 4.877ms
[2122.545s][debug][gc,ref         ] GC(118) Skipped phase 1 of Reference Processing: no references
[2122.545s][debug][gc,ref         ] GC(118) ReferenceProcessor::execute queues: 1, RefProcThreadModel::Single, marks_oops_alive: false
[2122.545s][debug][gc,ref         ] GC(118) Skipped phase 3 of Reference Processing: no references
[2122.545s][debug][gc,ref         ] GC(118) ReferenceProcessor::execute queues: 1, RefProcThreadModel::Single, marks_oops_alive: false
[2122.545s][debug][gc,phases      ] GC(118) Reference Processing 0.117ms
[2122.546s][debug][gc,phases      ] GC(118)   VM Weak                        Min:  0.0, Avg:  0.0, Max:  0.0, Diff:  0.0, Sum:  0.0, Workers: 4
[2122.546s][debug][gc,phases      ] GC(118)     Dead                           Min: 0, Avg:  0.0, Max: 0, Diff: 0, Sum: 0, Workers: 4
[2122.546s][debug][gc,phases      ] GC(118)     Total                          Min: 0, Avg: 225.5, Max: 512, Diff: 512, Sum: 902, Workers: 4
[2122.546s][debug][gc,phases      ] GC(118)   ObjectSynchronizer Weak        Min:  0.0, Avg:  0.0, Max:  0.0, Diff:  0.0, Sum:  0.0, Workers: 4
[2122.546s][debug][gc,phases      ] GC(118)     Dead                           Min: 0, Avg:  0.0, Max: 0, Diff: 0, Sum: 0, Workers: 4
[2122.546s][debug][gc,phases      ] GC(118)     Total                          Min: 0, Avg:  7.8, Max: 31, Diff: 31, Sum: 31, Workers: 4
[2122.546s][debug][gc,phases      ] GC(118)   JVMTI Tag Weak OopStorage      Min:  0.0, Avg:  0.0, Max:  0.0, Diff:  0.0, Sum:  0.0, Workers: 4
[2122.546s][debug][gc,phases      ] GC(118)     Dead                           Min: 0, Avg:  0.0, Max: 0, Diff: 0, Sum: 0, Workers: 4
[2122.546s][debug][gc,phases      ] GC(118)     Total                          Min: 0, Avg:  0.0, Max: 0, Diff: 0, Sum: 0, Workers: 4
[2122.546s][debug][gc,phases      ] GC(118)   StringTable Weak               Min:  0.0, Avg:  0.1, Max:  0.1, Diff:  0.1, Sum:  0.4, Workers: 4
[2122.546s][debug][gc,phases      ] GC(118)     Dead                           Min: 0, Avg:  0.0, Max: 0, Diff: 0, Sum: 0, Workers: 4
[2122.546s][debug][gc,phases      ] GC(118)     Total                          Min: 0, Avg: 10818.2, Max: 15552, Diff: 15552, Sum: 43273, Workers: 4
[2122.546s][debug][gc,phases      ] GC(118)   ResolvedMethodTable Weak       Min:  0.0, Avg:  0.0, Max:  0.0, Diff:  0.0, Sum:  0.1, Workers: 4
[2122.546s][debug][gc,phases      ] GC(118)     Dead                           Min: 0, Avg:  0.0, Max: 0, Diff: 0, Sum: 0, Workers: 4
[2122.546s][debug][gc,phases      ] GC(118)     Total                          Min: 0, Avg: 2343.0, Max: 3328, Diff: 3328, Sum: 9372, Workers: 4
[2122.546s][debug][gc,phases      ] GC(118)   JNI Weak                       Min:  0.0, Avg:  0.0, Max:  0.0, Diff:  0.0, Sum:  0.0, Workers: 4
[2122.546s][debug][gc,phases      ] GC(118)     Dead                           Min: 0, Avg:  0.0, Max: 0, Diff: 0, Sum: 0, Workers: 4
[2122.546s][debug][gc,phases      ] GC(118)     Total                          Min: 0, Avg: 11.2, Max: 45, Diff: 45, Sum: 45, Workers: 4
[2122.546s][debug][gc,phases      ] GC(118)   StringDedup Table Weak         Min:  0.0, Avg:  0.0, Max:  0.0, Diff:  0.0, Sum:  0.0, Workers: 4
[2122.546s][debug][gc,phases      ] GC(118)     Dead                           Min: 0, Avg:  0.0, Max: 0, Diff: 0, Sum: 0, Workers: 4
[2122.546s][debug][gc,phases      ] GC(118)     Total                          Min: 0, Avg:  0.0, Max: 0, Diff: 0, Sum: 0, Workers: 4
[2122.546s][debug][gc,phases      ] GC(118)   StringDedup Requests0 Weak     Min:  0.0, Avg:  0.0, Max:  0.0, Diff:  0.0, Sum:  0.0, Workers: 4
[2122.546s][debug][gc,phases      ] GC(118)     Dead                           Min: 0, Avg:  0.0, Max: 0, Diff: 0, Sum: 0, Workers: 4
[2122.546s][debug][gc,phases      ] GC(118)     Total                          Min: 0, Avg:  0.0, Max: 0, Diff: 0, Sum: 0, Workers: 4
[2122.546s][debug][gc,phases      ] GC(118)   StringDedup Requests1 Weak     Min:  0.0, Avg:  0.0, Max:  0.0, Diff:  0.0, Sum:  0.0, Workers: 4
[2122.546s][debug][gc,phases      ] GC(118)     Dead                           Min: 0, Avg:  0.0, Max: 0, Diff: 0, Sum: 0, Workers: 4
[2122.546s][debug][gc,phases      ] GC(118)     Total                          Min: 0, Avg:  0.0, Max: 0, Diff: 0, Sum: 0, Workers: 4
[2122.546s][debug][gc,phases      ] GC(118)   Weak JFR Old Object Samples    Min:  0.0, Avg:  0.0, Max:  0.0, Diff:  0.0, Sum:  0.0, Workers: 4
[2122.546s][debug][gc,phases      ] GC(118)     Dead                           Min: 0, Avg:  0.0, Max: 0, Diff: 0, Sum: 0, Workers: 4
[2122.546s][debug][gc,phases      ] GC(118)     Total                          Min: 0, Avg:  0.0, Max: 0, Diff: 0, Sum: 0, Workers: 4
[2122.546s][debug][gc,phases      ] GC(118) Weak Processing 0.584ms
[2122.546s][debug][gc,age         ] GC(118) Desired survivor size 30408704 bytes, new threshold 15 (max threshold 15)
[2122.546s][info ][gc,heap        ] GC(118) PSYoungGen: 2036496K(2062336K)->7760K(2067456K) Eden: 2029056K(2029056K)->0K(2036224K) From: 7440K(33280K)->7760K(31232K)
[2122.546s][info ][gc,heap        ] GC(118) ParOldGen: 443042K(539136K)->443114K(539136K)
[2122.546s][info ][gc,metaspace   ] GC(118) Metaspace: 82212K(83264K)->82212K(83264K) NonClass: 70641K(71232K)->70641K(71232K) Class: 11570K(12032K)->11570K(12032K)
[2122.546s][info ][gc             ] GC(118) Pause Young (Allocation Failure) 2421M->440M(2545M) 5.721ms
[2122.546s][info ][gc,cpu         ] GC(118) User=0.02s Sys=0.00s Real=0.01s
[2122.546s][info ][safepoint      ] Safepoint "ParallelGCFailedAllocation", Time since last: 2090749345 ns, Reaching safepoint: 113203 ns, At safepoint: 5805732 ns, Total: 5918935 ns
[2124.546s][info ][safepoint      ] Safepoint "Cleanup", Time since last: 2000152989 ns, Reaching safepoint: 109902 ns, At safepoint: 9601 ns, Total: 119503 ns
[2126.547s][info ][safepoint      ] Safepoint "Cleanup", Time since last: 2000199590 ns, Reaching safepoint: 121102 ns, At safepoint: 7001 ns, Total: 128103 ns
[2133.547s][info ][safepoint      ] Safepoint "Cleanup", Time since last: 7000583961 ns, Reaching safepoint: 129503 ns, At safepoint: 6100 ns, Total: 135603 ns
[2134.548s][info ][safepoint      ] Safepoint "Cleanup", Time since last: 1000123371 ns, Reaching safepoint: 125203 ns, At safepoint: 5000 ns, Total: 130203 ns
[2139.548s][info ][safepoint      ] Safepoint "Cleanup", Time since last: 5000487424 ns, Reaching safepoint: 118702 ns, At safepoint: 7501 ns, Total: 126203 ns
[2140.549s][info ][safepoint      ] Safepoint "Cleanup", Time since last: 1000118485 ns, Reaching safepoint: 127303 ns, At safepoint: 6700 ns, Total: 134003 ns
[2142.549s][info ][safepoint      ] Safepoint "Cleanup", Time since last: 2000187566 ns, Reaching safepoint: 121003 ns, At safepoint: 7300 ns, Total: 128303 ns
[2144.259s][info ][safepoint      ] Safepoint "ParallelGCFailedAllocation", Time since last: 1709649802 ns, Reaching safepoint: 33501 ns, At safepoint: 10100 ns, Total: 43601 ns
[2144.260s][info ][gc,start       ] GC(119) Pause Young (GCLocker Initiated GC)
[2144.267s][debug][gc,phases      ] GC(119) Scavenge 6.444ms
[2144.267s][debug][gc,ref         ] GC(119) Skipped phase 1 of Reference Processing: no references
[2144.267s][debug][gc,ref         ] GC(119) ReferenceProcessor::execute queues: 1, RefProcThreadModel::Single, marks_oops_alive: false
[2144.267s][debug][gc,ref         ] GC(119) Skipped phase 3 of Reference Processing: no references
[2144.267s][debug][gc,ref         ] GC(119) ReferenceProcessor::execute queues: 1, RefProcThreadModel::Single, marks_oops_alive: false
[2144.267s][debug][gc,phases      ] GC(119) Reference Processing 0.111ms
[2144.267s][debug][gc,phases      ] GC(119)   VM Weak                        Min:  0.0, Avg:  0.0, Max:  0.0, Diff:  0.0, Sum:  0.0, Workers: 4
[2144.267s][debug][gc,phases      ] GC(119)     Dead                           Min: 0, Avg:  0.0, Max: 0, Diff: 0, Sum: 0, Workers: 4
[2144.267s][debug][gc,phases      ] GC(119)     Total                          Min: 0, Avg: 225.5, Max: 582, Diff: 582, Sum: 902, Workers: 4
[2144.267s][debug][gc,phases      ] GC(119)   ObjectSynchronizer Weak        Min:  0.0, Avg:  0.0, Max:  0.0, Diff:  0.0, Sum:  0.0, Workers: 4
[2144.267s][debug][gc,phases      ] GC(119)     Dead                           Min: 0, Avg:  0.0, Max: 0, Diff: 0, Sum: 0, Workers: 4
[2144.267s][debug][gc,phases      ] GC(119)     Total                          Min: 0, Avg:  7.8, Max: 31, Diff: 31, Sum: 31, Workers: 4
[2144.267s][debug][gc,phases      ] GC(119)   JVMTI Tag Weak OopStorage      Min:  0.0, Avg:  0.0, Max:  0.0, Diff:  0.0, Sum:  0.0, Workers: 4
[2144.267s][debug][gc,phases      ] GC(119)     Dead                           Min: 0, Avg:  0.0, Max: 0, Diff: 0, Sum: 0, Workers: 4
[2144.267s][debug][gc,phases      ] GC(119)     Total                          Min: 0, Avg:  0.0, Max: 0, Diff: 0, Sum: 0, Workers: 4
[2144.267s][debug][gc,phases      ] GC(119)   StringTable Weak               Min:  0.0, Avg:  0.1, Max:  0.1, Diff:  0.1, Sum:  0.4, Workers: 4
[2144.267s][debug][gc,phases      ] GC(119)     Dead                           Min: 0, Avg:  0.0, Max: 0, Diff: 0, Sum: 0, Workers: 4
[2144.267s][debug][gc,phases      ] GC(119)     Total                          Min: 0, Avg: 10818.8, Max: 16000, Diff: 16000, Sum: 43275, Workers: 4
[2144.267s][debug][gc,phases      ] GC(119)   ResolvedMethodTable Weak       Min:  0.0, Avg:  0.0, Max:  0.0, Diff:  0.0, Sum:  0.1, Workers: 4
[2144.267s][debug][gc,phases      ] GC(119)     Dead                           Min: 0, Avg:  0.0, Max: 0, Diff: 0, Sum: 0, Workers: 4
[2144.267s][debug][gc,phases      ] GC(119)     Total                          Min: 0, Avg: 2343.0, Max: 3548, Diff: 3548, Sum: 9372, Workers: 4
[2144.267s][debug][gc,phases      ] GC(119)   JNI Weak                       Min:  0.0, Avg:  0.0, Max:  0.0, Diff:  0.0, Sum:  0.0, Workers: 4
[2144.267s][debug][gc,phases      ] GC(119)     Dead                           Min: 0, Avg:  0.0, Max: 0, Diff: 0, Sum: 0, Workers: 4
[2144.267s][debug][gc,phases      ] GC(119)     Total                          Min: 0, Avg: 11.2, Max: 45, Diff: 45, Sum: 45, Workers: 4
[2144.267s][debug][gc,phases      ] GC(119)   StringDedup Table Weak         Min:  0.0, Avg:  0.0, Max:  0.0, Diff:  0.0, Sum:  0.0, Workers: 4
[2144.267s][debug][gc,phases      ] GC(119)     Dead                           Min: 0, Avg:  0.0, Max: 0, Diff: 0, Sum: 0, Workers: 4
[2144.267s][debug][gc,phases      ] GC(119)     Total                          Min: 0, Avg:  0.0, Max: 0, Diff: 0, Sum: 0, Workers: 4
[2144.267s][debug][gc,phases      ] GC(119)   StringDedup Requests0 Weak     Min:  0.0, Avg:  0.0, Max:  0.0, Diff:  0.0, Sum:  0.0, Workers: 4
[2144.267s][debug][gc,phases      ] GC(119)     Dead                           Min: 0, Avg:  0.0, Max: 0, Diff: 0, Sum: 0, Workers: 4
[2144.267s][debug][gc,phases      ] GC(119)     Total                          Min: 0, Avg:  0.0, Max: 0, Diff: 0, Sum: 0, Workers: 4
[2144.267s][debug][gc,phases      ] GC(119)   StringDedup Requests1 Weak     Min:  0.0, Avg:  0.0, Max:  0.0, Diff:  0.0, Sum:  0.0, Workers: 4
[2144.267s][debug][gc,phases      ] GC(119)     Dead                           Min: 0, Avg:  0.0, Max: 0, Diff: 0, Sum: 0, Workers: 4
[2144.267s][debug][gc,phases      ] GC(119)     Total                          Min: 0, Avg:  0.0, Max: 0, Diff: 0, Sum: 0, Workers: 4
[2144.267s][debug][gc,phases      ] GC(119)   Weak JFR Old Object Samples    Min:  0.0, Avg:  0.0, Max:  0.0, Diff:  0.0, Sum:  0.0, Workers: 4
[2144.267s][debug][gc,phases      ] GC(119)     Dead                           Min: 0, Avg:  0.0, Max: 0, Diff: 0, Sum: 0, Workers: 4
[2144.267s][debug][gc,phases      ] GC(119)     Total                          Min: 0, Avg:  0.0, Max: 0, Diff: 0, Sum: 0, Workers: 4
[2144.267s][debug][gc,phases      ] GC(119) Weak Processing 0.367ms
[2144.267s][debug][gc,age         ] GC(119) Desired survivor size 28835840 bytes, new threshold 15 (max threshold 15)
[2144.267s][info ][gc,heap        ] GC(119) PSYoungGen: 2043984K(2067456K)->8508K(2065920K) Eden: 2036224K(2036224K)->0K(2036224K) From: 7760K(31232K)->8508K(29696K)
[2144.267s][info ][gc,heap        ] GC(119) ParOldGen: 443150K(539136K)->443198K(539136K)
[2144.267s][info ][gc,metaspace   ] GC(119) Metaspace: 82225K(83264K)->82225K(83264K) NonClass: 70654K(71232K)->70654K(71232K) Class: 11570K(12032K)->11570K(12032K)
[2144.267s][info ][gc             ] GC(119) Pause Young (GCLocker Initiated GC) 2428M->441M(2544M) 7.051ms
[2144.267s][info ][gc,cpu         ] GC(119) User=0.02s Sys=0.00s Real=0.01s
[2144.267s][info ][safepoint      ] Safepoint "ParallelGCSystemGC", Time since last: 1469732 ns, Reaching safepoint: 107503 ns, At safepoint: 7124156 ns, Total: 7231659 ns
[2145.267s][info ][safepoint      ] Safepoint "Cleanup", Time since last: 1000055237 ns, Reaching safepoint: 60801 ns, At safepoint: 3000 ns, Total: 63801 ns
[2147.268s][info ][safepoint      ] Safepoint "Cleanup", Time since last: 2000200775 ns, Reaching safepoint: 52902 ns, At safepoint: 4000 ns, Total: 56902 ns
[2149.268s][info ][safepoint      ] Safepoint "Cleanup", Time since last: 2000186775 ns, Reaching safepoint: 49401 ns, At safepoint: 3600 ns, Total: 53001 ns
[2156.268s][info ][safepoint      ] Safepoint "Cleanup", Time since last: 7000520742 ns, Reaching safepoint: 61802 ns, At safepoint: 3600 ns, Total: 65402 ns
[2159.269s][info ][safepoint      ] Safepoint "Cleanup", Time since last: 3000233339 ns, Reaching safepoint: 46001 ns, At safepoint: 5700 ns, Total: 51701 ns
[2162.942s][info ][gc,start       ] GC(120) Pause Young (Allocation Failure)
[2162.947s][debug][gc,phases      ] GC(120) Scavenge 5.590ms
[2162.947s][debug][gc,ref         ] GC(120) Skipped phase 1 of Reference Processing: no references
[2162.947s][debug][gc,ref         ] GC(120) ReferenceProcessor::execute queues: 1, RefProcThreadModel::Single, marks_oops_alive: false
[2162.947s][debug][gc,ref         ] GC(120) Skipped phase 3 of Reference Processing: no references
[2162.947s][debug][gc,ref         ] GC(120) ReferenceProcessor::execute queues: 1, RefProcThreadModel::Single, marks_oops_alive: false
[2162.947s][debug][gc,phases      ] GC(120) Reference Processing 0.126ms
[2162.948s][debug][gc,phases      ] GC(120)   VM Weak                        Min:  0.0, Avg:  0.0, Max:  0.0, Diff:  0.0, Sum:  0.0, Workers: 4
[2162.948s][debug][gc,phases      ] GC(120)     Dead                           Min: 0, Avg:  0.0, Max: 0, Diff: 0, Sum: 0, Workers: 4
[2162.948s][debug][gc,phases      ] GC(120)     Total                          Min: 0, Avg: 225.5, Max: 582, Diff: 582, Sum: 902, Workers: 4
[2162.948s][debug][gc,phases      ] GC(120)   ObjectSynchronizer Weak        Min:  0.0, Avg:  0.0, Max:  0.0, Diff:  0.0, Sum:  0.0, Workers: 4
[2162.948s][debug][gc,phases      ] GC(120)     Dead                           Min: 0, Avg:  0.0, Max: 0, Diff: 0, Sum: 0, Workers: 4
[2162.948s][debug][gc,phases      ] GC(120)     Total                          Min: 0, Avg:  7.8, Max: 31, Diff: 31, Sum: 31, Workers: 4
[2162.948s][debug][gc,phases      ] GC(120)   JVMTI Tag Weak OopStorage      Min:  0.0, Avg:  0.0, Max:  0.0, Diff:  0.0, Sum:  0.0, Workers: 4
[2162.948s][debug][gc,phases      ] GC(120)     Dead                           Min: 0, Avg:  0.0, Max: 0, Diff: 0, Sum: 0, Workers: 4
[2162.948s][debug][gc,phases      ] GC(120)     Total                          Min: 0, Avg:  0.0, Max: 0, Diff: 0, Sum: 0, Workers: 4
[2162.948s][debug][gc,phases      ] GC(120)   StringTable Weak               Min:  0.0, Avg:  0.1, Max:  0.1, Diff:  0.1, Sum:  0.4, Workers: 4
[2162.948s][debug][gc,phases      ] GC(120)     Dead                           Min: 0, Avg:  0.0, Max: 0, Diff: 0, Sum: 0, Workers: 4
[2162.948s][debug][gc,phases      ] GC(120)     Total                          Min: 0, Avg: 10818.8, Max: 15371, Diff: 15371, Sum: 43275, Workers: 4
[2162.948s][debug][gc,phases      ] GC(120)   ResolvedMethodTable Weak       Min:  0.0, Avg:  0.0, Max:  0.0, Diff:  0.0, Sum:  0.1, Workers: 4
[2162.948s][debug][gc,phases      ] GC(120)     Dead                           Min: 0, Avg:  0.0, Max: 0, Diff: 0, Sum: 0, Workers: 4
[2162.948s][debug][gc,phases      ] GC(120)     Total                          Min: 0, Avg: 2343.0, Max: 3328, Diff: 3328, Sum: 9372, Workers: 4
[2162.948s][debug][gc,phases      ] GC(120)   JNI Weak                       Min:  0.0, Avg:  0.0, Max:  0.0, Diff:  0.0, Sum:  0.0, Workers: 4
[2162.948s][debug][gc,phases      ] GC(120)     Dead                           Min: 0, Avg:  0.0, Max: 0, Diff: 0, Sum: 0, Workers: 4
[2162.948s][debug][gc,phases      ] GC(120)     Total                          Min: 0, Avg: 11.2, Max: 45, Diff: 45, Sum: 45, Workers: 4
[2162.948s][debug][gc,phases      ] GC(120)   StringDedup Table Weak         Min:  0.0, Avg:  0.0, Max:  0.0, Diff:  0.0, Sum:  0.0, Workers: 4
[2162.948s][debug][gc,phases      ] GC(120)     Dead                           Min: 0, Avg:  0.0, Max: 0, Diff: 0, Sum: 0, Workers: 4
[2162.948s][debug][gc,phases      ] GC(120)     Total                          Min: 0, Avg:  0.0, Max: 0, Diff: 0, Sum: 0, Workers: 4
[2162.948s][debug][gc,phases      ] GC(120)   StringDedup Requests0 Weak     Min:  0.0, Avg:  0.0, Max:  0.0, Diff:  0.0, Sum:  0.0, Workers: 4
[2162.948s][debug][gc,phases      ] GC(120)     Dead                           Min: 0, Avg:  0.0, Max: 0, Diff: 0, Sum: 0, Workers: 4
[2162.948s][debug][gc,phases      ] GC(120)     Total                          Min: 0, Avg:  0.0, Max: 0, Diff: 0, Sum: 0, Workers: 4
[2162.948s][debug][gc,phases      ] GC(120)   StringDedup Requests1 Weak     Min:  0.0, Avg:  0.0, Max:  0.0, Diff:  0.0, Sum:  0.0, Workers: 4
[2162.948s][debug][gc,phases      ] GC(120)     Dead                           Min: 0, Avg:  0.0, Max: 0, Diff: 0, Sum: 0, Workers: 4
[2162.948s][debug][gc,phases      ] GC(120)     Total                          Min: 0, Avg:  0.0, Max: 0, Diff: 0, Sum: 0, Workers: 4
[2162.948s][debug][gc,phases      ] GC(120)   Weak JFR Old Object Samples    Min:  0.0, Avg:  0.0, Max:  0.0, Diff:  0.0, Sum:  0.0, Workers: 4
[2162.948s][debug][gc,phases      ] GC(120)     Dead                           Min: 0, Avg:  0.0, Max: 0, Diff: 0, Sum: 0, Workers: 4
[2162.948s][debug][gc,phases      ] GC(120)     Total                          Min: 0, Avg:  0.0, Max: 0, Diff: 0, Sum: 0, Workers: 4
[2162.948s][debug][gc,phases      ] GC(120) Weak Processing 0.389ms
[2162.948s][debug][gc,age         ] GC(120) Desired survivor size 27262976 bytes, new threshold 15 (max threshold 15)
[2162.948s][info ][gc,heap        ] GC(120) PSYoungGen: 2044732K(2065920K)->7792K(2070528K) Eden: 2036224K(2036224K)->0K(2042368K) From: 8508K(29696K)->7792K(28160K)
[2162.948s][info ][gc,heap        ] GC(120) ParOldGen: 443199K(539136K)->443271K(539136K)
[2162.948s][info ][gc,metaspace   ] GC(120) Metaspace: 82226K(83264K)->82226K(83264K) NonClass: 70655K(71232K)->70655K(71232K) Class: 11570K(12032K)->11570K(12032K)
[2162.948s][info ][gc             ] GC(120) Pause Young (Allocation Failure) 2429M->440M(2548M) 6.250ms
[2162.948s][info ][gc,cpu         ] GC(120) User=0.02s Sys=0.00s Real=0.01s
[2162.948s][info ][safepoint      ] Safepoint "ParallelGCFailedAllocation", Time since last: 3672718409 ns, Reaching safepoint: 108902 ns, At safepoint: 6331240 ns, Total: 6440142 ns
[2179.950s][info ][safepoint      ] Safepoint "Cleanup", Time since last: 17002174369 ns, Reaching safepoint: 139303 ns, At safepoint: 41101 ns, Total: 180404 ns
[2181.110s][info ][safepoint      ] Safepoint "Cleanup", Time since last: 1159211160 ns, Reaching safepoint: 84502 ns, At safepoint: 3200 ns, Total: 87702 ns
[2182.110s][info ][safepoint      ] Safepoint "Cleanup", Time since last: 1000114720 ns, Reaching safepoint: 54502 ns, At safepoint: 3000 ns, Total: 57502 ns
[2182.492s][info ][gc,start       ] GC(121) Pause Young (Allocation Failure)
[2182.499s][debug][gc,phases      ] GC(121) Scavenge 6.829ms
[2182.499s][debug][gc,ref         ] GC(121) Skipped phase 1 of Reference Processing: no references
[2182.499s][debug][gc,ref         ] GC(121) ReferenceProcessor::execute queues: 1, RefProcThreadModel::Single, marks_oops_alive: false
[2182.499s][debug][gc,ref         ] GC(121) Skipped phase 3 of Reference Processing: no references
[2182.499s][debug][gc,ref         ] GC(121) ReferenceProcessor::execute queues: 1, RefProcThreadModel::Single, marks_oops_alive: false
[2182.499s][debug][gc,phases      ] GC(121) Reference Processing 0.120ms
[2182.499s][debug][gc,phases      ] GC(121)   VM Weak                        Min:  0.0, Avg:  0.0, Max:  0.0, Diff:  0.0, Sum:  0.0, Workers: 4
[2182.499s][debug][gc,phases      ] GC(121)     Dead                           Min: 0, Avg:  0.0, Max: 0, Diff: 0, Sum: 0, Workers: 4
[2182.499s][debug][gc,phases      ] GC(121)     Total                          Min: 0, Avg: 225.5, Max: 454, Diff: 454, Sum: 902, Workers: 4
[2182.499s][debug][gc,phases      ] GC(121)   ObjectSynchronizer Weak        Min:  0.0, Avg:  0.0, Max:  0.0, Diff:  0.0, Sum:  0.0, Workers: 4
[2182.499s][debug][gc,phases      ] GC(121)     Dead                           Min: 0, Avg:  0.0, Max: 0, Diff: 0, Sum: 0, Workers: 4
[2182.499s][debug][gc,phases      ] GC(121)     Total                          Min: 0, Avg:  7.8, Max: 31, Diff: 31, Sum: 31, Workers: 4
[2182.499s][debug][gc,phases      ] GC(121)   JVMTI Tag Weak OopStorage      Min:  0.0, Avg:  0.0, Max:  0.0, Diff:  0.0, Sum:  0.0, Workers: 4
[2182.499s][debug][gc,phases      ] GC(121)     Dead                           Min: 0, Avg:  0.0, Max: 0, Diff: 0, Sum: 0, Workers: 4
[2182.499s][debug][gc,phases      ] GC(121)     Total                          Min: 0, Avg:  0.0, Max: 0, Diff: 0, Sum: 0, Workers: 4
[2182.499s][debug][gc,phases      ] GC(121)   StringTable Weak               Min:  0.0, Avg:  0.1, Max:  0.1, Diff:  0.1, Sum:  0.4, Workers: 4
[2182.499s][debug][gc,phases      ] GC(121)     Dead                           Min: 0, Avg:  0.0, Max: 0, Diff: 0, Sum: 0, Workers: 4
[2182.499s][debug][gc,phases      ] GC(121)     Total                          Min: 0, Avg: 10818.8, Max: 15627, Diff: 15627, Sum: 43275, Workers: 4
[2182.499s][debug][gc,phases      ] GC(121)   ResolvedMethodTable Weak       Min:  0.0, Avg:  0.0, Max:  0.0, Diff:  0.0, Sum:  0.1, Workers: 4
[2182.499s][debug][gc,phases      ] GC(121)     Dead                           Min: 0, Avg:  0.0, Max: 0, Diff: 0, Sum: 0, Workers: 4
[2182.499s][debug][gc,phases      ] GC(121)     Total                          Min: 0, Avg: 2343.0, Max: 3356, Diff: 3356, Sum: 9372, Workers: 4
[2182.500s][debug][gc,phases      ] GC(121)   JNI Weak                       Min:  0.0, Avg:  0.0, Max:  0.0, Diff:  0.0, Sum:  0.0, Workers: 4
[2182.500s][debug][gc,phases      ] GC(121)     Dead                           Min: 0, Avg:  0.0, Max: 0, Diff: 0, Sum: 0, Workers: 4
[2182.500s][debug][gc,phases      ] GC(121)     Total                          Min: 0, Avg: 11.2, Max: 45, Diff: 45, Sum: 45, Workers: 4
[2182.500s][debug][gc,phases      ] GC(121)   StringDedup Table Weak         Min:  0.0, Avg:  0.0, Max:  0.0, Diff:  0.0, Sum:  0.0, Workers: 4
[2182.500s][debug][gc,phases      ] GC(121)     Dead                           Min: 0, Avg:  0.0, Max: 0, Diff: 0, Sum: 0, Workers: 4
[2182.500s][debug][gc,phases      ] GC(121)     Total                          Min: 0, Avg:  0.0, Max: 0, Diff: 0, Sum: 0, Workers: 4
[2182.500s][debug][gc,phases      ] GC(121)   StringDedup Requests0 Weak     Min:  0.0, Avg:  0.0, Max:  0.0, Diff:  0.0, Sum:  0.0, Workers: 4
[2182.500s][debug][gc,phases      ] GC(121)     Dead                           Min: 0, Avg:  0.0, Max: 0, Diff: 0, Sum: 0, Workers: 4
[2182.500s][debug][gc,phases      ] GC(121)     Total                          Min: 0, Avg:  0.0, Max: 0, Diff: 0, Sum: 0, Workers: 4
[2182.500s][debug][gc,phases      ] GC(121)   StringDedup Requests1 Weak     Min:  0.0, Avg:  0.0, Max:  0.0, Diff:  0.0, Sum:  0.0, Workers: 4
[2182.500s][debug][gc,phases      ] GC(121)     Dead                           Min: 0, Avg:  0.0, Max: 0, Diff: 0, Sum: 0, Workers: 4
[2182.500s][debug][gc,phases      ] GC(121)     Total                          Min: 0, Avg:  0.0, Max: 0, Diff: 0, Sum: 0, Workers: 4
[2182.500s][debug][gc,phases      ] GC(121)   Weak JFR Old Object Samples    Min:  0.0, Avg:  0.0, Max:  0.0, Diff:  0.0, Sum:  0.0, Workers: 4
[2182.500s][debug][gc,phases      ] GC(121)     Dead                           Min: 0, Avg:  0.0, Max: 0, Diff: 0, Sum: 0, Workers: 4
[2182.500s][debug][gc,phases      ] GC(121)     Total                          Min: 0, Avg:  0.0, Max: 0, Diff: 0, Sum: 0, Workers: 4
[2182.500s][debug][gc,phases      ] GC(121) Weak Processing 0.382ms
[2182.500s][debug][gc,age         ] GC(121) Desired survivor size 25690112 bytes, new threshold 15 (max threshold 15)
[2182.500s][info ][gc,heap        ] GC(121) PSYoungGen: 2050160K(2070528K)->6800K(2068992K) Eden: 2042368K(2042368K)->0K(2042368K) From: 7792K(28160K)->6800K(26624K)
[2182.500s][info ][gc,heap        ] GC(121) ParOldGen: 443271K(539136K)->443311K(539136K)
[2182.500s][info ][gc,metaspace   ] GC(121) Metaspace: 82226K(83264K)->82226K(83264K) NonClass: 70655K(71232K)->70655K(71232K) Class: 11570K(12032K)->11570K(12032K)
[2182.500s][info ][gc             ] GC(121) Pause Young (Allocation Failure) 2434M->439M(2547M) 7.467ms
[2182.500s][info ][gc,cpu         ] GC(121) User=0.02s Sys=0.00s Real=0.00s
[2182.500s][info ][safepoint      ] Safepoint "ParallelGCFailedAllocation", Time since last: 382238458 ns, Reaching safepoint: 125003 ns, At safepoint: 7545768 ns, Total: 7670771 ns
[2183.500s][info ][safepoint      ] Safepoint "Cleanup", Time since last: 1000104092 ns, Reaching safepoint: 128903 ns, At safepoint: 8000 ns, Total: 136903 ns
[2184.500s][info ][safepoint      ] Safepoint "Cleanup", Time since last: 1000122092 ns, Reaching safepoint: 117402 ns, At safepoint: 5000 ns, Total: 122402 ns
[2189.501s][info ][safepoint      ] Safepoint "Cleanup", Time since last: 5000420555 ns, Reaching safepoint: 119003 ns, At safepoint: 5300 ns, Total: 124303 ns
[2193.501s][info ][safepoint      ] Safepoint "Cleanup", Time since last: 4000349716 ns, Reaching safepoint: 137203 ns, At safepoint: 5400 ns, Total: 142603 ns
[2194.501s][info ][safepoint      ] Safepoint "Cleanup", Time since last: 1000128028 ns, Reaching safepoint: 125203 ns, At safepoint: 6700 ns, Total: 131903 ns
[2196.502s][info ][safepoint      ] Safepoint "Cleanup", Time since last: 2000195270 ns, Reaching safepoint: 110103 ns, At safepoint: 6700 ns, Total: 116803 ns
[2197.502s][info ][safepoint      ] Safepoint "Cleanup", Time since last: 1000119063 ns, Reaching safepoint: 109403 ns, At safepoint: 6700 ns, Total: 116103 ns
[2199.502s][info ][safepoint      ] Safepoint "Cleanup", Time since last: 2000202591 ns, Reaching safepoint: 110502 ns, At safepoint: 5300 ns, Total: 115802 ns
[2200.503s][info ][safepoint      ] Safepoint "Cleanup", Time since last: 1000107948 ns, Reaching safepoint: 113003 ns, At safepoint: 5200 ns, Total: 118203 ns
[2203.503s][info ][safepoint      ] Safepoint "Cleanup", Time since last: 3000272342 ns, Reaching safepoint: 128403 ns, At safepoint: 5600 ns, Total: 134003 ns
[2204.653s][info ][gc,start       ] GC(122) Pause Young (Allocation Failure)
[2204.658s][debug][gc,phases      ] GC(122) Scavenge 4.963ms
[2204.658s][debug][gc,ref         ] GC(122) Skipped phase 1 of Reference Processing: no references
[2204.658s][debug][gc,ref         ] GC(122) ReferenceProcessor::execute queues: 1, RefProcThreadModel::Single, marks_oops_alive: false
[2204.658s][debug][gc,ref         ] GC(122) Skipped phase 3 of Reference Processing: no references
[2204.658s][debug][gc,ref         ] GC(122) ReferenceProcessor::execute queues: 1, RefProcThreadModel::Single, marks_oops_alive: false
[2204.658s][debug][gc,phases      ] GC(122) Reference Processing 0.116ms
[2204.659s][debug][gc,phases      ] GC(122)   VM Weak                        Min:  0.0, Avg:  0.0, Max:  0.0, Diff:  0.0, Sum:  0.0, Workers: 4
[2204.659s][debug][gc,phases      ] GC(122)     Dead                           Min: 0, Avg:  0.0, Max: 0, Diff: 0, Sum: 0, Workers: 4
[2204.659s][debug][gc,phases      ] GC(122)     Total                          Min: 0, Avg: 225.5, Max: 902, Diff: 902, Sum: 902, Workers: 4
[2204.659s][debug][gc,phases      ] GC(122)   ObjectSynchronizer Weak        Min:  0.0, Avg:  0.0, Max:  0.0, Diff:  0.0, Sum:  0.0, Workers: 4
[2204.659s][debug][gc,phases      ] GC(122)     Dead                           Min: 0, Avg:  0.0, Max: 0, Diff: 0, Sum: 0, Workers: 4
[2204.659s][debug][gc,phases      ] GC(122)     Total                          Min: 0, Avg:  7.8, Max: 31, Diff: 31, Sum: 31, Workers: 4
[2204.659s][debug][gc,phases      ] GC(122)   JVMTI Tag Weak OopStorage      Min:  0.0, Avg:  0.0, Max:  0.0, Diff:  0.0, Sum:  0.0, Workers: 4
[2204.659s][debug][gc,phases      ] GC(122)     Dead                           Min: 0, Avg:  0.0, Max: 0, Diff: 0, Sum: 0, Workers: 4
[2204.659s][debug][gc,phases      ] GC(122)     Total                          Min: 0, Avg:  0.0, Max: 0, Diff: 0, Sum: 0, Workers: 4
[2204.659s][debug][gc,phases      ] GC(122)   StringTable Weak               Min:  0.0, Avg:  0.1, Max:  0.2, Diff:  0.2, Sum:  0.4, Workers: 4
[2204.659s][debug][gc,phases      ] GC(122)     Dead                           Min: 0, Avg:  0.2, Max: 1, Diff: 1, Sum: 1, Workers: 4
[2204.659s][debug][gc,phases      ] GC(122)     Total                          Min: 0, Avg: 10819.5, Max: 24783, Diff: 24783, Sum: 43278, Workers: 4
[2204.659s][debug][gc,phases      ] GC(122)   ResolvedMethodTable Weak       Min:  0.0, Avg:  0.0, Max:  0.0, Diff:  0.0, Sum:  0.1, Workers: 4
[2204.659s][debug][gc,phases      ] GC(122)     Dead                           Min: 0, Avg:  0.0, Max: 0, Diff: 0, Sum: 0, Workers: 4
[2204.659s][debug][gc,phases      ] GC(122)     Total                          Min: 0, Avg: 2344.8, Max: 4928, Diff: 4928, Sum: 9379, Workers: 4
[2204.659s][debug][gc,phases      ] GC(122)   JNI Weak                       Min:  0.0, Avg:  0.0, Max:  0.0, Diff:  0.0, Sum:  0.0, Workers: 4
[2204.659s][debug][gc,phases      ] GC(122)     Dead                           Min: 0, Avg:  0.0, Max: 0, Diff: 0, Sum: 0, Workers: 4
[2204.659s][debug][gc,phases      ] GC(122)     Total                          Min: 0, Avg: 11.2, Max: 45, Diff: 45, Sum: 45, Workers: 4
[2204.659s][debug][gc,phases      ] GC(122)   StringDedup Table Weak         Min:  0.0, Avg:  0.0, Max:  0.0, Diff:  0.0, Sum:  0.0, Workers: 4
[2204.659s][debug][gc,phases      ] GC(122)     Dead                           Min: 0, Avg:  0.0, Max: 0, Diff: 0, Sum: 0, Workers: 4
[2204.659s][debug][gc,phases      ] GC(122)     Total                          Min: 0, Avg:  0.0, Max: 0, Diff: 0, Sum: 0, Workers: 4
[2204.659s][debug][gc,phases      ] GC(122)   StringDedup Requests0 Weak     Min:  0.0, Avg:  0.0, Max:  0.0, Diff:  0.0, Sum:  0.0, Workers: 4
[2204.659s][debug][gc,phases      ] GC(122)     Dead                           Min: 0, Avg:  0.0, Max: 0, Diff: 0, Sum: 0, Workers: 4
[2204.659s][debug][gc,phases      ] GC(122)     Total                          Min: 0, Avg:  0.0, Max: 0, Diff: 0, Sum: 0, Workers: 4
[2204.659s][debug][gc,phases      ] GC(122)   StringDedup Requests1 Weak     Min:  0.0, Avg:  0.0, Max:  0.0, Diff:  0.0, Sum:  0.0, Workers: 4
[2204.659s][debug][gc,phases      ] GC(122)     Dead                           Min: 0, Avg:  0.0, Max: 0, Diff: 0, Sum: 0, Workers: 4
[2204.659s][debug][gc,phases      ] GC(122)     Total                          Min: 0, Avg:  0.0, Max: 0, Diff: 0, Sum: 0, Workers: 4
[2204.659s][debug][gc,phases      ] GC(122)   Weak JFR Old Object Samples    Min:  0.0, Avg:  0.0, Max:  0.0, Diff:  0.0, Sum:  0.0, Workers: 4
[2204.659s][debug][gc,phases      ] GC(122)     Dead                           Min: 0, Avg:  0.0, Max: 0, Diff: 0, Sum: 0, Workers: 4
[2204.659s][debug][gc,phases      ] GC(122)     Total                          Min: 0, Avg:  0.0, Max: 0, Diff: 0, Sum: 0, Workers: 4
[2204.659s][debug][gc,phases      ] GC(122) Weak Processing 0.510ms
[2204.659s][debug][gc,age         ] GC(122) Desired survivor size 24641536 bytes, new threshold 15 (max threshold 15)
[2204.659s][info ][gc,heap        ] GC(122) PSYoungGen: 2049168K(2068992K)->7280K(2073088K) Eden: 2042368K(2042368K)->0K(2048000K) From: 6800K(26624K)->7280K(25088K)
[2204.659s][info ][gc,heap        ] GC(122) ParOldGen: 443311K(539136K)->443343K(539136K)
[2204.659s][info ][gc,metaspace   ] GC(122) Metaspace: 82238K(83264K)->82238K(83264K) NonClass: 70665K(71232K)->70665K(71232K) Class: 11573K(12032K)->11573K(12032K)
[2204.659s][info ][gc             ] GC(122) Pause Young (Allocation Failure) 2434M->440M(2551M) 5.735ms
[2204.659s][info ][gc,cpu         ] GC(122) User=0.02s Sys=0.00s Real=0.00s
[2204.659s][info ][safepoint      ] Safepoint "ParallelGCFailedAllocation", Time since last: 1150234142 ns, Reaching safepoint: 36601 ns, At safepoint: 5808728 ns, Total: 5845329 ns
[2207.659s][info ][safepoint      ] Safepoint "Cleanup", Time since last: 3000188569 ns, Reaching safepoint: 52001 ns, At safepoint: 3700 ns, Total: 55701 ns
[2210.660s][info ][safepoint      ] Safepoint "Cleanup", Time since last: 3000274489 ns, Reaching safepoint: 106603 ns, At safepoint: 5700 ns, Total: 112303 ns
[2212.660s][info ][safepoint      ] Safepoint "Cleanup", Time since last: 2000195092 ns, Reaching safepoint: 49302 ns, At safepoint: 2600 ns, Total: 51902 ns
[2218.660s][info ][safepoint      ] Safepoint "Cleanup", Time since last: 6000467331 ns, Reaching safepoint: 57401 ns, At safepoint: 4101 ns, Total: 61502 ns
[2227.550s][info ][gc,start       ] GC(123) Pause Young (Allocation Failure)
[2227.555s][debug][gc,phases      ] GC(123) Scavenge 5.020ms
[2227.555s][debug][gc,ref         ] GC(123) Skipped phase 1 of Reference Processing: no references
[2227.555s][debug][gc,ref         ] GC(123) ReferenceProcessor::execute queues: 1, RefProcThreadModel::Single, marks_oops_alive: false
[2227.555s][debug][gc,ref         ] GC(123) Skipped phase 3 of Reference Processing: no references
[2227.555s][debug][gc,ref         ] GC(123) ReferenceProcessor::execute queues: 1, RefProcThreadModel::Single, marks_oops_alive: false
[2227.555s][debug][gc,phases      ] GC(123) Reference Processing 0.112ms
[2227.556s][debug][gc,phases      ] GC(123)   VM Weak                        Min:  0.0, Avg:  0.0, Max:  0.0, Diff:  0.0, Sum:  0.0, Workers: 4
[2227.556s][debug][gc,phases      ] GC(123)     Dead                           Min: 0, Avg:  0.0, Max: 0, Diff: 0, Sum: 0, Workers: 4
[2227.556s][debug][gc,phases      ] GC(123)     Total                          Min: 0, Avg: 225.5, Max: 454, Diff: 454, Sum: 902, Workers: 4
[2227.556s][debug][gc,phases      ] GC(123)   ObjectSynchronizer Weak        Min:  0.0, Avg:  0.0, Max:  0.0, Diff:  0.0, Sum:  0.0, Workers: 4
[2227.556s][debug][gc,phases      ] GC(123)     Dead                           Min: 0, Avg:  0.0, Max: 0, Diff: 0, Sum: 0, Workers: 4
[2227.556s][debug][gc,phases      ] GC(123)     Total                          Min: 0, Avg:  7.8, Max: 31, Diff: 31, Sum: 31, Workers: 4
[2227.556s][debug][gc,phases      ] GC(123)   JVMTI Tag Weak OopStorage      Min:  0.0, Avg:  0.0, Max:  0.0, Diff:  0.0, Sum:  0.0, Workers: 4
[2227.556s][debug][gc,phases      ] GC(123)     Dead                           Min: 0, Avg:  0.0, Max: 0, Diff: 0, Sum: 0, Workers: 4
[2227.556s][debug][gc,phases      ] GC(123)     Total                          Min: 0, Avg:  0.0, Max: 0, Diff: 0, Sum: 0, Workers: 4
[2227.556s][debug][gc,phases      ] GC(123)   StringTable Weak               Min:  0.0, Avg:  0.1, Max:  0.1, Diff:  0.1, Sum:  0.4, Workers: 4
[2227.556s][debug][gc,phases      ] GC(123)     Dead                           Min: 0, Avg:  0.0, Max: 0, Diff: 0, Sum: 0, Workers: 4
[2227.556s][debug][gc,phases      ] GC(123)     Total                          Min: 0, Avg: 10822.0, Max: 16576, Diff: 16576, Sum: 43288, Workers: 4
[2227.556s][debug][gc,phases      ] GC(123)   ResolvedMethodTable Weak       Min:  0.0, Avg:  0.0, Max:  0.0, Diff:  0.0, Sum:  0.1, Workers: 4
[2227.556s][debug][gc,phases      ] GC(123)     Dead                           Min: 0, Avg:  0.0, Max: 0, Diff: 0, Sum: 0, Workers: 4
[2227.556s][debug][gc,phases      ] GC(123)     Total                          Min: 0, Avg: 2344.8, Max: 3363, Diff: 3363, Sum: 9379, Workers: 4
[2227.556s][debug][gc,phases      ] GC(123)   JNI Weak                       Min:  0.0, Avg:  0.0, Max:  0.0, Diff:  0.0, Sum:  0.0, Workers: 4
[2227.556s][debug][gc,phases      ] GC(123)     Dead                           Min: 0, Avg:  0.0, Max: 0, Diff: 0, Sum: 0, Workers: 4
[2227.556s][debug][gc,phases      ] GC(123)     Total                          Min: 0, Avg: 11.2, Max: 45, Diff: 45, Sum: 45, Workers: 4
[2227.556s][debug][gc,phases      ] GC(123)   StringDedup Table Weak         Min:  0.0, Avg:  0.0, Max:  0.0, Diff:  0.0, Sum:  0.0, Workers: 4
[2227.556s][debug][gc,phases      ] GC(123)     Dead                           Min: 0, Avg:  0.0, Max: 0, Diff: 0, Sum: 0, Workers: 4
[2227.556s][debug][gc,phases      ] GC(123)     Total                          Min: 0, Avg:  0.0, Max: 0, Diff: 0, Sum: 0, Workers: 4
[2227.556s][debug][gc,phases      ] GC(123)   StringDedup Requests0 Weak     Min:  0.0, Avg:  0.0, Max:  0.0, Diff:  0.0, Sum:  0.0, Workers: 4
[2227.556s][debug][gc,phases      ] GC(123)     Dead                           Min: 0, Avg:  0.0, Max: 0, Diff: 0, Sum: 0, Workers: 4
[2227.556s][debug][gc,phases      ] GC(123)     Total                          Min: 0, Avg:  0.0, Max: 0, Diff: 0, Sum: 0, Workers: 4
[2227.556s][debug][gc,phases      ] GC(123)   StringDedup Requests1 Weak     Min:  0.0, Avg:  0.0, Max:  0.0, Diff:  0.0, Sum:  0.0, Workers: 4
[2227.556s][debug][gc,phases      ] GC(123)     Dead                           Min: 0, Avg:  0.0, Max: 0, Diff: 0, Sum: 0, Workers: 4
[2227.556s][debug][gc,phases      ] GC(123)     Total                          Min: 0, Avg:  0.0, Max: 0, Diff: 0, Sum: 0, Workers: 4
[2227.556s][debug][gc,phases      ] GC(123)   Weak JFR Old Object Samples    Min:  0.0, Avg:  0.0, Max:  0.0, Diff:  0.0, Sum:  0.0, Workers: 4
[2227.556s][debug][gc,phases      ] GC(123)     Dead                           Min: 0, Avg:  0.0, Max: 0, Diff: 0, Sum: 0, Workers: 4
[2227.556s][debug][gc,phases      ] GC(123)     Total                          Min: 0, Avg:  0.0, Max: 0, Diff: 0, Sum: 0, Workers: 4
[2227.556s][debug][gc,phases      ] GC(123) Weak Processing 0.403ms
[2227.556s][debug][gc,age         ] GC(123) Desired survivor size 23068672 bytes, new threshold 15 (max threshold 15)
[2227.556s][info ][gc,heap        ] GC(123) PSYoungGen: 2055280K(2073088K)->8128K(2072064K) Eden: 2048000K(2048000K)->0K(2048000K) From: 7280K(25088K)->8128K(24064K)
[2227.556s][info ][gc,heap        ] GC(123) ParOldGen: 443343K(539136K)->443423K(539136K)
[2227.556s][info ][gc,metaspace   ] GC(123) Metaspace: 82243K(83264K)->82243K(83264K) NonClass: 70669K(71232K)->70669K(71232K) Class: 11573K(12032K)->11573K(12032K)
[2227.556s][info ][gc             ] GC(123) Pause Young (Allocation Failure) 2440M->440M(2550M) 5.689ms
[2227.556s][info ][gc,cpu         ] GC(123) User=0.02s Sys=0.00s Real=0.01s
[2227.556s][info ][safepoint      ] Safepoint "ParallelGCFailedAllocation", Time since last: 8889623595 ns, Reaching safepoint: 33801 ns, At safepoint: 5758928 ns, Total: 5792729 ns
[2228.556s][info ][safepoint      ] Safepoint "Cleanup", Time since last: 1000101351 ns, Reaching safepoint: 133403 ns, At safepoint: 5600 ns, Total: 139003 ns
[2230.556s][info ][safepoint      ] Safepoint "Cleanup", Time since last: 2000184385 ns, Reaching safepoint: 50101 ns, At safepoint: 2800 ns, Total: 52901 ns
[2231.557s][info ][safepoint      ] Safepoint "Cleanup", Time since last: 1000140065 ns, Reaching safepoint: 126503 ns, At safepoint: 5800 ns, Total: 132303 ns
[2237.557s][info ][safepoint      ] Safepoint "Cleanup", Time since last: 6000467183 ns, Reaching safepoint: 123502 ns, At safepoint: 6500 ns, Total: 130002 ns
[2242.558s][info ][safepoint      ] Safepoint "Cleanup", Time since last: 5000387676 ns, Reaching safepoint: 48201 ns, At safepoint: 3100 ns, Total: 51301 ns
[2246.558s][info ][safepoint      ] Safepoint "Cleanup", Time since last: 4000323487 ns, Reaching safepoint: 51701 ns, At safepoint: 3200 ns, Total: 54901 ns
[2251.193s][info ][gc,start       ] GC(124) Pause Young (Allocation Failure)
[2251.198s][debug][gc,phases      ] GC(124) Scavenge 5.101ms
[2251.199s][debug][gc,ref         ] GC(124) Skipped phase 1 of Reference Processing: no references
[2251.199s][debug][gc,ref         ] GC(124) ReferenceProcessor::execute queues: 1, RefProcThreadModel::Single, marks_oops_alive: false
[2251.199s][debug][gc,ref         ] GC(124) Skipped phase 3 of Reference Processing: no references
[2251.199s][debug][gc,ref         ] GC(124) ReferenceProcessor::execute queues: 1, RefProcThreadModel::Single, marks_oops_alive: false
[2251.199s][debug][gc,phases      ] GC(124) Reference Processing 0.113ms
[2251.199s][debug][gc,phases      ] GC(124)   VM Weak                        Min:  0.0, Avg:  0.0, Max:  0.0, Diff:  0.0, Sum:  0.0, Workers: 4
[2251.199s][debug][gc,phases      ] GC(124)     Dead                           Min: 0, Avg:  0.0, Max: 0, Diff: 0, Sum: 0, Workers: 4
[2251.199s][debug][gc,phases      ] GC(124)     Total                          Min: 0, Avg: 225.5, Max: 576, Diff: 576, Sum: 902, Workers: 4
[2251.199s][debug][gc,phases      ] GC(124)   ObjectSynchronizer Weak        Min:  0.0, Avg:  0.0, Max:  0.0, Diff:  0.0, Sum:  0.0, Workers: 4
[2251.199s][debug][gc,phases      ] GC(124)     Dead                           Min: 0, Avg:  0.0, Max: 0, Diff: 0, Sum: 0, Workers: 4
[2251.199s][debug][gc,phases      ] GC(124)     Total                          Min: 0, Avg:  7.8, Max: 31, Diff: 31, Sum: 31, Workers: 4
[2251.199s][debug][gc,phases      ] GC(124)   JVMTI Tag Weak OopStorage      Min:  0.0, Avg:  0.0, Max:  0.0, Diff:  0.0, Sum:  0.0, Workers: 4
[2251.199s][debug][gc,phases      ] GC(124)     Dead                           Min: 0, Avg:  0.0, Max: 0, Diff: 0, Sum: 0, Workers: 4
[2251.199s][debug][gc,phases      ] GC(124)     Total                          Min: 0, Avg:  0.0, Max: 0, Diff: 0, Sum: 0, Workers: 4
[2251.199s][debug][gc,phases      ] GC(124)   StringTable Weak               Min:  0.0, Avg:  0.1, Max:  0.1, Diff:  0.1, Sum:  0.4, Workers: 4
[2251.199s][debug][gc,phases      ] GC(124)     Dead                           Min: 0, Avg:  0.0, Max: 0, Diff: 0, Sum: 0, Workers: 4
[2251.199s][debug][gc,phases      ] GC(124)     Total                          Min: 0, Avg: 10822.5, Max: 15423, Diff: 15423, Sum: 43290, Workers: 4
[2251.199s][debug][gc,phases      ] GC(124)   ResolvedMethodTable Weak       Min:  0.0, Avg:  0.0, Max:  0.0, Diff:  0.0, Sum:  0.1, Workers: 4
[2251.199s][debug][gc,phases      ] GC(124)     Dead                           Min: 0, Avg:  0.0, Max: 0, Diff: 0, Sum: 0, Workers: 4
[2251.199s][debug][gc,phases      ] GC(124)     Total                          Min: 0, Avg: 2344.8, Max: 3328, Diff: 3328, Sum: 9379, Workers: 4
[2251.199s][debug][gc,phases      ] GC(124)   JNI Weak                       Min:  0.0, Avg:  0.0, Max:  0.0, Diff:  0.0, Sum:  0.0, Workers: 4
[2251.199s][debug][gc,phases      ] GC(124)     Dead                           Min: 0, Avg:  0.0, Max: 0, Diff: 0, Sum: 0, Workers: 4
[2251.199s][debug][gc,phases      ] GC(124)     Total                          Min: 0, Avg: 11.2, Max: 45, Diff: 45, Sum: 45, Workers: 4
[2251.199s][debug][gc,phases      ] GC(124)   StringDedup Table Weak         Min:  0.0, Avg:  0.0, Max:  0.0, Diff:  0.0, Sum:  0.0, Workers: 4
[2251.199s][debug][gc,phases      ] GC(124)     Dead                           Min: 0, Avg:  0.0, Max: 0, Diff: 0, Sum: 0, Workers: 4
[2251.199s][debug][gc,phases      ] GC(124)     Total                          Min: 0, Avg:  0.0, Max: 0, Diff: 0, Sum: 0, Workers: 4
[2251.199s][debug][gc,phases      ] GC(124)   StringDedup Requests0 Weak     Min:  0.0, Avg:  0.0, Max:  0.0, Diff:  0.0, Sum:  0.0, Workers: 4
[2251.199s][debug][gc,phases      ] GC(124)     Dead                           Min: 0, Avg:  0.0, Max: 0, Diff: 0, Sum: 0, Workers: 4
[2251.199s][debug][gc,phases      ] GC(124)     Total                          Min: 0, Avg:  0.0, Max: 0, Diff: 0, Sum: 0, Workers: 4
[2251.199s][debug][gc,phases      ] GC(124)   StringDedup Requests1 Weak     Min:  0.0, Avg:  0.0, Max:  0.0, Diff:  0.0, Sum:  0.0, Workers: 4
[2251.199s][debug][gc,phases      ] GC(124)     Dead                           Min: 0, Avg:  0.0, Max: 0, Diff: 0, Sum: 0, Workers: 4
[2251.199s][debug][gc,phases      ] GC(124)     Total                          Min: 0, Avg:  0.0, Max: 0, Diff: 0, Sum: 0, Workers: 4
[2251.199s][debug][gc,phases      ] GC(124)   Weak JFR Old Object Samples    Min:  0.0, Avg:  0.0, Max:  0.0, Diff:  0.0, Sum:  0.0, Workers: 4
[2251.199s][debug][gc,phases      ] GC(124)     Dead                           Min: 0, Avg:  0.0, Max: 0, Diff: 0, Sum: 0, Workers: 4
[2251.199s][debug][gc,phases      ] GC(124)     Total                          Min: 0, Avg:  0.0, Max: 0, Diff: 0, Sum: 0, Workers: 4
[2251.199s][debug][gc,phases      ] GC(124) Weak Processing 0.381ms
[2251.199s][debug][gc,age         ] GC(124) Desired survivor size 22020096 bytes, new threshold 15 (max threshold 15)
[2251.199s][info ][gc,heap        ] GC(124) PSYoungGen: 2056128K(2072064K)->8048K(2075648K) Eden: 2048000K(2048000K)->0K(2053120K) From: 8128K(24064K)->8048K(22528K)
[2251.199s][info ][gc,heap        ] GC(124) ParOldGen: 443423K(539136K)->443563K(539136K)
[2251.199s][info ][gc,metaspace   ] GC(124) Metaspace: 82253K(83328K)->82253K(83328K) NonClass: 70679K(71296K)->70679K(71296K) Class: 11573K(12032K)->11573K(12032K)
[2251.199s][info ][gc             ] GC(124) Pause Young (Allocation Failure) 2440M->441M(2553M) 5.735ms
[2251.199s][info ][gc,cpu         ] GC(124) User=0.02s Sys=0.00s Real=0.00s
[2251.199s][info ][safepoint      ] Safepoint "ParallelGCFailedAllocation", Time since last: 4635210397 ns, Reaching safepoint: 42301 ns, At safepoint: 5820031 ns, Total: 5862332 ns
[2252.199s][info ][safepoint      ] Safepoint "Cleanup", Time since last: 1000100038 ns, Reaching safepoint: 119903 ns, At safepoint: 5300 ns, Total: 125203 ns
[2259.200s][info ][safepoint      ] Safepoint "Cleanup", Time since last: 7000521554 ns, Reaching safepoint: 123703 ns, At safepoint: 4800 ns, Total: 128503 ns
[2262.200s][info ][safepoint      ] Safepoint "Cleanup", Time since last: 3000332700 ns, Reaching safepoint: 124403 ns, At safepoint: 5800 ns, Total: 130203 ns
[2272.201s][info ][safepoint      ] Safepoint "Cleanup", Time since last: 10000732937 ns, Reaching safepoint: 119102 ns, At safepoint: 5701 ns, Total: 124803 ns
[2274.157s][info ][gc,start       ] GC(125) Pause Young (Allocation Failure)
[2274.164s][debug][gc,phases      ] GC(125) Scavenge 6.238ms
[2274.164s][debug][gc,ref         ] GC(125) Skipped phase 1 of Reference Processing: no references
[2274.164s][debug][gc,ref         ] GC(125) ReferenceProcessor::execute queues: 1, RefProcThreadModel::Single, marks_oops_alive: false
[2274.164s][debug][gc,ref         ] GC(125) Skipped phase 3 of Reference Processing: no references
[2274.164s][debug][gc,ref         ] GC(125) ReferenceProcessor::execute queues: 1, RefProcThreadModel::Single, marks_oops_alive: false
[2274.164s][debug][gc,phases      ] GC(125) Reference Processing 0.191ms
[2274.164s][debug][gc,phases      ] GC(125)   VM Weak                        Min:  0.0, Avg:  0.0, Max:  0.0, Diff:  0.0, Sum:  0.0, Workers: 4
[2274.164s][debug][gc,phases      ] GC(125)     Dead                           Min: 0, Avg:  0.0, Max: 0, Diff: 0, Sum: 0, Workers: 4
[2274.164s][debug][gc,phases      ] GC(125)     Total                          Min: 0, Avg: 225.5, Max: 576, Diff: 576, Sum: 902, Workers: 4
[2274.164s][debug][gc,phases      ] GC(125)   ObjectSynchronizer Weak        Min:  0.0, Avg:  0.0, Max:  0.0, Diff:  0.0, Sum:  0.0, Workers: 4
[2274.164s][debug][gc,phases      ] GC(125)     Dead                           Min: 0, Avg:  0.0, Max: 0, Diff: 0, Sum: 0, Workers: 4
[2274.164s][debug][gc,phases      ] GC(125)     Total                          Min: 0, Avg:  7.8, Max: 31, Diff: 31, Sum: 31, Workers: 4
[2274.164s][debug][gc,phases      ] GC(125)   JVMTI Tag Weak OopStorage      Min:  0.0, Avg:  0.0, Max:  0.0, Diff:  0.0, Sum:  0.0, Workers: 4
[2274.164s][debug][gc,phases      ] GC(125)     Dead                           Min: 0, Avg:  0.0, Max: 0, Diff: 0, Sum: 0, Workers: 4
[2274.164s][debug][gc,phases      ] GC(125)     Total                          Min: 0, Avg:  0.0, Max: 0, Diff: 0, Sum: 0, Workers: 4
[2274.164s][debug][gc,phases      ] GC(125)   StringTable Weak               Min:  0.0, Avg:  0.1, Max:  0.1, Diff:  0.1, Sum:  0.4, Workers: 4
[2274.164s][debug][gc,phases      ] GC(125)     Dead                           Min: 0, Avg:  0.0, Max: 0, Diff: 0, Sum: 0, Workers: 4
[2274.164s][debug][gc,phases      ] GC(125)     Total                          Min: 0, Avg: 10822.8, Max: 15487, Diff: 15487, Sum: 43291, Workers: 4
[2274.164s][debug][gc,phases      ] GC(125)   ResolvedMethodTable Weak       Min:  0.0, Avg:  0.0, Max:  0.0, Diff:  0.0, Sum:  0.1, Workers: 4
[2274.164s][debug][gc,phases      ] GC(125)     Dead                           Min: 0, Avg:  0.0, Max: 0, Diff: 0, Sum: 0, Workers: 4
[2274.164s][debug][gc,phases      ] GC(125)     Total                          Min: 0, Avg: 2344.8, Max: 3456, Diff: 3456, Sum: 9379, Workers: 4
[2274.164s][debug][gc,phases      ] GC(125)   JNI Weak                       Min:  0.0, Avg:  0.0, Max:  0.0, Diff:  0.0, Sum:  0.0, Workers: 4
[2274.164s][debug][gc,phases      ] GC(125)     Dead                           Min: 0, Avg:  0.0, Max: 0, Diff: 0, Sum: 0, Workers: 4
[2274.164s][debug][gc,phases      ] GC(125)     Total                          Min: 0, Avg: 11.2, Max: 45, Diff: 45, Sum: 45, Workers: 4
[2274.164s][debug][gc,phases      ] GC(125)   StringDedup Table Weak         Min:  0.0, Avg:  0.0, Max:  0.0, Diff:  0.0, Sum:  0.0, Workers: 4
[2274.164s][debug][gc,phases      ] GC(125)     Dead                           Min: 0, Avg:  0.0, Max: 0, Diff: 0, Sum: 0, Workers: 4
[2274.164s][debug][gc,phases      ] GC(125)     Total                          Min: 0, Avg:  0.0, Max: 0, Diff: 0, Sum: 0, Workers: 4
[2274.164s][debug][gc,phases      ] GC(125)   StringDedup Requests0 Weak     Min:  0.0, Avg:  0.0, Max:  0.0, Diff:  0.0, Sum:  0.0, Workers: 4
[2274.164s][debug][gc,phases      ] GC(125)     Dead                           Min: 0, Avg:  0.0, Max: 0, Diff: 0, Sum: 0, Workers: 4
[2274.164s][debug][gc,phases      ] GC(125)     Total                          Min: 0, Avg:  0.0, Max: 0, Diff: 0, Sum: 0, Workers: 4
[2274.164s][debug][gc,phases      ] GC(125)   StringDedup Requests1 Weak     Min:  0.0, Avg:  0.0, Max:  0.0, Diff:  0.0, Sum:  0.0, Workers: 4
[2274.164s][debug][gc,phases      ] GC(125)     Dead                           Min: 0, Avg:  0.0, Max: 0, Diff: 0, Sum: 0, Workers: 4
[2274.164s][debug][gc,phases      ] GC(125)     Total                          Min: 0, Avg:  0.0, Max: 0, Diff: 0, Sum: 0, Workers: 4
[2274.164s][debug][gc,phases      ] GC(125)   Weak JFR Old Object Samples    Min:  0.0, Avg:  0.0, Max:  0.0, Diff:  0.0, Sum:  0.0, Workers: 4
[2274.164s][debug][gc,phases      ] GC(125)     Dead                           Min: 0, Avg:  0.0, Max: 0, Diff: 0, Sum: 0, Workers: 4
[2274.164s][debug][gc,phases      ] GC(125)     Total                          Min: 0, Avg:  0.0, Max: 0, Diff: 0, Sum: 0, Workers: 4
[2274.164s][debug][gc,phases      ] GC(125) Weak Processing 0.361ms
[2274.164s][debug][gc,age         ] GC(125) Desired survivor size 20971520 bytes, new threshold 15 (max threshold 15)
[2274.164s][info ][gc,heap        ] GC(125) PSYoungGen: 2061168K(2075648K)->7200K(2074624K) Eden: 2053120K(2053120K)->0K(2053120K) From: 8048K(22528K)->7200K(21504K)
[2274.164s][info ][gc,heap        ] GC(125) ParOldGen: 443563K(539136K)->443611K(539136K)
[2274.164s][info ][gc,metaspace   ] GC(125) Metaspace: 82256K(83328K)->82256K(83328K) NonClass: 70682K(71296K)->70682K(71296K) Class: 11573K(12032K)->11573K(12032K)
[2274.164s][info ][gc             ] GC(125) Pause Young (Allocation Failure) 2446M->440M(2552M) 6.943ms
[2274.164s][info ][gc,cpu         ] GC(125) User=0.02s Sys=0.01s Real=0.01s
[2274.164s][info ][safepoint      ] Safepoint "ParallelGCFailedAllocation", Time since last: 1955904395 ns, Reaching safepoint: 38901 ns, At safepoint: 7017357 ns, Total: 7056258 ns
[2283.165s][info ][safepoint      ] Safepoint "Cleanup", Time since last: 9000636376 ns, Reaching safepoint: 49401 ns, At safepoint: 3000 ns, Total: 52401 ns
[2291.166s][info ][safepoint      ] Safepoint "Cleanup", Time since last: 8000568901 ns, Reaching safepoint: 48801 ns, At safepoint: 31701 ns, Total: 80502 ns
[2296.091s][info ][gc,start       ] GC(126) Pause Young (Allocation Failure)
[2296.096s][debug][gc,phases      ] GC(126) Scavenge 5.004ms
[2296.096s][debug][gc,ref         ] GC(126) Skipped phase 1 of Reference Processing: no references
[2296.096s][debug][gc,ref         ] GC(126) ReferenceProcessor::execute queues: 1, RefProcThreadModel::Single, marks_oops_alive: false
[2296.096s][debug][gc,ref         ] GC(126) Skipped phase 3 of Reference Processing: no references
[2296.096s][debug][gc,ref         ] GC(126) ReferenceProcessor::execute queues: 1, RefProcThreadModel::Single, marks_oops_alive: false
[2296.096s][debug][gc,phases      ] GC(126) Reference Processing 0.108ms
[2296.096s][debug][gc,phases      ] GC(126)   VM Weak                        Min:  0.0, Avg:  0.0, Max:  0.0, Diff:  0.0, Sum:  0.0, Workers: 4
[2296.096s][debug][gc,phases      ] GC(126)     Dead                           Min: 0, Avg:  0.0, Max: 0, Diff: 0, Sum: 0, Workers: 4
[2296.096s][debug][gc,phases      ] GC(126)     Total                          Min: 0, Avg: 225.5, Max: 454, Diff: 454, Sum: 902, Workers: 4
[2296.096s][debug][gc,phases      ] GC(126)   ObjectSynchronizer Weak        Min:  0.0, Avg:  0.0, Max:  0.0, Diff:  0.0, Sum:  0.0, Workers: 4
[2296.096s][debug][gc,phases      ] GC(126)     Dead                           Min: 0, Avg:  0.0, Max: 0, Diff: 0, Sum: 0, Workers: 4
[2296.096s][debug][gc,phases      ] GC(126)     Total                          Min: 0, Avg:  7.8, Max: 31, Diff: 31, Sum: 31, Workers: 4
[2296.096s][debug][gc,phases      ] GC(126)   JVMTI Tag Weak OopStorage      Min:  0.0, Avg:  0.0, Max:  0.0, Diff:  0.0, Sum:  0.0, Workers: 4
[2296.096s][debug][gc,phases      ] GC(126)     Dead                           Min: 0, Avg:  0.0, Max: 0, Diff: 0, Sum: 0, Workers: 4
[2296.096s][debug][gc,phases      ] GC(126)     Total                          Min: 0, Avg:  0.0, Max: 0, Diff: 0, Sum: 0, Workers: 4
[2296.096s][debug][gc,phases      ] GC(126)   StringTable Weak               Min:  0.0, Avg:  0.1, Max:  0.1, Diff:  0.1, Sum:  0.4, Workers: 4
[2296.096s][debug][gc,phases      ] GC(126)     Dead                           Min: 0, Avg:  0.0, Max: 0, Diff: 0, Sum: 0, Workers: 4
[2296.096s][debug][gc,phases      ] GC(126)     Total                          Min: 0, Avg: 10822.8, Max: 15039, Diff: 15039, Sum: 43291, Workers: 4
[2296.096s][debug][gc,phases      ] GC(126)   ResolvedMethodTable Weak       Min:  0.0, Avg:  0.0, Max:  0.0, Diff:  0.0, Sum:  0.1, Workers: 4
[2296.096s][debug][gc,phases      ] GC(126)     Dead                           Min: 0, Avg:  0.0, Max: 0, Diff: 0, Sum: 0, Workers: 4
[2296.096s][debug][gc,phases      ] GC(126)     Total                          Min: 0, Avg: 2344.8, Max: 3392, Diff: 3392, Sum: 9379, Workers: 4
[2296.096s][debug][gc,phases      ] GC(126)   JNI Weak                       Min:  0.0, Avg:  0.0, Max:  0.0, Diff:  0.0, Sum:  0.0, Workers: 4
[2296.096s][debug][gc,phases      ] GC(126)     Dead                           Min: 0, Avg:  0.0, Max: 0, Diff: 0, Sum: 0, Workers: 4
[2296.096s][debug][gc,phases      ] GC(126)     Total                          Min: 0, Avg: 11.2, Max: 45, Diff: 45, Sum: 45, Workers: 4
[2296.096s][debug][gc,phases      ] GC(126)   StringDedup Table Weak         Min:  0.0, Avg:  0.0, Max:  0.0, Diff:  0.0, Sum:  0.0, Workers: 4
[2296.096s][debug][gc,phases      ] GC(126)     Dead                           Min: 0, Avg:  0.0, Max: 0, Diff: 0, Sum: 0, Workers: 4
[2296.096s][debug][gc,phases      ] GC(126)     Total                          Min: 0, Avg:  0.0, Max: 0, Diff: 0, Sum: 0, Workers: 4
[2296.096s][debug][gc,phases      ] GC(126)   StringDedup Requests0 Weak     Min:  0.0, Avg:  0.0, Max:  0.0, Diff:  0.0, Sum:  0.0, Workers: 4
[2296.096s][debug][gc,phases      ] GC(126)     Dead                           Min: 0, Avg:  0.0, Max: 0, Diff: 0, Sum: 0, Workers: 4
[2296.096s][debug][gc,phases      ] GC(126)     Total                          Min: 0, Avg:  0.0, Max: 0, Diff: 0, Sum: 0, Workers: 4
[2296.096s][debug][gc,phases      ] GC(126)   StringDedup Requests1 Weak     Min:  0.0, Avg:  0.0, Max:  0.0, Diff:  0.0, Sum:  0.0, Workers: 4
[2296.096s][debug][gc,phases      ] GC(126)     Dead                           Min: 0, Avg:  0.0, Max: 0, Diff: 0, Sum: 0, Workers: 4
[2296.096s][debug][gc,phases      ] GC(126)     Total                          Min: 0, Avg:  0.0, Max: 0, Diff: 0, Sum: 0, Workers: 4
[2296.096s][debug][gc,phases      ] GC(126)   Weak JFR Old Object Samples    Min:  0.0, Avg:  0.0, Max:  0.0, Diff:  0.0, Sum:  0.0, Workers: 4
[2296.096s][debug][gc,phases      ] GC(126)     Dead                           Min: 0, Avg:  0.0, Max: 0, Diff: 0, Sum: 0, Workers: 4
[2296.096s][debug][gc,phases      ] GC(126)     Total                          Min: 0, Avg:  0.0, Max: 0, Diff: 0, Sum: 0, Workers: 4
[2296.096s][debug][gc,phases      ] GC(126) Weak Processing 0.371ms
[2296.096s][debug][gc,age         ] GC(126) Desired survivor size 20447232 bytes, new threshold 15 (max threshold 15)
[2296.096s][info ][gc,heap        ] GC(126) PSYoungGen: 2060320K(2074624K)->6752K(2077184K) Eden: 2053120K(2053120K)->0K(2056704K) From: 7200K(21504K)->6752K(20480K)
[2296.096s][info ][gc,heap        ] GC(126) ParOldGen: 443611K(539136K)->443723K(539136K)
[2296.096s][info ][gc,metaspace   ] GC(126) Metaspace: 82260K(83328K)->82260K(83328K) NonClass: 70686K(71296K)->70686K(71296K) Class: 11573K(12032K)->11573K(12032K)
[2296.096s][info ][gc             ] GC(126) Pause Young (Allocation Failure) 2445M->439M(2555M) 5.617ms
[2296.096s][info ][gc,cpu         ] GC(126) User=0.02s Sys=0.00s Real=0.01s
[2296.096s][info ][safepoint      ] Safepoint "ParallelGCFailedAllocation", Time since last: 4925020717 ns, Reaching safepoint: 116702 ns, At safepoint: 5724729 ns, Total: 5841431 ns
[2304.097s][info ][safepoint      ] Safepoint "Cleanup", Time since last: 8000577868 ns, Reaching safepoint: 92703 ns, At safepoint: 7000 ns, Total: 99703 ns
[2305.097s][info ][safepoint      ] Safepoint "Cleanup", Time since last: 1000156581 ns, Reaching safepoint: 133603 ns, At safepoint: 8500 ns, Total: 142103 ns
[2308.845s][info ][safepoint      ] Safepoint "Cleanup", Time since last: 3747505362 ns, Reaching safepoint: 67802 ns, At safepoint: 5600 ns, Total: 73402 ns
[2310.269s][info ][safepoint      ] Safepoint "Cleanup", Time since last: 1423682662 ns, Reaching safepoint: 259506 ns, At safepoint: 8200 ns, Total: 267706 ns
[2310.547s][info ][gc,start       ] GC(127) Pause Young (Allocation Failure)
[2310.597s][debug][gc,phases      ] GC(127) Scavenge 49.349ms
[2310.597s][debug][gc,ref         ] GC(127) Skipped phase 1 of Reference Processing: no references
[2310.597s][debug][gc,ref         ] GC(127) ReferenceProcessor::execute queues: 1, RefProcThreadModel::Single, marks_oops_alive: false
[2310.597s][debug][gc,ref         ] GC(127) Skipped phase 3 of Reference Processing: no references
[2310.597s][debug][gc,ref         ] GC(127) ReferenceProcessor::execute queues: 1, RefProcThreadModel::Single, marks_oops_alive: false
[2310.597s][debug][gc,phases      ] GC(127) Reference Processing 0.120ms
[2310.597s][debug][gc,phases      ] GC(127)   VM Weak                        Min:  0.0, Avg:  0.0, Max:  0.0, Diff:  0.0, Sum:  0.0, Workers: 4
[2310.597s][debug][gc,phases      ] GC(127)     Dead                           Min: 0, Avg:  0.0, Max: 0, Diff: 0, Sum: 0, Workers: 4
[2310.597s][debug][gc,phases      ] GC(127)     Total                          Min: 0, Avg: 225.8, Max: 711, Diff: 711, Sum: 903, Workers: 4
[2310.597s][debug][gc,phases      ] GC(127)   ObjectSynchronizer Weak        Min:  0.0, Avg:  0.0, Max:  0.0, Diff:  0.0, Sum:  0.0, Workers: 4
[2310.597s][debug][gc,phases      ] GC(127)     Dead                           Min: 0, Avg:  0.0, Max: 0, Diff: 0, Sum: 0, Workers: 4
[2310.597s][debug][gc,phases      ] GC(127)     Total                          Min: 0, Avg:  8.0, Max: 32, Diff: 32, Sum: 32, Workers: 4
[2310.597s][debug][gc,phases      ] GC(127)   JVMTI Tag Weak OopStorage      Min:  0.0, Avg:  0.0, Max:  0.0, Diff:  0.0, Sum:  0.0, Workers: 4
[2310.597s][debug][gc,phases      ] GC(127)     Dead                           Min: 0, Avg:  0.0, Max: 0, Diff: 0, Sum: 0, Workers: 4
[2310.597s][debug][gc,phases      ] GC(127)     Total                          Min: 0, Avg:  0.0, Max: 0, Diff: 0, Sum: 0, Workers: 4
[2310.597s][debug][gc,phases      ] GC(127)   StringTable Weak               Min:  0.0, Avg:  0.1, Max:  0.2, Diff:  0.2, Sum:  0.4, Workers: 4
[2310.597s][debug][gc,phases      ] GC(127)     Dead                           Min: 0, Avg:  0.8, Max: 3, Diff: 3, Sum: 3, Workers: 4
[2310.597s][debug][gc,phases      ] GC(127)     Total                          Min: 0, Avg: 10831.5, Max: 23104, Diff: 23104, Sum: 43326, Workers: 4
[2310.597s][debug][gc,phases      ] GC(127)   ResolvedMethodTable Weak       Min:  0.0, Avg:  0.0, Max:  0.0, Diff:  0.0, Sum:  0.1, Workers: 4
[2310.597s][debug][gc,phases      ] GC(127)     Dead                           Min: 0, Avg:  0.0, Max: 0, Diff: 0, Sum: 0, Workers: 4
[2310.597s][debug][gc,phases      ] GC(127)     Total                          Min: 0, Avg: 2355.0, Max: 4928, Diff: 4928, Sum: 9420, Workers: 4
[2310.597s][debug][gc,phases      ] GC(127)   JNI Weak                       Min:  0.0, Avg:  0.0, Max:  0.0, Diff:  0.0, Sum:  0.0, Workers: 4
[2310.597s][debug][gc,phases      ] GC(127)     Dead                           Min: 0, Avg:  0.0, Max: 0, Diff: 0, Sum: 0, Workers: 4
[2310.597s][debug][gc,phases      ] GC(127)     Total                          Min: 0, Avg: 16.8, Max: 54, Diff: 54, Sum: 67, Workers: 4
[2310.597s][debug][gc,phases      ] GC(127)   StringDedup Table Weak         Min:  0.0, Avg:  0.0, Max:  0.0, Diff:  0.0, Sum:  0.0, Workers: 4
[2310.597s][debug][gc,phases      ] GC(127)     Dead                           Min: 0, Avg:  0.0, Max: 0, Diff: 0, Sum: 0, Workers: 4
[2310.597s][debug][gc,phases      ] GC(127)     Total                          Min: 0, Avg:  0.0, Max: 0, Diff: 0, Sum: 0, Workers: 4
[2310.597s][debug][gc,phases      ] GC(127)   StringDedup Requests0 Weak     Min:  0.0, Avg:  0.0, Max:  0.0, Diff:  0.0, Sum:  0.0, Workers: 4
[2310.597s][debug][gc,phases      ] GC(127)     Dead                           Min: 0, Avg:  0.0, Max: 0, Diff: 0, Sum: 0, Workers: 4
[2310.597s][debug][gc,phases      ] GC(127)     Total                          Min: 0, Avg:  0.0, Max: 0, Diff: 0, Sum: 0, Workers: 4
[2310.597s][debug][gc,phases      ] GC(127)   StringDedup Requests1 Weak     Min:  0.0, Avg:  0.0, Max:  0.0, Diff:  0.0, Sum:  0.0, Workers: 4
[2310.597s][debug][gc,phases      ] GC(127)     Dead                           Min: 0, Avg:  0.0, Max: 0, Diff: 0, Sum: 0, Workers: 4
[2310.597s][debug][gc,phases      ] GC(127)     Total                          Min: 0, Avg:  0.0, Max: 0, Diff: 0, Sum: 0, Workers: 4
[2310.597s][debug][gc,phases      ] GC(127)   Weak JFR Old Object Samples    Min:  0.0, Avg:  0.0, Max:  0.0, Diff:  0.0, Sum:  0.0, Workers: 4
[2310.597s][debug][gc,phases      ] GC(127)     Dead                           Min: 0, Avg:  0.0, Max: 0, Diff: 0, Sum: 0, Workers: 4
[2310.597s][debug][gc,phases      ] GC(127)     Total                          Min: 0, Avg:  0.0, Max: 0, Diff: 0, Sum: 0, Workers: 4
[2310.597s][debug][gc,phases      ] GC(127) Weak Processing 0.480ms
[2310.597s][debug][gc,age         ] GC(127) Desired survivor size 47710208 bytes, new threshold 14 (max threshold 15)
[2310.597s][info ][gc,heap        ] GC(127) PSYoungGen: 2063456K(2077184K)->19956K(2076672K) Eden: 2056704K(2056704K)->0K(2056704K) From: 6752K(20480K)->19956K(19968K)
[2310.597s][info ][gc,heap        ] GC(127) ParOldGen: 443723K(539136K)->508447K(539136K)
[2310.597s][info ][gc,metaspace   ] GC(127) Metaspace: 82414K(83456K)->82414K(83456K) NonClass: 70817K(71360K)->70817K(71360K) Class: 11596K(12096K)->11596K(12096K)
[2310.597s][info ][gc             ] GC(127) Pause Young (Allocation Failure) 2448M->516M(2554M) 50.090ms
[2310.597s][info ][gc,cpu         ] GC(127) User=0.18s Sys=0.00s Real=0.05s
[2310.597s][info ][safepoint      ] Safepoint "ParallelGCFailedAllocation", Time since last: 278164527 ns, Reaching safepoint: 150903 ns, At safepoint: 50176524 ns, Total: 50327427 ns
[2311.814s][info ][safepoint      ] Safepoint "Cleanup", Time since last: 1216448231 ns, Reaching safepoint: 214905 ns, At safepoint: 13500 ns, Total: 228405 ns
[2312.814s][info ][safepoint      ] Safepoint "Cleanup", Time since last: 1000107689 ns, Reaching safepoint: 140503 ns, At safepoint: 8600 ns, Total: 149103 ns
[2313.946s][info ][safepoint      ] Safepoint "Cleanup", Time since last: 1131898739 ns, Reaching safepoint: 156603 ns, At safepoint: 8801 ns, Total: 165404 ns
[2314.947s][info ][safepoint      ] Safepoint "Cleanup", Time since last: 1000131389 ns, Reaching safepoint: 141903 ns, At safepoint: 7400 ns, Total: 149303 ns
[2315.947s][info ][safepoint      ] Safepoint "Cleanup", Time since last: 1000128389 ns, Reaching safepoint: 159903 ns, At safepoint: 5100 ns, Total: 165003 ns
[2316.947s][info ][safepoint      ] Safepoint "Cleanup", Time since last: 1000109389 ns, Reaching safepoint: 123403 ns, At safepoint: 11600 ns, Total: 135003 ns
[2317.948s][info ][safepoint      ] Safepoint "Cleanup", Time since last: 1000127874 ns, Reaching safepoint: 203404 ns, At safepoint: 8000 ns, Total: 211404 ns
[2318.948s][info ][safepoint      ] Safepoint "Cleanup", Time since last: 1000116003 ns, Reaching safepoint: 59301 ns, At safepoint: 4201 ns, Total: 63502 ns
[2319.948s][info ][safepoint      ] Safepoint "Cleanup", Time since last: 1000123103 ns, Reaching safepoint: 118502 ns, At safepoint: 14001 ns, Total: 132503 ns
[2320.948s][info ][safepoint      ] Safepoint "Cleanup", Time since last: 1000122703 ns, Reaching safepoint: 139303 ns, At safepoint: 5600 ns, Total: 144903 ns
[2322.949s][info ][safepoint      ] Safepoint "Cleanup", Time since last: 2000181804 ns, Reaching safepoint: 37401 ns, At safepoint: 3100 ns, Total: 40501 ns
[2323.949s][info ][safepoint      ] Safepoint "Cleanup", Time since last: 1000113803 ns, Reaching safepoint: 53001 ns, At safepoint: 6600 ns, Total: 59601 ns
[2324.949s][info ][safepoint      ] Safepoint "Cleanup", Time since last: 1000091503 ns, Reaching safepoint: 120202 ns, At safepoint: 5900 ns, Total: 126102 ns
[2325.592s][info ][gc,start       ] GC(128) Pause Young (Allocation Failure)
[2325.634s][debug][gc,phases      ] GC(128) Scavenge 41.635ms
[2325.634s][debug][gc,ref         ] GC(128) Skipped phase 1 of Reference Processing: no references
[2325.634s][debug][gc,ref         ] GC(128) ReferenceProcessor::execute queues: 1, RefProcThreadModel::Single, marks_oops_alive: false
[2325.634s][debug][gc,ref         ] GC(128) Skipped phase 3 of Reference Processing: no references
[2325.634s][debug][gc,ref         ] GC(128) ReferenceProcessor::execute queues: 1, RefProcThreadModel::Single, marks_oops_alive: false
[2325.634s][debug][gc,phases      ] GC(128) Reference Processing 0.129ms
[2325.634s][debug][gc,phases      ] GC(128)   VM Weak                        Min:  0.0, Avg:  0.0, Max:  0.0, Diff:  0.0, Sum:  0.0, Workers: 4
[2325.634s][debug][gc,phases      ] GC(128)     Dead                           Min: 0, Avg:  0.0, Max: 0, Diff: 0, Sum: 0, Workers: 4
[2325.634s][debug][gc,phases      ] GC(128)     Total                          Min: 0, Avg: 227.8, Max: 576, Diff: 576, Sum: 911, Workers: 4
[2325.634s][debug][gc,phases      ] GC(128)   ObjectSynchronizer Weak        Min:  0.0, Avg:  0.0, Max:  0.0, Diff:  0.0, Sum:  0.0, Workers: 4
[2325.634s][debug][gc,phases      ] GC(128)     Dead                           Min: 0, Avg:  0.0, Max: 0, Diff: 0, Sum: 0, Workers: 4
[2325.634s][debug][gc,phases      ] GC(128)     Total                          Min: 0, Avg:  8.2, Max: 33, Diff: 33, Sum: 33, Workers: 4
[2325.634s][debug][gc,phases      ] GC(128)   JVMTI Tag Weak OopStorage      Min:  0.0, Avg:  0.0, Max:  0.0, Diff:  0.0, Sum:  0.0, Workers: 4
[2325.634s][debug][gc,phases      ] GC(128)     Dead                           Min: 0, Avg:  0.0, Max: 0, Diff: 0, Sum: 0, Workers: 4
[2325.634s][debug][gc,phases      ] GC(128)     Total                          Min: 0, Avg:  0.0, Max: 0, Diff: 0, Sum: 0, Workers: 4
[2325.634s][debug][gc,phases      ] GC(128)   StringTable Weak               Min:  0.0, Avg:  0.1, Max:  0.2, Diff:  0.2, Sum:  0.4, Workers: 4
[2325.634s][debug][gc,phases      ] GC(128)     Dead                           Min: 0, Avg:  0.2, Max: 1, Diff: 1, Sum: 1, Workers: 4
[2325.634s][debug][gc,phases      ] GC(128)     Total                          Min: 0, Avg: 10848.8, Max: 23680, Diff: 23680, Sum: 43395, Workers: 4
[2325.634s][debug][gc,phases      ] GC(128)   ResolvedMethodTable Weak       Min:  0.0, Avg:  0.0, Max:  0.0, Diff:  0.0, Sum:  0.1, Workers: 4
[2325.634s][debug][gc,phases      ] GC(128)     Dead                           Min: 0, Avg:  0.0, Max: 0, Diff: 0, Sum: 0, Workers: 4
[2325.634s][debug][gc,phases      ] GC(128)     Total                          Min: 0, Avg: 2383.0, Max: 5116, Diff: 5116, Sum: 9532, Workers: 4
[2325.634s][debug][gc,phases      ] GC(128)   JNI Weak                       Min:  0.0, Avg:  0.0, Max:  0.0, Diff:  0.0, Sum:  0.0, Workers: 4
[2325.634s][debug][gc,phases      ] GC(128)     Dead                           Min: 0, Avg:  0.0, Max: 0, Diff: 0, Sum: 0, Workers: 4
[2325.634s][debug][gc,phases      ] GC(128)     Total                          Min: 0, Avg: 11.2, Max: 45, Diff: 45, Sum: 45, Workers: 4
[2325.634s][debug][gc,phases      ] GC(128)   StringDedup Table Weak         Min:  0.0, Avg:  0.0, Max:  0.0, Diff:  0.0, Sum:  0.0, Workers: 4
[2325.634s][debug][gc,phases      ] GC(128)     Dead                           Min: 0, Avg:  0.0, Max: 0, Diff: 0, Sum: 0, Workers: 4
[2325.634s][debug][gc,phases      ] GC(128)     Total                          Min: 0, Avg:  0.0, Max: 0, Diff: 0, Sum: 0, Workers: 4
[2325.634s][debug][gc,phases      ] GC(128)   StringDedup Requests0 Weak     Min:  0.0, Avg:  0.0, Max:  0.0, Diff:  0.0, Sum:  0.0, Workers: 4
[2325.634s][debug][gc,phases      ] GC(128)     Dead                           Min: 0, Avg:  0.0, Max: 0, Diff: 0, Sum: 0, Workers: 4
[2325.634s][debug][gc,phases      ] GC(128)     Total                          Min: 0, Avg:  0.0, Max: 0, Diff: 0, Sum: 0, Workers: 4
[2325.634s][debug][gc,phases      ] GC(128)   StringDedup Requests1 Weak     Min:  0.0, Avg:  0.0, Max:  0.0, Diff:  0.0, Sum:  0.0, Workers: 4
[2325.634s][debug][gc,phases      ] GC(128)     Dead                           Min: 0, Avg:  0.0, Max: 0, Diff: 0, Sum: 0, Workers: 4
[2325.634s][debug][gc,phases      ] GC(128)     Total                          Min: 0, Avg:  0.0, Max: 0, Diff: 0, Sum: 0, Workers: 4
[2325.634s][debug][gc,phases      ] GC(128)   Weak JFR Old Object Samples    Min:  0.0, Avg:  0.0, Max:  0.0, Diff:  0.0, Sum:  0.0, Workers: 4
[2325.634s][debug][gc,phases      ] GC(128)     Dead                           Min: 0, Avg:  0.0, Max: 0, Diff: 0, Sum: 0, Workers: 4
[2325.634s][debug][gc,phases      ] GC(128)     Total                          Min: 0, Avg:  0.0, Max: 0, Diff: 0, Sum: 0, Workers: 4
[2325.634s][debug][gc,phases      ] GC(128) Weak Processing 0.432ms
[2325.634s][debug][gc,age         ] GC(128) Desired survivor size 70254592 bytes, new threshold 13 (max threshold 15)
[2325.634s][info ][gc,heap        ] GC(128) PSYoungGen: 2076660K(2076672K)->20478K(1980416K) Eden: 2056704K(2056704K)->0K(1959936K) From: 19956K(19968K)->20478K(20480K)
[2325.634s][info ][gc,heap        ] GC(128) ParOldGen: 508447K(539136K)->571796K(571904K)
[2325.634s][info ][gc,metaspace   ] GC(128) Metaspace: 82682K(83776K)->82682K(83776K) NonClass: 71029K(71616K)->71029K(71616K) Class: 11652K(12160K)->11652K(12160K)
[2325.634s][info ][gc             ] GC(128) Pause Young (Allocation Failure) 2524M->578M(2492M) 42.336ms
[2325.634s][info ][gc,cpu         ] GC(128) User=0.12s Sys=0.02s Real=0.04s
[2325.634s][debug][gc,phases      ] GC(129) Pre Compact 0.010ms
[2325.634s][info ][gc,start       ] GC(129) Pause Full (Ergonomics)
[2325.634s][info ][gc,phases,start] GC(129) Marking Phase
[2325.791s][debug][gc,phases      ] GC(129) Par Mark 156.212ms
[2325.791s][debug][gc,ref         ] GC(129) Skipped phase 1 of Reference Processing: no references
[2325.791s][debug][gc,ref         ] GC(129) ReferenceProcessor::execute queues: 4, RefProcThreadModel::Multi, marks_oops_alive: false
[2325.791s][debug][gc,ref         ] GC(129) Skipped phase 3 of Reference Processing: no references
[2325.791s][debug][gc,ref         ] GC(129) ReferenceProcessor::execute queues: 1, RefProcThreadModel::Single, marks_oops_alive: false
[2325.791s][debug][gc,phases      ] GC(129) Reference Processing 0.839ms
[2325.792s][debug][gc,phases      ] GC(129)   VM Weak                        Min:  0.0, Avg:  0.0, Max:  0.0, Diff:  0.0, Sum:  0.0, Workers: 4
[2325.792s][debug][gc,phases      ] GC(129)     Dead                           Min: 0, Avg:  0.0, Max: 0, Diff: 0, Sum: 0, Workers: 4
[2325.792s][debug][gc,phases      ] GC(129)     Total                          Min: 0, Avg: 227.8, Max: 448, Diff: 448, Sum: 911, Workers: 4
[2325.792s][debug][gc,phases      ] GC(129)   ObjectSynchronizer Weak        Min:  0.0, Avg:  0.0, Max:  0.0, Diff:  0.0, Sum:  0.0, Workers: 4
[2325.792s][debug][gc,phases      ] GC(129)     Dead                           Min: 0, Avg:  0.0, Max: 0, Diff: 0, Sum: 0, Workers: 4
[2325.792s][debug][gc,phases      ] GC(129)     Total                          Min: 0, Avg:  8.2, Max: 33, Diff: 33, Sum: 33, Workers: 4
[2325.792s][debug][gc,phases      ] GC(129)   JVMTI Tag Weak OopStorage      Min:  0.0, Avg:  0.0, Max:  0.0, Diff:  0.0, Sum:  0.0, Workers: 4
[2325.792s][debug][gc,phases      ] GC(129)     Dead                           Min: 0, Avg:  0.0, Max: 0, Diff: 0, Sum: 0, Workers: 4
[2325.792s][debug][gc,phases      ] GC(129)     Total                          Min: 0, Avg:  0.0, Max: 0, Diff: 0, Sum: 0, Workers: 4
[2325.792s][debug][gc,phases      ] GC(129)   StringTable Weak               Min:  0.0, Avg:  0.2, Max:  0.2, Diff:  0.2, Sum:  0.7, Workers: 4
[2325.792s][debug][gc,phases      ] GC(129)     Dead                           Min: 0, Avg:  0.0, Max: 0, Diff: 0, Sum: 0, Workers: 4
[2325.792s][debug][gc,phases      ] GC(129)     Total                          Min: 0, Avg: 10848.8, Max: 14976, Diff: 14976, Sum: 43395, Workers: 4
[2325.792s][debug][gc,phases      ] GC(129)   ResolvedMethodTable Weak       Min:  0.0, Avg:  0.0, Max:  0.0, Diff:  0.0, Sum:  0.1, Workers: 4
[2325.792s][debug][gc,phases      ] GC(129)     Dead                           Min: 0, Avg:  0.0, Max: 0, Diff: 0, Sum: 0, Workers: 4
[2325.792s][debug][gc,phases      ] GC(129)     Total                          Min: 0, Avg: 2383.0, Max: 3772, Diff: 3772, Sum: 9532, Workers: 4
[2325.792s][debug][gc,phases      ] GC(129)   JNI Weak                       Min:  0.0, Avg:  0.0, Max:  0.0, Diff:  0.0, Sum:  0.0, Workers: 4
[2325.792s][debug][gc,phases      ] GC(129)     Dead                           Min: 0, Avg:  0.0, Max: 0, Diff: 0, Sum: 0, Workers: 4
[2325.792s][debug][gc,phases      ] GC(129)     Total                          Min: 0, Avg: 11.2, Max: 45, Diff: 45, Sum: 45, Workers: 4
[2325.792s][debug][gc,phases      ] GC(129)   StringDedup Table Weak         Min:  0.0, Avg:  0.0, Max:  0.0, Diff:  0.0, Sum:  0.0, Workers: 4
[2325.792s][debug][gc,phases      ] GC(129)     Dead                           Min: 0, Avg:  0.0, Max: 0, Diff: 0, Sum: 0, Workers: 4
[2325.792s][debug][gc,phases      ] GC(129)     Total                          Min: 0, Avg:  0.0, Max: 0, Diff: 0, Sum: 0, Workers: 4
[2325.792s][debug][gc,phases      ] GC(129)   StringDedup Requests0 Weak     Min:  0.0, Avg:  0.0, Max:  0.0, Diff:  0.0, Sum:  0.0, Workers: 4
[2325.792s][debug][gc,phases      ] GC(129)     Dead                           Min: 0, Avg:  0.0, Max: 0, Diff: 0, Sum: 0, Workers: 4
[2325.792s][debug][gc,phases      ] GC(129)     Total                          Min: 0, Avg:  0.0, Max: 0, Diff: 0, Sum: 0, Workers: 4
[2325.792s][debug][gc,phases      ] GC(129)   StringDedup Requests1 Weak     Min:  0.0, Avg:  0.0, Max:  0.0, Diff:  0.0, Sum:  0.0, Workers: 4
[2325.792s][debug][gc,phases      ] GC(129)     Dead                           Min: 0, Avg:  0.0, Max: 0, Diff: 0, Sum: 0, Workers: 4
[2325.792s][debug][gc,phases      ] GC(129)     Total                          Min: 0, Avg:  0.0, Max: 0, Diff: 0, Sum: 0, Workers: 4
[2325.792s][debug][gc,phases      ] GC(129)   Weak JFR Old Object Samples    Min:  0.0, Avg:  0.0, Max:  0.0, Diff:  0.0, Sum:  0.0, Workers: 4
[2325.792s][debug][gc,phases      ] GC(129)     Dead                           Min: 0, Avg:  0.0, Max: 0, Diff: 0, Sum: 0, Workers: 4
[2325.792s][debug][gc,phases      ] GC(129)     Total                          Min: 0, Avg:  0.0, Max: 0, Diff: 0, Sum: 0, Workers: 4
[2325.792s][debug][gc,phases      ] GC(129) Weak Processing 0.493ms
[2325.792s][debug][gc,phases      ] GC(129) ClassLoaderData 0.116ms
[2325.792s][debug][gc,phases      ] GC(129) Trigger cleanups 0.000ms
[2325.816s][debug][gc,phases      ] GC(129) Class Unloading 24.493ms
[2325.817s][info ][gc,phases      ] GC(129) Marking Phase 182.277ms
[2325.817s][info ][gc,phases,start] GC(129) Summary Phase
[2325.817s][info ][gc,phases      ] GC(129) Summary Phase 0.020ms
[2325.817s][info ][gc,phases,start] GC(129) Adjust Roots
[2325.832s][info ][gc,phases      ] GC(129) Adjust Roots 15.579ms
[2325.832s][info ][gc,phases,start] GC(129) Compaction Phase
[2325.987s][info ][gc,phases      ] GC(129) Compaction Phase 154.361ms
[2325.987s][info ][gc,phases,start] GC(129) Post Compact
[2325.989s][info ][gc,phases      ] GC(129) Post Compact 1.909ms
[2325.989s][info ][gc,heap        ] GC(129) PSYoungGen: 20478K(1980416K)->0K(2028544K) Eden: 0K(1959936K)->0K(1959936K) From: 20478K(20480K)->0K(68608K)
[2325.989s][info ][gc,heap        ] GC(129) ParOldGen: 571796K(571904K)->515554K(675840K)
[2325.989s][info ][gc,metaspace   ] GC(129) Metaspace: 82682K(83776K)->82682K(83776K) NonClass: 71029K(71616K)->71029K(71616K) Class: 11652K(12160K)->11652K(12160K)
[2325.989s][info ][gc             ] GC(129) Pause Full (Ergonomics) 578M->503M(2641M) 354.590ms
[2325.989s][info ][gc,cpu         ] GC(129) User=1.09s Sys=0.00s Real=0.35s
[2325.989s][info ][safepoint      ] Safepoint "ParallelGCFailedAllocation", Time since last: 642854708 ns, Reaching safepoint: 37501 ns, At safepoint: 397316601 ns, Total: 397354102 ns
[2329.353s][info ][safepoint      ] Safepoint "Cleanup", Time since last: 3363256629 ns, Reaching safepoint: 126802 ns, At safepoint: 7501 ns, Total: 134303 ns
[2330.353s][info ][safepoint      ] Safepoint "Cleanup", Time since last: 1000106640 ns, Reaching safepoint: 50501 ns, At safepoint: 2900 ns, Total: 53401 ns
[2333.353s][info ][safepoint      ] Safepoint "Cleanup", Time since last: 3000244820 ns, Reaching safepoint: 47701 ns, At safepoint: 3700 ns, Total: 51401 ns
[2334.353s][info ][safepoint      ] Safepoint "Cleanup", Time since last: 1000123391 ns, Reaching safepoint: 55101 ns, At safepoint: 2800 ns, Total: 57901 ns
[2335.353s][info ][safepoint      ] Safepoint "Cleanup", Time since last: 1000116128 ns, Reaching safepoint: 51201 ns, At safepoint: 4100 ns, Total: 55301 ns
[2336.354s][info ][safepoint      ] Safepoint "Cleanup", Time since last: 1000119028 ns, Reaching safepoint: 54501 ns, At safepoint: 3300 ns, Total: 57801 ns
[2337.354s][info ][safepoint      ] Safepoint "Cleanup", Time since last: 1000114628 ns, Reaching safepoint: 43301 ns, At safepoint: 5400 ns, Total: 48701 ns
[2338.354s][info ][safepoint      ] Safepoint "Cleanup", Time since last: 1000070427 ns, Reaching safepoint: 45701 ns, At safepoint: 3800 ns, Total: 49501 ns
[2339.354s][info ][safepoint      ] Safepoint "Cleanup", Time since last: 1000117828 ns, Reaching safepoint: 53701 ns, At safepoint: 3300 ns, Total: 57001 ns
[2341.354s][info ][safepoint      ] Safepoint "Cleanup", Time since last: 2000204055 ns, Reaching safepoint: 97702 ns, At safepoint: 6701 ns, Total: 104403 ns
[2344.355s][info ][safepoint      ] Safepoint "Cleanup", Time since last: 3000219980 ns, Reaching safepoint: 50601 ns, At safepoint: 5100 ns, Total: 55701 ns
[2345.355s][info ][safepoint      ] Safepoint "Cleanup", Time since last: 1000110059 ns, Reaching safepoint: 57701 ns, At safepoint: 3500 ns, Total: 61201 ns
[2349.355s][info ][safepoint      ] Safepoint "Cleanup", Time since last: 4000275731 ns, Reaching safepoint: 50401 ns, At safepoint: 8500 ns, Total: 58901 ns
[2350.355s][info ][safepoint      ] Safepoint "Cleanup", Time since last: 1000105570 ns, Reaching safepoint: 54001 ns, At safepoint: 2700 ns, Total: 56701 ns
[2352.355s][info ][safepoint      ] Safepoint "Cleanup", Time since last: 2000177991 ns, Reaching safepoint: 61401 ns, At safepoint: 12201 ns, Total: 73602 ns
[2354.356s][info ][safepoint      ] Safepoint "Cleanup", Time since last: 2000193091 ns, Reaching safepoint: 59901 ns, At safepoint: 3300 ns, Total: 63201 ns
[2356.356s][info ][safepoint      ] Safepoint "Cleanup", Time since last: 2000204892 ns, Reaching safepoint: 89902 ns, At safepoint: 5800 ns, Total: 95702 ns
[2357.357s][info ][safepoint      ] Safepoint "Cleanup", Time since last: 1000611957 ns, Reaching safepoint: 57201 ns, At safepoint: 4101 ns, Total: 61302 ns
[2358.185s][info ][gc,start       ] GC(130) Pause Young (Allocation Failure)
[2358.202s][debug][gc,phases      ] GC(130) Scavenge 17.251ms
[2358.202s][debug][gc,ref         ] GC(130) Skipped phase 1 of Reference Processing: no references
[2358.202s][debug][gc,ref         ] GC(130) ReferenceProcessor::execute queues: 1, RefProcThreadModel::Single, marks_oops_alive: false
[2358.202s][debug][gc,ref         ] GC(130) Skipped phase 3 of Reference Processing: no references
[2358.202s][debug][gc,ref         ] GC(130) ReferenceProcessor::execute queues: 1, RefProcThreadModel::Single, marks_oops_alive: false
[2358.202s][debug][gc,phases      ] GC(130) Reference Processing 0.108ms
[2358.202s][debug][gc,phases      ] GC(130)   VM Weak                        Min:  0.0, Avg:  0.0, Max:  0.0, Diff:  0.0, Sum:  0.0, Workers: 4
[2358.202s][debug][gc,phases      ] GC(130)     Dead                           Min: 0, Avg:  0.0, Max: 0, Diff: 0, Sum: 0, Workers: 4
[2358.202s][debug][gc,phases      ] GC(130)     Total                          Min: 0, Avg: 228.8, Max: 448, Diff: 448, Sum: 915, Workers: 4
[2358.202s][debug][gc,phases      ] GC(130)   ObjectSynchronizer Weak        Min:  0.0, Avg:  0.0, Max:  0.0, Diff:  0.0, Sum:  0.0, Workers: 4
[2358.202s][debug][gc,phases      ] GC(130)     Dead                           Min: 0, Avg:  0.0, Max: 0, Diff: 0, Sum: 0, Workers: 4
[2358.202s][debug][gc,phases      ] GC(130)     Total                          Min: 0, Avg:  8.2, Max: 33, Diff: 33, Sum: 33, Workers: 4
[2358.202s][debug][gc,phases      ] GC(130)   JVMTI Tag Weak OopStorage      Min:  0.0, Avg:  0.0, Max:  0.0, Diff:  0.0, Sum:  0.0, Workers: 4
[2358.202s][debug][gc,phases      ] GC(130)     Dead                           Min: 0, Avg:  0.0, Max: 0, Diff: 0, Sum: 0, Workers: 4
[2358.202s][debug][gc,phases      ] GC(130)     Total                          Min: 0, Avg:  0.0, Max: 0, Diff: 0, Sum: 0, Workers: 4
[2358.202s][debug][gc,phases      ] GC(130)   StringTable Weak               Min:  0.0, Avg:  0.1, Max:  0.1, Diff:  0.1, Sum:  0.4, Workers: 4
[2358.202s][debug][gc,phases      ] GC(130)     Dead                           Min: 0, Avg:  0.0, Max: 0, Diff: 0, Sum: 0, Workers: 4
[2358.203s][debug][gc,phases      ] GC(130)     Total                          Min: 0, Avg: 10852.2, Max: 15040, Diff: 15040, Sum: 43409, Workers: 4
[2358.203s][debug][gc,phases      ] GC(130)   ResolvedMethodTable Weak       Min:  0.0, Avg:  0.0, Max:  0.0, Diff:  0.0, Sum:  0.1, Workers: 4
[2358.203s][debug][gc,phases      ] GC(130)     Dead                           Min: 0, Avg:  0.0, Max: 0, Diff: 0, Sum: 0, Workers: 4
[2358.203s][debug][gc,phases      ] GC(130)     Total                          Min: 0, Avg: 2387.0, Max: 3328, Diff: 3328, Sum: 9548, Workers: 4
[2358.203s][debug][gc,phases      ] GC(130)   JNI Weak                       Min:  0.0, Avg:  0.0, Max:  0.0, Diff:  0.0, Sum:  0.0, Workers: 4
[2358.203s][debug][gc,phases      ] GC(130)     Dead                           Min: 0, Avg:  0.0, Max: 0, Diff: 0, Sum: 0, Workers: 4
[2358.203s][debug][gc,phases      ] GC(130)     Total                          Min: 0, Avg: 11.2, Max: 45, Diff: 45, Sum: 45, Workers: 4
[2358.203s][debug][gc,phases      ] GC(130)   StringDedup Table Weak         Min:  0.0, Avg:  0.0, Max:  0.0, Diff:  0.0, Sum:  0.0, Workers: 4
[2358.203s][debug][gc,phases      ] GC(130)     Dead                           Min: 0, Avg:  0.0, Max: 0, Diff: 0, Sum: 0, Workers: 4
[2358.203s][debug][gc,phases      ] GC(130)     Total                          Min: 0, Avg:  0.0, Max: 0, Diff: 0, Sum: 0, Workers: 4
[2358.203s][debug][gc,phases      ] GC(130)   StringDedup Requests0 Weak     Min:  0.0, Avg:  0.0, Max:  0.0, Diff:  0.0, Sum:  0.0, Workers: 4
[2358.203s][debug][gc,phases      ] GC(130)     Dead                           Min: 0, Avg:  0.0, Max: 0, Diff: 0, Sum: 0, Workers: 4
[2358.203s][debug][gc,phases      ] GC(130)     Total                          Min: 0, Avg:  0.0, Max: 0, Diff: 0, Sum: 0, Workers: 4
[2358.203s][debug][gc,phases      ] GC(130)   StringDedup Requests1 Weak     Min:  0.0, Avg:  0.0, Max:  0.0, Diff:  0.0, Sum:  0.0, Workers: 4
[2358.203s][debug][gc,phases      ] GC(130)     Dead                           Min: 0, Avg:  0.0, Max: 0, Diff: 0, Sum: 0, Workers: 4
[2358.203s][debug][gc,phases      ] GC(130)     Total                          Min: 0, Avg:  0.0, Max: 0, Diff: 0, Sum: 0, Workers: 4
[2358.203s][debug][gc,phases      ] GC(130)   Weak JFR Old Object Samples    Min:  0.0, Avg:  0.0, Max:  0.0, Diff:  0.0, Sum:  0.0, Workers: 4
[2358.203s][debug][gc,phases      ] GC(130)     Dead                           Min: 0, Avg:  0.0, Max: 0, Diff: 0, Sum: 0, Workers: 4
[2358.203s][debug][gc,phases      ] GC(130)     Total                          Min: 0, Avg:  0.0, Max: 0, Diff: 0, Sum: 0, Workers: 4
[2358.203s][debug][gc,phases      ] GC(130) Weak Processing 0.396ms
[2358.203s][debug][gc,age         ] GC(130) Desired survivor size 66584576 bytes, new threshold 14 (max threshold 15)
[2358.203s][info ][gc,heap        ] GC(130) PSYoungGen: 1959936K(2028544K)->17929K(2032128K) Eden: 1959936K(1959936K)->0K(1963520K) From: 0K(68608K)->17929K(68608K)
[2358.203s][info ][gc,heap        ] GC(130) ParOldGen: 515554K(675840K)->515554K(675840K)
[2358.203s][info ][gc,metaspace   ] GC(130) Metaspace: 82739K(83840K)->82739K(83840K) NonClass: 71081K(71680K)->71081K(71680K) Class: 11658K(12160K)->11658K(12160K)
[2358.203s][info ][gc             ] GC(130) Pause Young (Allocation Failure) 2417M->520M(2644M) 17.906ms
[2358.203s][info ][gc,cpu         ] GC(130) User=0.05s Sys=0.00s Real=0.01s
[2358.203s][info ][safepoint      ] Safepoint "ParallelGCFailedAllocation", Time since last: 827875042 ns, Reaching safepoint: 122702 ns, At safepoint: 18004899 ns, Total: 18127601 ns
[2359.203s][info ][safepoint      ] Safepoint "Cleanup", Time since last: 1000094526 ns, Reaching safepoint: 69802 ns, At safepoint: 5700 ns, Total: 75502 ns
[2360.203s][info ][safepoint      ] Safepoint "Cleanup", Time since last: 1000118227 ns, Reaching safepoint: 54001 ns, At safepoint: 5000 ns, Total: 59001 ns
[2361.203s][info ][safepoint      ] Safepoint "Cleanup", Time since last: 1000124728 ns, Reaching safepoint: 45201 ns, At safepoint: 3000 ns, Total: 48201 ns
[2362.203s][info ][safepoint      ] Safepoint "Cleanup", Time since last: 1000115727 ns, Reaching safepoint: 49201 ns, At safepoint: 3700 ns, Total: 52901 ns
[2363.204s][info ][safepoint      ] Safepoint "Cleanup", Time since last: 1000122227 ns, Reaching safepoint: 51502 ns, At safepoint: 2800 ns, Total: 54302 ns
[2364.204s][info ][safepoint      ] Safepoint "Cleanup", Time since last: 1000125527 ns, Reaching safepoint: 80402 ns, At safepoint: 4100 ns, Total: 84502 ns
[2366.204s][info ][safepoint      ] Safepoint "Cleanup", Time since last: 2000189392 ns, Reaching safepoint: 57102 ns, At safepoint: 2900 ns, Total: 60002 ns
[2367.204s][info ][safepoint      ] Safepoint "Cleanup", Time since last: 1000106475 ns, Reaching safepoint: 47001 ns, At safepoint: 2700 ns, Total: 49701 ns
[2368.204s][info ][safepoint      ] Safepoint "Cleanup", Time since last: 1000144476 ns, Reaching safepoint: 119703 ns, At safepoint: 10400 ns, Total: 130103 ns
[2369.877s][info ][safepoint      ] Safepoint "Cleanup", Time since last: 1672892360 ns, Reaching safepoint: 84102 ns, At safepoint: 10000 ns, Total: 94102 ns
[2370.878s][info ][safepoint      ] Safepoint "Cleanup", Time since last: 1000130175 ns, Reaching safepoint: 88402 ns, At safepoint: 7200 ns, Total: 95602 ns
[2371.878s][info ][safepoint      ] Safepoint "Cleanup", Time since last: 1000129076 ns, Reaching safepoint: 141003 ns, At safepoint: 5900 ns, Total: 146903 ns
[2372.878s][info ][safepoint      ] Safepoint "Cleanup", Time since last: 1000113576 ns, Reaching safepoint: 84201 ns, At safepoint: 3400 ns, Total: 87601 ns
[2374.878s][info ][safepoint      ] Safepoint "Cleanup", Time since last: 2000181682 ns, Reaching safepoint: 121003 ns, At safepoint: 6600 ns, Total: 127603 ns
[2375.879s][info ][safepoint      ] Safepoint "Cleanup", Time since last: 1000151811 ns, Reaching safepoint: 80102 ns, At safepoint: 7500 ns, Total: 87602 ns
[2376.879s][info ][safepoint      ] Safepoint "Cleanup", Time since last: 1000132811 ns, Reaching safepoint: 72501 ns, At safepoint: 7500 ns, Total: 80001 ns
[2377.879s][info ][safepoint      ] Safepoint "Cleanup", Time since last: 1000129711 ns, Reaching safepoint: 74602 ns, At safepoint: 37200 ns, Total: 111802 ns
[2379.289s][info ][gc,start       ] GC(131) Pause Young (Allocation Failure)
[2379.307s][debug][gc,phases      ] GC(131) Scavenge 17.978ms
[2379.307s][debug][gc,ref         ] GC(131) Skipped phase 1 of Reference Processing: no references
[2379.307s][debug][gc,ref         ] GC(131) ReferenceProcessor::execute queues: 1, RefProcThreadModel::Single, marks_oops_alive: false
[2379.307s][debug][gc,ref         ] GC(131) Skipped phase 3 of Reference Processing: no references
[2379.307s][debug][gc,ref         ] GC(131) ReferenceProcessor::execute queues: 1, RefProcThreadModel::Single, marks_oops_alive: false
[2379.307s][debug][gc,phases      ] GC(131) Reference Processing 0.128ms
[2379.307s][debug][gc,phases      ] GC(131)   VM Weak                        Min:  0.0, Avg:  0.0, Max:  0.0, Diff:  0.0, Sum:  0.0, Workers: 4
[2379.307s][debug][gc,phases      ] GC(131)     Dead                           Min: 0, Avg:  0.0, Max: 0, Diff: 0, Sum: 0, Workers: 4
[2379.307s][debug][gc,phases      ] GC(131)     Total                          Min: 0, Avg: 228.8, Max: 531, Diff: 531, Sum: 915, Workers: 4
[2379.307s][debug][gc,phases      ] GC(131)   ObjectSynchronizer Weak        Min:  0.0, Avg:  0.0, Max:  0.0, Diff:  0.0, Sum:  0.0, Workers: 4
[2379.307s][debug][gc,phases      ] GC(131)     Dead                           Min: 0, Avg:  0.0, Max: 0, Diff: 0, Sum: 0, Workers: 4
[2379.307s][debug][gc,phases      ] GC(131)     Total                          Min: 0, Avg:  8.2, Max: 33, Diff: 33, Sum: 33, Workers: 4
[2379.307s][debug][gc,phases      ] GC(131)   JVMTI Tag Weak OopStorage      Min:  0.0, Avg:  0.0, Max:  0.0, Diff:  0.0, Sum:  0.0, Workers: 4
[2379.307s][debug][gc,phases      ] GC(131)     Dead                           Min: 0, Avg:  0.0, Max: 0, Diff: 0, Sum: 0, Workers: 4
[2379.307s][debug][gc,phases      ] GC(131)     Total                          Min: 0, Avg:  0.0, Max: 0, Diff: 0, Sum: 0, Workers: 4
[2379.307s][debug][gc,phases      ] GC(131)   StringTable Weak               Min:  0.0, Avg:  0.1, Max:  0.2, Diff:  0.2, Sum:  0.4, Workers: 4
[2379.307s][debug][gc,phases      ] GC(131)     Dead                           Min: 0, Avg:  0.2, Max: 1, Diff: 1, Sum: 1, Workers: 4
[2379.307s][debug][gc,phases      ] GC(131)     Total                          Min: 0, Avg: 10858.5, Max: 15230, Diff: 15230, Sum: 43434, Workers: 4
[2379.307s][debug][gc,phases      ] GC(131)   ResolvedMethodTable Weak       Min:  0.0, Avg:  0.0, Max:  0.0, Diff:  0.0, Sum:  0.1, Workers: 4
[2379.307s][debug][gc,phases      ] GC(131)     Dead                           Min: 0, Avg:  0.0, Max: 0, Diff: 0, Sum: 0, Workers: 4
[2379.307s][debug][gc,phases      ] GC(131)     Total                          Min: 0, Avg: 2388.2, Max: 3328, Diff: 3328, Sum: 9553, Workers: 4
[2379.307s][debug][gc,phases      ] GC(131)   JNI Weak                       Min:  0.0, Avg:  0.0, Max:  0.0, Diff:  0.0, Sum:  0.0, Workers: 4
[2379.307s][debug][gc,phases      ] GC(131)     Dead                           Min: 0, Avg:  0.0, Max: 0, Diff: 0, Sum: 0, Workers: 4
[2379.307s][debug][gc,phases      ] GC(131)     Total                          Min: 0, Avg: 11.2, Max: 45, Diff: 45, Sum: 45, Workers: 4
[2379.307s][debug][gc,phases      ] GC(131)   StringDedup Table Weak         Min:  0.0, Avg:  0.0, Max:  0.0, Diff:  0.0, Sum:  0.0, Workers: 4
[2379.307s][debug][gc,phases      ] GC(131)     Dead                           Min: 0, Avg:  0.0, Max: 0, Diff: 0, Sum: 0, Workers: 4
[2379.307s][debug][gc,phases      ] GC(131)     Total                          Min: 0, Avg:  0.0, Max: 0, Diff: 0, Sum: 0, Workers: 4
[2379.307s][debug][gc,phases      ] GC(131)   StringDedup Requests0 Weak     Min:  0.0, Avg:  0.0, Max:  0.0, Diff:  0.0, Sum:  0.0, Workers: 4
[2379.307s][debug][gc,phases      ] GC(131)     Dead                           Min: 0, Avg:  0.0, Max: 0, Diff: 0, Sum: 0, Workers: 4
[2379.307s][debug][gc,phases      ] GC(131)     Total                          Min: 0, Avg:  0.0, Max: 0, Diff: 0, Sum: 0, Workers: 4
[2379.307s][debug][gc,phases      ] GC(131)   StringDedup Requests1 Weak     Min:  0.0, Avg:  0.0, Max:  0.0, Diff:  0.0, Sum:  0.0, Workers: 4
[2379.307s][debug][gc,phases      ] GC(131)     Dead                           Min: 0, Avg:  0.0, Max: 0, Diff: 0, Sum: 0, Workers: 4
[2379.307s][debug][gc,phases      ] GC(131)     Total                          Min: 0, Avg:  0.0, Max: 0, Diff: 0, Sum: 0, Workers: 4
[2379.307s][debug][gc,phases      ] GC(131)   Weak JFR Old Object Samples    Min:  0.0, Avg:  0.0, Max:  0.0, Diff:  0.0, Sum:  0.0, Workers: 4
[2379.307s][debug][gc,phases      ] GC(131)     Dead                           Min: 0, Avg:  0.0, Max: 0, Diff: 0, Sum: 0, Workers: 4
[2379.307s][debug][gc,phases      ] GC(131)     Total                          Min: 0, Avg:  0.0, Max: 0, Diff: 0, Sum: 0, Workers: 4
[2379.307s][debug][gc,phases      ] GC(131) Weak Processing 0.385ms
[2379.307s][debug][gc,age         ] GC(131) Desired survivor size 69730304 bytes, new threshold 15 (max threshold 15)
[2379.307s][info ][gc,heap        ] GC(131) PSYoungGen: 1981449K(2032128K)->41851K(2028544K) Eden: 1963520K(1963520K)->0K(1963520K) From: 17929K(68608K)->41851K(65024K)
[2379.307s][info ][gc,heap        ] GC(131) ParOldGen: 515554K(675840K)->515554K(675840K)
[2379.307s][info ][gc,metaspace   ] GC(131) Metaspace: 82765K(83840K)->82765K(83840K) NonClass: 71104K(71680K)->71104K(71680K) Class: 11661K(12160K)->11661K(12160K)
[2379.307s][info ][gc             ] GC(131) Pause Young (Allocation Failure) 2438M->544M(2641M) 18.632ms
[2379.307s][info ][gc,cpu         ] GC(131) User=0.07s Sys=0.00s Real=0.02s
[2379.307s][info ][safepoint      ] Safepoint "ParallelGCFailedAllocation", Time since last: 1409472542 ns, Reaching safepoint: 130803 ns, At safepoint: 18718818 ns, Total: 18849621 ns
[2381.308s][info ][safepoint      ] Safepoint "Cleanup", Time since last: 2000162818 ns, Reaching safepoint: 59302 ns, At safepoint: 5100 ns, Total: 64402 ns
[2383.308s][info ][safepoint      ] Safepoint "Cleanup", Time since last: 2000220280 ns, Reaching safepoint: 106602 ns, At safepoint: 6200 ns, Total: 112802 ns
[2384.308s][info ][safepoint      ] Safepoint "Cleanup", Time since last: 1000136933 ns, Reaching safepoint: 97502 ns, At safepoint: 3000 ns, Total: 100502 ns
[2385.308s][info ][safepoint      ] Safepoint "Cleanup", Time since last: 1000126233 ns, Reaching safepoint: 58701 ns, At safepoint: 3401 ns, Total: 62102 ns
[2386.309s][info ][safepoint      ] Safepoint "Cleanup", Time since last: 1000113532 ns, Reaching safepoint: 58001 ns, At safepoint: 3700 ns, Total: 61701 ns
[2387.309s][info ][safepoint      ] Safepoint "Cleanup", Time since last: 1000122733 ns, Reaching safepoint: 60802 ns, At safepoint: 4800 ns, Total: 65602 ns
[2389.309s][info ][safepoint      ] Safepoint "Cleanup", Time since last: 2000192664 ns, Reaching safepoint: 52401 ns, At safepoint: 3100 ns, Total: 55501 ns
[2390.309s][info ][safepoint      ] Safepoint "Cleanup", Time since last: 1000127589 ns, Reaching safepoint: 59901 ns, At safepoint: 6300 ns, Total: 66201 ns
[2391.309s][info ][safepoint      ] Safepoint "Cleanup", Time since last: 1000122193 ns, Reaching safepoint: 58402 ns, At safepoint: 3800 ns, Total: 62202 ns
[2392.310s][info ][safepoint      ] Safepoint "Cleanup", Time since last: 1000118592 ns, Reaching safepoint: 64702 ns, At safepoint: 3500 ns, Total: 68202 ns
[2395.301s][info ][safepoint      ] Safepoint "Cleanup", Time since last: 2991270675 ns, Reaching safepoint: 114003 ns, At safepoint: 9100 ns, Total: 123103 ns
[2396.301s][info ][safepoint      ] Safepoint "Cleanup", Time since last: 1000132793 ns, Reaching safepoint: 146103 ns, At safepoint: 8800 ns, Total: 154903 ns
[2397.302s][info ][safepoint      ] Safepoint "Cleanup", Time since last: 1000129293 ns, Reaching safepoint: 65502 ns, At safepoint: 6100 ns, Total: 71602 ns
[2398.302s][info ][safepoint      ] Safepoint "Cleanup", Time since last: 1000110934 ns, Reaching safepoint: 45501 ns, At safepoint: 8100 ns, Total: 53601 ns
[2401.302s][info ][safepoint      ] Safepoint "Cleanup", Time since last: 3000210854 ns, Reaching safepoint: 40401 ns, At safepoint: 3100 ns, Total: 43501 ns
[2403.302s][info ][safepoint      ] Safepoint "Cleanup", Time since last: 2000170136 ns, Reaching safepoint: 46801 ns, At safepoint: 3100 ns, Total: 49901 ns
[2404.302s][info ][safepoint      ] Safepoint "Cleanup", Time since last: 1000139820 ns, Reaching safepoint: 41201 ns, At safepoint: 4600 ns, Total: 45801 ns
[2409.303s][info ][safepoint      ] Safepoint "Cleanup", Time since last: 5000381522 ns, Reaching safepoint: 46601 ns, At safepoint: 4400 ns, Total: 51001 ns
[2410.303s][info ][safepoint      ] Safepoint "Cleanup", Time since last: 1000117979 ns, Reaching safepoint: 51401 ns, At safepoint: 3100 ns, Total: 54501 ns
[2410.587s][info ][gc,start       ] GC(132) Pause Young (Allocation Failure)
[2410.602s][debug][gc,phases      ] GC(132) Scavenge 15.744ms
[2410.602s][debug][gc,ref         ] GC(132) Skipped phase 1 of Reference Processing: no references
[2410.603s][debug][gc,ref         ] GC(132) ReferenceProcessor::execute queues: 1, RefProcThreadModel::Single, marks_oops_alive: false
[2410.603s][debug][gc,ref         ] GC(132) Skipped phase 3 of Reference Processing: no references
[2410.603s][debug][gc,ref         ] GC(132) ReferenceProcessor::execute queues: 1, RefProcThreadModel::Single, marks_oops_alive: false
[2410.603s][debug][gc,phases      ] GC(132) Reference Processing 0.121ms
[2410.603s][debug][gc,phases      ] GC(132)   VM Weak                        Min:  0.0, Avg:  0.0, Max:  0.0, Diff:  0.0, Sum:  0.0, Workers: 4
[2410.603s][debug][gc,phases      ] GC(132)     Dead                           Min: 0, Avg:  0.0, Max: 0, Diff: 0, Sum: 0, Workers: 4
[2410.603s][debug][gc,phases      ] GC(132)     Total                          Min: 0, Avg: 229.2, Max: 384, Diff: 384, Sum: 917, Workers: 4
[2410.603s][debug][gc,phases      ] GC(132)   ObjectSynchronizer Weak        Min:  0.0, Avg:  0.0, Max:  0.0, Diff:  0.0, Sum:  0.0, Workers: 4
[2410.603s][debug][gc,phases      ] GC(132)     Dead                           Min: 0, Avg:  0.0, Max: 0, Diff: 0, Sum: 0, Workers: 4
[2410.603s][debug][gc,phases      ] GC(132)     Total                          Min: 0, Avg:  8.5, Max: 34, Diff: 34, Sum: 34, Workers: 4
[2410.603s][debug][gc,phases      ] GC(132)   JVMTI Tag Weak OopStorage      Min:  0.0, Avg:  0.0, Max:  0.0, Diff:  0.0, Sum:  0.0, Workers: 4
[2410.603s][debug][gc,phases      ] GC(132)     Dead                           Min: 0, Avg:  0.0, Max: 0, Diff: 0, Sum: 0, Workers: 4
[2410.603s][debug][gc,phases      ] GC(132)     Total                          Min: 0, Avg:  0.0, Max: 0, Diff: 0, Sum: 0, Workers: 4
[2410.603s][debug][gc,phases      ] GC(132)   StringTable Weak               Min:  0.1, Avg:  0.1, Max:  0.1, Diff:  0.0, Sum:  0.4, Workers: 4
[2410.603s][debug][gc,phases      ] GC(132)     Dead                           Min: 0, Avg:  0.2, Max: 1, Diff: 1, Sum: 1, Workers: 4
[2410.603s][debug][gc,phases      ] GC(132)     Total                          Min: 10176, Avg: 10863.8, Max: 11776, Diff: 1600, Sum: 43455, Workers: 4
[2410.603s][debug][gc,phases      ] GC(132)   ResolvedMethodTable Weak       Min:  0.0, Avg:  0.0, Max:  0.0, Diff:  0.0, Sum:  0.1, Workers: 4
[2410.603s][debug][gc,phases      ] GC(132)     Dead                           Min: 0, Avg:  0.2, Max: 1, Diff: 1, Sum: 1, Workers: 4
[2410.603s][debug][gc,phases      ] GC(132)     Total                          Min: 2112, Avg: 2391.8, Max: 2560, Diff: 448, Sum: 9567, Workers: 4
[2410.603s][debug][gc,phases      ] GC(132)   JNI Weak                       Min:  0.0, Avg:  0.0, Max:  0.0, Diff:  0.0, Sum:  0.0, Workers: 4
[2410.603s][debug][gc,phases      ] GC(132)     Dead                           Min: 0, Avg:  0.0, Max: 0, Diff: 0, Sum: 0, Workers: 4
[2410.603s][debug][gc,phases      ] GC(132)     Total                          Min: 0, Avg: 11.2, Max: 45, Diff: 45, Sum: 45, Workers: 4
[2410.603s][debug][gc,phases      ] GC(132)   StringDedup Table Weak         Min:  0.0, Avg:  0.0, Max:  0.0, Diff:  0.0, Sum:  0.0, Workers: 4
[2410.603s][debug][gc,phases      ] GC(132)     Dead                           Min: 0, Avg:  0.0, Max: 0, Diff: 0, Sum: 0, Workers: 4
[2410.603s][debug][gc,phases      ] GC(132)     Total                          Min: 0, Avg:  0.0, Max: 0, Diff: 0, Sum: 0, Workers: 4
[2410.603s][debug][gc,phases      ] GC(132)   StringDedup Requests0 Weak     Min:  0.0, Avg:  0.0, Max:  0.0, Diff:  0.0, Sum:  0.0, Workers: 4
[2410.603s][debug][gc,phases      ] GC(132)     Dead                           Min: 0, Avg:  0.0, Max: 0, Diff: 0, Sum: 0, Workers: 4
[2410.603s][debug][gc,phases      ] GC(132)     Total                          Min: 0, Avg:  0.0, Max: 0, Diff: 0, Sum: 0, Workers: 4
[2410.603s][debug][gc,phases      ] GC(132)   StringDedup Requests1 Weak     Min:  0.0, Avg:  0.0, Max:  0.0, Diff:  0.0, Sum:  0.0, Workers: 4
[2410.603s][debug][gc,phases      ] GC(132)     Dead                           Min: 0, Avg:  0.0, Max: 0, Diff: 0, Sum: 0, Workers: 4
[2410.603s][debug][gc,phases      ] GC(132)     Total                          Min: 0, Avg:  0.0, Max: 0, Diff: 0, Sum: 0, Workers: 4
[2410.603s][debug][gc,phases      ] GC(132)   Weak JFR Old Object Samples    Min:  0.0, Avg:  0.0, Max:  0.0, Diff:  0.0, Sum:  0.0, Workers: 4
[2410.603s][debug][gc,phases      ] GC(132)     Dead                           Min: 0, Avg:  0.0, Max: 0, Diff: 0, Sum: 0, Workers: 4
[2410.603s][debug][gc,phases      ] GC(132)     Total                          Min: 0, Avg:  0.0, Max: 0, Diff: 0, Sum: 0, Workers: 4
[2410.603s][debug][gc,phases      ] GC(132) Weak Processing 0.331ms
[2410.603s][debug][gc,age         ] GC(132) Desired survivor size 72351744 bytes, new threshold 15 (max threshold 15)
[2410.603s][info ][gc,heap        ] GC(132) PSYoungGen: 2005371K(2028544K)->42394K(2023936K) Eden: 1963520K(1963520K)->0K(1955840K) From: 41851K(65024K)->42394K(68096K)
[2410.603s][info ][gc,heap        ] GC(132) ParOldGen: 515554K(675840K)->515562K(675840K)
[2410.603s][info ][gc,metaspace   ] GC(132) Metaspace: 82841K(83904K)->82841K(83904K) NonClass: 71170K(71744K)->71170K(71744K) Class: 11670K(12160K)->11670K(12160K)
[2410.603s][info ][gc             ] GC(132) Pause Young (Allocation Failure) 2461M->544M(2636M) 16.360ms
[2410.603s][info ][gc,cpu         ] GC(132) User=0.06s Sys=0.00s Real=0.01s
[2410.603s][info ][safepoint      ] Safepoint "ParallelGCFailedAllocation", Time since last: 283580117 ns, Reaching safepoint: 44501 ns, At safepoint: 16441967 ns, Total: 16486468 ns
[2411.603s][info ][safepoint      ] Safepoint "Cleanup", Time since last: 1000082878 ns, Reaching safepoint: 44901 ns, At safepoint: 2700 ns, Total: 47601 ns
[2412.603s][info ][safepoint      ] Safepoint "Cleanup", Time since last: 1000114079 ns, Reaching safepoint: 60201 ns, At safepoint: 2900 ns, Total: 63101 ns
[2413.603s][info ][safepoint      ] Safepoint "Cleanup", Time since last: 1000113079 ns, Reaching safepoint: 50801 ns, At safepoint: 2900 ns, Total: 53701 ns
[2418.604s][info ][safepoint      ] Safepoint "Cleanup", Time since last: 5000365030 ns, Reaching safepoint: 50302 ns, At safepoint: 2900 ns, Total: 53202 ns
[2420.145s][info ][safepoint      ] Safepoint "Cleanup", Time since last: 1541145944 ns, Reaching safepoint: 120103 ns, At safepoint: 6600 ns, Total: 126703 ns
[2421.145s][info ][safepoint      ] Safepoint "Cleanup", Time since last: 1000116023 ns, Reaching safepoint: 115302 ns, At safepoint: 6601 ns, Total: 121903 ns
[2424.146s][info ][safepoint      ] Safepoint "Cleanup", Time since last: 3000239485 ns, Reaching safepoint: 129103 ns, At safepoint: 7700 ns, Total: 136803 ns
[2432.147s][info ][safepoint      ] Safepoint "Cleanup", Time since last: 8000716229 ns, Reaching safepoint: 131303 ns, At safepoint: 5900 ns, Total: 137203 ns
[2433.147s][info ][safepoint      ] Safepoint "Cleanup", Time since last: 1000141350 ns, Reaching safepoint: 122503 ns, At safepoint: 6800 ns, Total: 129303 ns
[2435.147s][info ][safepoint      ] Safepoint "Cleanup", Time since last: 2000221098 ns, Reaching safepoint: 120103 ns, At safepoint: 6300 ns, Total: 126403 ns
[2438.148s][info ][safepoint      ] Safepoint "Cleanup", Time since last: 3000265519 ns, Reaching safepoint: 121102 ns, At safepoint: 5201 ns, Total: 126303 ns
[2439.148s][info ][safepoint      ] Safepoint "Cleanup", Time since last: 1000112951 ns, Reaching safepoint: 129303 ns, At safepoint: 6700 ns, Total: 136003 ns
[2443.148s][info ][safepoint      ] Safepoint "Cleanup", Time since last: 4000266601 ns, Reaching safepoint: 114902 ns, At safepoint: 6000 ns, Total: 120902 ns
[2443.785s][info ][gc,start       ] GC(133) Pause Young (Allocation Failure)
[2443.801s][debug][gc,phases      ] GC(133) Scavenge 16.238ms
[2443.801s][debug][gc,ref         ] GC(133) Skipped phase 1 of Reference Processing: no references
[2443.801s][debug][gc,ref         ] GC(133) ReferenceProcessor::execute queues: 1, RefProcThreadModel::Single, marks_oops_alive: false
[2443.801s][debug][gc,ref         ] GC(133) Skipped phase 3 of Reference Processing: no references
[2443.801s][debug][gc,ref         ] GC(133) ReferenceProcessor::execute queues: 1, RefProcThreadModel::Single, marks_oops_alive: false
[2443.801s][debug][gc,phases      ] GC(133) Reference Processing 0.126ms
[2443.802s][debug][gc,phases      ] GC(133)   VM Weak                        Min:  0.0, Avg:  0.0, Max:  0.0, Diff:  0.0, Sum:  0.0, Workers: 4
[2443.802s][debug][gc,phases      ] GC(133)     Dead                           Min: 0, Avg:  0.0, Max: 0, Diff: 0, Sum: 0, Workers: 4
[2443.802s][debug][gc,phases      ] GC(133)     Total                          Min: 0, Avg: 229.2, Max: 597, Diff: 597, Sum: 917, Workers: 4
[2443.802s][debug][gc,phases      ] GC(133)   ObjectSynchronizer Weak        Min:  0.0, Avg:  0.0, Max:  0.0, Diff:  0.0, Sum:  0.0, Workers: 4
[2443.802s][debug][gc,phases      ] GC(133)     Dead                           Min: 0, Avg:  0.0, Max: 0, Diff: 0, Sum: 0, Workers: 4
[2443.802s][debug][gc,phases      ] GC(133)     Total                          Min: 0, Avg:  8.5, Max: 34, Diff: 34, Sum: 34, Workers: 4
[2443.802s][debug][gc,phases      ] GC(133)   JVMTI Tag Weak OopStorage      Min:  0.0, Avg:  0.0, Max:  0.0, Diff:  0.0, Sum:  0.0, Workers: 4
[2443.802s][debug][gc,phases      ] GC(133)     Dead                           Min: 0, Avg:  0.0, Max: 0, Diff: 0, Sum: 0, Workers: 4
[2443.802s][debug][gc,phases      ] GC(133)     Total                          Min: 0, Avg:  0.0, Max: 0, Diff: 0, Sum: 0, Workers: 4
[2443.802s][debug][gc,phases      ] GC(133)   StringTable Weak               Min:  0.0, Avg:  0.1, Max:  0.2, Diff:  0.2, Sum:  0.5, Workers: 4
[2443.802s][debug][gc,phases      ] GC(133)     Dead                           Min: 0, Avg:  0.0, Max: 0, Diff: 0, Sum: 0, Workers: 4
[2443.802s][debug][gc,phases      ] GC(133)     Total                          Min: 0, Avg: 10865.5, Max: 15232, Diff: 15232, Sum: 43462, Workers: 4
[2443.802s][debug][gc,phases      ] GC(133)   ResolvedMethodTable Weak       Min:  0.0, Avg:  0.0, Max:  0.0, Diff:  0.0, Sum:  0.1, Workers: 4
[2443.802s][debug][gc,phases      ] GC(133)     Dead                           Min: 0, Avg:  0.0, Max: 0, Diff: 0, Sum: 0, Workers: 4
[2443.802s][debug][gc,phases      ] GC(133)     Total                          Min: 0, Avg: 2391.8, Max: 3328, Diff: 3328, Sum: 9567, Workers: 4
[2443.802s][debug][gc,phases      ] GC(133)   JNI Weak                       Min:  0.0, Avg:  0.0, Max:  0.0, Diff:  0.0, Sum:  0.0, Workers: 4
[2443.802s][debug][gc,phases      ] GC(133)     Dead                           Min: 0, Avg:  0.0, Max: 0, Diff: 0, Sum: 0, Workers: 4
[2443.802s][debug][gc,phases      ] GC(133)     Total                          Min: 0, Avg: 11.2, Max: 45, Diff: 45, Sum: 45, Workers: 4
[2443.802s][debug][gc,phases      ] GC(133)   StringDedup Table Weak         Min:  0.0, Avg:  0.0, Max:  0.0, Diff:  0.0, Sum:  0.0, Workers: 4
[2443.802s][debug][gc,phases      ] GC(133)     Dead                           Min: 0, Avg:  0.0, Max: 0, Diff: 0, Sum: 0, Workers: 4
[2443.802s][debug][gc,phases      ] GC(133)     Total                          Min: 0, Avg:  0.0, Max: 0, Diff: 0, Sum: 0, Workers: 4
[2443.802s][debug][gc,phases      ] GC(133)   StringDedup Requests0 Weak     Min:  0.0, Avg:  0.0, Max:  0.0, Diff:  0.0, Sum:  0.0, Workers: 4
[2443.802s][debug][gc,phases      ] GC(133)     Dead                           Min: 0, Avg:  0.0, Max: 0, Diff: 0, Sum: 0, Workers: 4
[2443.802s][debug][gc,phases      ] GC(133)     Total                          Min: 0, Avg:  0.0, Max: 0, Diff: 0, Sum: 0, Workers: 4
[2443.802s][debug][gc,phases      ] GC(133)   StringDedup Requests1 Weak     Min:  0.0, Avg:  0.0, Max:  0.0, Diff:  0.0, Sum:  0.0, Workers: 4
[2443.802s][debug][gc,phases      ] GC(133)     Dead                           Min: 0, Avg:  0.0, Max: 0, Diff: 0, Sum: 0, Workers: 4
[2443.802s][debug][gc,phases      ] GC(133)     Total                          Min: 0, Avg:  0.0, Max: 0, Diff: 0, Sum: 0, Workers: 4
[2443.802s][debug][gc,phases      ] GC(133)   Weak JFR Old Object Samples    Min:  0.0, Avg:  0.0, Max:  0.0, Diff:  0.0, Sum:  0.0, Workers: 4
[2443.802s][debug][gc,phases      ] GC(133)     Dead                           Min: 0, Avg:  0.0, Max: 0, Diff: 0, Sum: 0, Workers: 4
[2443.802s][debug][gc,phases      ] GC(133)     Total                          Min: 0, Avg:  0.0, Max: 0, Diff: 0, Sum: 0, Workers: 4
[2443.802s][debug][gc,phases      ] GC(133) Weak Processing 0.421ms
[2443.802s][debug][gc,age         ] GC(133) Desired survivor size 74448896 bytes, new threshold 15 (max threshold 15)
[2443.802s][info ][gc,heap        ] GC(133) PSYoungGen: 1998234K(2023936K)->44292K(2000384K) Eden: 1955840K(1955840K)->0K(1955840K) From: 42394K(68096K)->44292K(44544K)
[2443.802s][info ][gc,heap        ] GC(133) ParOldGen: 515562K(675840K)->515570K(675840K)
[2443.802s][info ][gc,metaspace   ] GC(133) Metaspace: 82871K(83904K)->82871K(83904K) NonClass: 71200K(71744K)->71200K(71744K) Class: 11671K(12160K)->11671K(12160K)
[2443.802s][info ][gc             ] GC(133) Pause Young (Allocation Failure) 2454M->546M(2613M) 16.927ms
[2443.802s][info ][gc,cpu         ] GC(133) User=0.06s Sys=0.00s Real=0.01s
[2443.802s][info ][safepoint      ] Safepoint "ParallelGCFailedAllocation", Time since last: 636613837 ns, Reaching safepoint: 107802 ns, At safepoint: 17011476 ns, Total: 17119278 ns
[2444.802s][info ][safepoint      ] Safepoint "Cleanup", Time since last: 1000086350 ns, Reaching safepoint: 40901 ns, At safepoint: 8900 ns, Total: 49801 ns
[2447.802s][info ][safepoint      ] Safepoint "Cleanup", Time since last: 3000243009 ns, Reaching safepoint: 46902 ns, At safepoint: 4300 ns, Total: 51202 ns
[2453.803s][info ][safepoint      ] Safepoint "Cleanup", Time since last: 6000450331 ns, Reaching safepoint: 42901 ns, At safepoint: 5200 ns, Total: 48101 ns
[2457.803s][info ][safepoint      ] Safepoint "Cleanup", Time since last: 4000292889 ns, Reaching safepoint: 40901 ns, At safepoint: 8100 ns, Total: 49001 ns
[2459.804s][info ][safepoint      ] Safepoint "Cleanup", Time since last: 2000186708 ns, Reaching safepoint: 53701 ns, At safepoint: 2900 ns, Total: 56601 ns
[2460.804s][info ][safepoint      ] Safepoint "Cleanup", Time since last: 1000118255 ns, Reaching safepoint: 45201 ns, At safepoint: 6900 ns, Total: 52101 ns
[2464.804s][info ][safepoint      ] Safepoint "Cleanup", Time since last: 4000482172 ns, Reaching safepoint: 55401 ns, At safepoint: 3800 ns, Total: 59201 ns
[2470.805s][info ][safepoint      ] Safepoint "Cleanup", Time since last: 6000418226 ns, Reaching safepoint: 48902 ns, At safepoint: 30700 ns, Total: 79602 ns
[2471.394s][info ][gc,start       ] GC(134) Pause Young (Allocation Failure)
[2471.411s][debug][gc,phases      ] GC(134) Scavenge 17.312ms
[2471.411s][debug][gc,ref         ] GC(134) Skipped phase 1 of Reference Processing: no references
[2471.412s][debug][gc,ref         ] GC(134) ReferenceProcessor::execute queues: 1, RefProcThreadModel::Single, marks_oops_alive: false
[2471.412s][debug][gc,ref         ] GC(134) Skipped phase 3 of Reference Processing: no references
[2471.412s][debug][gc,ref         ] GC(134) ReferenceProcessor::execute queues: 1, RefProcThreadModel::Single, marks_oops_alive: false
[2471.412s][debug][gc,phases      ] GC(134) Reference Processing 0.121ms
[2471.412s][debug][gc,phases      ] GC(134)   VM Weak                        Min:  0.0, Avg:  0.0, Max:  0.0, Diff:  0.0, Sum:  0.0, Workers: 4
[2471.412s][debug][gc,phases      ] GC(134)     Dead                           Min: 0, Avg:  0.0, Max: 0, Diff: 0, Sum: 0, Workers: 4
[2471.412s][debug][gc,phases      ] GC(134)     Total                          Min: 128, Avg: 229.2, Max: 341, Diff: 213, Sum: 917, Workers: 4
[2471.412s][debug][gc,phases      ] GC(134)   ObjectSynchronizer Weak        Min:  0.0, Avg:  0.0, Max:  0.0, Diff:  0.0, Sum:  0.0, Workers: 4
[2471.412s][debug][gc,phases      ] GC(134)     Dead                           Min: 0, Avg:  0.0, Max: 0, Diff: 0, Sum: 0, Workers: 4
[2471.412s][debug][gc,phases      ] GC(134)     Total                          Min: 0, Avg:  8.5, Max: 34, Diff: 34, Sum: 34, Workers: 4
[2471.412s][debug][gc,phases      ] GC(134)   JVMTI Tag Weak OopStorage      Min:  0.0, Avg:  0.0, Max:  0.0, Diff:  0.0, Sum:  0.0, Workers: 4
[2471.412s][debug][gc,phases      ] GC(134)     Dead                           Min: 0, Avg:  0.0, Max: 0, Diff: 0, Sum: 0, Workers: 4
[2471.412s][debug][gc,phases      ] GC(134)     Total                          Min: 0, Avg:  0.0, Max: 0, Diff: 0, Sum: 0, Workers: 4
[2471.412s][debug][gc,phases      ] GC(134)   StringTable Weak               Min:  0.1, Avg:  0.1, Max:  0.1, Diff:  0.0, Sum:  0.5, Workers: 4
[2471.412s][debug][gc,phases      ] GC(134)     Dead                           Min: 0, Avg:  0.0, Max: 0, Diff: 0, Sum: 0, Workers: 4
[2471.412s][debug][gc,phases      ] GC(134)     Total                          Min: 9926, Avg: 10865.5, Max: 11648, Diff: 1722, Sum: 43462, Workers: 4
[2471.412s][debug][gc,phases      ] GC(134)   ResolvedMethodTable Weak       Min:  0.0, Avg:  0.0, Max:  0.0, Diff:  0.0, Sum:  0.1, Workers: 4
[2471.412s][debug][gc,phases      ] GC(134)     Dead                           Min: 0, Avg:  0.0, Max: 0, Diff: 0, Sum: 0, Workers: 4
[2471.412s][debug][gc,phases      ] GC(134)     Total                          Min: 1792, Avg: 2391.8, Max: 2624, Diff: 832, Sum: 9567, Workers: 4
[2471.412s][debug][gc,phases      ] GC(134)   JNI Weak                       Min:  0.0, Avg:  0.0, Max:  0.0, Diff:  0.0, Sum:  0.0, Workers: 4
[2471.412s][debug][gc,phases      ] GC(134)     Dead                           Min: 0, Avg:  0.0, Max: 0, Diff: 0, Sum: 0, Workers: 4
[2471.412s][debug][gc,phases      ] GC(134)     Total                          Min: 0, Avg: 11.2, Max: 45, Diff: 45, Sum: 45, Workers: 4
[2471.412s][debug][gc,phases      ] GC(134)   StringDedup Table Weak         Min:  0.0, Avg:  0.0, Max:  0.0, Diff:  0.0, Sum:  0.0, Workers: 4
[2471.412s][debug][gc,phases      ] GC(134)     Dead                           Min: 0, Avg:  0.0, Max: 0, Diff: 0, Sum: 0, Workers: 4
[2471.412s][debug][gc,phases      ] GC(134)     Total                          Min: 0, Avg:  0.0, Max: 0, Diff: 0, Sum: 0, Workers: 4
[2471.412s][debug][gc,phases      ] GC(134)   StringDedup Requests0 Weak     Min:  0.0, Avg:  0.0, Max:  0.0, Diff:  0.0, Sum:  0.0, Workers: 4
[2471.412s][debug][gc,phases      ] GC(134)     Dead                           Min: 0, Avg:  0.0, Max: 0, Diff: 0, Sum: 0, Workers: 4
[2471.412s][debug][gc,phases      ] GC(134)     Total                          Min: 0, Avg:  0.0, Max: 0, Diff: 0, Sum: 0, Workers: 4
[2471.412s][debug][gc,phases      ] GC(134)   StringDedup Requests1 Weak     Min:  0.0, Avg:  0.0, Max:  0.0, Diff:  0.0, Sum:  0.0, Workers: 4
[2471.412s][debug][gc,phases      ] GC(134)     Dead                           Min: 0, Avg:  0.0, Max: 0, Diff: 0, Sum: 0, Workers: 4
[2471.412s][debug][gc,phases      ] GC(134)     Total                          Min: 0, Avg:  0.0, Max: 0, Diff: 0, Sum: 0, Workers: 4
[2471.412s][debug][gc,phases      ] GC(134)   Weak JFR Old Object Samples    Min:  0.0, Avg:  0.0, Max:  0.0, Diff:  0.0, Sum:  0.0, Workers: 4
[2471.412s][debug][gc,phases      ] GC(134)     Dead                           Min: 0, Avg:  0.0, Max: 0, Diff: 0, Sum: 0, Workers: 4
[2471.412s][debug][gc,phases      ] GC(134)     Total                          Min: 0, Avg:  0.0, Max: 0, Diff: 0, Sum: 0, Workers: 4
[2471.412s][debug][gc,phases      ] GC(134) Weak Processing 0.387ms
[2471.412s][debug][gc,age         ] GC(134) Desired survivor size 78643200 bytes, new threshold 15 (max threshold 15)
[2471.412s][info ][gc,heap        ] GC(134) PSYoungGen: 2000132K(2000384K)->50523K(2016256K) Eden: 1955840K(1955840K)->0K(1943552K) From: 44292K(44544K)->50523K(72704K)
[2471.412s][info ][gc,heap        ] GC(134) ParOldGen: 515570K(675840K)->515570K(675840K)
[2471.412s][info ][gc,metaspace   ] GC(134) Metaspace: 82871K(83904K)->82871K(83904K) NonClass: 71200K(71744K)->71200K(71744K) Class: 11671K(12160K)->11671K(12160K)
[2471.412s][info ][gc             ] GC(134) Pause Young (Allocation Failure) 2456M->552M(2629M) 17.970ms
[2471.412s][info ][gc,cpu         ] GC(134) User=0.06s Sys=0.00s Real=0.02s
[2471.412s][info ][safepoint      ] Safepoint "ParallelGCFailedAllocation", Time since last: 589222188 ns, Reaching safepoint: 44401 ns, At safepoint: 18049701 ns, Total: 18094102 ns
[2472.412s][info ][safepoint      ] Safepoint "Cleanup", Time since last: 1000093815 ns, Reaching safepoint: 50901 ns, At safepoint: 3000 ns, Total: 53901 ns
[2475.412s][info ][safepoint      ] Safepoint "Cleanup", Time since last: 3000219844 ns, Reaching safepoint: 41701 ns, At safepoint: 3100 ns, Total: 44801 ns
[2477.413s][info ][safepoint      ] Safepoint "Cleanup", Time since last: 2000172629 ns, Reaching safepoint: 57301 ns, At safepoint: 3200 ns, Total: 60501 ns
[2478.413s][info ][safepoint      ] Safepoint "Cleanup", Time since last: 1000135967 ns, Reaching safepoint: 60001 ns, At safepoint: 2600 ns, Total: 62601 ns
[2483.413s][info ][safepoint      ] Safepoint "Cleanup", Time since last: 5000383200 ns, Reaching safepoint: 60202 ns, At safepoint: 7000 ns, Total: 67202 ns
[2490.414s][info ][safepoint      ] Safepoint "Cleanup", Time since last: 7000556320 ns, Reaching safepoint: 63302 ns, At safepoint: 3300 ns, Total: 66602 ns
[2492.414s][info ][safepoint      ] Safepoint "Cleanup", Time since last: 2000189680 ns, Reaching safepoint: 49301 ns, At safepoint: 3000 ns, Total: 52301 ns
[2495.415s][info ][safepoint      ] Safepoint "Cleanup", Time since last: 3000238901 ns, Reaching safepoint: 65101 ns, At safepoint: 33801 ns, Total: 98902 ns
[2503.139s][info ][gc,start       ] GC(135) Pause Young (Allocation Failure)
[2503.157s][debug][gc,phases      ] GC(135) Scavenge 17.562ms
[2503.157s][debug][gc,ref         ] GC(135) Skipped phase 1 of Reference Processing: no references
[2503.157s][debug][gc,ref         ] GC(135) ReferenceProcessor::execute queues: 1, RefProcThreadModel::Single, marks_oops_alive: false
[2503.157s][debug][gc,ref         ] GC(135) Skipped phase 3 of Reference Processing: no references
[2503.157s][debug][gc,ref         ] GC(135) ReferenceProcessor::execute queues: 1, RefProcThreadModel::Single, marks_oops_alive: false
[2503.157s][debug][gc,phases      ] GC(135) Reference Processing 0.111ms
[2503.157s][debug][gc,phases      ] GC(135)   VM Weak                        Min:  0.0, Avg:  0.0, Max:  0.0, Diff:  0.0, Sum:  0.0, Workers: 4
[2503.157s][debug][gc,phases      ] GC(135)     Dead                           Min: 0, Avg:  0.0, Max: 0, Diff: 0, Sum: 0, Workers: 4
[2503.157s][debug][gc,phases      ] GC(135)     Total                          Min: 0, Avg: 229.2, Max: 597, Diff: 597, Sum: 917, Workers: 4
[2503.157s][debug][gc,phases      ] GC(135)   ObjectSynchronizer Weak        Min:  0.0, Avg:  0.0, Max:  0.0, Diff:  0.0, Sum:  0.0, Workers: 4
[2503.157s][debug][gc,phases      ] GC(135)     Dead                           Min: 0, Avg:  0.0, Max: 0, Diff: 0, Sum: 0, Workers: 4
[2503.157s][debug][gc,phases      ] GC(135)     Total                          Min: 0, Avg:  8.5, Max: 34, Diff: 34, Sum: 34, Workers: 4
[2503.157s][debug][gc,phases      ] GC(135)   JVMTI Tag Weak OopStorage      Min:  0.0, Avg:  0.0, Max:  0.0, Diff:  0.0, Sum:  0.0, Workers: 4
[2503.157s][debug][gc,phases      ] GC(135)     Dead                           Min: 0, Avg:  0.0, Max: 0, Diff: 0, Sum: 0, Workers: 4
[2503.157s][debug][gc,phases      ] GC(135)     Total                          Min: 0, Avg:  0.0, Max: 0, Diff: 0, Sum: 0, Workers: 4
[2503.157s][debug][gc,phases      ] GC(135)   StringTable Weak               Min:  0.0, Avg:  0.1, Max:  0.1, Diff:  0.1, Sum:  0.4, Workers: 4
[2503.157s][debug][gc,phases      ] GC(135)     Dead                           Min: 0, Avg:  0.0, Max: 0, Diff: 0, Sum: 0, Workers: 4
[2503.157s][debug][gc,phases      ] GC(135)     Total                          Min: 0, Avg: 10865.5, Max: 15686, Diff: 15686, Sum: 43462, Workers: 4
[2503.157s][debug][gc,phases      ] GC(135)   ResolvedMethodTable Weak       Min:  0.0, Avg:  0.0, Max:  0.0, Diff:  0.0, Sum:  0.1, Workers: 4
[2503.157s][debug][gc,phases      ] GC(135)     Dead                           Min: 0, Avg:  0.0, Max: 0, Diff: 0, Sum: 0, Workers: 4
[2503.157s][debug][gc,phases      ] GC(135)     Total                          Min: 0, Avg: 2391.8, Max: 3776, Diff: 3776, Sum: 9567, Workers: 4
[2503.157s][debug][gc,phases      ] GC(135)   JNI Weak                       Min:  0.0, Avg:  0.0, Max:  0.0, Diff:  0.0, Sum:  0.0, Workers: 4
[2503.157s][debug][gc,phases      ] GC(135)     Dead                           Min: 0, Avg:  0.0, Max: 0, Diff: 0, Sum: 0, Workers: 4
[2503.157s][debug][gc,phases      ] GC(135)     Total                          Min: 0, Avg: 11.2, Max: 45, Diff: 45, Sum: 45, Workers: 4
[2503.157s][debug][gc,phases      ] GC(135)   StringDedup Table Weak         Min:  0.0, Avg:  0.0, Max:  0.0, Diff:  0.0, Sum:  0.0, Workers: 4
[2503.157s][debug][gc,phases      ] GC(135)     Dead                           Min: 0, Avg:  0.0, Max: 0, Diff: 0, Sum: 0, Workers: 4
[2503.157s][debug][gc,phases      ] GC(135)     Total                          Min: 0, Avg:  0.0, Max: 0, Diff: 0, Sum: 0, Workers: 4
[2503.157s][debug][gc,phases      ] GC(135)   StringDedup Requests0 Weak     Min:  0.0, Avg:  0.0, Max:  0.0, Diff:  0.0, Sum:  0.0, Workers: 4
[2503.157s][debug][gc,phases      ] GC(135)     Dead                           Min: 0, Avg:  0.0, Max: 0, Diff: 0, Sum: 0, Workers: 4
[2503.157s][debug][gc,phases      ] GC(135)     Total                          Min: 0, Avg:  0.0, Max: 0, Diff: 0, Sum: 0, Workers: 4
[2503.157s][debug][gc,phases      ] GC(135)   StringDedup Requests1 Weak     Min:  0.0, Avg:  0.0, Max:  0.0, Diff:  0.0, Sum:  0.0, Workers: 4
[2503.157s][debug][gc,phases      ] GC(135)     Dead                           Min: 0, Avg:  0.0, Max: 0, Diff: 0, Sum: 0, Workers: 4
[2503.157s][debug][gc,phases      ] GC(135)     Total                          Min: 0, Avg:  0.0, Max: 0, Diff: 0, Sum: 0, Workers: 4
[2503.157s][debug][gc,phases      ] GC(135)   Weak JFR Old Object Samples    Min:  0.0, Avg:  0.0, Max:  0.0, Diff:  0.0, Sum:  0.0, Workers: 4
[2503.157s][debug][gc,phases      ] GC(135)     Dead                           Min: 0, Avg:  0.0, Max: 0, Diff: 0, Sum: 0, Workers: 4
[2503.157s][debug][gc,phases      ] GC(135)     Total                          Min: 0, Avg:  0.0, Max: 0, Diff: 0, Sum: 0, Workers: 4
[2503.157s][debug][gc,phases      ] GC(135) Weak Processing 0.384ms
[2503.157s][debug][gc,age         ] GC(135) Desired survivor size 81264640 bytes, new threshold 15 (max threshold 15)
[2503.157s][info ][gc,heap        ] GC(135) PSYoungGen: 1994075K(2016256K)->50770K(1994752K) Eden: 1943552K(1943552K)->0K(1943552K) From: 50523K(72704K)->50770K(51200K)
[2503.157s][info ][gc,heap        ] GC(135) ParOldGen: 515570K(675840K)->515570K(675840K)
[2503.157s][info ][gc,metaspace   ] GC(135) Metaspace: 82876K(83904K)->82876K(83904K) NonClass: 71205K(71744K)->71205K(71744K) Class: 11671K(12160K)->11671K(12160K)
[2503.157s][info ][gc             ] GC(135) Pause Young (Allocation Failure) 2450M->553M(2608M) 18.208ms
[2503.157s][info ][gc,cpu         ] GC(135) User=0.06s Sys=0.00s Real=0.02s
[2503.157s][info ][safepoint      ] Safepoint "ParallelGCFailedAllocation", Time since last: 7724398002 ns, Reaching safepoint: 113902 ns, At safepoint: 18304594 ns, Total: 18418496 ns
[2507.158s][info ][safepoint      ] Safepoint "Cleanup", Time since last: 4000296222 ns, Reaching safepoint: 61801 ns, At safepoint: 3600 ns, Total: 65401 ns
[2509.158s][info ][safepoint      ] Safepoint "Cleanup", Time since last: 2000186212 ns, Reaching safepoint: 101102 ns, At safepoint: 5600 ns, Total: 106702 ns
[2510.158s][info ][safepoint      ] Safepoint "Cleanup", Time since last: 1000133771 ns, Reaching safepoint: 75202 ns, At safepoint: 3600 ns, Total: 78802 ns
[2512.159s][info ][safepoint      ] Safepoint "Cleanup", Time since last: 2000193281 ns, Reaching safepoint: 43801 ns, At safepoint: 44101 ns, Total: 87902 ns
[2517.159s][info ][safepoint      ] Safepoint "Cleanup", Time since last: 5000384699 ns, Reaching safepoint: 64102 ns, At safepoint: 6600 ns, Total: 70702 ns
[2520.159s][info ][safepoint      ] Safepoint "Cleanup", Time since last: 3000219975 ns, Reaching safepoint: 51101 ns, At safepoint: 3000 ns, Total: 54101 ns
[2522.159s][info ][safepoint      ] Safepoint "Cleanup", Time since last: 2000170653 ns, Reaching safepoint: 61701 ns, At safepoint: 3000 ns, Total: 64701 ns
[2524.160s][info ][safepoint      ] Safepoint "Cleanup", Time since last: 2000284555 ns, Reaching safepoint: 58901 ns, At safepoint: 5201 ns, Total: 64102 ns
[2525.160s][info ][safepoint      ] Safepoint "Cleanup", Time since last: 1000117127 ns, Reaching safepoint: 53901 ns, At safepoint: 5800 ns, Total: 59701 ns
[2528.160s][info ][safepoint      ] Safepoint "Cleanup", Time since last: 3000251456 ns, Reaching safepoint: 98203 ns, At safepoint: 8000 ns, Total: 106203 ns
[2529.161s][info ][safepoint      ] Safepoint "Cleanup", Time since last: 1000129509 ns, Reaching safepoint: 56402 ns, At safepoint: 4000 ns, Total: 60402 ns
[2532.446s][info ][gc,start       ] GC(136) Pause Young (Allocation Failure)
[2532.466s][debug][gc,phases      ] GC(136) Scavenge 19.331ms
[2532.466s][debug][gc,ref         ] GC(136) Skipped phase 1 of Reference Processing: no references
[2532.466s][debug][gc,ref         ] GC(136) ReferenceProcessor::execute queues: 1, RefProcThreadModel::Single, marks_oops_alive: false
[2532.466s][debug][gc,ref         ] GC(136) Skipped phase 3 of Reference Processing: no references
[2532.466s][debug][gc,ref         ] GC(136) ReferenceProcessor::execute queues: 1, RefProcThreadModel::Single, marks_oops_alive: false
[2532.466s][debug][gc,phases      ] GC(136) Reference Processing 0.113ms
[2532.466s][debug][gc,phases      ] GC(136)   VM Weak                        Min:  0.0, Avg:  0.0, Max:  0.0, Diff:  0.0, Sum:  0.0, Workers: 4
[2532.466s][debug][gc,phases      ] GC(136)     Dead                           Min: 0, Avg:  0.0, Max: 0, Diff: 0, Sum: 0, Workers: 4
[2532.466s][debug][gc,phases      ] GC(136)     Total                          Min: 0, Avg: 229.2, Max: 725, Diff: 725, Sum: 917, Workers: 4
[2532.466s][debug][gc,phases      ] GC(136)   ObjectSynchronizer Weak        Min:  0.0, Avg:  0.0, Max:  0.0, Diff:  0.0, Sum:  0.0, Workers: 4
[2532.466s][debug][gc,phases      ] GC(136)     Dead                           Min: 0, Avg:  0.0, Max: 0, Diff: 0, Sum: 0, Workers: 4
[2532.466s][debug][gc,phases      ] GC(136)     Total                          Min: 0, Avg:  8.5, Max: 34, Diff: 34, Sum: 34, Workers: 4
[2532.466s][debug][gc,phases      ] GC(136)   JVMTI Tag Weak OopStorage      Min:  0.0, Avg:  0.0, Max:  0.0, Diff:  0.0, Sum:  0.0, Workers: 4
[2532.466s][debug][gc,phases      ] GC(136)     Dead                           Min: 0, Avg:  0.0, Max: 0, Diff: 0, Sum: 0, Workers: 4
[2532.466s][debug][gc,phases      ] GC(136)     Total                          Min: 0, Avg:  0.0, Max: 0, Diff: 0, Sum: 0, Workers: 4
[2532.466s][debug][gc,phases      ] GC(136)   StringTable Weak               Min:  0.1, Avg:  0.1, Max:  0.1, Diff:  0.0, Sum:  0.5, Workers: 4
[2532.466s][debug][gc,phases      ] GC(136)     Dead                           Min: 0, Avg:  0.0, Max: 0, Diff: 0, Sum: 0, Workers: 4
[2532.466s][debug][gc,phases      ] GC(136)     Total                          Min: 9984, Avg: 10865.5, Max: 11398, Diff: 1414, Sum: 43462, Workers: 4
[2532.466s][debug][gc,phases      ] GC(136)   ResolvedMethodTable Weak       Min:  0.0, Avg:  0.0, Max:  0.0, Diff:  0.0, Sum:  0.1, Workers: 4
[2532.466s][debug][gc,phases      ] GC(136)     Dead                           Min: 0, Avg:  0.0, Max: 0, Diff: 0, Sum: 0, Workers: 4
[2532.466s][debug][gc,phases      ] GC(136)     Total                          Min: 2176, Avg: 2391.8, Max: 2688, Diff: 512, Sum: 9567, Workers: 4
[2532.466s][debug][gc,phases      ] GC(136)   JNI Weak                       Min:  0.0, Avg:  0.0, Max:  0.0, Diff:  0.0, Sum:  0.0, Workers: 4
[2532.466s][debug][gc,phases      ] GC(136)     Dead                           Min: 0, Avg:  0.0, Max: 0, Diff: 0, Sum: 0, Workers: 4
[2532.466s][debug][gc,phases      ] GC(136)     Total                          Min: 0, Avg: 11.2, Max: 45, Diff: 45, Sum: 45, Workers: 4
[2532.466s][debug][gc,phases      ] GC(136)   StringDedup Table Weak         Min:  0.0, Avg:  0.0, Max:  0.0, Diff:  0.0, Sum:  0.0, Workers: 4
[2532.466s][debug][gc,phases      ] GC(136)     Dead                           Min: 0, Avg:  0.0, Max: 0, Diff: 0, Sum: 0, Workers: 4
[2532.466s][debug][gc,phases      ] GC(136)     Total                          Min: 0, Avg:  0.0, Max: 0, Diff: 0, Sum: 0, Workers: 4
[2532.466s][debug][gc,phases      ] GC(136)   StringDedup Requests0 Weak     Min:  0.0, Avg:  0.0, Max:  0.0, Diff:  0.0, Sum:  0.0, Workers: 4
[2532.466s][debug][gc,phases      ] GC(136)     Dead                           Min: 0, Avg:  0.0, Max: 0, Diff: 0, Sum: 0, Workers: 4
[2532.466s][debug][gc,phases      ] GC(136)     Total                          Min: 0, Avg:  0.0, Max: 0, Diff: 0, Sum: 0, Workers: 4
[2532.466s][debug][gc,phases      ] GC(136)   StringDedup Requests1 Weak     Min:  0.0, Avg:  0.0, Max:  0.0, Diff:  0.0, Sum:  0.0, Workers: 4
[2532.466s][debug][gc,phases      ] GC(136)     Dead                           Min: 0, Avg:  0.0, Max: 0, Diff: 0, Sum: 0, Workers: 4
[2532.466s][debug][gc,phases      ] GC(136)     Total                          Min: 0, Avg:  0.0, Max: 0, Diff: 0, Sum: 0, Workers: 4
[2532.466s][debug][gc,phases      ] GC(136)   Weak JFR Old Object Samples    Min:  0.0, Avg:  0.0, Max:  0.0, Diff:  0.0, Sum:  0.0, Workers: 4
[2532.466s][debug][gc,phases      ] GC(136)     Dead                           Min: 0, Avg:  0.0, Max: 0, Diff: 0, Sum: 0, Workers: 4
[2532.466s][debug][gc,phases      ] GC(136)     Total                          Min: 0, Avg:  0.0, Max: 0, Diff: 0, Sum: 0, Workers: 4
[2532.466s][debug][gc,phases      ] GC(136) Weak Processing 0.353ms
[2532.466s][debug][gc,age         ] GC(136) Desired survivor size 88080384 bytes, new threshold 15 (max threshold 15)
[2532.466s][info ][gc,heap        ] GC(136) PSYoungGen: 1994322K(1994752K)->62411K(2004480K) Eden: 1943552K(1943552K)->0K(1925120K) From: 50770K(51200K)->62411K(79360K)
[2532.466s][info ][gc,heap        ] GC(136) ParOldGen: 515570K(675840K)->515570K(675840K)
[2532.466s][info ][gc,metaspace   ] GC(136) Metaspace: 82889K(83968K)->82889K(83968K) NonClass: 71218K(71808K)->71218K(71808K) Class: 11671K(12160K)->11671K(12160K)
[2532.466s][info ][gc             ] GC(136) Pause Young (Allocation Failure) 2451M->564M(2617M) 19.940ms
[2532.466s][info ][gc,cpu         ] GC(136) User=0.08s Sys=0.00s Real=0.02s
[2532.466s][info ][safepoint      ] Safepoint "ParallelGCFailedAllocation", Time since last: 3285709536 ns, Reaching safepoint: 120603 ns, At safepoint: 20029042 ns, Total: 20149645 ns
[2541.467s][info ][safepoint      ] Safepoint "Cleanup", Time since last: 9000638557 ns, Reaching safepoint: 72902 ns, At safepoint: 3400 ns, Total: 76302 ns
[2552.468s][info ][safepoint      ] Safepoint "Cleanup", Time since last: 11000844894 ns, Reaching safepoint: 51102 ns, At safepoint: 3100 ns, Total: 54202 ns
[2557.469s][info ][safepoint      ] Safepoint "Cleanup", Time since last: 5000392746 ns, Reaching safepoint: 63101 ns, At safepoint: 9000 ns, Total: 72101 ns
[2561.153s][info ][safepoint      ] Safepoint "Cleanup", Time since last: 3684411725 ns, Reaching safepoint: 51702 ns, At safepoint: 2400 ns, Total: 54102 ns
[2563.153s][info ][safepoint      ] Safepoint "Cleanup", Time since last: 2000173660 ns, Reaching safepoint: 46701 ns, At safepoint: 2800 ns, Total: 49501 ns
[2563.439s][info ][gc,start       ] GC(137) Pause Young (Allocation Failure)
[2563.459s][debug][gc,phases      ] GC(137) Scavenge 19.982ms
[2563.459s][debug][gc,ref         ] GC(137) Skipped phase 1 of Reference Processing: no references
[2563.459s][debug][gc,ref         ] GC(137) ReferenceProcessor::execute queues: 1, RefProcThreadModel::Single, marks_oops_alive: false
[2563.459s][debug][gc,ref         ] GC(137) Skipped phase 3 of Reference Processing: no references
[2563.459s][debug][gc,ref         ] GC(137) ReferenceProcessor::execute queues: 1, RefProcThreadModel::Single, marks_oops_alive: false
[2563.459s][debug][gc,phases      ] GC(137) Reference Processing 0.121ms
[2563.459s][debug][gc,phases      ] GC(137)   VM Weak                        Min:  0.0, Avg:  0.0, Max:  0.0, Diff:  0.0, Sum:  0.0, Workers: 4
[2563.459s][debug][gc,phases      ] GC(137)     Dead                           Min: 0, Avg:  0.0, Max: 0, Diff: 0, Sum: 0, Workers: 4
[2563.459s][debug][gc,phases      ] GC(137)     Total                          Min: 0, Avg: 229.2, Max: 597, Diff: 597, Sum: 917, Workers: 4
[2563.459s][debug][gc,phases      ] GC(137)   ObjectSynchronizer Weak        Min:  0.0, Avg:  0.0, Max:  0.0, Diff:  0.0, Sum:  0.0, Workers: 4
[2563.459s][debug][gc,phases      ] GC(137)     Dead                           Min: 0, Avg:  0.0, Max: 0, Diff: 0, Sum: 0, Workers: 4
[2563.459s][debug][gc,phases      ] GC(137)     Total                          Min: 0, Avg:  8.5, Max: 34, Diff: 34, Sum: 34, Workers: 4
[2563.459s][debug][gc,phases      ] GC(137)   JVMTI Tag Weak OopStorage      Min:  0.0, Avg:  0.0, Max:  0.0, Diff:  0.0, Sum:  0.0, Workers: 4
[2563.459s][debug][gc,phases      ] GC(137)     Dead                           Min: 0, Avg:  0.0, Max: 0, Diff: 0, Sum: 0, Workers: 4
[2563.459s][debug][gc,phases      ] GC(137)     Total                          Min: 0, Avg:  0.0, Max: 0, Diff: 0, Sum: 0, Workers: 4
[2563.459s][debug][gc,phases      ] GC(137)   StringTable Weak               Min:  0.0, Avg:  0.1, Max:  0.1, Diff:  0.1, Sum:  0.4, Workers: 4
[2563.459s][debug][gc,phases      ] GC(137)     Dead                           Min: 0, Avg:  0.0, Max: 0, Diff: 0, Sum: 0, Workers: 4
[2563.459s][debug][gc,phases      ] GC(137)     Total                          Min: 0, Avg: 10865.5, Max: 15616, Diff: 15616, Sum: 43462, Workers: 4
[2563.459s][debug][gc,phases      ] GC(137)   ResolvedMethodTable Weak       Min:  0.0, Avg:  0.0, Max:  0.0, Diff:  0.0, Sum:  0.1, Workers: 4
[2563.459s][debug][gc,phases      ] GC(137)     Dead                           Min: 0, Avg:  0.0, Max: 0, Diff: 0, Sum: 0, Workers: 4
[2563.459s][debug][gc,phases      ] GC(137)     Total                          Min: 0, Avg: 2391.8, Max: 3359, Diff: 3359, Sum: 9567, Workers: 4
[2563.459s][debug][gc,phases      ] GC(137)   JNI Weak                       Min:  0.0, Avg:  0.0, Max:  0.0, Diff:  0.0, Sum:  0.0, Workers: 4
[2563.459s][debug][gc,phases      ] GC(137)     Dead                           Min: 0, Avg:  0.0, Max: 0, Diff: 0, Sum: 0, Workers: 4
[2563.459s][debug][gc,phases      ] GC(137)     Total                          Min: 0, Avg: 11.2, Max: 45, Diff: 45, Sum: 45, Workers: 4
[2563.459s][debug][gc,phases      ] GC(137)   StringDedup Table Weak         Min:  0.0, Avg:  0.0, Max:  0.0, Diff:  0.0, Sum:  0.0, Workers: 4
[2563.459s][debug][gc,phases      ] GC(137)     Dead                           Min: 0, Avg:  0.0, Max: 0, Diff: 0, Sum: 0, Workers: 4
[2563.459s][debug][gc,phases      ] GC(137)     Total                          Min: 0, Avg:  0.0, Max: 0, Diff: 0, Sum: 0, Workers: 4
[2563.459s][debug][gc,phases      ] GC(137)   StringDedup Requests0 Weak     Min:  0.0, Avg:  0.0, Max:  0.0, Diff:  0.0, Sum:  0.0, Workers: 4
[2563.459s][debug][gc,phases      ] GC(137)     Dead                           Min: 0, Avg:  0.0, Max: 0, Diff: 0, Sum: 0, Workers: 4
[2563.459s][debug][gc,phases      ] GC(137)     Total                          Min: 0, Avg:  0.0, Max: 0, Diff: 0, Sum: 0, Workers: 4
[2563.459s][debug][gc,phases      ] GC(137)   StringDedup Requests1 Weak     Min:  0.0, Avg:  0.0, Max:  0.0, Diff:  0.0, Sum:  0.0, Workers: 4
[2563.459s][debug][gc,phases      ] GC(137)     Dead                           Min: 0, Avg:  0.0, Max: 0, Diff: 0, Sum: 0, Workers: 4
[2563.459s][debug][gc,phases      ] GC(137)     Total                          Min: 0, Avg:  0.0, Max: 0, Diff: 0, Sum: 0, Workers: 4
[2563.459s][debug][gc,phases      ] GC(137)   Weak JFR Old Object Samples    Min:  0.0, Avg:  0.0, Max:  0.0, Diff:  0.0, Sum:  0.0, Workers: 4
[2563.459s][debug][gc,phases      ] GC(137)     Dead                           Min: 0, Avg:  0.0, Max: 0, Diff: 0, Sum: 0, Workers: 4
[2563.459s][debug][gc,phases      ] GC(137)     Total                          Min: 0, Avg:  0.0, Max: 0, Diff: 0, Sum: 0, Workers: 4
[2563.459s][debug][gc,phases      ] GC(137) Weak Processing 0.403ms
[2563.459s][debug][gc,age         ] GC(137) Desired survivor size 95420416 bytes, new threshold 15 (max threshold 15)
[2563.459s][info ][gc,heap        ] GC(137) PSYoungGen: 1987531K(2004480K)->68795K(1994240K) Eden: 1925120K(1925120K)->0K(1925120K) From: 62411K(79360K)->68795K(69120K)
[2563.459s][info ][gc,heap        ] GC(137) ParOldGen: 515570K(675840K)->515570K(675840K)
[2563.459s][info ][gc,metaspace   ] GC(137) Metaspace: 82896K(83968K)->82896K(83968K) NonClass: 71225K(71808K)->71225K(71808K) Class: 11671K(12160K)->11671K(12160K)
[2563.459s][info ][gc             ] GC(137) Pause Young (Allocation Failure) 2444M->570M(2607M) 20.653ms
[2563.459s][info ][gc,cpu         ] GC(137) User=0.08s Sys=0.00s Real=0.02s
[2563.459s][info ][safepoint      ] Safepoint "ParallelGCFailedAllocation", Time since last: 285425988 ns, Reaching safepoint: 104502 ns, At safepoint: 20740550 ns, Total: 20845052 ns
[2564.460s][info ][safepoint      ] Safepoint "Cleanup", Time since last: 1000091880 ns, Reaching safepoint: 56502 ns, At safepoint: 6500 ns, Total: 63002 ns
[2567.460s][info ][safepoint      ] Safepoint "Cleanup", Time since last: 3000292798 ns, Reaching safepoint: 78302 ns, At safepoint: 3600 ns, Total: 81902 ns
[2568.460s][info ][safepoint      ] Safepoint "Cleanup", Time since last: 1000119098 ns, Reaching safepoint: 71902 ns, At safepoint: 6300 ns, Total: 78202 ns
[2569.460s][info ][safepoint      ] Safepoint "Cleanup", Time since last: 1000116698 ns, Reaching safepoint: 62002 ns, At safepoint: 2600 ns, Total: 64602 ns
[2570.461s][info ][safepoint      ] Safepoint "Cleanup", Time since last: 1000126798 ns, Reaching safepoint: 66602 ns, At safepoint: 7000 ns, Total: 73602 ns
[2571.461s][info ][safepoint      ] Safepoint "Cleanup", Time since last: 1000131099 ns, Reaching safepoint: 131503 ns, At safepoint: 5400 ns, Total: 136903 ns
[2572.461s][info ][safepoint      ] Safepoint "Cleanup", Time since last: 1000117698 ns, Reaching safepoint: 58301 ns, At safepoint: 7001 ns, Total: 65302 ns
[2574.461s][info ][safepoint      ] Safepoint "Cleanup", Time since last: 2000181195 ns, Reaching safepoint: 57601 ns, At safepoint: 5600 ns, Total: 63201 ns
[2575.461s][info ][safepoint      ] Safepoint "Cleanup", Time since last: 1000125398 ns, Reaching safepoint: 43301 ns, At safepoint: 2600 ns, Total: 45901 ns
[2576.462s][info ][safepoint      ] Safepoint "Cleanup", Time since last: 1000117297 ns, Reaching safepoint: 69502 ns, At safepoint: 4000 ns, Total: 73502 ns
[2577.462s][info ][safepoint      ] Safepoint "Cleanup", Time since last: 1000121697 ns, Reaching safepoint: 78202 ns, At safepoint: 5800 ns, Total: 84002 ns
[2578.462s][info ][safepoint      ] Safepoint "Cleanup", Time since last: 1000131898 ns, Reaching safepoint: 73201 ns, At safepoint: 7401 ns, Total: 80602 ns
[2586.463s][info ][safepoint      ] Safepoint "Cleanup", Time since last: 8000562009 ns, Reaching safepoint: 63201 ns, At safepoint: 2900 ns, Total: 66101 ns
[2591.463s][info ][safepoint      ] Safepoint "Cleanup", Time since last: 5000364478 ns, Reaching safepoint: 58201 ns, At safepoint: 3300 ns, Total: 61501 ns
[2592.463s][info ][safepoint      ] Safepoint "Cleanup", Time since last: 1000129779 ns, Reaching safepoint: 63001 ns, At safepoint: 3200 ns, Total: 66201 ns
[2593.463s][info ][safepoint      ] Safepoint "Cleanup", Time since last: 1000115079 ns, Reaching safepoint: 73801 ns, At safepoint: 6200 ns, Total: 80001 ns
[2593.648s][info ][gc,start       ] GC(138) Pause Young (Allocation Failure)
[2593.677s][debug][gc,phases      ] GC(138) Scavenge 28.593ms
[2593.677s][debug][gc,ref         ] GC(138) Skipped phase 1 of Reference Processing: no references
[2593.677s][debug][gc,ref         ] GC(138) ReferenceProcessor::execute queues: 1, RefProcThreadModel::Single, marks_oops_alive: false
[2593.677s][debug][gc,ref         ] GC(138) Skipped phase 3 of Reference Processing: no references
[2593.677s][debug][gc,ref         ] GC(138) ReferenceProcessor::execute queues: 1, RefProcThreadModel::Single, marks_oops_alive: false
[2593.677s][debug][gc,phases      ] GC(138) Reference Processing 0.115ms
[2593.677s][debug][gc,phases      ] GC(138)   VM Weak                        Min:  0.0, Avg:  0.0, Max:  0.0, Diff:  0.0, Sum:  0.0, Workers: 4
[2593.677s][debug][gc,phases      ] GC(138)     Dead                           Min: 0, Avg:  0.0, Max: 0, Diff: 0, Sum: 0, Workers: 4
[2593.677s][debug][gc,phases      ] GC(138)     Total                          Min: 0, Avg: 229.5, Max: 832, Diff: 832, Sum: 918, Workers: 4
[2593.677s][debug][gc,phases      ] GC(138)   ObjectSynchronizer Weak        Min:  0.0, Avg:  0.0, Max:  0.0, Diff:  0.0, Sum:  0.0, Workers: 4
[2593.678s][debug][gc,phases      ] GC(138)     Dead                           Min: 0, Avg:  0.0, Max: 0, Diff: 0, Sum: 0, Workers: 4
[2593.678s][debug][gc,phases      ] GC(138)     Total                          Min: 0, Avg:  8.5, Max: 34, Diff: 34, Sum: 34, Workers: 4
[2593.678s][debug][gc,phases      ] GC(138)   JVMTI Tag Weak OopStorage      Min:  0.0, Avg:  0.0, Max:  0.0, Diff:  0.0, Sum:  0.0, Workers: 4
[2593.678s][debug][gc,phases      ] GC(138)     Dead                           Min: 0, Avg:  0.0, Max: 0, Diff: 0, Sum: 0, Workers: 4
[2593.678s][debug][gc,phases      ] GC(138)     Total                          Min: 0, Avg:  0.0, Max: 0, Diff: 0, Sum: 0, Workers: 4
[2593.678s][debug][gc,phases      ] GC(138)   StringTable Weak               Min:  0.0, Avg:  0.1, Max:  0.2, Diff:  0.2, Sum:  0.4, Workers: 4
[2593.678s][debug][gc,phases      ] GC(138)     Dead                           Min: 0, Avg:  0.2, Max: 1, Diff: 1, Sum: 1, Workers: 4
[2593.678s][debug][gc,phases      ] GC(138)     Total                          Min: 0, Avg: 10867.0, Max: 23693, Diff: 23693, Sum: 43468, Workers: 4
[2593.678s][debug][gc,phases      ] GC(138)   ResolvedMethodTable Weak       Min:  0.0, Avg:  0.0, Max:  0.0, Diff:  0.0, Sum:  0.1, Workers: 4
[2593.678s][debug][gc,phases      ] GC(138)     Dead                           Min: 0, Avg:  0.0, Max: 0, Diff: 0, Sum: 0, Workers: 4
[2593.678s][debug][gc,phases      ] GC(138)     Total                          Min: 0, Avg: 2395.0, Max: 4928, Diff: 4928, Sum: 9580, Workers: 4
[2593.678s][debug][gc,phases      ] GC(138)   JNI Weak                       Min:  0.0, Avg:  0.0, Max:  0.0, Diff:  0.0, Sum:  0.0, Workers: 4
[2593.678s][debug][gc,phases      ] GC(138)     Dead                           Min: 0, Avg:  0.0, Max: 0, Diff: 0, Sum: 0, Workers: 4
[2593.678s][debug][gc,phases      ] GC(138)     Total                          Min: 0, Avg: 11.2, Max: 45, Diff: 45, Sum: 45, Workers: 4
[2593.678s][debug][gc,phases      ] GC(138)   StringDedup Table Weak         Min:  0.0, Avg:  0.0, Max:  0.0, Diff:  0.0, Sum:  0.0, Workers: 4
[2593.678s][debug][gc,phases      ] GC(138)     Dead                           Min: 0, Avg:  0.0, Max: 0, Diff: 0, Sum: 0, Workers: 4
[2593.678s][debug][gc,phases      ] GC(138)     Total                          Min: 0, Avg:  0.0, Max: 0, Diff: 0, Sum: 0, Workers: 4
[2593.678s][debug][gc,phases      ] GC(138)   StringDedup Requests0 Weak     Min:  0.0, Avg:  0.0, Max:  0.0, Diff:  0.0, Sum:  0.0, Workers: 4
[2593.678s][debug][gc,phases      ] GC(138)     Dead                           Min: 0, Avg:  0.0, Max: 0, Diff: 0, Sum: 0, Workers: 4
[2593.678s][debug][gc,phases      ] GC(138)     Total                          Min: 0, Avg:  0.0, Max: 0, Diff: 0, Sum: 0, Workers: 4
[2593.678s][debug][gc,phases      ] GC(138)   StringDedup Requests1 Weak     Min:  0.0, Avg:  0.0, Max:  0.0, Diff:  0.0, Sum:  0.0, Workers: 4
[2593.678s][debug][gc,phases      ] GC(138)     Dead                           Min: 0, Avg:  0.0, Max: 0, Diff: 0, Sum: 0, Workers: 4
[2593.678s][debug][gc,phases      ] GC(138)     Total                          Min: 0, Avg:  0.0, Max: 0, Diff: 0, Sum: 0, Workers: 4
[2593.678s][debug][gc,phases      ] GC(138)   Weak JFR Old Object Samples    Min:  0.0, Avg:  0.0, Max:  0.0, Diff:  0.0, Sum:  0.0, Workers: 4
[2593.678s][debug][gc,phases      ] GC(138)     Dead                           Min: 0, Avg:  0.0, Max: 0, Diff: 0, Sum: 0, Workers: 4
[2593.678s][debug][gc,phases      ] GC(138)     Total                          Min: 0, Avg:  0.0, Max: 0, Diff: 0, Sum: 0, Workers: 4
[2593.678s][debug][gc,phases      ] GC(138) Weak Processing 0.444ms
[2593.678s][debug][gc,age         ] GC(138) Desired survivor size 107479040 bytes, new threshold 15 (max threshold 15)
[2593.678s][info ][gc,heap        ] GC(138) PSYoungGen: 1993915K(1994240K)->84367K(1980416K) Eden: 1925120K(1925120K)->0K(1887232K) From: 68795K(69120K)->84367K(93184K)
[2593.678s][info ][gc,heap        ] GC(138) ParOldGen: 515570K(675840K)->515570K(675840K)
[2593.678s][info ][gc,metaspace   ] GC(138) Metaspace: 82933K(83968K)->82933K(83968K) NonClass: 71257K(71808K)->71257K(71808K) Class: 11675K(12160K)->11675K(12160K)
[2593.678s][info ][gc             ] GC(138) Pause Young (Allocation Failure) 2450M->585M(2594M) 29.304ms
[2593.678s][info ][gc,cpu         ] GC(138) User=0.10s Sys=0.00s Real=0.03s
[2593.678s][info ][safepoint      ] Safepoint "ParallelGCFailedAllocation", Time since last: 184806980 ns, Reaching safepoint: 53001 ns, At safepoint: 29378349 ns, Total: 29431350 ns
[2594.678s][info ][safepoint      ] Safepoint "Cleanup", Time since last: 1000102478 ns, Reaching safepoint: 66201 ns, At safepoint: 3500 ns, Total: 69701 ns
[2595.678s][info ][safepoint      ] Safepoint "Cleanup", Time since last: 1000119779 ns, Reaching safepoint: 86702 ns, At safepoint: 9500 ns, Total: 96202 ns
[2596.678s][info ][safepoint      ] Safepoint "Cleanup", Time since last: 1000132178 ns, Reaching safepoint: 63402 ns, At safepoint: 2700 ns, Total: 66102 ns
[2598.679s][info ][safepoint      ] Safepoint "Cleanup", Time since last: 2000188938 ns, Reaching safepoint: 45701 ns, At safepoint: 2700 ns, Total: 48401 ns
[2599.679s][info ][safepoint      ] Safepoint "Cleanup", Time since last: 1000129059 ns, Reaching safepoint: 59702 ns, At safepoint: 3400 ns, Total: 63102 ns
[2601.679s][info ][safepoint      ] Safepoint "Cleanup", Time since last: 2000185017 ns, Reaching safepoint: 60302 ns, At safepoint: 2800 ns, Total: 63102 ns
[2602.679s][info ][safepoint      ] Safepoint "Cleanup", Time since last: 1000137359 ns, Reaching safepoint: 48701 ns, At safepoint: 3200 ns, Total: 51901 ns
[2603.679s][info ][safepoint      ] Safepoint "Cleanup", Time since last: 1000127860 ns, Reaching safepoint: 53201 ns, At safepoint: 2900 ns, Total: 56101 ns
[2606.680s][info ][safepoint      ] Safepoint "Cleanup", Time since last: 3000259188 ns, Reaching safepoint: 41901 ns, At safepoint: 3100 ns, Total: 45001 ns
[2611.680s][info ][safepoint      ] Safepoint "Cleanup", Time since last: 5000379760 ns, Reaching safepoint: 45701 ns, At safepoint: 3300 ns, Total: 49001 ns
[2612.680s][info ][safepoint      ] Safepoint "Cleanup", Time since last: 1000126973 ns, Reaching safepoint: 38701 ns, At safepoint: 2800 ns, Total: 41501 ns
[2614.681s][info ][safepoint      ] Safepoint "Cleanup", Time since last: 2000188444 ns, Reaching safepoint: 55901 ns, At safepoint: 2900 ns, Total: 58801 ns
[2615.681s][info ][safepoint      ] Safepoint "Cleanup", Time since last: 1000121173 ns, Reaching safepoint: 51701 ns, At safepoint: 2800 ns, Total: 54501 ns
[2616.681s][info ][safepoint      ] Safepoint "Cleanup", Time since last: 1000125472 ns, Reaching safepoint: 52701 ns, At safepoint: 2900 ns, Total: 55601 ns
[2619.681s][info ][safepoint      ] Safepoint "Cleanup", Time since last: 3000249714 ns, Reaching safepoint: 40001 ns, At safepoint: 3100 ns, Total: 43101 ns
[2620.681s][info ][safepoint      ] Safepoint "Cleanup", Time since last: 1000108772 ns, Reaching safepoint: 50901 ns, At safepoint: 2900 ns, Total: 53801 ns
[2621.682s][info ][safepoint      ] Safepoint "Cleanup", Time since last: 1000140672 ns, Reaching safepoint: 46201 ns, At safepoint: 3000 ns, Total: 49201 ns
[2623.682s][info ][safepoint      ] Safepoint "Cleanup", Time since last: 2000181758 ns, Reaching safepoint: 53402 ns, At safepoint: 2700 ns, Total: 56102 ns
[2626.682s][info ][safepoint      ] Safepoint "Cleanup", Time since last: 3000297146 ns, Reaching safepoint: 51901 ns, At safepoint: 2700 ns, Total: 54601 ns
[2628.593s][info ][gc,start       ] GC(139) Pause Young (Allocation Failure)
[2628.616s][debug][gc,phases      ] GC(139) Scavenge 23.843ms
[2628.616s][debug][gc,ref         ] GC(139) Skipped phase 1 of Reference Processing: no references
[2628.617s][debug][gc,ref         ] GC(139) ReferenceProcessor::execute queues: 1, RefProcThreadModel::Single, marks_oops_alive: false
[2628.617s][debug][gc,ref         ] GC(139) Skipped phase 3 of Reference Processing: no references
[2628.617s][debug][gc,ref         ] GC(139) ReferenceProcessor::execute queues: 1, RefProcThreadModel::Single, marks_oops_alive: false
[2628.617s][debug][gc,phases      ] GC(139) Reference Processing 0.139ms
[2628.617s][debug][gc,phases      ] GC(139)   VM Weak                        Min:  0.0, Avg:  0.0, Max:  0.0, Diff:  0.0, Sum:  0.0, Workers: 4
[2628.617s][debug][gc,phases      ] GC(139)     Dead                           Min: 0, Avg:  0.0, Max: 0, Diff: 0, Sum: 0, Workers: 4
[2628.617s][debug][gc,phases      ] GC(139)     Total                          Min: 0, Avg: 230.8, Max: 475, Diff: 475, Sum: 923, Workers: 4
[2628.617s][debug][gc,phases      ] GC(139)   ObjectSynchronizer Weak        Min:  0.0, Avg:  0.0, Max:  0.0, Diff:  0.0, Sum:  0.0, Workers: 4
[2628.617s][debug][gc,phases      ] GC(139)     Dead                           Min: 0, Avg:  0.0, Max: 0, Diff: 0, Sum: 0, Workers: 4
[2628.617s][debug][gc,phases      ] GC(139)     Total                          Min: 0, Avg:  8.5, Max: 34, Diff: 34, Sum: 34, Workers: 4
[2628.617s][debug][gc,phases      ] GC(139)   JVMTI Tag Weak OopStorage      Min:  0.0, Avg:  0.0, Max:  0.0, Diff:  0.0, Sum:  0.0, Workers: 4
[2628.617s][debug][gc,phases      ] GC(139)     Dead                           Min: 0, Avg:  0.0, Max: 0, Diff: 0, Sum: 0, Workers: 4
[2628.617s][debug][gc,phases      ] GC(139)     Total                          Min: 0, Avg:  0.0, Max: 0, Diff: 0, Sum: 0, Workers: 4
[2628.617s][debug][gc,phases      ] GC(139)   StringTable Weak               Min:  0.0, Avg:  0.1, Max:  0.1, Diff:  0.1, Sum:  0.4, Workers: 4
[2628.617s][debug][gc,phases      ] GC(139)     Dead                           Min: 0, Avg:  0.0, Max: 0, Diff: 0, Sum: 0, Workers: 4
[2628.617s][debug][gc,phases      ] GC(139)     Total                          Min: 0, Avg: 10868.2, Max: 14912, Diff: 14912, Sum: 43473, Workers: 4
[2628.617s][debug][gc,phases      ] GC(139)   ResolvedMethodTable Weak       Min:  0.0, Avg:  0.0, Max:  0.0, Diff:  0.0, Sum:  0.1, Workers: 4
[2628.617s][debug][gc,phases      ] GC(139)     Dead                           Min: 0, Avg:  0.0, Max: 0, Diff: 0, Sum: 0, Workers: 4
[2628.617s][debug][gc,phases      ] GC(139)     Total                          Min: 0, Avg: 2400.2, Max: 3584, Diff: 3584, Sum: 9601, Workers: 4
[2628.617s][debug][gc,phases      ] GC(139)   JNI Weak                       Min:  0.0, Avg:  0.0, Max:  0.0, Diff:  0.0, Sum:  0.0, Workers: 4
[2628.617s][debug][gc,phases      ] GC(139)     Dead                           Min: 0, Avg:  0.0, Max: 0, Diff: 0, Sum: 0, Workers: 4
[2628.617s][debug][gc,phases      ] GC(139)     Total                          Min: 0, Avg: 11.2, Max: 45, Diff: 45, Sum: 45, Workers: 4
[2628.617s][debug][gc,phases      ] GC(139)   StringDedup Table Weak         Min:  0.0, Avg:  0.0, Max:  0.0, Diff:  0.0, Sum:  0.0, Workers: 4
[2628.617s][debug][gc,phases      ] GC(139)     Dead                           Min: 0, Avg:  0.0, Max: 0, Diff: 0, Sum: 0, Workers: 4
[2628.617s][debug][gc,phases      ] GC(139)     Total                          Min: 0, Avg:  0.0, Max: 0, Diff: 0, Sum: 0, Workers: 4
[2628.617s][debug][gc,phases      ] GC(139)   StringDedup Requests0 Weak     Min:  0.0, Avg:  0.0, Max:  0.0, Diff:  0.0, Sum:  0.0, Workers: 4
[2628.617s][debug][gc,phases      ] GC(139)     Dead                           Min: 0, Avg:  0.0, Max: 0, Diff: 0, Sum: 0, Workers: 4
[2628.617s][debug][gc,phases      ] GC(139)     Total                          Min: 0, Avg:  0.0, Max: 0, Diff: 0, Sum: 0, Workers: 4
[2628.617s][debug][gc,phases      ] GC(139)   StringDedup Requests1 Weak     Min:  0.0, Avg:  0.0, Max:  0.0, Diff:  0.0, Sum:  0.0, Workers: 4
[2628.617s][debug][gc,phases      ] GC(139)     Dead                           Min: 0, Avg:  0.0, Max: 0, Diff: 0, Sum: 0, Workers: 4
[2628.617s][debug][gc,phases      ] GC(139)     Total                          Min: 0, Avg:  0.0, Max: 0, Diff: 0, Sum: 0, Workers: 4
[2628.617s][debug][gc,phases      ] GC(139)   Weak JFR Old Object Samples    Min:  0.0, Avg:  0.0, Max:  0.0, Diff:  0.0, Sum:  0.0, Workers: 4
[2628.617s][debug][gc,phases      ] GC(139)     Dead                           Min: 0, Avg:  0.0, Max: 0, Diff: 0, Sum: 0, Workers: 4
[2628.617s][debug][gc,phases      ] GC(139)     Total                          Min: 0, Avg:  0.0, Max: 0, Diff: 0, Sum: 0, Workers: 4
[2628.617s][debug][gc,phases      ] GC(139) Weak Processing 0.371ms
[2628.617s][debug][gc,age         ] GC(139) Desired survivor size 116916224 bytes, new threshold 15 (max threshold 15)
[2628.617s][info ][gc,heap        ] GC(139) PSYoungGen: 1971599K(1980416K)->84471K(1971712K) Eden: 1887232K(1887232K)->0K(1887232K) From: 84367K(93184K)->84471K(84480K)
[2628.617s][info ][gc,heap        ] GC(139) ParOldGen: 515570K(675840K)->515570K(675840K)
[2628.617s][info ][gc,metaspace   ] GC(139) Metaspace: 82985K(84032K)->82985K(84032K) NonClass: 71304K(71872K)->71304K(71872K) Class: 11681K(12160K)->11681K(12160K)
[2628.617s][info ][gc             ] GC(139) Pause Young (Allocation Failure) 2428M->585M(2585M) 24.491ms
[2628.617s][info ][gc,cpu         ] GC(139) User=0.09s Sys=0.01s Real=0.02s
[2628.617s][info ][safepoint      ] Safepoint "ParallelGCFailedAllocation", Time since last: 1910315461 ns, Reaching safepoint: 49101 ns, At safepoint: 24561542 ns, Total: 24610643 ns
[2637.618s][info ][safepoint      ] Safepoint "Cleanup", Time since last: 9000648771 ns, Reaching safepoint: 67101 ns, At safepoint: 4300 ns, Total: 71401 ns
[2641.618s][info ][safepoint      ] Safepoint "Cleanup", Time since last: 4000339908 ns, Reaching safepoint: 67002 ns, At safepoint: 2800 ns, Total: 69802 ns
[2643.618s][info ][safepoint      ] Safepoint "Cleanup", Time since last: 2000207354 ns, Reaching safepoint: 54301 ns, At safepoint: 3500 ns, Total: 57801 ns
[2651.619s][info ][safepoint      ] Safepoint "Cleanup", Time since last: 8000586482 ns, Reaching safepoint: 47601 ns, At safepoint: 6600 ns, Total: 54201 ns
[2652.619s][info ][safepoint      ] Safepoint "Cleanup", Time since last: 1000116662 ns, Reaching safepoint: 50601 ns, At safepoint: 7400 ns, Total: 58001 ns
[2653.619s][info ][safepoint      ] Safepoint "Cleanup", Time since last: 1000129562 ns, Reaching safepoint: 51801 ns, At safepoint: 3100 ns, Total: 54901 ns
[2656.637s][info ][gc,start       ] GC(140) Pause Young (Allocation Failure)
[2656.667s][debug][gc,phases      ] GC(140) Scavenge 30.004ms
[2656.667s][debug][gc,ref         ] GC(140) Skipped phase 1 of Reference Processing: no references
[2656.667s][debug][gc,ref         ] GC(140) ReferenceProcessor::execute queues: 1, RefProcThreadModel::Single, marks_oops_alive: false
[2656.667s][debug][gc,ref         ] GC(140) Skipped phase 3 of Reference Processing: no references
[2656.667s][debug][gc,ref         ] GC(140) ReferenceProcessor::execute queues: 1, RefProcThreadModel::Single, marks_oops_alive: false
[2656.667s][debug][gc,phases      ] GC(140) Reference Processing 0.120ms
[2656.667s][debug][gc,phases      ] GC(140)   VM Weak                        Min:  0.0, Avg:  0.0, Max:  0.0, Diff:  0.0, Sum:  0.0, Workers: 4
[2656.667s][debug][gc,phases      ] GC(140)     Dead                           Min: 0, Avg:  0.0, Max: 0, Diff: 0, Sum: 0, Workers: 4
[2656.667s][debug][gc,phases      ] GC(140)     Total                          Min: 0, Avg: 230.8, Max: 667, Diff: 667, Sum: 923, Workers: 4
[2656.667s][debug][gc,phases      ] GC(140)   ObjectSynchronizer Weak        Min:  0.0, Avg:  0.0, Max:  0.0, Diff:  0.0, Sum:  0.0, Workers: 4
[2656.667s][debug][gc,phases      ] GC(140)     Dead                           Min: 0, Avg:  0.0, Max: 0, Diff: 0, Sum: 0, Workers: 4
[2656.667s][debug][gc,phases      ] GC(140)     Total                          Min: 0, Avg:  8.5, Max: 34, Diff: 34, Sum: 34, Workers: 4
[2656.667s][debug][gc,phases      ] GC(140)   JVMTI Tag Weak OopStorage      Min:  0.0, Avg:  0.0, Max:  0.0, Diff:  0.0, Sum:  0.0, Workers: 4
[2656.667s][debug][gc,phases      ] GC(140)     Dead                           Min: 0, Avg:  0.0, Max: 0, Diff: 0, Sum: 0, Workers: 4
[2656.667s][debug][gc,phases      ] GC(140)     Total                          Min: 0, Avg:  0.0, Max: 0, Diff: 0, Sum: 0, Workers: 4
[2656.667s][debug][gc,phases      ] GC(140)   StringTable Weak               Min:  0.0, Avg:  0.1, Max:  0.1, Diff:  0.1, Sum:  0.4, Workers: 4
[2656.667s][debug][gc,phases      ] GC(140)     Dead                           Min: 0, Avg:  0.0, Max: 0, Diff: 0, Sum: 0, Workers: 4
[2656.667s][debug][gc,phases      ] GC(140)     Total                          Min: 0, Avg: 10868.8, Max: 14976, Diff: 14976, Sum: 43475, Workers: 4
[2656.667s][debug][gc,phases      ] GC(140)   ResolvedMethodTable Weak       Min:  0.0, Avg:  0.0, Max:  0.0, Diff:  0.0, Sum:  0.1, Workers: 4
[2656.667s][debug][gc,phases      ] GC(140)     Dead                           Min: 0, Avg:  0.0, Max: 0, Diff: 0, Sum: 0, Workers: 4
[2656.667s][debug][gc,phases      ] GC(140)     Total                          Min: 0, Avg: 2400.2, Max: 3265, Diff: 3265, Sum: 9601, Workers: 4
[2656.667s][debug][gc,phases      ] GC(140)   JNI Weak                       Min:  0.0, Avg:  0.0, Max:  0.0, Diff:  0.0, Sum:  0.0, Workers: 4
[2656.667s][debug][gc,phases      ] GC(140)     Dead                           Min: 0, Avg:  0.0, Max: 0, Diff: 0, Sum: 0, Workers: 4
[2656.667s][debug][gc,phases      ] GC(140)     Total                          Min: 0, Avg: 11.2, Max: 45, Diff: 45, Sum: 45, Workers: 4
[2656.667s][debug][gc,phases      ] GC(140)   StringDedup Table Weak         Min:  0.0, Avg:  0.0, Max:  0.0, Diff:  0.0, Sum:  0.0, Workers: 4
[2656.667s][debug][gc,phases      ] GC(140)     Dead                           Min: 0, Avg:  0.0, Max: 0, Diff: 0, Sum: 0, Workers: 4
[2656.667s][debug][gc,phases      ] GC(140)     Total                          Min: 0, Avg:  0.0, Max: 0, Diff: 0, Sum: 0, Workers: 4
[2656.667s][debug][gc,phases      ] GC(140)   StringDedup Requests0 Weak     Min:  0.0, Avg:  0.0, Max:  0.0, Diff:  0.0, Sum:  0.0, Workers: 4
[2656.667s][debug][gc,phases      ] GC(140)     Dead                           Min: 0, Avg:  0.0, Max: 0, Diff: 0, Sum: 0, Workers: 4
[2656.667s][debug][gc,phases      ] GC(140)     Total                          Min: 0, Avg:  0.0, Max: 0, Diff: 0, Sum: 0, Workers: 4
[2656.667s][debug][gc,phases      ] GC(140)   StringDedup Requests1 Weak     Min:  0.0, Avg:  0.0, Max:  0.0, Diff:  0.0, Sum:  0.0, Workers: 4
[2656.667s][debug][gc,phases      ] GC(140)     Dead                           Min: 0, Avg:  0.0, Max: 0, Diff: 0, Sum: 0, Workers: 4
[2656.667s][debug][gc,phases      ] GC(140)     Total                          Min: 0, Avg:  0.0, Max: 0, Diff: 0, Sum: 0, Workers: 4
[2656.667s][debug][gc,phases      ] GC(140)   Weak JFR Old Object Samples    Min:  0.0, Avg:  0.0, Max:  0.0, Diff:  0.0, Sum:  0.0, Workers: 4
[2656.667s][debug][gc,phases      ] GC(140)     Dead                           Min: 0, Avg:  0.0, Max: 0, Diff: 0, Sum: 0, Workers: 4
[2656.667s][debug][gc,phases      ] GC(140)     Total                          Min: 0, Avg:  0.0, Max: 0, Diff: 0, Sum: 0, Workers: 4
[2656.667s][debug][gc,phases      ] GC(140) Weak Processing 0.394ms
[2656.667s][debug][gc,age         ] GC(140) Desired survivor size 128974848 bytes, new threshold 15 (max threshold 15)
[2656.667s][info ][gc,heap        ] GC(140) PSYoungGen: 1971703K(1971712K)->97765K(1959424K) Eden: 1887232K(1887232K)->0K(1845248K) From: 84471K(84480K)->97765K(114176K)
[2656.667s][info ][gc,heap        ] GC(140) ParOldGen: 515570K(675840K)->515578K(675840K)
[2656.667s][info ][gc,metaspace   ] GC(140) Metaspace: 82989K(84032K)->82989K(84032K) NonClass: 71307K(71872K)->71307K(71872K) Class: 11681K(12160K)->11681K(12160K)
[2656.667s][info ][gc             ] GC(140) Pause Young (Allocation Failure) 2428M->598M(2573M) 30.671ms
[2656.667s][info ][gc,cpu         ] GC(140) User=0.11s Sys=0.00s Real=0.03s
[2656.667s][info ][safepoint      ] Safepoint "ParallelGCFailedAllocation", Time since last: 3017134351 ns, Reaching safepoint: 37001 ns, At safepoint: 30747879 ns, Total: 30784880 ns
[2657.668s][info ][safepoint      ] Safepoint "Cleanup", Time since last: 1000100493 ns, Reaching safepoint: 66001 ns, At safepoint: 3101 ns, Total: 69102 ns
[2664.668s][info ][safepoint      ] Safepoint "Cleanup", Time since last: 7000487414 ns, Reaching safepoint: 53301 ns, At safepoint: 12400 ns, Total: 65701 ns
[2665.668s][info ][safepoint      ] Safepoint "Cleanup", Time since last: 1000162131 ns, Reaching safepoint: 74101 ns, At safepoint: 7701 ns, Total: 81802 ns
[2666.669s][info ][safepoint      ] Safepoint "Cleanup", Time since last: 1000126229 ns, Reaching safepoint: 57802 ns, At safepoint: 3300 ns, Total: 61102 ns
[2667.669s][info ][safepoint      ] Safepoint "Cleanup", Time since last: 1000114229 ns, Reaching safepoint: 53301 ns, At safepoint: 3301 ns, Total: 56602 ns
[2672.669s][info ][safepoint      ] Safepoint "Cleanup", Time since last: 5000401873 ns, Reaching safepoint: 62602 ns, At safepoint: 3100 ns, Total: 65702 ns
[2673.669s][info ][safepoint      ] Safepoint "Cleanup", Time since last: 1000119991 ns, Reaching safepoint: 52202 ns, At safepoint: 2500 ns, Total: 54702 ns
[2674.669s][info ][safepoint      ] Safepoint "Cleanup", Time since last: 1000110791 ns, Reaching safepoint: 54301 ns, At safepoint: 3500 ns, Total: 57801 ns
[2676.670s][info ][safepoint      ] Safepoint "Cleanup", Time since last: 2000200383 ns, Reaching safepoint: 44801 ns, At safepoint: 2900 ns, Total: 47701 ns
[2677.670s][info ][safepoint      ] Safepoint "Cleanup", Time since last: 1000105691 ns, Reaching safepoint: 58901 ns, At safepoint: 2900 ns, Total: 61801 ns
[2678.670s][info ][safepoint      ] Safepoint "Cleanup", Time since last: 1000117897 ns, Reaching safepoint: 43801 ns, At safepoint: 14200 ns, Total: 58001 ns
[2679.670s][info ][safepoint      ] Safepoint "Cleanup", Time since last: 1000130904 ns, Reaching safepoint: 43201 ns, At safepoint: 3600 ns, Total: 46801 ns
[2680.670s][info ][safepoint      ] Safepoint "Cleanup", Time since last: 1000130303 ns, Reaching safepoint: 55901 ns, At safepoint: 3500 ns, Total: 59401 ns
[2683.671s][info ][safepoint      ] Safepoint "Cleanup", Time since last: 3000247907 ns, Reaching safepoint: 50802 ns, At safepoint: 3800 ns, Total: 54602 ns
[2684.671s][info ][safepoint      ] Safepoint "Cleanup", Time since last: 1000112103 ns, Reaching safepoint: 47501 ns, At safepoint: 3300 ns, Total: 50801 ns
[2686.671s][info ][safepoint      ] Safepoint "Cleanup", Time since last: 2000185723 ns, Reaching safepoint: 63702 ns, At safepoint: 3400 ns, Total: 67102 ns
[2687.293s][info ][gc,start       ] GC(141) Pause Young (Allocation Failure)
[2687.320s][debug][gc,phases      ] GC(141) Scavenge 26.404ms
[2687.320s][debug][gc,ref         ] GC(141) Skipped phase 1 of Reference Processing: no references
[2687.320s][debug][gc,ref         ] GC(141) ReferenceProcessor::execute queues: 1, RefProcThreadModel::Single, marks_oops_alive: false
[2687.320s][debug][gc,ref         ] GC(141) Skipped phase 3 of Reference Processing: no references
[2687.320s][debug][gc,ref         ] GC(141) ReferenceProcessor::execute queues: 1, RefProcThreadModel::Single, marks_oops_alive: false
[2687.320s][debug][gc,phases      ] GC(141) Reference Processing 0.160ms
[2687.320s][debug][gc,phases      ] GC(141)   VM Weak                        Min:  0.0, Avg:  0.0, Max:  0.0, Diff:  0.0, Sum:  0.0, Workers: 4
[2687.320s][debug][gc,phases      ] GC(141)     Dead                           Min: 0, Avg:  0.0, Max: 0, Diff: 0, Sum: 0, Workers: 4
[2687.320s][debug][gc,phases      ] GC(141)     Total                          Min: 0, Avg: 230.8, Max: 576, Diff: 576, Sum: 923, Workers: 4
[2687.320s][debug][gc,phases      ] GC(141)   ObjectSynchronizer Weak        Min:  0.0, Avg:  0.0, Max:  0.0, Diff:  0.0, Sum:  0.0, Workers: 4
[2687.320s][debug][gc,phases      ] GC(141)     Dead                           Min: 0, Avg:  0.0, Max: 0, Diff: 0, Sum: 0, Workers: 4
[2687.320s][debug][gc,phases      ] GC(141)     Total                          Min: 0, Avg:  8.5, Max: 34, Diff: 34, Sum: 34, Workers: 4
[2687.320s][debug][gc,phases      ] GC(141)   JVMTI Tag Weak OopStorage      Min:  0.0, Avg:  0.0, Max:  0.0, Diff:  0.0, Sum:  0.0, Workers: 4
[2687.320s][debug][gc,phases      ] GC(141)     Dead                           Min: 0, Avg:  0.0, Max: 0, Diff: 0, Sum: 0, Workers: 4
[2687.320s][debug][gc,phases      ] GC(141)     Total                          Min: 0, Avg:  0.0, Max: 0, Diff: 0, Sum: 0, Workers: 4
[2687.320s][debug][gc,phases      ] GC(141)   StringTable Weak               Min:  0.0, Avg:  0.1, Max:  0.1, Diff:  0.1, Sum:  0.4, Workers: 4
[2687.320s][debug][gc,phases      ] GC(141)     Dead                           Min: 0, Avg:  0.0, Max: 0, Diff: 0, Sum: 0, Workers: 4
[2687.320s][debug][gc,phases      ] GC(141)     Total                          Min: 0, Avg: 10869.0, Max: 15679, Diff: 15679, Sum: 43476, Workers: 4
[2687.320s][debug][gc,phases      ] GC(141)   ResolvedMethodTable Weak       Min:  0.0, Avg:  0.0, Max:  0.0, Diff:  0.0, Sum:  0.1, Workers: 4
[2687.320s][debug][gc,phases      ] GC(141)     Dead                           Min: 0, Avg:  0.0, Max: 0, Diff: 0, Sum: 0, Workers: 4
[2687.320s][debug][gc,phases      ] GC(141)     Total                          Min: 0, Avg: 2400.5, Max: 3328, Diff: 3328, Sum: 9602, Workers: 4
[2687.320s][debug][gc,phases      ] GC(141)   JNI Weak                       Min:  0.0, Avg:  0.0, Max:  0.0, Diff:  0.0, Sum:  0.0, Workers: 4
[2687.320s][debug][gc,phases      ] GC(141)     Dead                           Min: 0, Avg:  0.0, Max: 0, Diff: 0, Sum: 0, Workers: 4
[2687.320s][debug][gc,phases      ] GC(141)     Total                          Min: 0, Avg: 11.2, Max: 45, Diff: 45, Sum: 45, Workers: 4
[2687.320s][debug][gc,phases      ] GC(141)   StringDedup Table Weak         Min:  0.0, Avg:  0.0, Max:  0.0, Diff:  0.0, Sum:  0.0, Workers: 4
[2687.320s][debug][gc,phases      ] GC(141)     Dead                           Min: 0, Avg:  0.0, Max: 0, Diff: 0, Sum: 0, Workers: 4
[2687.320s][debug][gc,phases      ] GC(141)     Total                          Min: 0, Avg:  0.0, Max: 0, Diff: 0, Sum: 0, Workers: 4
[2687.320s][debug][gc,phases      ] GC(141)   StringDedup Requests0 Weak     Min:  0.0, Avg:  0.0, Max:  0.0, Diff:  0.0, Sum:  0.0, Workers: 4
[2687.320s][debug][gc,phases      ] GC(141)     Dead                           Min: 0, Avg:  0.0, Max: 0, Diff: 0, Sum: 0, Workers: 4
[2687.320s][debug][gc,phases      ] GC(141)     Total                          Min: 0, Avg:  0.0, Max: 0, Diff: 0, Sum: 0, Workers: 4
[2687.320s][debug][gc,phases      ] GC(141)   StringDedup Requests1 Weak     Min:  0.0, Avg:  0.0, Max:  0.0, Diff:  0.0, Sum:  0.0, Workers: 4
[2687.320s][debug][gc,phases      ] GC(141)     Dead                           Min: 0, Avg:  0.0, Max: 0, Diff: 0, Sum: 0, Workers: 4
[2687.320s][debug][gc,phases      ] GC(141)     Total                          Min: 0, Avg:  0.0, Max: 0, Diff: 0, Sum: 0, Workers: 4
[2687.320s][debug][gc,phases      ] GC(141)   Weak JFR Old Object Samples    Min:  0.0, Avg:  0.0, Max:  0.0, Diff:  0.0, Sum:  0.0, Workers: 4
[2687.320s][debug][gc,phases      ] GC(141)     Dead                           Min: 0, Avg:  0.0, Max: 0, Diff: 0, Sum: 0, Workers: 4
[2687.320s][debug][gc,phases      ] GC(141)     Total                          Min: 0, Avg:  0.0, Max: 0, Diff: 0, Sum: 0, Workers: 4
[2687.320s][debug][gc,phases      ] GC(141) Weak Processing 0.386ms
[2687.320s][debug][gc,age         ] GC(141) Desired survivor size 137887744 bytes, new threshold 15 (max threshold 15)
[2687.320s][info ][gc,heap        ] GC(141) PSYoungGen: 1943013K(1959424K)->95936K(1941504K) Eden: 1845248K(1845248K)->0K(1845248K) From: 97765K(114176K)->95936K(96256K)
[2687.320s][info ][gc,heap        ] GC(141) ParOldGen: 515578K(675840K)->515586K(675840K)
[2687.320s][info ][gc,metaspace   ] GC(141) Metaspace: 83021K(84096K)->83021K(84096K) NonClass: 71339K(71936K)->71339K(71936K) Class: 11681K(12160K)->11681K(12160K)
[2687.320s][info ][gc             ] GC(141) Pause Young (Allocation Failure) 2400M->597M(2556M) 27.094ms
[2687.320s][info ][gc,cpu         ] GC(141) User=0.10s Sys=0.00s Real=0.02s
[2687.320s][info ][safepoint      ] Safepoint "ParallelGCFailedAllocation", Time since last: 621911570 ns, Reaching safepoint: 37801 ns, At safepoint: 27167302 ns, Total: 27205103 ns
[2691.321s][info ][safepoint      ] Safepoint "Cleanup", Time since last: 4000299678 ns, Reaching safepoint: 50101 ns, At safepoint: 2800 ns, Total: 52901 ns
[2694.321s][info ][safepoint      ] Safepoint "Cleanup", Time since last: 3000307341 ns, Reaching safepoint: 58801 ns, At safepoint: 2800 ns, Total: 61601 ns
[2696.321s][info ][safepoint      ] Safepoint "Cleanup", Time since last: 2000185849 ns, Reaching safepoint: 48202 ns, At safepoint: 3000 ns, Total: 51202 ns
[2699.322s][info ][safepoint      ] Safepoint "Cleanup", Time since last: 3000271574 ns, Reaching safepoint: 48401 ns, At safepoint: 4600 ns, Total: 53001 ns
[2700.322s][info ][safepoint      ] Safepoint "Cleanup", Time since last: 1000125125 ns, Reaching safepoint: 58602 ns, At safepoint: 8700 ns, Total: 67302 ns
[2701.322s][info ][safepoint      ] Safepoint "Cleanup", Time since last: 1000122125 ns, Reaching safepoint: 64602 ns, At safepoint: 6000 ns, Total: 70602 ns
[2704.322s][info ][safepoint      ] Safepoint "Cleanup", Time since last: 3000248922 ns, Reaching safepoint: 49201 ns, At safepoint: 3300 ns, Total: 52501 ns
[2706.322s][info ][safepoint      ] Safepoint "Cleanup", Time since last: 2000183591 ns, Reaching safepoint: 50201 ns, At safepoint: 3600 ns, Total: 53801 ns
[2711.323s][info ][safepoint      ] Safepoint "Cleanup", Time since last: 5000412061 ns, Reaching safepoint: 55501 ns, At safepoint: 3200 ns, Total: 58701 ns
[2715.323s][info ][safepoint      ] Safepoint "Cleanup", Time since last: 4000338073 ns, Reaching safepoint: 79102 ns, At safepoint: 2900 ns, Total: 82002 ns
[2716.324s][info ][safepoint      ] Safepoint "Cleanup", Time since last: 1000133469 ns, Reaching safepoint: 64401 ns, At safepoint: 3600 ns, Total: 68001 ns
[2719.989s][info ][gc,start       ] GC(142) Pause Young (Allocation Failure)
[2720.020s][debug][gc,phases      ] GC(142) Scavenge 31.060ms
[2720.020s][debug][gc,ref         ] GC(142) Skipped phase 1 of Reference Processing: no references
[2720.020s][debug][gc,ref         ] GC(142) ReferenceProcessor::execute queues: 1, RefProcThreadModel::Single, marks_oops_alive: false
[2720.020s][debug][gc,ref         ] GC(142) Skipped phase 3 of Reference Processing: no references
[2720.020s][debug][gc,ref         ] GC(142) ReferenceProcessor::execute queues: 1, RefProcThreadModel::Single, marks_oops_alive: false
[2720.020s][debug][gc,phases      ] GC(142) Reference Processing 0.127ms
[2720.020s][debug][gc,phases      ] GC(142)   VM Weak                        Min:  0.0, Avg:  0.0, Max:  0.0, Diff:  0.0, Sum:  0.0, Workers: 4
[2720.020s][debug][gc,phases      ] GC(142)     Dead                           Min: 0, Avg:  0.0, Max: 0, Diff: 0, Sum: 0, Workers: 4
[2720.020s][debug][gc,phases      ] GC(142)     Total                          Min: 0, Avg: 230.8, Max: 603, Diff: 603, Sum: 923, Workers: 4
[2720.020s][debug][gc,phases      ] GC(142)   ObjectSynchronizer Weak        Min:  0.0, Avg:  0.0, Max:  0.0, Diff:  0.0, Sum:  0.0, Workers: 4
[2720.020s][debug][gc,phases      ] GC(142)     Dead                           Min: 0, Avg:  0.0, Max: 0, Diff: 0, Sum: 0, Workers: 4
[2720.020s][debug][gc,phases      ] GC(142)     Total                          Min: 0, Avg:  8.5, Max: 34, Diff: 34, Sum: 34, Workers: 4
[2720.020s][debug][gc,phases      ] GC(142)   JVMTI Tag Weak OopStorage      Min:  0.0, Avg:  0.0, Max:  0.0, Diff:  0.0, Sum:  0.0, Workers: 4
[2720.020s][debug][gc,phases      ] GC(142)     Dead                           Min: 0, Avg:  0.0, Max: 0, Diff: 0, Sum: 0, Workers: 4
[2720.020s][debug][gc,phases      ] GC(142)     Total                          Min: 0, Avg:  0.0, Max: 0, Diff: 0, Sum: 0, Workers: 4
[2720.020s][debug][gc,phases      ] GC(142)   StringTable Weak               Min:  0.1, Avg:  0.1, Max:  0.2, Diff:  0.1, Sum:  0.6, Workers: 4
[2720.020s][debug][gc,phases      ] GC(142)     Dead                           Min: 0, Avg:  0.2, Max: 1, Diff: 1, Sum: 1, Workers: 4
[2720.020s][debug][gc,phases      ] GC(142)     Total                          Min: 5760, Avg: 10869.8, Max: 15512, Diff: 9752, Sum: 43479, Workers: 4
[2720.020s][debug][gc,phases      ] GC(142)   ResolvedMethodTable Weak       Min:  0.0, Avg:  0.1, Max:  0.1, Diff:  0.1, Sum:  0.2, Workers: 4
[2720.020s][debug][gc,phases      ] GC(142)     Dead                           Min: 0, Avg:  0.0, Max: 0, Diff: 0, Sum: 0, Workers: 4
[2720.020s][debug][gc,phases      ] GC(142)     Total                          Min: 0, Avg: 2402.2, Max: 5129, Diff: 5129, Sum: 9609, Workers: 4
[2720.020s][debug][gc,phases      ] GC(142)   JNI Weak                       Min:  0.0, Avg:  0.0, Max:  0.0, Diff:  0.0, Sum:  0.0, Workers: 4
[2720.020s][debug][gc,phases      ] GC(142)     Dead                           Min: 0, Avg:  0.0, Max: 0, Diff: 0, Sum: 0, Workers: 4
[2720.020s][debug][gc,phases      ] GC(142)     Total                          Min: 0, Avg: 11.2, Max: 45, Diff: 45, Sum: 45, Workers: 4
[2720.020s][debug][gc,phases      ] GC(142)   StringDedup Table Weak         Min:  0.0, Avg:  0.0, Max:  0.0, Diff:  0.0, Sum:  0.0, Workers: 4
[2720.020s][debug][gc,phases      ] GC(142)     Dead                           Min: 0, Avg:  0.0, Max: 0, Diff: 0, Sum: 0, Workers: 4
[2720.020s][debug][gc,phases      ] GC(142)     Total                          Min: 0, Avg:  0.0, Max: 0, Diff: 0, Sum: 0, Workers: 4
[2720.020s][debug][gc,phases      ] GC(142)   StringDedup Requests0 Weak     Min:  0.0, Avg:  0.0, Max:  0.0, Diff:  0.0, Sum:  0.0, Workers: 4
[2720.020s][debug][gc,phases      ] GC(142)     Dead                           Min: 0, Avg:  0.0, Max: 0, Diff: 0, Sum: 0, Workers: 4
[2720.020s][debug][gc,phases      ] GC(142)     Total                          Min: 0, Avg:  0.0, Max: 0, Diff: 0, Sum: 0, Workers: 4
[2720.020s][debug][gc,phases      ] GC(142)   StringDedup Requests1 Weak     Min:  0.0, Avg:  0.0, Max:  0.0, Diff:  0.0, Sum:  0.0, Workers: 4
[2720.020s][debug][gc,phases      ] GC(142)     Dead                           Min: 0, Avg:  0.0, Max: 0, Diff: 0, Sum: 0, Workers: 4
[2720.020s][debug][gc,phases      ] GC(142)     Total                          Min: 0, Avg:  0.0, Max: 0, Diff: 0, Sum: 0, Workers: 4
[2720.020s][debug][gc,phases      ] GC(142)   Weak JFR Old Object Samples    Min:  0.0, Avg:  0.0, Max:  0.0, Diff:  0.0, Sum:  0.0, Workers: 4
[2720.020s][debug][gc,phases      ] GC(142)     Dead                           Min: 0, Avg:  0.0, Max: 0, Diff: 0, Sum: 0, Workers: 4
[2720.020s][debug][gc,phases      ] GC(142)     Total                          Min: 0, Avg:  0.0, Max: 0, Diff: 0, Sum: 0, Workers: 4
[2720.020s][debug][gc,phases      ] GC(142) Weak Processing 0.475ms
[2720.020s][debug][gc,age         ] GC(142) Desired survivor size 145227776 bytes, new threshold 15 (max threshold 15)
[2720.020s][info ][gc,heap        ] GC(142) PSYoungGen: 1941184K(1941504K)->96111K(1948160K) Eden: 1845248K(1845248K)->0K(1813504K) From: 95936K(96256K)->96111K(134656K)
[2720.020s][info ][gc,heap        ] GC(142) ParOldGen: 515586K(675840K)->515586K(675840K)
[2720.020s][info ][gc,metaspace   ] GC(142) Metaspace: 83039K(84096K)->83039K(84096K) NonClass: 71354K(71936K)->71354K(71936K) Class: 11684K(12160K)->11684K(12160K)
[2720.020s][info ][gc             ] GC(142) Pause Young (Allocation Failure) 2399M->597M(2562M) 31.804ms
[2720.020s][info ][gc,cpu         ] GC(142) User=0.09s Sys=0.00s Real=0.03s
[2720.020s][info ][safepoint      ] Safepoint "ParallelGCFailedAllocation", Time since last: 3664923475 ns, Reaching safepoint: 97802 ns, At safepoint: 31884906 ns, Total: 31982708 ns
[2721.021s][info ][safepoint      ] Safepoint "Cleanup", Time since last: 1000088624 ns, Reaching safepoint: 118602 ns, At safepoint: 36701 ns, Total: 155303 ns
[2722.021s][info ][safepoint      ] Safepoint "Cleanup", Time since last: 1000120625 ns, Reaching safepoint: 52401 ns, At safepoint: 3000 ns, Total: 55401 ns
[2723.021s][info ][safepoint      ] Safepoint "Cleanup", Time since last: 1000124426 ns, Reaching safepoint: 55301 ns, At safepoint: 2800 ns, Total: 58101 ns
[2725.021s][info ][safepoint      ] Safepoint "Cleanup", Time since last: 2000194549 ns, Reaching safepoint: 47601 ns, At safepoint: 3000 ns, Total: 50601 ns
[2727.022s][info ][safepoint      ] Safepoint "Cleanup", Time since last: 2000193207 ns, Reaching safepoint: 49502 ns, At safepoint: 2700 ns, Total: 52202 ns
[2732.022s][info ][safepoint      ] Safepoint "Cleanup", Time since last: 5000424169 ns, Reaching safepoint: 49401 ns, At safepoint: 2600 ns, Total: 52001 ns
[2742.023s][info ][safepoint      ] Safepoint "Cleanup", Time since last: 10000715384 ns, Reaching safepoint: 55601 ns, At safepoint: 4100 ns, Total: 59701 ns
[2747.023s][info ][safepoint      ] Safepoint "Cleanup", Time since last: 5000438598 ns, Reaching safepoint: 46501 ns, At safepoint: 3200 ns, Total: 49701 ns
[2750.024s][info ][safepoint      ] Safepoint "Cleanup", Time since last: 3000236271 ns, Reaching safepoint: 85702 ns, At safepoint: 7200 ns, Total: 92902 ns
[2751.097s][info ][gc,start       ] GC(143) Pause Young (Allocation Failure)
[2751.125s][debug][gc,phases      ] GC(143) Scavenge 27.605ms
[2751.125s][debug][gc,ref         ] GC(143) Skipped phase 1 of Reference Processing: no references
[2751.125s][debug][gc,ref         ] GC(143) ReferenceProcessor::execute queues: 1, RefProcThreadModel::Single, marks_oops_alive: false
[2751.125s][debug][gc,ref         ] GC(143) Skipped phase 3 of Reference Processing: no references
[2751.125s][debug][gc,ref         ] GC(143) ReferenceProcessor::execute queues: 1, RefProcThreadModel::Single, marks_oops_alive: false
[2751.125s][debug][gc,phases      ] GC(143) Reference Processing 0.129ms
[2751.125s][debug][gc,phases      ] GC(143)   VM Weak                        Min:  0.0, Avg:  0.0, Max:  0.0, Diff:  0.0, Sum:  0.0, Workers: 4
[2751.125s][debug][gc,phases      ] GC(143)     Dead                           Min: 0, Avg:  0.0, Max: 0, Diff: 0, Sum: 0, Workers: 4
[2751.125s][debug][gc,phases      ] GC(143)     Total                          Min: 0, Avg: 230.8, Max: 768, Diff: 768, Sum: 923, Workers: 4
[2751.125s][debug][gc,phases      ] GC(143)   ObjectSynchronizer Weak        Min:  0.0, Avg:  0.0, Max:  0.0, Diff:  0.0, Sum:  0.0, Workers: 4
[2751.125s][debug][gc,phases      ] GC(143)     Dead                           Min: 0, Avg:  0.0, Max: 0, Diff: 0, Sum: 0, Workers: 4
[2751.125s][debug][gc,phases      ] GC(143)     Total                          Min: 0, Avg:  8.5, Max: 34, Diff: 34, Sum: 34, Workers: 4
[2751.125s][debug][gc,phases      ] GC(143)   JVMTI Tag Weak OopStorage      Min:  0.0, Avg:  0.0, Max:  0.0, Diff:  0.0, Sum:  0.0, Workers: 4
[2751.125s][debug][gc,phases      ] GC(143)     Dead                           Min: 0, Avg:  0.0, Max: 0, Diff: 0, Sum: 0, Workers: 4
[2751.125s][debug][gc,phases      ] GC(143)     Total                          Min: 0, Avg:  0.0, Max: 0, Diff: 0, Sum: 0, Workers: 4
[2751.125s][debug][gc,phases      ] GC(143)   StringTable Weak               Min:  0.0, Avg:  0.1, Max:  0.2, Diff:  0.2, Sum:  0.5, Workers: 4
[2751.125s][debug][gc,phases      ] GC(143)     Dead                           Min: 0, Avg:  0.0, Max: 0, Diff: 0, Sum: 0, Workers: 4
[2751.125s][debug][gc,phases      ] GC(143)     Total                          Min: 0, Avg: 10873.8, Max: 21992, Diff: 21992, Sum: 43495, Workers: 4
[2751.125s][debug][gc,phases      ] GC(143)   ResolvedMethodTable Weak       Min:  0.0, Avg:  0.0, Max:  0.1, Diff:  0.1, Sum:  0.1, Workers: 4
[2751.125s][debug][gc,phases      ] GC(143)     Dead                           Min: 0, Avg:  0.0, Max: 0, Diff: 0, Sum: 0, Workers: 4
[2751.125s][debug][gc,phases      ] GC(143)     Total                          Min: 0, Avg: 2402.2, Max: 5760, Diff: 5760, Sum: 9609, Workers: 4
[2751.125s][debug][gc,phases      ] GC(143)   JNI Weak                       Min:  0.0, Avg:  0.0, Max:  0.0, Diff:  0.0, Sum:  0.0, Workers: 4
[2751.125s][debug][gc,phases      ] GC(143)     Dead                           Min: 0, Avg:  0.0, Max: 0, Diff: 0, Sum: 0, Workers: 4
[2751.125s][debug][gc,phases      ] GC(143)     Total                          Min: 0, Avg: 11.2, Max: 45, Diff: 45, Sum: 45, Workers: 4
[2751.125s][debug][gc,phases      ] GC(143)   StringDedup Table Weak         Min:  0.0, Avg:  0.0, Max:  0.0, Diff:  0.0, Sum:  0.0, Workers: 4
[2751.125s][debug][gc,phases      ] GC(143)     Dead                           Min: 0, Avg:  0.0, Max: 0, Diff: 0, Sum: 0, Workers: 4
[2751.125s][debug][gc,phases      ] GC(143)     Total                          Min: 0, Avg:  0.0, Max: 0, Diff: 0, Sum: 0, Workers: 4
[2751.125s][debug][gc,phases      ] GC(143)   StringDedup Requests0 Weak     Min:  0.0, Avg:  0.0, Max:  0.0, Diff:  0.0, Sum:  0.0, Workers: 4
[2751.125s][debug][gc,phases      ] GC(143)     Dead                           Min: 0, Avg:  0.0, Max: 0, Diff: 0, Sum: 0, Workers: 4
[2751.125s][debug][gc,phases      ] GC(143)     Total                          Min: 0, Avg:  0.0, Max: 0, Diff: 0, Sum: 0, Workers: 4
[2751.125s][debug][gc,phases      ] GC(143)   StringDedup Requests1 Weak     Min:  0.0, Avg:  0.0, Max:  0.0, Diff:  0.0, Sum:  0.0, Workers: 4
[2751.125s][debug][gc,phases      ] GC(143)     Dead                           Min: 0, Avg:  0.0, Max: 0, Diff: 0, Sum: 0, Workers: 4
[2751.125s][debug][gc,phases      ] GC(143)     Total                          Min: 0, Avg:  0.0, Max: 0, Diff: 0, Sum: 0, Workers: 4
[2751.125s][debug][gc,phases      ] GC(143)   Weak JFR Old Object Samples    Min:  0.0, Avg:  0.0, Max:  0.0, Diff:  0.0, Sum:  0.0, Workers: 4
[2751.125s][debug][gc,phases      ] GC(143)     Dead                           Min: 0, Avg:  0.0, Max: 0, Diff: 0, Sum: 0, Workers: 4
[2751.125s][debug][gc,phases      ] GC(143)     Total                          Min: 0, Avg:  0.0, Max: 0, Diff: 0, Sum: 0, Workers: 4
[2751.125s][debug][gc,phases      ] GC(143) Weak Processing 0.657ms
[2751.125s][debug][gc,age         ] GC(143) Desired survivor size 149946368 bytes, new threshold 15 (max threshold 15)
[2751.125s][info ][gc,heap        ] GC(143) PSYoungGen: 1909615K(1948160K)->95887K(1909760K) Eden: 1813504K(1813504K)->0K(1813504K) From: 96111K(134656K)->95887K(96256K)
[2751.125s][info ][gc,heap        ] GC(143) ParOldGen: 515586K(675840K)->515586K(675840K)
[2751.125s][info ][gc,metaspace   ] GC(143) Metaspace: 83050K(84096K)->83050K(84096K) NonClass: 71366K(71936K)->71366K(71936K) Class: 11684K(12160K)->11684K(12160K)
[2751.125s][info ][gc             ] GC(143) Pause Young (Allocation Failure) 2368M->597M(2525M) 28.566ms
[2751.125s][info ][gc,cpu         ] GC(143) User=0.10s Sys=0.00s Real=0.03s
[2751.125s][info ][safepoint      ] Safepoint "ParallelGCFailedAllocation", Time since last: 1073042385 ns, Reaching safepoint: 118303 ns, At safepoint: 28679128 ns, Total: 28797431 ns
[2759.126s][info ][safepoint      ] Safepoint "Cleanup", Time since last: 8000648369 ns, Reaching safepoint: 57202 ns, At safepoint: 7600 ns, Total: 64802 ns
[2760.126s][info ][safepoint      ] Safepoint "Cleanup", Time since last: 1000124825 ns, Reaching safepoint: 125802 ns, At safepoint: 6801 ns, Total: 132603 ns
[2761.127s][info ][safepoint      ] Safepoint "Cleanup", Time since last: 1000125124 ns, Reaching safepoint: 62502 ns, At safepoint: 3100 ns, Total: 65602 ns
[2764.127s][info ][safepoint      ] Safepoint "Cleanup", Time since last: 3000289972 ns, Reaching safepoint: 58901 ns, At safepoint: 3300 ns, Total: 62201 ns
[2766.127s][info ][safepoint      ] Safepoint "Cleanup", Time since last: 2000215546 ns, Reaching safepoint: 51401 ns, At safepoint: 6600 ns, Total: 58001 ns
[2767.127s][info ][safepoint      ] Safepoint "Cleanup", Time since last: 1000120436 ns, Reaching safepoint: 44301 ns, At safepoint: 3100 ns, Total: 47401 ns
[2774.128s][info ][safepoint      ] Safepoint "Cleanup", Time since last: 7000553952 ns, Reaching safepoint: 63302 ns, At safepoint: 2900 ns, Total: 66202 ns
[2780.129s][info ][safepoint      ] Safepoint "Cleanup", Time since last: 6000547788 ns, Reaching safepoint: 58002 ns, At safepoint: 3000 ns, Total: 61002 ns
[2781.946s][info ][gc,start       ] GC(144) Pause Young (Allocation Failure)
[2781.976s][debug][gc,phases      ] GC(144) Scavenge 29.858ms
[2781.976s][debug][gc,ref         ] GC(144) Skipped phase 1 of Reference Processing: no references
[2781.976s][debug][gc,ref         ] GC(144) ReferenceProcessor::execute queues: 1, RefProcThreadModel::Single, marks_oops_alive: false
[2781.976s][debug][gc,ref         ] GC(144) Skipped phase 3 of Reference Processing: no references
[2781.976s][debug][gc,ref         ] GC(144) ReferenceProcessor::execute queues: 1, RefProcThreadModel::Single, marks_oops_alive: false
[2781.976s][debug][gc,phases      ] GC(144) Reference Processing 0.155ms
[2781.976s][debug][gc,phases      ] GC(144)   VM Weak                        Min:  0.0, Avg:  0.0, Max:  0.0, Diff:  0.0, Sum:  0.0, Workers: 4
[2781.976s][debug][gc,phases      ] GC(144)     Dead                           Min: 0, Avg:  0.0, Max: 0, Diff: 0, Sum: 0, Workers: 4
[2781.976s][debug][gc,phases      ] GC(144)     Total                          Min: 0, Avg: 230.8, Max: 539, Diff: 539, Sum: 923, Workers: 4
[2781.976s][debug][gc,phases      ] GC(144)   ObjectSynchronizer Weak        Min:  0.0, Avg:  0.0, Max:  0.0, Diff:  0.0, Sum:  0.0, Workers: 4
[2781.976s][debug][gc,phases      ] GC(144)     Dead                           Min: 0, Avg:  0.0, Max: 0, Diff: 0, Sum: 0, Workers: 4
[2781.976s][debug][gc,phases      ] GC(144)     Total                          Min: 0, Avg:  8.5, Max: 34, Diff: 34, Sum: 34, Workers: 4
[2781.976s][debug][gc,phases      ] GC(144)   JVMTI Tag Weak OopStorage      Min:  0.0, Avg:  0.0, Max:  0.0, Diff:  0.0, Sum:  0.0, Workers: 4
[2781.976s][debug][gc,phases      ] GC(144)     Dead                           Min: 0, Avg:  0.0, Max: 0, Diff: 0, Sum: 0, Workers: 4
[2781.976s][debug][gc,phases      ] GC(144)     Total                          Min: 0, Avg:  0.0, Max: 0, Diff: 0, Sum: 0, Workers: 4
[2781.976s][debug][gc,phases      ] GC(144)   StringTable Weak               Min:  0.0, Avg:  0.1, Max:  0.2, Diff:  0.2, Sum:  0.4, Workers: 4
[2781.976s][debug][gc,phases      ] GC(144)     Dead                           Min: 0, Avg:  0.0, Max: 0, Diff: 0, Sum: 0, Workers: 4
[2781.976s][debug][gc,phases      ] GC(144)     Total                          Min: 0, Avg: 10873.8, Max: 22184, Diff: 22184, Sum: 43495, Workers: 4
[2781.976s][debug][gc,phases      ] GC(144)   ResolvedMethodTable Weak       Min:  0.0, Avg:  0.0, Max:  0.0, Diff:  0.0, Sum:  0.1, Workers: 4
[2781.976s][debug][gc,phases      ] GC(144)     Dead                           Min: 0, Avg:  0.0, Max: 0, Diff: 0, Sum: 0, Workers: 4
[2781.976s][debug][gc,phases      ] GC(144)     Total                          Min: 0, Avg: 2402.2, Max: 4992, Diff: 4992, Sum: 9609, Workers: 4
[2781.976s][debug][gc,phases      ] GC(144)   JNI Weak                       Min:  0.0, Avg:  0.0, Max:  0.0, Diff:  0.0, Sum:  0.0, Workers: 4
[2781.977s][debug][gc,phases      ] GC(144)     Dead                           Min: 0, Avg:  0.0, Max: 0, Diff: 0, Sum: 0, Workers: 4
[2781.977s][debug][gc,phases      ] GC(144)     Total                          Min: 0, Avg: 11.2, Max: 45, Diff: 45, Sum: 45, Workers: 4
[2781.977s][debug][gc,phases      ] GC(144)   StringDedup Table Weak         Min:  0.0, Avg:  0.0, Max:  0.0, Diff:  0.0, Sum:  0.0, Workers: 4
[2781.977s][debug][gc,phases      ] GC(144)     Dead                           Min: 0, Avg:  0.0, Max: 0, Diff: 0, Sum: 0, Workers: 4
[2781.977s][debug][gc,phases      ] GC(144)     Total                          Min: 0, Avg:  0.0, Max: 0, Diff: 0, Sum: 0, Workers: 4
[2781.977s][debug][gc,phases      ] GC(144)   StringDedup Requests0 Weak     Min:  0.0, Avg:  0.0, Max:  0.0, Diff:  0.0, Sum:  0.0, Workers: 4
[2781.977s][debug][gc,phases      ] GC(144)     Dead                           Min: 0, Avg:  0.0, Max: 0, Diff: 0, Sum: 0, Workers: 4
[2781.977s][debug][gc,phases      ] GC(144)     Total                          Min: 0, Avg:  0.0, Max: 0, Diff: 0, Sum: 0, Workers: 4
[2781.977s][debug][gc,phases      ] GC(144)   StringDedup Requests1 Weak     Min:  0.0, Avg:  0.0, Max:  0.0, Diff:  0.0, Sum:  0.0, Workers: 4
[2781.977s][debug][gc,phases      ] GC(144)     Dead                           Min: 0, Avg:  0.0, Max: 0, Diff: 0, Sum: 0, Workers: 4
[2781.977s][debug][gc,phases      ] GC(144)     Total                          Min: 0, Avg:  0.0, Max: 0, Diff: 0, Sum: 0, Workers: 4
[2781.977s][debug][gc,phases      ] GC(144)   Weak JFR Old Object Samples    Min:  0.0, Avg:  0.0, Max:  0.0, Diff:  0.0, Sum:  0.0, Workers: 4
[2781.977s][debug][gc,phases      ] GC(144)     Dead                           Min: 0, Avg:  0.0, Max: 0, Diff: 0, Sum: 0, Workers: 4
[2781.977s][debug][gc,phases      ] GC(144)     Total                          Min: 0, Avg:  0.0, Max: 0, Diff: 0, Sum: 0, Workers: 4
[2781.977s][debug][gc,phases      ] GC(144) Weak Processing 0.459ms
[2781.977s][debug][gc,age         ] GC(144) Desired survivor size 153616384 bytes, new threshold 15 (max threshold 15)
[2781.977s][info ][gc,heap        ] GC(144) PSYoungGen: 1909391K(1909760K)->96222K(1943552K) Eden: 1813504K(1813504K)->0K(1797120K) From: 95887K(96256K)->96222K(146432K)
[2781.977s][info ][gc,heap        ] GC(144) ParOldGen: 515586K(675840K)->515586K(675840K)
[2781.977s][info ][gc,metaspace   ] GC(144) Metaspace: 83076K(84096K)->83076K(84096K) NonClass: 71392K(71936K)->71392K(71936K) Class: 11684K(12160K)->11684K(12160K)
[2781.977s][info ][gc             ] GC(144) Pause Young (Allocation Failure) 2368M->597M(2558M) 30.616ms
[2781.977s][info ][gc,cpu         ] GC(144) User=0.11s Sys=0.00s Real=0.03s
[2781.977s][info ][safepoint      ] Safepoint "ParallelGCFailedAllocation", Time since last: 1817219068 ns, Reaching safepoint: 67102 ns, At safepoint: 30704773 ns, Total: 30771875 ns
[2783.977s][info ][safepoint      ] Safepoint "Cleanup", Time since last: 2000158205 ns, Reaching safepoint: 50702 ns, At safepoint: 3300 ns, Total: 54002 ns
[2784.977s][info ][safepoint      ] Safepoint "Cleanup", Time since last: 1000142399 ns, Reaching safepoint: 74002 ns, At safepoint: 6700 ns, Total: 80702 ns
[2790.978s][info ][safepoint      ] Safepoint "Cleanup", Time since last: 6000522568 ns, Reaching safepoint: 59402 ns, At safepoint: 6000 ns, Total: 65402 ns
[2799.978s][info ][safepoint      ] Safepoint "Cleanup", Time since last: 9000722544 ns, Reaching safepoint: 43401 ns, At safepoint: 2700 ns, Total: 46101 ns
[2809.284s][info ][safepoint      ] Safepoint "Cleanup", Time since last: 9305549813 ns, Reaching safepoint: 76202 ns, At safepoint: 3400 ns, Total: 79602 ns
[2810.284s][info ][safepoint      ] Safepoint "Cleanup", Time since last: 1000124365 ns, Reaching safepoint: 39701 ns, At safepoint: 2600 ns, Total: 42301 ns
[2811.284s][info ][safepoint      ] Safepoint "Cleanup", Time since last: 1000115765 ns, Reaching safepoint: 38501 ns, At safepoint: 2800 ns, Total: 41301 ns
[2812.285s][info ][safepoint      ] Safepoint "Cleanup", Time since last: 1000132865 ns, Reaching safepoint: 49101 ns, At safepoint: 3700 ns, Total: 52801 ns
[2813.099s][info ][gc,start       ] GC(145) Pause Young (Allocation Failure)
[2813.128s][debug][gc,phases      ] GC(145) Scavenge 29.369ms
[2813.128s][debug][gc,ref         ] GC(145) Skipped phase 1 of Reference Processing: no references
[2813.128s][debug][gc,ref         ] GC(145) ReferenceProcessor::execute queues: 1, RefProcThreadModel::Single, marks_oops_alive: false
[2813.128s][debug][gc,ref         ] GC(145) Skipped phase 3 of Reference Processing: no references
[2813.128s][debug][gc,ref         ] GC(145) ReferenceProcessor::execute queues: 1, RefProcThreadModel::Single, marks_oops_alive: false
[2813.128s][debug][gc,phases      ] GC(145) Reference Processing 0.152ms
[2813.129s][debug][gc,phases      ] GC(145)   VM Weak                        Min:  0.0, Avg:  0.0, Max:  0.0, Diff:  0.0, Sum:  0.0, Workers: 4
[2813.129s][debug][gc,phases      ] GC(145)     Dead                           Min: 0, Avg:  0.0, Max: 0, Diff: 0, Sum: 0, Workers: 4
[2813.129s][debug][gc,phases      ] GC(145)     Total                          Min: 0, Avg: 230.8, Max: 768, Diff: 768, Sum: 923, Workers: 4
[2813.129s][debug][gc,phases      ] GC(145)   ObjectSynchronizer Weak        Min:  0.0, Avg:  0.0, Max:  0.0, Diff:  0.0, Sum:  0.0, Workers: 4
[2813.129s][debug][gc,phases      ] GC(145)     Dead                           Min: 0, Avg:  0.0, Max: 0, Diff: 0, Sum: 0, Workers: 4
[2813.129s][debug][gc,phases      ] GC(145)     Total                          Min: 0, Avg:  8.5, Max: 34, Diff: 34, Sum: 34, Workers: 4
[2813.129s][debug][gc,phases      ] GC(145)   JVMTI Tag Weak OopStorage      Min:  0.0, Avg:  0.0, Max:  0.0, Diff:  0.0, Sum:  0.0, Workers: 4
[2813.129s][debug][gc,phases      ] GC(145)     Dead                           Min: 0, Avg:  0.0, Max: 0, Diff: 0, Sum: 0, Workers: 4
[2813.129s][debug][gc,phases      ] GC(145)     Total                          Min: 0, Avg:  0.0, Max: 0, Diff: 0, Sum: 0, Workers: 4
[2813.129s][debug][gc,phases      ] GC(145)   StringTable Weak               Min:  0.0, Avg:  0.1, Max:  0.1, Diff:  0.1, Sum:  0.4, Workers: 4
[2813.129s][debug][gc,phases      ] GC(145)     Dead                           Min: 0, Avg:  0.0, Max: 0, Diff: 0, Sum: 0, Workers: 4
[2813.129s][debug][gc,phases      ] GC(145)     Total                          Min: 0, Avg: 10873.8, Max: 14976, Diff: 14976, Sum: 43495, Workers: 4
[2813.129s][debug][gc,phases      ] GC(145)   ResolvedMethodTable Weak       Min:  0.0, Avg:  0.0, Max:  0.0, Diff:  0.0, Sum:  0.1, Workers: 4
[2813.129s][debug][gc,phases      ] GC(145)     Dead                           Min: 0, Avg:  0.0, Max: 0, Diff: 0, Sum: 0, Workers: 4
[2813.129s][debug][gc,phases      ] GC(145)     Total                          Min: 0, Avg: 2402.2, Max: 3840, Diff: 3840, Sum: 9609, Workers: 4
[2813.129s][debug][gc,phases      ] GC(145)   JNI Weak                       Min:  0.0, Avg:  0.0, Max:  0.0, Diff:  0.0, Sum:  0.0, Workers: 4
[2813.129s][debug][gc,phases      ] GC(145)     Dead                           Min: 0, Avg:  0.0, Max: 0, Diff: 0, Sum: 0, Workers: 4
[2813.129s][debug][gc,phases      ] GC(145)     Total                          Min: 0, Avg: 11.2, Max: 45, Diff: 45, Sum: 45, Workers: 4
[2813.129s][debug][gc,phases      ] GC(145)   StringDedup Table Weak         Min:  0.0, Avg:  0.0, Max:  0.0, Diff:  0.0, Sum:  0.0, Workers: 4
[2813.129s][debug][gc,phases      ] GC(145)     Dead                           Min: 0, Avg:  0.0, Max: 0, Diff: 0, Sum: 0, Workers: 4
[2813.129s][debug][gc,phases      ] GC(145)     Total                          Min: 0, Avg:  0.0, Max: 0, Diff: 0, Sum: 0, Workers: 4
[2813.129s][debug][gc,phases      ] GC(145)   StringDedup Requests0 Weak     Min:  0.0, Avg:  0.0, Max:  0.0, Diff:  0.0, Sum:  0.0, Workers: 4
[2813.129s][debug][gc,phases      ] GC(145)     Dead                           Min: 0, Avg:  0.0, Max: 0, Diff: 0, Sum: 0, Workers: 4
[2813.129s][debug][gc,phases      ] GC(145)     Total                          Min: 0, Avg:  0.0, Max: 0, Diff: 0, Sum: 0, Workers: 4
[2813.129s][debug][gc,phases      ] GC(145)   StringDedup Requests1 Weak     Min:  0.0, Avg:  0.0, Max:  0.0, Diff:  0.0, Sum:  0.0, Workers: 4
[2813.129s][debug][gc,phases      ] GC(145)     Dead                           Min: 0, Avg:  0.0, Max: 0, Diff: 0, Sum: 0, Workers: 4
[2813.129s][debug][gc,phases      ] GC(145)     Total                          Min: 0, Avg:  0.0, Max: 0, Diff: 0, Sum: 0, Workers: 4
[2813.129s][debug][gc,phases      ] GC(145)   Weak JFR Old Object Samples    Min:  0.0, Avg:  0.0, Max:  0.0, Diff:  0.0, Sum:  0.0, Workers: 4
[2813.129s][debug][gc,phases      ] GC(145)     Dead                           Min: 0, Avg:  0.0, Max: 0, Diff: 0, Sum: 0, Workers: 4
[2813.129s][debug][gc,phases      ] GC(145)     Total                          Min: 0, Avg:  0.0, Max: 0, Diff: 0, Sum: 0, Workers: 4
[2813.129s][debug][gc,phases      ] GC(145) Weak Processing 0.408ms
[2813.129s][debug][gc,age         ] GC(145) Desired survivor size 154140672 bytes, new threshold 15 (max threshold 15)
[2813.129s][info ][gc,heap        ] GC(145) PSYoungGen: 1893342K(1943552K)->90293K(1887744K) Eden: 1797120K(1797120K)->0K(1797120K) From: 96222K(146432K)->90293K(90624K)
[2813.129s][info ][gc,heap        ] GC(145) ParOldGen: 515586K(675840K)->521148K(675840K)
[2813.129s][info ][gc,metaspace   ] GC(145) Metaspace: 83093K(84160K)->83093K(84160K) NonClass: 71408K(72000K)->71408K(72000K) Class: 11684K(12160K)->11684K(12160K)
[2813.129s][info ][gc             ] GC(145) Pause Young (Allocation Failure) 2352M->597M(2503M) 30.084ms
[2813.129s][info ][gc,cpu         ] GC(145) User=0.10s Sys=0.00s Real=0.03s
[2813.129s][info ][safepoint      ] Safepoint "ParallelGCFailedAllocation", Time since last: 814029220 ns, Reaching safepoint: 112003 ns, At safepoint: 30196153 ns, Total: 30308156 ns
[2821.130s][info ][safepoint      ] Safepoint "Cleanup", Time since last: 8000613622 ns, Reaching safepoint: 54601 ns, At safepoint: 3200 ns, Total: 57801 ns
[2839.131s][info ][safepoint      ] Safepoint "Cleanup", Time since last: 18001419058 ns, Reaching safepoint: 66701 ns, At safepoint: 3800 ns, Total: 70501 ns
[2840.131s][info ][safepoint      ] Safepoint "Cleanup", Time since last: 1000137578 ns, Reaching safepoint: 43301 ns, At safepoint: 3200 ns, Total: 46501 ns
[2841.131s][info ][safepoint      ] Safepoint "Cleanup", Time since last: 1000131877 ns, Reaching safepoint: 56602 ns, At safepoint: 4000 ns, Total: 60602 ns
[2843.097s][info ][gc,start       ] GC(146) Pause Young (Allocation Failure)
[2843.130s][debug][gc,phases      ] GC(146) Scavenge 31.996ms
[2843.130s][debug][gc,ref         ] GC(146) Skipped phase 1 of Reference Processing: no references
[2843.130s][debug][gc,ref         ] GC(146) ReferenceProcessor::execute queues: 1, RefProcThreadModel::Single, marks_oops_alive: false
[2843.130s][debug][gc,ref         ] GC(146) Skipped phase 3 of Reference Processing: no references
[2843.130s][debug][gc,ref         ] GC(146) ReferenceProcessor::execute queues: 1, RefProcThreadModel::Single, marks_oops_alive: false
[2843.130s][debug][gc,phases      ] GC(146) Reference Processing 0.145ms
[2843.130s][debug][gc,phases      ] GC(146)   VM Weak                        Min:  0.0, Avg:  0.0, Max:  0.0, Diff:  0.0, Sum:  0.0, Workers: 4
[2843.130s][debug][gc,phases      ] GC(146)     Dead                           Min: 0, Avg:  0.0, Max: 0, Diff: 0, Sum: 0, Workers: 4
[2843.130s][debug][gc,phases      ] GC(146)     Total                          Min: 0, Avg: 230.8, Max: 731, Diff: 731, Sum: 923, Workers: 4
[2843.130s][debug][gc,phases      ] GC(146)   ObjectSynchronizer Weak        Min:  0.0, Avg:  0.0, Max:  0.0, Diff:  0.0, Sum:  0.0, Workers: 4
[2843.130s][debug][gc,phases      ] GC(146)     Dead                           Min: 0, Avg:  0.0, Max: 0, Diff: 0, Sum: 0, Workers: 4
[2843.130s][debug][gc,phases      ] GC(146)     Total                          Min: 0, Avg:  8.5, Max: 34, Diff: 34, Sum: 34, Workers: 4
[2843.130s][debug][gc,phases      ] GC(146)   JVMTI Tag Weak OopStorage      Min:  0.0, Avg:  0.0, Max:  0.0, Diff:  0.0, Sum:  0.0, Workers: 4
[2843.130s][debug][gc,phases      ] GC(146)     Dead                           Min: 0, Avg:  0.0, Max: 0, Diff: 0, Sum: 0, Workers: 4
[2843.130s][debug][gc,phases      ] GC(146)     Total                          Min: 0, Avg:  0.0, Max: 0, Diff: 0, Sum: 0, Workers: 4
[2843.130s][debug][gc,phases      ] GC(146)   StringTable Weak               Min:  0.0, Avg:  0.1, Max:  0.2, Diff:  0.2, Sum:  0.4, Workers: 4
[2843.130s][debug][gc,phases      ] GC(146)     Dead                           Min: 0, Avg:  0.0, Max: 0, Diff: 0, Sum: 0, Workers: 4
[2843.130s][debug][gc,phases      ] GC(146)     Total                          Min: 0, Avg: 10873.8, Max: 22655, Diff: 22655, Sum: 43495, Workers: 4
[2843.130s][debug][gc,phases      ] GC(146)   ResolvedMethodTable Weak       Min:  0.0, Avg:  0.0, Max:  0.0, Diff:  0.0, Sum:  0.1, Workers: 4
[2843.130s][debug][gc,phases      ] GC(146)     Dead                           Min: 0, Avg:  0.0, Max: 0, Diff: 0, Sum: 0, Workers: 4
[2843.130s][debug][gc,phases      ] GC(146)     Total                          Min: 0, Avg: 2402.2, Max: 5001, Diff: 5001, Sum: 9609, Workers: 4
[2843.130s][debug][gc,phases      ] GC(146)   JNI Weak                       Min:  0.0, Avg:  0.0, Max:  0.0, Diff:  0.0, Sum:  0.0, Workers: 4
[2843.130s][debug][gc,phases      ] GC(146)     Dead                           Min: 0, Avg:  0.0, Max: 0, Diff: 0, Sum: 0, Workers: 4
[2843.130s][debug][gc,phases      ] GC(146)     Total                          Min: 0, Avg: 11.2, Max: 45, Diff: 45, Sum: 45, Workers: 4
[2843.130s][debug][gc,phases      ] GC(146)   StringDedup Table Weak         Min:  0.0, Avg:  0.0, Max:  0.0, Diff:  0.0, Sum:  0.0, Workers: 4
[2843.130s][debug][gc,phases      ] GC(146)     Dead                           Min: 0, Avg:  0.0, Max: 0, Diff: 0, Sum: 0, Workers: 4
[2843.130s][debug][gc,phases      ] GC(146)     Total                          Min: 0, Avg:  0.0, Max: 0, Diff: 0, Sum: 0, Workers: 4
[2843.130s][debug][gc,phases      ] GC(146)   StringDedup Requests0 Weak     Min:  0.0, Avg:  0.0, Max:  0.0, Diff:  0.0, Sum:  0.0, Workers: 4
[2843.130s][debug][gc,phases      ] GC(146)     Dead                           Min: 0, Avg:  0.0, Max: 0, Diff: 0, Sum: 0, Workers: 4
[2843.130s][debug][gc,phases      ] GC(146)     Total                          Min: 0, Avg:  0.0, Max: 0, Diff: 0, Sum: 0, Workers: 4
[2843.130s][debug][gc,phases      ] GC(146)   StringDedup Requests1 Weak     Min:  0.0, Avg:  0.0, Max:  0.0, Diff:  0.0, Sum:  0.0, Workers: 4
[2843.130s][debug][gc,phases      ] GC(146)     Dead                           Min: 0, Avg:  0.0, Max: 0, Diff: 0, Sum: 0, Workers: 4
[2843.130s][debug][gc,phases      ] GC(146)     Total                          Min: 0, Avg:  0.0, Max: 0, Diff: 0, Sum: 0, Workers: 4
[2843.130s][debug][gc,phases      ] GC(146)   Weak JFR Old Object Samples    Min:  0.0, Avg:  0.0, Max:  0.0, Diff:  0.0, Sum:  0.0, Workers: 4
[2843.130s][debug][gc,phases      ] GC(146)     Dead                           Min: 0, Avg:  0.0, Max: 0, Diff: 0, Sum: 0, Workers: 4
[2843.130s][debug][gc,phases      ] GC(146)     Total                          Min: 0, Avg:  0.0, Max: 0, Diff: 0, Sum: 0, Workers: 4
[2843.130s][debug][gc,phases      ] GC(146) Weak Processing 0.459ms
[2843.130s][debug][gc,age         ] GC(146) Desired survivor size 147324928 bytes, new threshold 15 (max threshold 15)
[2843.130s][info ][gc,heap        ] GC(146) PSYoungGen: 1887413K(1887744K)->61668K(1953280K) Eden: 1797120K(1797120K)->0K(1802752K) From: 90293K(90624K)->61668K(150528K)
[2843.130s][info ][gc,heap        ] GC(146) ParOldGen: 521148K(675840K)->550092K(675840K)
[2843.130s][info ][gc,metaspace   ] GC(146) Metaspace: 83104K(84160K)->83104K(84160K) NonClass: 71420K(72000K)->71420K(72000K) Class: 11684K(12160K)->11684K(12160K)
[2843.130s][info ][gc             ] GC(146) Pause Young (Allocation Failure) 2352M->597M(2567M) 32.785ms
[2843.130s][info ][gc,cpu         ] GC(146) User=0.10s Sys=0.00s Real=0.03s
[2843.130s][info ][safepoint      ] Safepoint "ParallelGCFailedAllocation", Time since last: 1965871757 ns, Reaching safepoint: 117803 ns, At safepoint: 32876111 ns, Total: 32993914 ns
[2852.131s][info ][safepoint      ] Safepoint "Cleanup", Time since last: 9000645503 ns, Reaching safepoint: 48501 ns, At safepoint: 3000 ns, Total: 51501 ns
[2856.131s][info ][safepoint      ] Safepoint "Cleanup", Time since last: 4000365669 ns, Reaching safepoint: 63902 ns, At safepoint: 3200 ns, Total: 67102 ns
[2874.133s][info ][safepoint      ] Safepoint "Cleanup", Time since last: 18001349911 ns, Reaching safepoint: 69502 ns, At safepoint: 34500 ns, Total: 104002 ns
[2875.192s][info ][gc,start       ] GC(147) Pause Young (Allocation Failure)
[2875.210s][debug][gc,phases      ] GC(147) Scavenge 18.179ms
[2875.210s][debug][gc,ref         ] GC(147) Skipped phase 1 of Reference Processing: no references
[2875.210s][debug][gc,ref         ] GC(147) ReferenceProcessor::execute queues: 1, RefProcThreadModel::Single, marks_oops_alive: false
[2875.210s][debug][gc,ref         ] GC(147) Skipped phase 3 of Reference Processing: no references
[2875.210s][debug][gc,ref         ] GC(147) ReferenceProcessor::execute queues: 1, RefProcThreadModel::Single, marks_oops_alive: false
[2875.210s][debug][gc,phases      ] GC(147) Reference Processing 0.120ms
[2875.210s][debug][gc,phases      ] GC(147)   VM Weak                        Min:  0.0, Avg:  0.0, Max:  0.0, Diff:  0.0, Sum:  0.0, Workers: 4
[2875.210s][debug][gc,phases      ] GC(147)     Dead                           Min: 0, Avg:  0.0, Max: 0, Diff: 0, Sum: 0, Workers: 4
[2875.210s][debug][gc,phases      ] GC(147)     Total                          Min: 64, Avg: 230.8, Max: 512, Diff: 448, Sum: 923, Workers: 4
[2875.210s][debug][gc,phases      ] GC(147)   ObjectSynchronizer Weak        Min:  0.0, Avg:  0.0, Max:  0.0, Diff:  0.0, Sum:  0.0, Workers: 4
[2875.210s][debug][gc,phases      ] GC(147)     Dead                           Min: 0, Avg:  0.0, Max: 0, Diff: 0, Sum: 0, Workers: 4
[2875.210s][debug][gc,phases      ] GC(147)     Total                          Min: 0, Avg:  8.5, Max: 34, Diff: 34, Sum: 34, Workers: 4
[2875.210s][debug][gc,phases      ] GC(147)   JVMTI Tag Weak OopStorage      Min:  0.0, Avg:  0.0, Max:  0.0, Diff:  0.0, Sum:  0.0, Workers: 4
[2875.210s][debug][gc,phases      ] GC(147)     Dead                           Min: 0, Avg:  0.0, Max: 0, Diff: 0, Sum: 0, Workers: 4
[2875.210s][debug][gc,phases      ] GC(147)     Total                          Min: 0, Avg:  0.0, Max: 0, Diff: 0, Sum: 0, Workers: 4
[2875.210s][debug][gc,phases      ] GC(147)   StringTable Weak               Min:  0.1, Avg:  0.1, Max:  0.1, Diff:  0.0, Sum:  0.5, Workers: 4
[2875.210s][debug][gc,phases      ] GC(147)     Dead                           Min: 0, Avg:  0.0, Max: 0, Diff: 0, Sum: 0, Workers: 4
[2875.210s][debug][gc,phases      ] GC(147)     Total                          Min: 10239, Avg: 10874.0, Max: 11648, Diff: 1409, Sum: 43496, Workers: 4
[2875.210s][debug][gc,phases      ] GC(147)   ResolvedMethodTable Weak       Min:  0.0, Avg:  0.0, Max:  0.0, Diff:  0.0, Sum:  0.1, Workers: 4
[2875.210s][debug][gc,phases      ] GC(147)     Dead                           Min: 0, Avg:  0.0, Max: 0, Diff: 0, Sum: 0, Workers: 4
[2875.210s][debug][gc,phases      ] GC(147)     Total                          Min: 1024, Avg: 2402.8, Max: 3200, Diff: 2176, Sum: 9611, Workers: 4
[2875.210s][debug][gc,phases      ] GC(147)   JNI Weak                       Min:  0.0, Avg:  0.0, Max:  0.0, Diff:  0.0, Sum:  0.0, Workers: 4
[2875.210s][debug][gc,phases      ] GC(147)     Dead                           Min: 0, Avg:  0.0, Max: 0, Diff: 0, Sum: 0, Workers: 4
[2875.210s][debug][gc,phases      ] GC(147)     Total                          Min: 0, Avg: 11.2, Max: 45, Diff: 45, Sum: 45, Workers: 4
[2875.210s][debug][gc,phases      ] GC(147)   StringDedup Table Weak         Min:  0.0, Avg:  0.0, Max:  0.0, Diff:  0.0, Sum:  0.0, Workers: 4
[2875.210s][debug][gc,phases      ] GC(147)     Dead                           Min: 0, Avg:  0.0, Max: 0, Diff: 0, Sum: 0, Workers: 4
[2875.210s][debug][gc,phases      ] GC(147)     Total                          Min: 0, Avg:  0.0, Max: 0, Diff: 0, Sum: 0, Workers: 4
[2875.210s][debug][gc,phases      ] GC(147)   StringDedup Requests0 Weak     Min:  0.0, Avg:  0.0, Max:  0.0, Diff:  0.0, Sum:  0.0, Workers: 4
[2875.210s][debug][gc,phases      ] GC(147)     Dead                           Min: 0, Avg:  0.0, Max: 0, Diff: 0, Sum: 0, Workers: 4
[2875.210s][debug][gc,phases      ] GC(147)     Total                          Min: 0, Avg:  0.0, Max: 0, Diff: 0, Sum: 0, Workers: 4
[2875.211s][debug][gc,phases      ] GC(147)   StringDedup Requests1 Weak     Min:  0.0, Avg:  0.0, Max:  0.0, Diff:  0.0, Sum:  0.0, Workers: 4
[2875.211s][debug][gc,phases      ] GC(147)     Dead                           Min: 0, Avg:  0.0, Max: 0, Diff: 0, Sum: 0, Workers: 4
[2875.211s][debug][gc,phases      ] GC(147)     Total                          Min: 0, Avg:  0.0, Max: 0, Diff: 0, Sum: 0, Workers: 4
[2875.211s][debug][gc,phases      ] GC(147)   Weak JFR Old Object Samples    Min:  0.0, Avg:  0.0, Max:  0.0, Diff:  0.0, Sum:  0.0, Workers: 4
[2875.211s][debug][gc,phases      ] GC(147)     Dead                           Min: 0, Avg:  0.0, Max: 0, Diff: 0, Sum: 0, Workers: 4
[2875.211s][debug][gc,phases      ] GC(147)     Total                          Min: 0, Avg:  0.0, Max: 0, Diff: 0, Sum: 0, Workers: 4
[2875.211s][debug][gc,phases      ] GC(147) Weak Processing 0.344ms
[2875.211s][debug][gc,age         ] GC(147) Desired survivor size 141557760 bytes, new threshold 15 (max threshold 15)
[2875.211s][info ][gc,heap        ] GC(147) PSYoungGen: 1864420K(1953280K)->57531K(1946624K) Eden: 1802752K(1802752K)->0K(1802752K) From: 61668K(150528K)->57531K(143872K)
[2875.211s][info ][gc,heap        ] GC(147) ParOldGen: 550092K(675840K)->550380K(675840K)
[2875.211s][info ][gc,metaspace   ] GC(147) Metaspace: 83115K(84160K)->83115K(84160K) NonClass: 71430K(72000K)->71430K(72000K) Class: 11684K(12160K)->11684K(12160K)
[2875.211s][info ][gc             ] GC(147) Pause Young (Allocation Failure) 2357M->593M(2561M) 18.803ms
[2875.211s][info ][gc,cpu         ] GC(147) User=0.06s Sys=0.00s Real=0.01s
[2875.211s][info ][safepoint      ] Safepoint "ParallelGCFailedAllocation", Time since last: 1058788822 ns, Reaching safepoint: 44401 ns, At safepoint: 18882048 ns, Total: 18926449 ns
[2879.211s][info ][safepoint      ] Safepoint "Cleanup", Time since last: 4000314962 ns, Reaching safepoint: 59702 ns, At safepoint: 6800 ns, Total: 66502 ns
[2880.211s][info ][safepoint      ] Safepoint "Cleanup", Time since last: 1000122132 ns, Reaching safepoint: 86302 ns, At safepoint: 5700 ns, Total: 92002 ns
[2884.212s][info ][safepoint      ] Safepoint "Cleanup", Time since last: 4000305119 ns, Reaching safepoint: 187504 ns, At safepoint: 50601 ns, Total: 238105 ns
[2886.212s][info ][safepoint      ] Safepoint "Cleanup", Time since last: 2000186001 ns, Reaching safepoint: 72301 ns, At safepoint: 6901 ns, Total: 79202 ns
[2891.213s][info ][safepoint      ] Safepoint "Cleanup", Time since last: 5000426283 ns, Reaching safepoint: 60702 ns, At safepoint: 2900 ns, Total: 63602 ns
[2897.213s][info ][safepoint      ] Safepoint "Cleanup", Time since last: 6000670643 ns, Reaching safepoint: 48501 ns, At safepoint: 3900 ns, Total: 52401 ns
[2898.213s][info ][safepoint      ] Safepoint "Cleanup", Time since last: 1000112694 ns, Reaching safepoint: 46101 ns, At safepoint: 3200 ns, Total: 49301 ns
[2898.838s][info ][gc,start       ] GC(148) Pause Young (Allocation Failure)
[2898.862s][debug][gc,phases      ] GC(148) Scavenge 23.820ms
[2898.862s][debug][gc,ref         ] GC(148) Skipped phase 1 of Reference Processing: no references
[2898.862s][debug][gc,ref         ] GC(148) ReferenceProcessor::execute queues: 1, RefProcThreadModel::Single, marks_oops_alive: false
[2898.862s][debug][gc,ref         ] GC(148) Skipped phase 3 of Reference Processing: no references
[2898.862s][debug][gc,ref         ] GC(148) ReferenceProcessor::execute queues: 1, RefProcThreadModel::Single, marks_oops_alive: false
[2898.862s][debug][gc,phases      ] GC(148) Reference Processing 0.125ms
[2898.863s][debug][gc,phases      ] GC(148)   VM Weak                        Min:  0.0, Avg:  0.0, Max:  0.0, Diff:  0.0, Sum:  0.0, Workers: 4
[2898.863s][debug][gc,phases      ] GC(148)     Dead                           Min: 0, Avg:  0.0, Max: 0, Diff: 0, Sum: 0, Workers: 4
[2898.863s][debug][gc,phases      ] GC(148)     Total                          Min: 0, Avg: 230.8, Max: 603, Diff: 603, Sum: 923, Workers: 4
[2898.863s][debug][gc,phases      ] GC(148)   ObjectSynchronizer Weak        Min:  0.0, Avg:  0.0, Max:  0.0, Diff:  0.0, Sum:  0.0, Workers: 4
[2898.863s][debug][gc,phases      ] GC(148)     Dead                           Min: 0, Avg:  0.0, Max: 0, Diff: 0, Sum: 0, Workers: 4
[2898.863s][debug][gc,phases      ] GC(148)     Total                          Min: 0, Avg:  8.5, Max: 34, Diff: 34, Sum: 34, Workers: 4
[2898.863s][debug][gc,phases      ] GC(148)   JVMTI Tag Weak OopStorage      Min:  0.0, Avg:  0.0, Max:  0.0, Diff:  0.0, Sum:  0.0, Workers: 4
[2898.863s][debug][gc,phases      ] GC(148)     Dead                           Min: 0, Avg:  0.0, Max: 0, Diff: 0, Sum: 0, Workers: 4
[2898.863s][debug][gc,phases      ] GC(148)     Total                          Min: 0, Avg:  0.0, Max: 0, Diff: 0, Sum: 0, Workers: 4
[2898.863s][debug][gc,phases      ] GC(148)   StringTable Weak               Min:  0.0, Avg:  0.1, Max:  0.1, Diff:  0.1, Sum:  0.4, Workers: 4
[2898.863s][debug][gc,phases      ] GC(148)     Dead                           Min: 0, Avg:  0.0, Max: 0, Diff: 0, Sum: 0, Workers: 4
[2898.863s][debug][gc,phases      ] GC(148)     Total                          Min: 0, Avg: 10874.5, Max: 14955, Diff: 14955, Sum: 43498, Workers: 4
[2898.863s][debug][gc,phases      ] GC(148)   ResolvedMethodTable Weak       Min:  0.0, Avg:  0.0, Max:  0.0, Diff:  0.0, Sum:  0.1, Workers: 4
[2898.863s][debug][gc,phases      ] GC(148)     Dead                           Min: 0, Avg:  0.0, Max: 0, Diff: 0, Sum: 0, Workers: 4
[2898.863s][debug][gc,phases      ] GC(148)     Total                          Min: 0, Avg: 2402.8, Max: 3328, Diff: 3328, Sum: 9611, Workers: 4
[2898.863s][debug][gc,phases      ] GC(148)   JNI Weak                       Min:  0.0, Avg:  0.0, Max:  0.0, Diff:  0.0, Sum:  0.0, Workers: 4
[2898.863s][debug][gc,phases      ] GC(148)     Dead                           Min: 0, Avg:  0.0, Max: 0, Diff: 0, Sum: 0, Workers: 4
[2898.863s][debug][gc,phases      ] GC(148)     Total                          Min: 0, Avg: 11.2, Max: 45, Diff: 45, Sum: 45, Workers: 4
[2898.863s][debug][gc,phases      ] GC(148)   StringDedup Table Weak         Min:  0.0, Avg:  0.0, Max:  0.0, Diff:  0.0, Sum:  0.0, Workers: 4
[2898.863s][debug][gc,phases      ] GC(148)     Dead                           Min: 0, Avg:  0.0, Max: 0, Diff: 0, Sum: 0, Workers: 4
[2898.863s][debug][gc,phases      ] GC(148)     Total                          Min: 0, Avg:  0.0, Max: 0, Diff: 0, Sum: 0, Workers: 4
[2898.863s][debug][gc,phases      ] GC(148)   StringDedup Requests0 Weak     Min:  0.0, Avg:  0.0, Max:  0.0, Diff:  0.0, Sum:  0.0, Workers: 4
[2898.863s][debug][gc,phases      ] GC(148)     Dead                           Min: 0, Avg:  0.0, Max: 0, Diff: 0, Sum: 0, Workers: 4
[2898.863s][debug][gc,phases      ] GC(148)     Total                          Min: 0, Avg:  0.0, Max: 0, Diff: 0, Sum: 0, Workers: 4
[2898.863s][debug][gc,phases      ] GC(148)   StringDedup Requests1 Weak     Min:  0.0, Avg:  0.0, Max:  0.0, Diff:  0.0, Sum:  0.0, Workers: 4
[2898.863s][debug][gc,phases      ] GC(148)     Dead                           Min: 0, Avg:  0.0, Max: 0, Diff: 0, Sum: 0, Workers: 4
[2898.863s][debug][gc,phases      ] GC(148)     Total                          Min: 0, Avg:  0.0, Max: 0, Diff: 0, Sum: 0, Workers: 4
[2898.863s][debug][gc,phases      ] GC(148)   Weak JFR Old Object Samples    Min:  0.0, Avg:  0.0, Max:  0.0, Diff:  0.0, Sum:  0.0, Workers: 4
[2898.863s][debug][gc,phases      ] GC(148)     Dead                           Min: 0, Avg:  0.0, Max: 0, Diff: 0, Sum: 0, Workers: 4
[2898.863s][debug][gc,phases      ] GC(148)     Total                          Min: 0, Avg:  0.0, Max: 0, Diff: 0, Sum: 0, Workers: 4
[2898.863s][debug][gc,phases      ] GC(148) Weak Processing 0.394ms
[2898.863s][debug][gc,age         ] GC(148) Desired survivor size 137363456 bytes, new threshold 15 (max threshold 15)
[2898.863s][info ][gc,heap        ] GC(148) PSYoungGen: 1860283K(1946624K)->75761K(1963008K) Eden: 1802752K(1802752K)->0K(1824768K) From: 57531K(143872K)->75761K(138240K)
[2898.863s][info ][gc,heap        ] GC(148) ParOldGen: 550380K(675840K)->550524K(675840K)
[2898.863s][info ][gc,metaspace   ] GC(148) Metaspace: 83143K(84160K)->83143K(84160K) NonClass: 71458K(72000K)->71458K(72000K) Class: 11684K(12160K)->11684K(12160K)
[2898.863s][info ][gc             ] GC(148) Pause Young (Allocation Failure) 2354M->611M(2577M) 24.482ms
[2898.863s][info ][gc,cpu         ] GC(148) User=0.08s Sys=0.00s Real=0.02s
[2898.863s][info ][safepoint      ] Safepoint "ParallelGCFailedAllocation", Time since last: 624881829 ns, Reaching safepoint: 41501 ns, At safepoint: 24568487 ns, Total: 24609988 ns
[2899.863s][info ][safepoint      ] Safepoint "Cleanup", Time since last: 1000105093 ns, Reaching safepoint: 53401 ns, At safepoint: 4000 ns, Total: 57401 ns
[2908.864s][info ][safepoint      ] Safepoint "Cleanup", Time since last: 9000679505 ns, Reaching safepoint: 51501 ns, At safepoint: 3200 ns, Total: 54701 ns
[2914.864s][info ][safepoint      ] Safepoint "Cleanup", Time since last: 6000452717 ns, Reaching safepoint: 63102 ns, At safepoint: 6000 ns, Total: 69102 ns
[2918.865s][info ][safepoint      ] Safepoint "Cleanup", Time since last: 4000335969 ns, Reaching safepoint: 47301 ns, At safepoint: 5900 ns, Total: 53201 ns
[2919.865s][info ][safepoint      ] Safepoint "Cleanup", Time since last: 1000132049 ns, Reaching safepoint: 45201 ns, At safepoint: 3700 ns, Total: 48901 ns
[2925.865s][info ][safepoint      ] Safepoint "Cleanup", Time since last: 6000496031 ns, Reaching safepoint: 52101 ns, At safepoint: 3000 ns, Total: 55101 ns
[2929.341s][info ][gc,start       ] GC(149) Pause Young (Allocation Failure)
[2929.359s][debug][gc,phases      ] GC(149) Scavenge 17.912ms
[2929.359s][debug][gc,ref         ] GC(149) Skipped phase 1 of Reference Processing: no references
[2929.359s][debug][gc,ref         ] GC(149) ReferenceProcessor::execute queues: 1, RefProcThreadModel::Single, marks_oops_alive: false
[2929.359s][debug][gc,ref         ] GC(149) Skipped phase 3 of Reference Processing: no references
[2929.359s][debug][gc,ref         ] GC(149) ReferenceProcessor::execute queues: 1, RefProcThreadModel::Single, marks_oops_alive: false
[2929.360s][debug][gc,phases      ] GC(149) Reference Processing 0.127ms
[2929.360s][debug][gc,phases      ] GC(149)   VM Weak                        Min:  0.0, Avg:  0.0, Max:  0.0, Diff:  0.0, Sum:  0.0, Workers: 4
[2929.360s][debug][gc,phases      ] GC(149)     Dead                           Min: 0, Avg:  0.0, Max: 0, Diff: 0, Sum: 0, Workers: 4
[2929.360s][debug][gc,phases      ] GC(149)     Total                          Min: 0, Avg: 230.8, Max: 576, Diff: 576, Sum: 923, Workers: 4
[2929.360s][debug][gc,phases      ] GC(149)   ObjectSynchronizer Weak        Min:  0.0, Avg:  0.0, Max:  0.0, Diff:  0.0, Sum:  0.0, Workers: 4
[2929.360s][debug][gc,phases      ] GC(149)     Dead                           Min: 0, Avg:  0.0, Max: 0, Diff: 0, Sum: 0, Workers: 4
[2929.360s][debug][gc,phases      ] GC(149)     Total                          Min: 0, Avg:  8.5, Max: 34, Diff: 34, Sum: 34, Workers: 4
[2929.360s][debug][gc,phases      ] GC(149)   JVMTI Tag Weak OopStorage      Min:  0.0, Avg:  0.0, Max:  0.0, Diff:  0.0, Sum:  0.0, Workers: 4
[2929.360s][debug][gc,phases      ] GC(149)     Dead                           Min: 0, Avg:  0.0, Max: 0, Diff: 0, Sum: 0, Workers: 4
[2929.360s][debug][gc,phases      ] GC(149)     Total                          Min: 0, Avg:  0.0, Max: 0, Diff: 0, Sum: 0, Workers: 4
[2929.360s][debug][gc,phases      ] GC(149)   StringTable Weak               Min:  0.0, Avg:  0.1, Max:  0.1, Diff:  0.1, Sum:  0.4, Workers: 4
[2929.360s][debug][gc,phases      ] GC(149)     Dead                           Min: 0, Avg:  0.0, Max: 0, Diff: 0, Sum: 0, Workers: 4
[2929.360s][debug][gc,phases      ] GC(149)     Total                          Min: 0, Avg: 10874.5, Max: 15615, Diff: 15615, Sum: 43498, Workers: 4
[2929.360s][debug][gc,phases      ] GC(149)   ResolvedMethodTable Weak       Min:  0.0, Avg:  0.0, Max:  0.0, Diff:  0.0, Sum:  0.1, Workers: 4
[2929.360s][debug][gc,phases      ] GC(149)     Dead                           Min: 0, Avg:  0.0, Max: 0, Diff: 0, Sum: 0, Workers: 4
[2929.360s][debug][gc,phases      ] GC(149)     Total                          Min: 0, Avg: 2402.8, Max: 3456, Diff: 3456, Sum: 9611, Workers: 4
[2929.360s][debug][gc,phases      ] GC(149)   JNI Weak                       Min:  0.0, Avg:  0.0, Max:  0.0, Diff:  0.0, Sum:  0.0, Workers: 4
[2929.360s][debug][gc,phases      ] GC(149)     Dead                           Min: 0, Avg:  0.0, Max: 0, Diff: 0, Sum: 0, Workers: 4
[2929.360s][debug][gc,phases      ] GC(149)     Total                          Min: 0, Avg: 11.2, Max: 45, Diff: 45, Sum: 45, Workers: 4
[2929.360s][debug][gc,phases      ] GC(149)   StringDedup Table Weak         Min:  0.0, Avg:  0.0, Max:  0.0, Diff:  0.0, Sum:  0.0, Workers: 4
[2929.360s][debug][gc,phases      ] GC(149)     Dead                           Min: 0, Avg:  0.0, Max: 0, Diff: 0, Sum: 0, Workers: 4
[2929.360s][debug][gc,phases      ] GC(149)     Total                          Min: 0, Avg:  0.0, Max: 0, Diff: 0, Sum: 0, Workers: 4
[2929.360s][debug][gc,phases      ] GC(149)   StringDedup Requests0 Weak     Min:  0.0, Avg:  0.0, Max:  0.0, Diff:  0.0, Sum:  0.0, Workers: 4
[2929.360s][debug][gc,phases      ] GC(149)     Dead                           Min: 0, Avg:  0.0, Max: 0, Diff: 0, Sum: 0, Workers: 4
[2929.360s][debug][gc,phases      ] GC(149)     Total                          Min: 0, Avg:  0.0, Max: 0, Diff: 0, Sum: 0, Workers: 4
[2929.360s][debug][gc,phases      ] GC(149)   StringDedup Requests1 Weak     Min:  0.0, Avg:  0.0, Max:  0.0, Diff:  0.0, Sum:  0.0, Workers: 4
[2929.360s][debug][gc,phases      ] GC(149)     Dead                           Min: 0, Avg:  0.0, Max: 0, Diff: 0, Sum: 0, Workers: 4
[2929.360s][debug][gc,phases      ] GC(149)     Total                          Min: 0, Avg:  0.0, Max: 0, Diff: 0, Sum: 0, Workers: 4
[2929.360s][debug][gc,phases      ] GC(149)   Weak JFR Old Object Samples    Min:  0.0, Avg:  0.0, Max:  0.0, Diff:  0.0, Sum:  0.0, Workers: 4
[2929.360s][debug][gc,phases      ] GC(149)     Dead                           Min: 0, Avg:  0.0, Max: 0, Diff: 0, Sum: 0, Workers: 4
[2929.360s][debug][gc,phases      ] GC(149)     Total                          Min: 0, Avg:  0.0, Max: 0, Diff: 0, Sum: 0, Workers: 4
[2929.360s][debug][gc,phases      ] GC(149) Weak Processing 0.396ms
[2929.360s][debug][gc,age         ] GC(149) Desired survivor size 132644864 bytes, new threshold 15 (max threshold 15)
[2929.360s][info ][gc,heap        ] GC(149) PSYoungGen: 1900529K(1963008K)->56546K(1958912K) Eden: 1824768K(1824768K)->0K(1824768K) From: 75761K(138240K)->56546K(134144K)
[2929.360s][info ][gc,heap        ] GC(149) ParOldGen: 550524K(675840K)->559180K(675840K)
[2929.360s][info ][gc,metaspace   ] GC(149) Metaspace: 83146K(84160K)->83146K(84160K) NonClass: 71461K(72000K)->71461K(72000K) Class: 11684K(12160K)->11684K(12160K)
[2929.360s][info ][gc             ] GC(149) Pause Young (Allocation Failure) 2393M->601M(2573M) 18.576ms
[2929.360s][info ][gc,cpu         ] GC(149) User=0.07s Sys=0.00s Real=0.02s
[2929.360s][info ][safepoint      ] Safepoint "ParallelGCFailedAllocation", Time since last: 3475862204 ns, Reaching safepoint: 46101 ns, At safepoint: 18649450 ns, Total: 18695551 ns
[2930.360s][info ][safepoint      ] Safepoint "Cleanup", Time since last: 1000085359 ns, Reaching safepoint: 52601 ns, At safepoint: 11001 ns, Total: 63602 ns
[2932.360s][info ][safepoint      ] Safepoint "Cleanup", Time since last: 2000189017 ns, Reaching safepoint: 49202 ns, At safepoint: 3500 ns, Total: 52702 ns
[2933.361s][info ][safepoint      ] Safepoint "Cleanup", Time since last: 1000127959 ns, Reaching safepoint: 53202 ns, At safepoint: 3500 ns, Total: 56702 ns
[2937.361s][info ][safepoint      ] Safepoint "Cleanup", Time since last: 4000354235 ns, Reaching safepoint: 59101 ns, At safepoint: 3600 ns, Total: 62701 ns
[2938.361s][info ][safepoint      ] Safepoint "Cleanup", Time since last: 1000117878 ns, Reaching safepoint: 56902 ns, At safepoint: 7200 ns, Total: 64102 ns
[2941.361s][info ][safepoint      ] Safepoint "Cleanup", Time since last: 3000268833 ns, Reaching safepoint: 52701 ns, At safepoint: 3300 ns, Total: 56001 ns
[2943.362s][info ][safepoint      ] Safepoint "Cleanup", Time since last: 2000185375 ns, Reaching safepoint: 51501 ns, At safepoint: 3200 ns, Total: 54701 ns
[2945.362s][info ][safepoint      ] Safepoint "Cleanup", Time since last: 2000176819 ns, Reaching safepoint: 63001 ns, At safepoint: 7401 ns, Total: 70402 ns
[2961.040s][info ][gc,start       ] GC(150) Pause Young (Allocation Failure)
[2961.056s][debug][gc,phases      ] GC(150) Scavenge 16.433ms
[2961.056s][debug][gc,ref         ] GC(150) Skipped phase 1 of Reference Processing: no references
[2961.056s][debug][gc,ref         ] GC(150) ReferenceProcessor::execute queues: 1, RefProcThreadModel::Single, marks_oops_alive: false
[2961.056s][debug][gc,ref         ] GC(150) Skipped phase 3 of Reference Processing: no references
[2961.056s][debug][gc,ref         ] GC(150) ReferenceProcessor::execute queues: 1, RefProcThreadModel::Single, marks_oops_alive: false
[2961.056s][debug][gc,phases      ] GC(150) Reference Processing 0.123ms
[2961.057s][debug][gc,phases      ] GC(150)   VM Weak                        Min:  0.0, Avg:  0.0, Max:  0.0, Diff:  0.0, Sum:  0.0, Workers: 4
[2961.057s][debug][gc,phases      ] GC(150)     Dead                           Min: 0, Avg:  0.0, Max: 0, Diff: 0, Sum: 0, Workers: 4
[2961.057s][debug][gc,phases      ] GC(150)     Total                          Min: 0, Avg: 230.8, Max: 411, Diff: 411, Sum: 923, Workers: 4
[2961.057s][debug][gc,phases      ] GC(150)   ObjectSynchronizer Weak        Min:  0.0, Avg:  0.0, Max:  0.0, Diff:  0.0, Sum:  0.0, Workers: 4
[2961.057s][debug][gc,phases      ] GC(150)     Dead                           Min: 0, Avg:  0.0, Max: 0, Diff: 0, Sum: 0, Workers: 4
[2961.057s][debug][gc,phases      ] GC(150)     Total                          Min: 0, Avg:  8.5, Max: 34, Diff: 34, Sum: 34, Workers: 4
[2961.057s][debug][gc,phases      ] GC(150)   JVMTI Tag Weak OopStorage      Min:  0.0, Avg:  0.0, Max:  0.0, Diff:  0.0, Sum:  0.0, Workers: 4
[2961.057s][debug][gc,phases      ] GC(150)     Dead                           Min: 0, Avg:  0.0, Max: 0, Diff: 0, Sum: 0, Workers: 4
[2961.057s][debug][gc,phases      ] GC(150)     Total                          Min: 0, Avg:  0.0, Max: 0, Diff: 0, Sum: 0, Workers: 4
[2961.057s][debug][gc,phases      ] GC(150)   StringTable Weak               Min:  0.0, Avg:  0.1, Max:  0.1, Diff:  0.1, Sum:  0.4, Workers: 4
[2961.057s][debug][gc,phases      ] GC(150)     Dead                           Min: 0, Avg:  0.0, Max: 0, Diff: 0, Sum: 0, Workers: 4
[2961.057s][debug][gc,phases      ] GC(150)     Total                          Min: 0, Avg: 10874.5, Max: 15488, Diff: 15488, Sum: 43498, Workers: 4
[2961.057s][debug][gc,phases      ] GC(150)   ResolvedMethodTable Weak       Min:  0.0, Avg:  0.0, Max:  0.0, Diff:  0.0, Sum:  0.1, Workers: 4
[2961.057s][debug][gc,phases      ] GC(150)     Dead                           Min: 0, Avg:  0.0, Max: 0, Diff: 0, Sum: 0, Workers: 4
[2961.057s][debug][gc,phases      ] GC(150)     Total                          Min: 0, Avg: 2402.8, Max: 3648, Diff: 3648, Sum: 9611, Workers: 4
[2961.057s][debug][gc,phases      ] GC(150)   JNI Weak                       Min:  0.0, Avg:  0.0, Max:  0.0, Diff:  0.0, Sum:  0.0, Workers: 4
[2961.057s][debug][gc,phases      ] GC(150)     Dead                           Min: 0, Avg:  0.0, Max: 0, Diff: 0, Sum: 0, Workers: 4
[2961.057s][debug][gc,phases      ] GC(150)     Total                          Min: 0, Avg: 11.2, Max: 45, Diff: 45, Sum: 45, Workers: 4
[2961.057s][debug][gc,phases      ] GC(150)   StringDedup Table Weak         Min:  0.0, Avg:  0.0, Max:  0.0, Diff:  0.0, Sum:  0.0, Workers: 4
[2961.057s][debug][gc,phases      ] GC(150)     Dead                           Min: 0, Avg:  0.0, Max: 0, Diff: 0, Sum: 0, Workers: 4
[2961.057s][debug][gc,phases      ] GC(150)     Total                          Min: 0, Avg:  0.0, Max: 0, Diff: 0, Sum: 0, Workers: 4
[2961.057s][debug][gc,phases      ] GC(150)   StringDedup Requests0 Weak     Min:  0.0, Avg:  0.0, Max:  0.0, Diff:  0.0, Sum:  0.0, Workers: 4
[2961.057s][debug][gc,phases      ] GC(150)     Dead                           Min: 0, Avg:  0.0, Max: 0, Diff: 0, Sum: 0, Workers: 4
[2961.057s][debug][gc,phases      ] GC(150)     Total                          Min: 0, Avg:  0.0, Max: 0, Diff: 0, Sum: 0, Workers: 4
[2961.057s][debug][gc,phases      ] GC(150)   StringDedup Requests1 Weak     Min:  0.0, Avg:  0.0, Max:  0.0, Diff:  0.0, Sum:  0.0, Workers: 4
[2961.057s][debug][gc,phases      ] GC(150)     Dead                           Min: 0, Avg:  0.0, Max: 0, Diff: 0, Sum: 0, Workers: 4
[2961.057s][debug][gc,phases      ] GC(150)     Total                          Min: 0, Avg:  0.0, Max: 0, Diff: 0, Sum: 0, Workers: 4
[2961.057s][debug][gc,phases      ] GC(150)   Weak JFR Old Object Samples    Min:  0.0, Avg:  0.0, Max:  0.0, Diff:  0.0, Sum:  0.0, Workers: 4
[2961.057s][debug][gc,phases      ] GC(150)     Dead                           Min: 0, Avg:  0.0, Max: 0, Diff: 0, Sum: 0, Workers: 4
[2961.057s][debug][gc,phases      ] GC(150)     Total                          Min: 0, Avg:  0.0, Max: 0, Diff: 0, Sum: 0, Workers: 4
[2961.057s][debug][gc,phases      ] GC(150) Weak Processing 0.370ms
[2961.057s][debug][gc,age         ] GC(150) Desired survivor size 128974848 bytes, new threshold 15 (max threshold 15)
[2961.057s][info ][gc,heap        ] GC(150) PSYoungGen: 1881314K(1958912K)->53889K(1971200K) Eden: 1824768K(1824768K)->0K(1841664K) From: 56546K(134144K)->53889K(129536K)
[2961.057s][info ][gc,heap        ] GC(150) ParOldGen: 559180K(675840K)->559320K(675840K)
[2961.057s][info ][gc,metaspace   ] GC(150) Metaspace: 83154K(84160K)->83154K(84160K) NonClass: 71469K(72000K)->71469K(72000K) Class: 11684K(12160K)->11684K(12160K)
[2961.057s][info ][gc             ] GC(150) Pause Young (Allocation Failure) 2383M->598M(2585M) 17.097ms
[2961.057s][info ][gc,cpu         ] GC(150) User=0.06s Sys=0.00s Real=0.02s
[2961.057s][info ][safepoint      ] Safepoint "ParallelGCFailedAllocation", Time since last: 15677667842 ns, Reaching safepoint: 30100 ns, At safepoint: 17186582 ns, Total: 17216682 ns
[2968.057s][info ][safepoint      ] Safepoint "Cleanup", Time since last: 7000456047 ns, Reaching safepoint: 50701 ns, At safepoint: 3500 ns, Total: 54201 ns
[2971.058s][info ][safepoint      ] Safepoint "Cleanup", Time since last: 3000274377 ns, Reaching safepoint: 52802 ns, At safepoint: 2900 ns, Total: 55702 ns
[2979.058s][info ][safepoint      ] Safepoint "Cleanup", Time since last: 8000544884 ns, Reaching safepoint: 48301 ns, At safepoint: 3000 ns, Total: 51301 ns
[2983.059s][info ][safepoint      ] Safepoint "Cleanup", Time since last: 4000308777 ns, Reaching safepoint: 61802 ns, At safepoint: 3400 ns, Total: 65202 ns
[2986.059s][info ][safepoint      ] Safepoint "Cleanup", Time since last: 3000254432 ns, Reaching safepoint: 51301 ns, At safepoint: 3600 ns, Total: 54901 ns
[2989.059s][info ][safepoint      ] Safepoint "Cleanup", Time since last: 3000247932 ns, Reaching safepoint: 67402 ns, At safepoint: 3900 ns, Total: 71302 ns
[2990.059s][info ][safepoint      ] Safepoint "Cleanup", Time since last: 1000124078 ns, Reaching safepoint: 56002 ns, At safepoint: 5300 ns, Total: 61302 ns
[2991.391s][info ][gc,start       ] GC(151) Pause Young (Allocation Failure)
[2991.407s][debug][gc,phases      ] GC(151) Scavenge 16.260ms
[2991.407s][debug][gc,ref         ] GC(151) Skipped phase 1 of Reference Processing: no references
[2991.408s][debug][gc,ref         ] GC(151) ReferenceProcessor::execute queues: 1, RefProcThreadModel::Single, marks_oops_alive: false
[2991.408s][debug][gc,ref         ] GC(151) Skipped phase 3 of Reference Processing: no references
[2991.408s][debug][gc,ref         ] GC(151) ReferenceProcessor::execute queues: 1, RefProcThreadModel::Single, marks_oops_alive: false
[2991.408s][debug][gc,phases      ] GC(151) Reference Processing 0.119ms
[2991.408s][debug][gc,phases      ] GC(151)   VM Weak                        Min:  0.0, Avg:  0.0, Max:  0.0, Diff:  0.0, Sum:  0.0, Workers: 4
[2991.408s][debug][gc,phases      ] GC(151)     Dead                           Min: 0, Avg:  0.0, Max: 0, Diff: 0, Sum: 0, Workers: 4
[2991.408s][debug][gc,phases      ] GC(151)     Total                          Min: 0, Avg: 230.8, Max: 795, Diff: 795, Sum: 923, Workers: 4
[2991.408s][debug][gc,phases      ] GC(151)   ObjectSynchronizer Weak        Min:  0.0, Avg:  0.0, Max:  0.0, Diff:  0.0, Sum:  0.0, Workers: 4
[2991.408s][debug][gc,phases      ] GC(151)     Dead                           Min: 0, Avg:  0.0, Max: 0, Diff: 0, Sum: 0, Workers: 4
[2991.408s][debug][gc,phases      ] GC(151)     Total                          Min: 0, Avg:  8.5, Max: 34, Diff: 34, Sum: 34, Workers: 4
[2991.408s][debug][gc,phases      ] GC(151)   JVMTI Tag Weak OopStorage      Min:  0.0, Avg:  0.0, Max:  0.0, Diff:  0.0, Sum:  0.0, Workers: 4
[2991.408s][debug][gc,phases      ] GC(151)     Dead                           Min: 0, Avg:  0.0, Max: 0, Diff: 0, Sum: 0, Workers: 4
[2991.408s][debug][gc,phases      ] GC(151)     Total                          Min: 0, Avg:  0.0, Max: 0, Diff: 0, Sum: 0, Workers: 4
[2991.408s][debug][gc,phases      ] GC(151)   StringTable Weak               Min:  0.0, Avg:  0.1, Max:  0.2, Diff:  0.2, Sum:  0.5, Workers: 4
[2991.408s][debug][gc,phases      ] GC(151)     Dead                           Min: 0, Avg:  0.0, Max: 0, Diff: 0, Sum: 0, Workers: 4
[2991.408s][debug][gc,phases      ] GC(151)     Total                          Min: 0, Avg: 10874.5, Max: 15552, Diff: 15552, Sum: 43498, Workers: 4
[2991.408s][debug][gc,phases      ] GC(151)   ResolvedMethodTable Weak       Min:  0.0, Avg:  0.0, Max:  0.0, Diff:  0.0, Sum:  0.1, Workers: 4
[2991.408s][debug][gc,phases      ] GC(151)     Dead                           Min: 0, Avg:  0.0, Max: 0, Diff: 0, Sum: 0, Workers: 4
[2991.408s][debug][gc,phases      ] GC(151)     Total                          Min: 0, Avg: 2402.8, Max: 3328, Diff: 3328, Sum: 9611, Workers: 4
[2991.408s][debug][gc,phases      ] GC(151)   JNI Weak                       Min:  0.0, Avg:  0.0, Max:  0.0, Diff:  0.0, Sum:  0.0, Workers: 4
[2991.408s][debug][gc,phases      ] GC(151)     Dead                           Min: 0, Avg:  0.0, Max: 0, Diff: 0, Sum: 0, Workers: 4
[2991.408s][debug][gc,phases      ] GC(151)     Total                          Min: 0, Avg: 11.2, Max: 45, Diff: 45, Sum: 45, Workers: 4
[2991.408s][debug][gc,phases      ] GC(151)   StringDedup Table Weak         Min:  0.0, Avg:  0.0, Max:  0.0, Diff:  0.0, Sum:  0.0, Workers: 4
[2991.408s][debug][gc,phases      ] GC(151)     Dead                           Min: 0, Avg:  0.0, Max: 0, Diff: 0, Sum: 0, Workers: 4
[2991.408s][debug][gc,phases      ] GC(151)     Total                          Min: 0, Avg:  0.0, Max: 0, Diff: 0, Sum: 0, Workers: 4
[2991.408s][debug][gc,phases      ] GC(151)   StringDedup Requests0 Weak     Min:  0.0, Avg:  0.0, Max:  0.0, Diff:  0.0, Sum:  0.0, Workers: 4
[2991.408s][debug][gc,phases      ] GC(151)     Dead                           Min: 0, Avg:  0.0, Max: 0, Diff: 0, Sum: 0, Workers: 4
[2991.408s][debug][gc,phases      ] GC(151)     Total                          Min: 0, Avg:  0.0, Max: 0, Diff: 0, Sum: 0, Workers: 4
[2991.408s][debug][gc,phases      ] GC(151)   StringDedup Requests1 Weak     Min:  0.0, Avg:  0.0, Max:  0.0, Diff:  0.0, Sum:  0.0, Workers: 4
[2991.408s][debug][gc,phases      ] GC(151)     Dead                           Min: 0, Avg:  0.0, Max: 0, Diff: 0, Sum: 0, Workers: 4
[2991.408s][debug][gc,phases      ] GC(151)     Total                          Min: 0, Avg:  0.0, Max: 0, Diff: 0, Sum: 0, Workers: 4
[2991.408s][debug][gc,phases      ] GC(151)   Weak JFR Old Object Samples    Min:  0.0, Avg:  0.0, Max:  0.0, Diff:  0.0, Sum:  0.0, Workers: 4
[2991.408s][debug][gc,phases      ] GC(151)     Dead                           Min: 0, Avg:  0.0, Max: 0, Diff: 0, Sum: 0, Workers: 4
[2991.408s][debug][gc,phases      ] GC(151)     Total                          Min: 0, Avg:  0.0, Max: 0, Diff: 0, Sum: 0, Workers: 4
[2991.408s][debug][gc,phases      ] GC(151) Weak Processing 0.417ms
[2991.408s][debug][gc,age         ] GC(151) Desired survivor size 126877696 bytes, new threshold 15 (max threshold 15)
[2991.408s][info ][gc,heap        ] GC(151) PSYoungGen: 1895553K(1971200K)->43265K(1967616K) Eden: 1841664K(1841664K)->0K(1841664K) From: 53889K(129536K)->43265K(125952K)
[2991.408s][info ][gc,heap        ] GC(151) ParOldGen: 559320K(675840K)->569644K(675840K)
[2991.408s][info ][gc,metaspace   ] GC(151) Metaspace: 83177K(84224K)->83177K(84224K) NonClass: 71493K(72064K)->71493K(72064K) Class: 11684K(12160K)->11684K(12160K)
[2991.408s][info ][gc             ] GC(151) Pause Young (Allocation Failure) 2397M->598M(2581M) 16.947ms
[2991.408s][info ][gc,cpu         ] GC(151) User=0.06s Sys=0.00s Real=0.02s
[2991.408s][info ][safepoint      ] Safepoint "ParallelGCFailedAllocation", Time since last: 1331466756 ns, Reaching safepoint: 98803 ns, At safepoint: 17027699 ns, Total: 17126502 ns
[2994.408s][info ][safepoint      ] Safepoint "Cleanup", Time since last: 3000216508 ns, Reaching safepoint: 65402 ns, At safepoint: 3500 ns, Total: 68902 ns
[2995.409s][info ][safepoint      ] Safepoint "Cleanup", Time since last: 1000126070 ns, Reaching safepoint: 51402 ns, At safepoint: 10100 ns, Total: 61502 ns
[3006.409s][info ][safepoint      ] Safepoint "Cleanup", Time since last: 11000813535 ns, Reaching safepoint: 48502 ns, At safepoint: 2700 ns, Total: 51202 ns
[3009.410s][info ][safepoint      ] Safepoint "Cleanup", Time since last: 3000238353 ns, Reaching safepoint: 52501 ns, At safepoint: 3001 ns, Total: 55502 ns
[3011.410s][info ][safepoint      ] Safepoint "Cleanup", Time since last: 2000190939 ns, Reaching safepoint: 79202 ns, At safepoint: 4200 ns, Total: 83402 ns
[3014.742s][info ][gc,start       ] GC(152) Pause Young (Allocation Failure)
[3014.769s][debug][gc,phases      ] GC(152) Scavenge 26.299ms
[3014.769s][debug][gc,ref         ] GC(152) Skipped phase 1 of Reference Processing: no references
[3014.769s][debug][gc,ref         ] GC(152) ReferenceProcessor::execute queues: 1, RefProcThreadModel::Single, marks_oops_alive: false
[3014.769s][debug][gc,ref         ] GC(152) Skipped phase 3 of Reference Processing: no references
[3014.769s][debug][gc,ref         ] GC(152) ReferenceProcessor::execute queues: 1, RefProcThreadModel::Single, marks_oops_alive: false
[3014.769s][debug][gc,phases      ] GC(152) Reference Processing 0.111ms
[3014.769s][debug][gc,phases      ] GC(152)   VM Weak                        Min:  0.0, Avg:  0.0, Max:  0.0, Diff:  0.0, Sum:  0.0, Workers: 4
[3014.769s][debug][gc,phases      ] GC(152)     Dead                           Min: 0, Avg:  0.0, Max: 0, Diff: 0, Sum: 0, Workers: 4
[3014.769s][debug][gc,phases      ] GC(152)     Total                          Min: 0, Avg: 230.8, Max: 923, Diff: 923, Sum: 923, Workers: 4
[3014.769s][debug][gc,phases      ] GC(152)   ObjectSynchronizer Weak        Min:  0.0, Avg:  0.0, Max:  0.0, Diff:  0.0, Sum:  0.0, Workers: 4
[3014.769s][debug][gc,phases      ] GC(152)     Dead                           Min: 0, Avg:  0.0, Max: 0, Diff: 0, Sum: 0, Workers: 4
[3014.769s][debug][gc,phases      ] GC(152)     Total                          Min: 0, Avg:  8.5, Max: 34, Diff: 34, Sum: 34, Workers: 4
[3014.769s][debug][gc,phases      ] GC(152)   JVMTI Tag Weak OopStorage      Min:  0.0, Avg:  0.0, Max:  0.0, Diff:  0.0, Sum:  0.0, Workers: 4
[3014.769s][debug][gc,phases      ] GC(152)     Dead                           Min: 0, Avg:  0.0, Max: 0, Diff: 0, Sum: 0, Workers: 4
[3014.769s][debug][gc,phases      ] GC(152)     Total                          Min: 0, Avg:  0.0, Max: 0, Diff: 0, Sum: 0, Workers: 4
[3014.769s][debug][gc,phases      ] GC(152)   StringTable Weak               Min:  0.0, Avg:  0.1, Max:  0.2, Diff:  0.2, Sum:  0.5, Workers: 4
[3014.769s][debug][gc,phases      ] GC(152)     Dead                           Min: 0, Avg:  0.0, Max: 0, Diff: 0, Sum: 0, Workers: 4
[3014.769s][debug][gc,phases      ] GC(152)     Total                          Min: 0, Avg: 10874.5, Max: 18687, Diff: 18687, Sum: 43498, Workers: 4
[3014.769s][debug][gc,phases      ] GC(152)   ResolvedMethodTable Weak       Min:  0.0, Avg:  0.0, Max:  0.0, Diff:  0.0, Sum:  0.1, Workers: 4
[3014.769s][debug][gc,phases      ] GC(152)     Dead                           Min: 0, Avg:  0.0, Max: 0, Diff: 0, Sum: 0, Workers: 4
[3014.769s][debug][gc,phases      ] GC(152)     Total                          Min: 0, Avg: 2402.8, Max: 3392, Diff: 3392, Sum: 9611, Workers: 4
[3014.769s][debug][gc,phases      ] GC(152)   JNI Weak                       Min:  0.0, Avg:  0.0, Max:  0.0, Diff:  0.0, Sum:  0.0, Workers: 4
[3014.769s][debug][gc,phases      ] GC(152)     Dead                           Min: 0, Avg:  0.0, Max: 0, Diff: 0, Sum: 0, Workers: 4
[3014.769s][debug][gc,phases      ] GC(152)     Total                          Min: 0, Avg: 11.2, Max: 45, Diff: 45, Sum: 45, Workers: 4
[3014.769s][debug][gc,phases      ] GC(152)   StringDedup Table Weak         Min:  0.0, Avg:  0.0, Max:  0.0, Diff:  0.0, Sum:  0.0, Workers: 4
[3014.769s][debug][gc,phases      ] GC(152)     Dead                           Min: 0, Avg:  0.0, Max: 0, Diff: 0, Sum: 0, Workers: 4
[3014.769s][debug][gc,phases      ] GC(152)     Total                          Min: 0, Avg:  0.0, Max: 0, Diff: 0, Sum: 0, Workers: 4
[3014.769s][debug][gc,phases      ] GC(152)   StringDedup Requests0 Weak     Min:  0.0, Avg:  0.0, Max:  0.0, Diff:  0.0, Sum:  0.0, Workers: 4
[3014.769s][debug][gc,phases      ] GC(152)     Dead                           Min: 0, Avg:  0.0, Max: 0, Diff: 0, Sum: 0, Workers: 4
[3014.769s][debug][gc,phases      ] GC(152)     Total                          Min: 0, Avg:  0.0, Max: 0, Diff: 0, Sum: 0, Workers: 4
[3014.769s][debug][gc,phases      ] GC(152)   StringDedup Requests1 Weak     Min:  0.0, Avg:  0.0, Max:  0.0, Diff:  0.0, Sum:  0.0, Workers: 4
[3014.769s][debug][gc,phases      ] GC(152)     Dead                           Min: 0, Avg:  0.0, Max: 0, Diff: 0, Sum: 0, Workers: 4
[3014.769s][debug][gc,phases      ] GC(152)     Total                          Min: 0, Avg:  0.0, Max: 0, Diff: 0, Sum: 0, Workers: 4
[3014.769s][debug][gc,phases      ] GC(152)   Weak JFR Old Object Samples    Min:  0.0, Avg:  0.0, Max:  0.0, Diff:  0.0, Sum:  0.0, Workers: 4
[3014.769s][debug][gc,phases      ] GC(152)     Dead                           Min: 0, Avg:  0.0, Max: 0, Diff: 0, Sum: 0, Workers: 4
[3014.769s][debug][gc,phases      ] GC(152)     Total                          Min: 0, Avg:  0.0, Max: 0, Diff: 0, Sum: 0, Workers: 4
[3014.769s][debug][gc,phases      ] GC(152) Weak Processing 0.401ms
[3014.769s][debug][gc,age         ] GC(152) Desired survivor size 124780544 bytes, new threshold 15 (max threshold 15)
[3014.769s][info ][gc,heap        ] GC(152) PSYoungGen: 1884929K(1967616K)->74594K(1975296K) Eden: 1841664K(1841664K)->0K(1851392K) From: 43265K(125952K)->74594K(123904K)
[3014.769s][info ][gc,heap        ] GC(152) ParOldGen: 569644K(675840K)->572495K(675840K)
[3014.769s][info ][gc,metaspace   ] GC(152) Metaspace: 83182K(84224K)->83182K(84224K) NonClass: 71497K(72064K)->71497K(72064K) Class: 11684K(12160K)->11684K(12160K)
[3014.769s][info ][gc             ] GC(152) Pause Young (Allocation Failure) 2397M->631M(2589M) 26.964ms
[3014.769s][info ][gc,cpu         ] GC(152) User=0.09s Sys=0.01s Real=0.03s
[3014.769s][info ][safepoint      ] Safepoint "ParallelGCFailedAllocation", Time since last: 3332406420 ns, Reaching safepoint: 44001 ns, At safepoint: 27039431 ns, Total: 27083432 ns
[3017.770s][info ][safepoint      ] Safepoint "Cleanup", Time since last: 3000176796 ns, Reaching safepoint: 44001 ns, At safepoint: 5400 ns, Total: 49401 ns
[3020.770s][info ][safepoint      ] Safepoint "Cleanup", Time since last: 3000259597 ns, Reaching safepoint: 72102 ns, At safepoint: 8400 ns, Total: 80502 ns
[3032.771s][info ][safepoint      ] Safepoint "Cleanup", Time since last: 12000801412 ns, Reaching safepoint: 52602 ns, At safepoint: 10600 ns, Total: 63202 ns
[3039.295s][info ][gc,start       ] GC(153) Pause Young (Allocation Failure)
[3039.321s][debug][gc,phases      ] GC(153) Scavenge 25.095ms
[3039.321s][debug][gc,ref         ] GC(153) Skipped phase 1 of Reference Processing: no references
[3039.321s][debug][gc,ref         ] GC(153) ReferenceProcessor::execute queues: 1, RefProcThreadModel::Single, marks_oops_alive: false
[3039.321s][debug][gc,ref         ] GC(153) Skipped phase 3 of Reference Processing: no references
[3039.321s][debug][gc,ref         ] GC(153) ReferenceProcessor::execute queues: 1, RefProcThreadModel::Single, marks_oops_alive: false
[3039.321s][debug][gc,phases      ] GC(153) Reference Processing 0.115ms
[3039.321s][debug][gc,phases      ] GC(153)   VM Weak                        Min:  0.0, Avg:  0.0, Max:  0.0, Diff:  0.0, Sum:  0.0, Workers: 4
[3039.321s][debug][gc,phases      ] GC(153)     Dead                           Min: 0, Avg:  0.0, Max: 0, Diff: 0, Sum: 0, Workers: 4
[3039.321s][debug][gc,phases      ] GC(153)     Total                          Min: 0, Avg: 230.8, Max: 475, Diff: 475, Sum: 923, Workers: 4
[3039.321s][debug][gc,phases      ] GC(153)   ObjectSynchronizer Weak        Min:  0.0, Avg:  0.0, Max:  0.0, Diff:  0.0, Sum:  0.0, Workers: 4
[3039.321s][debug][gc,phases      ] GC(153)     Dead                           Min: 0, Avg:  0.0, Max: 0, Diff: 0, Sum: 0, Workers: 4
[3039.321s][debug][gc,phases      ] GC(153)     Total                          Min: 0, Avg:  8.5, Max: 34, Diff: 34, Sum: 34, Workers: 4
[3039.321s][debug][gc,phases      ] GC(153)   JVMTI Tag Weak OopStorage      Min:  0.0, Avg:  0.0, Max:  0.0, Diff:  0.0, Sum:  0.0, Workers: 4
[3039.321s][debug][gc,phases      ] GC(153)     Dead                           Min: 0, Avg:  0.0, Max: 0, Diff: 0, Sum: 0, Workers: 4
[3039.321s][debug][gc,phases      ] GC(153)     Total                          Min: 0, Avg:  0.0, Max: 0, Diff: 0, Sum: 0, Workers: 4
[3039.321s][debug][gc,phases      ] GC(153)   StringTable Weak               Min:  0.0, Avg:  0.1, Max:  0.1, Diff:  0.1, Sum:  0.4, Workers: 4
[3039.321s][debug][gc,phases      ] GC(153)     Dead                           Min: 0, Avg:  0.0, Max: 0, Diff: 0, Sum: 0, Workers: 4
[3039.321s][debug][gc,phases      ] GC(153)     Total                          Min: 0, Avg: 10874.5, Max: 15295, Diff: 15295, Sum: 43498, Workers: 4
[3039.321s][debug][gc,phases      ] GC(153)   ResolvedMethodTable Weak       Min:  0.0, Avg:  0.0, Max:  0.0, Diff:  0.0, Sum:  0.1, Workers: 4
[3039.321s][debug][gc,phases      ] GC(153)     Dead                           Min: 0, Avg:  0.0, Max: 0, Diff: 0, Sum: 0, Workers: 4
[3039.321s][debug][gc,phases      ] GC(153)     Total                          Min: 0, Avg: 2402.8, Max: 3403, Diff: 3403, Sum: 9611, Workers: 4
[3039.321s][debug][gc,phases      ] GC(153)   JNI Weak                       Min:  0.0, Avg:  0.0, Max:  0.0, Diff:  0.0, Sum:  0.0, Workers: 4
[3039.321s][debug][gc,phases      ] GC(153)     Dead                           Min: 0, Avg:  0.0, Max: 0, Diff: 0, Sum: 0, Workers: 4
[3039.321s][debug][gc,phases      ] GC(153)     Total                          Min: 0, Avg: 11.2, Max: 45, Diff: 45, Sum: 45, Workers: 4
[3039.321s][debug][gc,phases      ] GC(153)   StringDedup Table Weak         Min:  0.0, Avg:  0.0, Max:  0.0, Diff:  0.0, Sum:  0.0, Workers: 4
[3039.321s][debug][gc,phases      ] GC(153)     Dead                           Min: 0, Avg:  0.0, Max: 0, Diff: 0, Sum: 0, Workers: 4
[3039.321s][debug][gc,phases      ] GC(153)     Total                          Min: 0, Avg:  0.0, Max: 0, Diff: 0, Sum: 0, Workers: 4
[3039.321s][debug][gc,phases      ] GC(153)   StringDedup Requests0 Weak     Min:  0.0, Avg:  0.0, Max:  0.0, Diff:  0.0, Sum:  0.0, Workers: 4
[3039.321s][debug][gc,phases      ] GC(153)     Dead                           Min: 0, Avg:  0.0, Max: 0, Diff: 0, Sum: 0, Workers: 4
[3039.321s][debug][gc,phases      ] GC(153)     Total                          Min: 0, Avg:  0.0, Max: 0, Diff: 0, Sum: 0, Workers: 4
[3039.321s][debug][gc,phases      ] GC(153)   StringDedup Requests1 Weak     Min:  0.0, Avg:  0.0, Max:  0.0, Diff:  0.0, Sum:  0.0, Workers: 4
[3039.321s][debug][gc,phases      ] GC(153)     Dead                           Min: 0, Avg:  0.0, Max: 0, Diff: 0, Sum: 0, Workers: 4
[3039.321s][debug][gc,phases      ] GC(153)     Total                          Min: 0, Avg:  0.0, Max: 0, Diff: 0, Sum: 0, Workers: 4
[3039.321s][debug][gc,phases      ] GC(153)   Weak JFR Old Object Samples    Min:  0.0, Avg:  0.0, Max:  0.0, Diff:  0.0, Sum:  0.0, Workers: 4
[3039.321s][debug][gc,phases      ] GC(153)     Dead                           Min: 0, Avg:  0.0, Max: 0, Diff: 0, Sum: 0, Workers: 4
[3039.321s][debug][gc,phases      ] GC(153)     Total                          Min: 0, Avg:  0.0, Max: 0, Diff: 0, Sum: 0, Workers: 4
[3039.321s][debug][gc,phases      ] GC(153) Weak Processing 0.377ms
[3039.321s][debug][gc,age         ] GC(153) Desired survivor size 125829120 bytes, new threshold 15 (max threshold 15)
[3039.321s][info ][gc,heap        ] GC(153) PSYoungGen: 1925986K(1975296K)->82847K(1973248K) Eden: 1851392K(1851392K)->0K(1851392K) From: 74594K(123904K)->82847K(121856K)
[3039.321s][info ][gc,heap        ] GC(153) ParOldGen: 572495K(675840K)->576357K(675840K)
[3039.321s][info ][gc,metaspace   ] GC(153) Metaspace: 83185K(84288K)->83185K(84288K) NonClass: 71501K(72128K)->71501K(72128K) Class: 11684K(12160K)->11684K(12160K)
[3039.321s][info ][gc             ] GC(153) Pause Young (Allocation Failure) 2439M->643M(2587M) 25.743ms
[3039.321s][info ][gc,cpu         ] GC(153) User=0.10s Sys=0.00s Real=0.02s
[3039.321s][info ][safepoint      ] Safepoint "ParallelGCFailedAllocation", Time since last: 6524452755 ns, Reaching safepoint: 34900 ns, At safepoint: 25829146 ns, Total: 25864046 ns
[3046.322s][info ][safepoint      ] Safepoint "Cleanup", Time since last: 7000507216 ns, Reaching safepoint: 57301 ns, At safepoint: 3700 ns, Total: 61001 ns
[3050.322s][info ][safepoint      ] Safepoint "Cleanup", Time since last: 4000302952 ns, Reaching safepoint: 40201 ns, At safepoint: 3000 ns, Total: 43201 ns
[3053.322s][info ][safepoint      ] Safepoint "Cleanup", Time since last: 3000272273 ns, Reaching safepoint: 44601 ns, At safepoint: 5000 ns, Total: 49601 ns
[3057.323s][info ][safepoint      ] Safepoint "Cleanup", Time since last: 4000337847 ns, Reaching safepoint: 52401 ns, At safepoint: 2800 ns, Total: 55201 ns
[3069.387s][info ][gc,start       ] GC(154) Pause Young (Allocation Failure)
[3069.410s][debug][gc,phases      ] GC(154) Scavenge 22.948ms
[3069.410s][debug][gc,ref         ] GC(154) Skipped phase 1 of Reference Processing: no references
[3069.410s][debug][gc,ref         ] GC(154) ReferenceProcessor::execute queues: 1, RefProcThreadModel::Single, marks_oops_alive: false
[3069.410s][debug][gc,ref         ] GC(154) Skipped phase 3 of Reference Processing: no references
[3069.410s][debug][gc,ref         ] GC(154) ReferenceProcessor::execute queues: 1, RefProcThreadModel::Single, marks_oops_alive: false
[3069.410s][debug][gc,phases      ] GC(154) Reference Processing 0.113ms
[3069.410s][debug][gc,phases      ] GC(154)   VM Weak                        Min:  0.0, Avg:  0.0, Max:  0.0, Diff:  0.0, Sum:  0.0, Workers: 4
[3069.410s][debug][gc,phases      ] GC(154)     Dead                           Min: 0, Avg:  0.0, Max: 0, Diff: 0, Sum: 0, Workers: 4
[3069.410s][debug][gc,phases      ] GC(154)     Total                          Min: 0, Avg: 230.8, Max: 576, Diff: 576, Sum: 923, Workers: 4
[3069.410s][debug][gc,phases      ] GC(154)   ObjectSynchronizer Weak        Min:  0.0, Avg:  0.0, Max:  0.0, Diff:  0.0, Sum:  0.0, Workers: 4
[3069.410s][debug][gc,phases      ] GC(154)     Dead                           Min: 0, Avg:  0.0, Max: 0, Diff: 0, Sum: 0, Workers: 4
[3069.410s][debug][gc,phases      ] GC(154)     Total                          Min: 0, Avg:  8.5, Max: 34, Diff: 34, Sum: 34, Workers: 4
[3069.410s][debug][gc,phases      ] GC(154)   JVMTI Tag Weak OopStorage      Min:  0.0, Avg:  0.0, Max:  0.0, Diff:  0.0, Sum:  0.0, Workers: 4
[3069.410s][debug][gc,phases      ] GC(154)     Dead                           Min: 0, Avg:  0.0, Max: 0, Diff: 0, Sum: 0, Workers: 4
[3069.410s][debug][gc,phases      ] GC(154)     Total                          Min: 0, Avg:  0.0, Max: 0, Diff: 0, Sum: 0, Workers: 4
[3069.410s][debug][gc,phases      ] GC(154)   StringTable Weak               Min:  0.0, Avg:  0.1, Max:  0.2, Diff:  0.2, Sum:  0.5, Workers: 4
[3069.410s][debug][gc,phases      ] GC(154)     Dead                           Min: 0, Avg:  0.0, Max: 0, Diff: 0, Sum: 0, Workers: 4
[3069.410s][debug][gc,phases      ] GC(154)     Total                          Min: 0, Avg: 10874.5, Max: 14955, Diff: 14955, Sum: 43498, Workers: 4
[3069.410s][debug][gc,phases      ] GC(154)   ResolvedMethodTable Weak       Min:  0.0, Avg:  0.0, Max:  0.0, Diff:  0.0, Sum:  0.1, Workers: 4
[3069.410s][debug][gc,phases      ] GC(154)     Dead                           Min: 0, Avg:  0.0, Max: 0, Diff: 0, Sum: 0, Workers: 4
[3069.410s][debug][gc,phases      ] GC(154)     Total                          Min: 0, Avg: 2402.8, Max: 3531, Diff: 3531, Sum: 9611, Workers: 4
[3069.410s][debug][gc,phases      ] GC(154)   JNI Weak                       Min:  0.0, Avg:  0.0, Max:  0.0, Diff:  0.0, Sum:  0.0, Workers: 4
[3069.410s][debug][gc,phases      ] GC(154)     Dead                           Min: 0, Avg:  0.0, Max: 0, Diff: 0, Sum: 0, Workers: 4
[3069.410s][debug][gc,phases      ] GC(154)     Total                          Min: 0, Avg: 11.2, Max: 45, Diff: 45, Sum: 45, Workers: 4
[3069.410s][debug][gc,phases      ] GC(154)   StringDedup Table Weak         Min:  0.0, Avg:  0.0, Max:  0.0, Diff:  0.0, Sum:  0.0, Workers: 4
[3069.410s][debug][gc,phases      ] GC(154)     Dead                           Min: 0, Avg:  0.0, Max: 0, Diff: 0, Sum: 0, Workers: 4
[3069.410s][debug][gc,phases      ] GC(154)     Total                          Min: 0, Avg:  0.0, Max: 0, Diff: 0, Sum: 0, Workers: 4
[3069.410s][debug][gc,phases      ] GC(154)   StringDedup Requests0 Weak     Min:  0.0, Avg:  0.0, Max:  0.0, Diff:  0.0, Sum:  0.0, Workers: 4
[3069.410s][debug][gc,phases      ] GC(154)     Dead                           Min: 0, Avg:  0.0, Max: 0, Diff: 0, Sum: 0, Workers: 4
[3069.410s][debug][gc,phases      ] GC(154)     Total                          Min: 0, Avg:  0.0, Max: 0, Diff: 0, Sum: 0, Workers: 4
[3069.410s][debug][gc,phases      ] GC(154)   StringDedup Requests1 Weak     Min:  0.0, Avg:  0.0, Max:  0.0, Diff:  0.0, Sum:  0.0, Workers: 4
[3069.410s][debug][gc,phases      ] GC(154)     Dead                           Min: 0, Avg:  0.0, Max: 0, Diff: 0, Sum: 0, Workers: 4
[3069.410s][debug][gc,phases      ] GC(154)     Total                          Min: 0, Avg:  0.0, Max: 0, Diff: 0, Sum: 0, Workers: 4
[3069.410s][debug][gc,phases      ] GC(154)   Weak JFR Old Object Samples    Min:  0.0, Avg:  0.0, Max:  0.0, Diff:  0.0, Sum:  0.0, Workers: 4
[3069.410s][debug][gc,phases      ] GC(154)     Dead                           Min: 0, Avg:  0.0, Max: 0, Diff: 0, Sum: 0, Workers: 4
[3069.410s][debug][gc,phases      ] GC(154)     Total                          Min: 0, Avg:  0.0, Max: 0, Diff: 0, Sum: 0, Workers: 4
[3069.410s][debug][gc,phases      ] GC(154) Weak Processing 0.396ms
[3069.410s][debug][gc,age         ] GC(154) Desired survivor size 125304832 bytes, new threshold 15 (max threshold 15)
[3069.410s][info ][gc,heap        ] GC(154) PSYoungGen: 1934239K(1973248K)->80207K(1974784K) Eden: 1851392K(1851392K)->0K(1851904K) From: 82847K(121856K)->80207K(122880K)
[3069.410s][info ][gc,heap        ] GC(154) ParOldGen: 576357K(675840K)->576453K(675840K)
[3069.410s][info ][gc,metaspace   ] GC(154) Metaspace: 83218K(84352K)->83218K(84352K) NonClass: 71533K(72192K)->71533K(72192K) Class: 11684K(12160K)->11684K(12160K)
[3069.410s][info ][gc             ] GC(154) Pause Young (Allocation Failure) 2451M->641M(2588M) 23.603ms
[3069.410s][info ][gc,cpu         ] GC(154) User=0.09s Sys=0.00s Real=0.02s
[3069.411s][info ][safepoint      ] Safepoint "ParallelGCFailedAllocation", Time since last: 12063946610 ns, Reaching safepoint: 34801 ns, At safepoint: 23676943 ns, Total: 23711744 ns
[3070.411s][info ][safepoint      ] Safepoint "Cleanup", Time since last: 1000084132 ns, Reaching safepoint: 63501 ns, At safepoint: 3700 ns, Total: 67201 ns
[3075.411s][info ][safepoint      ] Safepoint "Cleanup", Time since last: 5000371472 ns, Reaching safepoint: 50802 ns, At safepoint: 2800 ns, Total: 53602 ns
[3076.411s][info ][safepoint      ] Safepoint "Cleanup", Time since last: 1000098168 ns, Reaching safepoint: 60602 ns, At safepoint: 2600 ns, Total: 63202 ns
[3077.411s][info ][safepoint      ] Safepoint "Cleanup", Time since last: 1000122169 ns, Reaching safepoint: 66502 ns, At safepoint: 3000 ns, Total: 69502 ns
[3078.412s][info ][safepoint      ] Safepoint "Cleanup", Time since last: 1000127669 ns, Reaching safepoint: 57201 ns, At safepoint: 2701 ns, Total: 59902 ns
[3080.412s][info ][safepoint      ] Safepoint "Cleanup", Time since last: 2000187370 ns, Reaching safepoint: 56201 ns, At safepoint: 3100 ns, Total: 59301 ns
[3081.412s][info ][safepoint      ] Safepoint "Cleanup", Time since last: 1000119491 ns, Reaching safepoint: 161503 ns, At safepoint: 8500 ns, Total: 170003 ns
[3082.412s][info ][safepoint      ] Safepoint "Cleanup", Time since last: 1000111591 ns, Reaching safepoint: 67001 ns, At safepoint: 2900 ns, Total: 69901 ns
[3083.413s][info ][safepoint      ] Safepoint "Cleanup", Time since last: 1000091790 ns, Reaching safepoint: 54702 ns, At safepoint: 8800 ns, Total: 63502 ns
[3084.413s][info ][safepoint      ] Safepoint "Cleanup", Time since last: 1000116591 ns, Reaching safepoint: 141803 ns, At safepoint: 10400 ns, Total: 152203 ns
[3084.491s][info ][gc,start       ] GC(155) Pause Young (Allocation Failure)
[3084.517s][debug][gc,phases      ] GC(155) Scavenge 25.699ms
[3084.517s][debug][gc,ref         ] GC(155) Skipped phase 1 of Reference Processing: no references
[3084.517s][debug][gc,ref         ] GC(155) ReferenceProcessor::execute queues: 1, RefProcThreadModel::Single, marks_oops_alive: false
[3084.517s][debug][gc,ref         ] GC(155) Skipped phase 3 of Reference Processing: no references
[3084.517s][debug][gc,ref         ] GC(155) ReferenceProcessor::execute queues: 1, RefProcThreadModel::Single, marks_oops_alive: false
[3084.517s][debug][gc,phases      ] GC(155) Reference Processing 0.115ms
[3084.517s][debug][gc,phases      ] GC(155)   VM Weak                        Min:  0.0, Avg:  0.0, Max:  0.0, Diff:  0.0, Sum:  0.0, Workers: 4
[3084.517s][debug][gc,phases      ] GC(155)     Dead                           Min: 0, Avg:  0.0, Max: 0, Diff: 0, Sum: 0, Workers: 4
[3084.517s][debug][gc,phases      ] GC(155)     Total                          Min: 0, Avg: 230.8, Max: 667, Diff: 667, Sum: 923, Workers: 4
[3084.517s][debug][gc,phases      ] GC(155)   ObjectSynchronizer Weak        Min:  0.0, Avg:  0.0, Max:  0.0, Diff:  0.0, Sum:  0.0, Workers: 4
[3084.517s][debug][gc,phases      ] GC(155)     Dead                           Min: 0, Avg:  0.0, Max: 0, Diff: 0, Sum: 0, Workers: 4
[3084.517s][debug][gc,phases      ] GC(155)     Total                          Min: 0, Avg:  8.5, Max: 34, Diff: 34, Sum: 34, Workers: 4
[3084.517s][debug][gc,phases      ] GC(155)   JVMTI Tag Weak OopStorage      Min:  0.0, Avg:  0.0, Max:  0.0, Diff:  0.0, Sum:  0.0, Workers: 4
[3084.517s][debug][gc,phases      ] GC(155)     Dead                           Min: 0, Avg:  0.0, Max: 0, Diff: 0, Sum: 0, Workers: 4
[3084.517s][debug][gc,phases      ] GC(155)     Total                          Min: 0, Avg:  0.0, Max: 0, Diff: 0, Sum: 0, Workers: 4
[3084.517s][debug][gc,phases      ] GC(155)   StringTable Weak               Min:  0.1, Avg:  0.1, Max:  0.1, Diff:  0.0, Sum:  0.4, Workers: 4
[3084.517s][debug][gc,phases      ] GC(155)     Dead                           Min: 0, Avg:  0.0, Max: 0, Diff: 0, Sum: 0, Workers: 4
[3084.517s][debug][gc,phases      ] GC(155)     Total                          Min: 10047, Avg: 10879.0, Max: 11584, Diff: 1537, Sum: 43516, Workers: 4
[3084.517s][debug][gc,phases      ] GC(155)   ResolvedMethodTable Weak       Min:  0.0, Avg:  0.0, Max:  0.0, Diff:  0.0, Sum:  0.1, Workers: 4
[3084.517s][debug][gc,phases      ] GC(155)     Dead                           Min: 0, Avg:  0.0, Max: 0, Diff: 0, Sum: 0, Workers: 4
[3084.517s][debug][gc,phases      ] GC(155)     Total                          Min: 2251, Avg: 2402.8, Max: 2496, Diff: 245, Sum: 9611, Workers: 4
[3084.517s][debug][gc,phases      ] GC(155)   JNI Weak                       Min:  0.0, Avg:  0.0, Max:  0.0, Diff:  0.0, Sum:  0.0, Workers: 4
[3084.517s][debug][gc,phases      ] GC(155)     Dead                           Min: 0, Avg:  0.0, Max: 0, Diff: 0, Sum: 0, Workers: 4
[3084.517s][debug][gc,phases      ] GC(155)     Total                          Min: 0, Avg: 11.2, Max: 45, Diff: 45, Sum: 45, Workers: 4
[3084.517s][debug][gc,phases      ] GC(155)   StringDedup Table Weak         Min:  0.0, Avg:  0.0, Max:  0.0, Diff:  0.0, Sum:  0.0, Workers: 4
[3084.517s][debug][gc,phases      ] GC(155)     Dead                           Min: 0, Avg:  0.0, Max: 0, Diff: 0, Sum: 0, Workers: 4
[3084.517s][debug][gc,phases      ] GC(155)     Total                          Min: 0, Avg:  0.0, Max: 0, Diff: 0, Sum: 0, Workers: 4
[3084.517s][debug][gc,phases      ] GC(155)   StringDedup Requests0 Weak     Min:  0.0, Avg:  0.0, Max:  0.0, Diff:  0.0, Sum:  0.0, Workers: 4
[3084.517s][debug][gc,phases      ] GC(155)     Dead                           Min: 0, Avg:  0.0, Max: 0, Diff: 0, Sum: 0, Workers: 4
[3084.517s][debug][gc,phases      ] GC(155)     Total                          Min: 0, Avg:  0.0, Max: 0, Diff: 0, Sum: 0, Workers: 4
[3084.517s][debug][gc,phases      ] GC(155)   StringDedup Requests1 Weak     Min:  0.0, Avg:  0.0, Max:  0.0, Diff:  0.0, Sum:  0.0, Workers: 4
[3084.517s][debug][gc,phases      ] GC(155)     Dead                           Min: 0, Avg:  0.0, Max: 0, Diff: 0, Sum: 0, Workers: 4
[3084.517s][debug][gc,phases      ] GC(155)     Total                          Min: 0, Avg:  0.0, Max: 0, Diff: 0, Sum: 0, Workers: 4
[3084.517s][debug][gc,phases      ] GC(155)   Weak JFR Old Object Samples    Min:  0.0, Avg:  0.0, Max:  0.0, Diff:  0.0, Sum:  0.0, Workers: 4
[3084.517s][debug][gc,phases      ] GC(155)     Dead                           Min: 0, Avg:  0.0, Max: 0, Diff: 0, Sum: 0, Workers: 4
[3084.517s][debug][gc,phases      ] GC(155)     Total                          Min: 0, Avg:  0.0, Max: 0, Diff: 0, Sum: 0, Workers: 4
[3084.517s][debug][gc,phases      ] GC(155) Weak Processing 0.343ms
[3084.517s][debug][gc,age         ] GC(155) Desired survivor size 120586240 bytes, new threshold 15 (max threshold 15)
[3084.517s][info ][gc,heap        ] GC(155) PSYoungGen: 1932111K(1974784K)->70184K(1974272K) Eden: 1851904K(1851904K)->0K(1851904K) From: 80207K(122880K)->70184K(122368K)
[3084.517s][info ][gc,heap        ] GC(155) ParOldGen: 576453K(675840K)->579173K(675840K)
[3084.517s][info ][gc,metaspace   ] GC(155) Metaspace: 83236K(84352K)->83236K(84352K) NonClass: 71552K(72192K)->71552K(72192K) Class: 11684K(12160K)->11684K(12160K)
[3084.517s][info ][gc             ] GC(155) Pause Young (Allocation Failure) 2449M->634M(2588M) 26.322ms
[3084.517s][info ][gc,cpu         ] GC(155) User=0.09s Sys=0.00s Real=0.03s
[3084.517s][info ][safepoint      ] Safepoint "ParallelGCFailedAllocation", Time since last: 75891415 ns, Reaching safepoint: 2067744 ns, At safepoint: 26423463 ns, Total: 28491207 ns
[3085.862s][info ][safepoint      ] Safepoint "Cleanup", Time since last: 1344361890 ns, Reaching safepoint: 107703 ns, At safepoint: 6600 ns, Total: 114303 ns
[3087.862s][info ][safepoint      ] Safepoint "Cleanup", Time since last: 2000211474 ns, Reaching safepoint: 48101 ns, At safepoint: 3600 ns, Total: 51701 ns
[3090.862s][info ][safepoint      ] Safepoint "Cleanup", Time since last: 3000268479 ns, Reaching safepoint: 50701 ns, At safepoint: 4100 ns, Total: 54801 ns
[3099.863s][info ][safepoint      ] Safepoint "Cleanup", Time since last: 9000670862 ns, Reaching safepoint: 61601 ns, At safepoint: 3200 ns, Total: 64801 ns
[3103.693s][info ][gc,start       ] GC(156) Pause Young (Allocation Failure)
[3103.715s][debug][gc,phases      ] GC(156) Scavenge 21.470ms
[3103.715s][debug][gc,ref         ] GC(156) Skipped phase 1 of Reference Processing: no references
[3103.715s][debug][gc,ref         ] GC(156) ReferenceProcessor::execute queues: 1, RefProcThreadModel::Single, marks_oops_alive: false
[3103.715s][debug][gc,ref         ] GC(156) Skipped phase 3 of Reference Processing: no references
[3103.715s][debug][gc,ref         ] GC(156) ReferenceProcessor::execute queues: 1, RefProcThreadModel::Single, marks_oops_alive: false
[3103.715s][debug][gc,phases      ] GC(156) Reference Processing 0.122ms
[3103.715s][debug][gc,phases      ] GC(156)   VM Weak                        Min:  0.0, Avg:  0.0, Max:  0.0, Diff:  0.0, Sum:  0.0, Workers: 4
[3103.715s][debug][gc,phases      ] GC(156)     Dead                           Min: 0, Avg:  0.0, Max: 0, Diff: 0, Sum: 0, Workers: 4
[3103.715s][debug][gc,phases      ] GC(156)     Total                          Min: 0, Avg: 230.8, Max: 640, Diff: 640, Sum: 923, Workers: 4
[3103.715s][debug][gc,phases      ] GC(156)   ObjectSynchronizer Weak        Min:  0.0, Avg:  0.0, Max:  0.0, Diff:  0.0, Sum:  0.0, Workers: 4
[3103.715s][debug][gc,phases      ] GC(156)     Dead                           Min: 0, Avg:  0.0, Max: 0, Diff: 0, Sum: 0, Workers: 4
[3103.715s][debug][gc,phases      ] GC(156)     Total                          Min: 0, Avg:  8.5, Max: 34, Diff: 34, Sum: 34, Workers: 4
[3103.715s][debug][gc,phases      ] GC(156)   JVMTI Tag Weak OopStorage      Min:  0.0, Avg:  0.0, Max:  0.0, Diff:  0.0, Sum:  0.0, Workers: 4
[3103.715s][debug][gc,phases      ] GC(156)     Dead                           Min: 0, Avg:  0.0, Max: 0, Diff: 0, Sum: 0, Workers: 4
[3103.715s][debug][gc,phases      ] GC(156)     Total                          Min: 0, Avg:  0.0, Max: 0, Diff: 0, Sum: 0, Workers: 4
[3103.715s][debug][gc,phases      ] GC(156)   StringTable Weak               Min:  0.1, Avg:  0.1, Max:  0.1, Diff:  0.0, Sum:  0.4, Workers: 4
[3103.715s][debug][gc,phases      ] GC(156)     Dead                           Min: 0, Avg:  0.0, Max: 0, Diff: 0, Sum: 0, Workers: 4
[3103.715s][debug][gc,phases      ] GC(156)     Total                          Min: 9856, Avg: 10879.0, Max: 12093, Diff: 2237, Sum: 43516, Workers: 4
[3103.715s][debug][gc,phases      ] GC(156)   ResolvedMethodTable Weak       Min:  0.0, Avg:  0.0, Max:  0.0, Diff:  0.0, Sum:  0.1, Workers: 4
[3103.715s][debug][gc,phases      ] GC(156)     Dead                           Min: 0, Avg:  0.0, Max: 0, Diff: 0, Sum: 0, Workers: 4
[3103.715s][debug][gc,phases      ] GC(156)     Total                          Min: 2240, Avg: 2402.8, Max: 2635, Diff: 395, Sum: 9611, Workers: 4
[3103.715s][debug][gc,phases      ] GC(156)   JNI Weak                       Min:  0.0, Avg:  0.0, Max:  0.0, Diff:  0.0, Sum:  0.0, Workers: 4
[3103.715s][debug][gc,phases      ] GC(156)     Dead                           Min: 0, Avg:  0.0, Max: 0, Diff: 0, Sum: 0, Workers: 4
[3103.715s][debug][gc,phases      ] GC(156)     Total                          Min: 0, Avg: 11.2, Max: 45, Diff: 45, Sum: 45, Workers: 4
[3103.715s][debug][gc,phases      ] GC(156)   StringDedup Table Weak         Min:  0.0, Avg:  0.0, Max:  0.0, Diff:  0.0, Sum:  0.0, Workers: 4
[3103.715s][debug][gc,phases      ] GC(156)     Dead                           Min: 0, Avg:  0.0, Max: 0, Diff: 0, Sum: 0, Workers: 4
[3103.715s][debug][gc,phases      ] GC(156)     Total                          Min: 0, Avg:  0.0, Max: 0, Diff: 0, Sum: 0, Workers: 4
[3103.715s][debug][gc,phases      ] GC(156)   StringDedup Requests0 Weak     Min:  0.0, Avg:  0.0, Max:  0.0, Diff:  0.0, Sum:  0.0, Workers: 4
[3103.715s][debug][gc,phases      ] GC(156)     Dead                           Min: 0, Avg:  0.0, Max: 0, Diff: 0, Sum: 0, Workers: 4
[3103.715s][debug][gc,phases      ] GC(156)     Total                          Min: 0, Avg:  0.0, Max: 0, Diff: 0, Sum: 0, Workers: 4
[3103.715s][debug][gc,phases      ] GC(156)   StringDedup Requests1 Weak     Min:  0.0, Avg:  0.0, Max:  0.0, Diff:  0.0, Sum:  0.0, Workers: 4
[3103.715s][debug][gc,phases      ] GC(156)     Dead                           Min: 0, Avg:  0.0, Max: 0, Diff: 0, Sum: 0, Workers: 4
[3103.715s][debug][gc,phases      ] GC(156)     Total                          Min: 0, Avg:  0.0, Max: 0, Diff: 0, Sum: 0, Workers: 4
[3103.715s][debug][gc,phases      ] GC(156)   Weak JFR Old Object Samples    Min:  0.0, Avg:  0.0, Max:  0.0, Diff:  0.0, Sum:  0.0, Workers: 4
[3103.715s][debug][gc,phases      ] GC(156)     Dead                           Min: 0, Avg:  0.0, Max: 0, Diff: 0, Sum: 0, Workers: 4
[3103.715s][debug][gc,phases      ] GC(156)     Total                          Min: 0, Avg:  0.0, Max: 0, Diff: 0, Sum: 0, Workers: 4
[3103.715s][debug][gc,phases      ] GC(156) Weak Processing 0.330ms
[3103.715s][debug][gc,age         ] GC(156) Desired survivor size 116916224 bytes, new threshold 15 (max threshold 15)
[3103.716s][info ][gc,heap        ] GC(156) PSYoungGen: 1922088K(1974272K)->60065K(1982976K) Eden: 1851904K(1851904K)->0K(1865216K) From: 70184K(122368K)->60065K(117760K)
[3103.716s][info ][gc,heap        ] GC(156) ParOldGen: 579173K(675840K)->579281K(675840K)
[3103.716s][info ][gc,metaspace   ] GC(156) Metaspace: 83242K(84352K)->83242K(84352K) NonClass: 71557K(72192K)->71557K(72192K) Class: 11684K(12160K)->11684K(12160K)
[3103.716s][info ][gc             ] GC(156) Pause Young (Allocation Failure) 2442M->624M(2596M) 22.060ms
[3103.716s][info ][gc,cpu         ] GC(156) User=0.07s Sys=0.00s Real=0.02s
[3103.716s][info ][safepoint      ] Safepoint "ParallelGCFailedAllocation", Time since last: 3830361295 ns, Reaching safepoint: 114002 ns, At safepoint: 22141106 ns, Total: 22255108 ns
[3113.716s][info ][safepoint      ] Safepoint "Cleanup", Time since last: 10000721712 ns, Reaching safepoint: 61401 ns, At safepoint: 5700 ns, Total: 67101 ns
[3114.716s][info ][safepoint      ] Safepoint "Cleanup", Time since last: 1000083827 ns, Reaching safepoint: 46101 ns, At safepoint: 7100 ns, Total: 53201 ns
[3115.717s][info ][safepoint      ] Safepoint "Cleanup", Time since last: 1000122928 ns, Reaching safepoint: 56301 ns, At safepoint: 3101 ns, Total: 59402 ns
[3116.717s][info ][safepoint      ] Safepoint "Cleanup", Time since last: 1000121827 ns, Reaching safepoint: 120703 ns, At safepoint: 13400 ns, Total: 134103 ns
[3119.582s][info ][gc,start       ] GC(157) Pause Young (Allocation Failure)
[3119.607s][debug][gc,phases      ] GC(157) Scavenge 24.813ms
[3119.607s][debug][gc,ref         ] GC(157) Skipped phase 1 of Reference Processing: no references
[3119.607s][debug][gc,ref         ] GC(157) ReferenceProcessor::execute queues: 1, RefProcThreadModel::Single, marks_oops_alive: false
[3119.607s][debug][gc,ref         ] GC(157) Skipped phase 3 of Reference Processing: no references
[3119.607s][debug][gc,ref         ] GC(157) ReferenceProcessor::execute queues: 1, RefProcThreadModel::Single, marks_oops_alive: false
[3119.607s][debug][gc,phases      ] GC(157) Reference Processing 0.120ms
[3119.607s][debug][gc,phases      ] GC(157)   VM Weak                        Min:  0.0, Avg:  0.0, Max:  0.0, Diff:  0.0, Sum:  0.0, Workers: 4
[3119.607s][debug][gc,phases      ] GC(157)     Dead                           Min: 0, Avg:  0.0, Max: 0, Diff: 0, Sum: 0, Workers: 4
[3119.607s][debug][gc,phases      ] GC(157)     Total                          Min: 0, Avg: 230.8, Max: 603, Diff: 603, Sum: 923, Workers: 4
[3119.607s][debug][gc,phases      ] GC(157)   ObjectSynchronizer Weak        Min:  0.0, Avg:  0.0, Max:  0.0, Diff:  0.0, Sum:  0.0, Workers: 4
[3119.607s][debug][gc,phases      ] GC(157)     Dead                           Min: 0, Avg:  0.0, Max: 0, Diff: 0, Sum: 0, Workers: 4
[3119.607s][debug][gc,phases      ] GC(157)     Total                          Min: 0, Avg:  8.5, Max: 34, Diff: 34, Sum: 34, Workers: 4
[3119.607s][debug][gc,phases      ] GC(157)   JVMTI Tag Weak OopStorage      Min:  0.0, Avg:  0.0, Max:  0.0, Diff:  0.0, Sum:  0.0, Workers: 4
[3119.607s][debug][gc,phases      ] GC(157)     Dead                           Min: 0, Avg:  0.0, Max: 0, Diff: 0, Sum: 0, Workers: 4
[3119.607s][debug][gc,phases      ] GC(157)     Total                          Min: 0, Avg:  0.0, Max: 0, Diff: 0, Sum: 0, Workers: 4
[3119.607s][debug][gc,phases      ] GC(157)   StringTable Weak               Min:  0.0, Avg:  0.1, Max:  0.2, Diff:  0.2, Sum:  0.5, Workers: 4
[3119.607s][debug][gc,phases      ] GC(157)     Dead                           Min: 0, Avg:  0.0, Max: 0, Diff: 0, Sum: 0, Workers: 4
[3119.607s][debug][gc,phases      ] GC(157)     Total                          Min: 0, Avg: 10879.0, Max: 15805, Diff: 15805, Sum: 43516, Workers: 4
[3119.607s][debug][gc,phases      ] GC(157)   ResolvedMethodTable Weak       Min:  0.0, Avg:  0.0, Max:  0.0, Diff:  0.0, Sum:  0.1, Workers: 4
[3119.607s][debug][gc,phases      ] GC(157)     Dead                           Min: 0, Avg:  0.0, Max: 0, Diff: 0, Sum: 0, Workers: 4
[3119.607s][debug][gc,phases      ] GC(157)     Total                          Min: 0, Avg: 2402.8, Max: 3403, Diff: 3403, Sum: 9611, Workers: 4
[3119.607s][debug][gc,phases      ] GC(157)   JNI Weak                       Min:  0.0, Avg:  0.0, Max:  0.0, Diff:  0.0, Sum:  0.0, Workers: 4
[3119.607s][debug][gc,phases      ] GC(157)     Dead                           Min: 0, Avg:  0.0, Max: 0, Diff: 0, Sum: 0, Workers: 4
[3119.607s][debug][gc,phases      ] GC(157)     Total                          Min: 0, Avg: 11.2, Max: 45, Diff: 45, Sum: 45, Workers: 4
[3119.607s][debug][gc,phases      ] GC(157)   StringDedup Table Weak         Min:  0.0, Avg:  0.0, Max:  0.0, Diff:  0.0, Sum:  0.0, Workers: 4
[3119.607s][debug][gc,phases      ] GC(157)     Dead                           Min: 0, Avg:  0.0, Max: 0, Diff: 0, Sum: 0, Workers: 4
[3119.607s][debug][gc,phases      ] GC(157)     Total                          Min: 0, Avg:  0.0, Max: 0, Diff: 0, Sum: 0, Workers: 4
[3119.607s][debug][gc,phases      ] GC(157)   StringDedup Requests0 Weak     Min:  0.0, Avg:  0.0, Max:  0.0, Diff:  0.0, Sum:  0.0, Workers: 4
[3119.607s][debug][gc,phases      ] GC(157)     Dead                           Min: 0, Avg:  0.0, Max: 0, Diff: 0, Sum: 0, Workers: 4
[3119.607s][debug][gc,phases      ] GC(157)     Total                          Min: 0, Avg:  0.0, Max: 0, Diff: 0, Sum: 0, Workers: 4
[3119.607s][debug][gc,phases      ] GC(157)   StringDedup Requests1 Weak     Min:  0.0, Avg:  0.0, Max:  0.0, Diff:  0.0, Sum:  0.0, Workers: 4
[3119.607s][debug][gc,phases      ] GC(157)     Dead                           Min: 0, Avg:  0.0, Max: 0, Diff: 0, Sum: 0, Workers: 4
[3119.607s][debug][gc,phases      ] GC(157)     Total                          Min: 0, Avg:  0.0, Max: 0, Diff: 0, Sum: 0, Workers: 4
[3119.607s][debug][gc,phases      ] GC(157)   Weak JFR Old Object Samples    Min:  0.0, Avg:  0.0, Max:  0.0, Diff:  0.0, Sum:  0.0, Workers: 4
[3119.607s][debug][gc,phases      ] GC(157)     Dead                           Min: 0, Avg:  0.0, Max: 0, Diff: 0, Sum: 0, Workers: 4
[3119.607s][debug][gc,phases      ] GC(157)     Total                          Min: 0, Avg:  0.0, Max: 0, Diff: 0, Sum: 0, Workers: 4
[3119.607s][debug][gc,phases      ] GC(157) Weak Processing 0.419ms
[3119.607s][debug][gc,age         ] GC(157) Desired survivor size 113770496 bytes, new threshold 15 (max threshold 15)
[3119.607s][info ][gc,heap        ] GC(157) PSYoungGen: 1925281K(1982976K)->71601K(1979392K) Eden: 1865216K(1865216K)->0K(1865216K) From: 60065K(117760K)->71601K(114176K)
[3119.607s][info ][gc,heap        ] GC(157) ParOldGen: 579281K(675840K)->579337K(675840K)
[3119.607s][info ][gc,metaspace   ] GC(157) Metaspace: 83243K(84352K)->83243K(84352K) NonClass: 71558K(72192K)->71558K(72192K) Class: 11684K(12160K)->11684K(12160K)
[3119.607s][info ][gc             ] GC(157) Pause Young (Allocation Failure) 2445M->635M(2593M) 25.495ms
[3119.607s][info ][gc,cpu         ] GC(157) User=0.08s Sys=0.00s Real=0.03s
[3119.607s][info ][safepoint      ] Safepoint "ParallelGCFailedAllocation", Time since last: 2864738468 ns, Reaching safepoint: 40601 ns, At safepoint: 25587462 ns, Total: 25628063 ns
[3123.608s][info ][safepoint      ] Safepoint "Cleanup", Time since last: 4000254597 ns, Reaching safepoint: 45001 ns, At safepoint: 3300 ns, Total: 48301 ns
[3124.608s][info ][safepoint      ] Safepoint "Cleanup", Time since last: 1000090949 ns, Reaching safepoint: 65202 ns, At safepoint: 3200 ns, Total: 68402 ns
[3125.608s][info ][safepoint      ] Safepoint "Cleanup", Time since last: 1000114450 ns, Reaching safepoint: 125503 ns, At safepoint: 33201 ns, Total: 158704 ns
[3126.608s][info ][safepoint      ] Safepoint "Cleanup", Time since last: 1000116950 ns, Reaching safepoint: 57801 ns, At safepoint: 3800 ns, Total: 61601 ns
[3127.608s][info ][safepoint      ] Safepoint "Cleanup", Time since last: 1000136284 ns, Reaching safepoint: 40101 ns, At safepoint: 3100 ns, Total: 43201 ns
[3135.609s][info ][safepoint      ] Safepoint "Cleanup", Time since last: 8000775280 ns, Reaching safepoint: 58902 ns, At safepoint: 3800 ns, Total: 62702 ns
[3137.609s][info ][safepoint      ] Safepoint "Cleanup", Time since last: 2000181719 ns, Reaching safepoint: 48701 ns, At safepoint: 3500 ns, Total: 52201 ns
[3139.543s][info ][gc,start       ] GC(158) Pause Young (Allocation Failure)
[3139.564s][debug][gc,phases      ] GC(158) Scavenge 20.716ms
[3139.564s][debug][gc,ref         ] GC(158) Skipped phase 1 of Reference Processing: no references
[3139.564s][debug][gc,ref         ] GC(158) ReferenceProcessor::execute queues: 1, RefProcThreadModel::Single, marks_oops_alive: false
[3139.564s][debug][gc,ref         ] GC(158) Skipped phase 3 of Reference Processing: no references
[3139.564s][debug][gc,ref         ] GC(158) ReferenceProcessor::execute queues: 1, RefProcThreadModel::Single, marks_oops_alive: false
[3139.564s][debug][gc,phases      ] GC(158) Reference Processing 0.186ms
[3139.564s][debug][gc,phases      ] GC(158)   VM Weak                        Min:  0.0, Avg:  0.0, Max:  0.0, Diff:  0.0, Sum:  0.0, Workers: 4
[3139.564s][debug][gc,phases      ] GC(158)     Dead                           Min: 0, Avg:  0.0, Max: 0, Diff: 0, Sum: 0, Workers: 4
[3139.564s][debug][gc,phases      ] GC(158)     Total                          Min: 0, Avg: 230.8, Max: 731, Diff: 731, Sum: 923, Workers: 4
[3139.564s][debug][gc,phases      ] GC(158)   ObjectSynchronizer Weak        Min:  0.0, Avg:  0.0, Max:  0.0, Diff:  0.0, Sum:  0.0, Workers: 4
[3139.564s][debug][gc,phases      ] GC(158)     Dead                           Min: 0, Avg:  0.0, Max: 0, Diff: 0, Sum: 0, Workers: 4
[3139.564s][debug][gc,phases      ] GC(158)     Total                          Min: 0, Avg:  8.5, Max: 34, Diff: 34, Sum: 34, Workers: 4
[3139.564s][debug][gc,phases      ] GC(158)   JVMTI Tag Weak OopStorage      Min:  0.0, Avg:  0.0, Max:  0.0, Diff:  0.0, Sum:  0.0, Workers: 4
[3139.564s][debug][gc,phases      ] GC(158)     Dead                           Min: 0, Avg:  0.0, Max: 0, Diff: 0, Sum: 0, Workers: 4
[3139.564s][debug][gc,phases      ] GC(158)     Total                          Min: 0, Avg:  0.0, Max: 0, Diff: 0, Sum: 0, Workers: 4
[3139.564s][debug][gc,phases      ] GC(158)   StringTable Weak               Min:  0.0, Avg:  0.1, Max:  0.2, Diff:  0.2, Sum:  0.4, Workers: 4
[3139.564s][debug][gc,phases      ] GC(158)     Dead                           Min: 0, Avg:  0.0, Max: 0, Diff: 0, Sum: 0, Workers: 4
[3139.564s][debug][gc,phases      ] GC(158)     Total                          Min: 0, Avg: 10879.0, Max: 22589, Diff: 22589, Sum: 43516, Workers: 4
[3139.564s][debug][gc,phases      ] GC(158)   ResolvedMethodTable Weak       Min:  0.0, Avg:  0.0, Max:  0.0, Diff:  0.0, Sum:  0.1, Workers: 4
[3139.564s][debug][gc,phases      ] GC(158)     Dead                           Min: 0, Avg:  0.0, Max: 0, Diff: 0, Sum: 0, Workers: 4
[3139.564s][debug][gc,phases      ] GC(158)     Total                          Min: 0, Avg: 2402.8, Max: 5056, Diff: 5056, Sum: 9611, Workers: 4
[3139.564s][debug][gc,phases      ] GC(158)   JNI Weak                       Min:  0.0, Avg:  0.0, Max:  0.0, Diff:  0.0, Sum:  0.0, Workers: 4
[3139.564s][debug][gc,phases      ] GC(158)     Dead                           Min: 0, Avg:  0.0, Max: 0, Diff: 0, Sum: 0, Workers: 4
[3139.564s][debug][gc,phases      ] GC(158)     Total                          Min: 0, Avg: 11.2, Max: 45, Diff: 45, Sum: 45, Workers: 4
[3139.564s][debug][gc,phases      ] GC(158)   StringDedup Table Weak         Min:  0.0, Avg:  0.0, Max:  0.0, Diff:  0.0, Sum:  0.0, Workers: 4
[3139.564s][debug][gc,phases      ] GC(158)     Dead                           Min: 0, Avg:  0.0, Max: 0, Diff: 0, Sum: 0, Workers: 4
[3139.564s][debug][gc,phases      ] GC(158)     Total                          Min: 0, Avg:  0.0, Max: 0, Diff: 0, Sum: 0, Workers: 4
[3139.564s][debug][gc,phases      ] GC(158)   StringDedup Requests0 Weak     Min:  0.0, Avg:  0.0, Max:  0.0, Diff:  0.0, Sum:  0.0, Workers: 4
[3139.564s][debug][gc,phases      ] GC(158)     Dead                           Min: 0, Avg:  0.0, Max: 0, Diff: 0, Sum: 0, Workers: 4
[3139.564s][debug][gc,phases      ] GC(158)     Total                          Min: 0, Avg:  0.0, Max: 0, Diff: 0, Sum: 0, Workers: 4
[3139.564s][debug][gc,phases      ] GC(158)   StringDedup Requests1 Weak     Min:  0.0, Avg:  0.0, Max:  0.0, Diff:  0.0, Sum:  0.0, Workers: 4
[3139.564s][debug][gc,phases      ] GC(158)     Dead                           Min: 0, Avg:  0.0, Max: 0, Diff: 0, Sum: 0, Workers: 4
[3139.564s][debug][gc,phases      ] GC(158)     Total                          Min: 0, Avg:  0.0, Max: 0, Diff: 0, Sum: 0, Workers: 4
[3139.564s][debug][gc,phases      ] GC(158)   Weak JFR Old Object Samples    Min:  0.0, Avg:  0.0, Max:  0.0, Diff:  0.0, Sum:  0.0, Workers: 4
[3139.564s][debug][gc,phases      ] GC(158)     Dead                           Min: 0, Avg:  0.0, Max: 0, Diff: 0, Sum: 0, Workers: 4
[3139.564s][debug][gc,phases      ] GC(158)     Total                          Min: 0, Avg:  0.0, Max: 0, Diff: 0, Sum: 0, Workers: 4
[3139.564s][debug][gc,phases      ] GC(158) Weak Processing 0.445ms
[3139.564s][debug][gc,age         ] GC(158) Desired survivor size 111149056 bytes, new threshold 15 (max threshold 15)
[3139.564s][info ][gc,heap        ] GC(158) PSYoungGen: 1936817K(1979392K)->72401K(1988608K) Eden: 1865216K(1865216K)->0K(1877504K) From: 71601K(114176K)->72401K(111104K)
[3139.564s][info ][gc,heap        ] GC(158) ParOldGen: 579337K(675840K)->579401K(675840K)
[3139.564s][info ][gc,metaspace   ] GC(158) Metaspace: 83253K(84352K)->83253K(84352K) NonClass: 71568K(72192K)->71568K(72192K) Class: 11684K(12160K)->11684K(12160K)
[3139.564s][info ][gc             ] GC(158) Pause Young (Allocation Failure) 2457M->636M(2602M) 21.494ms
[3139.564s][info ][gc,cpu         ] GC(158) User=0.08s Sys=0.01s Real=0.03s
[3139.564s][info ][safepoint      ] Safepoint "ParallelGCFailedAllocation", Time since last: 1933215999 ns, Reaching safepoint: 106203 ns, At safepoint: 21586690 ns, Total: 21692893 ns
[3143.565s][info ][safepoint      ] Safepoint "Cleanup", Time since last: 4000286960 ns, Reaching safepoint: 47901 ns, At safepoint: 3100 ns, Total: 51001 ns
[3148.565s][info ][safepoint      ] Safepoint "Cleanup", Time since last: 5000386575 ns, Reaching safepoint: 54501 ns, At safepoint: 3100 ns, Total: 57601 ns
[3152.571s][info ][safepoint      ] Safepoint "Cleanup", Time since last: 4005404575 ns, Reaching safepoint: 42601 ns, At safepoint: 2900 ns, Total: 45501 ns
[3154.571s][info ][safepoint      ] Safepoint "Cleanup", Time since last: 2000192192 ns, Reaching safepoint: 55301 ns, At safepoint: 3900 ns, Total: 59201 ns
[3157.571s][info ][safepoint      ] Safepoint "Cleanup", Time since last: 3000250636 ns, Reaching safepoint: 73502 ns, At safepoint: 5500 ns, Total: 79002 ns
[3158.442s][info ][gc,start       ] GC(159) Pause Young (Allocation Failure)
[3158.463s][debug][gc,phases      ] GC(159) Scavenge 21.431ms
[3158.463s][debug][gc,ref         ] GC(159) Skipped phase 1 of Reference Processing: no references
[3158.464s][debug][gc,ref         ] GC(159) ReferenceProcessor::execute queues: 1, RefProcThreadModel::Single, marks_oops_alive: false
[3158.464s][debug][gc,ref         ] GC(159) Skipped phase 3 of Reference Processing: no references
[3158.464s][debug][gc,ref         ] GC(159) ReferenceProcessor::execute queues: 1, RefProcThreadModel::Single, marks_oops_alive: false
[3158.464s][debug][gc,phases      ] GC(159) Reference Processing 0.220ms
[3158.464s][debug][gc,phases      ] GC(159)   VM Weak                        Min:  0.0, Avg:  0.0, Max:  0.0, Diff:  0.0, Sum:  0.0, Workers: 4
[3158.464s][debug][gc,phases      ] GC(159)     Dead                           Min: 0, Avg:  0.0, Max: 0, Diff: 0, Sum: 0, Workers: 4
[3158.464s][debug][gc,phases      ] GC(159)     Total                          Min: 0, Avg: 230.8, Max: 795, Diff: 795, Sum: 923, Workers: 4
[3158.464s][debug][gc,phases      ] GC(159)   ObjectSynchronizer Weak        Min:  0.0, Avg:  0.0, Max:  0.0, Diff:  0.0, Sum:  0.0, Workers: 4
[3158.464s][debug][gc,phases      ] GC(159)     Dead                           Min: 0, Avg:  0.0, Max: 0, Diff: 0, Sum: 0, Workers: 4
[3158.464s][debug][gc,phases      ] GC(159)     Total                          Min: 0, Avg:  8.5, Max: 34, Diff: 34, Sum: 34, Workers: 4
[3158.464s][debug][gc,phases      ] GC(159)   JVMTI Tag Weak OopStorage      Min:  0.0, Avg:  0.0, Max:  0.0, Diff:  0.0, Sum:  0.0, Workers: 4
[3158.464s][debug][gc,phases      ] GC(159)     Dead                           Min: 0, Avg:  0.0, Max: 0, Diff: 0, Sum: 0, Workers: 4
[3158.464s][debug][gc,phases      ] GC(159)     Total                          Min: 0, Avg:  0.0, Max: 0, Diff: 0, Sum: 0, Workers: 4
[3158.464s][debug][gc,phases      ] GC(159)   StringTable Weak               Min:  0.0, Avg:  0.1, Max:  0.2, Diff:  0.1, Sum:  0.5, Workers: 4
[3158.464s][debug][gc,phases      ] GC(159)     Dead                           Min: 0, Avg:  0.0, Max: 0, Diff: 0, Sum: 0, Workers: 4
[3158.464s][debug][gc,phases      ] GC(159)     Total                          Min: 2048, Avg: 10879.0, Max: 15935, Diff: 13887, Sum: 43516, Workers: 4
[3158.464s][debug][gc,phases      ] GC(159)   ResolvedMethodTable Weak       Min:  0.0, Avg:  0.0, Max:  0.0, Diff:  0.0, Sum:  0.1, Workers: 4
[3158.464s][debug][gc,phases      ] GC(159)     Dead                           Min: 0, Avg:  0.0, Max: 0, Diff: 0, Sum: 0, Workers: 4
[3158.464s][debug][gc,phases      ] GC(159)     Total                          Min: 960, Avg: 2402.8, Max: 2944, Diff: 1984, Sum: 9611, Workers: 4
[3158.464s][debug][gc,phases      ] GC(159)   JNI Weak                       Min:  0.0, Avg:  0.0, Max:  0.0, Diff:  0.0, Sum:  0.0, Workers: 4
[3158.464s][debug][gc,phases      ] GC(159)     Dead                           Min: 0, Avg:  0.0, Max: 0, Diff: 0, Sum: 0, Workers: 4
[3158.464s][debug][gc,phases      ] GC(159)     Total                          Min: 0, Avg: 11.2, Max: 45, Diff: 45, Sum: 45, Workers: 4
[3158.464s][debug][gc,phases      ] GC(159)   StringDedup Table Weak         Min:  0.0, Avg:  0.0, Max:  0.0, Diff:  0.0, Sum:  0.0, Workers: 4
[3158.464s][debug][gc,phases      ] GC(159)     Dead                           Min: 0, Avg:  0.0, Max: 0, Diff: 0, Sum: 0, Workers: 4
[3158.464s][debug][gc,phases      ] GC(159)     Total                          Min: 0, Avg:  0.0, Max: 0, Diff: 0, Sum: 0, Workers: 4
[3158.464s][debug][gc,phases      ] GC(159)   StringDedup Requests0 Weak     Min:  0.0, Avg:  0.0, Max:  0.0, Diff:  0.0, Sum:  0.0, Workers: 4
[3158.464s][debug][gc,phases      ] GC(159)     Dead                           Min: 0, Avg:  0.0, Max: 0, Diff: 0, Sum: 0, Workers: 4
[3158.464s][debug][gc,phases      ] GC(159)     Total                          Min: 0, Avg:  0.0, Max: 0, Diff: 0, Sum: 0, Workers: 4
[3158.464s][debug][gc,phases      ] GC(159)   StringDedup Requests1 Weak     Min:  0.0, Avg:  0.0, Max:  0.0, Diff:  0.0, Sum:  0.0, Workers: 4
[3158.464s][debug][gc,phases      ] GC(159)     Dead                           Min: 0, Avg:  0.0, Max: 0, Diff: 0, Sum: 0, Workers: 4
[3158.464s][debug][gc,phases      ] GC(159)     Total                          Min: 0, Avg:  0.0, Max: 0, Diff: 0, Sum: 0, Workers: 4
[3158.464s][debug][gc,phases      ] GC(159)   Weak JFR Old Object Samples    Min:  0.0, Avg:  0.0, Max:  0.0, Diff:  0.0, Sum:  0.0, Workers: 4
[3158.464s][debug][gc,phases      ] GC(159)     Dead                           Min: 0, Avg:  0.0, Max: 0, Diff: 0, Sum: 0, Workers: 4
[3158.464s][debug][gc,phases      ] GC(159)     Total                          Min: 0, Avg:  0.0, Max: 0, Diff: 0, Sum: 0, Workers: 4
[3158.464s][debug][gc,phases      ] GC(159) Weak Processing 0.427ms
[3158.464s][debug][gc,age         ] GC(159) Desired survivor size 109051904 bytes, new threshold 15 (max threshold 15)
[3158.464s][info ][gc,heap        ] GC(159) PSYoungGen: 1949905K(1988608K)->74097K(1986048K) Eden: 1877504K(1877504K)->0K(1877504K) From: 72401K(111104K)->74097K(108544K)
[3158.464s][info ][gc,heap        ] GC(159) ParOldGen: 579401K(675840K)->579433K(675840K)
[3158.464s][info ][gc,metaspace   ] GC(159) Metaspace: 83258K(84352K)->83258K(84352K) NonClass: 71573K(72192K)->71573K(72192K) Class: 11684K(12160K)->11684K(12160K)
[3158.464s][info ][gc             ] GC(159) Pause Young (Allocation Failure) 2470M->638M(2599M) 22.227ms
[3158.464s][info ][gc,cpu         ] GC(159) User=0.08s Sys=0.00s Real=0.03s
[3158.464s][info ][safepoint      ] Safepoint "ParallelGCFailedAllocation", Time since last: 870502398 ns, Reaching safepoint: 116303 ns, At safepoint: 22312407 ns, Total: 22428710 ns
[3161.464s][info ][safepoint      ] Safepoint "Cleanup", Time since last: 3000223188 ns, Reaching safepoint: 123303 ns, At safepoint: 8000 ns, Total: 131303 ns
[3165.465s][info ][safepoint      ] Safepoint "Cleanup", Time since last: 4000314272 ns, Reaching safepoint: 46701 ns, At safepoint: 3900 ns, Total: 50601 ns
[3166.465s][info ][safepoint      ] Safepoint "Cleanup", Time since last: 1000119687 ns, Reaching safepoint: 52802 ns, At safepoint: 30000 ns, Total: 82802 ns
[3169.465s][info ][safepoint      ] Safepoint "Cleanup", Time since last: 3000269673 ns, Reaching safepoint: 58001 ns, At safepoint: 3700 ns, Total: 61701 ns
[3169.604s][info ][gc,start       ] GC(160) Pause Young (Allocation Failure)
[3169.636s][debug][gc,phases      ] GC(160) Scavenge 31.880ms
[3169.636s][debug][gc,ref         ] GC(160) Skipped phase 1 of Reference Processing: no references
[3169.636s][debug][gc,ref         ] GC(160) ReferenceProcessor::execute queues: 1, RefProcThreadModel::Single, marks_oops_alive: false
[3169.636s][debug][gc,ref         ] GC(160) Skipped phase 3 of Reference Processing: no references
[3169.636s][debug][gc,ref         ] GC(160) ReferenceProcessor::execute queues: 1, RefProcThreadModel::Single, marks_oops_alive: false
[3169.636s][debug][gc,phases      ] GC(160) Reference Processing 0.148ms
[3169.637s][debug][gc,phases      ] GC(160)   VM Weak                        Min:  0.0, Avg:  0.0, Max:  0.0, Diff:  0.0, Sum:  0.0, Workers: 4
[3169.637s][debug][gc,phases      ] GC(160)     Dead                           Min: 0, Avg:  0.0, Max: 0, Diff: 0, Sum: 0, Workers: 4
[3169.637s][debug][gc,phases      ] GC(160)     Total                          Min: 0, Avg: 230.8, Max: 768, Diff: 768, Sum: 923, Workers: 4
[3169.637s][debug][gc,phases      ] GC(160)   ObjectSynchronizer Weak        Min:  0.0, Avg:  0.0, Max:  0.0, Diff:  0.0, Sum:  0.0, Workers: 4
[3169.637s][debug][gc,phases      ] GC(160)     Dead                           Min: 0, Avg:  0.0, Max: 0, Diff: 0, Sum: 0, Workers: 4
[3169.637s][debug][gc,phases      ] GC(160)     Total                          Min: 0, Avg:  8.5, Max: 34, Diff: 34, Sum: 34, Workers: 4
[3169.637s][debug][gc,phases      ] GC(160)   JVMTI Tag Weak OopStorage      Min:  0.0, Avg:  0.0, Max:  0.0, Diff:  0.0, Sum:  0.0, Workers: 4
[3169.637s][debug][gc,phases      ] GC(160)     Dead                           Min: 0, Avg:  0.0, Max: 0, Diff: 0, Sum: 0, Workers: 4
[3169.637s][debug][gc,phases      ] GC(160)     Total                          Min: 0, Avg:  0.0, Max: 0, Diff: 0, Sum: 0, Workers: 4
[3169.637s][debug][gc,phases      ] GC(160)   StringTable Weak               Min:  0.0, Avg:  0.1, Max:  0.1, Diff:  0.1, Sum:  0.4, Workers: 4
[3169.637s][debug][gc,phases      ] GC(160)     Dead                           Min: 0, Avg:  0.0, Max: 0, Diff: 0, Sum: 0, Workers: 4
[3169.637s][debug][gc,phases      ] GC(160)     Total                          Min: 0, Avg: 10879.0, Max: 15168, Diff: 15168, Sum: 43516, Workers: 4
[3169.637s][debug][gc,phases      ] GC(160)   ResolvedMethodTable Weak       Min:  0.0, Avg:  0.0, Max:  0.0, Diff:  0.0, Sum:  0.1, Workers: 4
[3169.637s][debug][gc,phases      ] GC(160)     Dead                           Min: 0, Avg:  0.0, Max: 0, Diff: 0, Sum: 0, Workers: 4
[3169.637s][debug][gc,phases      ] GC(160)     Total                          Min: 0, Avg: 2402.8, Max: 3584, Diff: 3584, Sum: 9611, Workers: 4
[3169.637s][debug][gc,phases      ] GC(160)   JNI Weak                       Min:  0.0, Avg:  0.0, Max:  0.0, Diff:  0.0, Sum:  0.0, Workers: 4
[3169.637s][debug][gc,phases      ] GC(160)     Dead                           Min: 0, Avg:  0.0, Max: 0, Diff: 0, Sum: 0, Workers: 4
[3169.637s][debug][gc,phases      ] GC(160)     Total                          Min: 0, Avg: 11.2, Max: 45, Diff: 45, Sum: 45, Workers: 4
[3169.637s][debug][gc,phases      ] GC(160)   StringDedup Table Weak         Min:  0.0, Avg:  0.0, Max:  0.0, Diff:  0.0, Sum:  0.0, Workers: 4
[3169.637s][debug][gc,phases      ] GC(160)     Dead                           Min: 0, Avg:  0.0, Max: 0, Diff: 0, Sum: 0, Workers: 4
[3169.637s][debug][gc,phases      ] GC(160)     Total                          Min: 0, Avg:  0.0, Max: 0, Diff: 0, Sum: 0, Workers: 4
[3169.637s][debug][gc,phases      ] GC(160)   StringDedup Requests0 Weak     Min:  0.0, Avg:  0.0, Max:  0.0, Diff:  0.0, Sum:  0.0, Workers: 4
[3169.637s][debug][gc,phases      ] GC(160)     Dead                           Min: 0, Avg:  0.0, Max: 0, Diff: 0, Sum: 0, Workers: 4
[3169.637s][debug][gc,phases      ] GC(160)     Total                          Min: 0, Avg:  0.0, Max: 0, Diff: 0, Sum: 0, Workers: 4
[3169.637s][debug][gc,phases      ] GC(160)   StringDedup Requests1 Weak     Min:  0.0, Avg:  0.0, Max:  0.0, Diff:  0.0, Sum:  0.0, Workers: 4
[3169.637s][debug][gc,phases      ] GC(160)     Dead                           Min: 0, Avg:  0.0, Max: 0, Diff: 0, Sum: 0, Workers: 4
[3169.637s][debug][gc,phases      ] GC(160)     Total                          Min: 0, Avg:  0.0, Max: 0, Diff: 0, Sum: 0, Workers: 4
[3169.637s][debug][gc,phases      ] GC(160)   Weak JFR Old Object Samples    Min:  0.0, Avg:  0.0, Max:  0.0, Diff:  0.0, Sum:  0.0, Workers: 4
[3169.637s][debug][gc,phases      ] GC(160)     Dead                           Min: 0, Avg:  0.0, Max: 0, Diff: 0, Sum: 0, Workers: 4
[3169.637s][debug][gc,phases      ] GC(160)     Total                          Min: 0, Avg:  0.0, Max: 0, Diff: 0, Sum: 0, Workers: 4
[3169.637s][debug][gc,phases      ] GC(160) Weak Processing 0.381ms
[3169.637s][debug][gc,age         ] GC(160) Desired survivor size 116916224 bytes, new threshold 15 (max threshold 15)
[3169.637s][info ][gc,heap        ] GC(160) PSYoungGen: 1951601K(1986048K)->99841K(1975296K) Eden: 1877504K(1877504K)->0K(1868800K) From: 74097K(108544K)->99841K(106496K)
[3169.637s][info ][gc,heap        ] GC(160) ParOldGen: 579433K(675840K)->579553K(675840K)
[3169.637s][info ][gc,metaspace   ] GC(160) Metaspace: 83260K(84352K)->83260K(84352K) NonClass: 71576K(72192K)->71576K(72192K) Class: 11684K(12160K)->11684K(12160K)
[3169.637s][info ][gc             ] GC(160) Pause Young (Allocation Failure) 2471M->663M(2589M) 32.563ms
[3169.637s][info ][gc,cpu         ] GC(160) User=0.11s Sys=0.00s Real=0.03s
[3169.637s][info ][safepoint      ] Safepoint "ParallelGCFailedAllocation", Time since last: 138845755 ns, Reaching safepoint: 36201 ns, At safepoint: 32645742 ns, Total: 32681943 ns
[3170.637s][info ][safepoint      ] Safepoint "Cleanup", Time since last: 1000092523 ns, Reaching safepoint: 118203 ns, At safepoint: 6300 ns, Total: 124503 ns
[3172.637s][info ][safepoint      ] Safepoint "Cleanup", Time since last: 2000201248 ns, Reaching safepoint: 111803 ns, At safepoint: 8000 ns, Total: 119803 ns
[3181.638s][info ][safepoint      ] Safepoint "Cleanup", Time since last: 9000677211 ns, Reaching safepoint: 127603 ns, At safepoint: 6500 ns, Total: 134103 ns
[3184.098s][info ][safepoint      ] Safepoint "Cleanup", Time since last: 2459386095 ns, Reaching safepoint: 124703 ns, At safepoint: 5800 ns, Total: 130503 ns
[3185.098s][info ][safepoint      ] Safepoint "Cleanup", Time since last: 1000119552 ns, Reaching safepoint: 103702 ns, At safepoint: 10900 ns, Total: 114602 ns
[3188.098s][info ][safepoint      ] Safepoint "Cleanup", Time since last: 3000281354 ns, Reaching safepoint: 118103 ns, At safepoint: 6400 ns, Total: 124503 ns
[3189.099s][info ][safepoint      ] Safepoint "Cleanup", Time since last: 1000111252 ns, Reaching safepoint: 122503 ns, At safepoint: 6400 ns, Total: 128903 ns
[3189.644s][info ][gc,start       ] GC(161) Pause Young (Allocation Failure)
[3189.672s][debug][gc,phases      ] GC(161) Scavenge 27.887ms
[3189.672s][debug][gc,ref         ] GC(161) Skipped phase 1 of Reference Processing: no references
[3189.672s][debug][gc,ref         ] GC(161) ReferenceProcessor::execute queues: 1, RefProcThreadModel::Single, marks_oops_alive: false
[3189.672s][debug][gc,ref         ] GC(161) Skipped phase 3 of Reference Processing: no references
[3189.672s][debug][gc,ref         ] GC(161) ReferenceProcessor::execute queues: 1, RefProcThreadModel::Single, marks_oops_alive: false
[3189.672s][debug][gc,phases      ] GC(161) Reference Processing 0.111ms
[3189.672s][debug][gc,phases      ] GC(161)   VM Weak                        Min:  0.0, Avg:  0.0, Max:  0.0, Diff:  0.0, Sum:  0.0, Workers: 4
[3189.672s][debug][gc,phases      ] GC(161)     Dead                           Min: 0, Avg:  0.0, Max: 0, Diff: 0, Sum: 0, Workers: 4
[3189.672s][debug][gc,phases      ] GC(161)     Total                          Min: 0, Avg: 230.8, Max: 731, Diff: 731, Sum: 923, Workers: 4
[3189.672s][debug][gc,phases      ] GC(161)   ObjectSynchronizer Weak        Min:  0.0, Avg:  0.0, Max:  0.0, Diff:  0.0, Sum:  0.0, Workers: 4
[3189.672s][debug][gc,phases      ] GC(161)     Dead                           Min: 0, Avg:  0.0, Max: 0, Diff: 0, Sum: 0, Workers: 4
[3189.672s][debug][gc,phases      ] GC(161)     Total                          Min: 0, Avg:  8.5, Max: 34, Diff: 34, Sum: 34, Workers: 4
[3189.672s][debug][gc,phases      ] GC(161)   JVMTI Tag Weak OopStorage      Min:  0.0, Avg:  0.0, Max:  0.0, Diff:  0.0, Sum:  0.0, Workers: 4
[3189.672s][debug][gc,phases      ] GC(161)     Dead                           Min: 0, Avg:  0.0, Max: 0, Diff: 0, Sum: 0, Workers: 4
[3189.672s][debug][gc,phases      ] GC(161)     Total                          Min: 0, Avg:  0.0, Max: 0, Diff: 0, Sum: 0, Workers: 4
[3189.672s][debug][gc,phases      ] GC(161)   StringTable Weak               Min:  0.0, Avg:  0.1, Max:  0.2, Diff:  0.2, Sum:  0.4, Workers: 4
[3189.672s][debug][gc,phases      ] GC(161)     Dead                           Min: 0, Avg:  0.0, Max: 0, Diff: 0, Sum: 0, Workers: 4
[3189.672s][debug][gc,phases      ] GC(161)     Total                          Min: 0, Avg: 10879.8, Max: 22912, Diff: 22912, Sum: 43519, Workers: 4
[3189.672s][debug][gc,phases      ] GC(161)   ResolvedMethodTable Weak       Min:  0.0, Avg:  0.0, Max:  0.0, Diff:  0.0, Sum:  0.1, Workers: 4
[3189.672s][debug][gc,phases      ] GC(161)     Dead                           Min: 0, Avg:  0.0, Max: 0, Diff: 0, Sum: 0, Workers: 4
[3189.672s][debug][gc,phases      ] GC(161)     Total                          Min: 0, Avg: 2402.8, Max: 4992, Diff: 4992, Sum: 9611, Workers: 4
[3189.672s][debug][gc,phases      ] GC(161)   JNI Weak                       Min:  0.0, Avg:  0.0, Max:  0.0, Diff:  0.0, Sum:  0.0, Workers: 4
[3189.672s][debug][gc,phases      ] GC(161)     Dead                           Min: 0, Avg:  0.0, Max: 0, Diff: 0, Sum: 0, Workers: 4
[3189.672s][debug][gc,phases      ] GC(161)     Total                          Min: 0, Avg: 11.2, Max: 45, Diff: 45, Sum: 45, Workers: 4
[3189.672s][debug][gc,phases      ] GC(161)   StringDedup Table Weak         Min:  0.0, Avg:  0.0, Max:  0.0, Diff:  0.0, Sum:  0.0, Workers: 4
[3189.672s][debug][gc,phases      ] GC(161)     Dead                           Min: 0, Avg:  0.0, Max: 0, Diff: 0, Sum: 0, Workers: 4
[3189.672s][debug][gc,phases      ] GC(161)     Total                          Min: 0, Avg:  0.0, Max: 0, Diff: 0, Sum: 0, Workers: 4
[3189.672s][debug][gc,phases      ] GC(161)   StringDedup Requests0 Weak     Min:  0.0, Avg:  0.0, Max:  0.0, Diff:  0.0, Sum:  0.0, Workers: 4
[3189.672s][debug][gc,phases      ] GC(161)     Dead                           Min: 0, Avg:  0.0, Max: 0, Diff: 0, Sum: 0, Workers: 4
[3189.672s][debug][gc,phases      ] GC(161)     Total                          Min: 0, Avg:  0.0, Max: 0, Diff: 0, Sum: 0, Workers: 4
[3189.672s][debug][gc,phases      ] GC(161)   StringDedup Requests1 Weak     Min:  0.0, Avg:  0.0, Max:  0.0, Diff:  0.0, Sum:  0.0, Workers: 4
[3189.672s][debug][gc,phases      ] GC(161)     Dead                           Min: 0, Avg:  0.0, Max: 0, Diff: 0, Sum: 0, Workers: 4
[3189.672s][debug][gc,phases      ] GC(161)     Total                          Min: 0, Avg:  0.0, Max: 0, Diff: 0, Sum: 0, Workers: 4
[3189.672s][debug][gc,phases      ] GC(161)   Weak JFR Old Object Samples    Min:  0.0, Avg:  0.0, Max:  0.0, Diff:  0.0, Sum:  0.0, Workers: 4
[3189.672s][debug][gc,phases      ] GC(161)     Dead                           Min: 0, Avg:  0.0, Max: 0, Diff: 0, Sum: 0, Workers: 4
[3189.672s][debug][gc,phases      ] GC(161)     Total                          Min: 0, Avg:  0.0, Max: 0, Diff: 0, Sum: 0, Workers: 4
[3189.672s][debug][gc,phases      ] GC(161) Weak Processing 0.458ms
[3189.672s][debug][gc,age         ] GC(161) Desired survivor size 123731968 bytes, new threshold 15 (max threshold 15)
[3189.672s][info ][gc,heap        ] GC(161) PSYoungGen: 1968641K(1975296K)->100792K(1969664K) Eden: 1868800K(1868800K)->0K(1868800K) From: 99841K(106496K)->100792K(100864K)
[3189.672s][info ][gc,heap        ] GC(161) ParOldGen: 579553K(675840K)->579649K(675840K)
[3189.672s][info ][gc,metaspace   ] GC(161) Metaspace: 83267K(84352K)->83267K(84352K) NonClass: 71583K(72192K)->71583K(72192K) Class: 11684K(12160K)->11684K(12160K)
[3189.672s][info ][gc             ] GC(161) Pause Young (Allocation Failure) 2488M->664M(2583M) 28.602ms
[3189.673s][info ][gc,cpu         ] GC(161) User=0.10s Sys=0.00s Real=0.03s
[3189.673s][info ][safepoint      ] Safepoint "ParallelGCFailedAllocation", Time since last: 545077136 ns, Reaching safepoint: 125903 ns, At safepoint: 28680944 ns, Total: 28806847 ns
[3195.673s][info ][safepoint      ] Safepoint "Cleanup", Time since last: 6000428232 ns, Reaching safepoint: 59001 ns, At safepoint: 2900 ns, Total: 61901 ns
[3197.673s][info ][safepoint      ] Safepoint "Cleanup", Time since last: 2000201377 ns, Reaching safepoint: 56201 ns, At safepoint: 35201 ns, Total: 91402 ns
[3200.674s][info ][safepoint      ] Safepoint "Cleanup", Time since last: 3000246957 ns, Reaching safepoint: 50401 ns, At safepoint: 3400 ns, Total: 53801 ns
[3202.674s][info ][safepoint      ] Safepoint "Cleanup", Time since last: 2000226797 ns, Reaching safepoint: 51201 ns, At safepoint: 3500 ns, Total: 54701 ns
[3207.942s][info ][gc,start       ] GC(162) Pause Young (Allocation Failure)
[3207.992s][debug][gc,phases      ] GC(162) Scavenge 49.281ms
[3207.992s][debug][gc,ref         ] GC(162) Skipped phase 1 of Reference Processing: no references
[3207.992s][debug][gc,ref         ] GC(162) ReferenceProcessor::execute queues: 1, RefProcThreadModel::Single, marks_oops_alive: false
[3207.992s][debug][gc,ref         ] GC(162) Skipped phase 3 of Reference Processing: no references
[3207.992s][debug][gc,ref         ] GC(162) ReferenceProcessor::execute queues: 1, RefProcThreadModel::Single, marks_oops_alive: false
[3207.992s][debug][gc,phases      ] GC(162) Reference Processing 0.145ms
[3207.992s][debug][gc,phases      ] GC(162)   VM Weak                        Min:  0.0, Avg:  0.0, Max:  0.0, Diff:  0.0, Sum:  0.0, Workers: 4
[3207.992s][debug][gc,phases      ] GC(162)     Dead                           Min: 0, Avg:  0.0, Max: 0, Diff: 0, Sum: 0, Workers: 4
[3207.992s][debug][gc,phases      ] GC(162)     Total                          Min: 0, Avg: 230.8, Max: 576, Diff: 576, Sum: 923, Workers: 4
[3207.992s][debug][gc,phases      ] GC(162)   ObjectSynchronizer Weak        Min:  0.0, Avg:  0.0, Max:  0.0, Diff:  0.0, Sum:  0.0, Workers: 4
[3207.992s][debug][gc,phases      ] GC(162)     Dead                           Min: 0, Avg:  0.0, Max: 0, Diff: 0, Sum: 0, Workers: 4
[3207.992s][debug][gc,phases      ] GC(162)     Total                          Min: 0, Avg:  8.5, Max: 34, Diff: 34, Sum: 34, Workers: 4
[3207.992s][debug][gc,phases      ] GC(162)   JVMTI Tag Weak OopStorage      Min:  0.0, Avg:  0.0, Max:  0.0, Diff:  0.0, Sum:  0.0, Workers: 4
[3207.992s][debug][gc,phases      ] GC(162)     Dead                           Min: 0, Avg:  0.0, Max: 0, Diff: 0, Sum: 0, Workers: 4
[3207.992s][debug][gc,phases      ] GC(162)     Total                          Min: 0, Avg:  0.0, Max: 0, Diff: 0, Sum: 0, Workers: 4
[3207.992s][debug][gc,phases      ] GC(162)   StringTable Weak               Min:  0.0, Avg:  0.2, Max:  0.4, Diff:  0.4, Sum:  0.8, Workers: 4
[3207.992s][debug][gc,phases      ] GC(162)     Dead                           Min: 0, Avg:  0.0, Max: 0, Diff: 0, Sum: 0, Workers: 4
[3207.992s][debug][gc,phases      ] GC(162)     Total                          Min: 0, Avg: 10879.8, Max: 31231, Diff: 31231, Sum: 43519, Workers: 4
[3207.992s][debug][gc,phases      ] GC(162)   ResolvedMethodTable Weak       Min:  0.0, Avg:  0.0, Max:  0.0, Diff:  0.0, Sum:  0.1, Workers: 4
[3207.992s][debug][gc,phases      ] GC(162)     Dead                           Min: 0, Avg:  0.0, Max: 0, Diff: 0, Sum: 0, Workers: 4
[3207.993s][debug][gc,phases      ] GC(162)     Total                          Min: 0, Avg: 2402.8, Max: 5003, Diff: 5003, Sum: 9611, Workers: 4
[3207.993s][debug][gc,phases      ] GC(162)   JNI Weak                       Min:  0.0, Avg:  0.0, Max:  0.0, Diff:  0.0, Sum:  0.0, Workers: 4
[3207.993s][debug][gc,phases      ] GC(162)     Dead                           Min: 0, Avg:  0.0, Max: 0, Diff: 0, Sum: 0, Workers: 4
[3207.993s][debug][gc,phases      ] GC(162)     Total                          Min: 0, Avg: 11.2, Max: 45, Diff: 45, Sum: 45, Workers: 4
[3207.993s][debug][gc,phases      ] GC(162)   StringDedup Table Weak         Min:  0.0, Avg:  0.0, Max:  0.0, Diff:  0.0, Sum:  0.0, Workers: 4
[3207.993s][debug][gc,phases      ] GC(162)     Dead                           Min: 0, Avg:  0.0, Max: 0, Diff: 0, Sum: 0, Workers: 4
[3207.993s][debug][gc,phases      ] GC(162)     Total                          Min: 0, Avg:  0.0, Max: 0, Diff: 0, Sum: 0, Workers: 4
[3207.993s][debug][gc,phases      ] GC(162)   StringDedup Requests0 Weak     Min:  0.0, Avg:  0.0, Max:  0.0, Diff:  0.0, Sum:  0.0, Workers: 4
[3207.993s][debug][gc,phases      ] GC(162)     Dead                           Min: 0, Avg:  0.0, Max: 0, Diff: 0, Sum: 0, Workers: 4
[3207.993s][debug][gc,phases      ] GC(162)     Total                          Min: 0, Avg:  0.0, Max: 0, Diff: 0, Sum: 0, Workers: 4
[3207.993s][debug][gc,phases      ] GC(162)   StringDedup Requests1 Weak     Min:  0.0, Avg:  0.0, Max:  0.0, Diff:  0.0, Sum:  0.0, Workers: 4
[3207.993s][debug][gc,phases      ] GC(162)     Dead                           Min: 0, Avg:  0.0, Max: 0, Diff: 0, Sum: 0, Workers: 4
[3207.993s][debug][gc,phases      ] GC(162)     Total                          Min: 0, Avg:  0.0, Max: 0, Diff: 0, Sum: 0, Workers: 4
[3207.993s][debug][gc,phases      ] GC(162)   Weak JFR Old Object Samples    Min:  0.0, Avg:  0.0, Max:  0.0, Diff:  0.0, Sum:  0.0, Workers: 4
[3207.993s][debug][gc,phases      ] GC(162)     Dead                           Min: 0, Avg:  0.0, Max: 0, Diff: 0, Sum: 0, Workers: 4
[3207.993s][debug][gc,phases      ] GC(162)     Total                          Min: 0, Avg:  0.0, Max: 0, Diff: 0, Sum: 0, Workers: 4
[3207.993s][debug][gc,phases      ] GC(162) Weak Processing 0.624ms
[3207.993s][debug][gc,age         ] GC(162) Desired survivor size 127926272 bytes, new threshold 15 (max threshold 15)
[3207.993s][info ][gc,heap        ] GC(162) PSYoungGen: 1969592K(1969664K)->98881K(1968128K) Eden: 1868800K(1868800K)->0K(1847296K) From: 100792K(100864K)->98881K(120832K)
[3207.993s][info ][gc,heap        ] GC(162) ParOldGen: 579649K(675840K)->579737K(675840K)
[3207.993s][info ][gc,metaspace   ] GC(162) Metaspace: 83274K(84352K)->83274K(84352K) NonClass: 71589K(72192K)->71589K(72192K) Class: 11684K(12160K)->11684K(12160K)
[3207.993s][info ][gc             ] GC(162) Pause Young (Allocation Failure) 2489M->662M(2582M) 50.226ms
[3207.993s][info ][gc,cpu         ] GC(162) User=0.11s Sys=0.00s Real=0.06s
[3207.993s][info ][safepoint      ] Safepoint "ParallelGCFailedAllocation", Time since last: 5268397400 ns, Reaching safepoint: 119702 ns, At safepoint: 50324441 ns, Total: 50444143 ns
[3220.994s][info ][safepoint      ] Safepoint "Cleanup", Time since last: 13000971261 ns, Reaching safepoint: 110903 ns, At safepoint: 5400 ns, Total: 116303 ns
[3226.091s][info ][gc,start       ] GC(163) Pause Young (Allocation Failure)
[3226.119s][debug][gc,phases      ] GC(163) Scavenge 28.465ms
[3226.119s][debug][gc,ref         ] GC(163) Skipped phase 1 of Reference Processing: no references
[3226.119s][debug][gc,ref         ] GC(163) ReferenceProcessor::execute queues: 1, RefProcThreadModel::Single, marks_oops_alive: false
[3226.119s][debug][gc,ref         ] GC(163) Skipped phase 3 of Reference Processing: no references
[3226.119s][debug][gc,ref         ] GC(163) ReferenceProcessor::execute queues: 1, RefProcThreadModel::Single, marks_oops_alive: false
[3226.119s][debug][gc,phases      ] GC(163) Reference Processing 0.115ms
[3226.120s][debug][gc,phases      ] GC(163)   VM Weak                        Min:  0.0, Avg:  0.0, Max:  0.0, Diff:  0.0, Sum:  0.0, Workers: 4
[3226.120s][debug][gc,phases      ] GC(163)     Dead                           Min: 0, Avg:  0.0, Max: 0, Diff: 0, Sum: 0, Workers: 4
[3226.120s][debug][gc,phases      ] GC(163)     Total                          Min: 0, Avg: 230.8, Max: 475, Diff: 475, Sum: 923, Workers: 4
[3226.120s][debug][gc,phases      ] GC(163)   ObjectSynchronizer Weak        Min:  0.0, Avg:  0.0, Max:  0.0, Diff:  0.0, Sum:  0.0, Workers: 4
[3226.120s][debug][gc,phases      ] GC(163)     Dead                           Min: 0, Avg:  0.0, Max: 0, Diff: 0, Sum: 0, Workers: 4
[3226.120s][debug][gc,phases      ] GC(163)     Total                          Min: 0, Avg:  8.5, Max: 34, Diff: 34, Sum: 34, Workers: 4
[3226.120s][debug][gc,phases      ] GC(163)   JVMTI Tag Weak OopStorage      Min:  0.0, Avg:  0.0, Max:  0.0, Diff:  0.0, Sum:  0.0, Workers: 4
[3226.120s][debug][gc,phases      ] GC(163)     Dead                           Min: 0, Avg:  0.0, Max: 0, Diff: 0, Sum: 0, Workers: 4
[3226.120s][debug][gc,phases      ] GC(163)     Total                          Min: 0, Avg:  0.0, Max: 0, Diff: 0, Sum: 0, Workers: 4
[3226.120s][debug][gc,phases      ] GC(163)   StringTable Weak               Min:  0.0, Avg:  0.1, Max:  0.1, Diff:  0.1, Sum:  0.4, Workers: 4
[3226.120s][debug][gc,phases      ] GC(163)     Dead                           Min: 0, Avg:  0.0, Max: 0, Diff: 0, Sum: 0, Workers: 4
[3226.120s][debug][gc,phases      ] GC(163)     Total                          Min: 0, Avg: 10880.0, Max: 15232, Diff: 15232, Sum: 43520, Workers: 4
[3226.120s][debug][gc,phases      ] GC(163)   ResolvedMethodTable Weak       Min:  0.0, Avg:  0.0, Max:  0.0, Diff:  0.0, Sum:  0.1, Workers: 4
[3226.120s][debug][gc,phases      ] GC(163)     Dead                           Min: 0, Avg:  0.0, Max: 0, Diff: 0, Sum: 0, Workers: 4
[3226.120s][debug][gc,phases      ] GC(163)     Total                          Min: 0, Avg: 2402.8, Max: 3648, Diff: 3648, Sum: 9611, Workers: 4
[3226.120s][debug][gc,phases      ] GC(163)   JNI Weak                       Min:  0.0, Avg:  0.0, Max:  0.0, Diff:  0.0, Sum:  0.0, Workers: 4
[3226.120s][debug][gc,phases      ] GC(163)     Dead                           Min: 0, Avg:  0.0, Max: 0, Diff: 0, Sum: 0, Workers: 4
[3226.120s][debug][gc,phases      ] GC(163)     Total                          Min: 0, Avg: 11.2, Max: 45, Diff: 45, Sum: 45, Workers: 4
[3226.120s][debug][gc,phases      ] GC(163)   StringDedup Table Weak         Min:  0.0, Avg:  0.0, Max:  0.0, Diff:  0.0, Sum:  0.0, Workers: 4
[3226.120s][debug][gc,phases      ] GC(163)     Dead                           Min: 0, Avg:  0.0, Max: 0, Diff: 0, Sum: 0, Workers: 4
[3226.120s][debug][gc,phases      ] GC(163)     Total                          Min: 0, Avg:  0.0, Max: 0, Diff: 0, Sum: 0, Workers: 4
[3226.120s][debug][gc,phases      ] GC(163)   StringDedup Requests0 Weak     Min:  0.0, Avg:  0.0, Max:  0.0, Diff:  0.0, Sum:  0.0, Workers: 4
[3226.120s][debug][gc,phases      ] GC(163)     Dead                           Min: 0, Avg:  0.0, Max: 0, Diff: 0, Sum: 0, Workers: 4
[3226.120s][debug][gc,phases      ] GC(163)     Total                          Min: 0, Avg:  0.0, Max: 0, Diff: 0, Sum: 0, Workers: 4
[3226.120s][debug][gc,phases      ] GC(163)   StringDedup Requests1 Weak     Min:  0.0, Avg:  0.0, Max:  0.0, Diff:  0.0, Sum:  0.0, Workers: 4
[3226.120s][debug][gc,phases      ] GC(163)     Dead                           Min: 0, Avg:  0.0, Max: 0, Diff: 0, Sum: 0, Workers: 4
[3226.120s][debug][gc,phases      ] GC(163)     Total                          Min: 0, Avg:  0.0, Max: 0, Diff: 0, Sum: 0, Workers: 4
[3226.120s][debug][gc,phases      ] GC(163)   Weak JFR Old Object Samples    Min:  0.0, Avg:  0.0, Max:  0.0, Diff:  0.0, Sum:  0.0, Workers: 4
[3226.120s][debug][gc,phases      ] GC(163)     Dead                           Min: 0, Avg:  0.0, Max: 0, Diff: 0, Sum: 0, Workers: 4
[3226.120s][debug][gc,phases      ] GC(163)     Total                          Min: 0, Avg:  0.0, Max: 0, Diff: 0, Sum: 0, Workers: 4
[3226.120s][debug][gc,phases      ] GC(163) Weak Processing 0.395ms
[3226.120s][debug][gc,age         ] GC(163) Desired survivor size 124256256 bytes, new threshold 15 (max threshold 15)
[3226.120s][info ][gc,heap        ] GC(163) PSYoungGen: 1946177K(1968128K)->80569K(1972224K) Eden: 1847296K(1847296K)->0K(1847296K) From: 98881K(120832K)->80569K(124928K)
[3226.120s][info ][gc,heap        ] GC(163) ParOldGen: 579737K(675840K)->592521K(675840K)
[3226.120s][info ][gc,metaspace   ] GC(163) Metaspace: 83274K(84352K)->83274K(84352K) NonClass: 71589K(72192K)->71589K(72192K) Class: 11684K(12160K)->11684K(12160K)
[3226.120s][info ][gc             ] GC(163) Pause Young (Allocation Failure) 2466M->657M(2586M) 29.151ms
[3226.120s][info ][gc,cpu         ] GC(163) User=0.10s Sys=0.00s Real=0.03s
[3226.120s][info ][safepoint      ] Safepoint "ParallelGCFailedAllocation", Time since last: 5096623085 ns, Reaching safepoint: 118003 ns, At safepoint: 29251162 ns, Total: 29369165 ns
[3227.120s][info ][safepoint      ] Safepoint "Cleanup", Time since last: 1000077638 ns, Reaching safepoint: 57501 ns, At safepoint: 3500 ns, Total: 61001 ns
[3229.120s][info ][safepoint      ] Safepoint "Cleanup", Time since last: 2000200977 ns, Reaching safepoint: 87502 ns, At safepoint: 3100 ns, Total: 90602 ns
[3230.120s][info ][safepoint      ] Safepoint "Cleanup", Time since last: 1000117039 ns, Reaching safepoint: 53002 ns, At safepoint: 4200 ns, Total: 57202 ns
[3235.121s][info ][safepoint      ] Safepoint "Cleanup", Time since last: 5000407908 ns, Reaching safepoint: 73001 ns, At safepoint: 3501 ns, Total: 76502 ns
[3242.121s][info ][safepoint      ] Safepoint "Cleanup", Time since last: 7000519123 ns, Reaching safepoint: 49901 ns, At safepoint: 3500 ns, Total: 53401 ns
[3245.813s][info ][gc,start       ] GC(164) Pause Young (Allocation Failure)
[3245.844s][debug][gc,phases      ] GC(164) Scavenge 31.450ms
[3245.844s][debug][gc,ref         ] GC(164) Skipped phase 1 of Reference Processing: no references
[3245.844s][debug][gc,ref         ] GC(164) ReferenceProcessor::execute queues: 1, RefProcThreadModel::Single, marks_oops_alive: false
[3245.844s][debug][gc,ref         ] GC(164) Skipped phase 3 of Reference Processing: no references
[3245.844s][debug][gc,ref         ] GC(164) ReferenceProcessor::execute queues: 1, RefProcThreadModel::Single, marks_oops_alive: false
[3245.844s][debug][gc,phases      ] GC(164) Reference Processing 0.152ms
[3245.845s][debug][gc,phases      ] GC(164)   VM Weak                        Min:  0.0, Avg:  0.0, Max:  0.0, Diff:  0.0, Sum:  0.0, Workers: 4
[3245.845s][debug][gc,phases      ] GC(164)     Dead                           Min: 0, Avg:  0.0, Max: 0, Diff: 0, Sum: 0, Workers: 4
[3245.845s][debug][gc,phases      ] GC(164)     Total                          Min: 0, Avg: 230.8, Max: 448, Diff: 448, Sum: 923, Workers: 4
[3245.845s][debug][gc,phases      ] GC(164)   ObjectSynchronizer Weak        Min:  0.0, Avg:  0.0, Max:  0.0, Diff:  0.0, Sum:  0.0, Workers: 4
[3245.845s][debug][gc,phases      ] GC(164)     Dead                           Min: 0, Avg:  0.0, Max: 0, Diff: 0, Sum: 0, Workers: 4
[3245.845s][debug][gc,phases      ] GC(164)     Total                          Min: 0, Avg:  8.5, Max: 34, Diff: 34, Sum: 34, Workers: 4
[3245.845s][debug][gc,phases      ] GC(164)   JVMTI Tag Weak OopStorage      Min:  0.0, Avg:  0.0, Max:  0.0, Diff:  0.0, Sum:  0.0, Workers: 4
[3245.845s][debug][gc,phases      ] GC(164)     Dead                           Min: 0, Avg:  0.0, Max: 0, Diff: 0, Sum: 0, Workers: 4
[3245.845s][debug][gc,phases      ] GC(164)     Total                          Min: 0, Avg:  0.0, Max: 0, Diff: 0, Sum: 0, Workers: 4
[3245.845s][debug][gc,phases      ] GC(164)   StringTable Weak               Min:  0.0, Avg:  0.1, Max:  0.1, Diff:  0.1, Sum:  0.4, Workers: 4
[3245.845s][debug][gc,phases      ] GC(164)     Dead                           Min: 0, Avg:  0.0, Max: 0, Diff: 0, Sum: 0, Workers: 4
[3245.845s][debug][gc,phases      ] GC(164)     Total                          Min: 0, Avg: 10880.0, Max: 14848, Diff: 14848, Sum: 43520, Workers: 4
[3245.845s][debug][gc,phases      ] GC(164)   ResolvedMethodTable Weak       Min:  0.0, Avg:  0.1, Max:  0.1, Diff:  0.1, Sum:  0.2, Workers: 4
[3245.845s][debug][gc,phases      ] GC(164)     Dead                           Min: 0, Avg:  0.0, Max: 0, Diff: 0, Sum: 0, Workers: 4
[3245.845s][debug][gc,phases      ] GC(164)     Total                          Min: 0, Avg: 2402.8, Max: 4427, Diff: 4427, Sum: 9611, Workers: 4
[3245.845s][debug][gc,phases      ] GC(164)   JNI Weak                       Min:  0.0, Avg:  0.0, Max:  0.0, Diff:  0.0, Sum:  0.0, Workers: 4
[3245.845s][debug][gc,phases      ] GC(164)     Dead                           Min: 0, Avg:  0.0, Max: 0, Diff: 0, Sum: 0, Workers: 4
[3245.845s][debug][gc,phases      ] GC(164)     Total                          Min: 0, Avg: 11.2, Max: 45, Diff: 45, Sum: 45, Workers: 4
[3245.845s][debug][gc,phases      ] GC(164)   StringDedup Table Weak         Min:  0.0, Avg:  0.0, Max:  0.0, Diff:  0.0, Sum:  0.0, Workers: 4
[3245.845s][debug][gc,phases      ] GC(164)     Dead                           Min: 0, Avg:  0.0, Max: 0, Diff: 0, Sum: 0, Workers: 4
[3245.845s][debug][gc,phases      ] GC(164)     Total                          Min: 0, Avg:  0.0, Max: 0, Diff: 0, Sum: 0, Workers: 4
[3245.845s][debug][gc,phases      ] GC(164)   StringDedup Requests0 Weak     Min:  0.0, Avg:  0.0, Max:  0.0, Diff:  0.0, Sum:  0.0, Workers: 4
[3245.845s][debug][gc,phases      ] GC(164)     Dead                           Min: 0, Avg:  0.0, Max: 0, Diff: 0, Sum: 0, Workers: 4
[3245.845s][debug][gc,phases      ] GC(164)     Total                          Min: 0, Avg:  0.0, Max: 0, Diff: 0, Sum: 0, Workers: 4
[3245.845s][debug][gc,phases      ] GC(164)   StringDedup Requests1 Weak     Min:  0.0, Avg:  0.0, Max:  0.0, Diff:  0.0, Sum:  0.0, Workers: 4
[3245.845s][debug][gc,phases      ] GC(164)     Dead                           Min: 0, Avg:  0.0, Max: 0, Diff: 0, Sum: 0, Workers: 4
[3245.845s][debug][gc,phases      ] GC(164)     Total                          Min: 0, Avg:  0.0, Max: 0, Diff: 0, Sum: 0, Workers: 4
[3245.845s][debug][gc,phases      ] GC(164)   Weak JFR Old Object Samples    Min:  0.0, Avg:  0.0, Max:  0.0, Diff:  0.0, Sum:  0.0, Workers: 4
[3245.845s][debug][gc,phases      ] GC(164)     Dead                           Min: 0, Avg:  0.0, Max: 0, Diff: 0, Sum: 0, Workers: 4
[3245.845s][debug][gc,phases      ] GC(164)     Total                          Min: 0, Avg:  0.0, Max: 0, Diff: 0, Sum: 0, Workers: 4
[3245.845s][debug][gc,phases      ] GC(164) Weak Processing 0.519ms
[3245.845s][debug][gc,age         ] GC(164) Desired survivor size 121110528 bytes, new threshold 15 (max threshold 15)
[3245.845s][info ][gc,heap        ] GC(164) PSYoungGen: 1927865K(1972224K)->80057K(1978880K) Eden: 1847296K(1847296K)->0K(1857536K) From: 80569K(124928K)->80057K(121344K)
[3245.845s][info ][gc,heap        ] GC(164) ParOldGen: 592521K(675840K)->592741K(675840K)
[3245.845s][info ][gc,metaspace   ] GC(164) Metaspace: 83283K(84352K)->83283K(84352K) NonClass: 71598K(72192K)->71598K(72192K) Class: 11684K(12160K)->11684K(12160K)
[3245.845s][info ][gc             ] GC(164) Pause Young (Allocation Failure) 2461M->657M(2592M) 32.292ms
[3245.845s][info ][gc,cpu         ] GC(164) User=0.09s Sys=0.00s Real=0.03s
[3245.845s][info ][safepoint      ] Safepoint "ParallelGCFailedAllocation", Time since last: 3691227524 ns, Reaching safepoint: 34900 ns, At safepoint: 32383026 ns, Total: 32417926 ns
[3246.845s][info ][safepoint      ] Safepoint "Cleanup", Time since last: 1000096421 ns, Reaching safepoint: 122003 ns, At safepoint: 5400 ns, Total: 127403 ns
[3260.847s][info ][safepoint      ] Safepoint "Cleanup", Time since last: 14001148446 ns, Reaching safepoint: 117502 ns, At safepoint: 5500 ns, Total: 123002 ns
[3263.847s][info ][safepoint      ] Safepoint "Cleanup", Time since last: 3000268505 ns, Reaching safepoint: 128103 ns, At safepoint: 5800 ns, Total: 133903 ns
[3263.955s][info ][gc,start       ] GC(165) Pause Young (Allocation Failure)
[3263.983s][debug][gc,phases      ] GC(165) Scavenge 27.954ms
[3263.983s][debug][gc,ref         ] GC(165) Skipped phase 1 of Reference Processing: no references
[3263.983s][debug][gc,ref         ] GC(165) ReferenceProcessor::execute queues: 1, RefProcThreadModel::Single, marks_oops_alive: false
[3263.983s][debug][gc,ref         ] GC(165) Skipped phase 3 of Reference Processing: no references
[3263.983s][debug][gc,ref         ] GC(165) ReferenceProcessor::execute queues: 1, RefProcThreadModel::Single, marks_oops_alive: false
[3263.983s][debug][gc,phases      ] GC(165) Reference Processing 0.163ms
[3263.984s][debug][gc,phases      ] GC(165)   VM Weak                        Min:  0.0, Avg:  0.0, Max:  0.0, Diff:  0.0, Sum:  0.0, Workers: 4
[3263.984s][debug][gc,phases      ] GC(165)     Dead                           Min: 0, Avg:  0.0, Max: 0, Diff: 0, Sum: 0, Workers: 4
[3263.984s][debug][gc,phases      ] GC(165)     Total                          Min: 0, Avg: 230.8, Max: 512, Diff: 512, Sum: 923, Workers: 4
[3263.984s][debug][gc,phases      ] GC(165)   ObjectSynchronizer Weak        Min:  0.0, Avg:  0.0, Max:  0.0, Diff:  0.0, Sum:  0.0, Workers: 4
[3263.984s][debug][gc,phases      ] GC(165)     Dead                           Min: 0, Avg:  0.0, Max: 0, Diff: 0, Sum: 0, Workers: 4
[3263.984s][debug][gc,phases      ] GC(165)     Total                          Min: 0, Avg:  8.5, Max: 34, Diff: 34, Sum: 34, Workers: 4
[3263.984s][debug][gc,phases      ] GC(165)   JVMTI Tag Weak OopStorage      Min:  0.0, Avg:  0.0, Max:  0.0, Diff:  0.0, Sum:  0.0, Workers: 4
[3263.984s][debug][gc,phases      ] GC(165)     Dead                           Min: 0, Avg:  0.0, Max: 0, Diff: 0, Sum: 0, Workers: 4
[3263.984s][debug][gc,phases      ] GC(165)     Total                          Min: 0, Avg:  0.0, Max: 0, Diff: 0, Sum: 0, Workers: 4
[3263.984s][debug][gc,phases      ] GC(165)   StringTable Weak               Min:  0.0, Avg:  0.1, Max:  0.1, Diff:  0.1, Sum:  0.4, Workers: 4
[3263.984s][debug][gc,phases      ] GC(165)     Dead                           Min: 0, Avg:  0.0, Max: 0, Diff: 0, Sum: 0, Workers: 4
[3263.984s][debug][gc,phases      ] GC(165)     Total                          Min: 0, Avg: 10880.0, Max: 14976, Diff: 14976, Sum: 43520, Workers: 4
[3263.984s][debug][gc,phases      ] GC(165)   ResolvedMethodTable Weak       Min:  0.0, Avg:  0.0, Max:  0.0, Diff:  0.0, Sum:  0.1, Workers: 4
[3263.984s][debug][gc,phases      ] GC(165)     Dead                           Min: 0, Avg:  0.0, Max: 0, Diff: 0, Sum: 0, Workers: 4
[3263.984s][debug][gc,phases      ] GC(165)     Total                          Min: 0, Avg: 2402.8, Max: 3456, Diff: 3456, Sum: 9611, Workers: 4
[3263.984s][debug][gc,phases      ] GC(165)   JNI Weak                       Min:  0.0, Avg:  0.0, Max:  0.0, Diff:  0.0, Sum:  0.0, Workers: 4
[3263.984s][debug][gc,phases      ] GC(165)     Dead                           Min: 0, Avg:  0.0, Max: 0, Diff: 0, Sum: 0, Workers: 4
[3263.984s][debug][gc,phases      ] GC(165)     Total                          Min: 0, Avg: 11.5, Max: 46, Diff: 46, Sum: 46, Workers: 4
[3263.984s][debug][gc,phases      ] GC(165)   StringDedup Table Weak         Min:  0.0, Avg:  0.0, Max:  0.0, Diff:  0.0, Sum:  0.0, Workers: 4
[3263.984s][debug][gc,phases      ] GC(165)     Dead                           Min: 0, Avg:  0.0, Max: 0, Diff: 0, Sum: 0, Workers: 4
[3263.984s][debug][gc,phases      ] GC(165)     Total                          Min: 0, Avg:  0.0, Max: 0, Diff: 0, Sum: 0, Workers: 4
[3263.984s][debug][gc,phases      ] GC(165)   StringDedup Requests0 Weak     Min:  0.0, Avg:  0.0, Max:  0.0, Diff:  0.0, Sum:  0.0, Workers: 4
[3263.984s][debug][gc,phases      ] GC(165)     Dead                           Min: 0, Avg:  0.0, Max: 0, Diff: 0, Sum: 0, Workers: 4
[3263.984s][debug][gc,phases      ] GC(165)     Total                          Min: 0, Avg:  0.0, Max: 0, Diff: 0, Sum: 0, Workers: 4
[3263.984s][debug][gc,phases      ] GC(165)   StringDedup Requests1 Weak     Min:  0.0, Avg:  0.0, Max:  0.0, Diff:  0.0, Sum:  0.0, Workers: 4
[3263.984s][debug][gc,phases      ] GC(165)     Dead                           Min: 0, Avg:  0.0, Max: 0, Diff: 0, Sum: 0, Workers: 4
[3263.984s][debug][gc,phases      ] GC(165)     Total                          Min: 0, Avg:  0.0, Max: 0, Diff: 0, Sum: 0, Workers: 4
[3263.984s][debug][gc,phases      ] GC(165)   Weak JFR Old Object Samples    Min:  0.0, Avg:  0.0, Max:  0.0, Diff:  0.0, Sum:  0.0, Workers: 4
[3263.984s][debug][gc,phases      ] GC(165)     Dead                           Min: 0, Avg:  0.0, Max: 0, Diff: 0, Sum: 0, Workers: 4
[3263.984s][debug][gc,phases      ] GC(165)     Total                          Min: 0, Avg:  0.0, Max: 0, Diff: 0, Sum: 0, Workers: 4
[3263.984s][debug][gc,phases      ] GC(165) Weak Processing 0.457ms
[3263.984s][debug][gc,age         ] GC(165) Desired survivor size 117964800 bytes, new threshold 15 (max threshold 15)
[3263.984s][info ][gc,heap        ] GC(165) PSYoungGen: 1937593K(1978880K)->80329K(1975808K) Eden: 1857536K(1857536K)->0K(1857536K) From: 80057K(121344K)->80329K(118272K)
[3263.984s][info ][gc,heap        ] GC(165) ParOldGen: 592741K(675840K)->592821K(675840K)
[3263.984s][info ][gc,metaspace   ] GC(165) Metaspace: 83291K(84352K)->83291K(84352K) NonClass: 71606K(72192K)->71606K(72192K) Class: 11684K(12160K)->11684K(12160K)
[3263.984s][info ][gc             ] GC(165) Pause Young (Allocation Failure) 2471M->657M(2589M) 28.748ms
[3263.984s][info ][gc,cpu         ] GC(165) User=0.07s Sys=0.01s Real=0.03s
[3263.984s][info ][safepoint      ] Safepoint "ParallelGCFailedAllocation", Time since last: 108075300 ns, Reaching safepoint: 51301 ns, At safepoint: 28845540 ns, Total: 28896841 ns
[3264.984s][info ][safepoint      ] Safepoint "Cleanup", Time since last: 1000100807 ns, Reaching safepoint: 62401 ns, At safepoint: 3500 ns, Total: 65901 ns
[3266.984s][info ][safepoint      ] Safepoint "Cleanup", Time since last: 2000204513 ns, Reaching safepoint: 64501 ns, At safepoint: 3200 ns, Total: 67701 ns
[3283.191s][info ][gc,start       ] GC(166) Pause Young (Allocation Failure)
[3283.217s][debug][gc,phases      ] GC(166) Scavenge 26.432ms
[3283.217s][debug][gc,ref         ] GC(166) Skipped phase 1 of Reference Processing: no references
[3283.218s][debug][gc,ref         ] GC(166) ReferenceProcessor::execute queues: 1, RefProcThreadModel::Single, marks_oops_alive: false
[3283.218s][debug][gc,ref         ] GC(166) Skipped phase 3 of Reference Processing: no references
[3283.218s][debug][gc,ref         ] GC(166) ReferenceProcessor::execute queues: 1, RefProcThreadModel::Single, marks_oops_alive: false
[3283.218s][debug][gc,phases      ] GC(166) Reference Processing 0.115ms
[3283.218s][debug][gc,phases      ] GC(166)   VM Weak                        Min:  0.0, Avg:  0.0, Max:  0.0, Diff:  0.0, Sum:  0.0, Workers: 4
[3283.218s][debug][gc,phases      ] GC(166)     Dead                           Min: 0, Avg:  0.0, Max: 0, Diff: 0, Sum: 0, Workers: 4
[3283.218s][debug][gc,phases      ] GC(166)     Total                          Min: 0, Avg: 230.8, Max: 576, Diff: 576, Sum: 923, Workers: 4
[3283.218s][debug][gc,phases      ] GC(166)   ObjectSynchronizer Weak        Min:  0.0, Avg:  0.0, Max:  0.0, Diff:  0.0, Sum:  0.0, Workers: 4
[3283.218s][debug][gc,phases      ] GC(166)     Dead                           Min: 0, Avg:  0.0, Max: 0, Diff: 0, Sum: 0, Workers: 4
[3283.218s][debug][gc,phases      ] GC(166)     Total                          Min: 0, Avg:  8.5, Max: 34, Diff: 34, Sum: 34, Workers: 4
[3283.218s][debug][gc,phases      ] GC(166)   JVMTI Tag Weak OopStorage      Min:  0.0, Avg:  0.0, Max:  0.0, Diff:  0.0, Sum:  0.0, Workers: 4
[3283.218s][debug][gc,phases      ] GC(166)     Dead                           Min: 0, Avg:  0.0, Max: 0, Diff: 0, Sum: 0, Workers: 4
[3283.218s][debug][gc,phases      ] GC(166)     Total                          Min: 0, Avg:  0.0, Max: 0, Diff: 0, Sum: 0, Workers: 4
[3283.218s][debug][gc,phases      ] GC(166)   StringTable Weak               Min:  0.0, Avg:  0.1, Max:  0.1, Diff:  0.1, Sum:  0.4, Workers: 4
[3283.218s][debug][gc,phases      ] GC(166)     Dead                           Min: 0, Avg:  0.0, Max: 0, Diff: 0, Sum: 0, Workers: 4
[3283.218s][debug][gc,phases      ] GC(166)     Total                          Min: 0, Avg: 10880.0, Max: 15424, Diff: 15424, Sum: 43520, Workers: 4
[3283.218s][debug][gc,phases      ] GC(166)   ResolvedMethodTable Weak       Min:  0.0, Avg:  0.0, Max:  0.0, Diff:  0.0, Sum:  0.1, Workers: 4
[3283.218s][debug][gc,phases      ] GC(166)     Dead                           Min: 0, Avg:  0.0, Max: 0, Diff: 0, Sum: 0, Workers: 4
[3283.218s][debug][gc,phases      ] GC(166)     Total                          Min: 0, Avg: 2402.8, Max: 3339, Diff: 3339, Sum: 9611, Workers: 4
[3283.218s][debug][gc,phases      ] GC(166)   JNI Weak                       Min:  0.0, Avg:  0.0, Max:  0.0, Diff:  0.0, Sum:  0.0, Workers: 4
[3283.218s][debug][gc,phases      ] GC(166)     Dead                           Min: 0, Avg:  0.0, Max: 0, Diff: 0, Sum: 0, Workers: 4
[3283.218s][debug][gc,phases      ] GC(166)     Total                          Min: 0, Avg: 11.2, Max: 45, Diff: 45, Sum: 45, Workers: 4
[3283.218s][debug][gc,phases      ] GC(166)   StringDedup Table Weak         Min:  0.0, Avg:  0.0, Max:  0.0, Diff:  0.0, Sum:  0.0, Workers: 4
[3283.218s][debug][gc,phases      ] GC(166)     Dead                           Min: 0, Avg:  0.0, Max: 0, Diff: 0, Sum: 0, Workers: 4
[3283.218s][debug][gc,phases      ] GC(166)     Total                          Min: 0, Avg:  0.0, Max: 0, Diff: 0, Sum: 0, Workers: 4
[3283.218s][debug][gc,phases      ] GC(166)   StringDedup Requests0 Weak     Min:  0.0, Avg:  0.0, Max:  0.0, Diff:  0.0, Sum:  0.0, Workers: 4
[3283.218s][debug][gc,phases      ] GC(166)     Dead                           Min: 0, Avg:  0.0, Max: 0, Diff: 0, Sum: 0, Workers: 4
[3283.218s][debug][gc,phases      ] GC(166)     Total                          Min: 0, Avg:  0.0, Max: 0, Diff: 0, Sum: 0, Workers: 4
[3283.218s][debug][gc,phases      ] GC(166)   StringDedup Requests1 Weak     Min:  0.0, Avg:  0.0, Max:  0.0, Diff:  0.0, Sum:  0.0, Workers: 4
[3283.218s][debug][gc,phases      ] GC(166)     Dead                           Min: 0, Avg:  0.0, Max: 0, Diff: 0, Sum: 0, Workers: 4
[3283.218s][debug][gc,phases      ] GC(166)     Total                          Min: 0, Avg:  0.0, Max: 0, Diff: 0, Sum: 0, Workers: 4
[3283.218s][debug][gc,phases      ] GC(166)   Weak JFR Old Object Samples    Min:  0.0, Avg:  0.0, Max:  0.0, Diff:  0.0, Sum:  0.0, Workers: 4
[3283.218s][debug][gc,phases      ] GC(166)     Dead                           Min: 0, Avg:  0.0, Max: 0, Diff: 0, Sum: 0, Workers: 4
[3283.218s][debug][gc,phases      ] GC(166)     Total                          Min: 0, Avg:  0.0, Max: 0, Diff: 0, Sum: 0, Workers: 4
[3283.218s][debug][gc,phases      ] GC(166) Weak Processing 0.374ms
[3283.218s][debug][gc,age         ] GC(166) Desired survivor size 114294784 bytes, new threshold 15 (max threshold 15)
[3283.218s][info ][gc,heap        ] GC(166) PSYoungGen: 1937865K(1975808K)->78896K(1985536K) Eden: 1857536K(1857536K)->0K(1870336K) From: 80329K(118272K)->78896K(115200K)
[3283.218s][info ][gc,heap        ] GC(166) ParOldGen: 592821K(675840K)->593013K(675840K)
[3283.218s][info ][gc,metaspace   ] GC(166) Metaspace: 83293K(84352K)->83293K(84352K) NonClass: 71609K(72192K)->71609K(72192K) Class: 11684K(12160K)->11684K(12160K)
[3283.218s][info ][gc             ] GC(166) Pause Young (Allocation Failure) 2471M->656M(2599M) 27.077ms
[3283.218s][info ][gc,cpu         ] GC(166) User=0.09s Sys=0.00s Real=0.03s
[3283.218s][info ][safepoint      ] Safepoint "ParallelGCFailedAllocation", Time since last: 16206323169 ns, Reaching safepoint: 118702 ns, At safepoint: 27169402 ns, Total: 27288104 ns
[3302.219s][info ][safepoint      ] Safepoint "Cleanup", Time since last: 19001281652 ns, Reaching safepoint: 53801 ns, At safepoint: 3600 ns, Total: 57401 ns
[3302.439s][info ][gc,start       ] GC(167) Pause Young (Allocation Failure)
[3302.469s][debug][gc,phases      ] GC(167) Scavenge 29.590ms
[3302.469s][debug][gc,ref         ] GC(167) Skipped phase 1 of Reference Processing: no references
[3302.469s][debug][gc,ref         ] GC(167) ReferenceProcessor::execute queues: 1, RefProcThreadModel::Single, marks_oops_alive: false
[3302.469s][debug][gc,ref         ] GC(167) Skipped phase 3 of Reference Processing: no references
[3302.469s][debug][gc,ref         ] GC(167) ReferenceProcessor::execute queues: 1, RefProcThreadModel::Single, marks_oops_alive: false
[3302.469s][debug][gc,phases      ] GC(167) Reference Processing 0.135ms
[3302.469s][debug][gc,phases      ] GC(167)   VM Weak                        Min:  0.0, Avg:  0.0, Max:  0.0, Diff:  0.0, Sum:  0.0, Workers: 4
[3302.469s][debug][gc,phases      ] GC(167)     Dead                           Min: 0, Avg:  0.0, Max: 0, Diff: 0, Sum: 0, Workers: 4
[3302.469s][debug][gc,phases      ] GC(167)     Total                          Min: 0, Avg: 230.8, Max: 512, Diff: 512, Sum: 923, Workers: 4
[3302.469s][debug][gc,phases      ] GC(167)   ObjectSynchronizer Weak        Min:  0.0, Avg:  0.0, Max:  0.0, Diff:  0.0, Sum:  0.0, Workers: 4
[3302.469s][debug][gc,phases      ] GC(167)     Dead                           Min: 0, Avg:  0.0, Max: 0, Diff: 0, Sum: 0, Workers: 4
[3302.469s][debug][gc,phases      ] GC(167)     Total                          Min: 0, Avg:  8.5, Max: 34, Diff: 34, Sum: 34, Workers: 4
[3302.469s][debug][gc,phases      ] GC(167)   JVMTI Tag Weak OopStorage      Min:  0.0, Avg:  0.0, Max:  0.0, Diff:  0.0, Sum:  0.0, Workers: 4
[3302.469s][debug][gc,phases      ] GC(167)     Dead                           Min: 0, Avg:  0.0, Max: 0, Diff: 0, Sum: 0, Workers: 4
[3302.469s][debug][gc,phases      ] GC(167)     Total                          Min: 0, Avg:  0.0, Max: 0, Diff: 0, Sum: 0, Workers: 4
[3302.469s][debug][gc,phases      ] GC(167)   StringTable Weak               Min:  0.1, Avg:  0.1, Max:  0.1, Diff:  0.1, Sum:  0.4, Workers: 4
[3302.469s][debug][gc,phases      ] GC(167)     Dead                           Min: 0, Avg:  0.0, Max: 0, Diff: 0, Sum: 0, Workers: 4
[3302.469s][debug][gc,phases      ] GC(167)     Total                          Min: 6912, Avg: 10880.0, Max: 13184, Diff: 6272, Sum: 43520, Workers: 4
[3302.469s][debug][gc,phases      ] GC(167)   ResolvedMethodTable Weak       Min:  0.0, Avg:  0.0, Max:  0.0, Diff:  0.0, Sum:  0.1, Workers: 4
[3302.469s][debug][gc,phases      ] GC(167)     Dead                           Min: 0, Avg:  0.0, Max: 0, Diff: 0, Sum: 0, Workers: 4
[3302.469s][debug][gc,phases      ] GC(167)     Total                          Min: 2187, Avg: 2402.8, Max: 2560, Diff: 373, Sum: 9611, Workers: 4
[3302.469s][debug][gc,phases      ] GC(167)   JNI Weak                       Min:  0.0, Avg:  0.0, Max:  0.0, Diff:  0.0, Sum:  0.0, Workers: 4
[3302.469s][debug][gc,phases      ] GC(167)     Dead                           Min: 0, Avg:  0.0, Max: 0, Diff: 0, Sum: 0, Workers: 4
[3302.469s][debug][gc,phases      ] GC(167)     Total                          Min: 0, Avg: 11.2, Max: 45, Diff: 45, Sum: 45, Workers: 4
[3302.469s][debug][gc,phases      ] GC(167)   StringDedup Table Weak         Min:  0.0, Avg:  0.0, Max:  0.0, Diff:  0.0, Sum:  0.0, Workers: 4
[3302.469s][debug][gc,phases      ] GC(167)     Dead                           Min: 0, Avg:  0.0, Max: 0, Diff: 0, Sum: 0, Workers: 4
[3302.469s][debug][gc,phases      ] GC(167)     Total                          Min: 0, Avg:  0.0, Max: 0, Diff: 0, Sum: 0, Workers: 4
[3302.469s][debug][gc,phases      ] GC(167)   StringDedup Requests0 Weak     Min:  0.0, Avg:  0.0, Max:  0.0, Diff:  0.0, Sum:  0.0, Workers: 4
[3302.469s][debug][gc,phases      ] GC(167)     Dead                           Min: 0, Avg:  0.0, Max: 0, Diff: 0, Sum: 0, Workers: 4
[3302.469s][debug][gc,phases      ] GC(167)     Total                          Min: 0, Avg:  0.0, Max: 0, Diff: 0, Sum: 0, Workers: 4
[3302.469s][debug][gc,phases      ] GC(167)   StringDedup Requests1 Weak     Min:  0.0, Avg:  0.0, Max:  0.0, Diff:  0.0, Sum:  0.0, Workers: 4
[3302.469s][debug][gc,phases      ] GC(167)     Dead                           Min: 0, Avg:  0.0, Max: 0, Diff: 0, Sum: 0, Workers: 4
[3302.469s][debug][gc,phases      ] GC(167)     Total                          Min: 0, Avg:  0.0, Max: 0, Diff: 0, Sum: 0, Workers: 4
[3302.469s][debug][gc,phases      ] GC(167)   Weak JFR Old Object Samples    Min:  0.0, Avg:  0.0, Max:  0.0, Diff:  0.0, Sum:  0.0, Workers: 4
[3302.469s][debug][gc,phases      ] GC(167)     Dead                           Min: 0, Avg:  0.0, Max: 0, Diff: 0, Sum: 0, Workers: 4
[3302.469s][debug][gc,phases      ] GC(167)     Total                          Min: 0, Avg:  0.0, Max: 0, Diff: 0, Sum: 0, Workers: 4
[3302.469s][debug][gc,phases      ] GC(167) Weak Processing 0.340ms
[3302.469s][debug][gc,age         ] GC(167) Desired survivor size 112721920 bytes, new threshold 15 (max threshold 15)
[3302.469s][info ][gc,heap        ] GC(167) PSYoungGen: 1949232K(1985536K)->66592K(1981952K) Eden: 1870336K(1870336K)->0K(1870336K) From: 78896K(115200K)->66592K(111616K)
[3302.469s][info ][gc,heap        ] GC(167) ParOldGen: 593013K(675840K)->608178K(675840K)
[3302.469s][info ][gc,metaspace   ] GC(167) Metaspace: 83294K(84352K)->83294K(84352K) NonClass: 71609K(72192K)->71609K(72192K) Class: 11684K(12160K)->11684K(12160K)
[3302.469s][info ][gc             ] GC(167) Pause Young (Allocation Failure) 2482M->658M(2595M) 30.205ms
[3302.469s][info ][gc,cpu         ] GC(167) User=0.09s Sys=0.01s Real=0.03s
[3302.469s][info ][safepoint      ] Safepoint "ParallelGCFailedAllocation", Time since last: 219560642 ns, Reaching safepoint: 111202 ns, At safepoint: 30284282 ns, Total: 30395484 ns
[3303.470s][info ][safepoint      ] Safepoint "Cleanup", Time since last: 1000093966 ns, Reaching safepoint: 59401 ns, At safepoint: 4900 ns, Total: 64301 ns
[3307.470s][info ][safepoint      ] Safepoint "Cleanup", Time since last: 4000342446 ns, Reaching safepoint: 51801 ns, At safepoint: 3400 ns, Total: 55201 ns
[3309.470s][info ][safepoint      ] Safepoint "Cleanup", Time since last: 2000177873 ns, Reaching safepoint: 42201 ns, At safepoint: 3000 ns, Total: 45201 ns
[3318.471s][info ][safepoint      ] Safepoint "Cleanup", Time since last: 9000693399 ns, Reaching safepoint: 63801 ns, At safepoint: 9201 ns, Total: 73002 ns
[3320.471s][info ][safepoint      ] Safepoint "Cleanup", Time since last: 2000176451 ns, Reaching safepoint: 130603 ns, At safepoint: 3900 ns, Total: 134503 ns
[3321.332s][info ][gc,start       ] GC(168) Pause Young (Allocation Failure)
[3321.370s][debug][gc,phases      ] GC(168) Scavenge 38.394ms
[3321.370s][debug][gc,ref         ] GC(168) Skipped phase 1 of Reference Processing: no references
[3321.370s][debug][gc,ref         ] GC(168) ReferenceProcessor::execute queues: 1, RefProcThreadModel::Single, marks_oops_alive: false
[3321.370s][debug][gc,ref         ] GC(168) Skipped phase 3 of Reference Processing: no references
[3321.370s][debug][gc,ref         ] GC(168) ReferenceProcessor::execute queues: 1, RefProcThreadModel::Single, marks_oops_alive: false
[3321.370s][debug][gc,phases      ] GC(168) Reference Processing 0.139ms
[3321.371s][debug][gc,phases      ] GC(168)   VM Weak                        Min:  0.0, Avg:  0.0, Max:  0.0, Diff:  0.0, Sum:  0.0, Workers: 4
[3321.371s][debug][gc,phases      ] GC(168)     Dead                           Min: 0, Avg:  0.0, Max: 0, Diff: 0, Sum: 0, Workers: 4
[3321.371s][debug][gc,phases      ] GC(168)     Total                          Min: 0, Avg: 230.8, Max: 923, Diff: 923, Sum: 923, Workers: 4
[3321.371s][debug][gc,phases      ] GC(168)   ObjectSynchronizer Weak        Min:  0.0, Avg:  0.0, Max:  0.0, Diff:  0.0, Sum:  0.0, Workers: 4
[3321.371s][debug][gc,phases      ] GC(168)     Dead                           Min: 0, Avg:  0.0, Max: 0, Diff: 0, Sum: 0, Workers: 4
[3321.371s][debug][gc,phases      ] GC(168)     Total                          Min: 0, Avg:  8.5, Max: 34, Diff: 34, Sum: 34, Workers: 4
[3321.371s][debug][gc,phases      ] GC(168)   JVMTI Tag Weak OopStorage      Min:  0.0, Avg:  0.0, Max:  0.0, Diff:  0.0, Sum:  0.0, Workers: 4
[3321.371s][debug][gc,phases      ] GC(168)     Dead                           Min: 0, Avg:  0.0, Max: 0, Diff: 0, Sum: 0, Workers: 4
[3321.371s][debug][gc,phases      ] GC(168)     Total                          Min: 0, Avg:  0.0, Max: 0, Diff: 0, Sum: 0, Workers: 4
[3321.371s][debug][gc,phases      ] GC(168)   StringTable Weak               Min:  0.0, Avg:  0.1, Max:  0.4, Diff:  0.4, Sum:  0.4, Workers: 4
[3321.371s][debug][gc,phases      ] GC(168)     Dead                           Min: 0, Avg:  0.0, Max: 0, Diff: 0, Sum: 0, Workers: 4
[3321.371s][debug][gc,phases      ] GC(168)     Total                          Min: 0, Avg: 10880.2, Max: 43521, Diff: 43521, Sum: 43521, Workers: 4
[3321.371s][debug][gc,phases      ] GC(168)   ResolvedMethodTable Weak       Min:  0.0, Avg:  0.0, Max:  0.1, Diff:  0.1, Sum:  0.1, Workers: 4
[3321.371s][debug][gc,phases      ] GC(168)     Dead                           Min: 0, Avg:  0.0, Max: 0, Diff: 0, Sum: 0, Workers: 4
[3321.371s][debug][gc,phases      ] GC(168)     Total                          Min: 0, Avg: 2403.2, Max: 9613, Diff: 9613, Sum: 9613, Workers: 4
[3321.371s][debug][gc,phases      ] GC(168)   JNI Weak                       Min:  0.0, Avg:  0.0, Max:  0.0, Diff:  0.0, Sum:  0.0, Workers: 4
[3321.371s][debug][gc,phases      ] GC(168)     Dead                           Min: 0, Avg:  0.0, Max: 0, Diff: 0, Sum: 0, Workers: 4
[3321.371s][debug][gc,phases      ] GC(168)     Total                          Min: 0, Avg: 11.2, Max: 45, Diff: 45, Sum: 45, Workers: 4
[3321.371s][debug][gc,phases      ] GC(168)   StringDedup Table Weak         Min:  0.0, Avg:  0.0, Max:  0.0, Diff:  0.0, Sum:  0.0, Workers: 4
[3321.371s][debug][gc,phases      ] GC(168)     Dead                           Min: 0, Avg:  0.0, Max: 0, Diff: 0, Sum: 0, Workers: 4
[3321.371s][debug][gc,phases      ] GC(168)     Total                          Min: 0, Avg:  0.0, Max: 0, Diff: 0, Sum: 0, Workers: 4
[3321.371s][debug][gc,phases      ] GC(168)   StringDedup Requests0 Weak     Min:  0.0, Avg:  0.0, Max:  0.0, Diff:  0.0, Sum:  0.0, Workers: 4
[3321.371s][debug][gc,phases      ] GC(168)     Dead                           Min: 0, Avg:  0.0, Max: 0, Diff: 0, Sum: 0, Workers: 4
[3321.371s][debug][gc,phases      ] GC(168)     Total                          Min: 0, Avg:  0.0, Max: 0, Diff: 0, Sum: 0, Workers: 4
[3321.371s][debug][gc,phases      ] GC(168)   StringDedup Requests1 Weak     Min:  0.0, Avg:  0.0, Max:  0.0, Diff:  0.0, Sum:  0.0, Workers: 4
[3321.371s][debug][gc,phases      ] GC(168)     Dead                           Min: 0, Avg:  0.0, Max: 0, Diff: 0, Sum: 0, Workers: 4
[3321.371s][debug][gc,phases      ] GC(168)     Total                          Min: 0, Avg:  0.0, Max: 0, Diff: 0, Sum: 0, Workers: 4
[3321.371s][debug][gc,phases      ] GC(168)   Weak JFR Old Object Samples    Min:  0.0, Avg:  0.0, Max:  0.0, Diff:  0.0, Sum:  0.0, Workers: 4
[3321.371s][debug][gc,phases      ] GC(168)     Dead                           Min: 0, Avg:  0.0, Max: 0, Diff: 0, Sum: 0, Workers: 4
[3321.371s][debug][gc,phases      ] GC(168)     Total                          Min: 0, Avg:  0.0, Max: 0, Diff: 0, Sum: 0, Workers: 4
[3321.371s][debug][gc,phases      ] GC(168) Weak Processing 0.735ms
[3321.371s][debug][gc,age         ] GC(168) Desired survivor size 112197632 bytes, new threshold 15 (max threshold 15)
[3321.371s][info ][gc,heap        ] GC(168) PSYoungGen: 1936928K(1981952K)->61856K(1987584K) Eden: 1870336K(1870336K)->0K(1877504K) From: 66592K(111616K)->61856K(110080K)
[3321.371s][info ][gc,heap        ] GC(168) ParOldGen: 608178K(675840K)->613362K(675840K)
[3321.371s][info ][gc,metaspace   ] GC(168) Metaspace: 83305K(84416K)->83305K(84416K) NonClass: 71620K(72256K)->71620K(72256K) Class: 11685K(12160K)->11685K(12160K)
[3321.371s][info ][gc             ] GC(168) Pause Young (Allocation Failure) 2485M->659M(2601M) 39.424ms
[3321.371s][info ][gc,cpu         ] GC(168) User=0.09s Sys=0.00s Real=0.03s
[3321.371s][info ][safepoint      ] Safepoint "ParallelGCFailedAllocation", Time since last: 860508622 ns, Reaching safepoint: 62302 ns, At safepoint: 39511082 ns, Total: 39573384 ns
[3330.372s][info ][safepoint      ] Safepoint "Cleanup", Time since last: 9000612231 ns, Reaching safepoint: 58601 ns, At safepoint: 9800 ns, Total: 68401 ns
[3337.373s][info ][safepoint      ] Safepoint "Cleanup", Time since last: 7000551720 ns, Reaching safepoint: 49601 ns, At safepoint: 7000 ns, Total: 56601 ns
[3341.373s][info ][safepoint      ] Safepoint "Cleanup", Time since last: 4000338118 ns, Reaching safepoint: 50901 ns, At safepoint: 2600 ns, Total: 53501 ns
[3341.711s][info ][gc,start       ] GC(169) Pause Young (Allocation Failure)
[3341.738s][debug][gc,phases      ] GC(169) Scavenge 26.554ms
[3341.738s][debug][gc,ref         ] GC(169) Skipped phase 1 of Reference Processing: no references
[3341.738s][debug][gc,ref         ] GC(169) ReferenceProcessor::execute queues: 1, RefProcThreadModel::Single, marks_oops_alive: false
[3341.738s][debug][gc,ref         ] GC(169) Skipped phase 3 of Reference Processing: no references
[3341.738s][debug][gc,ref         ] GC(169) ReferenceProcessor::execute queues: 1, RefProcThreadModel::Single, marks_oops_alive: false
[3341.738s][debug][gc,phases      ] GC(169) Reference Processing 0.120ms
[3341.738s][debug][gc,phases      ] GC(169)   VM Weak                        Min:  0.0, Avg:  0.0, Max:  0.0, Diff:  0.0, Sum:  0.0, Workers: 4
[3341.738s][debug][gc,phases      ] GC(169)     Dead                           Min: 0, Avg:  0.0, Max: 0, Diff: 0, Sum: 0, Workers: 4
[3341.738s][debug][gc,phases      ] GC(169)     Total                          Min: 0, Avg: 230.8, Max: 411, Diff: 411, Sum: 923, Workers: 4
[3341.738s][debug][gc,phases      ] GC(169)   ObjectSynchronizer Weak        Min:  0.0, Avg:  0.0, Max:  0.0, Diff:  0.0, Sum:  0.0, Workers: 4
[3341.738s][debug][gc,phases      ] GC(169)     Dead                           Min: 0, Avg:  0.0, Max: 0, Diff: 0, Sum: 0, Workers: 4
[3341.738s][debug][gc,phases      ] GC(169)     Total                          Min: 0, Avg:  8.5, Max: 34, Diff: 34, Sum: 34, Workers: 4
[3341.738s][debug][gc,phases      ] GC(169)   JVMTI Tag Weak OopStorage      Min:  0.0, Avg:  0.0, Max:  0.0, Diff:  0.0, Sum:  0.0, Workers: 4
[3341.738s][debug][gc,phases      ] GC(169)     Dead                           Min: 0, Avg:  0.0, Max: 0, Diff: 0, Sum: 0, Workers: 4
[3341.738s][debug][gc,phases      ] GC(169)     Total                          Min: 0, Avg:  0.0, Max: 0, Diff: 0, Sum: 0, Workers: 4
[3341.738s][debug][gc,phases      ] GC(169)   StringTable Weak               Min:  0.0, Avg:  0.1, Max:  0.1, Diff:  0.1, Sum:  0.4, Workers: 4
[3341.738s][debug][gc,phases      ] GC(169)     Dead                           Min: 0, Avg:  0.0, Max: 0, Diff: 0, Sum: 0, Workers: 4
[3341.738s][debug][gc,phases      ] GC(169)     Total                          Min: 0, Avg: 10880.5, Max: 14912, Diff: 14912, Sum: 43522, Workers: 4
[3341.738s][debug][gc,phases      ] GC(169)   ResolvedMethodTable Weak       Min:  0.0, Avg:  0.0, Max:  0.0, Diff:  0.0, Sum:  0.1, Workers: 4
[3341.738s][debug][gc,phases      ] GC(169)     Dead                           Min: 0, Avg:  0.0, Max: 0, Diff: 0, Sum: 0, Workers: 4
[3341.738s][debug][gc,phases      ] GC(169)     Total                          Min: 0, Avg: 2403.2, Max: 3341, Diff: 3341, Sum: 9613, Workers: 4
[3341.738s][debug][gc,phases      ] GC(169)   JNI Weak                       Min:  0.0, Avg:  0.0, Max:  0.0, Diff:  0.0, Sum:  0.0, Workers: 4
[3341.738s][debug][gc,phases      ] GC(169)     Dead                           Min: 0, Avg:  0.0, Max: 0, Diff: 0, Sum: 0, Workers: 4
[3341.738s][debug][gc,phases      ] GC(169)     Total                          Min: 0, Avg: 11.2, Max: 45, Diff: 45, Sum: 45, Workers: 4
[3341.738s][debug][gc,phases      ] GC(169)   StringDedup Table Weak         Min:  0.0, Avg:  0.0, Max:  0.0, Diff:  0.0, Sum:  0.0, Workers: 4
[3341.738s][debug][gc,phases      ] GC(169)     Dead                           Min: 0, Avg:  0.0, Max: 0, Diff: 0, Sum: 0, Workers: 4
[3341.738s][debug][gc,phases      ] GC(169)     Total                          Min: 0, Avg:  0.0, Max: 0, Diff: 0, Sum: 0, Workers: 4
[3341.738s][debug][gc,phases      ] GC(169)   StringDedup Requests0 Weak     Min:  0.0, Avg:  0.0, Max:  0.0, Diff:  0.0, Sum:  0.0, Workers: 4
[3341.738s][debug][gc,phases      ] GC(169)     Dead                           Min: 0, Avg:  0.0, Max: 0, Diff: 0, Sum: 0, Workers: 4
[3341.738s][debug][gc,phases      ] GC(169)     Total                          Min: 0, Avg:  0.0, Max: 0, Diff: 0, Sum: 0, Workers: 4
[3341.738s][debug][gc,phases      ] GC(169)   StringDedup Requests1 Weak     Min:  0.0, Avg:  0.0, Max:  0.0, Diff:  0.0, Sum:  0.0, Workers: 4
[3341.738s][debug][gc,phases      ] GC(169)     Dead                           Min: 0, Avg:  0.0, Max: 0, Diff: 0, Sum: 0, Workers: 4
[3341.738s][debug][gc,phases      ] GC(169)     Total                          Min: 0, Avg:  0.0, Max: 0, Diff: 0, Sum: 0, Workers: 4
[3341.738s][debug][gc,phases      ] GC(169)   Weak JFR Old Object Samples    Min:  0.0, Avg:  0.0, Max:  0.0, Diff:  0.0, Sum:  0.0, Workers: 4
[3341.738s][debug][gc,phases      ] GC(169)     Dead                           Min: 0, Avg:  0.0, Max: 0, Diff: 0, Sum: 0, Workers: 4
[3341.738s][debug][gc,phases      ] GC(169)     Total                          Min: 0, Avg:  0.0, Max: 0, Diff: 0, Sum: 0, Workers: 4
[3341.738s][debug][gc,phases      ] GC(169) Weak Processing 0.426ms
[3341.739s][debug][gc,age         ] GC(169) Desired survivor size 111149056 bytes, new threshold 15 (max threshold 15)
[3341.739s][info ][gc,heap        ] GC(169) PSYoungGen: 1939360K(1987584K)->61200K(1987072K) Eden: 1877504K(1877504K)->0K(1877504K) From: 61856K(110080K)->61200K(109568K)
[3341.739s][info ][gc,heap        ] GC(169) ParOldGen: 613362K(675840K)->614290K(675840K)
[3341.739s][info ][gc,metaspace   ] GC(169) Metaspace: 83307K(84416K)->83307K(84416K) NonClass: 71622K(72256K)->71622K(72256K) Class: 11685K(12160K)->11685K(12160K)
[3341.739s][info ][gc             ] GC(169) Pause Young (Allocation Failure) 2492M->659M(2600M) 27.247ms
[3341.739s][info ][gc,cpu         ] GC(169) User=0.07s Sys=0.00s Real=0.03s
[3341.739s][info ][safepoint      ] Safepoint "ParallelGCFailedAllocation", Time since last: 338264519 ns, Reaching safepoint: 43101 ns, At safepoint: 27330908 ns, Total: 27374009 ns
[3344.739s][info ][safepoint      ] Safepoint "Cleanup", Time since last: 3000241707 ns, Reaching safepoint: 111302 ns, At safepoint: 7600 ns, Total: 118902 ns
[3349.740s][info ][safepoint      ] Safepoint "Cleanup", Time since last: 5000656969 ns, Reaching safepoint: 174204 ns, At safepoint: 8201 ns, Total: 182405 ns
[3360.344s][info ][gc,start       ] GC(170) Pause Young (Allocation Failure)
[3360.368s][debug][gc,phases      ] GC(170) Scavenge 24.026ms
[3360.368s][debug][gc,ref         ] GC(170) Skipped phase 1 of Reference Processing: no references
[3360.368s][debug][gc,ref         ] GC(170) ReferenceProcessor::execute queues: 1, RefProcThreadModel::Single, marks_oops_alive: false
[3360.368s][debug][gc,ref         ] GC(170) Skipped phase 3 of Reference Processing: no references
[3360.368s][debug][gc,ref         ] GC(170) ReferenceProcessor::execute queues: 1, RefProcThreadModel::Single, marks_oops_alive: false
[3360.368s][debug][gc,phases      ] GC(170) Reference Processing 0.123ms
[3360.368s][debug][gc,phases      ] GC(170)   VM Weak                        Min:  0.0, Avg:  0.0, Max:  0.0, Diff:  0.0, Sum:  0.0, Workers: 4
[3360.368s][debug][gc,phases      ] GC(170)     Dead                           Min: 0, Avg:  0.0, Max: 0, Diff: 0, Sum: 0, Workers: 4
[3360.368s][debug][gc,phases      ] GC(170)     Total                          Min: 0, Avg: 230.8, Max: 512, Diff: 512, Sum: 923, Workers: 4
[3360.368s][debug][gc,phases      ] GC(170)   ObjectSynchronizer Weak        Min:  0.0, Avg:  0.0, Max:  0.0, Diff:  0.0, Sum:  0.0, Workers: 4
[3360.368s][debug][gc,phases      ] GC(170)     Dead                           Min: 0, Avg:  0.0, Max: 0, Diff: 0, Sum: 0, Workers: 4
[3360.368s][debug][gc,phases      ] GC(170)     Total                          Min: 0, Avg:  8.5, Max: 34, Diff: 34, Sum: 34, Workers: 4
[3360.368s][debug][gc,phases      ] GC(170)   JVMTI Tag Weak OopStorage      Min:  0.0, Avg:  0.0, Max:  0.0, Diff:  0.0, Sum:  0.0, Workers: 4
[3360.368s][debug][gc,phases      ] GC(170)     Dead                           Min: 0, Avg:  0.0, Max: 0, Diff: 0, Sum: 0, Workers: 4
[3360.368s][debug][gc,phases      ] GC(170)     Total                          Min: 0, Avg:  0.0, Max: 0, Diff: 0, Sum: 0, Workers: 4
[3360.368s][debug][gc,phases      ] GC(170)   StringTable Weak               Min:  0.0, Avg:  0.1, Max:  0.1, Diff:  0.1, Sum:  0.4, Workers: 4
[3360.368s][debug][gc,phases      ] GC(170)     Dead                           Min: 0, Avg:  0.0, Max: 0, Diff: 0, Sum: 0, Workers: 4
[3360.368s][debug][gc,phases      ] GC(170)     Total                          Min: 0, Avg: 10880.5, Max: 15554, Diff: 15554, Sum: 43522, Workers: 4
[3360.368s][debug][gc,phases      ] GC(170)   ResolvedMethodTable Weak       Min:  0.0, Avg:  0.0, Max:  0.0, Diff:  0.0, Sum:  0.1, Workers: 4
[3360.368s][debug][gc,phases      ] GC(170)     Dead                           Min: 0, Avg:  0.0, Max: 0, Diff: 0, Sum: 0, Workers: 4
[3360.368s][debug][gc,phases      ] GC(170)     Total                          Min: 0, Avg: 2403.2, Max: 3392, Diff: 3392, Sum: 9613, Workers: 4
[3360.368s][debug][gc,phases      ] GC(170)   JNI Weak                       Min:  0.0, Avg:  0.0, Max:  0.0, Diff:  0.0, Sum:  0.0, Workers: 4
[3360.368s][debug][gc,phases      ] GC(170)     Dead                           Min: 0, Avg:  0.0, Max: 0, Diff: 0, Sum: 0, Workers: 4
[3360.368s][debug][gc,phases      ] GC(170)     Total                          Min: 0, Avg: 11.2, Max: 45, Diff: 45, Sum: 45, Workers: 4
[3360.368s][debug][gc,phases      ] GC(170)   StringDedup Table Weak         Min:  0.0, Avg:  0.0, Max:  0.0, Diff:  0.0, Sum:  0.0, Workers: 4
[3360.368s][debug][gc,phases      ] GC(170)     Dead                           Min: 0, Avg:  0.0, Max: 0, Diff: 0, Sum: 0, Workers: 4
[3360.368s][debug][gc,phases      ] GC(170)     Total                          Min: 0, Avg:  0.0, Max: 0, Diff: 0, Sum: 0, Workers: 4
[3360.368s][debug][gc,phases      ] GC(170)   StringDedup Requests0 Weak     Min:  0.0, Avg:  0.0, Max:  0.0, Diff:  0.0, Sum:  0.0, Workers: 4
[3360.368s][debug][gc,phases      ] GC(170)     Dead                           Min: 0, Avg:  0.0, Max: 0, Diff: 0, Sum: 0, Workers: 4
[3360.368s][debug][gc,phases      ] GC(170)     Total                          Min: 0, Avg:  0.0, Max: 0, Diff: 0, Sum: 0, Workers: 4
[3360.368s][debug][gc,phases      ] GC(170)   StringDedup Requests1 Weak     Min:  0.0, Avg:  0.0, Max:  0.0, Diff:  0.0, Sum:  0.0, Workers: 4
[3360.368s][debug][gc,phases      ] GC(170)     Dead                           Min: 0, Avg:  0.0, Max: 0, Diff: 0, Sum: 0, Workers: 4
[3360.368s][debug][gc,phases      ] GC(170)     Total                          Min: 0, Avg:  0.0, Max: 0, Diff: 0, Sum: 0, Workers: 4
[3360.368s][debug][gc,phases      ] GC(170)   Weak JFR Old Object Samples    Min:  0.0, Avg:  0.0, Max:  0.0, Diff:  0.0, Sum:  0.0, Workers: 4
[3360.368s][debug][gc,phases      ] GC(170)     Dead                           Min: 0, Avg:  0.0, Max: 0, Diff: 0, Sum: 0, Workers: 4
[3360.368s][debug][gc,phases      ] GC(170)     Total                          Min: 0, Avg:  0.0, Max: 0, Diff: 0, Sum: 0, Workers: 4
[3360.368s][debug][gc,phases      ] GC(170) Weak Processing 0.382ms
[3360.368s][debug][gc,age         ] GC(170) Desired survivor size 113770496 bytes, new threshold 15 (max threshold 15)
[3360.368s][info ][gc,heap        ] GC(170) PSYoungGen: 1938704K(1987072K)->38560K(1983488K) Eden: 1877504K(1877504K)->0K(1874944K) From: 61200K(109568K)->38560K(108544K)
[3360.368s][info ][gc,heap        ] GC(170) ParOldGen: 614290K(675840K)->639207K(675840K)
[3360.368s][info ][gc,metaspace   ] GC(170) Metaspace: 83310K(84416K)->83310K(84416K) NonClass: 71625K(72256K)->71625K(72256K) Class: 11685K(12160K)->11685K(12160K)
[3360.368s][info ][gc             ] GC(170) Pause Young (Allocation Failure) 2493M->661M(2597M) 24.690ms
[3360.368s][info ][gc,cpu         ] GC(170) User=0.08s Sys=0.01s Real=0.03s
[3360.368s][info ][safepoint      ] Safepoint "ParallelGCFailedAllocation", Time since last: 10603758917 ns, Reaching safepoint: 43501 ns, At safepoint: 24765447 ns, Total: 24808948 ns
[3361.368s][info ][safepoint      ] Safepoint "Cleanup", Time since last: 1000045707 ns, Reaching safepoint: 50801 ns, At safepoint: 3100 ns, Total: 53901 ns
[3362.369s][info ][safepoint      ] Safepoint "Cleanup", Time since last: 1000142508 ns, Reaching safepoint: 79002 ns, At safepoint: 3400 ns, Total: 82402 ns
[3364.369s][info ][safepoint      ] Safepoint "Cleanup", Time since last: 2000184914 ns, Reaching safepoint: 51901 ns, At safepoint: 4200 ns, Total: 56101 ns
[3380.292s][info ][gc,start       ] GC(171) Pause Young (Allocation Failure)
[3380.305s][debug][gc,phases      ] GC(171) Scavenge 13.237ms
[3380.305s][debug][gc,ref         ] GC(171) Skipped phase 1 of Reference Processing: no references
[3380.305s][debug][gc,ref         ] GC(171) ReferenceProcessor::execute queues: 1, RefProcThreadModel::Single, marks_oops_alive: false
[3380.305s][debug][gc,ref         ] GC(171) Skipped phase 3 of Reference Processing: no references
[3380.305s][debug][gc,ref         ] GC(171) ReferenceProcessor::execute queues: 1, RefProcThreadModel::Single, marks_oops_alive: false
[3380.305s][debug][gc,phases      ] GC(171) Reference Processing 0.120ms
[3380.305s][debug][gc,phases      ] GC(171)   VM Weak                        Min:  0.0, Avg:  0.0, Max:  0.0, Diff:  0.0, Sum:  0.0, Workers: 4
[3380.305s][debug][gc,phases      ] GC(171)     Dead                           Min: 0, Avg:  0.0, Max: 0, Diff: 0, Sum: 0, Workers: 4
[3380.305s][debug][gc,phases      ] GC(171)     Total                          Min: 0, Avg: 230.8, Max: 731, Diff: 731, Sum: 923, Workers: 4
[3380.305s][debug][gc,phases      ] GC(171)   ObjectSynchronizer Weak        Min:  0.0, Avg:  0.0, Max:  0.0, Diff:  0.0, Sum:  0.0, Workers: 4
[3380.305s][debug][gc,phases      ] GC(171)     Dead                           Min: 0, Avg:  0.0, Max: 0, Diff: 0, Sum: 0, Workers: 4
[3380.305s][debug][gc,phases      ] GC(171)     Total                          Min: 0, Avg:  8.5, Max: 34, Diff: 34, Sum: 34, Workers: 4
[3380.305s][debug][gc,phases      ] GC(171)   JVMTI Tag Weak OopStorage      Min:  0.0, Avg:  0.0, Max:  0.0, Diff:  0.0, Sum:  0.0, Workers: 4
[3380.305s][debug][gc,phases      ] GC(171)     Dead                           Min: 0, Avg:  0.0, Max: 0, Diff: 0, Sum: 0, Workers: 4
[3380.305s][debug][gc,phases      ] GC(171)     Total                          Min: 0, Avg:  0.0, Max: 0, Diff: 0, Sum: 0, Workers: 4
[3380.305s][debug][gc,phases      ] GC(171)   StringTable Weak               Min:  0.0, Avg:  0.1, Max:  0.1, Diff:  0.1, Sum:  0.4, Workers: 4
[3380.305s][debug][gc,phases      ] GC(171)     Dead                           Min: 0, Avg:  0.0, Max: 0, Diff: 0, Sum: 0, Workers: 4
[3380.305s][debug][gc,phases      ] GC(171)     Total                          Min: 0, Avg: 10880.5, Max: 14784, Diff: 14784, Sum: 43522, Workers: 4
[3380.305s][debug][gc,phases      ] GC(171)   ResolvedMethodTable Weak       Min:  0.0, Avg:  0.0, Max:  0.0, Diff:  0.0, Sum:  0.1, Workers: 4
[3380.305s][debug][gc,phases      ] GC(171)     Dead                           Min: 0, Avg:  0.0, Max: 0, Diff: 0, Sum: 0, Workers: 4
[3380.305s][debug][gc,phases      ] GC(171)     Total                          Min: 0, Avg: 2403.2, Max: 3533, Diff: 3533, Sum: 9613, Workers: 4
[3380.306s][debug][gc,phases      ] GC(171)   JNI Weak                       Min:  0.0, Avg:  0.0, Max:  0.0, Diff:  0.0, Sum:  0.0, Workers: 4
[3380.306s][debug][gc,phases      ] GC(171)     Dead                           Min: 0, Avg:  0.0, Max: 0, Diff: 0, Sum: 0, Workers: 4
[3380.306s][debug][gc,phases      ] GC(171)     Total                          Min: 0, Avg: 11.2, Max: 45, Diff: 45, Sum: 45, Workers: 4
[3380.306s][debug][gc,phases      ] GC(171)   StringDedup Table Weak         Min:  0.0, Avg:  0.0, Max:  0.0, Diff:  0.0, Sum:  0.0, Workers: 4
[3380.306s][debug][gc,phases      ] GC(171)     Dead                           Min: 0, Avg:  0.0, Max: 0, Diff: 0, Sum: 0, Workers: 4
[3380.306s][debug][gc,phases      ] GC(171)     Total                          Min: 0, Avg:  0.0, Max: 0, Diff: 0, Sum: 0, Workers: 4
[3380.306s][debug][gc,phases      ] GC(171)   StringDedup Requests0 Weak     Min:  0.0, Avg:  0.0, Max:  0.0, Diff:  0.0, Sum:  0.0, Workers: 4
[3380.306s][debug][gc,phases      ] GC(171)     Dead                           Min: 0, Avg:  0.0, Max: 0, Diff: 0, Sum: 0, Workers: 4
[3380.306s][debug][gc,phases      ] GC(171)     Total                          Min: 0, Avg:  0.0, Max: 0, Diff: 0, Sum: 0, Workers: 4
[3380.306s][debug][gc,phases      ] GC(171)   StringDedup Requests1 Weak     Min:  0.0, Avg:  0.0, Max:  0.0, Diff:  0.0, Sum:  0.0, Workers: 4
[3380.306s][debug][gc,phases      ] GC(171)     Dead                           Min: 0, Avg:  0.0, Max: 0, Diff: 0, Sum: 0, Workers: 4
[3380.306s][debug][gc,phases      ] GC(171)     Total                          Min: 0, Avg:  0.0, Max: 0, Diff: 0, Sum: 0, Workers: 4
[3380.306s][debug][gc,phases      ] GC(171)   Weak JFR Old Object Samples    Min:  0.0, Avg:  0.0, Max:  0.0, Diff:  0.0, Sum:  0.0, Workers: 4
[3380.306s][debug][gc,phases      ] GC(171)     Dead                           Min: 0, Avg:  0.0, Max: 0, Diff: 0, Sum: 0, Workers: 4
[3380.306s][debug][gc,phases      ] GC(171)     Total                          Min: 0, Avg:  0.0, Max: 0, Diff: 0, Sum: 0, Workers: 4
[3380.306s][debug][gc,phases      ] GC(171) Weak Processing 0.507ms
[3380.306s][debug][gc,age         ] GC(171) Desired survivor size 115867648 bytes, new threshold 15 (max threshold 15)
[3380.306s][info ][gc,heap        ] GC(171) PSYoungGen: 1913504K(1983488K)->36720K(1911808K) Eden: 1874944K(1874944K)->0K(1874944K) From: 38560K(108544K)->36720K(36864K)
[3380.306s][info ][gc,heap        ] GC(171) ParOldGen: 639207K(675840K)->641452K(675840K)
[3380.306s][info ][gc,metaspace   ] GC(171) Metaspace: 83315K(84416K)->83315K(84416K) NonClass: 71630K(72256K)->71630K(72256K) Class: 11685K(12160K)->11685K(12160K)
[3380.306s][info ][gc             ] GC(171) Pause Young (Allocation Failure) 2492M->662M(2527M) 14.027ms
[3380.306s][info ][gc,cpu         ] GC(171) User=0.05s Sys=0.00s Real=0.02s
[3380.306s][info ][safepoint      ] Safepoint "ParallelGCFailedAllocation", Time since last: 15922515464 ns, Reaching safepoint: 120702 ns, At safepoint: 14114516 ns, Total: 14235218 ns
[3385.306s][info ][safepoint      ] Safepoint "Cleanup", Time since last: 5000371843 ns, Reaching safepoint: 40000 ns, At safepoint: 5401 ns, Total: 45401 ns
[3388.307s][info ][safepoint      ] Safepoint "Cleanup", Time since last: 3000309178 ns, Reaching safepoint: 141503 ns, At safepoint: 6001 ns, Total: 147504 ns
[3393.307s][info ][safepoint      ] Safepoint "Cleanup", Time since last: 5000418770 ns, Reaching safepoint: 102302 ns, At safepoint: 6801 ns, Total: 109103 ns
[3399.993s][info ][gc,start       ] GC(172) Pause Young (Allocation Failure)
[3400.009s][debug][gc,phases      ] GC(172) Scavenge 16.016ms
[3400.009s][debug][gc,ref         ] GC(172) Skipped phase 1 of Reference Processing: no references
[3400.009s][debug][gc,ref         ] GC(172) ReferenceProcessor::execute queues: 1, RefProcThreadModel::Single, marks_oops_alive: false
[3400.009s][debug][gc,ref         ] GC(172) Skipped phase 3 of Reference Processing: no references
[3400.009s][debug][gc,ref         ] GC(172) ReferenceProcessor::execute queues: 1, RefProcThreadModel::Single, marks_oops_alive: false
[3400.009s][debug][gc,phases      ] GC(172) Reference Processing 0.114ms
[3400.010s][debug][gc,phases      ] GC(172)   VM Weak                        Min:  0.0, Avg:  0.0, Max:  0.0, Diff:  0.0, Sum:  0.0, Workers: 4
[3400.010s][debug][gc,phases      ] GC(172)     Dead                           Min: 0, Avg:  0.0, Max: 0, Diff: 0, Sum: 0, Workers: 4
[3400.010s][debug][gc,phases      ] GC(172)     Total                          Min: 0, Avg: 230.8, Max: 576, Diff: 576, Sum: 923, Workers: 4
[3400.010s][debug][gc,phases      ] GC(172)   ObjectSynchronizer Weak        Min:  0.0, Avg:  0.0, Max:  0.0, Diff:  0.0, Sum:  0.0, Workers: 4
[3400.010s][debug][gc,phases      ] GC(172)     Dead                           Min: 0, Avg:  0.0, Max: 0, Diff: 0, Sum: 0, Workers: 4
[3400.010s][debug][gc,phases      ] GC(172)     Total                          Min: 0, Avg:  8.5, Max: 34, Diff: 34, Sum: 34, Workers: 4
[3400.010s][debug][gc,phases      ] GC(172)   JVMTI Tag Weak OopStorage      Min:  0.0, Avg:  0.0, Max:  0.0, Diff:  0.0, Sum:  0.0, Workers: 4
[3400.010s][debug][gc,phases      ] GC(172)     Dead                           Min: 0, Avg:  0.0, Max: 0, Diff: 0, Sum: 0, Workers: 4
[3400.010s][debug][gc,phases      ] GC(172)     Total                          Min: 0, Avg:  0.0, Max: 0, Diff: 0, Sum: 0, Workers: 4
[3400.010s][debug][gc,phases      ] GC(172)   StringTable Weak               Min:  0.0, Avg:  0.1, Max:  0.1, Diff:  0.1, Sum:  0.4, Workers: 4
[3400.010s][debug][gc,phases      ] GC(172)     Dead                           Min: 0, Avg:  0.0, Max: 0, Diff: 0, Sum: 0, Workers: 4
[3400.010s][debug][gc,phases      ] GC(172)     Total                          Min: 0, Avg: 10882.8, Max: 15680, Diff: 15680, Sum: 43531, Workers: 4
[3400.010s][debug][gc,phases      ] GC(172)   ResolvedMethodTable Weak       Min:  0.0, Avg:  0.0, Max:  0.0, Diff:  0.0, Sum:  0.1, Workers: 4
[3400.010s][debug][gc,phases      ] GC(172)     Dead                           Min: 0, Avg:  0.0, Max: 0, Diff: 0, Sum: 0, Workers: 4
[3400.010s][debug][gc,phases      ] GC(172)     Total                          Min: 0, Avg: 2403.2, Max: 3520, Diff: 3520, Sum: 9613, Workers: 4
[3400.010s][debug][gc,phases      ] GC(172)   JNI Weak                       Min:  0.0, Avg:  0.0, Max:  0.0, Diff:  0.0, Sum:  0.0, Workers: 4
[3400.010s][debug][gc,phases      ] GC(172)     Dead                           Min: 0, Avg:  0.0, Max: 0, Diff: 0, Sum: 0, Workers: 4
[3400.010s][debug][gc,phases      ] GC(172)     Total                          Min: 0, Avg: 11.2, Max: 45, Diff: 45, Sum: 45, Workers: 4
[3400.010s][debug][gc,phases      ] GC(172)   StringDedup Table Weak         Min:  0.0, Avg:  0.0, Max:  0.0, Diff:  0.0, Sum:  0.0, Workers: 4
[3400.010s][debug][gc,phases      ] GC(172)     Dead                           Min: 0, Avg:  0.0, Max: 0, Diff: 0, Sum: 0, Workers: 4
[3400.010s][debug][gc,phases      ] GC(172)     Total                          Min: 0, Avg:  0.0, Max: 0, Diff: 0, Sum: 0, Workers: 4
[3400.010s][debug][gc,phases      ] GC(172)   StringDedup Requests0 Weak     Min:  0.0, Avg:  0.0, Max:  0.0, Diff:  0.0, Sum:  0.0, Workers: 4
[3400.010s][debug][gc,phases      ] GC(172)     Dead                           Min: 0, Avg:  0.0, Max: 0, Diff: 0, Sum: 0, Workers: 4
[3400.010s][debug][gc,phases      ] GC(172)     Total                          Min: 0, Avg:  0.0, Max: 0, Diff: 0, Sum: 0, Workers: 4
[3400.010s][debug][gc,phases      ] GC(172)   StringDedup Requests1 Weak     Min:  0.0, Avg:  0.0, Max:  0.0, Diff:  0.0, Sum:  0.0, Workers: 4
[3400.010s][debug][gc,phases      ] GC(172)     Dead                           Min: 0, Avg:  0.0, Max: 0, Diff: 0, Sum: 0, Workers: 4
[3400.010s][debug][gc,phases      ] GC(172)     Total                          Min: 0, Avg:  0.0, Max: 0, Diff: 0, Sum: 0, Workers: 4
[3400.010s][debug][gc,phases      ] GC(172)   Weak JFR Old Object Samples    Min:  0.0, Avg:  0.0, Max:  0.0, Diff:  0.0, Sum:  0.0, Workers: 4
[3400.010s][debug][gc,phases      ] GC(172)     Dead                           Min: 0, Avg:  0.0, Max: 0, Diff: 0, Sum: 0, Workers: 4
[3400.010s][debug][gc,phases      ] GC(172)     Total                          Min: 0, Avg:  0.0, Max: 0, Diff: 0, Sum: 0, Workers: 4
[3400.010s][debug][gc,phases      ] GC(172) Weak Processing 0.383ms
[3400.010s][debug][gc,age         ] GC(172) Desired survivor size 117964800 bytes, new threshold 15 (max threshold 15)
[3400.010s][info ][gc,heap        ] GC(172) PSYoungGen: 1911664K(1911808K)->28272K(1979904K) Eden: 1874944K(1874944K)->0K(1866752K) From: 36720K(36864K)->28272K(113152K)
[3400.010s][info ][gc,heap        ] GC(172) ParOldGen: 641452K(675840K)->650345K(675840K)
[3400.010s][info ][gc,metaspace   ] GC(172) Metaspace: 83316K(84416K)->83316K(84416K) NonClass: 71631K(72256K)->71631K(72256K) Class: 11685K(12160K)->11685K(12160K)
[3400.010s][info ][gc             ] GC(172) Pause Young (Allocation Failure) 2493M->662M(2593M) 16.655ms
[3400.010s][info ][gc,cpu         ] GC(172) User=0.03s Sys=0.02s Real=0.01s
[3400.010s][info ][safepoint      ] Safepoint "ParallelGCFailedAllocation", Time since last: 6685998263 ns, Reaching safepoint: 106403 ns, At safepoint: 16734670 ns, Total: 16841073 ns
[3407.011s][info ][safepoint      ] Safepoint "Cleanup", Time since last: 7000521117 ns, Reaching safepoint: 58001 ns, At safepoint: 3000 ns, Total: 61001 ns
[3412.011s][info ][safepoint      ] Safepoint "Cleanup", Time since last: 5000396104 ns, Reaching safepoint: 60201 ns, At safepoint: 7100 ns, Total: 67301 ns
[3415.011s][info ][safepoint      ] Safepoint "Cleanup", Time since last: 3000222535 ns, Reaching safepoint: 117903 ns, At safepoint: 6100 ns, Total: 124003 ns
[3418.306s][info ][gc,start       ] GC(173) Pause Young (Allocation Failure)
[3418.317s][debug][gc,phases      ] GC(173) Scavenge 10.669ms
[3418.317s][debug][gc,ref         ] GC(173) Skipped phase 1 of Reference Processing: no references
[3418.317s][debug][gc,ref         ] GC(173) ReferenceProcessor::execute queues: 1, RefProcThreadModel::Single, marks_oops_alive: false
[3418.317s][debug][gc,ref         ] GC(173) Skipped phase 3 of Reference Processing: no references
[3418.317s][debug][gc,ref         ] GC(173) ReferenceProcessor::execute queues: 1, RefProcThreadModel::Single, marks_oops_alive: false
[3418.317s][debug][gc,phases      ] GC(173) Reference Processing 0.124ms
[3418.317s][debug][gc,phases      ] GC(173)   VM Weak                        Min:  0.0, Avg:  0.0, Max:  0.0, Diff:  0.0, Sum:  0.0, Workers: 4
[3418.317s][debug][gc,phases      ] GC(173)     Dead                           Min: 0, Avg:  0.0, Max: 0, Diff: 0, Sum: 0, Workers: 4
[3418.317s][debug][gc,phases      ] GC(173)     Total                          Min: 0, Avg: 230.8, Max: 475, Diff: 475, Sum: 923, Workers: 4
[3418.317s][debug][gc,phases      ] GC(173)   ObjectSynchronizer Weak        Min:  0.0, Avg:  0.0, Max:  0.0, Diff:  0.0, Sum:  0.0, Workers: 4
[3418.317s][debug][gc,phases      ] GC(173)     Dead                           Min: 0, Avg:  0.0, Max: 0, Diff: 0, Sum: 0, Workers: 4
[3418.317s][debug][gc,phases      ] GC(173)     Total                          Min: 0, Avg:  8.5, Max: 34, Diff: 34, Sum: 34, Workers: 4
[3418.317s][debug][gc,phases      ] GC(173)   JVMTI Tag Weak OopStorage      Min:  0.0, Avg:  0.0, Max:  0.0, Diff:  0.0, Sum:  0.0, Workers: 4
[3418.317s][debug][gc,phases      ] GC(173)     Dead                           Min: 0, Avg:  0.0, Max: 0, Diff: 0, Sum: 0, Workers: 4
[3418.317s][debug][gc,phases      ] GC(173)     Total                          Min: 0, Avg:  0.0, Max: 0, Diff: 0, Sum: 0, Workers: 4
[3418.317s][debug][gc,phases      ] GC(173)   StringTable Weak               Min:  0.0, Avg:  0.1, Max:  0.1, Diff:  0.1, Sum:  0.4, Workers: 4
[3418.317s][debug][gc,phases      ] GC(173)     Dead                           Min: 0, Avg:  0.0, Max: 0, Diff: 0, Sum: 0, Workers: 4
[3418.317s][debug][gc,phases      ] GC(173)     Total                          Min: 0, Avg: 10882.8, Max: 15296, Diff: 15296, Sum: 43531, Workers: 4
[3418.317s][debug][gc,phases      ] GC(173)   ResolvedMethodTable Weak       Min:  0.0, Avg:  0.0, Max:  0.0, Diff:  0.0, Sum:  0.1, Workers: 4
[3418.318s][debug][gc,phases      ] GC(173)     Dead                           Min: 0, Avg:  0.0, Max: 0, Diff: 0, Sum: 0, Workers: 4
[3418.318s][debug][gc,phases      ] GC(173)     Total                          Min: 0, Avg: 2403.2, Max: 3469, Diff: 3469, Sum: 9613, Workers: 4
[3418.318s][debug][gc,phases      ] GC(173)   JNI Weak                       Min:  0.0, Avg:  0.0, Max:  0.0, Diff:  0.0, Sum:  0.0, Workers: 4
[3418.318s][debug][gc,phases      ] GC(173)     Dead                           Min: 0, Avg:  0.0, Max: 0, Diff: 0, Sum: 0, Workers: 4
[3418.318s][debug][gc,phases      ] GC(173)     Total                          Min: 0, Avg: 11.2, Max: 45, Diff: 45, Sum: 45, Workers: 4
[3418.318s][debug][gc,phases      ] GC(173)   StringDedup Table Weak         Min:  0.0, Avg:  0.0, Max:  0.0, Diff:  0.0, Sum:  0.0, Workers: 4
[3418.318s][debug][gc,phases      ] GC(173)     Dead                           Min: 0, Avg:  0.0, Max: 0, Diff: 0, Sum: 0, Workers: 4
[3418.318s][debug][gc,phases      ] GC(173)     Total                          Min: 0, Avg:  0.0, Max: 0, Diff: 0, Sum: 0, Workers: 4
[3418.318s][debug][gc,phases      ] GC(173)   StringDedup Requests0 Weak     Min:  0.0, Avg:  0.0, Max:  0.0, Diff:  0.0, Sum:  0.0, Workers: 4
[3418.318s][debug][gc,phases      ] GC(173)     Dead                           Min: 0, Avg:  0.0, Max: 0, Diff: 0, Sum: 0, Workers: 4
[3418.318s][debug][gc,phases      ] GC(173)     Total                          Min: 0, Avg:  0.0, Max: 0, Diff: 0, Sum: 0, Workers: 4
[3418.318s][debug][gc,phases      ] GC(173)   StringDedup Requests1 Weak     Min:  0.0, Avg:  0.0, Max:  0.0, Diff:  0.0, Sum:  0.0, Workers: 4
[3418.318s][debug][gc,phases      ] GC(173)     Dead                           Min: 0, Avg:  0.0, Max: 0, Diff: 0, Sum: 0, Workers: 4
[3418.318s][debug][gc,phases      ] GC(173)     Total                          Min: 0, Avg:  0.0, Max: 0, Diff: 0, Sum: 0, Workers: 4
[3418.318s][debug][gc,phases      ] GC(173)   Weak JFR Old Object Samples    Min:  0.0, Avg:  0.0, Max:  0.0, Diff:  0.0, Sum:  0.0, Workers: 4
[3418.318s][debug][gc,phases      ] GC(173)     Dead                           Min: 0, Avg:  0.0, Max: 0, Diff: 0, Sum: 0, Workers: 4
[3418.318s][debug][gc,phases      ] GC(173)     Total                          Min: 0, Avg:  0.0, Max: 0, Diff: 0, Sum: 0, Workers: 4
[3418.318s][debug][gc,phases      ] GC(173) Weak Processing 0.375ms
[3418.318s][debug][gc,age         ] GC(173) Desired survivor size 118489088 bytes, new threshold 15 (max threshold 15)
[3418.318s][info ][gc,heap        ] GC(173) PSYoungGen: 1895024K(1979904K)->27632K(1894400K) Eden: 1866752K(1866752K)->0K(1866752K) From: 28272K(113152K)->27632K(27648K)
[3418.318s][info ][gc,heap        ] GC(173) ParOldGen: 650345K(675840K)->651373K(675840K)
[3418.318s][info ][gc,metaspace   ] GC(173) Metaspace: 83316K(84416K)->83316K(84416K) NonClass: 71631K(72256K)->71631K(72256K) Class: 11685K(12160K)->11685K(12160K)
[3418.318s][info ][gc             ] GC(173) Pause Young (Allocation Failure) 2485M->663M(2510M) 11.311ms
[3418.318s][info ][gc,cpu         ] GC(173) User=0.04s Sys=0.00s Real=0.01s
[3418.318s][info ][safepoint      ] Safepoint "ParallelGCFailedAllocation", Time since last: 3294916290 ns, Reaching safepoint: 43301 ns, At safepoint: 11395653 ns, Total: 11438954 ns
[3432.319s][info ][safepoint      ] Safepoint "Cleanup", Time since last: 14000877248 ns, Reaching safepoint: 53001 ns, At safepoint: 2400 ns, Total: 55401 ns
[3435.941s][info ][gc,start       ] GC(174) Pause Young (Allocation Failure)
[3435.952s][debug][gc,phases      ] GC(174) Scavenge 10.281ms
[3435.952s][debug][gc,ref         ] GC(174) Skipped phase 1 of Reference Processing: no references
[3435.952s][debug][gc,ref         ] GC(174) ReferenceProcessor::execute queues: 1, RefProcThreadModel::Single, marks_oops_alive: false
[3435.952s][debug][gc,ref         ] GC(174) Skipped phase 3 of Reference Processing: no references
[3435.952s][debug][gc,ref         ] GC(174) ReferenceProcessor::execute queues: 1, RefProcThreadModel::Single, marks_oops_alive: false
[3435.952s][debug][gc,phases      ] GC(174) Reference Processing 0.122ms
[3435.952s][debug][gc,phases      ] GC(174)   VM Weak                        Min:  0.0, Avg:  0.0, Max:  0.0, Diff:  0.0, Sum:  0.0, Workers: 4
[3435.952s][debug][gc,phases      ] GC(174)     Dead                           Min: 0, Avg:  0.0, Max: 0, Diff: 0, Sum: 0, Workers: 4
[3435.952s][debug][gc,phases      ] GC(174)     Total                          Min: 0, Avg: 230.8, Max: 512, Diff: 512, Sum: 923, Workers: 4
[3435.952s][debug][gc,phases      ] GC(174)   ObjectSynchronizer Weak        Min:  0.0, Avg:  0.0, Max:  0.0, Diff:  0.0, Sum:  0.0, Workers: 4
[3435.952s][debug][gc,phases      ] GC(174)     Dead                           Min: 0, Avg:  0.0, Max: 0, Diff: 0, Sum: 0, Workers: 4
[3435.952s][debug][gc,phases      ] GC(174)     Total                          Min: 0, Avg:  8.5, Max: 34, Diff: 34, Sum: 34, Workers: 4
[3435.952s][debug][gc,phases      ] GC(174)   JVMTI Tag Weak OopStorage      Min:  0.0, Avg:  0.0, Max:  0.0, Diff:  0.0, Sum:  0.0, Workers: 4
[3435.952s][debug][gc,phases      ] GC(174)     Dead                           Min: 0, Avg:  0.0, Max: 0, Diff: 0, Sum: 0, Workers: 4
[3435.952s][debug][gc,phases      ] GC(174)     Total                          Min: 0, Avg:  0.0, Max: 0, Diff: 0, Sum: 0, Workers: 4
[3435.952s][debug][gc,phases      ] GC(174)   StringTable Weak               Min:  0.0, Avg:  0.1, Max:  0.1, Diff:  0.1, Sum:  0.4, Workers: 4
[3435.952s][debug][gc,phases      ] GC(174)     Dead                           Min: 0, Avg:  0.0, Max: 0, Diff: 0, Sum: 0, Workers: 4
[3435.952s][debug][gc,phases      ] GC(174)     Total                          Min: 0, Avg: 10884.8, Max: 15232, Diff: 15232, Sum: 43539, Workers: 4
[3435.952s][debug][gc,phases      ] GC(174)   ResolvedMethodTable Weak       Min:  0.0, Avg:  0.0, Max:  0.0, Diff:  0.0, Sum:  0.1, Workers: 4
[3435.952s][debug][gc,phases      ] GC(174)     Dead                           Min: 0, Avg:  0.0, Max: 0, Diff: 0, Sum: 0, Workers: 4
[3435.952s][debug][gc,phases      ] GC(174)     Total                          Min: 0, Avg: 2403.2, Max: 3341, Diff: 3341, Sum: 9613, Workers: 4
[3435.952s][debug][gc,phases      ] GC(174)   JNI Weak                       Min:  0.0, Avg:  0.0, Max:  0.0, Diff:  0.0, Sum:  0.0, Workers: 4
[3435.952s][debug][gc,phases      ] GC(174)     Dead                           Min: 0, Avg:  0.0, Max: 0, Diff: 0, Sum: 0, Workers: 4
[3435.952s][debug][gc,phases      ] GC(174)     Total                          Min: 0, Avg: 11.2, Max: 45, Diff: 45, Sum: 45, Workers: 4
[3435.952s][debug][gc,phases      ] GC(174)   StringDedup Table Weak         Min:  0.0, Avg:  0.0, Max:  0.0, Diff:  0.0, Sum:  0.0, Workers: 4
[3435.952s][debug][gc,phases      ] GC(174)     Dead                           Min: 0, Avg:  0.0, Max: 0, Diff: 0, Sum: 0, Workers: 4
[3435.952s][debug][gc,phases      ] GC(174)     Total                          Min: 0, Avg:  0.0, Max: 0, Diff: 0, Sum: 0, Workers: 4
[3435.952s][debug][gc,phases      ] GC(174)   StringDedup Requests0 Weak     Min:  0.0, Avg:  0.0, Max:  0.0, Diff:  0.0, Sum:  0.0, Workers: 4
[3435.952s][debug][gc,phases      ] GC(174)     Dead                           Min: 0, Avg:  0.0, Max: 0, Diff: 0, Sum: 0, Workers: 4
[3435.952s][debug][gc,phases      ] GC(174)     Total                          Min: 0, Avg:  0.0, Max: 0, Diff: 0, Sum: 0, Workers: 4
[3435.952s][debug][gc,phases      ] GC(174)   StringDedup Requests1 Weak     Min:  0.0, Avg:  0.0, Max:  0.0, Diff:  0.0, Sum:  0.0, Workers: 4
[3435.952s][debug][gc,phases      ] GC(174)     Dead                           Min: 0, Avg:  0.0, Max: 0, Diff: 0, Sum: 0, Workers: 4
[3435.952s][debug][gc,phases      ] GC(174)     Total                          Min: 0, Avg:  0.0, Max: 0, Diff: 0, Sum: 0, Workers: 4
[3435.952s][debug][gc,phases      ] GC(174)   Weak JFR Old Object Samples    Min:  0.0, Avg:  0.0, Max:  0.0, Diff:  0.0, Sum:  0.0, Workers: 4
[3435.952s][debug][gc,phases      ] GC(174)     Dead                           Min: 0, Avg:  0.0, Max: 0, Diff: 0, Sum: 0, Workers: 4
[3435.952s][debug][gc,phases      ] GC(174)     Total                          Min: 0, Avg:  0.0, Max: 0, Diff: 0, Sum: 0, Workers: 4
[3435.952s][debug][gc,phases      ] GC(174) Weak Processing 0.380ms
[3435.952s][debug][gc,age         ] GC(174) Desired survivor size 119013376 bytes, new threshold 15 (max threshold 15)
[3435.952s][info ][gc,heap        ] GC(174) PSYoungGen: 1894384K(1894400K)->25120K(1980416K) Eden: 1866752K(1866752K)->0K(1864704K) From: 27632K(27648K)->25120K(115712K)
[3435.952s][info ][gc,heap        ] GC(174) ParOldGen: 651373K(675840K)->652949K(675840K)
[3435.952s][info ][gc,metaspace   ] GC(174) Metaspace: 83320K(84416K)->83320K(84416K) NonClass: 71635K(72256K)->71635K(72256K) Class: 11685K(12160K)->11685K(12160K)
[3435.952s][info ][gc             ] GC(174) Pause Young (Allocation Failure) 2486M->662M(2594M) 10.920ms
[3435.952s][info ][gc,cpu         ] GC(174) User=0.04s Sys=0.00s Real=0.02s
[3435.952s][info ][safepoint      ] Safepoint "ParallelGCFailedAllocation", Time since last: 3622728019 ns, Reaching safepoint: 75302 ns, At safepoint: 11000544 ns, Total: 11075846 ns
[3436.953s][info ][safepoint      ] Safepoint "Cleanup", Time since last: 1000109729 ns, Reaching safepoint: 118202 ns, At safepoint: 7201 ns, Total: 125403 ns
[3442.953s][info ][safepoint      ] Safepoint "Cleanup", Time since last: 6000517707 ns, Reaching safepoint: 115903 ns, At safepoint: 9200 ns, Total: 125103 ns
[3447.954s][info ][safepoint      ] Safepoint "Cleanup", Time since last: 5000423848 ns, Reaching safepoint: 127903 ns, At safepoint: 7000 ns, Total: 134903 ns
[3448.954s][info ][safepoint      ] Safepoint "Cleanup", Time since last: 1000136005 ns, Reaching safepoint: 128603 ns, At safepoint: 6500 ns, Total: 135103 ns
[3454.591s][info ][gc,start       ] GC(175) Pause Young (Allocation Failure)
[3454.603s][debug][gc,phases      ] GC(175) Scavenge 11.789ms
[3454.603s][debug][gc,ref         ] GC(175) Skipped phase 1 of Reference Processing: no references
[3454.603s][debug][gc,ref         ] GC(175) ReferenceProcessor::execute queues: 1, RefProcThreadModel::Single, marks_oops_alive: false
[3454.603s][debug][gc,ref         ] GC(175) Skipped phase 3 of Reference Processing: no references
[3454.603s][debug][gc,ref         ] GC(175) ReferenceProcessor::execute queues: 1, RefProcThreadModel::Single, marks_oops_alive: false
[3454.603s][debug][gc,phases      ] GC(175) Reference Processing 0.163ms
[3454.603s][debug][gc,phases      ] GC(175)   VM Weak                        Min:  0.0, Avg:  0.0, Max:  0.0, Diff:  0.0, Sum:  0.0, Workers: 4
[3454.603s][debug][gc,phases      ] GC(175)     Dead                           Min: 0, Avg:  0.0, Max: 0, Diff: 0, Sum: 0, Workers: 4
[3454.603s][debug][gc,phases      ] GC(175)     Total                          Min: 0, Avg: 230.8, Max: 576, Diff: 576, Sum: 923, Workers: 4
[3454.603s][debug][gc,phases      ] GC(175)   ObjectSynchronizer Weak        Min:  0.0, Avg:  0.0, Max:  0.0, Diff:  0.0, Sum:  0.0, Workers: 4
[3454.603s][debug][gc,phases      ] GC(175)     Dead                           Min: 0, Avg:  0.0, Max: 0, Diff: 0, Sum: 0, Workers: 4
[3454.603s][debug][gc,phases      ] GC(175)     Total                          Min: 0, Avg:  8.5, Max: 34, Diff: 34, Sum: 34, Workers: 4
[3454.603s][debug][gc,phases      ] GC(175)   JVMTI Tag Weak OopStorage      Min:  0.0, Avg:  0.0, Max:  0.0, Diff:  0.0, Sum:  0.0, Workers: 4
[3454.603s][debug][gc,phases      ] GC(175)     Dead                           Min: 0, Avg:  0.0, Max: 0, Diff: 0, Sum: 0, Workers: 4
[3454.603s][debug][gc,phases      ] GC(175)     Total                          Min: 0, Avg:  0.0, Max: 0, Diff: 0, Sum: 0, Workers: 4
[3454.603s][debug][gc,phases      ] GC(175)   StringTable Weak               Min:  0.0, Avg:  0.1, Max:  0.1, Diff:  0.1, Sum:  0.4, Workers: 4
[3454.603s][debug][gc,phases      ] GC(175)     Dead                           Min: 0, Avg:  0.0, Max: 0, Diff: 0, Sum: 0, Workers: 4
[3454.603s][debug][gc,phases      ] GC(175)     Total                          Min: 0, Avg: 10884.8, Max: 15360, Diff: 15360, Sum: 43539, Workers: 4
[3454.603s][debug][gc,phases      ] GC(175)   ResolvedMethodTable Weak       Min:  0.0, Avg:  0.0, Max:  0.0, Diff:  0.0, Sum:  0.1, Workers: 4
[3454.603s][debug][gc,phases      ] GC(175)     Dead                           Min: 0, Avg:  0.0, Max: 0, Diff: 0, Sum: 0, Workers: 4
[3454.603s][debug][gc,phases      ] GC(175)     Total                          Min: 0, Avg: 2403.2, Max: 3405, Diff: 3405, Sum: 9613, Workers: 4
[3454.603s][debug][gc,phases      ] GC(175)   JNI Weak                       Min:  0.0, Avg:  0.0, Max:  0.0, Diff:  0.0, Sum:  0.0, Workers: 4
[3454.603s][debug][gc,phases      ] GC(175)     Dead                           Min: 0, Avg:  0.0, Max: 0, Diff: 0, Sum: 0, Workers: 4
[3454.603s][debug][gc,phases      ] GC(175)     Total                          Min: 0, Avg: 11.2, Max: 45, Diff: 45, Sum: 45, Workers: 4
[3454.603s][debug][gc,phases      ] GC(175)   StringDedup Table Weak         Min:  0.0, Avg:  0.0, Max:  0.0, Diff:  0.0, Sum:  0.0, Workers: 4
[3454.603s][debug][gc,phases      ] GC(175)     Dead                           Min: 0, Avg:  0.0, Max: 0, Diff: 0, Sum: 0, Workers: 4
[3454.603s][debug][gc,phases      ] GC(175)     Total                          Min: 0, Avg:  0.0, Max: 0, Diff: 0, Sum: 0, Workers: 4
[3454.603s][debug][gc,phases      ] GC(175)   StringDedup Requests0 Weak     Min:  0.0, Avg:  0.0, Max:  0.0, Diff:  0.0, Sum:  0.0, Workers: 4
[3454.603s][debug][gc,phases      ] GC(175)     Dead                           Min: 0, Avg:  0.0, Max: 0, Diff: 0, Sum: 0, Workers: 4
[3454.603s][debug][gc,phases      ] GC(175)     Total                          Min: 0, Avg:  0.0, Max: 0, Diff: 0, Sum: 0, Workers: 4
[3454.603s][debug][gc,phases      ] GC(175)   StringDedup Requests1 Weak     Min:  0.0, Avg:  0.0, Max:  0.0, Diff:  0.0, Sum:  0.0, Workers: 4
[3454.603s][debug][gc,phases      ] GC(175)     Dead                           Min: 0, Avg:  0.0, Max: 0, Diff: 0, Sum: 0, Workers: 4
[3454.603s][debug][gc,phases      ] GC(175)     Total                          Min: 0, Avg:  0.0, Max: 0, Diff: 0, Sum: 0, Workers: 4
[3454.603s][debug][gc,phases      ] GC(175)   Weak JFR Old Object Samples    Min:  0.0, Avg:  0.0, Max:  0.0, Diff:  0.0, Sum:  0.0, Workers: 4
[3454.603s][debug][gc,phases      ] GC(175)     Dead                           Min: 0, Avg:  0.0, Max: 0, Diff: 0, Sum: 0, Workers: 4
[3454.603s][debug][gc,phases      ] GC(175)     Total                          Min: 0, Avg:  0.0, Max: 0, Diff: 0, Sum: 0, Workers: 4
[3454.603s][debug][gc,phases      ] GC(175) Weak Processing 0.392ms
[3454.603s][debug][gc,age         ] GC(175) Desired survivor size 121634816 bytes, new threshold 15 (max threshold 15)
[3454.603s][info ][gc,heap        ] GC(175) PSYoungGen: 1889824K(1980416K)->7152K(1871872K) Eden: 1864704K(1864704K)->0K(1864704K) From: 25120K(115712K)->7152K(7168K)
[3454.603s][info ][gc,heap        ] GC(175) ParOldGen: 652949K(675840K)->672326K(675840K)
[3454.603s][info ][gc,metaspace   ] GC(175) Metaspace: 83320K(84416K)->83320K(84416K) NonClass: 71635K(72256K)->71635K(72256K) Class: 11685K(12160K)->11685K(12160K)
[3454.603s][info ][gc             ] GC(175) Pause Young (Allocation Failure) 2483M->663M(2488M) 12.485ms
[3454.603s][info ][gc,cpu         ] GC(175) User=0.04s Sys=0.01s Real=0.01s
[3454.603s][debug][gc,phases      ] GC(176) Pre Compact 0.010ms
[3454.603s][info ][gc,start       ] GC(176) Pause Full (Ergonomics)
[3454.603s][info ][gc,phases,start] GC(176) Marking Phase
[3454.744s][debug][gc,phases      ] GC(176) Par Mark 140.444ms
[3454.744s][debug][gc,ref         ] GC(176) ReferenceProcessor::execute queues: 4, RefProcThreadModel::Multi, marks_oops_alive: true
[3454.745s][debug][gc,ref         ] GC(176) ReferenceProcessor::execute queues: 4, RefProcThreadModel::Multi, marks_oops_alive: false
[3454.745s][debug][gc,ref         ] GC(176) Skipped phase 3 of Reference Processing: no references
[3454.745s][debug][gc,ref         ] GC(176) ReferenceProcessor::execute queues: 1, RefProcThreadModel::Single, marks_oops_alive: false
[3454.745s][debug][gc,phases      ] GC(176) Reference Processing 1.448ms
[3454.746s][debug][gc,phases      ] GC(176)   VM Weak                        Min:  0.0, Avg:  0.0, Max:  0.0, Diff:  0.0, Sum:  0.0, Workers: 4
[3454.746s][debug][gc,phases      ] GC(176)     Dead                           Min: 0, Avg: 38.5, Max: 66, Diff: 66, Sum: 154, Workers: 4
[3454.746s][debug][gc,phases      ] GC(176)     Total                          Min: 0, Avg: 230.8, Max: 384, Diff: 384, Sum: 923, Workers: 4
[3454.746s][debug][gc,phases      ] GC(176)   ObjectSynchronizer Weak        Min:  0.0, Avg:  0.0, Max:  0.0, Diff:  0.0, Sum:  0.0, Workers: 4
[3454.746s][debug][gc,phases      ] GC(176)     Dead                           Min: 0, Avg:  0.0, Max: 0, Diff: 0, Sum: 0, Workers: 4
[3454.746s][debug][gc,phases      ] GC(176)     Total                          Min: 0, Avg:  8.5, Max: 34, Diff: 34, Sum: 34, Workers: 4
[3454.746s][debug][gc,phases      ] GC(176)   JVMTI Tag Weak OopStorage      Min:  0.0, Avg:  0.0, Max:  0.0, Diff:  0.0, Sum:  0.0, Workers: 4
[3454.746s][debug][gc,phases      ] GC(176)     Dead                           Min: 0, Avg:  0.0, Max: 0, Diff: 0, Sum: 0, Workers: 4
[3454.746s][debug][gc,phases      ] GC(176)     Total                          Min: 0, Avg:  0.0, Max: 0, Diff: 0, Sum: 0, Workers: 4
[3454.746s][debug][gc,phases      ] GC(176)   StringTable Weak               Min:  0.0, Avg:  0.2, Max:  0.2, Diff:  0.2, Sum:  0.6, Workers: 4
[3454.746s][debug][gc,phases      ] GC(176)     Dead                           Min: 0, Avg: 293.8, Max: 454, Diff: 454, Sum: 1175, Workers: 4
[3454.746s][debug][gc,phases      ] GC(176)     Total                          Min: 0, Avg: 10884.8, Max: 14912, Diff: 14912, Sum: 43539, Workers: 4
[3454.746s][debug][gc,phases      ] GC(176)   ResolvedMethodTable Weak       Min:  0.0, Avg:  0.0, Max:  0.0, Diff:  0.0, Sum:  0.1, Workers: 4
[3454.746s][debug][gc,phases      ] GC(176)     Dead                           Min: 0, Avg: 39.5, Max: 76, Diff: 76, Sum: 158, Workers: 4
[3454.746s][debug][gc,phases      ] GC(176)     Total                          Min: 0, Avg: 2403.2, Max: 3264, Diff: 3264, Sum: 9613, Workers: 4
[3454.746s][debug][gc,phases      ] GC(176)   JNI Weak                       Min:  0.0, Avg:  0.0, Max:  0.0, Diff:  0.0, Sum:  0.0, Workers: 4
[3454.746s][debug][gc,phases      ] GC(176)     Dead                           Min: 0, Avg:  0.0, Max: 0, Diff: 0, Sum: 0, Workers: 4
[3454.746s][debug][gc,phases      ] GC(176)     Total                          Min: 0, Avg: 11.2, Max: 45, Diff: 45, Sum: 45, Workers: 4
[3454.746s][debug][gc,phases      ] GC(176)   StringDedup Table Weak         Min:  0.0, Avg:  0.0, Max:  0.0, Diff:  0.0, Sum:  0.0, Workers: 4
[3454.746s][debug][gc,phases      ] GC(176)     Dead                           Min: 0, Avg:  0.0, Max: 0, Diff: 0, Sum: 0, Workers: 4
[3454.746s][debug][gc,phases      ] GC(176)     Total                          Min: 0, Avg:  0.0, Max: 0, Diff: 0, Sum: 0, Workers: 4
[3454.746s][debug][gc,phases      ] GC(176)   StringDedup Requests0 Weak     Min:  0.0, Avg:  0.0, Max:  0.0, Diff:  0.0, Sum:  0.0, Workers: 4
[3454.746s][debug][gc,phases      ] GC(176)     Dead                           Min: 0, Avg:  0.0, Max: 0, Diff: 0, Sum: 0, Workers: 4
[3454.746s][debug][gc,phases      ] GC(176)     Total                          Min: 0, Avg:  0.0, Max: 0, Diff: 0, Sum: 0, Workers: 4
[3454.746s][debug][gc,phases      ] GC(176)   StringDedup Requests1 Weak     Min:  0.0, Avg:  0.0, Max:  0.0, Diff:  0.0, Sum:  0.0, Workers: 4
[3454.746s][debug][gc,phases      ] GC(176)     Dead                           Min: 0, Avg:  0.0, Max: 0, Diff: 0, Sum: 0, Workers: 4
[3454.746s][debug][gc,phases      ] GC(176)     Total                          Min: 0, Avg:  0.0, Max: 0, Diff: 0, Sum: 0, Workers: 4
[3454.746s][debug][gc,phases      ] GC(176)   Weak JFR Old Object Samples    Min:  0.0, Avg:  0.0, Max:  0.0, Diff:  0.0, Sum:  0.0, Workers: 4
[3454.746s][debug][gc,phases      ] GC(176)     Dead                           Min: 0, Avg:  0.0, Max: 0, Diff: 0, Sum: 0, Workers: 4
[3454.746s][debug][gc,phases      ] GC(176)     Total                          Min: 0, Avg:  0.0, Max: 0, Diff: 0, Sum: 0, Workers: 4
[3454.746s][debug][gc,phases      ] GC(176) Weak Processing 0.510ms
[3454.747s][debug][gc,phases      ] GC(176) ClassLoaderData 1.138ms
[3454.747s][debug][gc,phases      ] GC(176) Trigger cleanups 0.012ms
[3454.790s][debug][gc,phases      ] GC(176) Class Unloading 43.932ms
[3454.790s][info ][gc,phases      ] GC(176) Marking Phase 186.574ms
[3454.790s][info ][gc,phases,start] GC(176) Summary Phase
[3454.790s][info ][gc,phases      ] GC(176) Summary Phase 0.023ms
[3454.790s][info ][gc,phases,start] GC(176) Adjust Roots
[3454.806s][info ][gc,phases      ] GC(176) Adjust Roots 15.950ms
[3454.806s][info ][gc,phases,start] GC(176) Compaction Phase
[3454.942s][info ][gc,phases      ] GC(176) Compaction Phase 136.314ms
[3454.942s][info ][gc,phases,start] GC(176) Post Compact
[3454.946s][info ][gc,phases      ] GC(176) Post Compact 3.259ms
[3454.946s][info ][gc,heap        ] GC(176) PSYoungGen: 7152K(1871872K)->0K(1978368K) Eden: 0K(1864704K)->0K(1859584K) From: 7152K(7168K)->0K(118784K)
[3454.946s][info ][gc,heap        ] GC(176) ParOldGen: 672326K(675840K)->479790K(653312K)
[3454.946s][info ][gc,metaspace   ] GC(176) Metaspace: 83320K(84416K)->82995K(84416K) NonClass: 71635K(72256K)->71389K(72256K) Class: 11685K(12160K)->11606K(12160K)
[3454.946s][info ][gc             ] GC(176) Pause Full (Ergonomics) 663M->468M(2570M) 342.624ms
[3454.946s][info ][gc,cpu         ] GC(176) User=0.96s Sys=0.00s Real=0.35s
[3454.947s][info ][safepoint      ] Safepoint "ParallelGCFailedAllocation", Time since last: 5636527044 ns, Reaching safepoint: 108503 ns, At safepoint: 356027304 ns, Total: 356135807 ns
[3466.948s][info ][safepoint      ] Safepoint "Cleanup", Time since last: 12001180358 ns, Reaching safepoint: 109403 ns, At safepoint: 5600 ns, Total: 115003 ns
[3472.842s][info ][gc,start       ] GC(177) Pause Young (Allocation Failure)
[3472.847s][debug][gc,phases      ] GC(177) Scavenge 5.060ms
[3472.847s][debug][gc,ref         ] GC(177) Skipped phase 1 of Reference Processing: no references
[3472.847s][debug][gc,ref         ] GC(177) ReferenceProcessor::execute queues: 1, RefProcThreadModel::Single, marks_oops_alive: false
[3472.847s][debug][gc,ref         ] GC(177) Skipped phase 3 of Reference Processing: no references
[3472.847s][debug][gc,ref         ] GC(177) ReferenceProcessor::execute queues: 1, RefProcThreadModel::Single, marks_oops_alive: false
[3472.847s][debug][gc,phases      ] GC(177) Reference Processing 0.128ms
[3472.848s][debug][gc,phases      ] GC(177)   VM Weak                        Min:  0.0, Avg:  0.0, Max:  0.0, Diff:  0.0, Sum:  0.0, Workers: 4
[3472.848s][debug][gc,phases      ] GC(177)     Dead                           Min: 0, Avg:  0.0, Max: 0, Diff: 0, Sum: 0, Workers: 4
[3472.848s][debug][gc,phases      ] GC(177)     Total                          Min: 0, Avg: 192.2, Max: 641, Diff: 641, Sum: 769, Workers: 4
[3472.848s][debug][gc,phases      ] GC(177)   ObjectSynchronizer Weak        Min:  0.0, Avg:  0.0, Max:  0.0, Diff:  0.0, Sum:  0.0, Workers: 4
[3472.848s][debug][gc,phases      ] GC(177)     Dead                           Min: 0, Avg:  0.0, Max: 0, Diff: 0, Sum: 0, Workers: 4
[3472.848s][debug][gc,phases      ] GC(177)     Total                          Min: 0, Avg:  8.5, Max: 34, Diff: 34, Sum: 34, Workers: 4
[3472.848s][debug][gc,phases      ] GC(177)   JVMTI Tag Weak OopStorage      Min:  0.0, Avg:  0.0, Max:  0.0, Diff:  0.0, Sum:  0.0, Workers: 4
[3472.848s][debug][gc,phases      ] GC(177)     Dead                           Min: 0, Avg:  0.0, Max: 0, Diff: 0, Sum: 0, Workers: 4
[3472.848s][debug][gc,phases      ] GC(177)     Total                          Min: 0, Avg:  0.0, Max: 0, Diff: 0, Sum: 0, Workers: 4
[3472.848s][debug][gc,phases      ] GC(177)   StringTable Weak               Min:  0.0, Avg:  0.1, Max:  0.2, Diff:  0.2, Sum:  0.5, Workers: 4
[3472.848s][debug][gc,phases      ] GC(177)     Dead                           Min: 0, Avg:  0.0, Max: 0, Diff: 0, Sum: 0, Workers: 4
[3472.848s][debug][gc,phases      ] GC(177)     Total                          Min: 0, Avg: 10885.0, Max: 15060, Diff: 15060, Sum: 43540, Workers: 4
[3472.848s][debug][gc,phases      ] GC(177)   ResolvedMethodTable Weak       Min:  0.0, Avg:  0.0, Max:  0.1, Diff:  0.1, Sum:  0.1, Workers: 4
[3472.848s][debug][gc,phases      ] GC(177)     Dead                           Min: 0, Avg:  0.0, Max: 0, Diff: 0, Sum: 0, Workers: 4
[3472.848s][debug][gc,phases      ] GC(177)     Total                          Min: 0, Avg: 2403.8, Max: 4864, Diff: 4864, Sum: 9615, Workers: 4
[3472.848s][debug][gc,phases      ] GC(177)   JNI Weak                       Min:  0.0, Avg:  0.0, Max:  0.0, Diff:  0.0, Sum:  0.0, Workers: 4
[3472.848s][debug][gc,phases      ] GC(177)     Dead                           Min: 0, Avg:  0.0, Max: 0, Diff: 0, Sum: 0, Workers: 4
[3472.848s][debug][gc,phases      ] GC(177)     Total                          Min: 0, Avg: 11.2, Max: 45, Diff: 45, Sum: 45, Workers: 4
[3472.848s][debug][gc,phases      ] GC(177)   StringDedup Table Weak         Min:  0.0, Avg:  0.0, Max:  0.0, Diff:  0.0, Sum:  0.0, Workers: 4
[3472.848s][debug][gc,phases      ] GC(177)     Dead                           Min: 0, Avg:  0.0, Max: 0, Diff: 0, Sum: 0, Workers: 4
[3472.848s][debug][gc,phases      ] GC(177)     Total                          Min: 0, Avg:  0.0, Max: 0, Diff: 0, Sum: 0, Workers: 4
[3472.848s][debug][gc,phases      ] GC(177)   StringDedup Requests0 Weak     Min:  0.0, Avg:  0.0, Max:  0.0, Diff:  0.0, Sum:  0.0, Workers: 4
[3472.848s][debug][gc,phases      ] GC(177)     Dead                           Min: 0, Avg:  0.0, Max: 0, Diff: 0, Sum: 0, Workers: 4
[3472.848s][debug][gc,phases      ] GC(177)     Total                          Min: 0, Avg:  0.0, Max: 0, Diff: 0, Sum: 0, Workers: 4
[3472.848s][debug][gc,phases      ] GC(177)   StringDedup Requests1 Weak     Min:  0.0, Avg:  0.0, Max:  0.0, Diff:  0.0, Sum:  0.0, Workers: 4
[3472.848s][debug][gc,phases      ] GC(177)     Dead                           Min: 0, Avg:  0.0, Max: 0, Diff: 0, Sum: 0, Workers: 4
[3472.848s][debug][gc,phases      ] GC(177)     Total                          Min: 0, Avg:  0.0, Max: 0, Diff: 0, Sum: 0, Workers: 4
[3472.848s][debug][gc,phases      ] GC(177)   Weak JFR Old Object Samples    Min:  0.0, Avg:  0.0, Max:  0.0, Diff:  0.0, Sum:  0.0, Workers: 4
[3472.848s][debug][gc,phases      ] GC(177)     Dead                           Min: 0, Avg:  0.0, Max: 0, Diff: 0, Sum: 0, Workers: 4
[3472.848s][debug][gc,phases      ] GC(177)     Total                          Min: 0, Avg:  0.0, Max: 0, Diff: 0, Sum: 0, Workers: 4
[3472.848s][debug][gc,phases      ] GC(177) Weak Processing 0.489ms
[3472.848s][debug][gc,age         ] GC(177) Desired survivor size 122683392 bytes, new threshold 15 (max threshold 15)
[3472.848s][info ][gc,heap        ] GC(177) PSYoungGen: 1859584K(1978368K)->4480K(1864192K) Eden: 1859584K(1859584K)->0K(1859584K) From: 0K(118784K)->4480K(4608K)
[3472.848s][info ][gc,heap        ] GC(177) ParOldGen: 479790K(653312K)->479790K(653312K)
[3472.848s][info ][gc,metaspace   ] GC(177) Metaspace: 82999K(84416K)->82999K(84416K) NonClass: 71391K(72256K)->71391K(72256K) Class: 11607K(12160K)->11607K(12160K)
[3472.848s][info ][gc             ] GC(177) Pause Young (Allocation Failure) 2284M->472M(2458M) 5.834ms
[3472.848s][info ][gc,cpu         ] GC(177) User=0.02s Sys=0.00s Real=0.01s
[3472.848s][info ][safepoint      ] Safepoint "ParallelGCFailedAllocation", Time since last: 5893733682 ns, Reaching safepoint: 130003 ns, At safepoint: 5924931 ns, Total: 6054934 ns
[3476.848s][info ][safepoint      ] Safepoint "Cleanup", Time since last: 4000321654 ns, Reaching safepoint: 129302 ns, At safepoint: 7301 ns, Total: 136603 ns
[3480.849s][info ][safepoint      ] Safepoint "Cleanup", Time since last: 4000317310 ns, Reaching safepoint: 162504 ns, At safepoint: 6500 ns, Total: 169004 ns
[3486.849s][info ][safepoint      ] Safepoint "Cleanup", Time since last: 6000504598 ns, Reaching safepoint: 128303 ns, At safepoint: 6800 ns, Total: 135103 ns
[3488.850s][info ][safepoint      ] Safepoint "Cleanup", Time since last: 2000197672 ns, Reaching safepoint: 116403 ns, At safepoint: 33000 ns, Total: 149403 ns
[3493.191s][info ][gc,start       ] GC(178) Pause Young (Allocation Failure)
[3493.194s][debug][gc,phases      ] GC(178) Scavenge 3.637ms
[3493.194s][debug][gc,ref         ] GC(178) Skipped phase 1 of Reference Processing: no references
[3493.194s][debug][gc,ref         ] GC(178) ReferenceProcessor::execute queues: 1, RefProcThreadModel::Single, marks_oops_alive: false
[3493.195s][debug][gc,ref         ] GC(178) Skipped phase 3 of Reference Processing: no references
[3493.195s][debug][gc,ref         ] GC(178) ReferenceProcessor::execute queues: 1, RefProcThreadModel::Single, marks_oops_alive: false
[3493.195s][debug][gc,phases      ] GC(178) Reference Processing 0.113ms
[3493.195s][debug][gc,phases      ] GC(178)   VM Weak                        Min:  0.0, Avg:  0.0, Max:  0.0, Diff:  0.0, Sum:  0.0, Workers: 4
[3493.195s][debug][gc,phases      ] GC(178)     Dead                           Min: 0, Avg:  0.0, Max: 0, Diff: 0, Sum: 0, Workers: 4
[3493.195s][debug][gc,phases      ] GC(178)     Total                          Min: 0, Avg: 192.2, Max: 679, Diff: 679, Sum: 769, Workers: 4
[3493.195s][debug][gc,phases      ] GC(178)   ObjectSynchronizer Weak        Min:  0.0, Avg:  0.0, Max:  0.0, Diff:  0.0, Sum:  0.0, Workers: 4
[3493.195s][debug][gc,phases      ] GC(178)     Dead                           Min: 0, Avg:  0.0, Max: 0, Diff: 0, Sum: 0, Workers: 4
[3493.195s][debug][gc,phases      ] GC(178)     Total                          Min: 0, Avg:  8.5, Max: 34, Diff: 34, Sum: 34, Workers: 4
[3493.195s][debug][gc,phases      ] GC(178)   JVMTI Tag Weak OopStorage      Min:  0.0, Avg:  0.0, Max:  0.0, Diff:  0.0, Sum:  0.0, Workers: 4
[3493.195s][debug][gc,phases      ] GC(178)     Dead                           Min: 0, Avg:  0.0, Max: 0, Diff: 0, Sum: 0, Workers: 4
[3493.195s][debug][gc,phases      ] GC(178)     Total                          Min: 0, Avg:  0.0, Max: 0, Diff: 0, Sum: 0, Workers: 4
[3493.195s][debug][gc,phases      ] GC(178)   StringTable Weak               Min:  0.1, Avg:  0.1, Max:  0.1, Diff:  0.0, Sum:  0.4, Workers: 4
[3493.195s][debug][gc,phases      ] GC(178)     Dead                           Min: 0, Avg:  0.2, Max: 1, Diff: 1, Sum: 1, Workers: 4
[3493.195s][debug][gc,phases      ] GC(178)     Total                          Min: 9367, Avg: 10885.5, Max: 12031, Diff: 2664, Sum: 43542, Workers: 4
[3493.195s][debug][gc,phases      ] GC(178)   ResolvedMethodTable Weak       Min:  0.0, Avg:  0.0, Max:  0.0, Diff:  0.0, Sum:  0.1, Workers: 4
[3493.195s][debug][gc,phases      ] GC(178)     Dead                           Min: 0, Avg:  0.0, Max: 0, Diff: 0, Sum: 0, Workers: 4
[3493.195s][debug][gc,phases      ] GC(178)     Total                          Min: 2368, Avg: 2404.8, Max: 2515, Diff: 147, Sum: 9619, Workers: 4
[3493.195s][debug][gc,phases      ] GC(178)   JNI Weak                       Min:  0.0, Avg:  0.0, Max:  0.0, Diff:  0.0, Sum:  0.0, Workers: 4
[3493.195s][debug][gc,phases      ] GC(178)     Dead                           Min: 0, Avg:  0.0, Max: 0, Diff: 0, Sum: 0, Workers: 4
[3493.195s][debug][gc,phases      ] GC(178)     Total                          Min: 0, Avg: 11.2, Max: 45, Diff: 45, Sum: 45, Workers: 4
[3493.195s][debug][gc,phases      ] GC(178)   StringDedup Table Weak         Min:  0.0, Avg:  0.0, Max:  0.0, Diff:  0.0, Sum:  0.0, Workers: 4
[3493.195s][debug][gc,phases      ] GC(178)     Dead                           Min: 0, Avg:  0.0, Max: 0, Diff: 0, Sum: 0, Workers: 4
[3493.195s][debug][gc,phases      ] GC(178)     Total                          Min: 0, Avg:  0.0, Max: 0, Diff: 0, Sum: 0, Workers: 4
[3493.195s][debug][gc,phases      ] GC(178)   StringDedup Requests0 Weak     Min:  0.0, Avg:  0.0, Max:  0.0, Diff:  0.0, Sum:  0.0, Workers: 4
[3493.195s][debug][gc,phases      ] GC(178)     Dead                           Min: 0, Avg:  0.0, Max: 0, Diff: 0, Sum: 0, Workers: 4
[3493.195s][debug][gc,phases      ] GC(178)     Total                          Min: 0, Avg:  0.0, Max: 0, Diff: 0, Sum: 0, Workers: 4
[3493.195s][debug][gc,phases      ] GC(178)   StringDedup Requests1 Weak     Min:  0.0, Avg:  0.0, Max:  0.0, Diff:  0.0, Sum:  0.0, Workers: 4
[3493.195s][debug][gc,phases      ] GC(178)     Dead                           Min: 0, Avg:  0.0, Max: 0, Diff: 0, Sum: 0, Workers: 4
[3493.195s][debug][gc,phases      ] GC(178)     Total                          Min: 0, Avg:  0.0, Max: 0, Diff: 0, Sum: 0, Workers: 4
[3493.195s][debug][gc,phases      ] GC(178)   Weak JFR Old Object Samples    Min:  0.0, Avg:  0.0, Max:  0.0, Diff:  0.0, Sum:  0.0, Workers: 4
[3493.195s][debug][gc,phases      ] GC(178)     Dead                           Min: 0, Avg:  0.0, Max: 0, Diff: 0, Sum: 0, Workers: 4
[3493.195s][debug][gc,phases      ] GC(178)     Total                          Min: 0, Avg:  0.0, Max: 0, Diff: 0, Sum: 0, Workers: 4
[3493.195s][debug][gc,phases      ] GC(178) Weak Processing 0.342ms
[3493.195s][debug][gc,age         ] GC(178) Desired survivor size 122159104 bytes, new threshold 15 (max threshold 15)
[3493.195s][info ][gc,heap        ] GC(178) PSYoungGen: 1864064K(1864192K)->5280K(1977856K) Eden: 1859584K(1859584K)->0K(1858048K) From: 4480K(4608K)->5280K(119808K)
[3493.195s][info ][gc,heap        ] GC(178) ParOldGen: 479790K(653312K)->479790K(653312K)
[3493.195s][info ][gc,metaspace   ] GC(178) Metaspace: 83005K(84416K)->83005K(84416K) NonClass: 71396K(72256K)->71396K(72256K) Class: 11608K(12160K)->11608K(12160K)
[3493.195s][info ][gc             ] GC(178) Pause Young (Allocation Failure) 2288M->473M(2569M) 4.230ms
[3493.195s][info ][gc,cpu         ] GC(178) User=0.01s Sys=0.00s Real=0.01s
[3493.195s][info ][safepoint      ] Safepoint "ParallelGCFailedAllocation", Time since last: 4340743980 ns, Reaching safepoint: 116103 ns, At safepoint: 4313396 ns, Total: 4429499 ns
[3501.196s][info ][safepoint      ] Safepoint "Cleanup", Time since last: 8000576406 ns, Reaching safepoint: 126302 ns, At safepoint: 7100 ns, Total: 133402 ns
[3502.196s][info ][safepoint      ] Safepoint "Cleanup", Time since last: 1000127894 ns, Reaching safepoint: 120103 ns, At safepoint: 5800 ns, Total: 125903 ns
[3503.196s][info ][safepoint      ] Safepoint "Cleanup", Time since last: 1000121690 ns, Reaching safepoint: 115102 ns, At safepoint: 5901 ns, Total: 121003 ns
[3504.196s][info ][safepoint      ] Safepoint "Cleanup", Time since last: 1000127471 ns, Reaching safepoint: 119903 ns, At safepoint: 14700 ns, Total: 134603 ns
[3505.197s][info ][safepoint      ] Safepoint "Cleanup", Time since last: 1000124471 ns, Reaching safepoint: 127303 ns, At safepoint: 6500 ns, Total: 133803 ns
[3507.197s][info ][safepoint      ] Safepoint "Cleanup", Time since last: 2000200842 ns, Reaching safepoint: 127302 ns, At safepoint: 6001 ns, Total: 133303 ns
[3511.992s][info ][gc,start       ] GC(179) Pause Young (Allocation Failure)
[3511.996s][debug][gc,phases      ] GC(179) Scavenge 4.042ms
[3511.996s][debug][gc,ref         ] GC(179) Skipped phase 1 of Reference Processing: no references
[3511.996s][debug][gc,ref         ] GC(179) ReferenceProcessor::execute queues: 1, RefProcThreadModel::Single, marks_oops_alive: false
[3511.996s][debug][gc,ref         ] GC(179) Skipped phase 3 of Reference Processing: no references
[3511.996s][debug][gc,ref         ] GC(179) Skipped phase 4 of Reference Processing: no references
[3511.996s][debug][gc,phases      ] GC(179) Reference Processing 0.132ms
[3511.996s][debug][gc,phases      ] GC(179)   VM Weak                        Min:  0.0, Avg:  0.0, Max:  0.0, Diff:  0.0, Sum:  0.0, Workers: 4
[3511.996s][debug][gc,phases      ] GC(179)     Dead                           Min: 0, Avg:  0.0, Max: 0, Diff: 0, Sum: 0, Workers: 4
[3511.996s][debug][gc,phases      ] GC(179)     Total                          Min: 0, Avg: 192.2, Max: 743, Diff: 743, Sum: 769, Workers: 4
[3511.996s][debug][gc,phases      ] GC(179)   ObjectSynchronizer Weak        Min:  0.0, Avg:  0.0, Max:  0.0, Diff:  0.0, Sum:  0.0, Workers: 4
[3511.996s][debug][gc,phases      ] GC(179)     Dead                           Min: 0, Avg:  0.0, Max: 0, Diff: 0, Sum: 0, Workers: 4
[3511.996s][debug][gc,phases      ] GC(179)     Total                          Min: 0, Avg:  8.5, Max: 34, Diff: 34, Sum: 34, Workers: 4
[3511.996s][debug][gc,phases      ] GC(179)   JVMTI Tag Weak OopStorage      Min:  0.0, Avg:  0.0, Max:  0.0, Diff:  0.0, Sum:  0.0, Workers: 4
[3511.996s][debug][gc,phases      ] GC(179)     Dead                           Min: 0, Avg:  0.0, Max: 0, Diff: 0, Sum: 0, Workers: 4
[3511.996s][debug][gc,phases      ] GC(179)     Total                          Min: 0, Avg:  0.0, Max: 0, Diff: 0, Sum: 0, Workers: 4
[3511.996s][debug][gc,phases      ] GC(179)   StringTable Weak               Min:  0.0, Avg:  0.1, Max:  0.1, Diff:  0.1, Sum:  0.4, Workers: 4
[3511.996s][debug][gc,phases      ] GC(179)     Dead                           Min: 0, Avg:  0.0, Max: 0, Diff: 0, Sum: 0, Workers: 4
[3511.996s][debug][gc,phases      ] GC(179)     Total                          Min: 0, Avg: 10885.5, Max: 14998, Diff: 14998, Sum: 43542, Workers: 4
[3511.996s][debug][gc,phases      ] GC(179)   ResolvedMethodTable Weak       Min:  0.0, Avg:  0.0, Max:  0.0, Diff:  0.0, Sum:  0.1, Workers: 4
[3511.996s][debug][gc,phases      ] GC(179)     Dead                           Min: 0, Avg:  0.0, Max: 0, Diff: 0, Sum: 0, Workers: 4
[3511.996s][debug][gc,phases      ] GC(179)     Total                          Min: 0, Avg: 2404.8, Max: 3392, Diff: 3392, Sum: 9619, Workers: 4
[3511.996s][debug][gc,phases      ] GC(179)   JNI Weak                       Min:  0.0, Avg:  0.0, Max:  0.0, Diff:  0.0, Sum:  0.0, Workers: 4
[3511.996s][debug][gc,phases      ] GC(179)     Dead                           Min: 0, Avg:  0.0, Max: 0, Diff: 0, Sum: 0, Workers: 4
[3511.996s][debug][gc,phases      ] GC(179)     Total                          Min: 0, Avg: 11.2, Max: 45, Diff: 45, Sum: 45, Workers: 4
[3511.996s][debug][gc,phases      ] GC(179)   StringDedup Table Weak         Min:  0.0, Avg:  0.0, Max:  0.0, Diff:  0.0, Sum:  0.0, Workers: 4
[3511.996s][debug][gc,phases      ] GC(179)     Dead                           Min: 0, Avg:  0.0, Max: 0, Diff: 0, Sum: 0, Workers: 4
[3511.996s][debug][gc,phases      ] GC(179)     Total                          Min: 0, Avg:  0.0, Max: 0, Diff: 0, Sum: 0, Workers: 4
[3511.996s][debug][gc,phases      ] GC(179)   StringDedup Requests0 Weak     Min:  0.0, Avg:  0.0, Max:  0.0, Diff:  0.0, Sum:  0.0, Workers: 4
[3511.996s][debug][gc,phases      ] GC(179)     Dead                           Min: 0, Avg:  0.0, Max: 0, Diff: 0, Sum: 0, Workers: 4
[3511.996s][debug][gc,phases      ] GC(179)     Total                          Min: 0, Avg:  0.0, Max: 0, Diff: 0, Sum: 0, Workers: 4
[3511.996s][debug][gc,phases      ] GC(179)   StringDedup Requests1 Weak     Min:  0.0, Avg:  0.0, Max:  0.0, Diff:  0.0, Sum:  0.0, Workers: 4
[3511.996s][debug][gc,phases      ] GC(179)     Dead                           Min: 0, Avg:  0.0, Max: 0, Diff: 0, Sum: 0, Workers: 4
[3511.996s][debug][gc,phases      ] GC(179)     Total                          Min: 0, Avg:  0.0, Max: 0, Diff: 0, Sum: 0, Workers: 4
[3511.996s][debug][gc,phases      ] GC(179)   Weak JFR Old Object Samples    Min:  0.0, Avg:  0.0, Max:  0.0, Diff:  0.0, Sum:  0.0, Workers: 4
[3511.996s][debug][gc,phases      ] GC(179)     Dead                           Min: 0, Avg:  0.0, Max: 0, Diff: 0, Sum: 0, Workers: 4
[3511.996s][debug][gc,phases      ] GC(179)     Total                          Min: 0, Avg:  0.0, Max: 0, Diff: 0, Sum: 0, Workers: 4
[3511.996s][debug][gc,phases      ] GC(179) Weak Processing 0.354ms
[3511.996s][debug][gc,age         ] GC(179) Desired survivor size 121110528 bytes, new threshold 15 (max threshold 15)
[3511.996s][info ][gc,heap        ] GC(179) PSYoungGen: 1863328K(1977856K)->5440K(1977344K) Eden: 1858048K(1858048K)->0K(1858048K) From: 5280K(119808K)->5440K(119296K)
[3511.996s][info ][gc,heap        ] GC(179) ParOldGen: 479790K(653312K)->479790K(653312K)
[3511.996s][info ][gc,metaspace   ] GC(179) Metaspace: 83013K(84416K)->83013K(84416K) NonClass: 71404K(72256K)->71404K(72256K) Class: 11608K(12160K)->11608K(12160K)
[3511.996s][info ][gc             ] GC(179) Pause Young (Allocation Failure) 2288M->473M(2569M) 4.669ms
[3511.996s][info ][gc,cpu         ] GC(179) User=0.01s Sys=0.00s Real=0.01s
[3511.996s][info ][safepoint      ] Safepoint "ParallelGCFailedAllocation", Time since last: 4794318092 ns, Reaching safepoint: 114602 ns, At safepoint: 4750401 ns, Total: 4865003 ns
[3519.997s][info ][safepoint      ] Safepoint "Cleanup", Time since last: 8000587368 ns, Reaching safepoint: 113903 ns, At safepoint: 7000 ns, Total: 120903 ns
[3522.997s][info ][safepoint      ] Safepoint "Cleanup", Time since last: 3000254941 ns, Reaching safepoint: 102903 ns, At safepoint: 3800 ns, Total: 106703 ns
[3529.998s][info ][safepoint      ] Safepoint "Cleanup", Time since last: 7000534139 ns, Reaching safepoint: 114902 ns, At safepoint: 8100 ns, Total: 123002 ns
[3530.100s][info ][gc,start       ] GC(180) Pause Young (Allocation Failure)
[3530.104s][debug][gc,phases      ] GC(180) Scavenge 4.110ms
[3530.104s][debug][gc,ref         ] GC(180) Skipped phase 1 of Reference Processing: no references
[3530.105s][debug][gc,ref         ] GC(180) ReferenceProcessor::execute queues: 1, RefProcThreadModel::Single, marks_oops_alive: false
[3530.105s][debug][gc,ref         ] GC(180) Skipped phase 3 of Reference Processing: no references
[3530.105s][debug][gc,ref         ] GC(180) Skipped phase 4 of Reference Processing: no references
[3530.105s][debug][gc,phases      ] GC(180) Reference Processing 0.105ms
[3530.105s][debug][gc,phases      ] GC(180)   VM Weak                        Min:  0.0, Avg:  0.0, Max:  0.0, Diff:  0.0, Sum:  0.0, Workers: 4
[3530.105s][debug][gc,phases      ] GC(180)     Dead                           Min: 0, Avg:  0.0, Max: 0, Diff: 0, Sum: 0, Workers: 4
[3530.105s][debug][gc,phases      ] GC(180)     Total                          Min: 0, Avg: 192.2, Max: 453, Diff: 453, Sum: 769, Workers: 4
[3530.105s][debug][gc,phases      ] GC(180)   ObjectSynchronizer Weak        Min:  0.0, Avg:  0.0, Max:  0.0, Diff:  0.0, Sum:  0.0, Workers: 4
[3530.105s][debug][gc,phases      ] GC(180)     Dead                           Min: 0, Avg:  0.0, Max: 0, Diff: 0, Sum: 0, Workers: 4
[3530.105s][debug][gc,phases      ] GC(180)     Total                          Min: 0, Avg:  8.5, Max: 34, Diff: 34, Sum: 34, Workers: 4
[3530.105s][debug][gc,phases      ] GC(180)   JVMTI Tag Weak OopStorage      Min:  0.0, Avg:  0.0, Max:  0.0, Diff:  0.0, Sum:  0.0, Workers: 4
[3530.105s][debug][gc,phases      ] GC(180)     Dead                           Min: 0, Avg:  0.0, Max: 0, Diff: 0, Sum: 0, Workers: 4
[3530.105s][debug][gc,phases      ] GC(180)     Total                          Min: 0, Avg:  0.0, Max: 0, Diff: 0, Sum: 0, Workers: 4
[3530.105s][debug][gc,phases      ] GC(180)   StringTable Weak               Min:  0.0, Avg:  0.1, Max:  0.1, Diff:  0.1, Sum:  0.4, Workers: 4
[3530.105s][debug][gc,phases      ] GC(180)     Dead                           Min: 0, Avg:  0.0, Max: 0, Diff: 0, Sum: 0, Workers: 4
[3530.105s][debug][gc,phases      ] GC(180)     Total                          Min: 0, Avg: 10885.5, Max: 15872, Diff: 15872, Sum: 43542, Workers: 4
[3530.105s][debug][gc,phases      ] GC(180)   ResolvedMethodTable Weak       Min:  0.0, Avg:  0.0, Max:  0.0, Diff:  0.0, Sum:  0.1, Workers: 4
[3530.105s][debug][gc,phases      ] GC(180)     Dead                           Min: 0, Avg:  0.0, Max: 0, Diff: 0, Sum: 0, Workers: 4
[3530.105s][debug][gc,phases      ] GC(180)     Total                          Min: 0, Avg: 2404.8, Max: 3347, Diff: 3347, Sum: 9619, Workers: 4
[3530.105s][debug][gc,phases      ] GC(180)   JNI Weak                       Min:  0.0, Avg:  0.0, Max:  0.0, Diff:  0.0, Sum:  0.0, Workers: 4
[3530.105s][debug][gc,phases      ] GC(180)     Dead                           Min: 0, Avg:  0.0, Max: 0, Diff: 0, Sum: 0, Workers: 4
[3530.105s][debug][gc,phases      ] GC(180)     Total                          Min: 0, Avg: 11.2, Max: 45, Diff: 45, Sum: 45, Workers: 4
[3530.105s][debug][gc,phases      ] GC(180)   StringDedup Table Weak         Min:  0.0, Avg:  0.0, Max:  0.0, Diff:  0.0, Sum:  0.0, Workers: 4
[3530.105s][debug][gc,phases      ] GC(180)     Dead                           Min: 0, Avg:  0.0, Max: 0, Diff: 0, Sum: 0, Workers: 4
[3530.105s][debug][gc,phases      ] GC(180)     Total                          Min: 0, Avg:  0.0, Max: 0, Diff: 0, Sum: 0, Workers: 4
[3530.105s][debug][gc,phases      ] GC(180)   StringDedup Requests0 Weak     Min:  0.0, Avg:  0.0, Max:  0.0, Diff:  0.0, Sum:  0.0, Workers: 4
[3530.105s][debug][gc,phases      ] GC(180)     Dead                           Min: 0, Avg:  0.0, Max: 0, Diff: 0, Sum: 0, Workers: 4
[3530.105s][debug][gc,phases      ] GC(180)     Total                          Min: 0, Avg:  0.0, Max: 0, Diff: 0, Sum: 0, Workers: 4
[3530.105s][debug][gc,phases      ] GC(180)   StringDedup Requests1 Weak     Min:  0.0, Avg:  0.0, Max:  0.0, Diff:  0.0, Sum:  0.0, Workers: 4
[3530.105s][debug][gc,phases      ] GC(180)     Dead                           Min: 0, Avg:  0.0, Max: 0, Diff: 0, Sum: 0, Workers: 4
[3530.105s][debug][gc,phases      ] GC(180)     Total                          Min: 0, Avg:  0.0, Max: 0, Diff: 0, Sum: 0, Workers: 4
[3530.105s][debug][gc,phases      ] GC(180)   Weak JFR Old Object Samples    Min:  0.0, Avg:  0.0, Max:  0.0, Diff:  0.0, Sum:  0.0, Workers: 4
[3530.105s][debug][gc,phases      ] GC(180)     Dead                           Min: 0, Avg:  0.0, Max: 0, Diff: 0, Sum: 0, Workers: 4
[3530.105s][debug][gc,phases      ] GC(180)     Total                          Min: 0, Avg:  0.0, Max: 0, Diff: 0, Sum: 0, Workers: 4
[3530.105s][debug][gc,phases      ] GC(180) Weak Processing 0.360ms
[3530.105s][debug][gc,age         ] GC(180) Desired survivor size 118489088 bytes, new threshold 15 (max threshold 15)
[3530.105s][info ][gc,heap        ] GC(180) PSYoungGen: 1863488K(1977344K)->5504K(1981440K) Eden: 1858048K(1858048K)->0K(1863168K) From: 5440K(119296K)->5504K(118272K)
[3530.105s][info ][gc,heap        ] GC(180) ParOldGen: 479790K(653312K)->479790K(653312K)
[3530.105s][info ][gc,metaspace   ] GC(180) Metaspace: 83015K(84416K)->83015K(84416K) NonClass: 71407K(72256K)->71407K(72256K) Class: 11608K(12160K)->11608K(12160K)
[3530.105s][info ][gc             ] GC(180) Pause Young (Allocation Failure) 2288M->473M(2573M) 4.742ms
[3530.105s][info ][gc,cpu         ] GC(180) User=0.01s Sys=0.00s Real=0.01s
[3530.105s][info ][safepoint      ] Safepoint "ParallelGCFailedAllocation", Time since last: 102251066 ns, Reaching safepoint: 43001 ns, At safepoint: 4815006 ns, Total: 4858007 ns
[3540.106s][info ][safepoint      ] Safepoint "Cleanup", Time since last: 10000634458 ns, Reaching safepoint: 47601 ns, At safepoint: 4501 ns, Total: 52102 ns
[3549.976s][info ][gc,start       ] GC(181) Pause Young (Allocation Failure)
[3549.982s][debug][gc,phases      ] GC(181) Scavenge 6.222ms
[3549.982s][debug][gc,ref         ] GC(181) Skipped phase 1 of Reference Processing: no references
[3549.982s][debug][gc,ref         ] GC(181) ReferenceProcessor::execute queues: 1, RefProcThreadModel::Single, marks_oops_alive: false
[3549.982s][debug][gc,ref         ] GC(181) Skipped phase 3 of Reference Processing: no references
[3549.982s][debug][gc,ref         ] GC(181) Skipped phase 4 of Reference Processing: no references
[3549.982s][debug][gc,phases      ] GC(181) Reference Processing 0.119ms
[3549.982s][debug][gc,phases      ] GC(181)   VM Weak                        Min:  0.0, Avg:  0.0, Max:  0.0, Diff:  0.0, Sum:  0.0, Workers: 4
[3549.982s][debug][gc,phases      ] GC(181)     Dead                           Min: 0, Avg:  0.0, Max: 0, Diff: 0, Sum: 0, Workers: 4
[3549.982s][debug][gc,phases      ] GC(181)     Total                          Min: 0, Avg: 192.2, Max: 557, Diff: 557, Sum: 769, Workers: 4
[3549.982s][debug][gc,phases      ] GC(181)   ObjectSynchronizer Weak        Min:  0.0, Avg:  0.0, Max:  0.0, Diff:  0.0, Sum:  0.0, Workers: 4
[3549.982s][debug][gc,phases      ] GC(181)     Dead                           Min: 0, Avg:  0.0, Max: 0, Diff: 0, Sum: 0, Workers: 4
[3549.982s][debug][gc,phases      ] GC(181)     Total                          Min: 0, Avg:  8.5, Max: 34, Diff: 34, Sum: 34, Workers: 4
[3549.982s][debug][gc,phases      ] GC(181)   JVMTI Tag Weak OopStorage      Min:  0.0, Avg:  0.0, Max:  0.0, Diff:  0.0, Sum:  0.0, Workers: 4
[3549.982s][debug][gc,phases      ] GC(181)     Dead                           Min: 0, Avg:  0.0, Max: 0, Diff: 0, Sum: 0, Workers: 4
[3549.982s][debug][gc,phases      ] GC(181)     Total                          Min: 0, Avg:  0.0, Max: 0, Diff: 0, Sum: 0, Workers: 4
[3549.982s][debug][gc,phases      ] GC(181)   StringTable Weak               Min:  0.0, Avg:  0.1, Max:  0.1, Diff:  0.1, Sum:  0.4, Workers: 4
[3549.982s][debug][gc,phases      ] GC(181)     Dead                           Min: 0, Avg:  0.0, Max: 0, Diff: 0, Sum: 0, Workers: 4
[3549.982s][debug][gc,phases      ] GC(181)     Total                          Min: 0, Avg: 10885.5, Max: 15319, Diff: 15319, Sum: 43542, Workers: 4
[3549.982s][debug][gc,phases      ] GC(181)   ResolvedMethodTable Weak       Min:  0.0, Avg:  0.0, Max:  0.0, Diff:  0.0, Sum:  0.1, Workers: 4
[3549.982s][debug][gc,phases      ] GC(181)     Dead                           Min: 0, Avg:  0.0, Max: 0, Diff: 0, Sum: 0, Workers: 4
[3549.982s][debug][gc,phases      ] GC(181)     Total                          Min: 0, Avg: 2404.8, Max: 3392, Diff: 3392, Sum: 9619, Workers: 4
[3549.982s][debug][gc,phases      ] GC(181)   JNI Weak                       Min:  0.0, Avg:  0.0, Max:  0.0, Diff:  0.0, Sum:  0.0, Workers: 4
[3549.982s][debug][gc,phases      ] GC(181)     Dead                           Min: 0, Avg:  0.0, Max: 0, Diff: 0, Sum: 0, Workers: 4
[3549.982s][debug][gc,phases      ] GC(181)     Total                          Min: 0, Avg: 11.2, Max: 45, Diff: 45, Sum: 45, Workers: 4
[3549.982s][debug][gc,phases      ] GC(181)   StringDedup Table Weak         Min:  0.0, Avg:  0.0, Max:  0.0, Diff:  0.0, Sum:  0.0, Workers: 4
[3549.982s][debug][gc,phases      ] GC(181)     Dead                           Min: 0, Avg:  0.0, Max: 0, Diff: 0, Sum: 0, Workers: 4
[3549.982s][debug][gc,phases      ] GC(181)     Total                          Min: 0, Avg:  0.0, Max: 0, Diff: 0, Sum: 0, Workers: 4
[3549.982s][debug][gc,phases      ] GC(181)   StringDedup Requests0 Weak     Min:  0.0, Avg:  0.0, Max:  0.0, Diff:  0.0, Sum:  0.0, Workers: 4
[3549.982s][debug][gc,phases      ] GC(181)     Dead                           Min: 0, Avg:  0.0, Max: 0, Diff: 0, Sum: 0, Workers: 4
[3549.982s][debug][gc,phases      ] GC(181)     Total                          Min: 0, Avg:  0.0, Max: 0, Diff: 0, Sum: 0, Workers: 4
[3549.983s][debug][gc,phases      ] GC(181)   StringDedup Requests1 Weak     Min:  0.0, Avg:  0.0, Max:  0.0, Diff:  0.0, Sum:  0.0, Workers: 4
[3549.983s][debug][gc,phases      ] GC(181)     Dead                           Min: 0, Avg:  0.0, Max: 0, Diff: 0, Sum: 0, Workers: 4
[3549.983s][debug][gc,phases      ] GC(181)     Total                          Min: 0, Avg:  0.0, Max: 0, Diff: 0, Sum: 0, Workers: 4
[3549.983s][debug][gc,phases      ] GC(181)   Weak JFR Old Object Samples    Min:  0.0, Avg:  0.0, Max:  0.0, Diff:  0.0, Sum:  0.0, Workers: 4
[3549.983s][debug][gc,phases      ] GC(181)     Dead                           Min: 0, Avg:  0.0, Max: 0, Diff: 0, Sum: 0, Workers: 4
[3549.983s][debug][gc,phases      ] GC(181)     Total                          Min: 0, Avg:  0.0, Max: 0, Diff: 0, Sum: 0, Workers: 4
[3549.983s][debug][gc,phases      ] GC(181) Weak Processing 0.367ms
[3549.983s][debug][gc,age         ] GC(181) Desired survivor size 115343360 bytes, new threshold 15 (max threshold 15)
[3549.983s][info ][gc,heap        ] GC(181) PSYoungGen: 1868672K(1981440K)->6416K(1978880K) Eden: 1863168K(1863168K)->0K(1863168K) From: 5504K(118272K)->6416K(115712K)
[3549.983s][info ][gc,heap        ] GC(181) ParOldGen: 479790K(653312K)->479790K(653312K)
[3549.983s][info ][gc,metaspace   ] GC(181) Metaspace: 83019K(84416K)->83019K(84416K) NonClass: 71410K(72256K)->71410K(72256K) Class: 11608K(12160K)->11608K(12160K)
[3549.983s][info ][gc             ] GC(181) Pause Young (Allocation Failure) 2293M->474M(2570M) 6.853ms
[3549.983s][info ][gc,cpu         ] GC(181) User=0.02s Sys=0.00s Real=0.00s
[3549.983s][info ][safepoint      ] Safepoint "ParallelGCFailedAllocation", Time since last: 9869883566 ns, Reaching safepoint: 34401 ns, At safepoint: 6965354 ns, Total: 6999755 ns
[3553.983s][info ][safepoint      ] Safepoint "Cleanup", Time since last: 4000297257 ns, Reaching safepoint: 49801 ns, At safepoint: 2600 ns, Total: 52401 ns
[3555.983s][info ][safepoint      ] Safepoint "Cleanup", Time since last: 2000190781 ns, Reaching safepoint: 46601 ns, At safepoint: 4000 ns, Total: 50601 ns
[3557.983s][info ][safepoint      ] Safepoint "Cleanup", Time since last: 2000180082 ns, Reaching safepoint: 55401 ns, At safepoint: 3000 ns, Total: 58401 ns
[3568.841s][info ][gc,start       ] GC(182) Pause Young (Allocation Failure)
[3568.848s][debug][gc,phases      ] GC(182) Scavenge 7.252ms
[3568.849s][debug][gc,ref         ] GC(182) Skipped phase 1 of Reference Processing: no references
[3568.849s][debug][gc,ref         ] GC(182) ReferenceProcessor::execute queues: 1, RefProcThreadModel::Single, marks_oops_alive: false
[3568.849s][debug][gc,ref         ] GC(182) Skipped phase 3 of Reference Processing: no references
[3568.849s][debug][gc,ref         ] GC(182) Skipped phase 4 of Reference Processing: no references
[3568.849s][debug][gc,phases      ] GC(182) Reference Processing 0.128ms
[3568.849s][debug][gc,phases      ] GC(182)   VM Weak                        Min:  0.0, Avg:  0.0, Max:  0.0, Diff:  0.0, Sum:  0.0, Workers: 4
[3568.849s][debug][gc,phases      ] GC(182)     Dead                           Min: 0, Avg:  0.0, Max: 0, Diff: 0, Sum: 0, Workers: 4
[3568.849s][debug][gc,phases      ] GC(182)     Total                          Min: 0, Avg: 192.2, Max: 769, Diff: 769, Sum: 769, Workers: 4
[3568.849s][debug][gc,phases      ] GC(182)   ObjectSynchronizer Weak        Min:  0.0, Avg:  0.0, Max:  0.0, Diff:  0.0, Sum:  0.0, Workers: 4
[3568.849s][debug][gc,phases      ] GC(182)     Dead                           Min: 0, Avg:  0.0, Max: 0, Diff: 0, Sum: 0, Workers: 4
[3568.849s][debug][gc,phases      ] GC(182)     Total                          Min: 0, Avg:  8.5, Max: 34, Diff: 34, Sum: 34, Workers: 4
[3568.849s][debug][gc,phases      ] GC(182)   JVMTI Tag Weak OopStorage      Min:  0.0, Avg:  0.0, Max:  0.0, Diff:  0.0, Sum:  0.0, Workers: 4
[3568.849s][debug][gc,phases      ] GC(182)     Dead                           Min: 0, Avg:  0.0, Max: 0, Diff: 0, Sum: 0, Workers: 4
[3568.849s][debug][gc,phases      ] GC(182)     Total                          Min: 0, Avg:  0.0, Max: 0, Diff: 0, Sum: 0, Workers: 4
[3568.849s][debug][gc,phases      ] GC(182)   StringTable Weak               Min:  0.0, Avg:  0.1, Max:  0.1, Diff:  0.1, Sum:  0.4, Workers: 4
[3568.849s][debug][gc,phases      ] GC(182)     Dead                           Min: 0, Avg:  0.0, Max: 0, Diff: 0, Sum: 0, Workers: 4
[3568.849s][debug][gc,phases      ] GC(182)     Total                          Min: 0, Avg: 10885.5, Max: 16087, Diff: 16087, Sum: 43542, Workers: 4
[3568.849s][debug][gc,phases      ] GC(182)   ResolvedMethodTable Weak       Min:  0.0, Avg:  0.0, Max:  0.0, Diff:  0.0, Sum:  0.1, Workers: 4
[3568.849s][debug][gc,phases      ] GC(182)     Dead                           Min: 0, Avg:  0.0, Max: 0, Diff: 0, Sum: 0, Workers: 4
[3568.849s][debug][gc,phases      ] GC(182)     Total                          Min: 0, Avg: 2404.8, Max: 3456, Diff: 3456, Sum: 9619, Workers: 4
[3568.849s][debug][gc,phases      ] GC(182)   JNI Weak                       Min:  0.0, Avg:  0.0, Max:  0.0, Diff:  0.0, Sum:  0.0, Workers: 4
[3568.849s][debug][gc,phases      ] GC(182)     Dead                           Min: 0, Avg:  0.0, Max: 0, Diff: 0, Sum: 0, Workers: 4
[3568.849s][debug][gc,phases      ] GC(182)     Total                          Min: 0, Avg: 11.2, Max: 45, Diff: 45, Sum: 45, Workers: 4
[3568.849s][debug][gc,phases      ] GC(182)   StringDedup Table Weak         Min:  0.0, Avg:  0.0, Max:  0.0, Diff:  0.0, Sum:  0.0, Workers: 4
[3568.849s][debug][gc,phases      ] GC(182)     Dead                           Min: 0, Avg:  0.0, Max: 0, Diff: 0, Sum: 0, Workers: 4
[3568.849s][debug][gc,phases      ] GC(182)     Total                          Min: 0, Avg:  0.0, Max: 0, Diff: 0, Sum: 0, Workers: 4
[3568.849s][debug][gc,phases      ] GC(182)   StringDedup Requests0 Weak     Min:  0.0, Avg:  0.0, Max:  0.0, Diff:  0.0, Sum:  0.0, Workers: 4
[3568.849s][debug][gc,phases      ] GC(182)     Dead                           Min: 0, Avg:  0.0, Max: 0, Diff: 0, Sum: 0, Workers: 4
[3568.849s][debug][gc,phases      ] GC(182)     Total                          Min: 0, Avg:  0.0, Max: 0, Diff: 0, Sum: 0, Workers: 4
[3568.849s][debug][gc,phases      ] GC(182)   StringDedup Requests1 Weak     Min:  0.0, Avg:  0.0, Max:  0.0, Diff:  0.0, Sum:  0.0, Workers: 4
[3568.849s][debug][gc,phases      ] GC(182)     Dead                           Min: 0, Avg:  0.0, Max: 0, Diff: 0, Sum: 0, Workers: 4
[3568.849s][debug][gc,phases      ] GC(182)     Total                          Min: 0, Avg:  0.0, Max: 0, Diff: 0, Sum: 0, Workers: 4
[3568.849s][debug][gc,phases      ] GC(182)   Weak JFR Old Object Samples    Min:  0.0, Avg:  0.0, Max:  0.0, Diff:  0.0, Sum:  0.0, Workers: 4
[3568.849s][debug][gc,phases      ] GC(182)     Dead                           Min: 0, Avg:  0.0, Max: 0, Diff: 0, Sum: 0, Workers: 4
[3568.849s][debug][gc,phases      ] GC(182)     Total                          Min: 0, Avg:  0.0, Max: 0, Diff: 0, Sum: 0, Workers: 4
[3568.849s][debug][gc,phases      ] GC(182) Weak Processing 0.376ms
[3568.849s][debug][gc,age         ] GC(182) Desired survivor size 111673344 bytes, new threshold 15 (max threshold 15)
[3568.849s][info ][gc,heap        ] GC(182) PSYoungGen: 1869584K(1978880K)->7344K(1988096K) Eden: 1863168K(1863168K)->0K(1875456K) From: 6416K(115712K)->7344K(112640K)
[3568.849s][info ][gc,heap        ] GC(182) ParOldGen: 479790K(653312K)->479790K(653312K)
[3568.849s][info ][gc,metaspace   ] GC(182) Metaspace: 83022K(84416K)->83022K(84416K) NonClass: 71413K(72256K)->71413K(72256K) Class: 11608K(12160K)->11608K(12160K)
[3568.849s][info ][gc             ] GC(182) Pause Young (Allocation Failure) 2294M->475M(2579M) 7.918ms
[3568.849s][info ][gc,cpu         ] GC(182) User=0.02s Sys=0.00s Real=0.01s
[3568.849s][info ][safepoint      ] Safepoint "ParallelGCFailedAllocation", Time since last: 10857571209 ns, Reaching safepoint: 118003 ns, At safepoint: 7996776 ns, Total: 8114779 ns
[3574.850s][info ][safepoint      ] Safepoint "Cleanup", Time since last: 6000401964 ns, Reaching safepoint: 122403 ns, At safepoint: 40601 ns, Total: 163004 ns
[3585.851s][info ][safepoint      ] Safepoint "Cleanup", Time since last: 11000785958 ns, Reaching safepoint: 114403 ns, At safepoint: 19900 ns, Total: 134303 ns
[3588.844s][info ][gc,start       ] GC(183) Pause Young (Allocation Failure)
[3588.848s][debug][gc,phases      ] GC(183) Scavenge 4.604ms
[3588.848s][debug][gc,ref         ] GC(183) Skipped phase 1 of Reference Processing: no references
[3588.849s][debug][gc,ref         ] GC(183) ReferenceProcessor::execute queues: 1, RefProcThreadModel::Single, marks_oops_alive: false
[3588.849s][debug][gc,ref         ] GC(183) Skipped phase 3 of Reference Processing: no references
[3588.849s][debug][gc,ref         ] GC(183) Skipped phase 4 of Reference Processing: no references
[3588.849s][debug][gc,phases      ] GC(183) Reference Processing 0.128ms
[3588.849s][debug][gc,phases      ] GC(183)   VM Weak                        Min:  0.0, Avg:  0.0, Max:  0.0, Diff:  0.0, Sum:  0.0, Workers: 4
[3588.849s][debug][gc,phases      ] GC(183)     Dead                           Min: 0, Avg:  0.0, Max: 0, Diff: 0, Sum: 0, Workers: 4
[3588.849s][debug][gc,phases      ] GC(183)     Total                          Min: 0, Avg: 192.2, Max: 641, Diff: 641, Sum: 769, Workers: 4
[3588.849s][debug][gc,phases      ] GC(183)   ObjectSynchronizer Weak        Min:  0.0, Avg:  0.0, Max:  0.0, Diff:  0.0, Sum:  0.0, Workers: 4
[3588.849s][debug][gc,phases      ] GC(183)     Dead                           Min: 0, Avg:  0.0, Max: 0, Diff: 0, Sum: 0, Workers: 4
[3588.849s][debug][gc,phases      ] GC(183)     Total                          Min: 0, Avg:  8.5, Max: 34, Diff: 34, Sum: 34, Workers: 4
[3588.849s][debug][gc,phases      ] GC(183)   JVMTI Tag Weak OopStorage      Min:  0.0, Avg:  0.0, Max:  0.0, Diff:  0.0, Sum:  0.0, Workers: 4
[3588.849s][debug][gc,phases      ] GC(183)     Dead                           Min: 0, Avg:  0.0, Max: 0, Diff: 0, Sum: 0, Workers: 4
[3588.849s][debug][gc,phases      ] GC(183)     Total                          Min: 0, Avg:  0.0, Max: 0, Diff: 0, Sum: 0, Workers: 4
[3588.849s][debug][gc,phases      ] GC(183)   StringTable Weak               Min:  0.0, Avg:  0.1, Max:  0.1, Diff:  0.1, Sum:  0.4, Workers: 4
[3588.849s][debug][gc,phases      ] GC(183)     Dead                           Min: 0, Avg:  0.0, Max: 0, Diff: 0, Sum: 0, Workers: 4
[3588.849s][debug][gc,phases      ] GC(183)     Total                          Min: 0, Avg: 10885.5, Max: 14743, Diff: 14743, Sum: 43542, Workers: 4
[3588.849s][debug][gc,phases      ] GC(183)   ResolvedMethodTable Weak       Min:  0.0, Avg:  0.0, Max:  0.0, Diff:  0.0, Sum:  0.1, Workers: 4
[3588.849s][debug][gc,phases      ] GC(183)     Dead                           Min: 0, Avg:  0.0, Max: 0, Diff: 0, Sum: 0, Workers: 4
[3588.849s][debug][gc,phases      ] GC(183)     Total                          Min: 0, Avg: 2404.8, Max: 3347, Diff: 3347, Sum: 9619, Workers: 4
[3588.849s][debug][gc,phases      ] GC(183)   JNI Weak                       Min:  0.0, Avg:  0.0, Max:  0.0, Diff:  0.0, Sum:  0.0, Workers: 4
[3588.849s][debug][gc,phases      ] GC(183)     Dead                           Min: 0, Avg:  0.0, Max: 0, Diff: 0, Sum: 0, Workers: 4
[3588.849s][debug][gc,phases      ] GC(183)     Total                          Min: 0, Avg: 11.2, Max: 45, Diff: 45, Sum: 45, Workers: 4
[3588.849s][debug][gc,phases      ] GC(183)   StringDedup Table Weak         Min:  0.0, Avg:  0.0, Max:  0.0, Diff:  0.0, Sum:  0.0, Workers: 4
[3588.849s][debug][gc,phases      ] GC(183)     Dead                           Min: 0, Avg:  0.0, Max: 0, Diff: 0, Sum: 0, Workers: 4
[3588.849s][debug][gc,phases      ] GC(183)     Total                          Min: 0, Avg:  0.0, Max: 0, Diff: 0, Sum: 0, Workers: 4
[3588.849s][debug][gc,phases      ] GC(183)   StringDedup Requests0 Weak     Min:  0.0, Avg:  0.0, Max:  0.0, Diff:  0.0, Sum:  0.0, Workers: 4
[3588.849s][debug][gc,phases      ] GC(183)     Dead                           Min: 0, Avg:  0.0, Max: 0, Diff: 0, Sum: 0, Workers: 4
[3588.849s][debug][gc,phases      ] GC(183)     Total                          Min: 0, Avg:  0.0, Max: 0, Diff: 0, Sum: 0, Workers: 4
[3588.849s][debug][gc,phases      ] GC(183)   StringDedup Requests1 Weak     Min:  0.0, Avg:  0.0, Max:  0.0, Diff:  0.0, Sum:  0.0, Workers: 4
[3588.849s][debug][gc,phases      ] GC(183)     Dead                           Min: 0, Avg:  0.0, Max: 0, Diff: 0, Sum: 0, Workers: 4
[3588.849s][debug][gc,phases      ] GC(183)     Total                          Min: 0, Avg:  0.0, Max: 0, Diff: 0, Sum: 0, Workers: 4
[3588.849s][debug][gc,phases      ] GC(183)   Weak JFR Old Object Samples    Min:  0.0, Avg:  0.0, Max:  0.0, Diff:  0.0, Sum:  0.0, Workers: 4
[3588.849s][debug][gc,phases      ] GC(183)     Dead                           Min: 0, Avg:  0.0, Max: 0, Diff: 0, Sum: 0, Workers: 4
[3588.849s][debug][gc,phases      ] GC(183)     Total                          Min: 0, Avg:  0.0, Max: 0, Diff: 0, Sum: 0, Workers: 4
[3588.849s][debug][gc,phases      ] GC(183) Weak Processing 0.397ms
[3588.849s][debug][gc,age         ] GC(183) Desired survivor size 107479040 bytes, new threshold 15 (max threshold 15)
[3588.849s][info ][gc,heap        ] GC(183) PSYoungGen: 1882800K(1988096K)->7280K(1984512K) Eden: 1875456K(1875456K)->0K(1875456K) From: 7344K(112640K)->7280K(109056K)
[3588.849s][info ][gc,heap        ] GC(183) ParOldGen: 479790K(653312K)->479790K(653312K)
[3588.849s][info ][gc,metaspace   ] GC(183) Metaspace: 83022K(84416K)->83022K(84416K) NonClass: 71414K(72256K)->71414K(72256K) Class: 11608K(12160K)->11608K(12160K)
[3588.849s][info ][gc             ] GC(183) Pause Young (Allocation Failure) 2307M->475M(2576M) 5.268ms
[3588.849s][info ][gc,cpu         ] GC(183) User=0.02s Sys=0.00s Real=0.00s
[3588.849s][info ][safepoint      ] Safepoint "ParallelGCFailedAllocation", Time since last: 2993087983 ns, Reaching safepoint: 37200 ns, At safepoint: 5344018 ns, Total: 5381218 ns
[3589.849s][info ][safepoint      ] Safepoint "Cleanup", Time since last: 1000112547 ns, Reaching safepoint: 149603 ns, At safepoint: 6100 ns, Total: 155703 ns
[3592.850s][info ][safepoint      ] Safepoint "Cleanup", Time since last: 3000288726 ns, Reaching safepoint: 125903 ns, At safepoint: 5500 ns, Total: 131403 ns
[3594.850s][info ][safepoint      ] Safepoint "Cleanup", Time since last: 2000205407 ns, Reaching safepoint: 261305 ns, At safepoint: 6700 ns, Total: 268005 ns
[3607.756s][info ][gc,start       ] GC(184) Pause Young (Allocation Failure)
[3607.763s][debug][gc,phases      ] GC(184) Scavenge 6.700ms
[3607.763s][debug][gc,ref         ] GC(184) Skipped phase 1 of Reference Processing: no references
[3607.763s][debug][gc,ref         ] GC(184) ReferenceProcessor::execute queues: 1, RefProcThreadModel::Single, marks_oops_alive: false
[3607.763s][debug][gc,ref         ] GC(184) Skipped phase 3 of Reference Processing: no references
[3607.763s][debug][gc,ref         ] GC(184) ReferenceProcessor::execute queues: 1, RefProcThreadModel::Single, marks_oops_alive: false
[3607.763s][debug][gc,phases      ] GC(184) Reference Processing 0.106ms
[3607.763s][debug][gc,phases      ] GC(184)   VM Weak                        Min:  0.0, Avg:  0.0, Max:  0.0, Diff:  0.0, Sum:  0.0, Workers: 4
[3607.763s][debug][gc,phases      ] GC(184)     Dead                           Min: 0, Avg:  0.0, Max: 0, Diff: 0, Sum: 0, Workers: 4
[3607.763s][debug][gc,phases      ] GC(184)     Total                          Min: 0, Avg: 192.2, Max: 557, Diff: 557, Sum: 769, Workers: 4
[3607.763s][debug][gc,phases      ] GC(184)   ObjectSynchronizer Weak        Min:  0.0, Avg:  0.0, Max:  0.0, Diff:  0.0, Sum:  0.0, Workers: 4
[3607.763s][debug][gc,phases      ] GC(184)     Dead                           Min: 0, Avg:  0.0, Max: 0, Diff: 0, Sum: 0, Workers: 4
[3607.763s][debug][gc,phases      ] GC(184)     Total                          Min: 0, Avg:  8.5, Max: 34, Diff: 34, Sum: 34, Workers: 4
[3607.763s][debug][gc,phases      ] GC(184)   JVMTI Tag Weak OopStorage      Min:  0.0, Avg:  0.0, Max:  0.0, Diff:  0.0, Sum:  0.0, Workers: 4
[3607.763s][debug][gc,phases      ] GC(184)     Dead                           Min: 0, Avg:  0.0, Max: 0, Diff: 0, Sum: 0, Workers: 4
[3607.763s][debug][gc,phases      ] GC(184)     Total                          Min: 0, Avg:  0.0, Max: 0, Diff: 0, Sum: 0, Workers: 4
[3607.763s][debug][gc,phases      ] GC(184)   StringTable Weak               Min:  0.0, Avg:  0.1, Max:  0.1, Diff:  0.1, Sum:  0.4, Workers: 4
[3607.763s][debug][gc,phases      ] GC(184)     Dead                           Min: 0, Avg:  0.0, Max: 0, Diff: 0, Sum: 0, Workers: 4
[3607.763s][debug][gc,phases      ] GC(184)     Total                          Min: 0, Avg: 10885.5, Max: 16511, Diff: 16511, Sum: 43542, Workers: 4
[3607.763s][debug][gc,phases      ] GC(184)   ResolvedMethodTable Weak       Min:  0.0, Avg:  0.0, Max:  0.0, Diff:  0.0, Sum:  0.1, Workers: 4
[3607.763s][debug][gc,phases      ] GC(184)     Dead                           Min: 0, Avg:  0.0, Max: 0, Diff: 0, Sum: 0, Workers: 4
[3607.763s][debug][gc,phases      ] GC(184)     Total                          Min: 0, Avg: 2404.8, Max: 3603, Diff: 3603, Sum: 9619, Workers: 4
[3607.763s][debug][gc,phases      ] GC(184)   JNI Weak                       Min:  0.0, Avg:  0.0, Max:  0.0, Diff:  0.0, Sum:  0.0, Workers: 4
[3607.763s][debug][gc,phases      ] GC(184)     Dead                           Min: 0, Avg:  0.0, Max: 0, Diff: 0, Sum: 0, Workers: 4
[3607.763s][debug][gc,phases      ] GC(184)     Total                          Min: 0, Avg: 11.2, Max: 45, Diff: 45, Sum: 45, Workers: 4
[3607.763s][debug][gc,phases      ] GC(184)   StringDedup Table Weak         Min:  0.0, Avg:  0.0, Max:  0.0, Diff:  0.0, Sum:  0.0, Workers: 4
[3607.763s][debug][gc,phases      ] GC(184)     Dead                           Min: 0, Avg:  0.0, Max: 0, Diff: 0, Sum: 0, Workers: 4
[3607.763s][debug][gc,phases      ] GC(184)     Total                          Min: 0, Avg:  0.0, Max: 0, Diff: 0, Sum: 0, Workers: 4
[3607.763s][debug][gc,phases      ] GC(184)   StringDedup Requests0 Weak     Min:  0.0, Avg:  0.0, Max:  0.0, Diff:  0.0, Sum:  0.0, Workers: 4
[3607.763s][debug][gc,phases      ] GC(184)     Dead                           Min: 0, Avg:  0.0, Max: 0, Diff: 0, Sum: 0, Workers: 4
[3607.763s][debug][gc,phases      ] GC(184)     Total                          Min: 0, Avg:  0.0, Max: 0, Diff: 0, Sum: 0, Workers: 4
[3607.763s][debug][gc,phases      ] GC(184)   StringDedup Requests1 Weak     Min:  0.0, Avg:  0.0, Max:  0.0, Diff:  0.0, Sum:  0.0, Workers: 4
[3607.763s][debug][gc,phases      ] GC(184)     Dead                           Min: 0, Avg:  0.0, Max: 0, Diff: 0, Sum: 0, Workers: 4
[3607.763s][debug][gc,phases      ] GC(184)     Total                          Min: 0, Avg:  0.0, Max: 0, Diff: 0, Sum: 0, Workers: 4
[3607.763s][debug][gc,phases      ] GC(184)   Weak JFR Old Object Samples    Min:  0.0, Avg:  0.0, Max:  0.0, Diff:  0.0, Sum:  0.0, Workers: 4
[3607.763s][debug][gc,phases      ] GC(184)     Dead                           Min: 0, Avg:  0.0, Max: 0, Diff: 0, Sum: 0, Workers: 4
[3607.763s][debug][gc,phases      ] GC(184)     Total                          Min: 0, Avg:  0.0, Max: 0, Diff: 0, Sum: 0, Workers: 4
[3607.764s][debug][gc,phases      ] GC(184) Weak Processing 0.357ms
[3607.764s][debug][gc,age         ] GC(184) Desired survivor size 103284736 bytes, new threshold 15 (max threshold 15)
[3607.764s][info ][gc,heap        ] GC(184) PSYoungGen: 1882736K(1984512K)->7792K(1996288K) Eden: 1875456K(1875456K)->0K(1891328K) From: 7280K(109056K)->7792K(104960K)
[3607.764s][info ][gc,heap        ] GC(184) ParOldGen: 479790K(653312K)->479790K(653312K)
[3607.764s][info ][gc,metaspace   ] GC(184) Metaspace: 83026K(84416K)->83026K(84416K) NonClass: 71418K(72256K)->71418K(72256K) Class: 11608K(12160K)->11608K(12160K)
[3607.764s][info ][gc             ] GC(184) Pause Young (Allocation Failure) 2307M->476M(2587M) 7.353ms
[3607.764s][info ][gc,cpu         ] GC(184) User=0.03s Sys=0.00s Real=0.00s
[3607.764s][info ][safepoint      ] Safepoint "ParallelGCFailedAllocation", Time since last: 12905854536 ns, Reaching safepoint: 52902 ns, At safepoint: 7435664 ns, Total: 7488566 ns
[3615.764s][info ][safepoint      ] Safepoint "Cleanup", Time since last: 8000574746 ns, Reaching safepoint: 116103 ns, At safepoint: 4300 ns, Total: 120403 ns
[3625.780s][info ][safepoint      ] Safepoint "Cleanup", Time since last: 10015760746 ns, Reaching safepoint: 113102 ns, At safepoint: 4800 ns, Total: 117902 ns
[3631.800s][info ][safepoint      ] Safepoint "Cleanup", Time since last: 6007668546 ns, Reaching safepoint: 11946664 ns, At safepoint: 14900 ns, Total: 11961564 ns
[3633.513s][info ][gc,start       ] GC(185) Pause Young (Allocation Failure)
[3633.528s][debug][gc,phases      ] GC(185) Scavenge 15.048ms
[3633.528s][debug][gc,ref         ] GC(185) Skipped phase 1 of Reference Processing: no references
[3633.528s][debug][gc,ref         ] GC(185) ReferenceProcessor::execute queues: 1, RefProcThreadModel::Single, marks_oops_alive: false
[3633.528s][debug][gc,ref         ] GC(185) Skipped phase 3 of Reference Processing: no references
[3633.528s][debug][gc,ref         ] GC(185) ReferenceProcessor::execute queues: 1, RefProcThreadModel::Single, marks_oops_alive: false
[3633.528s][debug][gc,phases      ] GC(185) Reference Processing 0.144ms
[3633.528s][debug][gc,phases      ] GC(185)   VM Weak                        Min:  0.0, Avg:  0.0, Max:  0.0, Diff:  0.0, Sum:  0.0, Workers: 4
[3633.528s][debug][gc,phases      ] GC(185)     Dead                           Min: 0, Avg:  0.0, Max: 0, Diff: 0, Sum: 0, Workers: 4
[3633.529s][debug][gc,phases      ] GC(185)     Total                          Min: 0, Avg: 192.2, Max: 769, Diff: 769, Sum: 769, Workers: 4
[3633.529s][debug][gc,phases      ] GC(185)   ObjectSynchronizer Weak        Min:  0.0, Avg:  0.0, Max:  0.0, Diff:  0.0, Sum:  0.0, Workers: 4
[3633.529s][debug][gc,phases      ] GC(185)     Dead                           Min: 0, Avg:  0.0, Max: 0, Diff: 0, Sum: 0, Workers: 4
[3633.529s][debug][gc,phases      ] GC(185)     Total                          Min: 0, Avg:  8.5, Max: 34, Diff: 34, Sum: 34, Workers: 4
[3633.529s][debug][gc,phases      ] GC(185)   JVMTI Tag Weak OopStorage      Min:  0.0, Avg:  0.0, Max:  0.0, Diff:  0.0, Sum:  0.0, Workers: 4
[3633.529s][debug][gc,phases      ] GC(185)     Dead                           Min: 0, Avg:  0.0, Max: 0, Diff: 0, Sum: 0, Workers: 4
[3633.529s][debug][gc,phases      ] GC(185)     Total                          Min: 0, Avg:  0.0, Max: 0, Diff: 0, Sum: 0, Workers: 4
[3633.529s][debug][gc,phases      ] GC(185)   StringTable Weak               Min:  0.0, Avg:  0.1, Max:  0.4, Diff:  0.4, Sum:  0.4, Workers: 4
[3633.529s][debug][gc,phases      ] GC(185)     Dead                           Min: 0, Avg:  0.2, Max: 1, Diff: 1, Sum: 1, Workers: 4
[3633.529s][debug][gc,phases      ] GC(185)     Total                          Min: 0, Avg: 10886.8, Max: 43547, Diff: 43547, Sum: 43547, Workers: 4
[3633.529s][debug][gc,phases      ] GC(185)   ResolvedMethodTable Weak       Min:  0.0, Avg:  0.0, Max:  0.1, Diff:  0.1, Sum:  0.1, Workers: 4
[3633.529s][debug][gc,phases      ] GC(185)     Dead                           Min: 0, Avg:  0.0, Max: 0, Diff: 0, Sum: 0, Workers: 4
[3633.529s][debug][gc,phases      ] GC(185)     Total                          Min: 0, Avg: 2405.2, Max: 9621, Diff: 9621, Sum: 9621, Workers: 4
[3633.529s][debug][gc,phases      ] GC(185)   JNI Weak                       Min:  0.0, Avg:  0.0, Max:  0.0, Diff:  0.0, Sum:  0.0, Workers: 4
[3633.529s][debug][gc,phases      ] GC(185)     Dead                           Min: 0, Avg:  0.0, Max: 0, Diff: 0, Sum: 0, Workers: 4
[3633.529s][debug][gc,phases      ] GC(185)     Total                          Min: 0, Avg: 11.2, Max: 45, Diff: 45, Sum: 45, Workers: 4
[3633.529s][debug][gc,phases      ] GC(185)   StringDedup Table Weak         Min:  0.0, Avg:  0.0, Max:  0.0, Diff:  0.0, Sum:  0.0, Workers: 4
[3633.529s][debug][gc,phases      ] GC(185)     Dead                           Min: 0, Avg:  0.0, Max: 0, Diff: 0, Sum: 0, Workers: 4
[3633.529s][debug][gc,phases      ] GC(185)     Total                          Min: 0, Avg:  0.0, Max: 0, Diff: 0, Sum: 0, Workers: 4
[3633.529s][debug][gc,phases      ] GC(185)   StringDedup Requests0 Weak     Min:  0.0, Avg:  0.0, Max:  0.0, Diff:  0.0, Sum:  0.0, Workers: 4
[3633.529s][debug][gc,phases      ] GC(185)     Dead                           Min: 0, Avg:  0.0, Max: 0, Diff: 0, Sum: 0, Workers: 4
[3633.529s][debug][gc,phases      ] GC(185)     Total                          Min: 0, Avg:  0.0, Max: 0, Diff: 0, Sum: 0, Workers: 4
[3633.529s][debug][gc,phases      ] GC(185)   StringDedup Requests1 Weak     Min:  0.0, Avg:  0.0, Max:  0.0, Diff:  0.0, Sum:  0.0, Workers: 4
[3633.529s][debug][gc,phases      ] GC(185)     Dead                           Min: 0, Avg:  0.0, Max: 0, Diff: 0, Sum: 0, Workers: 4
[3633.529s][debug][gc,phases      ] GC(185)     Total                          Min: 0, Avg:  0.0, Max: 0, Diff: 0, Sum: 0, Workers: 4
[3633.529s][debug][gc,phases      ] GC(185)   Weak JFR Old Object Samples    Min:  0.0, Avg:  0.0, Max:  0.0, Diff:  0.0, Sum:  0.0, Workers: 4
[3633.529s][debug][gc,phases      ] GC(185)     Dead                           Min: 0, Avg:  0.0, Max: 0, Diff: 0, Sum: 0, Workers: 4
[3633.529s][debug][gc,phases      ] GC(185)     Total                          Min: 0, Avg:  0.0, Max: 0, Diff: 0, Sum: 0, Workers: 4
[3633.529s][debug][gc,phases      ] GC(185) Weak Processing 0.697ms
[3633.529s][debug][gc,age         ] GC(185) Desired survivor size 98566144 bytes, new threshold 15 (max threshold 15)
[3633.529s][info ][gc,heap        ] GC(185) PSYoungGen: 1899120K(1996288K)->7472K(1992192K) Eden: 1891328K(1891328K)->0K(1891328K) From: 7792K(104960K)->7472K(100864K)
[3633.529s][info ][gc,heap        ] GC(185) ParOldGen: 479790K(653312K)->479790K(653312K)
[3633.529s][info ][gc,metaspace   ] GC(185) Metaspace: 83064K(84416K)->83064K(84416K) NonClass: 71455K(72256K)->71455K(72256K) Class: 11609K(12160K)->11609K(12160K)
[3633.529s][info ][gc             ] GC(185) Pause Young (Allocation Failure) 2323M->475M(2583M) 16.041ms
[3633.529s][info ][gc,cpu         ] GC(185) User=0.02s Sys=0.00s Real=0.01s
[3633.529s][info ][safepoint      ] Safepoint "ParallelGCFailedAllocation", Time since last: 1712825257 ns, Reaching safepoint: 38301 ns, At safepoint: 16145555 ns, Total: 16183856 ns
[3636.529s][info ][safepoint      ] Safepoint "Cleanup", Time since last: 3000223236 ns, Reaching safepoint: 125603 ns, At safepoint: 4600 ns, Total: 130203 ns
[3637.536s][info ][safepoint      ] Safepoint "Cleanup", Time since last: 1002613301 ns, Reaching safepoint: 4041289 ns, At safepoint: 13800 ns, Total: 4055089 ns
[3642.536s][info ][safepoint      ] Safepoint "Cleanup", Time since last: 5000412044 ns, Reaching safepoint: 146703 ns, At safepoint: 9001 ns, Total: 155704 ns
[3646.537s][info ][safepoint      ] Safepoint "Cleanup", Time since last: 4000329784 ns, Reaching safepoint: 135503 ns, At safepoint: 4700 ns, Total: 140203 ns
[3647.537s][info ][safepoint      ] Safepoint "Cleanup", Time since last: 1000250733 ns, Reaching safepoint: 174504 ns, At safepoint: 5300 ns, Total: 179804 ns
[3648.538s][info ][safepoint      ] Safepoint "Cleanup", Time since last: 1000132047 ns, Reaching safepoint: 161103 ns, At safepoint: 5000 ns, Total: 166103 ns
[3651.356s][info ][gc,start       ] GC(186) Pause Young (Allocation Failure)
[3651.361s][debug][gc,phases      ] GC(186) Scavenge 5.251ms
[3651.361s][debug][gc,ref         ] GC(186) Skipped phase 1 of Reference Processing: no references
[3651.361s][debug][gc,ref         ] GC(186) ReferenceProcessor::execute queues: 1, RefProcThreadModel::Single, marks_oops_alive: false
[3651.361s][debug][gc,ref         ] GC(186) Skipped phase 3 of Reference Processing: no references
[3651.361s][debug][gc,ref         ] GC(186) ReferenceProcessor::execute queues: 1, RefProcThreadModel::Single, marks_oops_alive: false
[3651.361s][debug][gc,phases      ] GC(186) Reference Processing 0.122ms
[3651.362s][debug][gc,phases      ] GC(186)   VM Weak                        Min:  0.0, Avg:  0.0, Max:  0.0, Diff:  0.0, Sum:  0.0, Workers: 4
[3651.362s][debug][gc,phases      ] GC(186)     Dead                           Min: 0, Avg:  0.0, Max: 0, Diff: 0, Sum: 0, Workers: 4
[3651.362s][debug][gc,phases      ] GC(186)     Total                          Min: 0, Avg: 193.8, Max: 543, Diff: 543, Sum: 775, Workers: 4
[3651.362s][debug][gc,phases      ] GC(186)   ObjectSynchronizer Weak        Min:  0.0, Avg:  0.0, Max:  0.0, Diff:  0.0, Sum:  0.0, Workers: 4
[3651.362s][debug][gc,phases      ] GC(186)     Dead                           Min: 0, Avg:  0.0, Max: 0, Diff: 0, Sum: 0, Workers: 4
[3651.362s][debug][gc,phases      ] GC(186)     Total                          Min: 0, Avg:  8.5, Max: 34, Diff: 34, Sum: 34, Workers: 4
[3651.362s][debug][gc,phases      ] GC(186)   JVMTI Tag Weak OopStorage      Min:  0.0, Avg:  0.0, Max:  0.0, Diff:  0.0, Sum:  0.0, Workers: 4
[3651.362s][debug][gc,phases      ] GC(186)     Dead                           Min: 0, Avg:  0.0, Max: 0, Diff: 0, Sum: 0, Workers: 4
[3651.362s][debug][gc,phases      ] GC(186)     Total                          Min: 0, Avg:  0.0, Max: 0, Diff: 0, Sum: 0, Workers: 4
[3651.362s][debug][gc,phases      ] GC(186)   StringTable Weak               Min:  0.0, Avg:  0.1, Max:  0.1, Diff:  0.1, Sum:  0.4, Workers: 4
[3651.362s][debug][gc,phases      ] GC(186)     Dead                           Min: 0, Avg:  0.5, Max: 2, Diff: 2, Sum: 2, Workers: 4
[3651.362s][debug][gc,phases      ] GC(186)     Total                          Min: 0, Avg: 10897.5, Max: 15296, Diff: 15296, Sum: 43590, Workers: 4
[3651.362s][debug][gc,phases      ] GC(186)   ResolvedMethodTable Weak       Min:  0.0, Avg:  0.1, Max:  0.2, Diff:  0.2, Sum:  0.5, Workers: 4
[3651.362s][debug][gc,phases      ] GC(186)     Dead                           Min: 0, Avg:  0.0, Max: 0, Diff: 0, Sum: 0, Workers: 4
[3651.362s][debug][gc,phases      ] GC(186)     Total                          Min: 0, Avg: 2413.8, Max: 3456, Diff: 3456, Sum: 9655, Workers: 4
[3651.362s][debug][gc,phases      ] GC(186)   JNI Weak                       Min:  0.0, Avg:  0.0, Max:  0.0, Diff:  0.0, Sum:  0.0, Workers: 4
[3651.362s][debug][gc,phases      ] GC(186)     Dead                           Min: 0, Avg:  0.0, Max: 0, Diff: 0, Sum: 0, Workers: 4
[3651.362s][debug][gc,phases      ] GC(186)     Total                          Min: 0, Avg: 11.2, Max: 45, Diff: 45, Sum: 45, Workers: 4
[3651.362s][debug][gc,phases      ] GC(186)   StringDedup Table Weak         Min:  0.0, Avg:  0.0, Max:  0.0, Diff:  0.0, Sum:  0.0, Workers: 4
[3651.362s][debug][gc,phases      ] GC(186)     Dead                           Min: 0, Avg:  0.0, Max: 0, Diff: 0, Sum: 0, Workers: 4
[3651.362s][debug][gc,phases      ] GC(186)     Total                          Min: 0, Avg:  0.0, Max: 0, Diff: 0, Sum: 0, Workers: 4
[3651.362s][debug][gc,phases      ] GC(186)   StringDedup Requests0 Weak     Min:  0.0, Avg:  0.0, Max:  0.0, Diff:  0.0, Sum:  0.0, Workers: 4
[3651.362s][debug][gc,phases      ] GC(186)     Dead                           Min: 0, Avg:  0.0, Max: 0, Diff: 0, Sum: 0, Workers: 4
[3651.362s][debug][gc,phases      ] GC(186)     Total                          Min: 0, Avg:  0.0, Max: 0, Diff: 0, Sum: 0, Workers: 4
[3651.362s][debug][gc,phases      ] GC(186)   StringDedup Requests1 Weak     Min:  0.0, Avg:  0.0, Max:  0.0, Diff:  0.0, Sum:  0.0, Workers: 4
[3651.362s][debug][gc,phases      ] GC(186)     Dead                           Min: 0, Avg:  0.0, Max: 0, Diff: 0, Sum: 0, Workers: 4
[3651.362s][debug][gc,phases      ] GC(186)     Total                          Min: 0, Avg:  0.0, Max: 0, Diff: 0, Sum: 0, Workers: 4
[3651.362s][debug][gc,phases      ] GC(186)   Weak JFR Old Object Samples    Min:  0.0, Avg:  0.0, Max:  0.0, Diff:  0.0, Sum:  0.0, Workers: 4
[3651.362s][debug][gc,phases      ] GC(186)     Dead                           Min: 0, Avg:  0.0, Max: 0, Diff: 0, Sum: 0, Workers: 4
[3651.362s][debug][gc,phases      ] GC(186)     Total                          Min: 0, Avg:  0.0, Max: 0, Diff: 0, Sum: 0, Workers: 4
[3651.362s][debug][gc,phases      ] GC(186) Weak Processing 0.590ms
[3651.362s][debug][gc,age         ] GC(186) Desired survivor size 94371840 bytes, new threshold 15 (max threshold 15)
[3651.362s][info ][gc,heap        ] GC(186) PSYoungGen: 1898800K(1992192K)->6432K(2004992K) Eden: 1891328K(1891328K)->0K(1908736K) From: 7472K(100864K)->6432K(96256K)
[3651.362s][info ][gc,heap        ] GC(186) ParOldGen: 479790K(653312K)->479790K(653312K)
[3651.362s][info ][gc,metaspace   ] GC(186) Metaspace: 83237K(84416K)->83237K(84416K) NonClass: 71599K(72256K)->71599K(72256K) Class: 11638K(12160K)->11638K(12160K)
[3651.362s][info ][gc             ] GC(186) Pause Young (Allocation Failure) 2322M->474M(2596M) 6.103ms
[3651.362s][info ][gc,cpu         ] GC(186) User=0.02s Sys=0.00s Real=0.00s
[3651.362s][info ][safepoint      ] Safepoint "ParallelGCFailedAllocation", Time since last: 2818248726 ns, Reaching safepoint: 104603 ns, At safepoint: 6186036 ns, Total: 6290639 ns
[3658.363s][info ][safepoint      ] Safepoint "Cleanup", Time since last: 7000501261 ns, Reaching safepoint: 45001 ns, At safepoint: 31001 ns, Total: 76002 ns
[3668.634s][info ][gc,start       ] GC(187) Pause Young (Allocation Failure)
[3668.641s][debug][gc,phases      ] GC(187) Scavenge 6.328ms
[3668.641s][debug][gc,ref         ] GC(187) Skipped phase 1 of Reference Processing: no references
[3668.641s][debug][gc,ref         ] GC(187) ReferenceProcessor::execute queues: 1, RefProcThreadModel::Single, marks_oops_alive: false
[3668.641s][debug][gc,ref         ] GC(187) Skipped phase 3 of Reference Processing: no references
[3668.641s][debug][gc,ref         ] GC(187) ReferenceProcessor::execute queues: 1, RefProcThreadModel::Single, marks_oops_alive: false
[3668.641s][debug][gc,phases      ] GC(187) Reference Processing 0.110ms
[3668.641s][debug][gc,phases      ] GC(187)   VM Weak                        Min:  0.0, Avg:  0.0, Max:  0.0, Diff:  0.0, Sum:  0.0, Workers: 4
[3668.641s][debug][gc,phases      ] GC(187)     Dead                           Min: 0, Avg:  0.0, Max: 0, Diff: 0, Sum: 0, Workers: 4
[3668.641s][debug][gc,phases      ] GC(187)     Total                          Min: 0, Avg: 193.8, Max: 479, Diff: 479, Sum: 775, Workers: 4
[3668.641s][debug][gc,phases      ] GC(187)   ObjectSynchronizer Weak        Min:  0.0, Avg:  0.0, Max:  0.0, Diff:  0.0, Sum:  0.0, Workers: 4
[3668.641s][debug][gc,phases      ] GC(187)     Dead                           Min: 0, Avg:  0.0, Max: 0, Diff: 0, Sum: 0, Workers: 4
[3668.641s][debug][gc,phases      ] GC(187)     Total                          Min: 0, Avg:  8.5, Max: 34, Diff: 34, Sum: 34, Workers: 4
[3668.641s][debug][gc,phases      ] GC(187)   JVMTI Tag Weak OopStorage      Min:  0.0, Avg:  0.0, Max:  0.0, Diff:  0.0, Sum:  0.0, Workers: 4
[3668.641s][debug][gc,phases      ] GC(187)     Dead                           Min: 0, Avg:  0.0, Max: 0, Diff: 0, Sum: 0, Workers: 4
[3668.641s][debug][gc,phases      ] GC(187)     Total                          Min: 0, Avg:  0.0, Max: 0, Diff: 0, Sum: 0, Workers: 4
[3668.641s][debug][gc,phases      ] GC(187)   StringTable Weak               Min:  0.1, Avg:  0.1, Max:  0.1, Diff:  0.0, Sum:  0.4, Workers: 4
[3668.641s][debug][gc,phases      ] GC(187)     Dead                           Min: 0, Avg:  0.0, Max: 0, Diff: 0, Sum: 0, Workers: 4
[3668.641s][debug][gc,phases      ] GC(187)     Total                          Min: 9728, Avg: 10897.5, Max: 12038, Diff: 2310, Sum: 43590, Workers: 4
[3668.641s][debug][gc,phases      ] GC(187)   ResolvedMethodTable Weak       Min:  0.0, Avg:  0.0, Max:  0.0, Diff:  0.0, Sum:  0.1, Workers: 4
[3668.641s][debug][gc,phases      ] GC(187)     Dead                           Min: 0, Avg:  0.0, Max: 0, Diff: 0, Sum: 0, Workers: 4
[3668.641s][debug][gc,phases      ] GC(187)     Total                          Min: 2367, Avg: 2413.8, Max: 2496, Diff: 129, Sum: 9655, Workers: 4
[3668.641s][debug][gc,phases      ] GC(187)   JNI Weak                       Min:  0.0, Avg:  0.0, Max:  0.0, Diff:  0.0, Sum:  0.0, Workers: 4
[3668.641s][debug][gc,phases      ] GC(187)     Dead                           Min: 0, Avg:  0.0, Max: 0, Diff: 0, Sum: 0, Workers: 4
[3668.641s][debug][gc,phases      ] GC(187)     Total                          Min: 0, Avg: 11.2, Max: 45, Diff: 45, Sum: 45, Workers: 4
[3668.641s][debug][gc,phases      ] GC(187)   StringDedup Table Weak         Min:  0.0, Avg:  0.0, Max:  0.0, Diff:  0.0, Sum:  0.0, Workers: 4
[3668.641s][debug][gc,phases      ] GC(187)     Dead                           Min: 0, Avg:  0.0, Max: 0, Diff: 0, Sum: 0, Workers: 4
[3668.641s][debug][gc,phases      ] GC(187)     Total                          Min: 0, Avg:  0.0, Max: 0, Diff: 0, Sum: 0, Workers: 4
[3668.641s][debug][gc,phases      ] GC(187)   StringDedup Requests0 Weak     Min:  0.0, Avg:  0.0, Max:  0.0, Diff:  0.0, Sum:  0.0, Workers: 4
[3668.641s][debug][gc,phases      ] GC(187)     Dead                           Min: 0, Avg:  0.0, Max: 0, Diff: 0, Sum: 0, Workers: 4
[3668.641s][debug][gc,phases      ] GC(187)     Total                          Min: 0, Avg:  0.0, Max: 0, Diff: 0, Sum: 0, Workers: 4
[3668.641s][debug][gc,phases      ] GC(187)   StringDedup Requests1 Weak     Min:  0.0, Avg:  0.0, Max:  0.0, Diff:  0.0, Sum:  0.0, Workers: 4
[3668.641s][debug][gc,phases      ] GC(187)     Dead                           Min: 0, Avg:  0.0, Max: 0, Diff: 0, Sum: 0, Workers: 4
[3668.641s][debug][gc,phases      ] GC(187)     Total                          Min: 0, Avg:  0.0, Max: 0, Diff: 0, Sum: 0, Workers: 4
[3668.641s][debug][gc,phases      ] GC(187)   Weak JFR Old Object Samples    Min:  0.0, Avg:  0.0, Max:  0.0, Diff:  0.0, Sum:  0.0, Workers: 4
[3668.641s][debug][gc,phases      ] GC(187)     Dead                           Min: 0, Avg:  0.0, Max: 0, Diff: 0, Sum: 0, Workers: 4
[3668.641s][debug][gc,phases      ] GC(187)     Total                          Min: 0, Avg:  0.0, Max: 0, Diff: 0, Sum: 0, Workers: 4
[3668.641s][debug][gc,phases      ] GC(187) Weak Processing 0.317ms
[3668.641s][debug][gc,age         ] GC(187) Desired survivor size 89653248 bytes, new threshold 15 (max threshold 15)
[3668.641s][info ][gc,heap        ] GC(187) PSYoungGen: 1915168K(2004992K)->8032K(2000896K) Eden: 1908736K(1908736K)->0K(1908736K) From: 6432K(96256K)->8032K(92160K)
[3668.641s][info ][gc,heap        ] GC(187) ParOldGen: 479790K(653312K)->479790K(653312K)
[3668.641s][info ][gc,metaspace   ] GC(187) Metaspace: 83238K(84416K)->83238K(84416K) NonClass: 71599K(72256K)->71599K(72256K) Class: 11638K(12160K)->11638K(12160K)
[3668.641s][info ][gc             ] GC(187) Pause Young (Allocation Failure) 2338M->476M(2592M) 6.893ms
[3668.641s][info ][gc,cpu         ] GC(187) User=0.03s Sys=0.00s Real=0.00s
[3668.641s][info ][safepoint      ] Safepoint "ParallelGCFailedAllocation", Time since last: 10271365567 ns, Reaching safepoint: 25100 ns, At safepoint: 6973952 ns, Total: 6999052 ns
[3688.491s][info ][gc,start       ] GC(188) Pause Young (Allocation Failure)
[3688.496s][debug][gc,phases      ] GC(188) Scavenge 5.321ms
[3688.496s][debug][gc,ref         ] GC(188) Skipped phase 1 of Reference Processing: no references
[3688.496s][debug][gc,ref         ] GC(188) ReferenceProcessor::execute queues: 1, RefProcThreadModel::Single, marks_oops_alive: false
[3688.496s][debug][gc,ref         ] GC(188) Skipped phase 3 of Reference Processing: no references
[3688.496s][debug][gc,ref         ] GC(188) ReferenceProcessor::execute queues: 1, RefProcThreadModel::Single, marks_oops_alive: false
[3688.496s][debug][gc,phases      ] GC(188) Reference Processing 0.108ms
[3688.497s][debug][gc,phases      ] GC(188)   VM Weak                        Min:  0.0, Avg:  0.0, Max:  0.0, Diff:  0.0, Sum:  0.0, Workers: 4
[3688.497s][debug][gc,phases      ] GC(188)     Dead                           Min: 0, Avg:  0.0, Max: 0, Diff: 0, Sum: 0, Workers: 4
[3688.497s][debug][gc,phases      ] GC(188)     Total                          Min: 0, Avg: 193.8, Max: 453, Diff: 453, Sum: 775, Workers: 4
[3688.497s][debug][gc,phases      ] GC(188)   ObjectSynchronizer Weak        Min:  0.0, Avg:  0.0, Max:  0.0, Diff:  0.0, Sum:  0.0, Workers: 4
[3688.497s][debug][gc,phases      ] GC(188)     Dead                           Min: 0, Avg:  0.0, Max: 0, Diff: 0, Sum: 0, Workers: 4
[3688.497s][debug][gc,phases      ] GC(188)     Total                          Min: 0, Avg:  8.5, Max: 34, Diff: 34, Sum: 34, Workers: 4
[3688.497s][debug][gc,phases      ] GC(188)   JVMTI Tag Weak OopStorage      Min:  0.0, Avg:  0.0, Max:  0.0, Diff:  0.0, Sum:  0.0, Workers: 4
[3688.497s][debug][gc,phases      ] GC(188)     Dead                           Min: 0, Avg:  0.0, Max: 0, Diff: 0, Sum: 0, Workers: 4
[3688.497s][debug][gc,phases      ] GC(188)     Total                          Min: 0, Avg:  0.0, Max: 0, Diff: 0, Sum: 0, Workers: 4
[3688.497s][debug][gc,phases      ] GC(188)   StringTable Weak               Min:  0.0, Avg:  0.1, Max:  0.1, Diff:  0.1, Sum:  0.4, Workers: 4
[3688.497s][debug][gc,phases      ] GC(188)     Dead                           Min: 0, Avg:  0.0, Max: 0, Diff: 0, Sum: 0, Workers: 4
[3688.497s][debug][gc,phases      ] GC(188)     Total                          Min: 0, Avg: 10897.5, Max: 16448, Diff: 16448, Sum: 43590, Workers: 4
[3688.497s][debug][gc,phases      ] GC(188)   ResolvedMethodTable Weak       Min:  0.0, Avg:  0.0, Max:  0.0, Diff:  0.0, Sum:  0.1, Workers: 4
[3688.497s][debug][gc,phases      ] GC(188)     Dead                           Min: 0, Avg:  0.0, Max: 0, Diff: 0, Sum: 0, Workers: 4
[3688.497s][debug][gc,phases      ] GC(188)     Total                          Min: 0, Avg: 2413.8, Max: 3712, Diff: 3712, Sum: 9655, Workers: 4
[3688.497s][debug][gc,phases      ] GC(188)   JNI Weak                       Min:  0.0, Avg:  0.0, Max:  0.0, Diff:  0.0, Sum:  0.0, Workers: 4
[3688.497s][debug][gc,phases      ] GC(188)     Dead                           Min: 0, Avg:  0.0, Max: 0, Diff: 0, Sum: 0, Workers: 4
[3688.497s][debug][gc,phases      ] GC(188)     Total                          Min: 0, Avg: 11.2, Max: 45, Diff: 45, Sum: 45, Workers: 4
[3688.497s][debug][gc,phases      ] GC(188)   StringDedup Table Weak         Min:  0.0, Avg:  0.0, Max:  0.0, Diff:  0.0, Sum:  0.0, Workers: 4
[3688.497s][debug][gc,phases      ] GC(188)     Dead                           Min: 0, Avg:  0.0, Max: 0, Diff: 0, Sum: 0, Workers: 4
[3688.497s][debug][gc,phases      ] GC(188)     Total                          Min: 0, Avg:  0.0, Max: 0, Diff: 0, Sum: 0, Workers: 4
[3688.497s][debug][gc,phases      ] GC(188)   StringDedup Requests0 Weak     Min:  0.0, Avg:  0.0, Max:  0.0, Diff:  0.0, Sum:  0.0, Workers: 4
[3688.497s][debug][gc,phases      ] GC(188)     Dead                           Min: 0, Avg:  0.0, Max: 0, Diff: 0, Sum: 0, Workers: 4
[3688.497s][debug][gc,phases      ] GC(188)     Total                          Min: 0, Avg:  0.0, Max: 0, Diff: 0, Sum: 0, Workers: 4
[3688.497s][debug][gc,phases      ] GC(188)   StringDedup Requests1 Weak     Min:  0.0, Avg:  0.0, Max:  0.0, Diff:  0.0, Sum:  0.0, Workers: 4
[3688.497s][debug][gc,phases      ] GC(188)     Dead                           Min: 0, Avg:  0.0, Max: 0, Diff: 0, Sum: 0, Workers: 4
[3688.497s][debug][gc,phases      ] GC(188)     Total                          Min: 0, Avg:  0.0, Max: 0, Diff: 0, Sum: 0, Workers: 4
[3688.497s][debug][gc,phases      ] GC(188)   Weak JFR Old Object Samples    Min:  0.0, Avg:  0.0, Max:  0.0, Diff:  0.0, Sum:  0.0, Workers: 4
[3688.497s][debug][gc,phases      ] GC(188)     Dead                           Min: 0, Avg:  0.0, Max: 0, Diff: 0, Sum: 0, Workers: 4
[3688.497s][debug][gc,phases      ] GC(188)     Total                          Min: 0, Avg:  0.0, Max: 0, Diff: 0, Sum: 0, Workers: 4
[3688.497s][debug][gc,phases      ] GC(188) Weak Processing 0.364ms
[3688.497s][debug][gc,age         ] GC(188) Desired survivor size 84934656 bytes, new threshold 15 (max threshold 15)
[3688.497s][info ][gc,heap        ] GC(188) PSYoungGen: 1916768K(2000896K)->8192K(2014208K) Eden: 1908736K(1908736K)->0K(1926656K) From: 8032K(92160K)->8192K(87552K)
[3688.497s][info ][gc,heap        ] GC(188) ParOldGen: 479790K(653312K)->479790K(653312K)
[3688.497s][info ][gc,metaspace   ] GC(188) Metaspace: 83238K(84416K)->83238K(84416K) NonClass: 71600K(72256K)->71600K(72256K) Class: 11638K(12160K)->11638K(12160K)
[3688.497s][info ][gc             ] GC(188) Pause Young (Allocation Failure) 2340M->476M(2605M) 5.920ms
[3688.497s][info ][gc,cpu         ] GC(188) User=0.02s Sys=0.00s Real=0.01s
[3688.497s][info ][safepoint      ] Safepoint "ParallelGCFailedAllocation", Time since last: 19849687208 ns, Reaching safepoint: 117103 ns, At safepoint: 6027732 ns, Total: 6144835 ns
[3695.498s][info ][safepoint      ] Safepoint "Cleanup", Time since last: 7000534897 ns, Reaching safepoint: 130703 ns, At safepoint: 8601 ns, Total: 139304 ns
[3698.498s][info ][safepoint      ] Safepoint "Cleanup", Time since last: 3000261045 ns, Reaching safepoint: 130103 ns, At safepoint: 6200 ns, Total: 136303 ns
[3699.498s][info ][safepoint      ] Safepoint "Cleanup", Time since last: 1000130716 ns, Reaching safepoint: 116503 ns, At safepoint: 6300 ns, Total: 122803 ns
[3700.498s][info ][safepoint      ] Safepoint "Cleanup", Time since last: 1000118516 ns, Reaching safepoint: 123302 ns, At safepoint: 5201 ns, Total: 128503 ns
[3704.499s][info ][safepoint      ] Safepoint "Cleanup", Time since last: 4000329778 ns, Reaching safepoint: 116102 ns, At safepoint: 6101 ns, Total: 122203 ns
[3705.499s][info ][safepoint      ] Safepoint "Cleanup", Time since last: 1000122855 ns, Reaching safepoint: 125803 ns, At safepoint: 5100 ns, Total: 130903 ns
[3706.499s][info ][safepoint      ] Safepoint "Cleanup", Time since last: 1000120956 ns, Reaching safepoint: 112303 ns, At safepoint: 9000 ns, Total: 121303 ns
[3706.891s][info ][gc,start       ] GC(189) Pause Young (Allocation Failure)
[3706.896s][debug][gc,phases      ] GC(189) Scavenge 5.264ms
[3706.896s][debug][gc,ref         ] GC(189) Skipped phase 1 of Reference Processing: no references
[3706.896s][debug][gc,ref         ] GC(189) ReferenceProcessor::execute queues: 1, RefProcThreadModel::Single, marks_oops_alive: false
[3706.896s][debug][gc,ref         ] GC(189) Skipped phase 3 of Reference Processing: no references
[3706.896s][debug][gc,ref         ] GC(189) ReferenceProcessor::execute queues: 1, RefProcThreadModel::Single, marks_oops_alive: false
[3706.896s][debug][gc,phases      ] GC(189) Reference Processing 0.113ms
[3706.896s][debug][gc,phases      ] GC(189)   VM Weak                        Min:  0.0, Avg:  0.0, Max:  0.0, Diff:  0.0, Sum:  0.0, Workers: 4
[3706.896s][debug][gc,phases      ] GC(189)     Dead                           Min: 0, Avg:  0.0, Max: 0, Diff: 0, Sum: 0, Workers: 4
[3706.896s][debug][gc,phases      ] GC(189)     Total                          Min: 0, Avg: 193.8, Max: 589, Diff: 589, Sum: 775, Workers: 4
[3706.896s][debug][gc,phases      ] GC(189)   ObjectSynchronizer Weak        Min:  0.0, Avg:  0.0, Max:  0.0, Diff:  0.0, Sum:  0.0, Workers: 4
[3706.896s][debug][gc,phases      ] GC(189)     Dead                           Min: 0, Avg:  0.0, Max: 0, Diff: 0, Sum: 0, Workers: 4
[3706.896s][debug][gc,phases      ] GC(189)     Total                          Min: 0, Avg:  8.5, Max: 34, Diff: 34, Sum: 34, Workers: 4
[3706.896s][debug][gc,phases      ] GC(189)   JVMTI Tag Weak OopStorage      Min:  0.0, Avg:  0.0, Max:  0.0, Diff:  0.0, Sum:  0.0, Workers: 4
[3706.896s][debug][gc,phases      ] GC(189)     Dead                           Min: 0, Avg:  0.0, Max: 0, Diff: 0, Sum: 0, Workers: 4
[3706.896s][debug][gc,phases      ] GC(189)     Total                          Min: 0, Avg:  0.0, Max: 0, Diff: 0, Sum: 0, Workers: 4
[3706.896s][debug][gc,phases      ] GC(189)   StringTable Weak               Min:  0.0, Avg:  0.1, Max:  0.1, Diff:  0.1, Sum:  0.4, Workers: 4
[3706.896s][debug][gc,phases      ] GC(189)     Dead                           Min: 0, Avg:  0.5, Max: 2, Diff: 2, Sum: 2, Workers: 4
[3706.896s][debug][gc,phases      ] GC(189)     Total                          Min: 0, Avg: 10901.2, Max: 15063, Diff: 15063, Sum: 43605, Workers: 4
[3706.896s][debug][gc,phases      ] GC(189)   ResolvedMethodTable Weak       Min:  0.0, Avg:  0.0, Max:  0.0, Diff:  0.0, Sum:  0.1, Workers: 4
[3706.896s][debug][gc,phases      ] GC(189)     Dead                           Min: 0, Avg:  0.0, Max: 0, Diff: 0, Sum: 0, Workers: 4
[3706.896s][debug][gc,phases      ] GC(189)     Total                          Min: 0, Avg: 2417.0, Max: 3396, Diff: 3396, Sum: 9668, Workers: 4
[3706.896s][debug][gc,phases      ] GC(189)   JNI Weak                       Min:  0.0, Avg:  0.0, Max:  0.0, Diff:  0.0, Sum:  0.0, Workers: 4
[3706.896s][debug][gc,phases      ] GC(189)     Dead                           Min: 0, Avg:  0.0, Max: 0, Diff: 0, Sum: 0, Workers: 4
[3706.896s][debug][gc,phases      ] GC(189)     Total                          Min: 0, Avg: 11.2, Max: 45, Diff: 45, Sum: 45, Workers: 4
[3706.896s][debug][gc,phases      ] GC(189)   StringDedup Table Weak         Min:  0.0, Avg:  0.0, Max:  0.0, Diff:  0.0, Sum:  0.0, Workers: 4
[3706.896s][debug][gc,phases      ] GC(189)     Dead                           Min: 0, Avg:  0.0, Max: 0, Diff: 0, Sum: 0, Workers: 4
[3706.896s][debug][gc,phases      ] GC(189)     Total                          Min: 0, Avg:  0.0, Max: 0, Diff: 0, Sum: 0, Workers: 4
[3706.896s][debug][gc,phases      ] GC(189)   StringDedup Requests0 Weak     Min:  0.0, Avg:  0.0, Max:  0.0, Diff:  0.0, Sum:  0.0, Workers: 4
[3706.896s][debug][gc,phases      ] GC(189)     Dead                           Min: 0, Avg:  0.0, Max: 0, Diff: 0, Sum: 0, Workers: 4
[3706.896s][debug][gc,phases      ] GC(189)     Total                          Min: 0, Avg:  0.0, Max: 0, Diff: 0, Sum: 0, Workers: 4
[3706.897s][debug][gc,phases      ] GC(189)   StringDedup Requests1 Weak     Min:  0.0, Avg:  0.0, Max:  0.0, Diff:  0.0, Sum:  0.0, Workers: 4
[3706.897s][debug][gc,phases      ] GC(189)     Dead                           Min: 0, Avg:  0.0, Max: 0, Diff: 0, Sum: 0, Workers: 4
[3706.897s][debug][gc,phases      ] GC(189)     Total                          Min: 0, Avg:  0.0, Max: 0, Diff: 0, Sum: 0, Workers: 4
[3706.897s][debug][gc,phases      ] GC(189)   Weak JFR Old Object Samples    Min:  0.0, Avg:  0.0, Max:  0.0, Diff:  0.0, Sum:  0.0, Workers: 4
[3706.897s][debug][gc,phases      ] GC(189)     Dead                           Min: 0, Avg:  0.0, Max: 0, Diff: 0, Sum: 0, Workers: 4
[3706.897s][debug][gc,phases      ] GC(189)     Total                          Min: 0, Avg:  0.0, Max: 0, Diff: 0, Sum: 0, Workers: 4
[3706.897s][debug][gc,phases      ] GC(189) Weak Processing 0.356ms
[3706.897s][debug][gc,age         ] GC(189) Desired survivor size 80740352 bytes, new threshold 15 (max threshold 15)
[3706.897s][info ][gc,heap        ] GC(189) PSYoungGen: 1934848K(2014208K)->8352K(2009600K) Eden: 1926656K(1926656K)->0K(1926656K) From: 8192K(87552K)->8352K(82944K)
[3706.897s][info ][gc,heap        ] GC(189) ParOldGen: 479790K(653312K)->479790K(653312K)
[3706.897s][info ][gc,metaspace   ] GC(189) Metaspace: 83274K(84416K)->83274K(84416K) NonClass: 71626K(72256K)->71626K(72256K) Class: 11647K(12160K)->11647K(12160K)
[3706.897s][info ][gc             ] GC(189) Pause Young (Allocation Failure) 2358M->476M(2600M) 5.868ms
[3706.897s][info ][gc,cpu         ] GC(189) User=0.02s Sys=0.00s Real=0.01s
[3706.897s][info ][safepoint      ] Safepoint "ParallelGCFailedAllocation", Time since last: 391130239 ns, Reaching safepoint: 115002 ns, At safepoint: 5950536 ns, Total: 6065538 ns
[3707.897s][info ][safepoint      ] Safepoint "Cleanup", Time since last: 1000088555 ns, Reaching safepoint: 111903 ns, At safepoint: 5400 ns, Total: 117303 ns
[3725.142s][info ][gc,start       ] GC(190) Pause Young (Allocation Failure)
[3725.148s][debug][gc,phases      ] GC(190) Scavenge 6.069ms
[3725.149s][debug][gc,ref         ] GC(190) Skipped phase 1 of Reference Processing: no references
[3725.149s][debug][gc,ref         ] GC(190) ReferenceProcessor::execute queues: 1, RefProcThreadModel::Single, marks_oops_alive: false
[3725.149s][debug][gc,ref         ] GC(190) Skipped phase 3 of Reference Processing: no references
[3725.149s][debug][gc,ref         ] GC(190) ReferenceProcessor::execute queues: 1, RefProcThreadModel::Single, marks_oops_alive: false
[3725.149s][debug][gc,phases      ] GC(190) Reference Processing 0.121ms
[3725.149s][debug][gc,phases      ] GC(190)   VM Weak                        Min:  0.0, Avg:  0.0, Max:  0.0, Diff:  0.0, Sum:  0.0, Workers: 4
[3725.149s][debug][gc,phases      ] GC(190)     Dead                           Min: 0, Avg:  0.0, Max: 0, Diff: 0, Sum: 0, Workers: 4
[3725.149s][debug][gc,phases      ] GC(190)     Total                          Min: 0, Avg: 193.8, Max: 679, Diff: 679, Sum: 775, Workers: 4
[3725.149s][debug][gc,phases      ] GC(190)   ObjectSynchronizer Weak        Min:  0.0, Avg:  0.0, Max:  0.0, Diff:  0.0, Sum:  0.0, Workers: 4
[3725.149s][debug][gc,phases      ] GC(190)     Dead                           Min: 0, Avg:  0.0, Max: 0, Diff: 0, Sum: 0, Workers: 4
[3725.149s][debug][gc,phases      ] GC(190)     Total                          Min: 0, Avg:  8.5, Max: 34, Diff: 34, Sum: 34, Workers: 4
[3725.149s][debug][gc,phases      ] GC(190)   JVMTI Tag Weak OopStorage      Min:  0.0, Avg:  0.0, Max:  0.0, Diff:  0.0, Sum:  0.0, Workers: 4
[3725.149s][debug][gc,phases      ] GC(190)     Dead                           Min: 0, Avg:  0.0, Max: 0, Diff: 0, Sum: 0, Workers: 4
[3725.149s][debug][gc,phases      ] GC(190)     Total                          Min: 0, Avg:  0.0, Max: 0, Diff: 0, Sum: 0, Workers: 4
[3725.149s][debug][gc,phases      ] GC(190)   StringTable Weak               Min:  0.0, Avg:  0.1, Max:  0.1, Diff:  0.1, Sum:  0.4, Workers: 4
[3725.149s][debug][gc,phases      ] GC(190)     Dead                           Min: 0, Avg:  0.0, Max: 0, Diff: 0, Sum: 0, Workers: 4
[3725.149s][debug][gc,phases      ] GC(190)     Total                          Min: 0, Avg: 10901.5, Max: 15166, Diff: 15166, Sum: 43606, Workers: 4
[3725.149s][debug][gc,phases      ] GC(190)   ResolvedMethodTable Weak       Min:  0.0, Avg:  0.0, Max:  0.0, Diff:  0.0, Sum:  0.1, Workers: 4
[3725.149s][debug][gc,phases      ] GC(190)     Dead                           Min: 0, Avg:  0.0, Max: 0, Diff: 0, Sum: 0, Workers: 4
[3725.149s][debug][gc,phases      ] GC(190)     Total                          Min: 0, Avg: 2417.0, Max: 3392, Diff: 3392, Sum: 9668, Workers: 4
[3725.149s][debug][gc,phases      ] GC(190)   JNI Weak                       Min:  0.0, Avg:  0.0, Max:  0.0, Diff:  0.0, Sum:  0.0, Workers: 4
[3725.149s][debug][gc,phases      ] GC(190)     Dead                           Min: 0, Avg:  0.0, Max: 0, Diff: 0, Sum: 0, Workers: 4
[3725.149s][debug][gc,phases      ] GC(190)     Total                          Min: 0, Avg: 11.2, Max: 45, Diff: 45, Sum: 45, Workers: 4
[3725.149s][debug][gc,phases      ] GC(190)   StringDedup Table Weak         Min:  0.0, Avg:  0.0, Max:  0.0, Diff:  0.0, Sum:  0.0, Workers: 4
[3725.149s][debug][gc,phases      ] GC(190)     Dead                           Min: 0, Avg:  0.0, Max: 0, Diff: 0, Sum: 0, Workers: 4
[3725.149s][debug][gc,phases      ] GC(190)     Total                          Min: 0, Avg:  0.0, Max: 0, Diff: 0, Sum: 0, Workers: 4
[3725.149s][debug][gc,phases      ] GC(190)   StringDedup Requests0 Weak     Min:  0.0, Avg:  0.0, Max:  0.0, Diff:  0.0, Sum:  0.0, Workers: 4
[3725.149s][debug][gc,phases      ] GC(190)     Dead                           Min: 0, Avg:  0.0, Max: 0, Diff: 0, Sum: 0, Workers: 4
[3725.149s][debug][gc,phases      ] GC(190)     Total                          Min: 0, Avg:  0.0, Max: 0, Diff: 0, Sum: 0, Workers: 4
[3725.149s][debug][gc,phases      ] GC(190)   StringDedup Requests1 Weak     Min:  0.0, Avg:  0.0, Max:  0.0, Diff:  0.0, Sum:  0.0, Workers: 4
[3725.149s][debug][gc,phases      ] GC(190)     Dead                           Min: 0, Avg:  0.0, Max: 0, Diff: 0, Sum: 0, Workers: 4
[3725.149s][debug][gc,phases      ] GC(190)     Total                          Min: 0, Avg:  0.0, Max: 0, Diff: 0, Sum: 0, Workers: 4
[3725.149s][debug][gc,phases      ] GC(190)   Weak JFR Old Object Samples    Min:  0.0, Avg:  0.0, Max:  0.0, Diff:  0.0, Sum:  0.0, Workers: 4
[3725.149s][debug][gc,phases      ] GC(190)     Dead                           Min: 0, Avg:  0.0, Max: 0, Diff: 0, Sum: 0, Workers: 4
[3725.149s][debug][gc,phases      ] GC(190)     Total                          Min: 0, Avg:  0.0, Max: 0, Diff: 0, Sum: 0, Workers: 4
[3725.149s][debug][gc,phases      ] GC(190) Weak Processing 0.360ms
[3725.149s][debug][gc,age         ] GC(190) Desired survivor size 76021760 bytes, new threshold 15 (max threshold 15)
[3725.149s][info ][gc,heap        ] GC(190) PSYoungGen: 1935008K(2009600K)->8048K(2022912K) Eden: 1926656K(1926656K)->0K(1944064K) From: 8352K(82944K)->8048K(78848K)
[3725.149s][info ][gc,heap        ] GC(190) ParOldGen: 479790K(653312K)->479790K(653312K)
[3725.149s][info ][gc,metaspace   ] GC(190) Metaspace: 83275K(84416K)->83275K(84416K) NonClass: 71627K(72256K)->71627K(72256K) Class: 11647K(12160K)->11647K(12160K)
[3725.149s][info ][gc             ] GC(190) Pause Young (Allocation Failure) 2358M->476M(2613M) 6.685ms
[3725.149s][info ][gc,cpu         ] GC(190) User=0.02s Sys=0.00s Real=0.01s
[3725.149s][info ][safepoint      ] Safepoint "ParallelGCFailedAllocation", Time since last: 17245361812 ns, Reaching safepoint: 120103 ns, At safepoint: 6799455 ns, Total: 6919558 ns
[3741.791s][info ][gc,start       ] GC(191) Pause Young (Allocation Failure)
[3741.797s][debug][gc,phases      ] GC(191) Scavenge 6.038ms
[3741.797s][debug][gc,ref         ] GC(191) Skipped phase 1 of Reference Processing: no references
[3741.797s][debug][gc,ref         ] GC(191) ReferenceProcessor::execute queues: 1, RefProcThreadModel::Single, marks_oops_alive: false
[3741.797s][debug][gc,ref         ] GC(191) Skipped phase 3 of Reference Processing: no references
[3741.797s][debug][gc,ref         ] GC(191) ReferenceProcessor::execute queues: 1, RefProcThreadModel::Single, marks_oops_alive: false
[3741.797s][debug][gc,phases      ] GC(191) Reference Processing 0.111ms
[3741.798s][debug][gc,phases      ] GC(191)   VM Weak                        Min:  0.0, Avg:  0.0, Max:  0.0, Diff:  0.0, Sum:  0.0, Workers: 4
[3741.798s][debug][gc,phases      ] GC(191)     Dead                           Min: 0, Avg:  0.0, Max: 0, Diff: 0, Sum: 0, Workers: 4
[3741.798s][debug][gc,phases      ] GC(191)     Total                          Min: 0, Avg: 193.8, Max: 511, Diff: 511, Sum: 775, Workers: 4
[3741.798s][debug][gc,phases      ] GC(191)   ObjectSynchronizer Weak        Min:  0.0, Avg:  0.0, Max:  0.0, Diff:  0.0, Sum:  0.0, Workers: 4
[3741.798s][debug][gc,phases      ] GC(191)     Dead                           Min: 0, Avg:  0.0, Max: 0, Diff: 0, Sum: 0, Workers: 4
[3741.798s][debug][gc,phases      ] GC(191)     Total                          Min: 0, Avg:  8.5, Max: 34, Diff: 34, Sum: 34, Workers: 4
[3741.798s][debug][gc,phases      ] GC(191)   JVMTI Tag Weak OopStorage      Min:  0.0, Avg:  0.0, Max:  0.0, Diff:  0.0, Sum:  0.0, Workers: 4
[3741.798s][debug][gc,phases      ] GC(191)     Dead                           Min: 0, Avg:  0.0, Max: 0, Diff: 0, Sum: 0, Workers: 4
[3741.798s][debug][gc,phases      ] GC(191)     Total                          Min: 0, Avg:  0.0, Max: 0, Diff: 0, Sum: 0, Workers: 4
[3741.798s][debug][gc,phases      ] GC(191)   StringTable Weak               Min:  0.0, Avg:  0.1, Max:  0.1, Diff:  0.1, Sum:  0.3, Workers: 4
[3741.798s][debug][gc,phases      ] GC(191)     Dead                           Min: 0, Avg:  0.0, Max: 0, Diff: 0, Sum: 0, Workers: 4
[3741.798s][debug][gc,phases      ] GC(191)     Total                          Min: 0, Avg: 10901.8, Max: 16384, Diff: 16384, Sum: 43607, Workers: 4
[3741.798s][debug][gc,phases      ] GC(191)   ResolvedMethodTable Weak       Min:  0.0, Avg:  0.0, Max:  0.0, Diff:  0.0, Sum:  0.1, Workers: 4
[3741.798s][debug][gc,phases      ] GC(191)     Dead                           Min: 0, Avg:  0.0, Max: 0, Diff: 0, Sum: 0, Workers: 4
[3741.798s][debug][gc,phases      ] GC(191)     Total                          Min: 0, Avg: 2417.0, Max: 3844, Diff: 3844, Sum: 9668, Workers: 4
[3741.798s][debug][gc,phases      ] GC(191)   JNI Weak                       Min:  0.0, Avg:  0.0, Max:  0.0, Diff:  0.0, Sum:  0.0, Workers: 4
[3741.798s][debug][gc,phases      ] GC(191)     Dead                           Min: 0, Avg:  0.0, Max: 0, Diff: 0, Sum: 0, Workers: 4
[3741.798s][debug][gc,phases      ] GC(191)     Total                          Min: 0, Avg: 11.2, Max: 45, Diff: 45, Sum: 45, Workers: 4
[3741.798s][debug][gc,phases      ] GC(191)   StringDedup Table Weak         Min:  0.0, Avg:  0.0, Max:  0.0, Diff:  0.0, Sum:  0.0, Workers: 4
[3741.798s][debug][gc,phases      ] GC(191)     Dead                           Min: 0, Avg:  0.0, Max: 0, Diff: 0, Sum: 0, Workers: 4
[3741.798s][debug][gc,phases      ] GC(191)     Total                          Min: 0, Avg:  0.0, Max: 0, Diff: 0, Sum: 0, Workers: 4
[3741.798s][debug][gc,phases      ] GC(191)   StringDedup Requests0 Weak     Min:  0.0, Avg:  0.0, Max:  0.0, Diff:  0.0, Sum:  0.0, Workers: 4
[3741.798s][debug][gc,phases      ] GC(191)     Dead                           Min: 0, Avg:  0.0, Max: 0, Diff: 0, Sum: 0, Workers: 4
[3741.798s][debug][gc,phases      ] GC(191)     Total                          Min: 0, Avg:  0.0, Max: 0, Diff: 0, Sum: 0, Workers: 4
[3741.798s][debug][gc,phases      ] GC(191)   StringDedup Requests1 Weak     Min:  0.0, Avg:  0.0, Max:  0.0, Diff:  0.0, Sum:  0.0, Workers: 4
[3741.798s][debug][gc,phases      ] GC(191)     Dead                           Min: 0, Avg:  0.0, Max: 0, Diff: 0, Sum: 0, Workers: 4
[3741.798s][debug][gc,phases      ] GC(191)     Total                          Min: 0, Avg:  0.0, Max: 0, Diff: 0, Sum: 0, Workers: 4
[3741.798s][debug][gc,phases      ] GC(191)   Weak JFR Old Object Samples    Min:  0.0, Avg:  0.0, Max:  0.0, Diff:  0.0, Sum:  0.0, Workers: 4
[3741.798s][debug][gc,phases      ] GC(191)     Dead                           Min: 0, Avg:  0.0, Max: 0, Diff: 0, Sum: 0, Workers: 4
[3741.798s][debug][gc,phases      ] GC(191)     Total                          Min: 0, Avg:  0.0, Max: 0, Diff: 0, Sum: 0, Workers: 4
[3741.798s][debug][gc,phases      ] GC(191) Weak Processing 0.340ms
[3741.798s][debug][gc,age         ] GC(191) Desired survivor size 71827456 bytes, new threshold 15 (max threshold 15)
[3741.798s][info ][gc,heap        ] GC(191) PSYoungGen: 1952112K(2022912K)->8304K(2018304K) Eden: 1944064K(1944064K)->0K(1944064K) From: 8048K(78848K)->8304K(74240K)
[3741.798s][info ][gc,heap        ] GC(191) ParOldGen: 479790K(653312K)->479790K(653312K)
[3741.798s][info ][gc,metaspace   ] GC(191) Metaspace: 83276K(84416K)->83276K(84416K) NonClass: 71628K(72256K)->71628K(72256K) Class: 11647K(12160K)->11647K(12160K)
[3741.798s][info ][gc             ] GC(191) Pause Young (Allocation Failure) 2374M->476M(2609M) 6.625ms
[3741.798s][info ][gc,cpu         ] GC(191) User=0.02s Sys=0.00s Real=0.01s
[3741.798s][info ][safepoint      ] Safepoint "ParallelGCFailedAllocation", Time since last: 16641887887 ns, Reaching safepoint: 106402 ns, At safepoint: 6705573 ns, Total: 6811975 ns
[3742.798s][info ][safepoint      ] Safepoint "Cleanup", Time since last: 1000090122 ns, Reaching safepoint: 118103 ns, At safepoint: 3100 ns, Total: 121203 ns
[3746.798s][info ][safepoint      ] Safepoint "Cleanup", Time since last: 4000334809 ns, Reaching safepoint: 118003 ns, At safepoint: 6000 ns, Total: 124003 ns
[3750.799s][info ][safepoint      ] Safepoint "Cleanup", Time since last: 4000345883 ns, Reaching safepoint: 125504 ns, At safepoint: 5000 ns, Total: 130504 ns
[3752.799s][info ][safepoint      ] Safepoint "Cleanup", Time since last: 2000175526 ns, Reaching safepoint: 110203 ns, At safepoint: 6700 ns, Total: 116903 ns
[3758.285s][info ][gc,start       ] GC(192) Pause Young (Allocation Failure)
[3758.302s][debug][gc,phases      ] GC(192) Scavenge 16.934ms
[3758.302s][debug][gc,ref         ] GC(192) Skipped phase 1 of Reference Processing: no references
[3758.302s][debug][gc,ref         ] GC(192) ReferenceProcessor::execute queues: 1, RefProcThreadModel::Single, marks_oops_alive: false
[3758.302s][debug][gc,ref         ] GC(192) Skipped phase 3 of Reference Processing: no references
[3758.302s][debug][gc,ref         ] GC(192) ReferenceProcessor::execute queues: 1, RefProcThreadModel::Single, marks_oops_alive: false
[3758.302s][debug][gc,phases      ] GC(192) Reference Processing 0.124ms
[3758.303s][debug][gc,phases      ] GC(192)   VM Weak                        Min:  0.0, Avg:  0.0, Max:  0.0, Diff:  0.0, Sum:  0.0, Workers: 4
[3758.303s][debug][gc,phases      ] GC(192)     Dead                           Min: 0, Avg:  0.0, Max: 0, Diff: 0, Sum: 0, Workers: 4
[3758.303s][debug][gc,phases      ] GC(192)     Total                          Min: 0, Avg: 193.8, Max: 479, Diff: 479, Sum: 775, Workers: 4
[3758.303s][debug][gc,phases      ] GC(192)   ObjectSynchronizer Weak        Min:  0.0, Avg:  0.0, Max:  0.0, Diff:  0.0, Sum:  0.0, Workers: 4
[3758.303s][debug][gc,phases      ] GC(192)     Dead                           Min: 0, Avg:  0.0, Max: 0, Diff: 0, Sum: 0, Workers: 4
[3758.303s][debug][gc,phases      ] GC(192)     Total                          Min: 0, Avg:  8.5, Max: 34, Diff: 34, Sum: 34, Workers: 4
[3758.303s][debug][gc,phases      ] GC(192)   JVMTI Tag Weak OopStorage      Min:  0.0, Avg:  0.0, Max:  0.0, Diff:  0.0, Sum:  0.0, Workers: 4
[3758.303s][debug][gc,phases      ] GC(192)     Dead                           Min: 0, Avg:  0.0, Max: 0, Diff: 0, Sum: 0, Workers: 4
[3758.303s][debug][gc,phases      ] GC(192)     Total                          Min: 0, Avg:  0.0, Max: 0, Diff: 0, Sum: 0, Workers: 4
[3758.303s][debug][gc,phases      ] GC(192)   StringTable Weak               Min:  0.0, Avg:  0.1, Max:  0.1, Diff:  0.1, Sum:  0.4, Workers: 4
[3758.303s][debug][gc,phases      ] GC(192)     Dead                           Min: 0, Avg:  0.5, Max: 2, Diff: 2, Sum: 2, Workers: 4
[3758.303s][debug][gc,phases      ] GC(192)     Total                          Min: 0, Avg: 10921.0, Max: 14912, Diff: 14912, Sum: 43684, Workers: 4
[3758.303s][debug][gc,phases      ] GC(192)   ResolvedMethodTable Weak       Min:  0.0, Avg:  0.0, Max:  0.0, Diff:  0.0, Sum:  0.1, Workers: 4
[3758.303s][debug][gc,phases      ] GC(192)     Dead                           Min: 0, Avg:  0.0, Max: 0, Diff: 0, Sum: 0, Workers: 4
[3758.303s][debug][gc,phases      ] GC(192)     Total                          Min: 0, Avg: 2419.0, Max: 3648, Diff: 3648, Sum: 9676, Workers: 4
[3758.303s][debug][gc,phases      ] GC(192)   JNI Weak                       Min:  0.0, Avg:  0.0, Max:  0.0, Diff:  0.0, Sum:  0.0, Workers: 4
[3758.303s][debug][gc,phases      ] GC(192)     Dead                           Min: 0, Avg:  0.0, Max: 0, Diff: 0, Sum: 0, Workers: 4
[3758.303s][debug][gc,phases      ] GC(192)     Total                          Min: 0, Avg: 11.2, Max: 45, Diff: 45, Sum: 45, Workers: 4
[3758.303s][debug][gc,phases      ] GC(192)   StringDedup Table Weak         Min:  0.0, Avg:  0.0, Max:  0.0, Diff:  0.0, Sum:  0.0, Workers: 4
[3758.303s][debug][gc,phases      ] GC(192)     Dead                           Min: 0, Avg:  0.0, Max: 0, Diff: 0, Sum: 0, Workers: 4
[3758.303s][debug][gc,phases      ] GC(192)     Total                          Min: 0, Avg:  0.0, Max: 0, Diff: 0, Sum: 0, Workers: 4
[3758.303s][debug][gc,phases      ] GC(192)   StringDedup Requests0 Weak     Min:  0.0, Avg:  0.0, Max:  0.0, Diff:  0.0, Sum:  0.0, Workers: 4
[3758.303s][debug][gc,phases      ] GC(192)     Dead                           Min: 0, Avg:  0.0, Max: 0, Diff: 0, Sum: 0, Workers: 4
[3758.303s][debug][gc,phases      ] GC(192)     Total                          Min: 0, Avg:  0.0, Max: 0, Diff: 0, Sum: 0, Workers: 4
[3758.303s][debug][gc,phases      ] GC(192)   StringDedup Requests1 Weak     Min:  0.0, Avg:  0.0, Max:  0.0, Diff:  0.0, Sum:  0.0, Workers: 4
[3758.303s][debug][gc,phases      ] GC(192)     Dead                           Min: 0, Avg:  0.0, Max: 0, Diff: 0, Sum: 0, Workers: 4
[3758.303s][debug][gc,phases      ] GC(192)     Total                          Min: 0, Avg:  0.0, Max: 0, Diff: 0, Sum: 0, Workers: 4
[3758.303s][debug][gc,phases      ] GC(192)   Weak JFR Old Object Samples    Min:  0.0, Avg:  0.0, Max:  0.0, Diff:  0.0, Sum:  0.0, Workers: 4
[3758.303s][debug][gc,phases      ] GC(192)     Dead                           Min: 0, Avg:  0.0, Max: 0, Diff: 0, Sum: 0, Workers: 4
[3758.303s][debug][gc,phases      ] GC(192)     Total                          Min: 0, Avg:  0.0, Max: 0, Diff: 0, Sum: 0, Workers: 4
[3758.303s][debug][gc,phases      ] GC(192) Weak Processing 0.384ms
[3758.303s][debug][gc,age         ] GC(192) Desired survivor size 73924608 bytes, new threshold 15 (max threshold 15)
[3758.303s][info ][gc,heap        ] GC(192) PSYoungGen: 1952368K(2018304K)->36208K(2022912K) Eden: 1944064K(1944064K)->0K(1952768K) From: 8304K(74240K)->36208K(70144K)
[3758.303s][info ][gc,heap        ] GC(192) ParOldGen: 479790K(653312K)->480118K(653312K)
[3758.303s][info ][gc,metaspace   ] GC(192) Metaspace: 83314K(84416K)->83314K(84416K) NonClass: 71661K(72256K)->71661K(72256K) Class: 11652K(12160K)->11652K(12160K)
[3758.303s][info ][gc             ] GC(192) Pause Young (Allocation Failure) 2375M->504M(2613M) 17.573ms
[3758.303s][info ][gc,cpu         ] GC(192) User=0.06s Sys=0.00s Real=0.01s
[3758.303s][info ][safepoint      ] Safepoint "ParallelGCFailedAllocation", Time since last: 5485832890 ns, Reaching safepoint: 106103 ns, At safepoint: 17656958 ns, Total: 17763061 ns
[3759.303s][info ][safepoint      ] Safepoint "Cleanup", Time since last: 1000097717 ns, Reaching safepoint: 134204 ns, At safepoint: 6800 ns, Total: 141004 ns
[3768.304s][info ][safepoint      ] Safepoint "Cleanup", Time since last: 9000756111 ns, Reaching safepoint: 129304 ns, At safepoint: 5900 ns, Total: 135204 ns
[3769.304s][info ][safepoint      ] Safepoint "Cleanup", Time since last: 1000135557 ns, Reaching safepoint: 118403 ns, At safepoint: 5000 ns, Total: 123403 ns
[3773.091s][info ][gc,start       ] GC(193) Pause Young (Allocation Failure)
[3773.103s][debug][gc,phases      ] GC(193) Scavenge 11.613ms
[3773.103s][debug][gc,ref         ] GC(193) Skipped phase 1 of Reference Processing: no references
[3773.103s][debug][gc,ref         ] GC(193) ReferenceProcessor::execute queues: 1, RefProcThreadModel::Single, marks_oops_alive: false
[3773.103s][debug][gc,ref         ] GC(193) Skipped phase 3 of Reference Processing: no references
[3773.103s][debug][gc,ref         ] GC(193) ReferenceProcessor::execute queues: 1, RefProcThreadModel::Single, marks_oops_alive: false
[3773.103s][debug][gc,phases      ] GC(193) Reference Processing 0.122ms
[3773.103s][debug][gc,phases      ] GC(193)   VM Weak                        Min:  0.0, Avg:  0.0, Max:  0.0, Diff:  0.0, Sum:  0.0, Workers: 4
[3773.103s][debug][gc,phases      ] GC(193)     Dead                           Min: 0, Avg:  0.0, Max: 0, Diff: 0, Sum: 0, Workers: 4
[3773.103s][debug][gc,phases      ] GC(193)     Total                          Min: 0, Avg: 193.8, Max: 775, Diff: 775, Sum: 775, Workers: 4
[3773.103s][debug][gc,phases      ] GC(193)   ObjectSynchronizer Weak        Min:  0.0, Avg:  0.0, Max:  0.0, Diff:  0.0, Sum:  0.0, Workers: 4
[3773.103s][debug][gc,phases      ] GC(193)     Dead                           Min: 0, Avg:  0.0, Max: 0, Diff: 0, Sum: 0, Workers: 4
[3773.103s][debug][gc,phases      ] GC(193)     Total                          Min: 0, Avg:  8.5, Max: 34, Diff: 34, Sum: 34, Workers: 4
[3773.103s][debug][gc,phases      ] GC(193)   JVMTI Tag Weak OopStorage      Min:  0.0, Avg:  0.0, Max:  0.0, Diff:  0.0, Sum:  0.0, Workers: 4
[3773.103s][debug][gc,phases      ] GC(193)     Dead                           Min: 0, Avg:  0.0, Max: 0, Diff: 0, Sum: 0, Workers: 4
[3773.103s][debug][gc,phases      ] GC(193)     Total                          Min: 0, Avg:  0.0, Max: 0, Diff: 0, Sum: 0, Workers: 4
[3773.103s][debug][gc,phases      ] GC(193)   StringTable Weak               Min:  0.0, Avg:  0.1, Max:  0.1, Diff:  0.1, Sum:  0.4, Workers: 4
[3773.103s][debug][gc,phases      ] GC(193)     Dead                           Min: 0, Avg:  0.0, Max: 0, Diff: 0, Sum: 0, Workers: 4
[3773.103s][debug][gc,phases      ] GC(193)     Total                          Min: 0, Avg: 10921.0, Max: 15038, Diff: 15038, Sum: 43684, Workers: 4
[3773.103s][debug][gc,phases      ] GC(193)   ResolvedMethodTable Weak       Min:  0.0, Avg:  0.0, Max:  0.0, Diff:  0.0, Sum:  0.1, Workers: 4
[3773.103s][debug][gc,phases      ] GC(193)     Dead                           Min: 0, Avg:  0.0, Max: 0, Diff: 0, Sum: 0, Workers: 4
[3773.103s][debug][gc,phases      ] GC(193)     Total                          Min: 0, Avg: 2419.0, Max: 3520, Diff: 3520, Sum: 9676, Workers: 4
[3773.103s][debug][gc,phases      ] GC(193)   JNI Weak                       Min:  0.0, Avg:  0.0, Max:  0.0, Diff:  0.0, Sum:  0.0, Workers: 4
[3773.103s][debug][gc,phases      ] GC(193)     Dead                           Min: 0, Avg:  0.0, Max: 0, Diff: 0, Sum: 0, Workers: 4
[3773.103s][debug][gc,phases      ] GC(193)     Total                          Min: 0, Avg: 11.2, Max: 45, Diff: 45, Sum: 45, Workers: 4
[3773.103s][debug][gc,phases      ] GC(193)   StringDedup Table Weak         Min:  0.0, Avg:  0.0, Max:  0.0, Diff:  0.0, Sum:  0.0, Workers: 4
[3773.103s][debug][gc,phases      ] GC(193)     Dead                           Min: 0, Avg:  0.0, Max: 0, Diff: 0, Sum: 0, Workers: 4
[3773.103s][debug][gc,phases      ] GC(193)     Total                          Min: 0, Avg:  0.0, Max: 0, Diff: 0, Sum: 0, Workers: 4
[3773.103s][debug][gc,phases      ] GC(193)   StringDedup Requests0 Weak     Min:  0.0, Avg:  0.0, Max:  0.0, Diff:  0.0, Sum:  0.0, Workers: 4
[3773.103s][debug][gc,phases      ] GC(193)     Dead                           Min: 0, Avg:  0.0, Max: 0, Diff: 0, Sum: 0, Workers: 4
[3773.103s][debug][gc,phases      ] GC(193)     Total                          Min: 0, Avg:  0.0, Max: 0, Diff: 0, Sum: 0, Workers: 4
[3773.103s][debug][gc,phases      ] GC(193)   StringDedup Requests1 Weak     Min:  0.0, Avg:  0.0, Max:  0.0, Diff:  0.0, Sum:  0.0, Workers: 4
[3773.103s][debug][gc,phases      ] GC(193)     Dead                           Min: 0, Avg:  0.0, Max: 0, Diff: 0, Sum: 0, Workers: 4
[3773.103s][debug][gc,phases      ] GC(193)     Total                          Min: 0, Avg:  0.0, Max: 0, Diff: 0, Sum: 0, Workers: 4
[3773.103s][debug][gc,phases      ] GC(193)   Weak JFR Old Object Samples    Min:  0.0, Avg:  0.0, Max:  0.0, Diff:  0.0, Sum:  0.0, Workers: 4
[3773.103s][debug][gc,phases      ] GC(193)     Dead                           Min: 0, Avg:  0.0, Max: 0, Diff: 0, Sum: 0, Workers: 4
[3773.103s][debug][gc,phases      ] GC(193)     Total                          Min: 0, Avg:  0.0, Max: 0, Diff: 0, Sum: 0, Workers: 4
[3773.103s][debug][gc,phases      ] GC(193) Weak Processing 0.364ms
[3773.103s][debug][gc,age         ] GC(193) Desired survivor size 72351744 bytes, new threshold 15 (max threshold 15)
[3773.103s][info ][gc,heap        ] GC(193) PSYoungGen: 1988976K(2022912K)->29056K(2024960K) Eden: 1952768K(1952768K)->0K(1952768K) From: 36208K(70144K)->29056K(72192K)
[3773.103s][info ][gc,heap        ] GC(193) ParOldGen: 480118K(653312K)->480378K(653312K)
[3773.103s][info ][gc,metaspace   ] GC(193) Metaspace: 83315K(84416K)->83315K(84416K) NonClass: 71662K(72256K)->71662K(72256K) Class: 11652K(12160K)->11652K(12160K)
[3773.103s][info ][gc             ] GC(193) Pause Young (Allocation Failure) 2411M->497M(2615M) 12.243ms
[3773.103s][info ][gc,cpu         ] GC(193) User=0.04s Sys=0.00s Real=0.01s
[3773.103s][info ][safepoint      ] Safepoint "ParallelGCFailedAllocation", Time since last: 3786632797 ns, Reaching safepoint: 121103 ns, At safepoint: 12328019 ns, Total: 12449122 ns
[3774.104s][info ][safepoint      ] Safepoint "Cleanup", Time since last: 1000098356 ns, Reaching safepoint: 133203 ns, At safepoint: 6601 ns, Total: 139804 ns
[3777.104s][info ][safepoint      ] Safepoint "Cleanup", Time since last: 3000281375 ns, Reaching safepoint: 120403 ns, At safepoint: 6300 ns, Total: 126703 ns
[3783.105s][info ][safepoint      ] Safepoint "Cleanup", Time since last: 6000519040 ns, Reaching safepoint: 131804 ns, At safepoint: 5200 ns, Total: 137004 ns
[3785.105s][info ][safepoint      ] Safepoint "Cleanup", Time since last: 2000191160 ns, Reaching safepoint: 130104 ns, At safepoint: 6400 ns, Total: 136504 ns
[3789.142s][info ][gc,start       ] GC(194) Pause Young (Allocation Failure)
[3789.153s][debug][gc,phases      ] GC(194) Scavenge 11.532ms
[3789.153s][debug][gc,ref         ] GC(194) Skipped phase 1 of Reference Processing: no references
[3789.153s][debug][gc,ref         ] GC(194) ReferenceProcessor::execute queues: 1, RefProcThreadModel::Single, marks_oops_alive: false
[3789.153s][debug][gc,ref         ] GC(194) Skipped phase 3 of Reference Processing: no references
[3789.153s][debug][gc,ref         ] GC(194) ReferenceProcessor::execute queues: 1, RefProcThreadModel::Single, marks_oops_alive: false
[3789.153s][debug][gc,phases      ] GC(194) Reference Processing 0.125ms
[3789.153s][debug][gc,phases      ] GC(194)   VM Weak                        Min:  0.0, Avg:  0.0, Max:  0.0, Diff:  0.0, Sum:  0.0, Workers: 4
[3789.153s][debug][gc,phases      ] GC(194)     Dead                           Min: 0, Avg:  0.0, Max: 0, Diff: 0, Sum: 0, Workers: 4
[3789.153s][debug][gc,phases      ] GC(194)     Total                          Min: 0, Avg: 193.8, Max: 389, Diff: 389, Sum: 775, Workers: 4
[3789.154s][debug][gc,phases      ] GC(194)   ObjectSynchronizer Weak        Min:  0.0, Avg:  0.0, Max:  0.0, Diff:  0.0, Sum:  0.0, Workers: 4
[3789.154s][debug][gc,phases      ] GC(194)     Dead                           Min: 0, Avg:  0.0, Max: 0, Diff: 0, Sum: 0, Workers: 4
[3789.154s][debug][gc,phases      ] GC(194)     Total                          Min: 0, Avg:  8.5, Max: 34, Diff: 34, Sum: 34, Workers: 4
[3789.154s][debug][gc,phases      ] GC(194)   JVMTI Tag Weak OopStorage      Min:  0.0, Avg:  0.0, Max:  0.0, Diff:  0.0, Sum:  0.0, Workers: 4
[3789.154s][debug][gc,phases      ] GC(194)     Dead                           Min: 0, Avg:  0.0, Max: 0, Diff: 0, Sum: 0, Workers: 4
[3789.154s][debug][gc,phases      ] GC(194)     Total                          Min: 0, Avg:  0.0, Max: 0, Diff: 0, Sum: 0, Workers: 4
[3789.154s][debug][gc,phases      ] GC(194)   StringTable Weak               Min:  0.0, Avg:  0.1, Max:  0.1, Diff:  0.1, Sum:  0.4, Workers: 4
[3789.154s][debug][gc,phases      ] GC(194)     Dead                           Min: 0, Avg:  0.0, Max: 0, Diff: 0, Sum: 0, Workers: 4
[3789.154s][debug][gc,phases      ] GC(194)     Total                          Min: 0, Avg: 10921.0, Max: 15232, Diff: 15232, Sum: 43684, Workers: 4
[3789.154s][debug][gc,phases      ] GC(194)   ResolvedMethodTable Weak       Min:  0.0, Avg:  0.0, Max:  0.0, Diff:  0.0, Sum:  0.1, Workers: 4
[3789.154s][debug][gc,phases      ] GC(194)     Dead                           Min: 0, Avg:  0.0, Max: 0, Diff: 0, Sum: 0, Workers: 4
[3789.154s][debug][gc,phases      ] GC(194)     Total                          Min: 0, Avg: 2419.0, Max: 3328, Diff: 3328, Sum: 9676, Workers: 4
[3789.154s][debug][gc,phases      ] GC(194)   JNI Weak                       Min:  0.0, Avg:  0.0, Max:  0.0, Diff:  0.0, Sum:  0.0, Workers: 4
[3789.154s][debug][gc,phases      ] GC(194)     Dead                           Min: 0, Avg:  0.0, Max: 0, Diff: 0, Sum: 0, Workers: 4
[3789.154s][debug][gc,phases      ] GC(194)     Total                          Min: 0, Avg: 11.2, Max: 45, Diff: 45, Sum: 45, Workers: 4
[3789.154s][debug][gc,phases      ] GC(194)   StringDedup Table Weak         Min:  0.0, Avg:  0.0, Max:  0.0, Diff:  0.0, Sum:  0.0, Workers: 4
[3789.154s][debug][gc,phases      ] GC(194)     Dead                           Min: 0, Avg:  0.0, Max: 0, Diff: 0, Sum: 0, Workers: 4
[3789.154s][debug][gc,phases      ] GC(194)     Total                          Min: 0, Avg:  0.0, Max: 0, Diff: 0, Sum: 0, Workers: 4
[3789.154s][debug][gc,phases      ] GC(194)   StringDedup Requests0 Weak     Min:  0.0, Avg:  0.0, Max:  0.0, Diff:  0.0, Sum:  0.0, Workers: 4
[3789.154s][debug][gc,phases      ] GC(194)     Dead                           Min: 0, Avg:  0.0, Max: 0, Diff: 0, Sum: 0, Workers: 4
[3789.154s][debug][gc,phases      ] GC(194)     Total                          Min: 0, Avg:  0.0, Max: 0, Diff: 0, Sum: 0, Workers: 4
[3789.154s][debug][gc,phases      ] GC(194)   StringDedup Requests1 Weak     Min:  0.0, Avg:  0.0, Max:  0.0, Diff:  0.0, Sum:  0.0, Workers: 4
[3789.154s][debug][gc,phases      ] GC(194)     Dead                           Min: 0, Avg:  0.0, Max: 0, Diff: 0, Sum: 0, Workers: 4
[3789.154s][debug][gc,phases      ] GC(194)     Total                          Min: 0, Avg:  0.0, Max: 0, Diff: 0, Sum: 0, Workers: 4
[3789.154s][debug][gc,phases      ] GC(194)   Weak JFR Old Object Samples    Min:  0.0, Avg:  0.0, Max:  0.0, Diff:  0.0, Sum:  0.0, Workers: 4
[3789.154s][debug][gc,phases      ] GC(194)     Dead                           Min: 0, Avg:  0.0, Max: 0, Diff: 0, Sum: 0, Workers: 4
[3789.154s][debug][gc,phases      ] GC(194)     Total                          Min: 0, Avg:  0.0, Max: 0, Diff: 0, Sum: 0, Workers: 4
[3789.154s][debug][gc,phases      ] GC(194) Weak Processing 0.369ms
[3789.154s][debug][gc,age         ] GC(194) Desired survivor size 71303168 bytes, new threshold 15 (max threshold 15)
[3789.154s][info ][gc,heap        ] GC(194) PSYoungGen: 1981824K(2024960K)->29712K(2027520K) Eden: 1952768K(1952768K)->0K(1956864K) From: 29056K(72192K)->29712K(70656K)
[3789.154s][info ][gc,heap        ] GC(194) ParOldGen: 480378K(653312K)->480454K(653312K)
[3789.154s][info ][gc,metaspace   ] GC(194) Metaspace: 83316K(84416K)->83316K(84416K) NonClass: 71663K(72256K)->71663K(72256K) Class: 11652K(12160K)->11652K(12160K)
[3789.154s][info ][gc             ] GC(194) Pause Young (Allocation Failure) 2404M->498M(2618M) 12.163ms
[3789.154s][info ][gc,cpu         ] GC(194) User=0.05s Sys=0.00s Real=0.02s
[3789.154s][info ][safepoint      ] Safepoint "ParallelGCFailedAllocation", Time since last: 4036420371 ns, Reaching safepoint: 116303 ns, At safepoint: 12241309 ns, Total: 12357612 ns
[3790.154s][info ][safepoint      ] Safepoint "Cleanup", Time since last: 1000093441 ns, Reaching safepoint: 125603 ns, At safepoint: 8300 ns, Total: 133903 ns
[3794.154s][info ][safepoint      ] Safepoint "Cleanup", Time since last: 4000348042 ns, Reaching safepoint: 136104 ns, At safepoint: 5100 ns, Total: 141204 ns
[3795.155s][info ][safepoint      ] Safepoint "Cleanup", Time since last: 1000133987 ns, Reaching safepoint: 144304 ns, At safepoint: 8200 ns, Total: 152504 ns
[3796.155s][info ][safepoint      ] Safepoint "Cleanup", Time since last: 1000148788 ns, Reaching safepoint: 139103 ns, At safepoint: 12001 ns, Total: 151104 ns
[3801.156s][info ][safepoint      ] Safepoint "Cleanup", Time since last: 5000427100 ns, Reaching safepoint: 130703 ns, At safepoint: 6700 ns, Total: 137403 ns
[3803.904s][info ][gc,start       ] GC(195) Pause Young (Allocation Failure)
[3803.916s][debug][gc,phases      ] GC(195) Scavenge 11.511ms
[3803.916s][debug][gc,ref         ] GC(195) Skipped phase 1 of Reference Processing: no references
[3803.916s][debug][gc,ref         ] GC(195) ReferenceProcessor::execute queues: 1, RefProcThreadModel::Single, marks_oops_alive: false
[3803.916s][debug][gc,ref         ] GC(195) Skipped phase 3 of Reference Processing: no references
[3803.916s][debug][gc,ref         ] GC(195) ReferenceProcessor::execute queues: 1, RefProcThreadModel::Single, marks_oops_alive: false
[3803.916s][debug][gc,phases      ] GC(195) Reference Processing 0.155ms
[3803.916s][debug][gc,phases      ] GC(195)   VM Weak                        Min:  0.0, Avg:  0.0, Max:  0.0, Diff:  0.0, Sum:  0.0, Workers: 4
[3803.916s][debug][gc,phases      ] GC(195)     Dead                           Min: 0, Avg:  0.0, Max: 0, Diff: 0, Sum: 0, Workers: 4
[3803.916s][debug][gc,phases      ] GC(195)     Total                          Min: 0, Avg: 193.8, Max: 589, Diff: 589, Sum: 775, Workers: 4
[3803.916s][debug][gc,phases      ] GC(195)   ObjectSynchronizer Weak        Min:  0.0, Avg:  0.0, Max:  0.0, Diff:  0.0, Sum:  0.0, Workers: 4
[3803.916s][debug][gc,phases      ] GC(195)     Dead                           Min: 0, Avg:  0.0, Max: 0, Diff: 0, Sum: 0, Workers: 4
[3803.916s][debug][gc,phases      ] GC(195)     Total                          Min: 0, Avg:  8.5, Max: 34, Diff: 34, Sum: 34, Workers: 4
[3803.916s][debug][gc,phases      ] GC(195)   JVMTI Tag Weak OopStorage      Min:  0.0, Avg:  0.0, Max:  0.0, Diff:  0.0, Sum:  0.0, Workers: 4
[3803.916s][debug][gc,phases      ] GC(195)     Dead                           Min: 0, Avg:  0.0, Max: 0, Diff: 0, Sum: 0, Workers: 4
[3803.916s][debug][gc,phases      ] GC(195)     Total                          Min: 0, Avg:  0.0, Max: 0, Diff: 0, Sum: 0, Workers: 4
[3803.916s][debug][gc,phases      ] GC(195)   StringTable Weak               Min:  0.0, Avg:  0.1, Max:  0.1, Diff:  0.1, Sum:  0.4, Workers: 4
[3803.916s][debug][gc,phases      ] GC(195)     Dead                           Min: 0, Avg:  0.0, Max: 0, Diff: 0, Sum: 0, Workers: 4
[3803.916s][debug][gc,phases      ] GC(195)     Total                          Min: 0, Avg: 10921.0, Max: 15488, Diff: 15488, Sum: 43684, Workers: 4
[3803.916s][debug][gc,phases      ] GC(195)   ResolvedMethodTable Weak       Min:  0.0, Avg:  0.0, Max:  0.0, Diff:  0.0, Sum:  0.1, Workers: 4
[3803.916s][debug][gc,phases      ] GC(195)     Dead                           Min: 0, Avg:  0.0, Max: 0, Diff: 0, Sum: 0, Workers: 4
[3803.916s][debug][gc,phases      ] GC(195)     Total                          Min: 0, Avg: 2419.0, Max: 3712, Diff: 3712, Sum: 9676, Workers: 4
[3803.916s][debug][gc,phases      ] GC(195)   JNI Weak                       Min:  0.0, Avg:  0.0, Max:  0.0, Diff:  0.0, Sum:  0.0, Workers: 4
[3803.916s][debug][gc,phases      ] GC(195)     Dead                           Min: 0, Avg:  0.0, Max: 0, Diff: 0, Sum: 0, Workers: 4
[3803.916s][debug][gc,phases      ] GC(195)     Total                          Min: 0, Avg: 11.2, Max: 45, Diff: 45, Sum: 45, Workers: 4
[3803.916s][debug][gc,phases      ] GC(195)   StringDedup Table Weak         Min:  0.0, Avg:  0.0, Max:  0.0, Diff:  0.0, Sum:  0.0, Workers: 4
[3803.916s][debug][gc,phases      ] GC(195)     Dead                           Min: 0, Avg:  0.0, Max: 0, Diff: 0, Sum: 0, Workers: 4
[3803.916s][debug][gc,phases      ] GC(195)     Total                          Min: 0, Avg:  0.0, Max: 0, Diff: 0, Sum: 0, Workers: 4
[3803.916s][debug][gc,phases      ] GC(195)   StringDedup Requests0 Weak     Min:  0.0, Avg:  0.0, Max:  0.0, Diff:  0.0, Sum:  0.0, Workers: 4
[3803.916s][debug][gc,phases      ] GC(195)     Dead                           Min: 0, Avg:  0.0, Max: 0, Diff: 0, Sum: 0, Workers: 4
[3803.916s][debug][gc,phases      ] GC(195)     Total                          Min: 0, Avg:  0.0, Max: 0, Diff: 0, Sum: 0, Workers: 4
[3803.916s][debug][gc,phases      ] GC(195)   StringDedup Requests1 Weak     Min:  0.0, Avg:  0.0, Max:  0.0, Diff:  0.0, Sum:  0.0, Workers: 4
[3803.916s][debug][gc,phases      ] GC(195)     Dead                           Min: 0, Avg:  0.0, Max: 0, Diff: 0, Sum: 0, Workers: 4
[3803.916s][debug][gc,phases      ] GC(195)     Total                          Min: 0, Avg:  0.0, Max: 0, Diff: 0, Sum: 0, Workers: 4
[3803.916s][debug][gc,phases      ] GC(195)   Weak JFR Old Object Samples    Min:  0.0, Avg:  0.0, Max:  0.0, Diff:  0.0, Sum:  0.0, Workers: 4
[3803.916s][debug][gc,phases      ] GC(195)     Dead                           Min: 0, Avg:  0.0, Max: 0, Diff: 0, Sum: 0, Workers: 4
[3803.916s][debug][gc,phases      ] GC(195)     Total                          Min: 0, Avg:  0.0, Max: 0, Diff: 0, Sum: 0, Workers: 4
[3803.916s][debug][gc,phases      ] GC(195) Weak Processing 0.362ms
[3803.916s][debug][gc,age         ] GC(195) Desired survivor size 69730304 bytes, new threshold 15 (max threshold 15)
[3803.916s][info ][gc,heap        ] GC(195) PSYoungGen: 1986576K(2027520K)->29792K(2026496K) Eden: 1956864K(1956864K)->0K(1956864K) From: 29712K(70656K)->29792K(69632K)
[3803.916s][info ][gc,heap        ] GC(195) ParOldGen: 480454K(653312K)->480518K(653312K)
[3803.916s][info ][gc,metaspace   ] GC(195) Metaspace: 83317K(84416K)->83317K(84416K) NonClass: 71665K(72256K)->71665K(72256K) Class: 11652K(12160K)->11652K(12160K)
[3803.916s][info ][gc             ] GC(195) Pause Young (Allocation Failure) 2409M->498M(2617M) 12.172ms
[3803.916s][info ][gc,cpu         ] GC(195) User=0.04s Sys=0.00s Real=0.01s
[3803.916s][info ][safepoint      ] Safepoint "ParallelGCFailedAllocation", Time since last: 2748440589 ns, Reaching safepoint: 49301 ns, At safepoint: 12245313 ns, Total: 12294614 ns
[3805.917s][info ][safepoint      ] Safepoint "Cleanup", Time since last: 2000156129 ns, Reaching safepoint: 82602 ns, At safepoint: 3900 ns, Total: 86502 ns
[3808.917s][info ][safepoint      ] Safepoint "Cleanup", Time since last: 3000270735 ns, Reaching safepoint: 62702 ns, At safepoint: 3200 ns, Total: 65902 ns
[3809.917s][info ][safepoint      ] Safepoint "Cleanup", Time since last: 1000116134 ns, Reaching safepoint: 49301 ns, At safepoint: 3600 ns, Total: 52901 ns
[3810.917s][info ][safepoint      ] Safepoint "Cleanup", Time since last: 1000077834 ns, Reaching safepoint: 53901 ns, At safepoint: 2900 ns, Total: 56801 ns
[3811.791s][info ][gc,start       ] GC(196) Pause Young (Allocation Failure)
[3811.813s][debug][gc,phases      ] GC(196) Scavenge 21.481ms
[3811.813s][debug][gc,ref         ] GC(196) Skipped phase 1 of Reference Processing: no references
[3811.813s][debug][gc,ref         ] GC(196) ReferenceProcessor::execute queues: 1, RefProcThreadModel::Single, marks_oops_alive: false
[3811.813s][debug][gc,ref         ] GC(196) Skipped phase 3 of Reference Processing: no references
[3811.813s][debug][gc,ref         ] GC(196) ReferenceProcessor::execute queues: 1, RefProcThreadModel::Single, marks_oops_alive: false
[3811.813s][debug][gc,phases      ] GC(196) Reference Processing 0.122ms
[3811.813s][debug][gc,phases      ] GC(196)   VM Weak                        Min:  0.0, Avg:  0.0, Max:  0.0, Diff:  0.0, Sum:  0.0, Workers: 4
[3811.813s][debug][gc,phases      ] GC(196)     Dead                           Min: 0, Avg:  0.0, Max: 0, Diff: 0, Sum: 0, Workers: 4
[3811.813s][debug][gc,phases      ] GC(196)     Total                          Min: 0, Avg: 193.8, Max: 525, Diff: 525, Sum: 775, Workers: 4
[3811.813s][debug][gc,phases      ] GC(196)   ObjectSynchronizer Weak        Min:  0.0, Avg:  0.0, Max:  0.0, Diff:  0.0, Sum:  0.0, Workers: 4
[3811.813s][debug][gc,phases      ] GC(196)     Dead                           Min: 0, Avg:  0.0, Max: 0, Diff: 0, Sum: 0, Workers: 4
[3811.813s][debug][gc,phases      ] GC(196)     Total                          Min: 0, Avg:  8.5, Max: 34, Diff: 34, Sum: 34, Workers: 4
[3811.813s][debug][gc,phases      ] GC(196)   JVMTI Tag Weak OopStorage      Min:  0.0, Avg:  0.0, Max:  0.0, Diff:  0.0, Sum:  0.0, Workers: 4
[3811.813s][debug][gc,phases      ] GC(196)     Dead                           Min: 0, Avg:  0.0, Max: 0, Diff: 0, Sum: 0, Workers: 4
[3811.813s][debug][gc,phases      ] GC(196)     Total                          Min: 0, Avg:  0.0, Max: 0, Diff: 0, Sum: 0, Workers: 4
[3811.813s][debug][gc,phases      ] GC(196)   StringTable Weak               Min:  0.0, Avg:  0.1, Max:  0.1, Diff:  0.1, Sum:  0.4, Workers: 4
[3811.813s][debug][gc,phases      ] GC(196)     Dead                           Min: 0, Avg:  0.0, Max: 0, Diff: 0, Sum: 0, Workers: 4
[3811.813s][debug][gc,phases      ] GC(196)     Total                          Min: 0, Avg: 10921.0, Max: 15232, Diff: 15232, Sum: 43684, Workers: 4
[3811.813s][debug][gc,phases      ] GC(196)   ResolvedMethodTable Weak       Min:  0.0, Avg:  0.0, Max:  0.0, Diff:  0.0, Sum:  0.1, Workers: 4
[3811.813s][debug][gc,phases      ] GC(196)     Dead                           Min: 0, Avg:  0.0, Max: 0, Diff: 0, Sum: 0, Workers: 4
[3811.813s][debug][gc,phases      ] GC(196)     Total                          Min: 0, Avg: 2419.0, Max: 3468, Diff: 3468, Sum: 9676, Workers: 4
[3811.813s][debug][gc,phases      ] GC(196)   JNI Weak                       Min:  0.0, Avg:  0.0, Max:  0.0, Diff:  0.0, Sum:  0.0, Workers: 4
[3811.813s][debug][gc,phases      ] GC(196)     Dead                           Min: 0, Avg:  0.0, Max: 0, Diff: 0, Sum: 0, Workers: 4
[3811.813s][debug][gc,phases      ] GC(196)     Total                          Min: 0, Avg: 11.2, Max: 45, Diff: 45, Sum: 45, Workers: 4
[3811.813s][debug][gc,phases      ] GC(196)   StringDedup Table Weak         Min:  0.0, Avg:  0.0, Max:  0.0, Diff:  0.0, Sum:  0.0, Workers: 4
[3811.813s][debug][gc,phases      ] GC(196)     Dead                           Min: 0, Avg:  0.0, Max: 0, Diff: 0, Sum: 0, Workers: 4
[3811.813s][debug][gc,phases      ] GC(196)     Total                          Min: 0, Avg:  0.0, Max: 0, Diff: 0, Sum: 0, Workers: 4
[3811.813s][debug][gc,phases      ] GC(196)   StringDedup Requests0 Weak     Min:  0.0, Avg:  0.0, Max:  0.0, Diff:  0.0, Sum:  0.0, Workers: 4
[3811.813s][debug][gc,phases      ] GC(196)     Dead                           Min: 0, Avg:  0.0, Max: 0, Diff: 0, Sum: 0, Workers: 4
[3811.813s][debug][gc,phases      ] GC(196)     Total                          Min: 0, Avg:  0.0, Max: 0, Diff: 0, Sum: 0, Workers: 4
[3811.813s][debug][gc,phases      ] GC(196)   StringDedup Requests1 Weak     Min:  0.0, Avg:  0.0, Max:  0.0, Diff:  0.0, Sum:  0.0, Workers: 4
[3811.813s][debug][gc,phases      ] GC(196)     Dead                           Min: 0, Avg:  0.0, Max: 0, Diff: 0, Sum: 0, Workers: 4
[3811.813s][debug][gc,phases      ] GC(196)     Total                          Min: 0, Avg:  0.0, Max: 0, Diff: 0, Sum: 0, Workers: 4
[3811.813s][debug][gc,phases      ] GC(196)   Weak JFR Old Object Samples    Min:  0.0, Avg:  0.0, Max:  0.0, Diff:  0.0, Sum:  0.0, Workers: 4
[3811.813s][debug][gc,phases      ] GC(196)     Dead                           Min: 0, Avg:  0.0, Max: 0, Diff: 0, Sum: 0, Workers: 4
[3811.813s][debug][gc,phases      ] GC(196)     Total                          Min: 0, Avg:  0.0, Max: 0, Diff: 0, Sum: 0, Workers: 4
[3811.813s][debug][gc,phases      ] GC(196) Weak Processing 0.371ms
[3811.813s][debug][gc,age         ] GC(196) Desired survivor size 79167488 bytes, new threshold 15 (max threshold 15)
[3811.813s][info ][gc,heap        ] GC(196) PSYoungGen: 1986656K(2026496K)->59376K(2010624K) Eden: 1956864K(1956864K)->0K(1942528K) From: 29792K(69632K)->59376K(68096K)
[3811.813s][info ][gc,heap        ] GC(196) ParOldGen: 480518K(653312K)->480674K(653312K)
[3811.813s][info ][gc,metaspace   ] GC(196) Metaspace: 83318K(84416K)->83318K(84416K) NonClass: 71665K(72256K)->71665K(72256K) Class: 11652K(12160K)->11652K(12160K)
[3811.813s][info ][gc             ] GC(196) Pause Young (Allocation Failure) 2409M->527M(2601M) 22.114ms
[3811.813s][info ][gc,cpu         ] GC(196) User=0.08s Sys=0.00s Real=0.03s
[3811.813s][info ][safepoint      ] Safepoint "ParallelGCFailedAllocation", Time since last: 873848899 ns, Reaching safepoint: 105403 ns, At safepoint: 22200551 ns, Total: 22305954 ns
[3814.814s][info ][safepoint      ] Safepoint "Cleanup", Time since last: 3000223600 ns, Reaching safepoint: 77402 ns, At safepoint: 6300 ns, Total: 83702 ns
[3815.814s][info ][safepoint      ] Safepoint "Cleanup", Time since last: 1000114775 ns, Reaching safepoint: 80102 ns, At safepoint: 2500 ns, Total: 82602 ns
[3818.814s][info ][safepoint      ] Safepoint "Cleanup", Time since last: 3000267889 ns, Reaching safepoint: 57301 ns, At safepoint: 5800 ns, Total: 63101 ns
[3823.314s][info ][safepoint      ] Safepoint "ParallelGCFailedAllocation", Time since last: 4499339526 ns, Reaching safepoint: 114103 ns, At safepoint: 16600 ns, Total: 130703 ns
[3823.314s][info ][gc,start       ] GC(197) Pause Young (GCLocker Initiated GC)
[3823.333s][debug][gc,phases      ] GC(197) Scavenge 19.586ms
[3823.334s][debug][gc,ref         ] GC(197) Skipped phase 1 of Reference Processing: no references
[3823.334s][debug][gc,ref         ] GC(197) ReferenceProcessor::execute queues: 1, RefProcThreadModel::Single, marks_oops_alive: false
[3823.334s][debug][gc,ref         ] GC(197) Skipped phase 3 of Reference Processing: no references
[3823.334s][debug][gc,ref         ] GC(197) ReferenceProcessor::execute queues: 1, RefProcThreadModel::Single, marks_oops_alive: false
[3823.334s][debug][gc,phases      ] GC(197) Reference Processing 0.123ms
[3823.334s][debug][gc,phases      ] GC(197)   VM Weak                        Min:  0.0, Avg:  0.0, Max:  0.0, Diff:  0.0, Sum:  0.0, Workers: 4
[3823.334s][debug][gc,phases      ] GC(197)     Dead                           Min: 0, Avg:  0.0, Max: 0, Diff: 0, Sum: 0, Workers: 4
[3823.334s][debug][gc,phases      ] GC(197)     Total                          Min: 0, Avg: 193.8, Max: 557, Diff: 557, Sum: 775, Workers: 4
[3823.334s][debug][gc,phases      ] GC(197)   ObjectSynchronizer Weak        Min:  0.0, Avg:  0.0, Max:  0.0, Diff:  0.0, Sum:  0.0, Workers: 4
[3823.334s][debug][gc,phases      ] GC(197)     Dead                           Min: 0, Avg:  0.0, Max: 0, Diff: 0, Sum: 0, Workers: 4
[3823.334s][debug][gc,phases      ] GC(197)     Total                          Min: 0, Avg:  8.5, Max: 34, Diff: 34, Sum: 34, Workers: 4
[3823.334s][debug][gc,phases      ] GC(197)   JVMTI Tag Weak OopStorage      Min:  0.0, Avg:  0.0, Max:  0.0, Diff:  0.0, Sum:  0.0, Workers: 4
[3823.334s][debug][gc,phases      ] GC(197)     Dead                           Min: 0, Avg:  0.0, Max: 0, Diff: 0, Sum: 0, Workers: 4
[3823.334s][debug][gc,phases      ] GC(197)     Total                          Min: 0, Avg:  0.0, Max: 0, Diff: 0, Sum: 0, Workers: 4
[3823.334s][debug][gc,phases      ] GC(197)   StringTable Weak               Min:  0.0, Avg:  0.1, Max:  0.1, Diff:  0.1, Sum:  0.4, Workers: 4
[3823.334s][debug][gc,phases      ] GC(197)     Dead                           Min: 0, Avg:  0.0, Max: 0, Diff: 0, Sum: 0, Workers: 4
[3823.334s][debug][gc,phases      ] GC(197)     Total                          Min: 0, Avg: 10921.0, Max: 15230, Diff: 15230, Sum: 43684, Workers: 4
[3823.334s][debug][gc,phases      ] GC(197)   ResolvedMethodTable Weak       Min:  0.0, Avg:  0.0, Max:  0.0, Diff:  0.0, Sum:  0.1, Workers: 4
[3823.334s][debug][gc,phases      ] GC(197)     Dead                           Min: 0, Avg:  0.0, Max: 0, Diff: 0, Sum: 0, Workers: 4
[3823.334s][debug][gc,phases      ] GC(197)     Total                          Min: 0, Avg: 2419.0, Max: 3468, Diff: 3468, Sum: 9676, Workers: 4
[3823.334s][debug][gc,phases      ] GC(197)   JNI Weak                       Min:  0.0, Avg:  0.0, Max:  0.0, Diff:  0.0, Sum:  0.0, Workers: 4
[3823.334s][debug][gc,phases      ] GC(197)     Dead                           Min: 0, Avg:  0.0, Max: 0, Diff: 0, Sum: 0, Workers: 4
[3823.334s][debug][gc,phases      ] GC(197)     Total                          Min: 0, Avg: 11.2, Max: 45, Diff: 45, Sum: 45, Workers: 4
[3823.334s][debug][gc,phases      ] GC(197)   StringDedup Table Weak         Min:  0.0, Avg:  0.0, Max:  0.0, Diff:  0.0, Sum:  0.0, Workers: 4
[3823.334s][debug][gc,phases      ] GC(197)     Dead                           Min: 0, Avg:  0.0, Max: 0, Diff: 0, Sum: 0, Workers: 4
[3823.334s][debug][gc,phases      ] GC(197)     Total                          Min: 0, Avg:  0.0, Max: 0, Diff: 0, Sum: 0, Workers: 4
[3823.334s][debug][gc,phases      ] GC(197)   StringDedup Requests0 Weak     Min:  0.0, Avg:  0.0, Max:  0.0, Diff:  0.0, Sum:  0.0, Workers: 4
[3823.334s][debug][gc,phases      ] GC(197)     Dead                           Min: 0, Avg:  0.0, Max: 0, Diff: 0, Sum: 0, Workers: 4
[3823.334s][debug][gc,phases      ] GC(197)     Total                          Min: 0, Avg:  0.0, Max: 0, Diff: 0, Sum: 0, Workers: 4
[3823.334s][debug][gc,phases      ] GC(197)   StringDedup Requests1 Weak     Min:  0.0, Avg:  0.0, Max:  0.0, Diff:  0.0, Sum:  0.0, Workers: 4
[3823.334s][debug][gc,phases      ] GC(197)     Dead                           Min: 0, Avg:  0.0, Max: 0, Diff: 0, Sum: 0, Workers: 4
[3823.334s][debug][gc,phases      ] GC(197)     Total                          Min: 0, Avg:  0.0, Max: 0, Diff: 0, Sum: 0, Workers: 4
[3823.334s][debug][gc,phases      ] GC(197)   Weak JFR Old Object Samples    Min:  0.0, Avg:  0.0, Max:  0.0, Diff:  0.0, Sum:  0.0, Workers: 4
[3823.334s][debug][gc,phases      ] GC(197)     Dead                           Min: 0, Avg:  0.0, Max: 0, Diff: 0, Sum: 0, Workers: 4
[3823.334s][debug][gc,phases      ] GC(197)     Total                          Min: 0, Avg:  0.0, Max: 0, Diff: 0, Sum: 0, Workers: 4
[3823.334s][debug][gc,phases      ] GC(197) Weak Processing 0.365ms
[3823.334s][debug][gc,age         ] GC(197) Desired survivor size 89128960 bytes, new threshold 15 (max threshold 15)
[3823.334s][info ][gc,heap        ] GC(197) PSYoungGen: 2001904K(2010624K)->65760K(2008576K) Eden: 1942528K(1942528K)->0K(1942528K) From: 59376K(68096K)->65760K(66048K)
[3823.334s][info ][gc,heap        ] GC(197) ParOldGen: 480674K(653312K)->480778K(653312K)
[3823.334s][info ][gc,metaspace   ] GC(197) Metaspace: 83319K(84416K)->83319K(84416K) NonClass: 71666K(72256K)->71666K(72256K) Class: 11652K(12160K)->11652K(12160K)
[3823.334s][info ][gc             ] GC(197) Pause Young (GCLocker Initiated GC) 2424M->533M(2599M) 20.186ms
[3823.334s][info ][gc,cpu         ] GC(197) User=0.08s Sys=0.00s Real=0.02s
[3823.334s][info ][safepoint      ] Safepoint "ParallelGCSystemGC", Time since last: 66502 ns, Reaching safepoint: 97602 ns, At safepoint: 20259008 ns, Total: 20356610 ns
[3824.334s][info ][safepoint      ] Safepoint "Cleanup", Time since last: 1000086732 ns, Reaching safepoint: 44701 ns, At safepoint: 6000 ns, Total: 50701 ns
[3826.334s][info ][safepoint      ] Safepoint "Cleanup", Time since last: 2000179263 ns, Reaching safepoint: 50001 ns, At safepoint: 3200 ns, Total: 53201 ns
[3828.335s][info ][safepoint      ] Safepoint "Cleanup", Time since last: 2000180463 ns, Reaching safepoint: 47401 ns, At safepoint: 3401 ns, Total: 50802 ns
[3836.392s][info ][gc,start       ] GC(198) Pause Young (Allocation Failure)
[3836.415s][debug][gc,phases      ] GC(198) Scavenge 23.233ms
[3836.415s][debug][gc,ref         ] GC(198) Skipped phase 1 of Reference Processing: no references
[3836.415s][debug][gc,ref         ] GC(198) ReferenceProcessor::execute queues: 1, RefProcThreadModel::Single, marks_oops_alive: false
[3836.415s][debug][gc,ref         ] GC(198) Skipped phase 3 of Reference Processing: no references
[3836.415s][debug][gc,ref         ] GC(198) ReferenceProcessor::execute queues: 1, RefProcThreadModel::Single, marks_oops_alive: false
[3836.415s][debug][gc,phases      ] GC(198) Reference Processing 0.129ms
[3836.415s][debug][gc,phases      ] GC(198)   VM Weak                        Min:  0.0, Avg:  0.0, Max:  0.0, Diff:  0.0, Sum:  0.0, Workers: 4
[3836.415s][debug][gc,phases      ] GC(198)     Dead                           Min: 0, Avg:  0.0, Max: 0, Diff: 0, Sum: 0, Workers: 4
[3836.415s][debug][gc,phases      ] GC(198)     Total                          Min: 0, Avg: 193.8, Max: 775, Diff: 775, Sum: 775, Workers: 4
[3836.415s][debug][gc,phases      ] GC(198)   ObjectSynchronizer Weak        Min:  0.0, Avg:  0.0, Max:  0.0, Diff:  0.0, Sum:  0.0, Workers: 4
[3836.415s][debug][gc,phases      ] GC(198)     Dead                           Min: 0, Avg:  0.0, Max: 0, Diff: 0, Sum: 0, Workers: 4
[3836.415s][debug][gc,phases      ] GC(198)     Total                          Min: 0, Avg:  8.5, Max: 34, Diff: 34, Sum: 34, Workers: 4
[3836.415s][debug][gc,phases      ] GC(198)   JVMTI Tag Weak OopStorage      Min:  0.0, Avg:  0.0, Max:  0.0, Diff:  0.0, Sum:  0.0, Workers: 4
[3836.416s][debug][gc,phases      ] GC(198)     Dead                           Min: 0, Avg:  0.0, Max: 0, Diff: 0, Sum: 0, Workers: 4
[3836.416s][debug][gc,phases      ] GC(198)     Total                          Min: 0, Avg:  0.0, Max: 0, Diff: 0, Sum: 0, Workers: 4
[3836.416s][debug][gc,phases      ] GC(198)   StringTable Weak               Min:  0.0, Avg:  0.1, Max:  0.1, Diff:  0.1, Sum:  0.4, Workers: 4
[3836.416s][debug][gc,phases      ] GC(198)     Dead                           Min: 0, Avg:  0.0, Max: 0, Diff: 0, Sum: 0, Workers: 4
[3836.416s][debug][gc,phases      ] GC(198)     Total                          Min: 0, Avg: 10921.0, Max: 15488, Diff: 15488, Sum: 43684, Workers: 4
[3836.416s][debug][gc,phases      ] GC(198)   ResolvedMethodTable Weak       Min:  0.0, Avg:  0.0, Max:  0.0, Diff:  0.0, Sum:  0.1, Workers: 4
[3836.416s][debug][gc,phases      ] GC(198)     Dead                           Min: 0, Avg:  0.0, Max: 0, Diff: 0, Sum: 0, Workers: 4
[3836.416s][debug][gc,phases      ] GC(198)     Total                          Min: 0, Avg: 2419.0, Max: 3456, Diff: 3456, Sum: 9676, Workers: 4
[3836.416s][debug][gc,phases      ] GC(198)   JNI Weak                       Min:  0.0, Avg:  0.0, Max:  0.0, Diff:  0.0, Sum:  0.0, Workers: 4
[3836.416s][debug][gc,phases      ] GC(198)     Dead                           Min: 0, Avg:  0.0, Max: 0, Diff: 0, Sum: 0, Workers: 4
[3836.416s][debug][gc,phases      ] GC(198)     Total                          Min: 0, Avg: 11.2, Max: 45, Diff: 45, Sum: 45, Workers: 4
[3836.416s][debug][gc,phases      ] GC(198)   StringDedup Table Weak         Min:  0.0, Avg:  0.0, Max:  0.0, Diff:  0.0, Sum:  0.0, Workers: 4
[3836.416s][debug][gc,phases      ] GC(198)     Dead                           Min: 0, Avg:  0.0, Max: 0, Diff: 0, Sum: 0, Workers: 4
[3836.416s][debug][gc,phases      ] GC(198)     Total                          Min: 0, Avg:  0.0, Max: 0, Diff: 0, Sum: 0, Workers: 4
[3836.416s][debug][gc,phases      ] GC(198)   StringDedup Requests0 Weak     Min:  0.0, Avg:  0.0, Max:  0.0, Diff:  0.0, Sum:  0.0, Workers: 4
[3836.416s][debug][gc,phases      ] GC(198)     Dead                           Min: 0, Avg:  0.0, Max: 0, Diff: 0, Sum: 0, Workers: 4
[3836.416s][debug][gc,phases      ] GC(198)     Total                          Min: 0, Avg:  0.0, Max: 0, Diff: 0, Sum: 0, Workers: 4
[3836.416s][debug][gc,phases      ] GC(198)   StringDedup Requests1 Weak     Min:  0.0, Avg:  0.0, Max:  0.0, Diff:  0.0, Sum:  0.0, Workers: 4
[3836.416s][debug][gc,phases      ] GC(198)     Dead                           Min: 0, Avg:  0.0, Max: 0, Diff: 0, Sum: 0, Workers: 4
[3836.416s][debug][gc,phases      ] GC(198)     Total                          Min: 0, Avg:  0.0, Max: 0, Diff: 0, Sum: 0, Workers: 4
[3836.416s][debug][gc,phases      ] GC(198)   Weak JFR Old Object Samples    Min:  0.0, Avg:  0.0, Max:  0.0, Diff:  0.0, Sum:  0.0, Workers: 4
[3836.416s][debug][gc,phases      ] GC(198)     Dead                           Min: 0, Avg:  0.0, Max: 0, Diff: 0, Sum: 0, Workers: 4
[3836.416s][debug][gc,phases      ] GC(198)     Total                          Min: 0, Avg:  0.0, Max: 0, Diff: 0, Sum: 0, Workers: 4
[3836.416s][debug][gc,phases      ] GC(198) Weak Processing 0.370ms
[3836.416s][debug][gc,age         ] GC(198) Desired survivor size 101711872 bytes, new threshold 15 (max threshold 15)
[3836.416s][info ][gc,heap        ] GC(198) PSYoungGen: 2008288K(2008576K)->77632K(1985536K) Eden: 1942528K(1942528K)->0K(1898496K) From: 65760K(66048K)->77632K(87040K)
[3836.416s][info ][gc,heap        ] GC(198) ParOldGen: 480779K(653312K)->480859K(653312K)
[3836.416s][info ][gc,metaspace   ] GC(198) Metaspace: 83320K(84416K)->83320K(84416K) NonClass: 71667K(72256K)->71667K(72256K) Class: 11652K(12160K)->11652K(12160K)
[3836.416s][info ][gc             ] GC(198) Pause Young (Allocation Failure) 2430M->545M(2577M) 23.866ms
[3836.416s][info ][gc,cpu         ] GC(198) User=0.08s Sys=0.00s Real=0.02s
[3836.416s][info ][safepoint      ] Safepoint "ParallelGCFailedAllocation", Time since last: 8056914695 ns, Reaching safepoint: 123403 ns, At safepoint: 23980885 ns, Total: 24104288 ns
[3848.801s][info ][gc,start       ] GC(199) Pause Young (Allocation Failure)
[3848.826s][debug][gc,phases      ] GC(199) Scavenge 25.276ms
[3848.826s][debug][gc,ref         ] GC(199) Skipped phase 1 of Reference Processing: no references
[3848.826s][debug][gc,ref         ] GC(199) ReferenceProcessor::execute queues: 1, RefProcThreadModel::Single, marks_oops_alive: false
[3848.826s][debug][gc,ref         ] GC(199) Skipped phase 3 of Reference Processing: no references
[3848.826s][debug][gc,ref         ] GC(199) ReferenceProcessor::execute queues: 1, RefProcThreadModel::Single, marks_oops_alive: false
[3848.826s][debug][gc,phases      ] GC(199) Reference Processing 0.135ms
[3848.826s][debug][gc,phases      ] GC(199)   VM Weak                        Min:  0.0, Avg:  0.0, Max:  0.0, Diff:  0.0, Sum:  0.0, Workers: 4
[3848.826s][debug][gc,phases      ] GC(199)     Dead                           Min: 0, Avg:  0.0, Max: 0, Diff: 0, Sum: 0, Workers: 4
[3848.826s][debug][gc,phases      ] GC(199)     Total                          Min: 0, Avg: 193.8, Max: 453, Diff: 453, Sum: 775, Workers: 4
[3848.826s][debug][gc,phases      ] GC(199)   ObjectSynchronizer Weak        Min:  0.0, Avg:  0.0, Max:  0.0, Diff:  0.0, Sum:  0.0, Workers: 4
[3848.826s][debug][gc,phases      ] GC(199)     Dead                           Min: 0, Avg:  0.0, Max: 0, Diff: 0, Sum: 0, Workers: 4
[3848.826s][debug][gc,phases      ] GC(199)     Total                          Min: 0, Avg:  8.5, Max: 34, Diff: 34, Sum: 34, Workers: 4
[3848.826s][debug][gc,phases      ] GC(199)   JVMTI Tag Weak OopStorage      Min:  0.0, Avg:  0.0, Max:  0.0, Diff:  0.0, Sum:  0.0, Workers: 4
[3848.826s][debug][gc,phases      ] GC(199)     Dead                           Min: 0, Avg:  0.0, Max: 0, Diff: 0, Sum: 0, Workers: 4
[3848.826s][debug][gc,phases      ] GC(199)     Total                          Min: 0, Avg:  0.0, Max: 0, Diff: 0, Sum: 0, Workers: 4
[3848.826s][debug][gc,phases      ] GC(199)   StringTable Weak               Min:  0.0, Avg:  0.1, Max:  0.2, Diff:  0.2, Sum:  0.5, Workers: 4
[3848.826s][debug][gc,phases      ] GC(199)     Dead                           Min: 0, Avg:  0.0, Max: 0, Diff: 0, Sum: 0, Workers: 4
[3848.826s][debug][gc,phases      ] GC(199)     Total                          Min: 0, Avg: 10921.0, Max: 15590, Diff: 15590, Sum: 43684, Workers: 4
[3848.826s][debug][gc,phases      ] GC(199)   ResolvedMethodTable Weak       Min:  0.0, Avg:  0.0, Max:  0.0, Diff:  0.0, Sum:  0.1, Workers: 4
[3848.826s][debug][gc,phases      ] GC(199)     Dead                           Min: 0, Avg:  0.0, Max: 0, Diff: 0, Sum: 0, Workers: 4
[3848.826s][debug][gc,phases      ] GC(199)     Total                          Min: 0, Avg: 2419.0, Max: 3328, Diff: 3328, Sum: 9676, Workers: 4
[3848.826s][debug][gc,phases      ] GC(199)   JNI Weak                       Min:  0.0, Avg:  0.0, Max:  0.0, Diff:  0.0, Sum:  0.0, Workers: 4
[3848.826s][debug][gc,phases      ] GC(199)     Dead                           Min: 0, Avg:  0.0, Max: 0, Diff: 0, Sum: 0, Workers: 4
[3848.826s][debug][gc,phases      ] GC(199)     Total                          Min: 0, Avg: 11.2, Max: 45, Diff: 45, Sum: 45, Workers: 4
[3848.826s][debug][gc,phases      ] GC(199)   StringDedup Table Weak         Min:  0.0, Avg:  0.0, Max:  0.0, Diff:  0.0, Sum:  0.0, Workers: 4
[3848.826s][debug][gc,phases      ] GC(199)     Dead                           Min: 0, Avg:  0.0, Max: 0, Diff: 0, Sum: 0, Workers: 4
[3848.826s][debug][gc,phases      ] GC(199)     Total                          Min: 0, Avg:  0.0, Max: 0, Diff: 0, Sum: 0, Workers: 4
[3848.826s][debug][gc,phases      ] GC(199)   StringDedup Requests0 Weak     Min:  0.0, Avg:  0.0, Max:  0.0, Diff:  0.0, Sum:  0.0, Workers: 4
[3848.826s][debug][gc,phases      ] GC(199)     Dead                           Min: 0, Avg:  0.0, Max: 0, Diff: 0, Sum: 0, Workers: 4
[3848.826s][debug][gc,phases      ] GC(199)     Total                          Min: 0, Avg:  0.0, Max: 0, Diff: 0, Sum: 0, Workers: 4
[3848.826s][debug][gc,phases      ] GC(199)   StringDedup Requests1 Weak     Min:  0.0, Avg:  0.0, Max:  0.0, Diff:  0.0, Sum:  0.0, Workers: 4
[3848.826s][debug][gc,phases      ] GC(199)     Dead                           Min: 0, Avg:  0.0, Max: 0, Diff: 0, Sum: 0, Workers: 4
[3848.826s][debug][gc,phases      ] GC(199)     Total                          Min: 0, Avg:  0.0, Max: 0, Diff: 0, Sum: 0, Workers: 4
[3848.826s][debug][gc,phases      ] GC(199)   Weak JFR Old Object Samples    Min:  0.0, Avg:  0.0, Max:  0.0, Diff:  0.0, Sum:  0.0, Workers: 4
[3848.826s][debug][gc,phases      ] GC(199)     Dead                           Min: 0, Avg:  0.0, Max: 0, Diff: 0, Sum: 0, Workers: 4
[3848.826s][debug][gc,phases      ] GC(199)     Total                          Min: 0, Avg:  0.0, Max: 0, Diff: 0, Sum: 0, Workers: 4
[3848.826s][debug][gc,phases      ] GC(199) Weak Processing 0.391ms
[3848.826s][debug][gc,age         ] GC(199) Desired survivor size 117440512 bytes, new threshold 15 (max threshold 15)
[3848.826s][info ][gc,heap        ] GC(199) PSYoungGen: 1976128K(1985536K)->92672K(1991680K) Eden: 1898496K(1898496K)->0K(1898496K) From: 77632K(87040K)->92672K(93184K)
[3848.826s][info ][gc,heap        ] GC(199) ParOldGen: 480859K(653312K)->480927K(653312K)
[3848.826s][info ][gc,metaspace   ] GC(199) Metaspace: 83325K(84416K)->83325K(84416K) NonClass: 71672K(72256K)->71672K(72256K) Class: 11652K(12160K)->11652K(12160K)
[3848.826s][info ][gc             ] GC(199) Pause Young (Allocation Failure) 2399M->560M(2583M) 25.941ms
[3848.826s][info ][gc,cpu         ] GC(199) User=0.09s Sys=0.00s Real=0.03s
[3848.827s][info ][safepoint      ] Safepoint "ParallelGCFailedAllocation", Time since last: 12384756447 ns, Reaching safepoint: 44501 ns, At safepoint: 26010045 ns, Total: 26054546 ns
[3852.827s][info ][safepoint      ] Safepoint "Cleanup", Time since last: 4000294544 ns, Reaching safepoint: 63401 ns, At safepoint: 2600 ns, Total: 66001 ns
[3858.827s][info ][safepoint      ] Safepoint "Cleanup", Time since last: 6000491474 ns, Reaching safepoint: 45201 ns, At safepoint: 6700 ns, Total: 51901 ns
[3861.828s][info ][safepoint      ] Safepoint "Cleanup", Time since last: 3000258871 ns, Reaching safepoint: 65002 ns, At safepoint: 2400 ns, Total: 67402 ns
[3862.126s][info ][gc,start       ] GC(200) Pause Young (Allocation Failure)
[3862.176s][debug][gc,phases      ] GC(200) Scavenge 49.943ms
[3862.177s][debug][gc,ref         ] GC(200) Skipped phase 1 of Reference Processing: no references
[3862.177s][debug][gc,ref         ] GC(200) ReferenceProcessor::execute queues: 1, RefProcThreadModel::Single, marks_oops_alive: false
[3862.177s][debug][gc,ref         ] GC(200) Skipped phase 3 of Reference Processing: no references
[3862.177s][debug][gc,ref         ] GC(200) ReferenceProcessor::execute queues: 1, RefProcThreadModel::Single, marks_oops_alive: false
[3862.177s][debug][gc,phases      ] GC(200) Reference Processing 0.262ms
[3862.178s][debug][gc,phases      ] GC(200)   VM Weak                        Min:  0.0, Avg:  0.0, Max:  0.0, Diff:  0.0, Sum:  0.0, Workers: 4
[3862.178s][debug][gc,phases      ] GC(200)     Dead                           Min: 0, Avg:  0.0, Max: 0, Diff: 0, Sum: 0, Workers: 4
[3862.178s][debug][gc,phases      ] GC(200)     Total                          Min: 0, Avg: 193.8, Max: 775, Diff: 775, Sum: 775, Workers: 4
[3862.178s][debug][gc,phases      ] GC(200)   ObjectSynchronizer Weak        Min:  0.0, Avg:  0.0, Max:  0.0, Diff:  0.0, Sum:  0.0, Workers: 4
[3862.178s][debug][gc,phases      ] GC(200)     Dead                           Min: 0, Avg:  0.0, Max: 0, Diff: 0, Sum: 0, Workers: 4
[3862.178s][debug][gc,phases      ] GC(200)     Total                          Min: 0, Avg:  8.5, Max: 34, Diff: 34, Sum: 34, Workers: 4
[3862.178s][debug][gc,phases      ] GC(200)   JVMTI Tag Weak OopStorage      Min:  0.0, Avg:  0.0, Max:  0.0, Diff:  0.0, Sum:  0.0, Workers: 4
[3862.178s][debug][gc,phases      ] GC(200)     Dead                           Min: 0, Avg:  0.0, Max: 0, Diff: 0, Sum: 0, Workers: 4
[3862.178s][debug][gc,phases      ] GC(200)     Total                          Min: 0, Avg:  0.0, Max: 0, Diff: 0, Sum: 0, Workers: 4
[3862.178s][debug][gc,phases      ] GC(200)   StringTable Weak               Min:  0.0, Avg:  0.1, Max:  0.4, Diff:  0.4, Sum:  0.4, Workers: 4
[3862.178s][debug][gc,phases      ] GC(200)     Dead                           Min: 0, Avg:  0.0, Max: 0, Diff: 0, Sum: 0, Workers: 4
[3862.178s][debug][gc,phases      ] GC(200)     Total                          Min: 0, Avg: 10921.0, Max: 43684, Diff: 43684, Sum: 43684, Workers: 4
[3862.178s][debug][gc,phases      ] GC(200)   ResolvedMethodTable Weak       Min:  0.0, Avg:  0.0, Max:  0.1, Diff:  0.1, Sum:  0.1, Workers: 4
[3862.178s][debug][gc,phases      ] GC(200)     Dead                           Min: 0, Avg:  0.0, Max: 0, Diff: 0, Sum: 0, Workers: 4
[3862.178s][debug][gc,phases      ] GC(200)     Total                          Min: 0, Avg: 2419.0, Max: 9676, Diff: 9676, Sum: 9676, Workers: 4
[3862.178s][debug][gc,phases      ] GC(200)   JNI Weak                       Min:  0.0, Avg:  0.0, Max:  0.0, Diff:  0.0, Sum:  0.0, Workers: 4
[3862.178s][debug][gc,phases      ] GC(200)     Dead                           Min: 0, Avg:  0.0, Max: 0, Diff: 0, Sum: 0, Workers: 4
[3862.178s][debug][gc,phases      ] GC(200)     Total                          Min: 0, Avg: 11.2, Max: 45, Diff: 45, Sum: 45, Workers: 4
[3862.178s][debug][gc,phases      ] GC(200)   StringDedup Table Weak         Min:  0.0, Avg:  0.0, Max:  0.0, Diff:  0.0, Sum:  0.0, Workers: 4
[3862.178s][debug][gc,phases      ] GC(200)     Dead                           Min: 0, Avg:  0.0, Max: 0, Diff: 0, Sum: 0, Workers: 4
[3862.178s][debug][gc,phases      ] GC(200)     Total                          Min: 0, Avg:  0.0, Max: 0, Diff: 0, Sum: 0, Workers: 4
[3862.178s][debug][gc,phases      ] GC(200)   StringDedup Requests0 Weak     Min:  0.0, Avg:  0.0, Max:  0.0, Diff:  0.0, Sum:  0.0, Workers: 4
[3862.178s][debug][gc,phases      ] GC(200)     Dead                           Min: 0, Avg:  0.0, Max: 0, Diff: 0, Sum: 0, Workers: 4
[3862.178s][debug][gc,phases      ] GC(200)     Total                          Min: 0, Avg:  0.0, Max: 0, Diff: 0, Sum: 0, Workers: 4
[3862.178s][debug][gc,phases      ] GC(200)   StringDedup Requests1 Weak     Min:  0.0, Avg:  0.0, Max:  0.0, Diff:  0.0, Sum:  0.0, Workers: 4
[3862.178s][debug][gc,phases      ] GC(200)     Dead                           Min: 0, Avg:  0.0, Max: 0, Diff: 0, Sum: 0, Workers: 4
[3862.178s][debug][gc,phases      ] GC(200)     Total                          Min: 0, Avg:  0.0, Max: 0, Diff: 0, Sum: 0, Workers: 4
[3862.178s][debug][gc,phases      ] GC(200)   Weak JFR Old Object Samples    Min:  0.0, Avg:  0.0, Max:  0.0, Diff:  0.0, Sum:  0.0, Workers: 4
[3862.178s][debug][gc,phases      ] GC(200)     Dead                           Min: 0, Avg:  0.0, Max: 0, Diff: 0, Sum: 0, Workers: 4
[3862.178s][debug][gc,phases      ] GC(200)     Total                          Min: 0, Avg:  0.0, Max: 0, Diff: 0, Sum: 0, Workers: 4
[3862.178s][debug][gc,phases      ] GC(200) Weak Processing 0.741ms
[3862.178s][debug][gc,age         ] GC(200) Desired survivor size 134742016 bytes, new threshold 14 (max threshold 15)
[3862.178s][info ][gc,heap        ] GC(200) PSYoungGen: 1991168K(1991680K)->105440K(1939456K) Eden: 1898496K(1898496K)->0K(1833984K) From: 92672K(93184K)->105440K(105472K)
[3862.178s][info ][gc,heap        ] GC(200) ParOldGen: 480927K(653312K)->481415K(653312K)
[3862.178s][info ][gc,metaspace   ] GC(200) Metaspace: 83326K(84416K)->83326K(84416K) NonClass: 71673K(72256K)->71673K(72256K) Class: 11652K(12160K)->11652K(12160K)
[3862.178s][info ][gc             ] GC(200) Pause Young (Allocation Failure) 2414M->573M(2532M) 52.114ms
[3862.178s][info ][gc,cpu         ] GC(200) User=0.12s Sys=0.00s Real=0.05s
[3862.178s][info ][safepoint      ] Safepoint "ParallelGCFailedAllocation", Time since last: 296118292 ns, Reaching safepoint: 1989449 ns, At safepoint: 52209668 ns, Total: 54199117 ns
[3863.178s][info ][safepoint      ] Safepoint "Cleanup", Time since last: 1000111591 ns, Reaching safepoint: 56501 ns, At safepoint: 3400 ns, Total: 59901 ns
[3871.179s][info ][safepoint      ] Safepoint "Cleanup", Time since last: 8000641574 ns, Reaching safepoint: 55201 ns, At safepoint: 2700 ns, Total: 57901 ns
[3872.849s][info ][gc,start       ] GC(201) Pause Young (Allocation Failure)
[3872.919s][debug][gc,phases      ] GC(201) Scavenge 69.802ms
[3872.919s][debug][gc,ref         ] GC(201) Skipped phase 1 of Reference Processing: no references
[3872.919s][debug][gc,ref         ] GC(201) ReferenceProcessor::execute queues: 1, RefProcThreadModel::Single, marks_oops_alive: false
[3872.919s][debug][gc,ref         ] GC(201) Skipped phase 3 of Reference Processing: no references
[3872.919s][debug][gc,ref         ] GC(201) ReferenceProcessor::execute queues: 1, RefProcThreadModel::Single, marks_oops_alive: false
[3872.919s][debug][gc,phases      ] GC(201) Reference Processing 0.120ms
[3872.919s][debug][gc,phases      ] GC(201)   VM Weak                        Min:  0.0, Avg:  0.0, Max:  0.0, Diff:  0.0, Sum:  0.0, Workers: 4
[3872.919s][debug][gc,phases      ] GC(201)     Dead                           Min: 0, Avg:  0.0, Max: 0, Diff: 0, Sum: 0, Workers: 4
[3872.919s][debug][gc,phases      ] GC(201)     Total                          Min: 0, Avg: 193.8, Max: 456, Diff: 456, Sum: 775, Workers: 4
[3872.919s][debug][gc,phases      ] GC(201)   ObjectSynchronizer Weak        Min:  0.0, Avg:  0.0, Max:  0.0, Diff:  0.0, Sum:  0.0, Workers: 4
[3872.919s][debug][gc,phases      ] GC(201)     Dead                           Min: 0, Avg:  0.0, Max: 0, Diff: 0, Sum: 0, Workers: 4
[3872.919s][debug][gc,phases      ] GC(201)     Total                          Min: 0, Avg:  8.5, Max: 34, Diff: 34, Sum: 34, Workers: 4
[3872.919s][debug][gc,phases      ] GC(201)   JVMTI Tag Weak OopStorage      Min:  0.0, Avg:  0.0, Max:  0.0, Diff:  0.0, Sum:  0.0, Workers: 4
[3872.919s][debug][gc,phases      ] GC(201)     Dead                           Min: 0, Avg:  0.0, Max: 0, Diff: 0, Sum: 0, Workers: 4
[3872.919s][debug][gc,phases      ] GC(201)     Total                          Min: 0, Avg:  0.0, Max: 0, Diff: 0, Sum: 0, Workers: 4
[3872.919s][debug][gc,phases      ] GC(201)   StringTable Weak               Min:  0.0, Avg:  0.1, Max:  0.2, Diff:  0.2, Sum:  0.4, Workers: 4
[3872.919s][debug][gc,phases      ] GC(201)     Dead                           Min: 0, Avg:  0.0, Max: 0, Diff: 0, Sum: 0, Workers: 4
[3872.919s][debug][gc,phases      ] GC(201)     Total                          Min: 0, Avg: 10921.0, Max: 22756, Diff: 22756, Sum: 43684, Workers: 4
[3872.919s][debug][gc,phases      ] GC(201)   ResolvedMethodTable Weak       Min:  0.0, Avg:  0.0, Max:  0.0, Diff:  0.0, Sum:  0.1, Workers: 4
[3872.919s][debug][gc,phases      ] GC(201)     Dead                           Min: 0, Avg:  0.0, Max: 0, Diff: 0, Sum: 0, Workers: 4
[3872.919s][debug][gc,phases      ] GC(201)     Total                          Min: 0, Avg: 2419.0, Max: 4992, Diff: 4992, Sum: 9676, Workers: 4
[3872.919s][debug][gc,phases      ] GC(201)   JNI Weak                       Min:  0.0, Avg:  0.0, Max:  0.0, Diff:  0.0, Sum:  0.0, Workers: 4
[3872.919s][debug][gc,phases      ] GC(201)     Dead                           Min: 0, Avg:  0.0, Max: 0, Diff: 0, Sum: 0, Workers: 4
[3872.919s][debug][gc,phases      ] GC(201)     Total                          Min: 0, Avg: 11.2, Max: 45, Diff: 45, Sum: 45, Workers: 4
[3872.919s][debug][gc,phases      ] GC(201)   StringDedup Table Weak         Min:  0.0, Avg:  0.0, Max:  0.0, Diff:  0.0, Sum:  0.0, Workers: 4
[3872.919s][debug][gc,phases      ] GC(201)     Dead                           Min: 0, Avg:  0.0, Max: 0, Diff: 0, Sum: 0, Workers: 4
[3872.919s][debug][gc,phases      ] GC(201)     Total                          Min: 0, Avg:  0.0, Max: 0, Diff: 0, Sum: 0, Workers: 4
[3872.919s][debug][gc,phases      ] GC(201)   StringDedup Requests0 Weak     Min:  0.0, Avg:  0.0, Max:  0.0, Diff:  0.0, Sum:  0.0, Workers: 4
[3872.919s][debug][gc,phases      ] GC(201)     Dead                           Min: 0, Avg:  0.0, Max: 0, Diff: 0, Sum: 0, Workers: 4
[3872.919s][debug][gc,phases      ] GC(201)     Total                          Min: 0, Avg:  0.0, Max: 0, Diff: 0, Sum: 0, Workers: 4
[3872.919s][debug][gc,phases      ] GC(201)   StringDedup Requests1 Weak     Min:  0.0, Avg:  0.0, Max:  0.0, Diff:  0.0, Sum:  0.0, Workers: 4
[3872.919s][debug][gc,phases      ] GC(201)     Dead                           Min: 0, Avg:  0.0, Max: 0, Diff: 0, Sum: 0, Workers: 4
[3872.919s][debug][gc,phases      ] GC(201)     Total                          Min: 0, Avg:  0.0, Max: 0, Diff: 0, Sum: 0, Workers: 4
[3872.919s][debug][gc,phases      ] GC(201)   Weak JFR Old Object Samples    Min:  0.0, Avg:  0.0, Max:  0.0, Diff:  0.0, Sum:  0.0, Workers: 4
[3872.919s][debug][gc,phases      ] GC(201)     Dead                           Min: 0, Avg:  0.0, Max: 0, Diff: 0, Sum: 0, Workers: 4
[3872.919s][debug][gc,phases      ] GC(201)     Total                          Min: 0, Avg:  0.0, Max: 0, Diff: 0, Sum: 0, Workers: 4
[3872.919s][debug][gc,phases      ] GC(201) Weak Processing 0.457ms
[3872.919s][debug][gc,age         ] GC(201) Desired survivor size 146276352 bytes, new threshold 15 (max threshold 15)
[3872.919s][info ][gc,heap        ] GC(201) PSYoungGen: 1939424K(1939456K)->99792K(1933824K) Eden: 1833984K(1833984K)->0K(1833984K) From: 105440K(105472K)->99792K(99840K)
[3872.919s][info ][gc,heap        ] GC(201) ParOldGen: 481415K(653312K)->481855K(653312K)
[3872.919s][info ][gc,metaspace   ] GC(201) Metaspace: 83328K(84416K)->83328K(84416K) NonClass: 71675K(72256K)->71675K(72256K) Class: 11652K(12160K)->11652K(12160K)
[3872.919s][info ][gc             ] GC(201) Pause Young (Allocation Failure) 2364M->568M(2526M) 70.525ms
[3872.919s][info ][gc,cpu         ] GC(201) User=0.10s Sys=0.00s Real=0.07s
[3872.919s][info ][safepoint      ] Safepoint "ParallelGCFailedAllocation", Time since last: 1669644564 ns, Reaching safepoint: 39201 ns, At safepoint: 70620738 ns, Total: 70659939 ns
[3883.346s][info ][gc,start       ] GC(202) Pause Young (Allocation Failure)
[3883.397s][debug][gc,phases      ] GC(202) Scavenge 50.921ms
[3883.397s][debug][gc,ref         ] GC(202) Skipped phase 1 of Reference Processing: no references
[3883.397s][debug][gc,ref         ] GC(202) ReferenceProcessor::execute queues: 1, RefProcThreadModel::Single, marks_oops_alive: false
[3883.397s][debug][gc,ref         ] GC(202) Skipped phase 3 of Reference Processing: no references
[3883.397s][debug][gc,ref         ] GC(202) ReferenceProcessor::execute queues: 1, RefProcThreadModel::Single, marks_oops_alive: false
[3883.397s][debug][gc,phases      ] GC(202) Reference Processing 0.121ms
[3883.397s][debug][gc,phases      ] GC(202)   VM Weak                        Min:  0.0, Avg:  0.0, Max:  0.0, Diff:  0.0, Sum:  0.0, Workers: 4
[3883.397s][debug][gc,phases      ] GC(202)     Dead                           Min: 0, Avg:  0.0, Max: 0, Diff: 0, Sum: 0, Workers: 4
[3883.397s][debug][gc,phases      ] GC(202)     Total                          Min: 0, Avg: 193.8, Max: 456, Diff: 456, Sum: 775, Workers: 4
[3883.397s][debug][gc,phases      ] GC(202)   ObjectSynchronizer Weak        Min:  0.0, Avg:  0.0, Max:  0.0, Diff:  0.0, Sum:  0.0, Workers: 4
[3883.397s][debug][gc,phases      ] GC(202)     Dead                           Min: 0, Avg:  0.0, Max: 0, Diff: 0, Sum: 0, Workers: 4
[3883.397s][debug][gc,phases      ] GC(202)     Total                          Min: 0, Avg:  8.5, Max: 34, Diff: 34, Sum: 34, Workers: 4
[3883.397s][debug][gc,phases      ] GC(202)   JVMTI Tag Weak OopStorage      Min:  0.0, Avg:  0.0, Max:  0.0, Diff:  0.0, Sum:  0.0, Workers: 4
[3883.397s][debug][gc,phases      ] GC(202)     Dead                           Min: 0, Avg:  0.0, Max: 0, Diff: 0, Sum: 0, Workers: 4
[3883.397s][debug][gc,phases      ] GC(202)     Total                          Min: 0, Avg:  0.0, Max: 0, Diff: 0, Sum: 0, Workers: 4
[3883.397s][debug][gc,phases      ] GC(202)   StringTable Weak               Min:  0.0, Avg:  0.1, Max:  0.2, Diff:  0.2, Sum:  0.5, Workers: 4
[3883.397s][debug][gc,phases      ] GC(202)     Dead                           Min: 0, Avg:  0.0, Max: 0, Diff: 0, Sum: 0, Workers: 4
[3883.397s][debug][gc,phases      ] GC(202)     Total                          Min: 0, Avg: 10921.0, Max: 15590, Diff: 15590, Sum: 43684, Workers: 4
[3883.397s][debug][gc,phases      ] GC(202)   ResolvedMethodTable Weak       Min:  0.0, Avg:  0.0, Max:  0.0, Diff:  0.0, Sum:  0.1, Workers: 4
[3883.397s][debug][gc,phases      ] GC(202)     Dead                           Min: 0, Avg:  0.0, Max: 0, Diff: 0, Sum: 0, Workers: 4
[3883.397s][debug][gc,phases      ] GC(202)     Total                          Min: 0, Avg: 2419.0, Max: 3456, Diff: 3456, Sum: 9676, Workers: 4
[3883.397s][debug][gc,phases      ] GC(202)   JNI Weak                       Min:  0.0, Avg:  0.0, Max:  0.0, Diff:  0.0, Sum:  0.0, Workers: 4
[3883.397s][debug][gc,phases      ] GC(202)     Dead                           Min: 0, Avg:  0.0, Max: 0, Diff: 0, Sum: 0, Workers: 4
[3883.398s][debug][gc,phases      ] GC(202)     Total                          Min: 0, Avg: 11.2, Max: 45, Diff: 45, Sum: 45, Workers: 4
[3883.398s][debug][gc,phases      ] GC(202)   StringDedup Table Weak         Min:  0.0, Avg:  0.0, Max:  0.0, Diff:  0.0, Sum:  0.0, Workers: 4
[3883.398s][debug][gc,phases      ] GC(202)     Dead                           Min: 0, Avg:  0.0, Max: 0, Diff: 0, Sum: 0, Workers: 4
[3883.398s][debug][gc,phases      ] GC(202)     Total                          Min: 0, Avg:  0.0, Max: 0, Diff: 0, Sum: 0, Workers: 4
[3883.398s][debug][gc,phases      ] GC(202)   StringDedup Requests0 Weak     Min:  0.0, Avg:  0.0, Max:  0.0, Diff:  0.0, Sum:  0.0, Workers: 4
[3883.398s][debug][gc,phases      ] GC(202)     Dead                           Min: 0, Avg:  0.0, Max: 0, Diff: 0, Sum: 0, Workers: 4
[3883.398s][debug][gc,phases      ] GC(202)     Total                          Min: 0, Avg:  0.0, Max: 0, Diff: 0, Sum: 0, Workers: 4
[3883.398s][debug][gc,phases      ] GC(202)   StringDedup Requests1 Weak     Min:  0.0, Avg:  0.0, Max:  0.0, Diff:  0.0, Sum:  0.0, Workers: 4
[3883.398s][debug][gc,phases      ] GC(202)     Dead                           Min: 0, Avg:  0.0, Max: 0, Diff: 0, Sum: 0, Workers: 4
[3883.398s][debug][gc,phases      ] GC(202)     Total                          Min: 0, Avg:  0.0, Max: 0, Diff: 0, Sum: 0, Workers: 4
[3883.398s][debug][gc,phases      ] GC(202)   Weak JFR Old Object Samples    Min:  0.0, Avg:  0.0, Max:  0.0, Diff:  0.0, Sum:  0.0, Workers: 4
[3883.398s][debug][gc,phases      ] GC(202)     Dead                           Min: 0, Avg:  0.0, Max: 0, Diff: 0, Sum: 0, Workers: 4
[3883.398s][debug][gc,phases      ] GC(202)     Total                          Min: 0, Avg:  0.0, Max: 0, Diff: 0, Sum: 0, Workers: 4
[3883.398s][debug][gc,phases      ] GC(202) Weak Processing 0.394ms
[3883.398s][debug][gc,age         ] GC(202) Desired survivor size 159907840 bytes, new threshold 15 (max threshold 15)
[3883.398s][info ][gc,heap        ] GC(202) PSYoungGen: 1933776K(1933824K)->112208K(1927680K) Eden: 1833984K(1833984K)->0K(1784832K) From: 99792K(99840K)->112208K(142848K)
[3883.398s][info ][gc,heap        ] GC(202) ParOldGen: 481855K(653312K)->481855K(653312K)
[3883.398s][info ][gc,metaspace   ] GC(202) Metaspace: 83329K(84416K)->83329K(84416K) NonClass: 71676K(72256K)->71676K(72256K) Class: 11652K(12160K)->11652K(12160K)
[3883.398s][info ][gc             ] GC(202) Pause Young (Allocation Failure) 2359M->580M(2520M) 51.579ms
[3883.398s][info ][gc,cpu         ] GC(202) User=0.11s Sys=0.00s Real=0.05s
[3883.398s][info ][safepoint      ] Safepoint "ParallelGCFailedAllocation", Time since last: 10426656973 ns, Reaching safepoint: 100602 ns, At safepoint: 51660384 ns, Total: 51760986 ns
[3889.400s][info ][safepoint      ] Safepoint "Cleanup", Time since last: 6002375333 ns, Reaching safepoint: 123503 ns, At safepoint: 4600 ns, Total: 128103 ns
[3893.426s][info ][gc,start       ] GC(203) Pause Young (Allocation Failure)
[3893.477s][debug][gc,phases      ] GC(203) Scavenge 51.139ms
[3893.477s][debug][gc,ref         ] GC(203) Skipped phase 1 of Reference Processing: no references
[3893.477s][debug][gc,ref         ] GC(203) ReferenceProcessor::execute queues: 1, RefProcThreadModel::Single, marks_oops_alive: false
[3893.477s][debug][gc,ref         ] GC(203) Skipped phase 3 of Reference Processing: no references
[3893.477s][debug][gc,ref         ] GC(203) ReferenceProcessor::execute queues: 1, RefProcThreadModel::Single, marks_oops_alive: false
[3893.478s][debug][gc,phases      ] GC(203) Reference Processing 0.156ms
[3893.478s][debug][gc,phases      ] GC(203)   VM Weak                        Min:  0.0, Avg:  0.0, Max:  0.0, Diff:  0.0, Sum:  0.0, Workers: 4
[3893.478s][debug][gc,phases      ] GC(203)     Dead                           Min: 0, Avg:  0.0, Max: 0, Diff: 0, Sum: 0, Workers: 4
[3893.478s][debug][gc,phases      ] GC(203)     Total                          Min: 0, Avg: 193.8, Max: 456, Diff: 456, Sum: 775, Workers: 4
[3893.478s][debug][gc,phases      ] GC(203)   ObjectSynchronizer Weak        Min:  0.0, Avg:  0.0, Max:  0.0, Diff:  0.0, Sum:  0.0, Workers: 4
[3893.478s][debug][gc,phases      ] GC(203)     Dead                           Min: 0, Avg:  0.0, Max: 0, Diff: 0, Sum: 0, Workers: 4
[3893.478s][debug][gc,phases      ] GC(203)     Total                          Min: 0, Avg:  8.5, Max: 34, Diff: 34, Sum: 34, Workers: 4
[3893.478s][debug][gc,phases      ] GC(203)   JVMTI Tag Weak OopStorage      Min:  0.0, Avg:  0.0, Max:  0.0, Diff:  0.0, Sum:  0.0, Workers: 4
[3893.478s][debug][gc,phases      ] GC(203)     Dead                           Min: 0, Avg:  0.0, Max: 0, Diff: 0, Sum: 0, Workers: 4
[3893.478s][debug][gc,phases      ] GC(203)     Total                          Min: 0, Avg:  0.0, Max: 0, Diff: 0, Sum: 0, Workers: 4
[3893.478s][debug][gc,phases      ] GC(203)   StringTable Weak               Min:  0.0, Avg:  0.1, Max:  0.1, Diff:  0.1, Sum:  0.4, Workers: 4
[3893.478s][debug][gc,phases      ] GC(203)     Dead                           Min: 0, Avg:  0.0, Max: 0, Diff: 0, Sum: 0, Workers: 4
[3893.478s][debug][gc,phases      ] GC(203)     Total                          Min: 0, Avg: 10921.0, Max: 15294, Diff: 15294, Sum: 43684, Workers: 4
[3893.478s][debug][gc,phases      ] GC(203)   ResolvedMethodTable Weak       Min:  0.0, Avg:  0.0, Max:  0.0, Diff:  0.0, Sum:  0.1, Workers: 4
[3893.478s][debug][gc,phases      ] GC(203)     Dead                           Min: 0, Avg:  0.0, Max: 0, Diff: 0, Sum: 0, Workers: 4
[3893.478s][debug][gc,phases      ] GC(203)     Total                          Min: 0, Avg: 2419.0, Max: 3456, Diff: 3456, Sum: 9676, Workers: 4
[3893.478s][debug][gc,phases      ] GC(203)   JNI Weak                       Min:  0.0, Avg:  0.0, Max:  0.0, Diff:  0.0, Sum:  0.0, Workers: 4
[3893.478s][debug][gc,phases      ] GC(203)     Dead                           Min: 0, Avg:  0.0, Max: 0, Diff: 0, Sum: 0, Workers: 4
[3893.478s][debug][gc,phases      ] GC(203)     Total                          Min: 0, Avg: 11.2, Max: 45, Diff: 45, Sum: 45, Workers: 4
[3893.478s][debug][gc,phases      ] GC(203)   StringDedup Table Weak         Min:  0.0, Avg:  0.0, Max:  0.0, Diff:  0.0, Sum:  0.0, Workers: 4
[3893.478s][debug][gc,phases      ] GC(203)     Dead                           Min: 0, Avg:  0.0, Max: 0, Diff: 0, Sum: 0, Workers: 4
[3893.478s][debug][gc,phases      ] GC(203)     Total                          Min: 0, Avg:  0.0, Max: 0, Diff: 0, Sum: 0, Workers: 4
[3893.478s][debug][gc,phases      ] GC(203)   StringDedup Requests0 Weak     Min:  0.0, Avg:  0.0, Max:  0.0, Diff:  0.0, Sum:  0.0, Workers: 4
[3893.478s][debug][gc,phases      ] GC(203)     Dead                           Min: 0, Avg:  0.0, Max: 0, Diff: 0, Sum: 0, Workers: 4
[3893.478s][debug][gc,phases      ] GC(203)     Total                          Min: 0, Avg:  0.0, Max: 0, Diff: 0, Sum: 0, Workers: 4
[3893.478s][debug][gc,phases      ] GC(203)   StringDedup Requests1 Weak     Min:  0.0, Avg:  0.0, Max:  0.0, Diff:  0.0, Sum:  0.0, Workers: 4
[3893.478s][debug][gc,phases      ] GC(203)     Dead                           Min: 0, Avg:  0.0, Max: 0, Diff: 0, Sum: 0, Workers: 4
[3893.478s][debug][gc,phases      ] GC(203)     Total                          Min: 0, Avg:  0.0, Max: 0, Diff: 0, Sum: 0, Workers: 4
[3893.478s][debug][gc,phases      ] GC(203)   Weak JFR Old Object Samples    Min:  0.0, Avg:  0.0, Max:  0.0, Diff:  0.0, Sum:  0.0, Workers: 4
[3893.478s][debug][gc,phases      ] GC(203)     Dead                           Min: 0, Avg:  0.0, Max: 0, Diff: 0, Sum: 0, Workers: 4
[3893.478s][debug][gc,phases      ] GC(203)     Total                          Min: 0, Avg:  0.0, Max: 0, Diff: 0, Sum: 0, Workers: 4
[3893.478s][debug][gc,phases      ] GC(203) Weak Processing 0.420ms
[3893.478s][debug][gc,age         ] GC(203) Desired survivor size 175112192 bytes, new threshold 15 (max threshold 15)
[3893.478s][info ][gc,heap        ] GC(203) PSYoungGen: 1897040K(1927680K)->125298K(1910272K) Eden: 1784832K(1784832K)->0K(1784832K) From: 112208K(142848K)->125298K(125440K)
[3893.478s][info ][gc,heap        ] GC(203) ParOldGen: 481855K(653312K)->481927K(653312K)
[3893.478s][info ][gc,metaspace   ] GC(203) Metaspace: 83339K(84416K)->83339K(84416K) NonClass: 71686K(72256K)->71686K(72256K) Class: 11652K(12160K)->11652K(12160K)
[3893.478s][info ][gc             ] GC(203) Pause Young (Allocation Failure) 2323M->592M(2503M) 51.881ms
[3893.478s][info ][gc,cpu         ] GC(203) User=0.13s Sys=0.00s Real=0.05s
[3893.478s][info ][safepoint      ] Safepoint "ParallelGCFailedAllocation", Time since last: 4025797766 ns, Reaching safepoint: 101503 ns, At safepoint: 51979570 ns, Total: 52081073 ns
[3899.479s][info ][safepoint      ] Safepoint "Cleanup", Time since last: 6000441283 ns, Reaching safepoint: 47701 ns, At safepoint: 2600 ns, Total: 50301 ns
[3900.479s][info ][safepoint      ] Safepoint "Cleanup", Time since last: 1000131686 ns, Reaching safepoint: 57001 ns, At safepoint: 3100 ns, Total: 60101 ns
[3901.479s][info ][safepoint      ] Safepoint "Cleanup", Time since last: 1000118086 ns, Reaching safepoint: 120202 ns, At safepoint: 5601 ns, Total: 125803 ns
[3902.479s][info ][safepoint      ] Safepoint "Cleanup", Time since last: 1000114085 ns, Reaching safepoint: 125503 ns, At safepoint: 8500 ns, Total: 134003 ns
[3905.480s][info ][safepoint      ] Safepoint "Cleanup", Time since last: 3000269696 ns, Reaching safepoint: 53001 ns, At safepoint: 2800 ns, Total: 55801 ns
[3905.893s][info ][gc,start       ] GC(204) Pause Young (Allocation Failure)
[3905.930s][debug][gc,phases      ] GC(204) Scavenge 36.599ms
[3905.930s][debug][gc,ref         ] GC(204) Skipped phase 1 of Reference Processing: no references
[3905.930s][debug][gc,ref         ] GC(204) ReferenceProcessor::execute queues: 1, RefProcThreadModel::Single, marks_oops_alive: false
[3905.930s][debug][gc,ref         ] GC(204) Skipped phase 3 of Reference Processing: no references
[3905.930s][debug][gc,ref         ] GC(204) ReferenceProcessor::execute queues: 1, RefProcThreadModel::Single, marks_oops_alive: false
[3905.930s][debug][gc,phases      ] GC(204) Reference Processing 0.156ms
[3905.930s][debug][gc,phases      ] GC(204)   VM Weak                        Min:  0.0, Avg:  0.0, Max:  0.0, Diff:  0.0, Sum:  0.0, Workers: 4
[3905.930s][debug][gc,phases      ] GC(204)     Dead                           Min: 0, Avg:  0.0, Max: 0, Diff: 0, Sum: 0, Workers: 4
[3905.930s][debug][gc,phases      ] GC(204)     Total                          Min: 0, Avg: 193.8, Max: 456, Diff: 456, Sum: 775, Workers: 4
[3905.930s][debug][gc,phases      ] GC(204)   ObjectSynchronizer Weak        Min:  0.0, Avg:  0.0, Max:  0.0, Diff:  0.0, Sum:  0.0, Workers: 4
[3905.930s][debug][gc,phases      ] GC(204)     Dead                           Min: 0, Avg:  0.0, Max: 0, Diff: 0, Sum: 0, Workers: 4
[3905.930s][debug][gc,phases      ] GC(204)     Total                          Min: 0, Avg:  8.5, Max: 34, Diff: 34, Sum: 34, Workers: 4
[3905.931s][debug][gc,phases      ] GC(204)   JVMTI Tag Weak OopStorage      Min:  0.0, Avg:  0.0, Max:  0.0, Diff:  0.0, Sum:  0.0, Workers: 4
[3905.931s][debug][gc,phases      ] GC(204)     Dead                           Min: 0, Avg:  0.0, Max: 0, Diff: 0, Sum: 0, Workers: 4
[3905.931s][debug][gc,phases      ] GC(204)     Total                          Min: 0, Avg:  0.0, Max: 0, Diff: 0, Sum: 0, Workers: 4
[3905.931s][debug][gc,phases      ] GC(204)   StringTable Weak               Min:  0.0, Avg:  0.1, Max:  0.1, Diff:  0.1, Sum:  0.4, Workers: 4
[3905.931s][debug][gc,phases      ] GC(204)     Dead                           Min: 0, Avg:  0.0, Max: 0, Diff: 0, Sum: 0, Workers: 4
[3905.931s][debug][gc,phases      ] GC(204)     Total                          Min: 0, Avg: 10921.0, Max: 14782, Diff: 14782, Sum: 43684, Workers: 4
[3905.931s][debug][gc,phases      ] GC(204)   ResolvedMethodTable Weak       Min:  0.0, Avg:  0.0, Max:  0.0, Diff:  0.0, Sum:  0.1, Workers: 4
[3905.931s][debug][gc,phases      ] GC(204)     Dead                           Min: 0, Avg:  0.0, Max: 0, Diff: 0, Sum: 0, Workers: 4
[3905.931s][debug][gc,phases      ] GC(204)     Total                          Min: 0, Avg: 2419.0, Max: 3328, Diff: 3328, Sum: 9676, Workers: 4
[3905.931s][debug][gc,phases      ] GC(204)   JNI Weak                       Min:  0.0, Avg:  0.0, Max:  0.0, Diff:  0.0, Sum:  0.0, Workers: 4
[3905.931s][debug][gc,phases      ] GC(204)     Dead                           Min: 0, Avg:  0.0, Max: 0, Diff: 0, Sum: 0, Workers: 4
[3905.931s][debug][gc,phases      ] GC(204)     Total                          Min: 0, Avg: 11.2, Max: 45, Diff: 45, Sum: 45, Workers: 4
[3905.931s][debug][gc,phases      ] GC(204)   StringDedup Table Weak         Min:  0.0, Avg:  0.0, Max:  0.0, Diff:  0.0, Sum:  0.0, Workers: 4
[3905.931s][debug][gc,phases      ] GC(204)     Dead                           Min: 0, Avg:  0.0, Max: 0, Diff: 0, Sum: 0, Workers: 4
[3905.931s][debug][gc,phases      ] GC(204)     Total                          Min: 0, Avg:  0.0, Max: 0, Diff: 0, Sum: 0, Workers: 4
[3905.931s][debug][gc,phases      ] GC(204)   StringDedup Requests0 Weak     Min:  0.0, Avg:  0.0, Max:  0.0, Diff:  0.0, Sum:  0.0, Workers: 4
[3905.931s][debug][gc,phases      ] GC(204)     Dead                           Min: 0, Avg:  0.0, Max: 0, Diff: 0, Sum: 0, Workers: 4
[3905.931s][debug][gc,phases      ] GC(204)     Total                          Min: 0, Avg:  0.0, Max: 0, Diff: 0, Sum: 0, Workers: 4
[3905.931s][debug][gc,phases      ] GC(204)   StringDedup Requests1 Weak     Min:  0.0, Avg:  0.0, Max:  0.0, Diff:  0.0, Sum:  0.0, Workers: 4
[3905.931s][debug][gc,phases      ] GC(204)     Dead                           Min: 0, Avg:  0.0, Max: 0, Diff: 0, Sum: 0, Workers: 4
[3905.931s][debug][gc,phases      ] GC(204)     Total                          Min: 0, Avg:  0.0, Max: 0, Diff: 0, Sum: 0, Workers: 4
[3905.931s][debug][gc,phases      ] GC(204)   Weak JFR Old Object Samples    Min:  0.0, Avg:  0.0, Max:  0.0, Diff:  0.0, Sum:  0.0, Workers: 4
[3905.931s][debug][gc,phases      ] GC(204)     Dead                           Min: 0, Avg:  0.0, Max: 0, Diff: 0, Sum: 0, Workers: 4
[3905.931s][debug][gc,phases      ] GC(204)     Total                          Min: 0, Avg:  0.0, Max: 0, Diff: 0, Sum: 0, Workers: 4
[3905.931s][debug][gc,phases      ] GC(204) Weak Processing 0.393ms
[3905.931s][debug][gc,age         ] GC(204) Desired survivor size 187170816 bytes, new threshold 15 (max threshold 15)
[3905.931s][info ][gc,heap        ] GC(204) PSYoungGen: 1910130K(1910272K)->124864K(1902592K) Eden: 1784832K(1784832K)->0K(1731584K) From: 125298K(125440K)->124864K(171008K)
[3905.931s][info ][gc,heap        ] GC(204) ParOldGen: 481927K(653312K)->482007K(653312K)
[3905.931s][info ][gc,metaspace   ] GC(204) Metaspace: 83339K(84416K)->83339K(84416K) NonClass: 71686K(72256K)->71686K(72256K) Class: 11652K(12160K)->11652K(12160K)
[3905.931s][info ][gc             ] GC(204) Pause Young (Allocation Failure) 2335M->592M(2496M) 37.316ms
[3905.931s][info ][gc,cpu         ] GC(204) User=0.13s Sys=0.00s Real=0.03s
[3905.931s][info ][safepoint      ] Safepoint "ParallelGCFailedAllocation", Time since last: 413644945 ns, Reaching safepoint: 132503 ns, At safepoint: 37406699 ns, Total: 37539202 ns
[3909.931s][info ][safepoint      ] Safepoint "Cleanup", Time since last: 4000296172 ns, Reaching safepoint: 42001 ns, At safepoint: 4000 ns, Total: 46001 ns
[3915.932s][info ][safepoint      ] Safepoint "Cleanup", Time since last: 6000430479 ns, Reaching safepoint: 43901 ns, At safepoint: 7900 ns, Total: 51801 ns
[3917.429s][info ][gc,start       ] GC(205) Pause Young (Allocation Failure)
[3917.475s][debug][gc,phases      ] GC(205) Scavenge 46.172ms
[3917.475s][debug][gc,ref         ] GC(205) Skipped phase 1 of Reference Processing: no references
[3917.475s][debug][gc,ref         ] GC(205) ReferenceProcessor::execute queues: 1, RefProcThreadModel::Single, marks_oops_alive: false
[3917.475s][debug][gc,ref         ] GC(205) Skipped phase 3 of Reference Processing: no references
[3917.475s][debug][gc,ref         ] GC(205) ReferenceProcessor::execute queues: 1, RefProcThreadModel::Single, marks_oops_alive: false
[3917.475s][debug][gc,phases      ] GC(205) Reference Processing 0.123ms
[3917.475s][debug][gc,phases      ] GC(205)   VM Weak                        Min:  0.0, Avg:  0.0, Max:  0.0, Diff:  0.0, Sum:  0.0, Workers: 4
[3917.475s][debug][gc,phases      ] GC(205)     Dead                           Min: 0, Avg:  0.0, Max: 0, Diff: 0, Sum: 0, Workers: 4
[3917.475s][debug][gc,phases      ] GC(205)     Total                          Min: 0, Avg: 193.8, Max: 456, Diff: 456, Sum: 775, Workers: 4
[3917.475s][debug][gc,phases      ] GC(205)   ObjectSynchronizer Weak        Min:  0.0, Avg:  0.0, Max:  0.0, Diff:  0.0, Sum:  0.0, Workers: 4
[3917.475s][debug][gc,phases      ] GC(205)     Dead                           Min: 0, Avg:  0.0, Max: 0, Diff: 0, Sum: 0, Workers: 4
[3917.475s][debug][gc,phases      ] GC(205)     Total                          Min: 0, Avg:  8.5, Max: 34, Diff: 34, Sum: 34, Workers: 4
[3917.475s][debug][gc,phases      ] GC(205)   JVMTI Tag Weak OopStorage      Min:  0.0, Avg:  0.0, Max:  0.0, Diff:  0.0, Sum:  0.0, Workers: 4
[3917.475s][debug][gc,phases      ] GC(205)     Dead                           Min: 0, Avg:  0.0, Max: 0, Diff: 0, Sum: 0, Workers: 4
[3917.475s][debug][gc,phases      ] GC(205)     Total                          Min: 0, Avg:  0.0, Max: 0, Diff: 0, Sum: 0, Workers: 4
[3917.475s][debug][gc,phases      ] GC(205)   StringTable Weak               Min:  0.0, Avg:  0.1, Max:  0.2, Diff:  0.2, Sum:  0.5, Workers: 4
[3917.475s][debug][gc,phases      ] GC(205)     Dead                           Min: 0, Avg:  0.0, Max: 0, Diff: 0, Sum: 0, Workers: 4
[3917.475s][debug][gc,phases      ] GC(205)     Total                          Min: 0, Avg: 10921.0, Max: 15486, Diff: 15486, Sum: 43684, Workers: 4
[3917.475s][debug][gc,phases      ] GC(205)   ResolvedMethodTable Weak       Min:  0.0, Avg:  0.0, Max:  0.0, Diff:  0.0, Sum:  0.1, Workers: 4
[3917.475s][debug][gc,phases      ] GC(205)     Dead                           Min: 0, Avg:  0.0, Max: 0, Diff: 0, Sum: 0, Workers: 4
[3917.475s][debug][gc,phases      ] GC(205)     Total                          Min: 0, Avg: 2419.0, Max: 3328, Diff: 3328, Sum: 9676, Workers: 4
[3917.475s][debug][gc,phases      ] GC(205)   JNI Weak                       Min:  0.0, Avg:  0.0, Max:  0.0, Diff:  0.0, Sum:  0.0, Workers: 4
[3917.475s][debug][gc,phases      ] GC(205)     Dead                           Min: 0, Avg:  0.0, Max: 0, Diff: 0, Sum: 0, Workers: 4
[3917.475s][debug][gc,phases      ] GC(205)     Total                          Min: 0, Avg: 11.2, Max: 45, Diff: 45, Sum: 45, Workers: 4
[3917.475s][debug][gc,phases      ] GC(205)   StringDedup Table Weak         Min:  0.0, Avg:  0.0, Max:  0.0, Diff:  0.0, Sum:  0.0, Workers: 4
[3917.475s][debug][gc,phases      ] GC(205)     Dead                           Min: 0, Avg:  0.0, Max: 0, Diff: 0, Sum: 0, Workers: 4
[3917.475s][debug][gc,phases      ] GC(205)     Total                          Min: 0, Avg:  0.0, Max: 0, Diff: 0, Sum: 0, Workers: 4
[3917.476s][debug][gc,phases      ] GC(205)   StringDedup Requests0 Weak     Min:  0.0, Avg:  0.0, Max:  0.0, Diff:  0.0, Sum:  0.0, Workers: 4
[3917.476s][debug][gc,phases      ] GC(205)     Dead                           Min: 0, Avg:  0.0, Max: 0, Diff: 0, Sum: 0, Workers: 4
[3917.476s][debug][gc,phases      ] GC(205)     Total                          Min: 0, Avg:  0.0, Max: 0, Diff: 0, Sum: 0, Workers: 4
[3917.476s][debug][gc,phases      ] GC(205)   StringDedup Requests1 Weak     Min:  0.0, Avg:  0.0, Max:  0.0, Diff:  0.0, Sum:  0.0, Workers: 4
[3917.476s][debug][gc,phases      ] GC(205)     Dead                           Min: 0, Avg:  0.0, Max: 0, Diff: 0, Sum: 0, Workers: 4
[3917.476s][debug][gc,phases      ] GC(205)     Total                          Min: 0, Avg:  0.0, Max: 0, Diff: 0, Sum: 0, Workers: 4
[3917.476s][debug][gc,phases      ] GC(205)   Weak JFR Old Object Samples    Min:  0.0, Avg:  0.0, Max:  0.0, Diff:  0.0, Sum:  0.0, Workers: 4
[3917.476s][debug][gc,phases      ] GC(205)     Dead                           Min: 0, Avg:  0.0, Max: 0, Diff: 0, Sum: 0, Workers: 4
[3917.476s][debug][gc,phases      ] GC(205)     Total                          Min: 0, Avg:  0.0, Max: 0, Diff: 0, Sum: 0, Workers: 4
[3917.476s][debug][gc,phases      ] GC(205) Weak Processing 0.387ms
[3917.476s][debug][gc,age         ] GC(205) Desired survivor size 200278016 bytes, new threshold 15 (max threshold 15)
[3917.476s][info ][gc,heap        ] GC(205) PSYoungGen: 1856448K(1902592K)->136144K(1867776K) Eden: 1731584K(1731584K)->0K(1731584K) From: 124864K(171008K)->136144K(136192K)
[3917.476s][info ][gc,heap        ] GC(205) ParOldGen: 482007K(653312K)->482071K(653312K)
[3917.476s][info ][gc,metaspace   ] GC(205) Metaspace: 83345K(84480K)->83345K(84480K) NonClass: 71692K(72320K)->71692K(72320K) Class: 11652K(12160K)->11652K(12160K)
[3917.476s][info ][gc             ] GC(205) Pause Young (Allocation Failure) 2283M->603M(2462M) 46.851ms
[3917.476s][info ][gc,cpu         ] GC(205) User=0.13s Sys=0.00s Real=0.05s
[3917.476s][info ][safepoint      ] Safepoint "ParallelGCFailedAllocation", Time since last: 1497044465 ns, Reaching safepoint: 122202 ns, At safepoint: 46938028 ns, Total: 47060230 ns
[3925.476s][info ][safepoint      ] Safepoint "Cleanup", Time since last: 8000531132 ns, Reaching safepoint: 49701 ns, At safepoint: 4000 ns, Total: 53701 ns
[3932.891s][info ][gc,start       ] GC(206) Pause Young (Allocation Failure)
[3932.940s][debug][gc,phases      ] GC(206) Scavenge 48.918ms
[3932.940s][debug][gc,ref         ] GC(206) Skipped phase 1 of Reference Processing: no references
[3932.940s][debug][gc,ref         ] GC(206) ReferenceProcessor::execute queues: 1, RefProcThreadModel::Single, marks_oops_alive: false
[3932.940s][debug][gc,ref         ] GC(206) Skipped phase 3 of Reference Processing: no references
[3932.940s][debug][gc,ref         ] GC(206) ReferenceProcessor::execute queues: 1, RefProcThreadModel::Single, marks_oops_alive: false
[3932.940s][debug][gc,phases      ] GC(206) Reference Processing 0.116ms
[3932.941s][debug][gc,phases      ] GC(206)   VM Weak                        Min:  0.0, Avg:  0.0, Max:  0.0, Diff:  0.0, Sum:  0.0, Workers: 4
[3932.941s][debug][gc,phases      ] GC(206)     Dead                           Min: 0, Avg:  0.0, Max: 0, Diff: 0, Sum: 0, Workers: 4
[3932.941s][debug][gc,phases      ] GC(206)     Total                          Min: 0, Avg: 193.8, Max: 424, Diff: 424, Sum: 775, Workers: 4
[3932.941s][debug][gc,phases      ] GC(206)   ObjectSynchronizer Weak        Min:  0.0, Avg:  0.0, Max:  0.0, Diff:  0.0, Sum:  0.0, Workers: 4
[3932.941s][debug][gc,phases      ] GC(206)     Dead                           Min: 0, Avg:  0.0, Max: 0, Diff: 0, Sum: 0, Workers: 4
[3932.941s][debug][gc,phases      ] GC(206)     Total                          Min: 0, Avg:  8.5, Max: 34, Diff: 34, Sum: 34, Workers: 4
[3932.941s][debug][gc,phases      ] GC(206)   JVMTI Tag Weak OopStorage      Min:  0.0, Avg:  0.0, Max:  0.0, Diff:  0.0, Sum:  0.0, Workers: 4
[3932.941s][debug][gc,phases      ] GC(206)     Dead                           Min: 0, Avg:  0.0, Max: 0, Diff: 0, Sum: 0, Workers: 4
[3932.941s][debug][gc,phases      ] GC(206)     Total                          Min: 0, Avg:  0.0, Max: 0, Diff: 0, Sum: 0, Workers: 4
[3932.941s][debug][gc,phases      ] GC(206)   StringTable Weak               Min:  0.0, Avg:  0.1, Max:  0.2, Diff:  0.2, Sum:  0.4, Workers: 4
[3932.941s][debug][gc,phases      ] GC(206)     Dead                           Min: 0, Avg:  0.0, Max: 0, Diff: 0, Sum: 0, Workers: 4
[3932.941s][debug][gc,phases      ] GC(206)     Total                          Min: 0, Avg: 10921.0, Max: 23102, Diff: 23102, Sum: 43684, Workers: 4
[3932.941s][debug][gc,phases      ] GC(206)   ResolvedMethodTable Weak       Min:  0.0, Avg:  0.0, Max:  0.0, Diff:  0.0, Sum:  0.1, Workers: 4
[3932.941s][debug][gc,phases      ] GC(206)     Dead                           Min: 0, Avg:  0.0, Max: 0, Diff: 0, Sum: 0, Workers: 4
[3932.941s][debug][gc,phases      ] GC(206)     Total                          Min: 0, Avg: 2419.0, Max: 5184, Diff: 5184, Sum: 9676, Workers: 4
[3932.941s][debug][gc,phases      ] GC(206)   JNI Weak                       Min:  0.0, Avg:  0.0, Max:  0.0, Diff:  0.0, Sum:  0.0, Workers: 4
[3932.941s][debug][gc,phases      ] GC(206)     Dead                           Min: 0, Avg:  0.0, Max: 0, Diff: 0, Sum: 0, Workers: 4
[3932.941s][debug][gc,phases      ] GC(206)     Total                          Min: 0, Avg: 11.2, Max: 45, Diff: 45, Sum: 45, Workers: 4
[3932.941s][debug][gc,phases      ] GC(206)   StringDedup Table Weak         Min:  0.0, Avg:  0.0, Max:  0.0, Diff:  0.0, Sum:  0.0, Workers: 4
[3932.941s][debug][gc,phases      ] GC(206)     Dead                           Min: 0, Avg:  0.0, Max: 0, Diff: 0, Sum: 0, Workers: 4
[3932.941s][debug][gc,phases      ] GC(206)     Total                          Min: 0, Avg:  0.0, Max: 0, Diff: 0, Sum: 0, Workers: 4
[3932.941s][debug][gc,phases      ] GC(206)   StringDedup Requests0 Weak     Min:  0.0, Avg:  0.0, Max:  0.0, Diff:  0.0, Sum:  0.0, Workers: 4
[3932.941s][debug][gc,phases      ] GC(206)     Dead                           Min: 0, Avg:  0.0, Max: 0, Diff: 0, Sum: 0, Workers: 4
[3932.941s][debug][gc,phases      ] GC(206)     Total                          Min: 0, Avg:  0.0, Max: 0, Diff: 0, Sum: 0, Workers: 4
[3932.941s][debug][gc,phases      ] GC(206)   StringDedup Requests1 Weak     Min:  0.0, Avg:  0.0, Max:  0.0, Diff:  0.0, Sum:  0.0, Workers: 4
[3932.941s][debug][gc,phases      ] GC(206)     Dead                           Min: 0, Avg:  0.0, Max: 0, Diff: 0, Sum: 0, Workers: 4
[3932.941s][debug][gc,phases      ] GC(206)     Total                          Min: 0, Avg:  0.0, Max: 0, Diff: 0, Sum: 0, Workers: 4
[3932.941s][debug][gc,phases      ] GC(206)   Weak JFR Old Object Samples    Min:  0.0, Avg:  0.0, Max:  0.0, Diff:  0.0, Sum:  0.0, Workers: 4
[3932.941s][debug][gc,phases      ] GC(206)     Dead                           Min: 0, Avg:  0.0, Max: 0, Diff: 0, Sum: 0, Workers: 4
[3932.941s][debug][gc,phases      ] GC(206)     Total                          Min: 0, Avg:  0.0, Max: 0, Diff: 0, Sum: 0, Workers: 4
[3932.941s][debug][gc,phases      ] GC(206) Weak Processing 0.448ms
[3932.941s][debug][gc,age         ] GC(206) Desired survivor size 209715200 bytes, new threshold 15 (max threshold 15)
[3932.941s][info ][gc,heap        ] GC(206) PSYoungGen: 1867728K(1867776K)->134128K(1883136K) Eden: 1731584K(1731584K)->0K(1687552K) From: 136144K(136192K)->134128K(195584K)
[3932.941s][info ][gc,heap        ] GC(206) ParOldGen: 482071K(653312K)->482407K(653312K)
[3932.941s][info ][gc,metaspace   ] GC(206) Metaspace: 83351K(84480K)->83351K(84480K) NonClass: 71698K(72320K)->71698K(72320K) Class: 11652K(12160K)->11652K(12160K)
[3932.941s][info ][gc             ] GC(206) Pause Young (Allocation Failure) 2294M->602M(2477M) 49.624ms
[3932.941s][info ][gc,cpu         ] GC(206) User=0.14s Sys=0.00s Real=0.05s
[3932.941s][info ][safepoint      ] Safepoint "ParallelGCFailedAllocation", Time since last: 7414678137 ns, Reaching safepoint: 109602 ns, At safepoint: 49710197 ns, Total: 49819799 ns
[3934.941s][info ][safepoint      ] Safepoint "Cleanup", Time since last: 2000201243 ns, Reaching safepoint: 134003 ns, At safepoint: 8801 ns, Total: 142804 ns
[3935.941s][info ][safepoint      ] Safepoint "Cleanup", Time since last: 1000122251 ns, Reaching safepoint: 116203 ns, At safepoint: 7700 ns, Total: 123903 ns
[3938.944s][info ][safepoint      ] Safepoint "Cleanup", Time since last: 3002311901 ns, Reaching safepoint: 141304 ns, At safepoint: 37501 ns, Total: 178805 ns
[3940.944s][info ][safepoint      ] Safepoint "Cleanup", Time since last: 2000203535 ns, Reaching safepoint: 148104 ns, At safepoint: 4800 ns, Total: 152904 ns
[3941.944s][info ][safepoint      ] Safepoint "Cleanup", Time since last: 1000122818 ns, Reaching safepoint: 126303 ns, At safepoint: 6700 ns, Total: 133003 ns
[3943.945s][info ][safepoint      ] Safepoint "Cleanup", Time since last: 2000205476 ns, Reaching safepoint: 153004 ns, At safepoint: 10000 ns, Total: 163004 ns
[3944.088s][info ][gc,start       ] GC(207) Pause Young (Allocation Failure)
[3944.180s][debug][gc,phases      ] GC(207) Scavenge 92.535ms
[3944.180s][debug][gc,ref         ] GC(207) Skipped phase 1 of Reference Processing: no references
[3944.180s][debug][gc,ref         ] GC(207) ReferenceProcessor::execute queues: 1, RefProcThreadModel::Single, marks_oops_alive: false
[3944.180s][debug][gc,ref         ] GC(207) Skipped phase 3 of Reference Processing: no references
[3944.180s][debug][gc,ref         ] GC(207) ReferenceProcessor::execute queues: 1, RefProcThreadModel::Single, marks_oops_alive: false
[3944.180s][debug][gc,phases      ] GC(207) Reference Processing 0.151ms
[3944.181s][debug][gc,phases      ] GC(207)   VM Weak                        Min:  0.0, Avg:  0.0, Max:  0.0, Diff:  0.0, Sum:  0.0, Workers: 4
[3944.181s][debug][gc,phases      ] GC(207)     Dead                           Min: 0, Avg:  0.0, Max: 0, Diff: 0, Sum: 0, Workers: 4
[3944.181s][debug][gc,phases      ] GC(207)     Total                          Min: 0, Avg: 193.8, Max: 456, Diff: 456, Sum: 775, Workers: 4
[3944.181s][debug][gc,phases      ] GC(207)   ObjectSynchronizer Weak        Min:  0.0, Avg:  0.0, Max:  0.0, Diff:  0.0, Sum:  0.0, Workers: 4
[3944.181s][debug][gc,phases      ] GC(207)     Dead                           Min: 0, Avg:  0.0, Max: 0, Diff: 0, Sum: 0, Workers: 4
[3944.181s][debug][gc,phases      ] GC(207)     Total                          Min: 0, Avg:  8.5, Max: 34, Diff: 34, Sum: 34, Workers: 4
[3944.181s][debug][gc,phases      ] GC(207)   JVMTI Tag Weak OopStorage      Min:  0.0, Avg:  0.0, Max:  0.0, Diff:  0.0, Sum:  0.0, Workers: 4
[3944.181s][debug][gc,phases      ] GC(207)     Dead                           Min: 0, Avg:  0.0, Max: 0, Diff: 0, Sum: 0, Workers: 4
[3944.181s][debug][gc,phases      ] GC(207)     Total                          Min: 0, Avg:  0.0, Max: 0, Diff: 0, Sum: 0, Workers: 4
[3944.181s][debug][gc,phases      ] GC(207)   StringTable Weak               Min:  0.0, Avg:  0.1, Max:  0.2, Diff:  0.2, Sum:  0.4, Workers: 4
[3944.181s][debug][gc,phases      ] GC(207)     Dead                           Min: 0, Avg:  0.0, Max: 0, Diff: 0, Sum: 0, Workers: 4
[3944.181s][debug][gc,phases      ] GC(207)     Total                          Min: 0, Avg: 10921.0, Max: 20736, Diff: 20736, Sum: 43684, Workers: 4
[3944.181s][debug][gc,phases      ] GC(207)   ResolvedMethodTable Weak       Min:  0.0, Avg:  0.0, Max:  0.0, Diff:  0.0, Sum:  0.1, Workers: 4
[3944.181s][debug][gc,phases      ] GC(207)     Dead                           Min: 0, Avg:  0.0, Max: 0, Diff: 0, Sum: 0, Workers: 4
[3944.181s][debug][gc,phases      ] GC(207)     Total                          Min: 0, Avg: 2419.0, Max: 3392, Diff: 3392, Sum: 9676, Workers: 4
[3944.181s][debug][gc,phases      ] GC(207)   JNI Weak                       Min:  0.0, Avg:  0.0, Max:  0.0, Diff:  0.0, Sum:  0.0, Workers: 4
[3944.181s][debug][gc,phases      ] GC(207)     Dead                           Min: 0, Avg:  0.0, Max: 0, Diff: 0, Sum: 0, Workers: 4
[3944.181s][debug][gc,phases      ] GC(207)     Total                          Min: 0, Avg: 11.2, Max: 45, Diff: 45, Sum: 45, Workers: 4
[3944.181s][debug][gc,phases      ] GC(207)   StringDedup Table Weak         Min:  0.0, Avg:  0.0, Max:  0.0, Diff:  0.0, Sum:  0.0, Workers: 4
[3944.181s][debug][gc,phases      ] GC(207)     Dead                           Min: 0, Avg:  0.0, Max: 0, Diff: 0, Sum: 0, Workers: 4
[3944.181s][debug][gc,phases      ] GC(207)     Total                          Min: 0, Avg:  0.0, Max: 0, Diff: 0, Sum: 0, Workers: 4
[3944.181s][debug][gc,phases      ] GC(207)   StringDedup Requests0 Weak     Min:  0.0, Avg:  0.0, Max:  0.0, Diff:  0.0, Sum:  0.0, Workers: 4
[3944.181s][debug][gc,phases      ] GC(207)     Dead                           Min: 0, Avg:  0.0, Max: 0, Diff: 0, Sum: 0, Workers: 4
[3944.181s][debug][gc,phases      ] GC(207)     Total                          Min: 0, Avg:  0.0, Max: 0, Diff: 0, Sum: 0, Workers: 4
[3944.181s][debug][gc,phases      ] GC(207)   StringDedup Requests1 Weak     Min:  0.0, Avg:  0.0, Max:  0.0, Diff:  0.0, Sum:  0.0, Workers: 4
[3944.181s][debug][gc,phases      ] GC(207)     Dead                           Min: 0, Avg:  0.0, Max: 0, Diff: 0, Sum: 0, Workers: 4
[3944.181s][debug][gc,phases      ] GC(207)     Total                          Min: 0, Avg:  0.0, Max: 0, Diff: 0, Sum: 0, Workers: 4
[3944.181s][debug][gc,phases      ] GC(207)   Weak JFR Old Object Samples    Min:  0.0, Avg:  0.0, Max:  0.0, Diff:  0.0, Sum:  0.0, Workers: 4
[3944.181s][debug][gc,phases      ] GC(207)     Dead                           Min: 0, Avg:  0.0, Max: 0, Diff: 0, Sum: 0, Workers: 4
[3944.181s][debug][gc,phases      ] GC(207)     Total                          Min: 0, Avg:  0.0, Max: 0, Diff: 0, Sum: 0, Workers: 4
[3944.181s][debug][gc,phases      ] GC(207) Weak Processing 0.455ms
[3944.181s][debug][gc,age         ] GC(207) Desired survivor size 222298112 bytes, new threshold 15 (max threshold 15)
[3944.181s][info ][gc,heap        ] GC(207) PSYoungGen: 1821680K(1883136K)->148608K(1836544K) Eden: 1687552K(1687552K)->0K(1687552K) From: 134128K(195584K)->148608K(148992K)
[3944.181s][info ][gc,heap        ] GC(207) ParOldGen: 482407K(653312K)->490748K(653312K)
[3944.181s][info ][gc,metaspace   ] GC(207) Metaspace: 83355K(84480K)->83355K(84480K) NonClass: 71702K(72320K)->71702K(72320K) Class: 11652K(12160K)->11652K(12160K)
[3944.181s][info ][gc             ] GC(207) Pause Young (Allocation Failure) 2250M->624M(2431M) 93.305ms
[3944.181s][info ][gc,cpu         ] GC(207) User=0.17s Sys=0.00s Real=0.09s
[3944.181s][info ][safepoint      ] Safepoint "ParallelGCFailedAllocation", Time since last: 142668310 ns, Reaching safepoint: 109403 ns, At safepoint: 93399032 ns, Total: 93508435 ns
[3952.182s][info ][safepoint      ] Safepoint "Cleanup", Time since last: 8000528433 ns, Reaching safepoint: 49101 ns, At safepoint: 3400 ns, Total: 52501 ns
[3958.182s][info ][safepoint      ] Safepoint "Cleanup", Time since last: 6000427148 ns, Reaching safepoint: 54001 ns, At safepoint: 6500 ns, Total: 60501 ns
[3959.348s][info ][gc,start       ] GC(208) Pause Young (Allocation Failure)
[3959.415s][debug][gc,phases      ] GC(208) Scavenge 67.573ms
[3959.415s][debug][gc,ref         ] GC(208) Skipped phase 1 of Reference Processing: no references
[3959.415s][debug][gc,ref         ] GC(208) ReferenceProcessor::execute queues: 1, RefProcThreadModel::Single, marks_oops_alive: false
[3959.415s][debug][gc,ref         ] GC(208) Skipped phase 3 of Reference Processing: no references
[3959.415s][debug][gc,ref         ] GC(208) ReferenceProcessor::execute queues: 1, RefProcThreadModel::Single, marks_oops_alive: false
[3959.415s][debug][gc,phases      ] GC(208) Reference Processing 0.119ms
[3959.416s][debug][gc,phases      ] GC(208)   VM Weak                        Min:  0.0, Avg:  0.0, Max:  0.0, Diff:  0.0, Sum:  0.0, Workers: 4
[3959.416s][debug][gc,phases      ] GC(208)     Dead                           Min: 0, Avg:  0.0, Max: 0, Diff: 0, Sum: 0, Workers: 4
[3959.416s][debug][gc,phases      ] GC(208)     Total                          Min: 0, Avg: 193.8, Max: 410, Diff: 410, Sum: 775, Workers: 4
[3959.416s][debug][gc,phases      ] GC(208)   ObjectSynchronizer Weak        Min:  0.0, Avg:  0.0, Max:  0.0, Diff:  0.0, Sum:  0.0, Workers: 4
[3959.416s][debug][gc,phases      ] GC(208)     Dead                           Min: 0, Avg:  0.0, Max: 0, Diff: 0, Sum: 0, Workers: 4
[3959.416s][debug][gc,phases      ] GC(208)     Total                          Min: 0, Avg:  8.5, Max: 34, Diff: 34, Sum: 34, Workers: 4
[3959.416s][debug][gc,phases      ] GC(208)   JVMTI Tag Weak OopStorage      Min:  0.0, Avg:  0.0, Max:  0.0, Diff:  0.0, Sum:  0.0, Workers: 4
[3959.416s][debug][gc,phases      ] GC(208)     Dead                           Min: 0, Avg:  0.0, Max: 0, Diff: 0, Sum: 0, Workers: 4
[3959.416s][debug][gc,phases      ] GC(208)     Total                          Min: 0, Avg:  0.0, Max: 0, Diff: 0, Sum: 0, Workers: 4
[3959.416s][debug][gc,phases      ] GC(208)   StringTable Weak               Min:  0.0, Avg:  0.1, Max:  0.2, Diff:  0.2, Sum:  0.5, Workers: 4
[3959.416s][debug][gc,phases      ] GC(208)     Dead                           Min: 0, Avg:  0.0, Max: 0, Diff: 0, Sum: 0, Workers: 4
[3959.416s][debug][gc,phases      ] GC(208)     Total                          Min: 0, Avg: 10921.0, Max: 15550, Diff: 15550, Sum: 43684, Workers: 4
[3959.416s][debug][gc,phases      ] GC(208)   ResolvedMethodTable Weak       Min:  0.0, Avg:  0.0, Max:  0.0, Diff:  0.0, Sum:  0.1, Workers: 4
[3959.416s][debug][gc,phases      ] GC(208)     Dead                           Min: 0, Avg:  0.0, Max: 0, Diff: 0, Sum: 0, Workers: 4
[3959.416s][debug][gc,phases      ] GC(208)     Total                          Min: 0, Avg: 2419.0, Max: 3340, Diff: 3340, Sum: 9676, Workers: 4
[3959.416s][debug][gc,phases      ] GC(208)   JNI Weak                       Min:  0.0, Avg:  0.0, Max:  0.0, Diff:  0.0, Sum:  0.0, Workers: 4
[3959.416s][debug][gc,phases      ] GC(208)     Dead                           Min: 0, Avg:  0.0, Max: 0, Diff: 0, Sum: 0, Workers: 4
[3959.416s][debug][gc,phases      ] GC(208)     Total                          Min: 0, Avg: 11.2, Max: 45, Diff: 45, Sum: 45, Workers: 4
[3959.416s][debug][gc,phases      ] GC(208)   StringDedup Table Weak         Min:  0.0, Avg:  0.0, Max:  0.0, Diff:  0.0, Sum:  0.0, Workers: 4
[3959.416s][debug][gc,phases      ] GC(208)     Dead                           Min: 0, Avg:  0.0, Max: 0, Diff: 0, Sum: 0, Workers: 4
[3959.416s][debug][gc,phases      ] GC(208)     Total                          Min: 0, Avg:  0.0, Max: 0, Diff: 0, Sum: 0, Workers: 4
[3959.416s][debug][gc,phases      ] GC(208)   StringDedup Requests0 Weak     Min:  0.0, Avg:  0.0, Max:  0.0, Diff:  0.0, Sum:  0.0, Workers: 4
[3959.416s][debug][gc,phases      ] GC(208)     Dead                           Min: 0, Avg:  0.0, Max: 0, Diff: 0, Sum: 0, Workers: 4
[3959.416s][debug][gc,phases      ] GC(208)     Total                          Min: 0, Avg:  0.0, Max: 0, Diff: 0, Sum: 0, Workers: 4
[3959.416s][debug][gc,phases      ] GC(208)   StringDedup Requests1 Weak     Min:  0.0, Avg:  0.0, Max:  0.0, Diff:  0.0, Sum:  0.0, Workers: 4
[3959.416s][debug][gc,phases      ] GC(208)     Dead                           Min: 0, Avg:  0.0, Max: 0, Diff: 0, Sum: 0, Workers: 4
[3959.416s][debug][gc,phases      ] GC(208)     Total                          Min: 0, Avg:  0.0, Max: 0, Diff: 0, Sum: 0, Workers: 4
[3959.416s][debug][gc,phases      ] GC(208)   Weak JFR Old Object Samples    Min:  0.0, Avg:  0.0, Max:  0.0, Diff:  0.0, Sum:  0.0, Workers: 4
[3959.416s][debug][gc,phases      ] GC(208)     Dead                           Min: 0, Avg:  0.0, Max: 0, Diff: 0, Sum: 0, Workers: 4
[3959.416s][debug][gc,phases      ] GC(208)     Total                          Min: 0, Avg:  0.0, Max: 0, Diff: 0, Sum: 0, Workers: 4
[3959.416s][debug][gc,phases      ] GC(208) Weak Processing 0.408ms
[3959.416s][debug][gc,age         ] GC(208) Desired survivor size 232783872 bytes, new threshold 15 (max threshold 15)
[3959.416s][info ][gc,heap        ] GC(208) PSYoungGen: 1836160K(1836544K)->150912K(1859584K) Eden: 1687552K(1687552K)->0K(1642496K) From: 148608K(148992K)->150912K(217088K)
[3959.416s][info ][gc,heap        ] GC(208) ParOldGen: 490748K(653312K)->503636K(653312K)
[3959.416s][info ][gc,metaspace   ] GC(208) Metaspace: 83357K(84480K)->83357K(84480K) NonClass: 71704K(72320K)->71704K(72320K) Class: 11652K(12160K)->11652K(12160K)
[3959.416s][info ][gc             ] GC(208) Pause Young (Allocation Failure) 2272M->639M(2454M) 68.256ms
[3959.416s][info ][gc,cpu         ] GC(208) User=0.17s Sys=0.00s Real=0.07s
[3959.416s][info ][safepoint      ] Safepoint "ParallelGCFailedAllocation", Time since last: 1165426461 ns, Reaching safepoint: 116803 ns, At safepoint: 68339534 ns, Total: 68456337 ns
[3961.416s][info ][safepoint      ] Safepoint "Cleanup", Time since last: 2000164233 ns, Reaching safepoint: 61801 ns, At safepoint: 3801 ns, Total: 65602 ns
[3965.900s][info ][safepoint      ] Safepoint "Cleanup", Time since last: 4483438737 ns, Reaching safepoint: 165903 ns, At safepoint: 6001 ns, Total: 171904 ns
[3968.900s][info ][safepoint      ] Safepoint "Cleanup", Time since last: 3000247897 ns, Reaching safepoint: 110603 ns, At safepoint: 6000 ns, Total: 116603 ns
[3971.901s][info ][safepoint      ] Safepoint "Cleanup", Time since last: 3000280668 ns, Reaching safepoint: 115203 ns, At safepoint: 6000 ns, Total: 121203 ns
[3972.901s][info ][safepoint      ] Safepoint "Cleanup", Time since last: 1000119457 ns, Reaching safepoint: 132003 ns, At safepoint: 6500 ns, Total: 138503 ns
[3973.142s][info ][gc,start       ] GC(209) Pause Young (Allocation Failure)
[3973.185s][debug][gc,phases      ] GC(209) Scavenge 42.424ms
[3973.185s][debug][gc,ref         ] GC(209) Skipped phase 1 of Reference Processing: no references
[3973.185s][debug][gc,ref         ] GC(209) ReferenceProcessor::execute queues: 1, RefProcThreadModel::Single, marks_oops_alive: false
[3973.185s][debug][gc,ref         ] GC(209) Skipped phase 3 of Reference Processing: no references
[3973.185s][debug][gc,ref         ] GC(209) ReferenceProcessor::execute queues: 1, RefProcThreadModel::Single, marks_oops_alive: false
[3973.185s][debug][gc,phases      ] GC(209) Reference Processing 0.134ms
[3973.185s][debug][gc,phases      ] GC(209)   VM Weak                        Min:  0.0, Avg:  0.0, Max:  0.0, Diff:  0.0, Sum:  0.0, Workers: 4
[3973.185s][debug][gc,phases      ] GC(209)     Dead                           Min: 0, Avg:  0.0, Max: 0, Diff: 0, Sum: 0, Workers: 4
[3973.185s][debug][gc,phases      ] GC(209)     Total                          Min: 0, Avg: 193.8, Max: 429, Diff: 429, Sum: 775, Workers: 4
[3973.185s][debug][gc,phases      ] GC(209)   ObjectSynchronizer Weak        Min:  0.0, Avg:  0.0, Max:  0.0, Diff:  0.0, Sum:  0.0, Workers: 4
[3973.185s][debug][gc,phases      ] GC(209)     Dead                           Min: 0, Avg:  0.0, Max: 0, Diff: 0, Sum: 0, Workers: 4
[3973.185s][debug][gc,phases      ] GC(209)     Total                          Min: 0, Avg:  8.5, Max: 34, Diff: 34, Sum: 34, Workers: 4
[3973.185s][debug][gc,phases      ] GC(209)   JVMTI Tag Weak OopStorage      Min:  0.0, Avg:  0.0, Max:  0.0, Diff:  0.0, Sum:  0.0, Workers: 4
[3973.185s][debug][gc,phases      ] GC(209)     Dead                           Min: 0, Avg:  0.0, Max: 0, Diff: 0, Sum: 0, Workers: 4
[3973.185s][debug][gc,phases      ] GC(209)     Total                          Min: 0, Avg:  0.0, Max: 0, Diff: 0, Sum: 0, Workers: 4
[3973.185s][debug][gc,phases      ] GC(209)   StringTable Weak               Min:  0.0, Avg:  0.1, Max:  0.1, Diff:  0.1, Sum:  0.4, Workers: 4
[3973.185s][debug][gc,phases      ] GC(209)     Dead                           Min: 0, Avg:  0.0, Max: 0, Diff: 0, Sum: 0, Workers: 4
[3973.185s][debug][gc,phases      ] GC(209)     Total                          Min: 0, Avg: 10921.0, Max: 15526, Diff: 15526, Sum: 43684, Workers: 4
[3973.185s][debug][gc,phases      ] GC(209)   ResolvedMethodTable Weak       Min:  0.0, Avg:  0.0, Max:  0.0, Diff:  0.0, Sum:  0.1, Workers: 4
[3973.185s][debug][gc,phases      ] GC(209)     Dead                           Min: 0, Avg:  0.0, Max: 0, Diff: 0, Sum: 0, Workers: 4
[3973.185s][debug][gc,phases      ] GC(209)     Total                          Min: 0, Avg: 2419.0, Max: 3340, Diff: 3340, Sum: 9676, Workers: 4
[3973.185s][debug][gc,phases      ] GC(209)   JNI Weak                       Min:  0.0, Avg:  0.0, Max:  0.0, Diff:  0.0, Sum:  0.0, Workers: 4
[3973.185s][debug][gc,phases      ] GC(209)     Dead                           Min: 0, Avg:  0.0, Max: 0, Diff: 0, Sum: 0, Workers: 4
[3973.185s][debug][gc,phases      ] GC(209)     Total                          Min: 0, Avg: 11.2, Max: 45, Diff: 45, Sum: 45, Workers: 4
[3973.185s][debug][gc,phases      ] GC(209)   StringDedup Table Weak         Min:  0.0, Avg:  0.0, Max:  0.0, Diff:  0.0, Sum:  0.0, Workers: 4
[3973.185s][debug][gc,phases      ] GC(209)     Dead                           Min: 0, Avg:  0.0, Max: 0, Diff: 0, Sum: 0, Workers: 4
[3973.185s][debug][gc,phases      ] GC(209)     Total                          Min: 0, Avg:  0.0, Max: 0, Diff: 0, Sum: 0, Workers: 4
[3973.185s][debug][gc,phases      ] GC(209)   StringDedup Requests0 Weak     Min:  0.0, Avg:  0.0, Max:  0.0, Diff:  0.0, Sum:  0.0, Workers: 4
[3973.185s][debug][gc,phases      ] GC(209)     Dead                           Min: 0, Avg:  0.0, Max: 0, Diff: 0, Sum: 0, Workers: 4
[3973.185s][debug][gc,phases      ] GC(209)     Total                          Min: 0, Avg:  0.0, Max: 0, Diff: 0, Sum: 0, Workers: 4
[3973.185s][debug][gc,phases      ] GC(209)   StringDedup Requests1 Weak     Min:  0.0, Avg:  0.0, Max:  0.0, Diff:  0.0, Sum:  0.0, Workers: 4
[3973.185s][debug][gc,phases      ] GC(209)     Dead                           Min: 0, Avg:  0.0, Max: 0, Diff: 0, Sum: 0, Workers: 4
[3973.185s][debug][gc,phases      ] GC(209)     Total                          Min: 0, Avg:  0.0, Max: 0, Diff: 0, Sum: 0, Workers: 4
[3973.185s][debug][gc,phases      ] GC(209)   Weak JFR Old Object Samples    Min:  0.0, Avg:  0.0, Max:  0.0, Diff:  0.0, Sum:  0.0, Workers: 4
[3973.185s][debug][gc,phases      ] GC(209)     Dead                           Min: 0, Avg:  0.0, Max: 0, Diff: 0, Sum: 0, Workers: 4
[3973.185s][debug][gc,phases      ] GC(209)     Total                          Min: 0, Avg:  0.0, Max: 0, Diff: 0, Sum: 0, Workers: 4
[3973.185s][debug][gc,phases      ] GC(209) Weak Processing 0.397ms
[3973.185s][debug][gc,age         ] GC(209) Desired survivor size 238551040 bytes, new threshold 15 (max threshold 15)
[3973.185s][info ][gc,heap        ] GC(209) PSYoungGen: 1793408K(1859584K)->147456K(1790464K) Eden: 1642496K(1642496K)->0K(1642496K) From: 150912K(217088K)->147456K(147968K)
[3973.185s][info ][gc,heap        ] GC(209) ParOldGen: 503636K(653312K)->504040K(653312K)
[3973.185s][info ][gc,metaspace   ] GC(209) Metaspace: 83359K(84480K)->83359K(84480K) NonClass: 71706K(72320K)->71706K(72320K) Class: 11652K(12160K)->11652K(12160K)
[3973.185s][info ][gc             ] GC(209) Pause Young (Allocation Failure) 2243M->636M(2386M) 43.097ms
[3973.185s][info ][gc,cpu         ] GC(209) User=0.14s Sys=0.00s Real=0.05s
[3973.185s][info ][safepoint      ] Safepoint "ParallelGCFailedAllocation", Time since last: 241317857 ns, Reaching safepoint: 120403 ns, At safepoint: 43185630 ns, Total: 43306033 ns
[3974.186s][info ][safepoint      ] Safepoint "Cleanup", Time since last: 1000091256 ns, Reaching safepoint: 118403 ns, At safepoint: 6300 ns, Total: 124703 ns
[3977.186s][info ][safepoint      ] Safepoint "Cleanup", Time since last: 3000254888 ns, Reaching safepoint: 56101 ns, At safepoint: 2900 ns, Total: 59001 ns
[3978.186s][info ][safepoint      ] Safepoint "Cleanup", Time since last: 1000122855 ns, Reaching safepoint: 120402 ns, At safepoint: 5601 ns, Total: 126003 ns
[3979.187s][info ][safepoint      ] Safepoint "Cleanup", Time since last: 1000118154 ns, Reaching safepoint: 175604 ns, At safepoint: 6300 ns, Total: 181904 ns
[3983.187s][info ][safepoint      ] Safepoint "Cleanup", Time since last: 4000342514 ns, Reaching safepoint: 126503 ns, At safepoint: 7300 ns, Total: 133803 ns
[3985.187s][info ][safepoint      ] Safepoint "Cleanup", Time since last: 2000195948 ns, Reaching safepoint: 122603 ns, At safepoint: 32901 ns, Total: 155504 ns
[3985.937s][info ][gc,start       ] GC(210) Pause Young (Allocation Failure)
[3986.015s][debug][gc,phases      ] GC(210) Scavenge 78.016ms
[3986.015s][debug][gc,ref         ] GC(210) Skipped phase 1 of Reference Processing: no references
[3986.015s][debug][gc,ref         ] GC(210) ReferenceProcessor::execute queues: 1, RefProcThreadModel::Single, marks_oops_alive: false
[3986.015s][debug][gc,ref         ] GC(210) Skipped phase 3 of Reference Processing: no references
[3986.015s][debug][gc,ref         ] GC(210) ReferenceProcessor::execute queues: 1, RefProcThreadModel::Single, marks_oops_alive: false
[3986.015s][debug][gc,phases      ] GC(210) Reference Processing 0.163ms
[3986.015s][debug][gc,phases      ] GC(210)   VM Weak                        Min:  0.0, Avg:  0.0, Max:  0.0, Diff:  0.0, Sum:  0.0, Workers: 4
[3986.015s][debug][gc,phases      ] GC(210)     Dead                           Min: 0, Avg:  0.0, Max: 0, Diff: 0, Sum: 0, Workers: 4
[3986.015s][debug][gc,phases      ] GC(210)     Total                          Min: 0, Avg: 193.8, Max: 333, Diff: 333, Sum: 775, Workers: 4
[3986.015s][debug][gc,phases      ] GC(210)   ObjectSynchronizer Weak        Min:  0.0, Avg:  0.0, Max:  0.0, Diff:  0.0, Sum:  0.0, Workers: 4
[3986.015s][debug][gc,phases      ] GC(210)     Dead                           Min: 0, Avg:  0.0, Max: 0, Diff: 0, Sum: 0, Workers: 4
[3986.015s][debug][gc,phases      ] GC(210)     Total                          Min: 0, Avg:  8.5, Max: 34, Diff: 34, Sum: 34, Workers: 4
[3986.015s][debug][gc,phases      ] GC(210)   JVMTI Tag Weak OopStorage      Min:  0.0, Avg:  0.0, Max:  0.0, Diff:  0.0, Sum:  0.0, Workers: 4
[3986.015s][debug][gc,phases      ] GC(210)     Dead                           Min: 0, Avg:  0.0, Max: 0, Diff: 0, Sum: 0, Workers: 4
[3986.015s][debug][gc,phases      ] GC(210)     Total                          Min: 0, Avg:  0.0, Max: 0, Diff: 0, Sum: 0, Workers: 4
[3986.015s][debug][gc,phases      ] GC(210)   StringTable Weak               Min:  0.0, Avg:  0.1, Max:  0.1, Diff:  0.1, Sum:  0.4, Workers: 4
[3986.015s][debug][gc,phases      ] GC(210)     Dead                           Min: 0, Avg:  0.0, Max: 0, Diff: 0, Sum: 0, Workers: 4
[3986.015s][debug][gc,phases      ] GC(210)     Total                          Min: 0, Avg: 10921.2, Max: 15552, Diff: 15552, Sum: 43685, Workers: 4
[3986.015s][debug][gc,phases      ] GC(210)   ResolvedMethodTable Weak       Min:  0.0, Avg:  0.0, Max:  0.0, Diff:  0.0, Sum:  0.1, Workers: 4
[3986.015s][debug][gc,phases      ] GC(210)     Dead                           Min: 0, Avg:  0.0, Max: 0, Diff: 0, Sum: 0, Workers: 4
[3986.015s][debug][gc,phases      ] GC(210)     Total                          Min: 0, Avg: 2419.0, Max: 3456, Diff: 3456, Sum: 9676, Workers: 4
[3986.015s][debug][gc,phases      ] GC(210)   JNI Weak                       Min:  0.0, Avg:  0.0, Max:  0.0, Diff:  0.0, Sum:  0.0, Workers: 4
[3986.015s][debug][gc,phases      ] GC(210)     Dead                           Min: 0, Avg:  0.0, Max: 0, Diff: 0, Sum: 0, Workers: 4
[3986.015s][debug][gc,phases      ] GC(210)     Total                          Min: 0, Avg: 11.2, Max: 45, Diff: 45, Sum: 45, Workers: 4
[3986.015s][debug][gc,phases      ] GC(210)   StringDedup Table Weak         Min:  0.0, Avg:  0.0, Max:  0.0, Diff:  0.0, Sum:  0.0, Workers: 4
[3986.015s][debug][gc,phases      ] GC(210)     Dead                           Min: 0, Avg:  0.0, Max: 0, Diff: 0, Sum: 0, Workers: 4
[3986.015s][debug][gc,phases      ] GC(210)     Total                          Min: 0, Avg:  0.0, Max: 0, Diff: 0, Sum: 0, Workers: 4
[3986.015s][debug][gc,phases      ] GC(210)   StringDedup Requests0 Weak     Min:  0.0, Avg:  0.0, Max:  0.0, Diff:  0.0, Sum:  0.0, Workers: 4
[3986.015s][debug][gc,phases      ] GC(210)     Dead                           Min: 0, Avg:  0.0, Max: 0, Diff: 0, Sum: 0, Workers: 4
[3986.015s][debug][gc,phases      ] GC(210)     Total                          Min: 0, Avg:  0.0, Max: 0, Diff: 0, Sum: 0, Workers: 4
[3986.015s][debug][gc,phases      ] GC(210)   StringDedup Requests1 Weak     Min:  0.0, Avg:  0.0, Max:  0.0, Diff:  0.0, Sum:  0.0, Workers: 4
[3986.015s][debug][gc,phases      ] GC(210)     Dead                           Min: 0, Avg:  0.0, Max: 0, Diff: 0, Sum: 0, Workers: 4
[3986.015s][debug][gc,phases      ] GC(210)     Total                          Min: 0, Avg:  0.0, Max: 0, Diff: 0, Sum: 0, Workers: 4
[3986.015s][debug][gc,phases      ] GC(210)   Weak JFR Old Object Samples    Min:  0.0, Avg:  0.0, Max:  0.0, Diff:  0.0, Sum:  0.0, Workers: 4
[3986.015s][debug][gc,phases      ] GC(210)     Dead                           Min: 0, Avg:  0.0, Max: 0, Diff: 0, Sum: 0, Workers: 4
[3986.015s][debug][gc,phases      ] GC(210)     Total                          Min: 0, Avg:  0.0, Max: 0, Diff: 0, Sum: 0, Workers: 4
[3986.015s][debug][gc,phases      ] GC(210) Weak Processing 0.411ms
[3986.015s][debug][gc,age         ] GC(210) Desired survivor size 258998272 bytes, new threshold 15 (max threshold 15)
[3986.016s][info ][gc,heap        ] GC(210) PSYoungGen: 1789952K(1790464K)->189808K(1824256K) Eden: 1642496K(1642496K)->0K(1591296K) From: 147456K(147968K)->189808K(232960K)
[3986.016s][info ][gc,heap        ] GC(210) ParOldGen: 504040K(653312K)->504620K(653312K)
[3986.016s][info ][gc,metaspace   ] GC(210) Metaspace: 83359K(84480K)->83359K(84480K) NonClass: 71706K(72320K)->71706K(72320K) Class: 11652K(12160K)->11652K(12160K)
[3986.016s][info ][gc             ] GC(210) Pause Young (Allocation Failure) 2240M->678M(2419M) 78.756ms
[3986.016s][info ][gc,cpu         ] GC(210) User=0.22s Sys=0.00s Real=0.08s
[3986.016s][info ][safepoint      ] Safepoint "ParallelGCFailedAllocation", Time since last: 749325868 ns, Reaching safepoint: 101103 ns, At safepoint: 78848969 ns, Total: 78950072 ns
[3987.016s][info ][safepoint      ] Safepoint "Cleanup", Time since last: 1000087015 ns, Reaching safepoint: 98603 ns, At safepoint: 3300 ns, Total: 101903 ns
[3989.016s][info ][safepoint      ] Safepoint "Cleanup", Time since last: 2000184330 ns, Reaching safepoint: 121303 ns, At safepoint: 7600 ns, Total: 128903 ns
[3990.016s][info ][safepoint      ] Safepoint "Cleanup", Time since last: 1000117116 ns, Reaching safepoint: 71101 ns, At safepoint: 3700 ns, Total: 74801 ns
[3990.355s][info ][gc,start       ] GC(211) Pause Young (Allocation Failure)
[3990.410s][debug][gc,phases      ] GC(211) Scavenge 55.581ms
[3990.410s][debug][gc,ref         ] GC(211) Skipped phase 1 of Reference Processing: no references
[3990.410s][debug][gc,ref         ] GC(211) ReferenceProcessor::execute queues: 1, RefProcThreadModel::Single, marks_oops_alive: false
[3990.410s][debug][gc,ref         ] GC(211) Skipped phase 3 of Reference Processing: no references
[3990.410s][debug][gc,ref         ] GC(211) ReferenceProcessor::execute queues: 1, RefProcThreadModel::Single, marks_oops_alive: false
[3990.410s][debug][gc,phases      ] GC(211) Reference Processing 0.126ms
[3990.411s][debug][gc,phases      ] GC(211)   VM Weak                        Min:  0.0, Avg:  0.0, Max:  0.0, Diff:  0.0, Sum:  0.0, Workers: 4
[3990.411s][debug][gc,phases      ] GC(211)     Dead                           Min: 0, Avg:  0.0, Max: 0, Diff: 0, Sum: 0, Workers: 4
[3990.411s][debug][gc,phases      ] GC(211)     Total                          Min: 0, Avg: 193.8, Max: 743, Diff: 743, Sum: 775, Workers: 4
[3990.411s][debug][gc,phases      ] GC(211)   ObjectSynchronizer Weak        Min:  0.0, Avg:  0.0, Max:  0.0, Diff:  0.0, Sum:  0.0, Workers: 4
[3990.411s][debug][gc,phases      ] GC(211)     Dead                           Min: 0, Avg:  0.0, Max: 0, Diff: 0, Sum: 0, Workers: 4
[3990.411s][debug][gc,phases      ] GC(211)     Total                          Min: 0, Avg:  8.5, Max: 34, Diff: 34, Sum: 34, Workers: 4
[3990.411s][debug][gc,phases      ] GC(211)   JVMTI Tag Weak OopStorage      Min:  0.0, Avg:  0.0, Max:  0.0, Diff:  0.0, Sum:  0.0, Workers: 4
[3990.411s][debug][gc,phases      ] GC(211)     Dead                           Min: 0, Avg:  0.0, Max: 0, Diff: 0, Sum: 0, Workers: 4
[3990.411s][debug][gc,phases      ] GC(211)     Total                          Min: 0, Avg:  0.0, Max: 0, Diff: 0, Sum: 0, Workers: 4
[3990.411s][debug][gc,phases      ] GC(211)   StringTable Weak               Min:  0.0, Avg:  0.1, Max:  0.1, Diff:  0.1, Sum:  0.4, Workers: 4
[3990.411s][debug][gc,phases      ] GC(211)     Dead                           Min: 0, Avg:  0.8, Max: 3, Diff: 3, Sum: 3, Workers: 4
[3990.411s][debug][gc,phases      ] GC(211)     Total                          Min: 0, Avg: 10932.8, Max: 16510, Diff: 16510, Sum: 43731, Workers: 4
[3990.411s][debug][gc,phases      ] GC(211)   ResolvedMethodTable Weak       Min:  0.0, Avg:  0.0, Max:  0.0, Diff:  0.0, Sum:  0.1, Workers: 4
[3990.411s][debug][gc,phases      ] GC(211)     Dead                           Min: 0, Avg:  0.0, Max: 0, Diff: 0, Sum: 0, Workers: 4
[3990.411s][debug][gc,phases      ] GC(211)     Total                          Min: 0, Avg: 2420.2, Max: 3665, Diff: 3665, Sum: 9681, Workers: 4
[3990.411s][debug][gc,phases      ] GC(211)   JNI Weak                       Min:  0.0, Avg:  0.0, Max:  0.0, Diff:  0.0, Sum:  0.0, Workers: 4
[3990.411s][debug][gc,phases      ] GC(211)     Dead                           Min: 0, Avg:  0.0, Max: 0, Diff: 0, Sum: 0, Workers: 4
[3990.411s][debug][gc,phases      ] GC(211)     Total                          Min: 0, Avg: 11.2, Max: 45, Diff: 45, Sum: 45, Workers: 4
[3990.411s][debug][gc,phases      ] GC(211)   StringDedup Table Weak         Min:  0.0, Avg:  0.0, Max:  0.0, Diff:  0.0, Sum:  0.0, Workers: 4
[3990.411s][debug][gc,phases      ] GC(211)     Dead                           Min: 0, Avg:  0.0, Max: 0, Diff: 0, Sum: 0, Workers: 4
[3990.411s][debug][gc,phases      ] GC(211)     Total                          Min: 0, Avg:  0.0, Max: 0, Diff: 0, Sum: 0, Workers: 4
[3990.411s][debug][gc,phases      ] GC(211)   StringDedup Requests0 Weak     Min:  0.0, Avg:  0.0, Max:  0.0, Diff:  0.0, Sum:  0.0, Workers: 4
[3990.411s][debug][gc,phases      ] GC(211)     Dead                           Min: 0, Avg:  0.0, Max: 0, Diff: 0, Sum: 0, Workers: 4
[3990.411s][debug][gc,phases      ] GC(211)     Total                          Min: 0, Avg:  0.0, Max: 0, Diff: 0, Sum: 0, Workers: 4
[3990.411s][debug][gc,phases      ] GC(211)   StringDedup Requests1 Weak     Min:  0.0, Avg:  0.0, Max:  0.0, Diff:  0.0, Sum:  0.0, Workers: 4
[3990.411s][debug][gc,phases      ] GC(211)     Dead                           Min: 0, Avg:  0.0, Max: 0, Diff: 0, Sum: 0, Workers: 4
[3990.411s][debug][gc,phases      ] GC(211)     Total                          Min: 0, Avg:  0.0, Max: 0, Diff: 0, Sum: 0, Workers: 4
[3990.411s][debug][gc,phases      ] GC(211)   Weak JFR Old Object Samples    Min:  0.0, Avg:  0.0, Max:  0.0, Diff:  0.0, Sum:  0.0, Workers: 4
[3990.411s][debug][gc,phases      ] GC(211)     Dead                           Min: 0, Avg:  0.0, Max: 0, Diff: 0, Sum: 0, Workers: 4
[3990.411s][debug][gc,phases      ] GC(211)     Total                          Min: 0, Avg:  0.0, Max: 0, Diff: 0, Sum: 0, Workers: 4
[3990.411s][debug][gc,phases      ] GC(211) Weak Processing 0.378ms
[3990.411s][debug][gc,age         ] GC(211) Desired survivor size 269484032 bytes, new threshold 15 (max threshold 15)
[3990.411s][info ][gc,heap        ] GC(211) PSYoungGen: 1781104K(1824256K)->175450K(1766912K) Eden: 1591296K(1591296K)->0K(1591296K) From: 189808K(232960K)->175450K(175616K)
[3990.411s][info ][gc,heap        ] GC(211) ParOldGen: 504620K(653312K)->528355K(653312K)
[3990.411s][info ][gc,metaspace   ] GC(211) Metaspace: 83368K(84480K)->83368K(84480K) NonClass: 71713K(72320K)->71713K(72320K) Class: 11655K(12160K)->11655K(12160K)
[3990.411s][info ][gc             ] GC(211) Pause Young (Allocation Failure) 2232M->687M(2363M) 56.231ms
[3990.411s][info ][gc,cpu         ] GC(211) User=0.20s Sys=0.00s Real=0.05s
[3990.411s][info ][safepoint      ] Safepoint "ParallelGCFailedAllocation", Time since last: 338168919 ns, Reaching safepoint: 37101 ns, At safepoint: 56314036 ns, Total: 56351137 ns
[3991.411s][info ][safepoint      ] Safepoint "Cleanup", Time since last: 1000083515 ns, Reaching safepoint: 50101 ns, At safepoint: 5300 ns, Total: 55401 ns
[3993.411s][info ][safepoint      ] Safepoint "Cleanup", Time since last: 2000172492 ns, Reaching safepoint: 52001 ns, At safepoint: 2800 ns, Total: 54801 ns
[3995.411s][info ][safepoint      ] Safepoint "Cleanup", Time since last: 2000194614 ns, Reaching safepoint: 65001 ns, At safepoint: 3200 ns, Total: 68201 ns
[4001.742s][info ][gc,start       ] GC(212) Pause Young (Allocation Failure)
[4001.796s][debug][gc,phases      ] GC(212) Scavenge 54.476ms
[4001.796s][debug][gc,ref         ] GC(212) Skipped phase 1 of Reference Processing: no references
[4001.796s][debug][gc,ref         ] GC(212) ReferenceProcessor::execute queues: 1, RefProcThreadModel::Single, marks_oops_alive: false
[4001.796s][debug][gc,ref         ] GC(212) Skipped phase 3 of Reference Processing: no references
[4001.796s][debug][gc,ref         ] GC(212) ReferenceProcessor::execute queues: 1, RefProcThreadModel::Single, marks_oops_alive: false
[4001.796s][debug][gc,phases      ] GC(212) Reference Processing 0.171ms
[4001.797s][debug][gc,phases      ] GC(212)   VM Weak                        Min:  0.0, Avg:  0.0, Max:  0.0, Diff:  0.0, Sum:  0.0, Workers: 4
[4001.797s][debug][gc,phases      ] GC(212)     Dead                           Min: 0, Avg:  0.0, Max: 0, Diff: 0, Sum: 0, Workers: 4
[4001.797s][debug][gc,phases      ] GC(212)     Total                          Min: 0, Avg: 193.8, Max: 424, Diff: 424, Sum: 775, Workers: 4
[4001.797s][debug][gc,phases      ] GC(212)   ObjectSynchronizer Weak        Min:  0.0, Avg:  0.0, Max:  0.0, Diff:  0.0, Sum:  0.0, Workers: 4
[4001.797s][debug][gc,phases      ] GC(212)     Dead                           Min: 0, Avg:  0.0, Max: 0, Diff: 0, Sum: 0, Workers: 4
[4001.797s][debug][gc,phases      ] GC(212)     Total                          Min: 0, Avg:  8.5, Max: 34, Diff: 34, Sum: 34, Workers: 4
[4001.797s][debug][gc,phases      ] GC(212)   JVMTI Tag Weak OopStorage      Min:  0.0, Avg:  0.0, Max:  0.0, Diff:  0.0, Sum:  0.0, Workers: 4
[4001.797s][debug][gc,phases      ] GC(212)     Dead                           Min: 0, Avg:  0.0, Max: 0, Diff: 0, Sum: 0, Workers: 4
[4001.797s][debug][gc,phases      ] GC(212)     Total                          Min: 0, Avg:  0.0, Max: 0, Diff: 0, Sum: 0, Workers: 4
[4001.797s][debug][gc,phases      ] GC(212)   StringTable Weak               Min:  0.0, Avg:  0.1, Max:  0.2, Diff:  0.2, Sum:  0.4, Workers: 4
[4001.797s][debug][gc,phases      ] GC(212)     Dead                           Min: 0, Avg:  0.0, Max: 0, Diff: 0, Sum: 0, Workers: 4
[4001.797s][debug][gc,phases      ] GC(212)     Total                          Min: 0, Avg: 10932.8, Max: 22525, Diff: 22525, Sum: 43731, Workers: 4
[4001.797s][debug][gc,phases      ] GC(212)   ResolvedMethodTable Weak       Min:  0.0, Avg:  0.0, Max:  0.0, Diff:  0.0, Sum:  0.1, Workers: 4
[4001.797s][debug][gc,phases      ] GC(212)     Dead                           Min: 0, Avg:  0.0, Max: 0, Diff: 0, Sum: 0, Workers: 4
[4001.797s][debug][gc,phases      ] GC(212)     Total                          Min: 0, Avg: 2420.2, Max: 4049, Diff: 4049, Sum: 9681, Workers: 4
[4001.797s][debug][gc,phases      ] GC(212)   JNI Weak                       Min:  0.0, Avg:  0.0, Max:  0.0, Diff:  0.0, Sum:  0.0, Workers: 4
[4001.797s][debug][gc,phases      ] GC(212)     Dead                           Min: 0, Avg:  0.0, Max: 0, Diff: 0, Sum: 0, Workers: 4
[4001.797s][debug][gc,phases      ] GC(212)     Total                          Min: 0, Avg: 11.2, Max: 45, Diff: 45, Sum: 45, Workers: 4
[4001.797s][debug][gc,phases      ] GC(212)   StringDedup Table Weak         Min:  0.0, Avg:  0.0, Max:  0.0, Diff:  0.0, Sum:  0.0, Workers: 4
[4001.797s][debug][gc,phases      ] GC(212)     Dead                           Min: 0, Avg:  0.0, Max: 0, Diff: 0, Sum: 0, Workers: 4
[4001.797s][debug][gc,phases      ] GC(212)     Total                          Min: 0, Avg:  0.0, Max: 0, Diff: 0, Sum: 0, Workers: 4
[4001.797s][debug][gc,phases      ] GC(212)   StringDedup Requests0 Weak     Min:  0.0, Avg:  0.0, Max:  0.0, Diff:  0.0, Sum:  0.0, Workers: 4
[4001.797s][debug][gc,phases      ] GC(212)     Dead                           Min: 0, Avg:  0.0, Max: 0, Diff: 0, Sum: 0, Workers: 4
[4001.797s][debug][gc,phases      ] GC(212)     Total                          Min: 0, Avg:  0.0, Max: 0, Diff: 0, Sum: 0, Workers: 4
[4001.797s][debug][gc,phases      ] GC(212)   StringDedup Requests1 Weak     Min:  0.0, Avg:  0.0, Max:  0.0, Diff:  0.0, Sum:  0.0, Workers: 4
[4001.797s][debug][gc,phases      ] GC(212)     Dead                           Min: 0, Avg:  0.0, Max: 0, Diff: 0, Sum: 0, Workers: 4
[4001.797s][debug][gc,phases      ] GC(212)     Total                          Min: 0, Avg:  0.0, Max: 0, Diff: 0, Sum: 0, Workers: 4
[4001.797s][debug][gc,phases      ] GC(212)   Weak JFR Old Object Samples    Min:  0.0, Avg:  0.0, Max:  0.0, Diff:  0.0, Sum:  0.0, Workers: 4
[4001.797s][debug][gc,phases      ] GC(212)     Dead                           Min: 0, Avg:  0.0, Max: 0, Diff: 0, Sum: 0, Workers: 4
[4001.797s][debug][gc,phases      ] GC(212)     Total                          Min: 0, Avg:  0.0, Max: 0, Diff: 0, Sum: 0, Workers: 4
[4001.797s][debug][gc,phases      ] GC(212) Weak Processing 0.466ms
[4001.797s][debug][gc,age         ] GC(212) Desired survivor size 275775488 bytes, new threshold 15 (max threshold 15)
[4001.797s][info ][gc,heap        ] GC(212) PSYoungGen: 1766746K(1766912K)->172941K(1821696K) Eden: 1591296K(1591296K)->0K(1558528K) From: 175450K(175616K)->172941K(263168K)
[4001.797s][info ][gc,heap        ] GC(212) ParOldGen: 528355K(653312K)->533155K(653312K)
[4001.797s][info ][gc,metaspace   ] GC(212) Metaspace: 83369K(84480K)->83369K(84480K) NonClass: 71714K(72320K)->71714K(72320K) Class: 11655K(12160K)->11655K(12160K)
[4001.797s][info ][gc             ] GC(212) Pause Young (Allocation Failure) 2241M->689M(2417M) 55.299ms
[4001.797s][info ][gc,cpu         ] GC(212) User=0.18s Sys=0.00s Real=0.06s
[4001.797s][info ][safepoint      ] Safepoint "ParallelGCFailedAllocation", Time since last: 6329998840 ns, Reaching safepoint: 107903 ns, At safepoint: 55393934 ns, Total: 55501837 ns
[4004.797s][info ][safepoint      ] Safepoint "Cleanup", Time since last: 3000262032 ns, Reaching safepoint: 128903 ns, At safepoint: 6700 ns, Total: 135603 ns
[4012.798s][info ][safepoint      ] Safepoint "Cleanup", Time since last: 8000615098 ns, Reaching safepoint: 87602 ns, At safepoint: 5900 ns, Total: 93502 ns
[4013.798s][info ][safepoint      ] Safepoint "Cleanup", Time since last: 1000136875 ns, Reaching safepoint: 132303 ns, At safepoint: 7101 ns, Total: 139404 ns
[4014.799s][info ][safepoint      ] Safepoint "Cleanup", Time since last: 1000133075 ns, Reaching safepoint: 124003 ns, At safepoint: 7000 ns, Total: 131003 ns
[4015.252s][info ][gc,start       ] GC(213) Pause Young (Allocation Failure)
[4015.313s][debug][gc,phases      ] GC(213) Scavenge 60.402ms
[4015.313s][debug][gc,ref         ] GC(213) Skipped phase 1 of Reference Processing: no references
[4015.313s][debug][gc,ref         ] GC(213) ReferenceProcessor::execute queues: 1, RefProcThreadModel::Single, marks_oops_alive: false
[4015.313s][debug][gc,ref         ] GC(213) Skipped phase 3 of Reference Processing: no references
[4015.313s][debug][gc,ref         ] GC(213) ReferenceProcessor::execute queues: 1, RefProcThreadModel::Single, marks_oops_alive: false
[4015.313s][debug][gc,phases      ] GC(213) Reference Processing 0.120ms
[4015.313s][debug][gc,phases      ] GC(213)   VM Weak                        Min:  0.0, Avg:  0.0, Max:  0.0, Diff:  0.0, Sum:  0.0, Workers: 4
[4015.313s][debug][gc,phases      ] GC(213)     Dead                           Min: 0, Avg:  0.0, Max: 0, Diff: 0, Sum: 0, Workers: 4
[4015.313s][debug][gc,phases      ] GC(213)     Total                          Min: 0, Avg: 193.8, Max: 447, Diff: 447, Sum: 775, Workers: 4
[4015.313s][debug][gc,phases      ] GC(213)   ObjectSynchronizer Weak        Min:  0.0, Avg:  0.0, Max:  0.0, Diff:  0.0, Sum:  0.0, Workers: 4
[4015.313s][debug][gc,phases      ] GC(213)     Dead                           Min: 0, Avg:  0.0, Max: 0, Diff: 0, Sum: 0, Workers: 4
[4015.313s][debug][gc,phases      ] GC(213)     Total                          Min: 0, Avg:  8.5, Max: 34, Diff: 34, Sum: 34, Workers: 4
[4015.313s][debug][gc,phases      ] GC(213)   JVMTI Tag Weak OopStorage      Min:  0.0, Avg:  0.0, Max:  0.0, Diff:  0.0, Sum:  0.0, Workers: 4
[4015.313s][debug][gc,phases      ] GC(213)     Dead                           Min: 0, Avg:  0.0, Max: 0, Diff: 0, Sum: 0, Workers: 4
[4015.313s][debug][gc,phases      ] GC(213)     Total                          Min: 0, Avg:  0.0, Max: 0, Diff: 0, Sum: 0, Workers: 4
[4015.313s][debug][gc,phases      ] GC(213)   StringTable Weak               Min:  0.1, Avg:  0.1, Max:  0.1, Diff:  0.0, Sum:  0.4, Workers: 4
[4015.313s][debug][gc,phases      ] GC(213)     Dead                           Min: 0, Avg:  0.0, Max: 0, Diff: 0, Sum: 0, Workers: 4
[4015.313s][debug][gc,phases      ] GC(213)     Total                          Min: 9791, Avg: 10933.0, Max: 12030, Diff: 2239, Sum: 43732, Workers: 4
[4015.313s][debug][gc,phases      ] GC(213)   ResolvedMethodTable Weak       Min:  0.0, Avg:  0.0, Max:  0.0, Diff:  0.0, Sum:  0.1, Workers: 4
[4015.313s][debug][gc,phases      ] GC(213)     Dead                           Min: 0, Avg:  0.0, Max: 0, Diff: 0, Sum: 0, Workers: 4
[4015.313s][debug][gc,phases      ] GC(213)     Total                          Min: 2240, Avg: 2420.8, Max: 2560, Diff: 320, Sum: 9683, Workers: 4
[4015.313s][debug][gc,phases      ] GC(213)   JNI Weak                       Min:  0.0, Avg:  0.0, Max:  0.0, Diff:  0.0, Sum:  0.0, Workers: 4
[4015.313s][debug][gc,phases      ] GC(213)     Dead                           Min: 0, Avg:  0.0, Max: 0, Diff: 0, Sum: 0, Workers: 4
[4015.313s][debug][gc,phases      ] GC(213)     Total                          Min: 0, Avg: 11.2, Max: 45, Diff: 45, Sum: 45, Workers: 4
[4015.313s][debug][gc,phases      ] GC(213)   StringDedup Table Weak         Min:  0.0, Avg:  0.0, Max:  0.0, Diff:  0.0, Sum:  0.0, Workers: 4
[4015.313s][debug][gc,phases      ] GC(213)     Dead                           Min: 0, Avg:  0.0, Max: 0, Diff: 0, Sum: 0, Workers: 4
[4015.313s][debug][gc,phases      ] GC(213)     Total                          Min: 0, Avg:  0.0, Max: 0, Diff: 0, Sum: 0, Workers: 4
[4015.313s][debug][gc,phases      ] GC(213)   StringDedup Requests0 Weak     Min:  0.0, Avg:  0.0, Max:  0.0, Diff:  0.0, Sum:  0.0, Workers: 4
[4015.313s][debug][gc,phases      ] GC(213)     Dead                           Min: 0, Avg:  0.0, Max: 0, Diff: 0, Sum: 0, Workers: 4
[4015.313s][debug][gc,phases      ] GC(213)     Total                          Min: 0, Avg:  0.0, Max: 0, Diff: 0, Sum: 0, Workers: 4
[4015.313s][debug][gc,phases      ] GC(213)   StringDedup Requests1 Weak     Min:  0.0, Avg:  0.0, Max:  0.0, Diff:  0.0, Sum:  0.0, Workers: 4
[4015.313s][debug][gc,phases      ] GC(213)     Dead                           Min: 0, Avg:  0.0, Max: 0, Diff: 0, Sum: 0, Workers: 4
[4015.313s][debug][gc,phases      ] GC(213)     Total                          Min: 0, Avg:  0.0, Max: 0, Diff: 0, Sum: 0, Workers: 4
[4015.313s][debug][gc,phases      ] GC(213)   Weak JFR Old Object Samples    Min:  0.0, Avg:  0.0, Max:  0.0, Diff:  0.0, Sum:  0.0, Workers: 4
[4015.313s][debug][gc,phases      ] GC(213)     Dead                           Min: 0, Avg:  0.0, Max: 0, Diff: 0, Sum: 0, Workers: 4
[4015.313s][debug][gc,phases      ] GC(213)     Total                          Min: 0, Avg:  0.0, Max: 0, Diff: 0, Sum: 0, Workers: 4
[4015.313s][debug][gc,phases      ] GC(213) Weak Processing 0.328ms
[4015.313s][debug][gc,age         ] GC(213) Desired survivor size 286261248 bytes, new threshold 15 (max threshold 15)
[4015.313s][info ][gc,heap        ] GC(213) PSYoungGen: 1731469K(1821696K)->189533K(1748480K) Eden: 1558528K(1558528K)->0K(1558528K) From: 172941K(263168K)->189533K(189952K)
[4015.313s][info ][gc,heap        ] GC(213) ParOldGen: 533155K(653312K)->543108K(653312K)
[4015.313s][info ][gc,metaspace   ] GC(213) Metaspace: 83371K(84480K)->83371K(84480K) NonClass: 71716K(72320K)->71716K(72320K) Class: 11655K(12160K)->11655K(12160K)
[4015.313s][info ][gc             ] GC(213) Pause Young (Allocation Failure) 2211M->715M(2345M) 60.993ms
[4015.313s][info ][gc,cpu         ] GC(213) User=0.20s Sys=0.00s Real=0.06s
[4015.313s][info ][safepoint      ] Safepoint "ParallelGCFailedAllocation", Time since last: 453331786 ns, Reaching safepoint: 110503 ns, At safepoint: 61074039 ns, Total: 61184542 ns
[4027.144s][info ][gc,start       ] GC(214) Pause Young (Allocation Failure)
[4027.198s][debug][gc,phases      ] GC(214) Scavenge 54.827ms
[4027.199s][debug][gc,ref         ] GC(214) Skipped phase 1 of Reference Processing: no references
[4027.199s][debug][gc,ref         ] GC(214) ReferenceProcessor::execute queues: 1, RefProcThreadModel::Single, marks_oops_alive: false
[4027.199s][debug][gc,ref         ] GC(214) Skipped phase 3 of Reference Processing: no references
[4027.199s][debug][gc,ref         ] GC(214) ReferenceProcessor::execute queues: 1, RefProcThreadModel::Single, marks_oops_alive: false
[4027.199s][debug][gc,phases      ] GC(214) Reference Processing 0.119ms
[4027.199s][debug][gc,phases      ] GC(214)   VM Weak                        Min:  0.0, Avg:  0.0, Max:  0.0, Diff:  0.0, Sum:  0.0, Workers: 4
[4027.199s][debug][gc,phases      ] GC(214)     Dead                           Min: 0, Avg:  0.0, Max: 0, Diff: 0, Sum: 0, Workers: 4
[4027.199s][debug][gc,phases      ] GC(214)     Total                          Min: 0, Avg: 193.8, Max: 543, Diff: 543, Sum: 775, Workers: 4
[4027.199s][debug][gc,phases      ] GC(214)   ObjectSynchronizer Weak        Min:  0.0, Avg:  0.0, Max:  0.0, Diff:  0.0, Sum:  0.0, Workers: 4
[4027.199s][debug][gc,phases      ] GC(214)     Dead                           Min: 0, Avg:  0.0, Max: 0, Diff: 0, Sum: 0, Workers: 4
[4027.199s][debug][gc,phases      ] GC(214)     Total                          Min: 0, Avg:  8.5, Max: 34, Diff: 34, Sum: 34, Workers: 4
[4027.199s][debug][gc,phases      ] GC(214)   JVMTI Tag Weak OopStorage      Min:  0.0, Avg:  0.0, Max:  0.0, Diff:  0.0, Sum:  0.0, Workers: 4
[4027.199s][debug][gc,phases      ] GC(214)     Dead                           Min: 0, Avg:  0.0, Max: 0, Diff: 0, Sum: 0, Workers: 4
[4027.199s][debug][gc,phases      ] GC(214)     Total                          Min: 0, Avg:  0.0, Max: 0, Diff: 0, Sum: 0, Workers: 4
[4027.199s][debug][gc,phases      ] GC(214)   StringTable Weak               Min:  0.0, Avg:  0.1, Max:  0.2, Diff:  0.2, Sum:  0.4, Workers: 4
[4027.199s][debug][gc,phases      ] GC(214)     Dead                           Min: 0, Avg:  0.2, Max: 1, Diff: 1, Sum: 1, Workers: 4
[4027.199s][debug][gc,phases      ] GC(214)     Total                          Min: 0, Avg: 10934.8, Max: 24093, Diff: 24093, Sum: 43739, Workers: 4
[4027.199s][debug][gc,phases      ] GC(214)   ResolvedMethodTable Weak       Min:  0.0, Avg:  0.0, Max:  0.0, Diff:  0.0, Sum:  0.1, Workers: 4
[4027.199s][debug][gc,phases      ] GC(214)     Dead                           Min: 0, Avg:  0.0, Max: 0, Diff: 0, Sum: 0, Workers: 4
[4027.199s][debug][gc,phases      ] GC(214)     Total                          Min: 0, Avg: 2423.2, Max: 5504, Diff: 5504, Sum: 9693, Workers: 4
[4027.199s][debug][gc,phases      ] GC(214)   JNI Weak                       Min:  0.0, Avg:  0.0, Max:  0.0, Diff:  0.0, Sum:  0.0, Workers: 4
[4027.199s][debug][gc,phases      ] GC(214)     Dead                           Min: 0, Avg:  0.0, Max: 0, Diff: 0, Sum: 0, Workers: 4
[4027.199s][debug][gc,phases      ] GC(214)     Total                          Min: 0, Avg: 11.2, Max: 45, Diff: 45, Sum: 45, Workers: 4
[4027.199s][debug][gc,phases      ] GC(214)   StringDedup Table Weak         Min:  0.0, Avg:  0.0, Max:  0.0, Diff:  0.0, Sum:  0.0, Workers: 4
[4027.199s][debug][gc,phases      ] GC(214)     Dead                           Min: 0, Avg:  0.0, Max: 0, Diff: 0, Sum: 0, Workers: 4
[4027.199s][debug][gc,phases      ] GC(214)     Total                          Min: 0, Avg:  0.0, Max: 0, Diff: 0, Sum: 0, Workers: 4
[4027.199s][debug][gc,phases      ] GC(214)   StringDedup Requests0 Weak     Min:  0.0, Avg:  0.0, Max:  0.0, Diff:  0.0, Sum:  0.0, Workers: 4
[4027.199s][debug][gc,phases      ] GC(214)     Dead                           Min: 0, Avg:  0.0, Max: 0, Diff: 0, Sum: 0, Workers: 4
[4027.199s][debug][gc,phases      ] GC(214)     Total                          Min: 0, Avg:  0.0, Max: 0, Diff: 0, Sum: 0, Workers: 4
[4027.199s][debug][gc,phases      ] GC(214)   StringDedup Requests1 Weak     Min:  0.0, Avg:  0.0, Max:  0.0, Diff:  0.0, Sum:  0.0, Workers: 4
[4027.199s][debug][gc,phases      ] GC(214)     Dead                           Min: 0, Avg:  0.0, Max: 0, Diff: 0, Sum: 0, Workers: 4
[4027.199s][debug][gc,phases      ] GC(214)     Total                          Min: 0, Avg:  0.0, Max: 0, Diff: 0, Sum: 0, Workers: 4
[4027.199s][debug][gc,phases      ] GC(214)   Weak JFR Old Object Samples    Min:  0.0, Avg:  0.0, Max:  0.0, Diff:  0.0, Sum:  0.0, Workers: 4
[4027.199s][debug][gc,phases      ] GC(214)     Dead                           Min: 0, Avg:  0.0, Max: 0, Diff: 0, Sum: 0, Workers: 4
[4027.199s][debug][gc,phases      ] GC(214)     Total                          Min: 0, Avg:  0.0, Max: 0, Diff: 0, Sum: 0, Workers: 4
[4027.199s][debug][gc,phases      ] GC(214) Weak Processing 0.450ms
[4027.199s][debug][gc,age         ] GC(214) Desired survivor size 282591232 bytes, new threshold 15 (max threshold 15)
[4027.199s][info ][gc,heap        ] GC(214) PSYoungGen: 1748061K(1748480K)->159594K(1821184K) Eden: 1558528K(1558528K)->0K(1541632K) From: 189533K(189952K)->159594K(279552K)
[4027.199s][info ][gc,heap        ] GC(214) ParOldGen: 543108K(653312K)->559860K(653312K)
[4027.199s][info ][gc,metaspace   ] GC(214) Metaspace: 83402K(84480K)->83402K(84480K) NonClass: 71742K(72320K)->71742K(72320K) Class: 11659K(12160K)->11659K(12160K)
[4027.199s][info ][gc             ] GC(214) Pause Young (Allocation Failure) 2237M->702M(2416M) 55.562ms
[4027.199s][info ][gc,cpu         ] GC(214) User=0.18s Sys=0.00s Real=0.06s
[4027.199s][info ][safepoint      ] Safepoint "ParallelGCFailedAllocation", Time since last: 11830403956 ns, Reaching safepoint: 43901 ns, At safepoint: 55644704 ns, Total: 55688605 ns
[4028.199s][info ][safepoint      ] Safepoint "Cleanup", Time since last: 1000082026 ns, Reaching safepoint: 127203 ns, At safepoint: 5900 ns, Total: 133103 ns
[4031.200s][info ][safepoint      ] Safepoint "Cleanup", Time since last: 3000244977 ns, Reaching safepoint: 51702 ns, At safepoint: 3300 ns, Total: 55002 ns
[4035.148s][info ][gc,start       ] GC(215) Pause Young (Allocation Failure)
[4035.198s][debug][gc,phases      ] GC(215) Scavenge 50.474ms
[4035.199s][debug][gc,ref         ] GC(215) Skipped phase 1 of Reference Processing: no references
[4035.199s][debug][gc,ref         ] GC(215) ReferenceProcessor::execute queues: 1, RefProcThreadModel::Single, marks_oops_alive: false
[4035.199s][debug][gc,ref         ] GC(215) Skipped phase 3 of Reference Processing: no references
[4035.199s][debug][gc,ref         ] GC(215) ReferenceProcessor::execute queues: 1, RefProcThreadModel::Single, marks_oops_alive: false
[4035.199s][debug][gc,phases      ] GC(215) Reference Processing 0.161ms
[4035.199s][debug][gc,phases      ] GC(215)   VM Weak                        Min:  0.0, Avg:  0.0, Max:  0.0, Diff:  0.0, Sum:  0.0, Workers: 4
[4035.199s][debug][gc,phases      ] GC(215)     Dead                           Min: 0, Avg:  0.0, Max: 0, Diff: 0, Sum: 0, Workers: 4
[4035.199s][debug][gc,phases      ] GC(215)     Total                          Min: 0, Avg: 193.8, Max: 525, Diff: 525, Sum: 775, Workers: 4
[4035.199s][debug][gc,phases      ] GC(215)   ObjectSynchronizer Weak        Min:  0.0, Avg:  0.0, Max:  0.0, Diff:  0.0, Sum:  0.0, Workers: 4
[4035.199s][debug][gc,phases      ] GC(215)     Dead                           Min: 0, Avg:  0.0, Max: 0, Diff: 0, Sum: 0, Workers: 4
[4035.199s][debug][gc,phases      ] GC(215)     Total                          Min: 0, Avg:  8.5, Max: 34, Diff: 34, Sum: 34, Workers: 4
[4035.199s][debug][gc,phases      ] GC(215)   JVMTI Tag Weak OopStorage      Min:  0.0, Avg:  0.0, Max:  0.0, Diff:  0.0, Sum:  0.0, Workers: 4
[4035.199s][debug][gc,phases      ] GC(215)     Dead                           Min: 0, Avg:  0.0, Max: 0, Diff: 0, Sum: 0, Workers: 4
[4035.199s][debug][gc,phases      ] GC(215)     Total                          Min: 0, Avg:  0.0, Max: 0, Diff: 0, Sum: 0, Workers: 4
[4035.199s][debug][gc,phases      ] GC(215)   StringTable Weak               Min:  0.0, Avg:  0.1, Max:  0.1, Diff:  0.1, Sum:  0.4, Workers: 4
[4035.199s][debug][gc,phases      ] GC(215)     Dead                           Min: 0, Avg:  0.0, Max: 0, Diff: 0, Sum: 0, Workers: 4
[4035.199s][debug][gc,phases      ] GC(215)     Total                          Min: 0, Avg: 10935.2, Max: 14945, Diff: 14945, Sum: 43741, Workers: 4
[4035.199s][debug][gc,phases      ] GC(215)   ResolvedMethodTable Weak       Min:  0.0, Avg:  0.0, Max:  0.0, Diff:  0.0, Sum:  0.1, Workers: 4
[4035.199s][debug][gc,phases      ] GC(215)     Dead                           Min: 0, Avg:  0.0, Max: 0, Diff: 0, Sum: 0, Workers: 4
[4035.199s][debug][gc,phases      ] GC(215)     Total                          Min: 0, Avg: 2423.2, Max: 3264, Diff: 3264, Sum: 9693, Workers: 4
[4035.199s][debug][gc,phases      ] GC(215)   JNI Weak                       Min:  0.0, Avg:  0.0, Max:  0.0, Diff:  0.0, Sum:  0.0, Workers: 4
[4035.199s][debug][gc,phases      ] GC(215)     Dead                           Min: 0, Avg:  0.0, Max: 0, Diff: 0, Sum: 0, Workers: 4
[4035.199s][debug][gc,phases      ] GC(215)     Total                          Min: 0, Avg: 11.2, Max: 45, Diff: 45, Sum: 45, Workers: 4
[4035.199s][debug][gc,phases      ] GC(215)   StringDedup Table Weak         Min:  0.0, Avg:  0.0, Max:  0.0, Diff:  0.0, Sum:  0.0, Workers: 4
[4035.199s][debug][gc,phases      ] GC(215)     Dead                           Min: 0, Avg:  0.0, Max: 0, Diff: 0, Sum: 0, Workers: 4
[4035.199s][debug][gc,phases      ] GC(215)     Total                          Min: 0, Avg:  0.0, Max: 0, Diff: 0, Sum: 0, Workers: 4
[4035.199s][debug][gc,phases      ] GC(215)   StringDedup Requests0 Weak     Min:  0.0, Avg:  0.0, Max:  0.0, Diff:  0.0, Sum:  0.0, Workers: 4
[4035.199s][debug][gc,phases      ] GC(215)     Dead                           Min: 0, Avg:  0.0, Max: 0, Diff: 0, Sum: 0, Workers: 4
[4035.199s][debug][gc,phases      ] GC(215)     Total                          Min: 0, Avg:  0.0, Max: 0, Diff: 0, Sum: 0, Workers: 4
[4035.199s][debug][gc,phases      ] GC(215)   StringDedup Requests1 Weak     Min:  0.0, Avg:  0.0, Max:  0.0, Diff:  0.0, Sum:  0.0, Workers: 4
[4035.199s][debug][gc,phases      ] GC(215)     Dead                           Min: 0, Avg:  0.0, Max: 0, Diff: 0, Sum: 0, Workers: 4
[4035.199s][debug][gc,phases      ] GC(215)     Total                          Min: 0, Avg:  0.0, Max: 0, Diff: 0, Sum: 0, Workers: 4
[4035.199s][debug][gc,phases      ] GC(215)   Weak JFR Old Object Samples    Min:  0.0, Avg:  0.0, Max:  0.0, Diff:  0.0, Sum:  0.0, Workers: 4
[4035.199s][debug][gc,phases      ] GC(215)     Dead                           Min: 0, Avg:  0.0, Max: 0, Diff: 0, Sum: 0, Workers: 4
[4035.199s][debug][gc,phases      ] GC(215)     Total                          Min: 0, Avg:  0.0, Max: 0, Diff: 0, Sum: 0, Workers: 4
[4035.199s][debug][gc,phases      ] GC(215) Weak Processing 0.438ms
[4035.199s][debug][gc,age         ] GC(215) Desired survivor size 284688384 bytes, new threshold 15 (max threshold 15)
[4035.199s][info ][gc,heap        ] GC(215) PSYoungGen: 1701226K(1821184K)->175978K(1817600K) Eden: 1541632K(1541632K)->0K(1541632K) From: 159594K(279552K)->175978K(275968K)
[4035.199s][info ][gc,heap        ] GC(215) ParOldGen: 559860K(653312K)->565192K(653312K)
[4035.199s][info ][gc,metaspace   ] GC(215) Metaspace: 83406K(84480K)->83406K(84480K) NonClass: 71746K(72320K)->71746K(72320K) Class: 11659K(12160K)->11659K(12160K)
[4035.199s][info ][gc             ] GC(215) Pause Young (Allocation Failure) 2208M->723M(2413M) 51.249ms
[4035.199s][info ][gc,cpu         ] GC(215) User=0.19s Sys=0.00s Real=0.05s
[4035.199s][info ][safepoint      ] Safepoint "ParallelGCFailedAllocation", Time since last: 3948070365 ns, Reaching safepoint: 118803 ns, At safepoint: 51357288 ns, Total: 51476091 ns
[4040.200s][info ][safepoint      ] Safepoint "Cleanup", Time since last: 5000397618 ns, Reaching safepoint: 135503 ns, At safepoint: 11801 ns, Total: 147304 ns
[4045.200s][info ][safepoint      ] Safepoint "Cleanup", Time since last: 5000400182 ns, Reaching safepoint: 50402 ns, At safepoint: 3800 ns, Total: 54202 ns
[4047.201s][info ][safepoint      ] Safepoint "Cleanup", Time since last: 2000195433 ns, Reaching safepoint: 44201 ns, At safepoint: 2601 ns, Total: 46802 ns
[4047.341s][info ][gc,start       ] GC(216) Pause Young (Allocation Failure)
[4047.390s][debug][gc,phases      ] GC(216) Scavenge 48.969ms
[4047.390s][debug][gc,ref         ] GC(216) Skipped phase 1 of Reference Processing: no references
[4047.390s][debug][gc,ref         ] GC(216) ReferenceProcessor::execute queues: 1, RefProcThreadModel::Single, marks_oops_alive: false
[4047.391s][debug][gc,ref         ] GC(216) Skipped phase 3 of Reference Processing: no references
[4047.391s][debug][gc,ref         ] GC(216) ReferenceProcessor::execute queues: 1, RefProcThreadModel::Single, marks_oops_alive: false
[4047.391s][debug][gc,phases      ] GC(216) Reference Processing 0.146ms
[4047.391s][debug][gc,phases      ] GC(216)   VM Weak                        Min:  0.0, Avg:  0.0, Max:  0.0, Diff:  0.0, Sum:  0.0, Workers: 4
[4047.391s][debug][gc,phases      ] GC(216)     Dead                           Min: 0, Avg:  0.0, Max: 0, Diff: 0, Sum: 0, Workers: 4
[4047.391s][debug][gc,phases      ] GC(216)     Total                          Min: 0, Avg: 193.8, Max: 288, Diff: 288, Sum: 775, Workers: 4
[4047.391s][debug][gc,phases      ] GC(216)   ObjectSynchronizer Weak        Min:  0.0, Avg:  0.0, Max:  0.0, Diff:  0.0, Sum:  0.0, Workers: 4
[4047.391s][debug][gc,phases      ] GC(216)     Dead                           Min: 0, Avg:  0.0, Max: 0, Diff: 0, Sum: 0, Workers: 4
[4047.391s][debug][gc,phases      ] GC(216)     Total                          Min: 0, Avg:  8.5, Max: 34, Diff: 34, Sum: 34, Workers: 4
[4047.391s][debug][gc,phases      ] GC(216)   JVMTI Tag Weak OopStorage      Min:  0.0, Avg:  0.0, Max:  0.0, Diff:  0.0, Sum:  0.0, Workers: 4
[4047.391s][debug][gc,phases      ] GC(216)     Dead                           Min: 0, Avg:  0.0, Max: 0, Diff: 0, Sum: 0, Workers: 4
[4047.391s][debug][gc,phases      ] GC(216)     Total                          Min: 0, Avg:  0.0, Max: 0, Diff: 0, Sum: 0, Workers: 4
[4047.391s][debug][gc,phases      ] GC(216)   StringTable Weak               Min:  0.0, Avg:  0.1, Max:  0.1, Diff:  0.1, Sum:  0.4, Workers: 4
[4047.391s][debug][gc,phases      ] GC(216)     Dead                           Min: 0, Avg:  0.0, Max: 0, Diff: 0, Sum: 0, Workers: 4
[4047.391s][debug][gc,phases      ] GC(216)     Total                          Min: 0, Avg: 10935.2, Max: 14813, Diff: 14813, Sum: 43741, Workers: 4
[4047.391s][debug][gc,phases      ] GC(216)   ResolvedMethodTable Weak       Min:  0.0, Avg:  0.0, Max:  0.0, Diff:  0.0, Sum:  0.1, Workers: 4
[4047.391s][debug][gc,phases      ] GC(216)     Dead                           Min: 0, Avg:  0.0, Max: 0, Diff: 0, Sum: 0, Workers: 4
[4047.391s][debug][gc,phases      ] GC(216)     Total                          Min: 0, Avg: 2423.2, Max: 3421, Diff: 3421, Sum: 9693, Workers: 4
[4047.391s][debug][gc,phases      ] GC(216)   JNI Weak                       Min:  0.0, Avg:  0.0, Max:  0.0, Diff:  0.0, Sum:  0.0, Workers: 4
[4047.391s][debug][gc,phases      ] GC(216)     Dead                           Min: 0, Avg:  0.0, Max: 0, Diff: 0, Sum: 0, Workers: 4
[4047.391s][debug][gc,phases      ] GC(216)     Total                          Min: 0, Avg: 11.2, Max: 45, Diff: 45, Sum: 45, Workers: 4
[4047.391s][debug][gc,phases      ] GC(216)   StringDedup Table Weak         Min:  0.0, Avg:  0.0, Max:  0.0, Diff:  0.0, Sum:  0.0, Workers: 4
[4047.391s][debug][gc,phases      ] GC(216)     Dead                           Min: 0, Avg:  0.0, Max: 0, Diff: 0, Sum: 0, Workers: 4
[4047.391s][debug][gc,phases      ] GC(216)     Total                          Min: 0, Avg:  0.0, Max: 0, Diff: 0, Sum: 0, Workers: 4
[4047.391s][debug][gc,phases      ] GC(216)   StringDedup Requests0 Weak     Min:  0.0, Avg:  0.0, Max:  0.0, Diff:  0.0, Sum:  0.0, Workers: 4
[4047.391s][debug][gc,phases      ] GC(216)     Dead                           Min: 0, Avg:  0.0, Max: 0, Diff: 0, Sum: 0, Workers: 4
[4047.391s][debug][gc,phases      ] GC(216)     Total                          Min: 0, Avg:  0.0, Max: 0, Diff: 0, Sum: 0, Workers: 4
[4047.391s][debug][gc,phases      ] GC(216)   StringDedup Requests1 Weak     Min:  0.0, Avg:  0.0, Max:  0.0, Diff:  0.0, Sum:  0.0, Workers: 4
[4047.391s][debug][gc,phases      ] GC(216)     Dead                           Min: 0, Avg:  0.0, Max: 0, Diff: 0, Sum: 0, Workers: 4
[4047.391s][debug][gc,phases      ] GC(216)     Total                          Min: 0, Avg:  0.0, Max: 0, Diff: 0, Sum: 0, Workers: 4
[4047.391s][debug][gc,phases      ] GC(216)   Weak JFR Old Object Samples    Min:  0.0, Avg:  0.0, Max:  0.0, Diff:  0.0, Sum:  0.0, Workers: 4
[4047.391s][debug][gc,phases      ] GC(216)     Dead                           Min: 0, Avg:  0.0, Max: 0, Diff: 0, Sum: 0, Workers: 4
[4047.391s][debug][gc,phases      ] GC(216)     Total                          Min: 0, Avg:  0.0, Max: 0, Diff: 0, Sum: 0, Workers: 4
[4047.391s][debug][gc,phases      ] GC(216) Weak Processing 0.378ms
[4047.391s][debug][gc,age         ] GC(216) Desired survivor size 279445504 bytes, new threshold 15 (max threshold 15)
[4047.391s][info ][gc,heap        ] GC(216) PSYoungGen: 1717610K(1817600K)->161274K(1824256K) Eden: 1541632K(1541632K)->0K(1546240K) From: 175978K(275968K)->161274K(278016K)
[4047.391s][info ][gc,heap        ] GC(216) ParOldGen: 565192K(653312K)->572668K(653312K)
[4047.391s][info ][gc,metaspace   ] GC(216) Metaspace: 83408K(84480K)->83408K(84480K) NonClass: 71748K(72320K)->71748K(72320K) Class: 11659K(12160K)->11659K(12160K)
[4047.391s][info ][gc             ] GC(216) Pause Young (Allocation Failure) 2229M->716M(2419M) 49.638ms
[4047.391s][info ][gc,cpu         ] GC(216) User=0.18s Sys=0.00s Real=0.05s
[4047.391s][info ][safepoint      ] Safepoint "ParallelGCFailedAllocation", Time since last: 140660166 ns, Reaching safepoint: 117803 ns, At safepoint: 49727720 ns, Total: 49845523 ns
[4051.391s][info ][safepoint      ] Safepoint "Cleanup", Time since last: 4000332970 ns, Reaching safepoint: 139203 ns, At safepoint: 7600 ns, Total: 146803 ns
[4053.392s][info ][safepoint      ] Safepoint "Cleanup", Time since last: 2000226033 ns, Reaching safepoint: 130303 ns, At safepoint: 6900 ns, Total: 137203 ns
[4054.392s][info ][safepoint      ] Safepoint "Cleanup", Time since last: 1000131917 ns, Reaching safepoint: 137803 ns, At safepoint: 7601 ns, Total: 145404 ns
[4056.341s][info ][gc,start       ] GC(217) Pause Young (Allocation Failure)
[4056.394s][debug][gc,phases      ] GC(217) Scavenge 53.877ms
[4056.394s][debug][gc,ref         ] GC(217) Skipped phase 1 of Reference Processing: no references
[4056.395s][debug][gc,ref         ] GC(217) ReferenceProcessor::execute queues: 1, RefProcThreadModel::Single, marks_oops_alive: false
[4056.395s][debug][gc,ref         ] GC(217) Skipped phase 3 of Reference Processing: no references
[4056.395s][debug][gc,ref         ] GC(217) ReferenceProcessor::execute queues: 1, RefProcThreadModel::Single, marks_oops_alive: false
[4056.395s][debug][gc,phases      ] GC(217) Reference Processing 0.120ms
[4056.395s][debug][gc,phases      ] GC(217)   VM Weak                        Min:  0.0, Avg:  0.0, Max:  0.0, Diff:  0.0, Sum:  0.0, Workers: 4
[4056.395s][debug][gc,phases      ] GC(217)     Dead                           Min: 0, Avg:  0.0, Max: 0, Diff: 0, Sum: 0, Workers: 4
[4056.395s][debug][gc,phases      ] GC(217)     Total                          Min: 0, Avg: 193.8, Max: 479, Diff: 479, Sum: 775, Workers: 4
[4056.395s][debug][gc,phases      ] GC(217)   ObjectSynchronizer Weak        Min:  0.0, Avg:  0.0, Max:  0.0, Diff:  0.0, Sum:  0.0, Workers: 4
[4056.395s][debug][gc,phases      ] GC(217)     Dead                           Min: 0, Avg:  0.0, Max: 0, Diff: 0, Sum: 0, Workers: 4
[4056.395s][debug][gc,phases      ] GC(217)     Total                          Min: 0, Avg:  8.5, Max: 34, Diff: 34, Sum: 34, Workers: 4
[4056.395s][debug][gc,phases      ] GC(217)   JVMTI Tag Weak OopStorage      Min:  0.0, Avg:  0.0, Max:  0.0, Diff:  0.0, Sum:  0.0, Workers: 4
[4056.395s][debug][gc,phases      ] GC(217)     Dead                           Min: 0, Avg:  0.0, Max: 0, Diff: 0, Sum: 0, Workers: 4
[4056.395s][debug][gc,phases      ] GC(217)     Total                          Min: 0, Avg:  0.0, Max: 0, Diff: 0, Sum: 0, Workers: 4
[4056.395s][debug][gc,phases      ] GC(217)   StringTable Weak               Min:  0.0, Avg:  0.1, Max:  0.1, Diff:  0.1, Sum:  0.4, Workers: 4
[4056.395s][debug][gc,phases      ] GC(217)     Dead                           Min: 0, Avg:  0.0, Max: 0, Diff: 0, Sum: 0, Workers: 4
[4056.395s][debug][gc,phases      ] GC(217)     Total                          Min: 0, Avg: 10935.5, Max: 15421, Diff: 15421, Sum: 43742, Workers: 4
[4056.395s][debug][gc,phases      ] GC(217)   ResolvedMethodTable Weak       Min:  0.0, Avg:  0.0, Max:  0.0, Diff:  0.0, Sum:  0.1, Workers: 4
[4056.395s][debug][gc,phases      ] GC(217)     Dead                           Min: 0, Avg:  0.0, Max: 0, Diff: 0, Sum: 0, Workers: 4
[4056.395s][debug][gc,phases      ] GC(217)     Total                          Min: 0, Avg: 2423.2, Max: 3613, Diff: 3613, Sum: 9693, Workers: 4
[4056.395s][debug][gc,phases      ] GC(217)   JNI Weak                       Min:  0.0, Avg:  0.0, Max:  0.0, Diff:  0.0, Sum:  0.0, Workers: 4
[4056.395s][debug][gc,phases      ] GC(217)     Dead                           Min: 0, Avg:  0.0, Max: 0, Diff: 0, Sum: 0, Workers: 4
[4056.395s][debug][gc,phases      ] GC(217)     Total                          Min: 0, Avg: 11.2, Max: 45, Diff: 45, Sum: 45, Workers: 4
[4056.395s][debug][gc,phases      ] GC(217)   StringDedup Table Weak         Min:  0.0, Avg:  0.0, Max:  0.0, Diff:  0.0, Sum:  0.0, Workers: 4
[4056.395s][debug][gc,phases      ] GC(217)     Dead                           Min: 0, Avg:  0.0, Max: 0, Diff: 0, Sum: 0, Workers: 4
[4056.395s][debug][gc,phases      ] GC(217)     Total                          Min: 0, Avg:  0.0, Max: 0, Diff: 0, Sum: 0, Workers: 4
[4056.395s][debug][gc,phases      ] GC(217)   StringDedup Requests0 Weak     Min:  0.0, Avg:  0.0, Max:  0.0, Diff:  0.0, Sum:  0.0, Workers: 4
[4056.395s][debug][gc,phases      ] GC(217)     Dead                           Min: 0, Avg:  0.0, Max: 0, Diff: 0, Sum: 0, Workers: 4
[4056.395s][debug][gc,phases      ] GC(217)     Total                          Min: 0, Avg:  0.0, Max: 0, Diff: 0, Sum: 0, Workers: 4
[4056.395s][debug][gc,phases      ] GC(217)   StringDedup Requests1 Weak     Min:  0.0, Avg:  0.0, Max:  0.0, Diff:  0.0, Sum:  0.0, Workers: 4
[4056.395s][debug][gc,phases      ] GC(217)     Dead                           Min: 0, Avg:  0.0, Max: 0, Diff: 0, Sum: 0, Workers: 4
[4056.395s][debug][gc,phases      ] GC(217)     Total                          Min: 0, Avg:  0.0, Max: 0, Diff: 0, Sum: 0, Workers: 4
[4056.395s][debug][gc,phases      ] GC(217)   Weak JFR Old Object Samples    Min:  0.0, Avg:  0.0, Max:  0.0, Diff:  0.0, Sum:  0.0, Workers: 4
[4056.395s][debug][gc,phases      ] GC(217)     Dead                           Min: 0, Avg:  0.0, Max: 0, Diff: 0, Sum: 0, Workers: 4
[4056.395s][debug][gc,phases      ] GC(217)     Total                          Min: 0, Avg:  0.0, Max: 0, Diff: 0, Sum: 0, Workers: 4
[4056.395s][debug][gc,phases      ] GC(217) Weak Processing 0.367ms
[4056.395s][debug][gc,age         ] GC(217) Desired survivor size 276299776 bytes, new threshold 15 (max threshold 15)
[4056.395s][info ][gc,heap        ] GC(217) PSYoungGen: 1707514K(1824256K)->165946K(1819136K) Eden: 1546240K(1546240K)->0K(1546240K) From: 161274K(278016K)->165946K(272896K)
[4056.395s][info ][gc,heap        ] GC(217) ParOldGen: 572668K(653312K)->583680K(653312K)
[4056.395s][info ][gc,metaspace   ] GC(217) Metaspace: 83412K(84480K)->83412K(84480K) NonClass: 71751K(72320K)->71751K(72320K) Class: 11660K(12160K)->11660K(12160K)
[4056.395s][info ][gc             ] GC(217) Pause Young (Allocation Failure) 2226M->732M(2414M) 54.510ms
[4056.395s][info ][gc,cpu         ] GC(217) User=0.17s Sys=0.00s Real=0.06s
[4056.395s][info ][safepoint      ] Safepoint "ParallelGCFailedAllocation", Time since last: 1948202726 ns, Reaching safepoint: 135303 ns, At safepoint: 54605257 ns, Total: 54740560 ns
[4058.000s][info ][safepoint      ] Safepoint "Cleanup", Time since last: 1604385019 ns, Reaching safepoint: 140003 ns, At safepoint: 6001 ns, Total: 146004 ns
[4059.000s][info ][safepoint      ] Safepoint "Cleanup", Time since last: 1000137514 ns, Reaching safepoint: 113803 ns, At safepoint: 8100 ns, Total: 121903 ns
[4060.000s][info ][safepoint      ] Safepoint "Cleanup", Time since last: 1000125415 ns, Reaching safepoint: 122202 ns, At safepoint: 5200 ns, Total: 127402 ns
[4061.000s][info ][safepoint      ] Safepoint "Cleanup", Time since last: 1000095614 ns, Reaching safepoint: 116303 ns, At safepoint: 8300 ns, Total: 124603 ns
[4062.001s][info ][safepoint      ] Safepoint "Cleanup", Time since last: 1000127815 ns, Reaching safepoint: 117702 ns, At safepoint: 6001 ns, Total: 123703 ns
[4063.001s][info ][safepoint      ] Safepoint "Cleanup", Time since last: 1000121214 ns, Reaching safepoint: 120603 ns, At safepoint: 4900 ns, Total: 125503 ns
[4064.002s][info ][safepoint      ] Safepoint "Cleanup", Time since last: 1000117786 ns, Reaching safepoint: 699416 ns, At safepoint: 11401 ns, Total: 710817 ns
[4065.049s][info ][safepoint      ] Safepoint "Cleanup", Time since last: 1047036774 ns, Reaching safepoint: 125503 ns, At safepoint: 7200 ns, Total: 132703 ns
[4066.049s][info ][safepoint      ] Safepoint "Cleanup", Time since last: 1000127287 ns, Reaching safepoint: 118902 ns, At safepoint: 6800 ns, Total: 125702 ns
[4066.248s][info ][gc,start       ] GC(218) Pause Young (Allocation Failure)
[4066.303s][debug][gc,phases      ] GC(218) Scavenge 54.729ms
[4066.303s][debug][gc,ref         ] GC(218) Skipped phase 1 of Reference Processing: no references
[4066.303s][debug][gc,ref         ] GC(218) ReferenceProcessor::execute queues: 1, RefProcThreadModel::Single, marks_oops_alive: false
[4066.303s][debug][gc,ref         ] GC(218) Skipped phase 3 of Reference Processing: no references
[4066.303s][debug][gc,ref         ] GC(218) ReferenceProcessor::execute queues: 1, RefProcThreadModel::Single, marks_oops_alive: false
[4066.303s][debug][gc,phases      ] GC(218) Reference Processing 0.129ms
[4066.303s][debug][gc,phases      ] GC(218)   VM Weak                        Min:  0.0, Avg:  0.0, Max:  0.0, Diff:  0.0, Sum:  0.0, Workers: 4
[4066.303s][debug][gc,phases      ] GC(218)     Dead                           Min: 0, Avg:  0.0, Max: 0, Diff: 0, Sum: 0, Workers: 4
[4066.303s][debug][gc,phases      ] GC(218)     Total                          Min: 0, Avg: 193.8, Max: 525, Diff: 525, Sum: 775, Workers: 4
[4066.303s][debug][gc,phases      ] GC(218)   ObjectSynchronizer Weak        Min:  0.0, Avg:  0.0, Max:  0.0, Diff:  0.0, Sum:  0.0, Workers: 4
[4066.303s][debug][gc,phases      ] GC(218)     Dead                           Min: 0, Avg:  0.0, Max: 0, Diff: 0, Sum: 0, Workers: 4
[4066.303s][debug][gc,phases      ] GC(218)     Total                          Min: 0, Avg:  8.5, Max: 34, Diff: 34, Sum: 34, Workers: 4
[4066.303s][debug][gc,phases      ] GC(218)   JVMTI Tag Weak OopStorage      Min:  0.0, Avg:  0.0, Max:  0.0, Diff:  0.0, Sum:  0.0, Workers: 4
[4066.303s][debug][gc,phases      ] GC(218)     Dead                           Min: 0, Avg:  0.0, Max: 0, Diff: 0, Sum: 0, Workers: 4
[4066.303s][debug][gc,phases      ] GC(218)     Total                          Min: 0, Avg:  0.0, Max: 0, Diff: 0, Sum: 0, Workers: 4
[4066.303s][debug][gc,phases      ] GC(218)   StringTable Weak               Min:  0.0, Avg:  0.1, Max:  0.2, Diff:  0.2, Sum:  0.5, Workers: 4
[4066.303s][debug][gc,phases      ] GC(218)     Dead                           Min: 0, Avg:  0.5, Max: 2, Diff: 2, Sum: 2, Workers: 4
[4066.303s][debug][gc,phases      ] GC(218)     Total                          Min: 0, Avg: 10936.8, Max: 15782, Diff: 15782, Sum: 43747, Workers: 4
[4066.304s][debug][gc,phases      ] GC(218)   ResolvedMethodTable Weak       Min:  0.0, Avg:  0.0, Max:  0.0, Diff:  0.0, Sum:  0.1, Workers: 4
[4066.304s][debug][gc,phases      ] GC(218)     Dead                           Min: 0, Avg:  0.0, Max: 0, Diff: 0, Sum: 0, Workers: 4
[4066.304s][debug][gc,phases      ] GC(218)     Total                          Min: 0, Avg: 2425.5, Max: 3392, Diff: 3392, Sum: 9702, Workers: 4
[4066.304s][debug][gc,phases      ] GC(218)   JNI Weak                       Min:  0.0, Avg:  0.0, Max:  0.0, Diff:  0.0, Sum:  0.0, Workers: 4
[4066.304s][debug][gc,phases      ] GC(218)     Dead                           Min: 0, Avg:  0.0, Max: 0, Diff: 0, Sum: 0, Workers: 4
[4066.304s][debug][gc,phases      ] GC(218)     Total                          Min: 0, Avg: 11.2, Max: 45, Diff: 45, Sum: 45, Workers: 4
[4066.304s][debug][gc,phases      ] GC(218)   StringDedup Table Weak         Min:  0.0, Avg:  0.0, Max:  0.0, Diff:  0.0, Sum:  0.0, Workers: 4
[4066.304s][debug][gc,phases      ] GC(218)     Dead                           Min: 0, Avg:  0.0, Max: 0, Diff: 0, Sum: 0, Workers: 4
[4066.304s][debug][gc,phases      ] GC(218)     Total                          Min: 0, Avg:  0.0, Max: 0, Diff: 0, Sum: 0, Workers: 4
[4066.304s][debug][gc,phases      ] GC(218)   StringDedup Requests0 Weak     Min:  0.0, Avg:  0.0, Max:  0.0, Diff:  0.0, Sum:  0.0, Workers: 4
[4066.304s][debug][gc,phases      ] GC(218)     Dead                           Min: 0, Avg:  0.0, Max: 0, Diff: 0, Sum: 0, Workers: 4
[4066.304s][debug][gc,phases      ] GC(218)     Total                          Min: 0, Avg:  0.0, Max: 0, Diff: 0, Sum: 0, Workers: 4
[4066.304s][debug][gc,phases      ] GC(218)   StringDedup Requests1 Weak     Min:  0.0, Avg:  0.0, Max:  0.0, Diff:  0.0, Sum:  0.0, Workers: 4
[4066.304s][debug][gc,phases      ] GC(218)     Dead                           Min: 0, Avg:  0.0, Max: 0, Diff: 0, Sum: 0, Workers: 4
[4066.304s][debug][gc,phases      ] GC(218)     Total                          Min: 0, Avg:  0.0, Max: 0, Diff: 0, Sum: 0, Workers: 4
[4066.304s][debug][gc,phases      ] GC(218)   Weak JFR Old Object Samples    Min:  0.0, Avg:  0.0, Max:  0.0, Diff:  0.0, Sum:  0.0, Workers: 4
[4066.304s][debug][gc,phases      ] GC(218)     Dead                           Min: 0, Avg:  0.0, Max: 0, Diff: 0, Sum: 0, Workers: 4
[4066.304s][debug][gc,phases      ] GC(218)     Total                          Min: 0, Avg:  0.0, Max: 0, Diff: 0, Sum: 0, Workers: 4
[4066.304s][debug][gc,phases      ] GC(218) Weak Processing 0.403ms
[4066.304s][debug][gc,age         ] GC(218) Desired survivor size 270008320 bytes, new threshold 15 (max threshold 15)
[4066.304s][info ][gc,heap        ] GC(218) PSYoungGen: 1712186K(1819136K)->159693K(1833472K) Eden: 1546240K(1546240K)->0K(1563648K) From: 165946K(272896K)->159693K(269824K)
[4066.304s][info ][gc,heap        ] GC(218) ParOldGen: 583680K(653312K)->595976K(653312K)
[4066.304s][info ][gc,metaspace   ] GC(218) Metaspace: 83429K(84480K)->83429K(84480K) NonClass: 71764K(72320K)->71764K(72320K) Class: 11665K(12160K)->11665K(12160K)
[4066.304s][info ][gc             ] GC(218) Pause Young (Allocation Failure) 2242M->737M(2428M) 55.401ms
[4066.304s][info ][gc,cpu         ] GC(218) User=0.18s Sys=0.00s Real=0.05s
[4066.304s][info ][safepoint      ] Safepoint "ParallelGCFailedAllocation", Time since last: 198999014 ns, Reaching safepoint: 121403 ns, At safepoint: 55490586 ns, Total: 55611989 ns
[4068.304s][info ][safepoint      ] Safepoint "Cleanup", Time since last: 2000164672 ns, Reaching safepoint: 131603 ns, At safepoint: 6000 ns, Total: 137603 ns
[4069.304s][info ][safepoint      ] Safepoint "Cleanup", Time since last: 1000132387 ns, Reaching safepoint: 142403 ns, At safepoint: 8700 ns, Total: 151103 ns
[4070.305s][info ][safepoint      ] Safepoint "Cleanup", Time since last: 1000120687 ns, Reaching safepoint: 123203 ns, At safepoint: 5600 ns, Total: 128803 ns
[4075.305s][info ][safepoint      ] Safepoint "Cleanup", Time since last: 5000452186 ns, Reaching safepoint: 126303 ns, At safepoint: 5400 ns, Total: 131703 ns
[4078.383s][info ][gc,start       ] GC(219) Pause Young (Allocation Failure)
[4078.444s][debug][gc,phases      ] GC(219) Scavenge 61.023ms
[4078.444s][debug][gc,ref         ] GC(219) Skipped phase 1 of Reference Processing: no references
[4078.444s][debug][gc,ref         ] GC(219) ReferenceProcessor::execute queues: 1, RefProcThreadModel::Single, marks_oops_alive: false
[4078.444s][debug][gc,ref         ] GC(219) Skipped phase 3 of Reference Processing: no references
[4078.444s][debug][gc,ref         ] GC(219) ReferenceProcessor::execute queues: 1, RefProcThreadModel::Single, marks_oops_alive: false
[4078.444s][debug][gc,phases      ] GC(219) Reference Processing 0.130ms
[4078.445s][debug][gc,phases      ] GC(219)   VM Weak                        Min:  0.0, Avg:  0.0, Max:  0.0, Diff:  0.0, Sum:  0.0, Workers: 4
[4078.445s][debug][gc,phases      ] GC(219)     Dead                           Min: 0, Avg:  0.0, Max: 0, Diff: 0, Sum: 0, Workers: 4
[4078.445s][debug][gc,phases      ] GC(219)     Total                          Min: 0, Avg: 193.8, Max: 543, Diff: 543, Sum: 775, Workers: 4
[4078.445s][debug][gc,phases      ] GC(219)   ObjectSynchronizer Weak        Min:  0.0, Avg:  0.0, Max:  0.0, Diff:  0.0, Sum:  0.0, Workers: 4
[4078.445s][debug][gc,phases      ] GC(219)     Dead                           Min: 0, Avg:  0.0, Max: 0, Diff: 0, Sum: 0, Workers: 4
[4078.445s][debug][gc,phases      ] GC(219)     Total                          Min: 0, Avg:  8.5, Max: 34, Diff: 34, Sum: 34, Workers: 4
[4078.445s][debug][gc,phases      ] GC(219)   JVMTI Tag Weak OopStorage      Min:  0.0, Avg:  0.0, Max:  0.0, Diff:  0.0, Sum:  0.0, Workers: 4
[4078.445s][debug][gc,phases      ] GC(219)     Dead                           Min: 0, Avg:  0.0, Max: 0, Diff: 0, Sum: 0, Workers: 4
[4078.445s][debug][gc,phases      ] GC(219)     Total                          Min: 0, Avg:  0.0, Max: 0, Diff: 0, Sum: 0, Workers: 4
[4078.445s][debug][gc,phases      ] GC(219)   StringTable Weak               Min:  0.0, Avg:  0.1, Max:  0.2, Diff:  0.2, Sum:  0.4, Workers: 4
[4078.445s][debug][gc,phases      ] GC(219)     Dead                           Min: 0, Avg:  0.2, Max: 1, Diff: 1, Sum: 1, Workers: 4
[4078.445s][debug][gc,phases      ] GC(219)     Total                          Min: 0, Avg: 10937.5, Max: 22204, Diff: 22204, Sum: 43750, Workers: 4
[4078.445s][debug][gc,phases      ] GC(219)   ResolvedMethodTable Weak       Min:  0.0, Avg:  0.0, Max:  0.0, Diff:  0.0, Sum:  0.1, Workers: 4
[4078.445s][debug][gc,phases      ] GC(219)     Dead                           Min: 0, Avg:  0.0, Max: 0, Diff: 0, Sum: 0, Workers: 4
[4078.445s][debug][gc,phases      ] GC(219)     Total                          Min: 0, Avg: 2427.2, Max: 5248, Diff: 5248, Sum: 9709, Workers: 4
[4078.445s][debug][gc,phases      ] GC(219)   JNI Weak                       Min:  0.0, Avg:  0.0, Max:  0.0, Diff:  0.0, Sum:  0.0, Workers: 4
[4078.445s][debug][gc,phases      ] GC(219)     Dead                           Min: 0, Avg:  0.0, Max: 0, Diff: 0, Sum: 0, Workers: 4
[4078.445s][debug][gc,phases      ] GC(219)     Total                          Min: 0, Avg: 11.2, Max: 45, Diff: 45, Sum: 45, Workers: 4
[4078.445s][debug][gc,phases      ] GC(219)   StringDedup Table Weak         Min:  0.0, Avg:  0.0, Max:  0.0, Diff:  0.0, Sum:  0.0, Workers: 4
[4078.445s][debug][gc,phases      ] GC(219)     Dead                           Min: 0, Avg:  0.0, Max: 0, Diff: 0, Sum: 0, Workers: 4
[4078.445s][debug][gc,phases      ] GC(219)     Total                          Min: 0, Avg:  0.0, Max: 0, Diff: 0, Sum: 0, Workers: 4
[4078.445s][debug][gc,phases      ] GC(219)   StringDedup Requests0 Weak     Min:  0.0, Avg:  0.0, Max:  0.0, Diff:  0.0, Sum:  0.0, Workers: 4
[4078.445s][debug][gc,phases      ] GC(219)     Dead                           Min: 0, Avg:  0.0, Max: 0, Diff: 0, Sum: 0, Workers: 4
[4078.445s][debug][gc,phases      ] GC(219)     Total                          Min: 0, Avg:  0.0, Max: 0, Diff: 0, Sum: 0, Workers: 4
[4078.445s][debug][gc,phases      ] GC(219)   StringDedup Requests1 Weak     Min:  0.0, Avg:  0.0, Max:  0.0, Diff:  0.0, Sum:  0.0, Workers: 4
[4078.445s][debug][gc,phases      ] GC(219)     Dead                           Min: 0, Avg:  0.0, Max: 0, Diff: 0, Sum: 0, Workers: 4
[4078.445s][debug][gc,phases      ] GC(219)     Total                          Min: 0, Avg:  0.0, Max: 0, Diff: 0, Sum: 0, Workers: 4
[4078.445s][debug][gc,phases      ] GC(219)   Weak JFR Old Object Samples    Min:  0.0, Avg:  0.0, Max:  0.0, Diff:  0.0, Sum:  0.0, Workers: 4
[4078.445s][debug][gc,phases      ] GC(219)     Dead                           Min: 0, Avg:  0.0, Max: 0, Diff: 0, Sum: 0, Workers: 4
[4078.445s][debug][gc,phases      ] GC(219)     Total                          Min: 0, Avg:  0.0, Max: 0, Diff: 0, Sum: 0, Workers: 4
[4078.445s][debug][gc,phases      ] GC(219) Weak Processing 0.444ms
[4078.445s][debug][gc,age         ] GC(219) Desired survivor size 273678336 bytes, new threshold 15 (max threshold 15)
[4078.445s][info ][gc,heap        ] GC(219) PSYoungGen: 1723173K(1833472K)->186186K(1827328K) Eden: 1563479K(1563648K)->0K(1563648K) From: 159693K(269824K)->186186K(263680K)
[4078.445s][info ][gc,heap        ] GC(219) ParOldGen: 595976K(653312K)->596444K(653312K)
[4078.445s][info ][gc,metaspace   ] GC(219) Metaspace: 83448K(84480K)->83448K(84480K) NonClass: 71781K(72320K)->71781K(72320K) Class: 11667K(12160K)->11667K(12160K)
[4078.445s][info ][gc             ] GC(219) Pause Young (Allocation Failure) 2264M->764M(2422M) 61.730ms
[4078.445s][info ][gc,cpu         ] GC(219) User=0.21s Sys=0.00s Real=0.07s
[4078.445s][info ][safepoint      ] Safepoint "ParallelGCFailedAllocation", Time since last: 3077964872 ns, Reaching safepoint: 106203 ns, At safepoint: 61817337 ns, Total: 61923540 ns
[4080.445s][info ][safepoint      ] Safepoint "Cleanup", Time since last: 2000177024 ns, Reaching safepoint: 126603 ns, At safepoint: 11401 ns, Total: 138004 ns
[4082.446s][info ][safepoint      ] Safepoint "Cleanup", Time since last: 2000195133 ns, Reaching safepoint: 127803 ns, At safepoint: 6800 ns, Total: 134603 ns
[4085.446s][info ][safepoint      ] Safepoint "Cleanup", Time since last: 3000300249 ns, Reaching safepoint: 198705 ns, At safepoint: 10000 ns, Total: 208705 ns
[4086.446s][info ][safepoint      ] Safepoint "Cleanup", Time since last: 1000137118 ns, Reaching safepoint: 116402 ns, At safepoint: 9300 ns, Total: 125702 ns
[4086.842s][info ][gc,start       ] GC(220) Pause Young (Allocation Failure)
[4086.896s][debug][gc,phases      ] GC(220) Scavenge 53.745ms
[4086.896s][debug][gc,ref         ] GC(220) Skipped phase 1 of Reference Processing: no references
[4086.896s][debug][gc,ref         ] GC(220) ReferenceProcessor::execute queues: 1, RefProcThreadModel::Single, marks_oops_alive: false
[4086.896s][debug][gc,ref         ] GC(220) Skipped phase 3 of Reference Processing: no references
[4086.896s][debug][gc,ref         ] GC(220) ReferenceProcessor::execute queues: 1, RefProcThreadModel::Single, marks_oops_alive: false
[4086.896s][debug][gc,phases      ] GC(220) Reference Processing 0.120ms
[4086.897s][debug][gc,phases      ] GC(220)   VM Weak                        Min:  0.0, Avg:  0.0, Max:  0.0, Diff:  0.0, Sum:  0.0, Workers: 4
[4086.897s][debug][gc,phases      ] GC(220)     Dead                           Min: 0, Avg:  0.0, Max: 0, Diff: 0, Sum: 0, Workers: 4
[4086.897s][debug][gc,phases      ] GC(220)     Total                          Min: 0, Avg: 193.8, Max: 410, Diff: 410, Sum: 775, Workers: 4
[4086.897s][debug][gc,phases      ] GC(220)   ObjectSynchronizer Weak        Min:  0.0, Avg:  0.0, Max:  0.0, Diff:  0.0, Sum:  0.0, Workers: 4
[4086.897s][debug][gc,phases      ] GC(220)     Dead                           Min: 0, Avg:  0.0, Max: 0, Diff: 0, Sum: 0, Workers: 4
[4086.897s][debug][gc,phases      ] GC(220)     Total                          Min: 0, Avg:  8.5, Max: 34, Diff: 34, Sum: 34, Workers: 4
[4086.897s][debug][gc,phases      ] GC(220)   JVMTI Tag Weak OopStorage      Min:  0.0, Avg:  0.0, Max:  0.0, Diff:  0.0, Sum:  0.0, Workers: 4
[4086.897s][debug][gc,phases      ] GC(220)     Dead                           Min: 0, Avg:  0.0, Max: 0, Diff: 0, Sum: 0, Workers: 4
[4086.897s][debug][gc,phases      ] GC(220)     Total                          Min: 0, Avg:  0.0, Max: 0, Diff: 0, Sum: 0, Workers: 4
[4086.897s][debug][gc,phases      ] GC(220)   StringTable Weak               Min:  0.0, Avg:  0.1, Max:  0.2, Diff:  0.2, Sum:  0.4, Workers: 4
[4086.897s][debug][gc,phases      ] GC(220)     Dead                           Min: 0, Avg:  0.0, Max: 0, Diff: 0, Sum: 0, Workers: 4
[4086.897s][debug][gc,phases      ] GC(220)     Total                          Min: 0, Avg: 10937.5, Max: 23210, Diff: 23210, Sum: 43750, Workers: 4
[4086.897s][debug][gc,phases      ] GC(220)   ResolvedMethodTable Weak       Min:  0.0, Avg:  0.0, Max:  0.0, Diff:  0.0, Sum:  0.1, Workers: 4
[4086.897s][debug][gc,phases      ] GC(220)     Dead                           Min: 0, Avg:  0.0, Max: 0, Diff: 0, Sum: 0, Workers: 4
[4086.897s][debug][gc,phases      ] GC(220)     Total                          Min: 0, Avg: 2427.2, Max: 5567, Diff: 5567, Sum: 9709, Workers: 4
[4086.897s][debug][gc,phases      ] GC(220)   JNI Weak                       Min:  0.0, Avg:  0.0, Max:  0.0, Diff:  0.0, Sum:  0.0, Workers: 4
[4086.897s][debug][gc,phases      ] GC(220)     Dead                           Min: 0, Avg:  0.0, Max: 0, Diff: 0, Sum: 0, Workers: 4
[4086.897s][debug][gc,phases      ] GC(220)     Total                          Min: 0, Avg: 11.2, Max: 45, Diff: 45, Sum: 45, Workers: 4
[4086.897s][debug][gc,phases      ] GC(220)   StringDedup Table Weak         Min:  0.0, Avg:  0.0, Max:  0.0, Diff:  0.0, Sum:  0.0, Workers: 4
[4086.897s][debug][gc,phases      ] GC(220)     Dead                           Min: 0, Avg:  0.0, Max: 0, Diff: 0, Sum: 0, Workers: 4
[4086.897s][debug][gc,phases      ] GC(220)     Total                          Min: 0, Avg:  0.0, Max: 0, Diff: 0, Sum: 0, Workers: 4
[4086.897s][debug][gc,phases      ] GC(220)   StringDedup Requests0 Weak     Min:  0.0, Avg:  0.0, Max:  0.0, Diff:  0.0, Sum:  0.0, Workers: 4
[4086.897s][debug][gc,phases      ] GC(220)     Dead                           Min: 0, Avg:  0.0, Max: 0, Diff: 0, Sum: 0, Workers: 4
[4086.897s][debug][gc,phases      ] GC(220)     Total                          Min: 0, Avg:  0.0, Max: 0, Diff: 0, Sum: 0, Workers: 4
[4086.897s][debug][gc,phases      ] GC(220)   StringDedup Requests1 Weak     Min:  0.0, Avg:  0.0, Max:  0.0, Diff:  0.0, Sum:  0.0, Workers: 4
[4086.897s][debug][gc,phases      ] GC(220)     Dead                           Min: 0, Avg:  0.0, Max: 0, Diff: 0, Sum: 0, Workers: 4
[4086.897s][debug][gc,phases      ] GC(220)     Total                          Min: 0, Avg:  0.0, Max: 0, Diff: 0, Sum: 0, Workers: 4
[4086.897s][debug][gc,phases      ] GC(220)   Weak JFR Old Object Samples    Min:  0.0, Avg:  0.0, Max:  0.0, Diff:  0.0, Sum:  0.0, Workers: 4
[4086.897s][debug][gc,phases      ] GC(220)     Dead                           Min: 0, Avg:  0.0, Max: 0, Diff: 0, Sum: 0, Workers: 4
[4086.897s][debug][gc,phases      ] GC(220)     Total                          Min: 0, Avg:  0.0, Max: 0, Diff: 0, Sum: 0, Workers: 4
[4086.897s][debug][gc,phases      ] GC(220) Weak Processing 0.445ms
[4086.897s][debug][gc,age         ] GC(220) Desired survivor size 271581184 bytes, new threshold 15 (max threshold 15)
[4086.897s][info ][gc,heap        ] GC(220) PSYoungGen: 1749834K(1827328K)->173850K(1831936K) Eden: 1563648K(1563648K)->0K(1564672K) From: 186186K(263680K)->173850K(267264K)
[4086.897s][info ][gc,heap        ] GC(220) ParOldGen: 596444K(653312K)->605380K(653312K)
[4086.897s][info ][gc,metaspace   ] GC(220) Metaspace: 83451K(84480K)->83451K(84480K) NonClass: 71783K(72320K)->71783K(72320K) Class: 11667K(12160K)->11667K(12160K)
[4086.897s][info ][gc             ] GC(220) Pause Young (Allocation Failure) 2291M->760M(2427M) 54.454ms
[4086.897s][info ][gc,cpu         ] GC(220) User=0.19s Sys=0.01s Real=0.06s
[4086.897s][info ][safepoint      ] Safepoint "ParallelGCFailedAllocation", Time since last: 395782870 ns, Reaching safepoint: 107902 ns, At safepoint: 54535250 ns, Total: 54643152 ns
[4087.897s][info ][safepoint      ] Safepoint "Cleanup", Time since last: 1000102662 ns, Reaching safepoint: 122503 ns, At safepoint: 9000 ns, Total: 131503 ns
[4088.897s][info ][safepoint      ] Safepoint "Cleanup", Time since last: 1000124844 ns, Reaching safepoint: 122203 ns, At safepoint: 6900 ns, Total: 129103 ns
[4091.898s][info ][safepoint      ] Safepoint "Cleanup", Time since last: 3000270230 ns, Reaching safepoint: 125303 ns, At safepoint: 8200 ns, Total: 133503 ns
[4093.898s][info ][safepoint      ] Safepoint "Cleanup", Time since last: 2000193595 ns, Reaching safepoint: 125803 ns, At safepoint: 6501 ns, Total: 132304 ns
[4095.898s][info ][safepoint      ] Safepoint "Cleanup", Time since last: 2000195336 ns, Reaching safepoint: 131003 ns, At safepoint: 6300 ns, Total: 137303 ns
[4098.248s][info ][gc,start       ] GC(221) Pause Young (Allocation Failure)
[4098.312s][debug][gc,phases      ] GC(221) Scavenge 64.063ms
[4098.312s][debug][gc,ref         ] GC(221) Skipped phase 1 of Reference Processing: no references
[4098.312s][debug][gc,ref         ] GC(221) ReferenceProcessor::execute queues: 1, RefProcThreadModel::Single, marks_oops_alive: false
[4098.312s][debug][gc,ref         ] GC(221) Skipped phase 3 of Reference Processing: no references
[4098.312s][debug][gc,ref         ] GC(221) ReferenceProcessor::execute queues: 1, RefProcThreadModel::Single, marks_oops_alive: false
[4098.312s][debug][gc,phases      ] GC(221) Reference Processing 0.226ms
[4098.313s][debug][gc,phases      ] GC(221)   VM Weak                        Min:  0.0, Avg:  0.0, Max:  0.0, Diff:  0.0, Sum:  0.0, Workers: 4
[4098.313s][debug][gc,phases      ] GC(221)     Dead                           Min: 0, Avg:  0.0, Max: 0, Diff: 0, Sum: 0, Workers: 4
[4098.313s][debug][gc,phases      ] GC(221)     Total                          Min: 0, Avg: 193.8, Max: 456, Diff: 456, Sum: 775, Workers: 4
[4098.313s][debug][gc,phases      ] GC(221)   ObjectSynchronizer Weak        Min:  0.0, Avg:  0.0, Max:  0.0, Diff:  0.0, Sum:  0.0, Workers: 4
[4098.313s][debug][gc,phases      ] GC(221)     Dead                           Min: 0, Avg:  0.0, Max: 0, Diff: 0, Sum: 0, Workers: 4
[4098.313s][debug][gc,phases      ] GC(221)     Total                          Min: 0, Avg:  8.5, Max: 34, Diff: 34, Sum: 34, Workers: 4
[4098.313s][debug][gc,phases      ] GC(221)   JVMTI Tag Weak OopStorage      Min:  0.0, Avg:  0.0, Max:  0.0, Diff:  0.0, Sum:  0.0, Workers: 4
[4098.313s][debug][gc,phases      ] GC(221)     Dead                           Min: 0, Avg:  0.0, Max: 0, Diff: 0, Sum: 0, Workers: 4
[4098.313s][debug][gc,phases      ] GC(221)     Total                          Min: 0, Avg:  0.0, Max: 0, Diff: 0, Sum: 0, Workers: 4
[4098.313s][debug][gc,phases      ] GC(221)   StringTable Weak               Min:  0.0, Avg:  0.1, Max:  0.1, Diff:  0.1, Sum:  0.4, Workers: 4
[4098.313s][debug][gc,phases      ] GC(221)     Dead                           Min: 0, Avg:  0.0, Max: 0, Diff: 0, Sum: 0, Workers: 4
[4098.313s][debug][gc,phases      ] GC(221)     Total                          Min: 0, Avg: 10937.5, Max: 14890, Diff: 14890, Sum: 43750, Workers: 4
[4098.313s][debug][gc,phases      ] GC(221)   ResolvedMethodTable Weak       Min:  0.0, Avg:  0.0, Max:  0.0, Diff:  0.0, Sum:  0.1, Workers: 4
[4098.313s][debug][gc,phases      ] GC(221)     Dead                           Min: 0, Avg:  0.0, Max: 0, Diff: 0, Sum: 0, Workers: 4
[4098.313s][debug][gc,phases      ] GC(221)     Total                          Min: 0, Avg: 2427.2, Max: 3821, Diff: 3821, Sum: 9709, Workers: 4
[4098.313s][debug][gc,phases      ] GC(221)   JNI Weak                       Min:  0.0, Avg:  0.0, Max:  0.0, Diff:  0.0, Sum:  0.0, Workers: 4
[4098.313s][debug][gc,phases      ] GC(221)     Dead                           Min: 0, Avg:  0.0, Max: 0, Diff: 0, Sum: 0, Workers: 4
[4098.313s][debug][gc,phases      ] GC(221)     Total                          Min: 0, Avg: 11.2, Max: 45, Diff: 45, Sum: 45, Workers: 4
[4098.313s][debug][gc,phases      ] GC(221)   StringDedup Table Weak         Min:  0.0, Avg:  0.0, Max:  0.0, Diff:  0.0, Sum:  0.0, Workers: 4
[4098.313s][debug][gc,phases      ] GC(221)     Dead                           Min: 0, Avg:  0.0, Max: 0, Diff: 0, Sum: 0, Workers: 4
[4098.313s][debug][gc,phases      ] GC(221)     Total                          Min: 0, Avg:  0.0, Max: 0, Diff: 0, Sum: 0, Workers: 4
[4098.313s][debug][gc,phases      ] GC(221)   StringDedup Requests0 Weak     Min:  0.0, Avg:  0.0, Max:  0.0, Diff:  0.0, Sum:  0.0, Workers: 4
[4098.313s][debug][gc,phases      ] GC(221)     Dead                           Min: 0, Avg:  0.0, Max: 0, Diff: 0, Sum: 0, Workers: 4
[4098.313s][debug][gc,phases      ] GC(221)     Total                          Min: 0, Avg:  0.0, Max: 0, Diff: 0, Sum: 0, Workers: 4
[4098.313s][debug][gc,phases      ] GC(221)   StringDedup Requests1 Weak     Min:  0.0, Avg:  0.0, Max:  0.0, Diff:  0.0, Sum:  0.0, Workers: 4
[4098.313s][debug][gc,phases      ] GC(221)     Dead                           Min: 0, Avg:  0.0, Max: 0, Diff: 0, Sum: 0, Workers: 4
[4098.313s][debug][gc,phases      ] GC(221)     Total                          Min: 0, Avg:  0.0, Max: 0, Diff: 0, Sum: 0, Workers: 4
[4098.313s][debug][gc,phases      ] GC(221)   Weak JFR Old Object Samples    Min:  0.0, Avg:  0.0, Max:  0.0, Diff:  0.0, Sum:  0.0, Workers: 4
[4098.313s][debug][gc,phases      ] GC(221)     Dead                           Min: 0, Avg:  0.0, Max: 0, Diff: 0, Sum: 0, Workers: 4
[4098.313s][debug][gc,phases      ] GC(221)     Total                          Min: 0, Avg:  0.0, Max: 0, Diff: 0, Sum: 0, Workers: 4
[4098.313s][debug][gc,phases      ] GC(221) Weak Processing 0.403ms
[4098.313s][debug][gc,age         ] GC(221) Desired survivor size 268959744 bytes, new threshold 15 (max threshold 15)
[4098.313s][info ][gc,heap        ] GC(221) PSYoungGen: 1738522K(1831936K)->173514K(1829888K) Eden: 1564672K(1564672K)->0K(1564672K) From: 173850K(267264K)->173514K(265216K)
[4098.313s][info ][gc,heap        ] GC(221) ParOldGen: 605380K(653312K)->605948K(653312K)
[4098.313s][info ][gc,metaspace   ] GC(221) Metaspace: 83462K(84480K)->83462K(84480K) NonClass: 71795K(72320K)->71795K(72320K) Class: 11667K(12160K)->11667K(12160K)
[4098.313s][info ][gc             ] GC(221) Pause Young (Allocation Failure) 2288M->761M(2425M) 64.845ms
[4098.313s][info ][gc,cpu         ] GC(221) User=0.17s Sys=0.00s Real=0.07s
[4098.313s][info ][safepoint      ] Safepoint "ParallelGCFailedAllocation", Time since last: 2349495717 ns, Reaching safepoint: 130103 ns, At safepoint: 64943060 ns, Total: 65073163 ns
[4099.313s][info ][safepoint      ] Safepoint "Cleanup", Time since last: 1000088350 ns, Reaching safepoint: 44901 ns, At safepoint: 3100 ns, Total: 48001 ns
[4100.313s][info ][safepoint      ] Safepoint "Cleanup", Time since last: 1000109150 ns, Reaching safepoint: 44901 ns, At safepoint: 3200 ns, Total: 48101 ns
[4101.313s][info ][safepoint      ] Safepoint "Cleanup", Time since last: 1000121851 ns, Reaching safepoint: 46701 ns, At safepoint: 2900 ns, Total: 49601 ns
[4102.314s][info ][safepoint      ] Safepoint "Cleanup", Time since last: 1000087819 ns, Reaching safepoint: 119203 ns, At safepoint: 13100 ns, Total: 132303 ns
[4103.791s][info ][gc,start       ] GC(222) Pause Young (Allocation Failure)
[4103.848s][debug][gc,phases      ] GC(222) Scavenge 56.923ms
[4103.848s][debug][gc,ref         ] GC(222) Skipped phase 1 of Reference Processing: no references
[4103.848s][debug][gc,ref         ] GC(222) ReferenceProcessor::execute queues: 1, RefProcThreadModel::Single, marks_oops_alive: false
[4103.848s][debug][gc,ref         ] GC(222) Skipped phase 3 of Reference Processing: no references
[4103.848s][debug][gc,ref         ] GC(222) ReferenceProcessor::execute queues: 1, RefProcThreadModel::Single, marks_oops_alive: false
[4103.848s][debug][gc,phases      ] GC(222) Reference Processing 0.124ms
[4103.848s][debug][gc,phases      ] GC(222)   VM Weak                        Min:  0.0, Avg:  0.0, Max:  0.0, Diff:  0.0, Sum:  0.0, Workers: 4
[4103.848s][debug][gc,phases      ] GC(222)     Dead                           Min: 0, Avg:  0.0, Max: 0, Diff: 0, Sum: 0, Workers: 4
[4103.848s][debug][gc,phases      ] GC(222)     Total                          Min: 0, Avg: 193.8, Max: 775, Diff: 775, Sum: 775, Workers: 4
[4103.848s][debug][gc,phases      ] GC(222)   ObjectSynchronizer Weak        Min:  0.0, Avg:  0.0, Max:  0.0, Diff:  0.0, Sum:  0.0, Workers: 4
[4103.848s][debug][gc,phases      ] GC(222)     Dead                           Min: 0, Avg:  0.0, Max: 0, Diff: 0, Sum: 0, Workers: 4
[4103.848s][debug][gc,phases      ] GC(222)     Total                          Min: 0, Avg:  8.5, Max: 34, Diff: 34, Sum: 34, Workers: 4
[4103.848s][debug][gc,phases      ] GC(222)   JVMTI Tag Weak OopStorage      Min:  0.0, Avg:  0.0, Max:  0.0, Diff:  0.0, Sum:  0.0, Workers: 4
[4103.848s][debug][gc,phases      ] GC(222)     Dead                           Min: 0, Avg:  0.0, Max: 0, Diff: 0, Sum: 0, Workers: 4
[4103.848s][debug][gc,phases      ] GC(222)     Total                          Min: 0, Avg:  0.0, Max: 0, Diff: 0, Sum: 0, Workers: 4
[4103.848s][debug][gc,phases      ] GC(222)   StringTable Weak               Min:  0.0, Avg:  0.1, Max:  0.2, Diff:  0.2, Sum:  0.4, Workers: 4
[4103.848s][debug][gc,phases      ] GC(222)     Dead                           Min: 0, Avg:  0.0, Max: 0, Diff: 0, Sum: 0, Workers: 4
[4103.848s][debug][gc,phases      ] GC(222)     Total                          Min: 0, Avg: 10937.5, Max: 15550, Diff: 15550, Sum: 43750, Workers: 4
[4103.848s][debug][gc,phases      ] GC(222)   ResolvedMethodTable Weak       Min:  0.0, Avg:  0.0, Max:  0.0, Diff:  0.0, Sum:  0.1, Workers: 4
[4103.848s][debug][gc,phases      ] GC(222)     Dead                           Min: 0, Avg:  0.0, Max: 0, Diff: 0, Sum: 0, Workers: 4
[4103.848s][debug][gc,phases      ] GC(222)     Total                          Min: 0, Avg: 2427.2, Max: 3310, Diff: 3310, Sum: 9709, Workers: 4
[4103.848s][debug][gc,phases      ] GC(222)   JNI Weak                       Min:  0.0, Avg:  0.0, Max:  0.0, Diff:  0.0, Sum:  0.0, Workers: 4
[4103.848s][debug][gc,phases      ] GC(222)     Dead                           Min: 0, Avg:  0.0, Max: 0, Diff: 0, Sum: 0, Workers: 4
[4103.848s][debug][gc,phases      ] GC(222)     Total                          Min: 0, Avg: 11.2, Max: 45, Diff: 45, Sum: 45, Workers: 4
[4103.848s][debug][gc,phases      ] GC(222)   StringDedup Table Weak         Min:  0.0, Avg:  0.0, Max:  0.0, Diff:  0.0, Sum:  0.0, Workers: 4
[4103.848s][debug][gc,phases      ] GC(222)     Dead                           Min: 0, Avg:  0.0, Max: 0, Diff: 0, Sum: 0, Workers: 4
[4103.848s][debug][gc,phases      ] GC(222)     Total                          Min: 0, Avg:  0.0, Max: 0, Diff: 0, Sum: 0, Workers: 4
[4103.848s][debug][gc,phases      ] GC(222)   StringDedup Requests0 Weak     Min:  0.0, Avg:  0.0, Max:  0.0, Diff:  0.0, Sum:  0.0, Workers: 4
[4103.848s][debug][gc,phases      ] GC(222)     Dead                           Min: 0, Avg:  0.0, Max: 0, Diff: 0, Sum: 0, Workers: 4
[4103.848s][debug][gc,phases      ] GC(222)     Total                          Min: 0, Avg:  0.0, Max: 0, Diff: 0, Sum: 0, Workers: 4
[4103.848s][debug][gc,phases      ] GC(222)   StringDedup Requests1 Weak     Min:  0.0, Avg:  0.0, Max:  0.0, Diff:  0.0, Sum:  0.0, Workers: 4
[4103.848s][debug][gc,phases      ] GC(222)     Dead                           Min: 0, Avg:  0.0, Max: 0, Diff: 0, Sum: 0, Workers: 4
[4103.848s][debug][gc,phases      ] GC(222)     Total                          Min: 0, Avg:  0.0, Max: 0, Diff: 0, Sum: 0, Workers: 4
[4103.848s][debug][gc,phases      ] GC(222)   Weak JFR Old Object Samples    Min:  0.0, Avg:  0.0, Max:  0.0, Diff:  0.0, Sum:  0.0, Workers: 4
[4103.848s][debug][gc,phases      ] GC(222)     Dead                           Min: 0, Avg:  0.0, Max: 0, Diff: 0, Sum: 0, Workers: 4
[4103.848s][debug][gc,phases      ] GC(222)     Total                          Min: 0, Avg:  0.0, Max: 0, Diff: 0, Sum: 0, Workers: 4
[4103.848s][debug][gc,phases      ] GC(222) Weak Processing 0.400ms
[4103.848s][debug][gc,age         ] GC(222) Desired survivor size 264241152 bytes, new threshold 15 (max threshold 15)
[4103.848s][info ][gc,heap        ] GC(222) PSYoungGen: 1738186K(1829888K)->170941K(1839104K) Eden: 1564672K(1564672K)->0K(1576448K) From: 173514K(265216K)->170941K(262656K)
[4103.848s][info ][gc,heap        ] GC(222) ParOldGen: 605948K(653312K)->627788K(653312K)
[4103.848s][info ][gc,metaspace   ] GC(222) Metaspace: 83463K(84480K)->83463K(84480K) NonClass: 71796K(72320K)->71796K(72320K) Class: 11667K(12160K)->11667K(12160K)
[4103.848s][info ][gc             ] GC(222) Pause Young (Allocation Failure) 2289M->780M(2434M) 57.592ms
[4103.848s][info ][gc,cpu         ] GC(222) User=0.20s Sys=0.00s Real=0.06s
[4103.848s][info ][safepoint      ] Safepoint "ParallelGCFailedAllocation", Time since last: 1476847869 ns, Reaching safepoint: 35101 ns, At safepoint: 57674824 ns, Total: 57709925 ns
[4104.848s][info ][safepoint      ] Safepoint "Cleanup", Time since last: 1000097160 ns, Reaching safepoint: 128103 ns, At safepoint: 7100 ns, Total: 135203 ns
[4105.849s][info ][safepoint      ] Safepoint "Cleanup", Time since last: 1000123560 ns, Reaching safepoint: 120303 ns, At safepoint: 6300 ns, Total: 126603 ns
[4107.849s][info ][safepoint      ] Safepoint "Cleanup", Time since last: 2000186119 ns, Reaching safepoint: 123203 ns, At safepoint: 24401 ns, Total: 147604 ns
[4113.243s][info ][gc,start       ] GC(223) Pause Young (Allocation Failure)
[4113.289s][debug][gc,phases      ] GC(223) Scavenge 46.207ms
[4113.289s][debug][gc,ref         ] GC(223) Skipped phase 1 of Reference Processing: no references
[4113.289s][debug][gc,ref         ] GC(223) ReferenceProcessor::execute queues: 1, RefProcThreadModel::Single, marks_oops_alive: false
[4113.289s][debug][gc,ref         ] GC(223) Skipped phase 3 of Reference Processing: no references
[4113.289s][debug][gc,ref         ] GC(223) ReferenceProcessor::execute queues: 1, RefProcThreadModel::Single, marks_oops_alive: false
[4113.289s][debug][gc,phases      ] GC(223) Reference Processing 0.144ms
[4113.290s][debug][gc,phases      ] GC(223)   VM Weak                        Min:  0.0, Avg:  0.0, Max:  0.0, Diff:  0.0, Sum:  0.0, Workers: 4
[4113.290s][debug][gc,phases      ] GC(223)     Dead                           Min: 0, Avg:  0.0, Max: 0, Diff: 0, Sum: 0, Workers: 4
[4113.290s][debug][gc,phases      ] GC(223)     Total                          Min: 0, Avg: 193.8, Max: 360, Diff: 360, Sum: 775, Workers: 4
[4113.290s][debug][gc,phases      ] GC(223)   ObjectSynchronizer Weak        Min:  0.0, Avg:  0.0, Max:  0.0, Diff:  0.0, Sum:  0.0, Workers: 4
[4113.290s][debug][gc,phases      ] GC(223)     Dead                           Min: 0, Avg:  0.0, Max: 0, Diff: 0, Sum: 0, Workers: 4
[4113.290s][debug][gc,phases      ] GC(223)     Total                          Min: 0, Avg:  8.5, Max: 34, Diff: 34, Sum: 34, Workers: 4
[4113.290s][debug][gc,phases      ] GC(223)   JVMTI Tag Weak OopStorage      Min:  0.0, Avg:  0.0, Max:  0.0, Diff:  0.0, Sum:  0.0, Workers: 4
[4113.290s][debug][gc,phases      ] GC(223)     Dead                           Min: 0, Avg:  0.0, Max: 0, Diff: 0, Sum: 0, Workers: 4
[4113.290s][debug][gc,phases      ] GC(223)     Total                          Min: 0, Avg:  0.0, Max: 0, Diff: 0, Sum: 0, Workers: 4
[4113.290s][debug][gc,phases      ] GC(223)   StringTable Weak               Min:  0.0, Avg:  0.1, Max:  0.2, Diff:  0.2, Sum:  0.4, Workers: 4
[4113.290s][debug][gc,phases      ] GC(223)     Dead                           Min: 0, Avg:  0.0, Max: 0, Diff: 0, Sum: 0, Workers: 4
[4113.290s][debug][gc,phases      ] GC(223)     Total                          Min: 0, Avg: 10937.8, Max: 14973, Diff: 14973, Sum: 43751, Workers: 4
[4113.290s][debug][gc,phases      ] GC(223)   ResolvedMethodTable Weak       Min:  0.0, Avg:  0.0, Max:  0.0, Diff:  0.0, Sum:  0.1, Workers: 4
[4113.290s][debug][gc,phases      ] GC(223)     Dead                           Min: 0, Avg:  0.0, Max: 0, Diff: 0, Sum: 0, Workers: 4
[4113.290s][debug][gc,phases      ] GC(223)     Total                          Min: 0, Avg: 2427.2, Max: 3328, Diff: 3328, Sum: 9709, Workers: 4
[4113.290s][debug][gc,phases      ] GC(223)   JNI Weak                       Min:  0.0, Avg:  0.0, Max:  0.0, Diff:  0.0, Sum:  0.0, Workers: 4
[4113.290s][debug][gc,phases      ] GC(223)     Dead                           Min: 0, Avg:  0.0, Max: 0, Diff: 0, Sum: 0, Workers: 4
[4113.290s][debug][gc,phases      ] GC(223)     Total                          Min: 0, Avg: 11.2, Max: 45, Diff: 45, Sum: 45, Workers: 4
[4113.290s][debug][gc,phases      ] GC(223)   StringDedup Table Weak         Min:  0.0, Avg:  0.0, Max:  0.0, Diff:  0.0, Sum:  0.0, Workers: 4
[4113.290s][debug][gc,phases      ] GC(223)     Dead                           Min: 0, Avg:  0.0, Max: 0, Diff: 0, Sum: 0, Workers: 4
[4113.290s][debug][gc,phases      ] GC(223)     Total                          Min: 0, Avg:  0.0, Max: 0, Diff: 0, Sum: 0, Workers: 4
[4113.290s][debug][gc,phases      ] GC(223)   StringDedup Requests0 Weak     Min:  0.0, Avg:  0.0, Max:  0.0, Diff:  0.0, Sum:  0.0, Workers: 4
[4113.290s][debug][gc,phases      ] GC(223)     Dead                           Min: 0, Avg:  0.0, Max: 0, Diff: 0, Sum: 0, Workers: 4
[4113.290s][debug][gc,phases      ] GC(223)     Total                          Min: 0, Avg:  0.0, Max: 0, Diff: 0, Sum: 0, Workers: 4
[4113.290s][debug][gc,phases      ] GC(223)   StringDedup Requests1 Weak     Min:  0.0, Avg:  0.0, Max:  0.0, Diff:  0.0, Sum:  0.0, Workers: 4
[4113.290s][debug][gc,phases      ] GC(223)     Dead                           Min: 0, Avg:  0.0, Max: 0, Diff: 0, Sum: 0, Workers: 4
[4113.290s][debug][gc,phases      ] GC(223)     Total                          Min: 0, Avg:  0.0, Max: 0, Diff: 0, Sum: 0, Workers: 4
[4113.290s][debug][gc,phases      ] GC(223)   Weak JFR Old Object Samples    Min:  0.0, Avg:  0.0, Max:  0.0, Diff:  0.0, Sum:  0.0, Workers: 4
[4113.290s][debug][gc,phases      ] GC(223)     Dead                           Min: 0, Avg:  0.0, Max: 0, Diff: 0, Sum: 0, Workers: 4
[4113.290s][debug][gc,phases      ] GC(223)     Total                          Min: 0, Avg:  0.0, Max: 0, Diff: 0, Sum: 0, Workers: 4
[4113.290s][debug][gc,phases      ] GC(223) Weak Processing 0.398ms
[4113.290s][debug][gc,age         ] GC(223) Desired survivor size 258998272 bytes, new threshold 15 (max threshold 15)
[4113.290s][info ][gc,heap        ] GC(223) PSYoungGen: 1747389K(1839104K)->168074K(1834496K) Eden: 1576448K(1576448K)->0K(1576448K) From: 170941K(262656K)->168074K(258048K)
[4113.290s][info ][gc,heap        ] GC(223) ParOldGen: 627788K(653312K)->629160K(653312K)
[4113.290s][info ][gc,metaspace   ] GC(223) Metaspace: 83464K(84480K)->83464K(84480K) NonClass: 71796K(72320K)->71796K(72320K) Class: 11667K(12160K)->11667K(12160K)
[4113.290s][info ][gc             ] GC(223) Pause Young (Allocation Failure) 2319M->778M(2429M) 46.904ms
[4113.290s][info ][gc,cpu         ] GC(223) User=0.16s Sys=0.00s Real=0.05s
[4113.290s][info ][safepoint      ] Safepoint "ParallelGCFailedAllocation", Time since last: 5393718652 ns, Reaching safepoint: 114403 ns, At safepoint: 46989777 ns, Total: 47104180 ns
[4114.290s][info ][safepoint      ] Safepoint "Cleanup", Time since last: 1000098814 ns, Reaching safepoint: 122503 ns, At safepoint: 6700 ns, Total: 129203 ns
[4116.290s][info ][safepoint      ] Safepoint "Cleanup", Time since last: 2000194028 ns, Reaching safepoint: 122403 ns, At safepoint: 5900 ns, Total: 128303 ns
[4117.291s][info ][safepoint      ] Safepoint "Cleanup", Time since last: 1000142016 ns, Reaching safepoint: 137103 ns, At safepoint: 5300 ns, Total: 142403 ns
[4118.276s][info ][gc,start       ] GC(224) Pause Young (Allocation Failure)
[4118.364s][debug][gc,phases      ] GC(224) Scavenge 87.473ms
[4118.364s][debug][gc,ref         ] GC(224) Skipped phase 1 of Reference Processing: no references
[4118.364s][debug][gc,ref         ] GC(224) ReferenceProcessor::execute queues: 1, RefProcThreadModel::Single, marks_oops_alive: false
[4118.364s][debug][gc,ref         ] GC(224) Skipped phase 3 of Reference Processing: no references
[4118.364s][debug][gc,ref         ] GC(224) ReferenceProcessor::execute queues: 1, RefProcThreadModel::Single, marks_oops_alive: false
[4118.364s][debug][gc,phases      ] GC(224) Reference Processing 0.132ms
[4118.364s][debug][gc,phases      ] GC(224)   VM Weak                        Min:  0.0, Avg:  0.0, Max:  0.0, Diff:  0.0, Sum:  0.0, Workers: 4
[4118.364s][debug][gc,phases      ] GC(224)     Dead                           Min: 0, Avg:  0.0, Max: 0, Diff: 0, Sum: 0, Workers: 4
[4118.364s][debug][gc,phases      ] GC(224)     Total                          Min: 0, Avg: 193.8, Max: 543, Diff: 543, Sum: 775, Workers: 4
[4118.364s][debug][gc,phases      ] GC(224)   ObjectSynchronizer Weak        Min:  0.0, Avg:  0.0, Max:  0.0, Diff:  0.0, Sum:  0.0, Workers: 4
[4118.364s][debug][gc,phases      ] GC(224)     Dead                           Min: 0, Avg:  0.0, Max: 0, Diff: 0, Sum: 0, Workers: 4
[4118.364s][debug][gc,phases      ] GC(224)     Total                          Min: 0, Avg:  8.5, Max: 34, Diff: 34, Sum: 34, Workers: 4
[4118.364s][debug][gc,phases      ] GC(224)   JVMTI Tag Weak OopStorage      Min:  0.0, Avg:  0.0, Max:  0.0, Diff:  0.0, Sum:  0.0, Workers: 4
[4118.364s][debug][gc,phases      ] GC(224)     Dead                           Min: 0, Avg:  0.0, Max: 0, Diff: 0, Sum: 0, Workers: 4
[4118.364s][debug][gc,phases      ] GC(224)     Total                          Min: 0, Avg:  0.0, Max: 0, Diff: 0, Sum: 0, Workers: 4
[4118.364s][debug][gc,phases      ] GC(224)   StringTable Weak               Min:  0.0, Avg:  0.1, Max:  0.1, Diff:  0.1, Sum:  0.4, Workers: 4
[4118.364s][debug][gc,phases      ] GC(224)     Dead                           Min: 0, Avg:  0.0, Max: 0, Diff: 0, Sum: 0, Workers: 4
[4118.364s][debug][gc,phases      ] GC(224)     Total                          Min: 0, Avg: 10937.8, Max: 15549, Diff: 15549, Sum: 43751, Workers: 4
[4118.364s][debug][gc,phases      ] GC(224)   ResolvedMethodTable Weak       Min:  0.0, Avg:  0.0, Max:  0.0, Diff:  0.0, Sum:  0.1, Workers: 4
[4118.364s][debug][gc,phases      ] GC(224)     Dead                           Min: 0, Avg:  0.0, Max: 0, Diff: 0, Sum: 0, Workers: 4
[4118.364s][debug][gc,phases      ] GC(224)     Total                          Min: 0, Avg: 2427.2, Max: 3566, Diff: 3566, Sum: 9709, Workers: 4
[4118.364s][debug][gc,phases      ] GC(224)   JNI Weak                       Min:  0.0, Avg:  0.0, Max:  0.0, Diff:  0.0, Sum:  0.0, Workers: 4
[4118.364s][debug][gc,phases      ] GC(224)     Dead                           Min: 0, Avg:  0.0, Max: 0, Diff: 0, Sum: 0, Workers: 4
[4118.364s][debug][gc,phases      ] GC(224)     Total                          Min: 0, Avg: 11.2, Max: 45, Diff: 45, Sum: 45, Workers: 4
[4118.364s][debug][gc,phases      ] GC(224)   StringDedup Table Weak         Min:  0.0, Avg:  0.0, Max:  0.0, Diff:  0.0, Sum:  0.0, Workers: 4
[4118.364s][debug][gc,phases      ] GC(224)     Dead                           Min: 0, Avg:  0.0, Max: 0, Diff: 0, Sum: 0, Workers: 4
[4118.364s][debug][gc,phases      ] GC(224)     Total                          Min: 0, Avg:  0.0, Max: 0, Diff: 0, Sum: 0, Workers: 4
[4118.364s][debug][gc,phases      ] GC(224)   StringDedup Requests0 Weak     Min:  0.0, Avg:  0.0, Max:  0.0, Diff:  0.0, Sum:  0.0, Workers: 4
[4118.364s][debug][gc,phases      ] GC(224)     Dead                           Min: 0, Avg:  0.0, Max: 0, Diff: 0, Sum: 0, Workers: 4
[4118.364s][debug][gc,phases      ] GC(224)     Total                          Min: 0, Avg:  0.0, Max: 0, Diff: 0, Sum: 0, Workers: 4
[4118.364s][debug][gc,phases      ] GC(224)   StringDedup Requests1 Weak     Min:  0.0, Avg:  0.0, Max:  0.0, Diff:  0.0, Sum:  0.0, Workers: 4
[4118.364s][debug][gc,phases      ] GC(224)     Dead                           Min: 0, Avg:  0.0, Max: 0, Diff: 0, Sum: 0, Workers: 4
[4118.364s][debug][gc,phases      ] GC(224)     Total                          Min: 0, Avg:  0.0, Max: 0, Diff: 0, Sum: 0, Workers: 4
[4118.364s][debug][gc,phases      ] GC(224)   Weak JFR Old Object Samples    Min:  0.0, Avg:  0.0, Max:  0.0, Diff:  0.0, Sum:  0.0, Workers: 4
[4118.364s][debug][gc,phases      ] GC(224)     Dead                           Min: 0, Avg:  0.0, Max: 0, Diff: 0, Sum: 0, Workers: 4
[4118.364s][debug][gc,phases      ] GC(224)     Total                          Min: 0, Avg:  0.0, Max: 0, Diff: 0, Sum: 0, Workers: 4
[4118.364s][debug][gc,phases      ] GC(224) Weak Processing 0.371ms
[4118.364s][debug][gc,age         ] GC(224) Desired survivor size 278396928 bytes, new threshold 15 (max threshold 15)
[4118.364s][info ][gc,heap        ] GC(224) PSYoungGen: 1744522K(1834496K)->232523K(1806336K) Eden: 1576448K(1576448K)->0K(1553408K) From: 168074K(258048K)->232523K(252928K)
[4118.364s][info ][gc,heap        ] GC(224) ParOldGen: 629160K(653312K)->633655K(653312K)
[4118.364s][info ][gc,metaspace   ] GC(224) Metaspace: 83466K(84480K)->83466K(84480K) NonClass: 71799K(72320K)->71799K(72320K) Class: 11667K(12160K)->11667K(12160K)
[4118.364s][info ][gc             ] GC(224) Pause Young (Allocation Failure) 2318M->845M(2402M) 88.128ms
[4118.364s][info ][gc,cpu         ] GC(224) User=0.27s Sys=0.00s Real=0.09s
[4118.364s][debug][gc,phases      ] GC(225) Pre Compact 0.012ms
[4118.365s][info ][gc,start       ] GC(225) Pause Full (Ergonomics)
[4118.365s][info ][gc,phases,start] GC(225) Marking Phase
[4118.553s][debug][gc,phases      ] GC(225) Par Mark 188.256ms
[4118.553s][debug][gc,ref         ] GC(225) ReferenceProcessor::execute queues: 4, RefProcThreadModel::Multi, marks_oops_alive: true
[4118.553s][debug][gc,ref         ] GC(225) ReferenceProcessor::execute queues: 4, RefProcThreadModel::Multi, marks_oops_alive: false
[4118.554s][debug][gc,ref         ] GC(225) Skipped phase 3 of Reference Processing: no references
[4118.554s][debug][gc,ref         ] GC(225) ReferenceProcessor::execute queues: 1, RefProcThreadModel::Single, marks_oops_alive: false
[4118.554s][debug][gc,phases      ] GC(225) Reference Processing 0.811ms
[4118.554s][debug][gc,phases      ] GC(225)   VM Weak                        Min:  0.0, Avg:  0.0, Max:  0.0, Diff:  0.0, Sum:  0.0, Workers: 4
[4118.554s][debug][gc,phases      ] GC(225)     Dead                           Min: 0, Avg:  0.0, Max: 0, Diff: 0, Sum: 0, Workers: 4
[4118.554s][debug][gc,phases      ] GC(225)     Total                          Min: 0, Avg: 193.8, Max: 288, Diff: 288, Sum: 775, Workers: 4
[4118.554s][debug][gc,phases      ] GC(225)   ObjectSynchronizer Weak        Min:  0.0, Avg:  0.0, Max:  0.0, Diff:  0.0, Sum:  0.0, Workers: 4
[4118.554s][debug][gc,phases      ] GC(225)     Dead                           Min: 0, Avg:  0.0, Max: 0, Diff: 0, Sum: 0, Workers: 4
[4118.554s][debug][gc,phases      ] GC(225)     Total                          Min: 0, Avg:  8.5, Max: 34, Diff: 34, Sum: 34, Workers: 4
[4118.554s][debug][gc,phases      ] GC(225)   JVMTI Tag Weak OopStorage      Min:  0.0, Avg:  0.0, Max:  0.0, Diff:  0.0, Sum:  0.0, Workers: 4
[4118.554s][debug][gc,phases      ] GC(225)     Dead                           Min: 0, Avg:  0.0, Max: 0, Diff: 0, Sum: 0, Workers: 4
[4118.554s][debug][gc,phases      ] GC(225)     Total                          Min: 0, Avg:  0.0, Max: 0, Diff: 0, Sum: 0, Workers: 4
[4118.554s][debug][gc,phases      ] GC(225)   StringTable Weak               Min:  0.2, Avg:  0.2, Max:  0.2, Diff:  0.0, Sum:  0.7, Workers: 4
[4118.554s][debug][gc,phases      ] GC(225)     Dead                           Min: 0, Avg:  0.0, Max: 0, Diff: 0, Sum: 0, Workers: 4
[4118.554s][debug][gc,phases      ] GC(225)     Total                          Min: 9728, Avg: 10937.8, Max: 12158, Diff: 2430, Sum: 43751, Workers: 4
[4118.554s][debug][gc,phases      ] GC(225)   ResolvedMethodTable Weak       Min:  0.0, Avg:  0.0, Max:  0.0, Diff:  0.0, Sum:  0.1, Workers: 4
[4118.554s][debug][gc,phases      ] GC(225)     Dead                           Min: 0, Avg:  0.0, Max: 0, Diff: 0, Sum: 0, Workers: 4
[4118.554s][debug][gc,phases      ] GC(225)     Total                          Min: 2303, Avg: 2427.2, Max: 2688, Diff: 385, Sum: 9709, Workers: 4
[4118.554s][debug][gc,phases      ] GC(225)   JNI Weak                       Min:  0.0, Avg:  0.0, Max:  0.0, Diff:  0.0, Sum:  0.0, Workers: 4
[4118.554s][debug][gc,phases      ] GC(225)     Dead                           Min: 0, Avg:  0.0, Max: 0, Diff: 0, Sum: 0, Workers: 4
[4118.554s][debug][gc,phases      ] GC(225)     Total                          Min: 0, Avg: 11.2, Max: 45, Diff: 45, Sum: 45, Workers: 4
[4118.554s][debug][gc,phases      ] GC(225)   StringDedup Table Weak         Min:  0.0, Avg:  0.0, Max:  0.0, Diff:  0.0, Sum:  0.0, Workers: 4
[4118.554s][debug][gc,phases      ] GC(225)     Dead                           Min: 0, Avg:  0.0, Max: 0, Diff: 0, Sum: 0, Workers: 4
[4118.554s][debug][gc,phases      ] GC(225)     Total                          Min: 0, Avg:  0.0, Max: 0, Diff: 0, Sum: 0, Workers: 4
[4118.554s][debug][gc,phases      ] GC(225)   StringDedup Requests0 Weak     Min:  0.0, Avg:  0.0, Max:  0.0, Diff:  0.0, Sum:  0.0, Workers: 4
[4118.554s][debug][gc,phases      ] GC(225)     Dead                           Min: 0, Avg:  0.0, Max: 0, Diff: 0, Sum: 0, Workers: 4
[4118.554s][debug][gc,phases      ] GC(225)     Total                          Min: 0, Avg:  0.0, Max: 0, Diff: 0, Sum: 0, Workers: 4
[4118.554s][debug][gc,phases      ] GC(225)   StringDedup Requests1 Weak     Min:  0.0, Avg:  0.0, Max:  0.0, Diff:  0.0, Sum:  0.0, Workers: 4
[4118.554s][debug][gc,phases      ] GC(225)     Dead                           Min: 0, Avg:  0.0, Max: 0, Diff: 0, Sum: 0, Workers: 4
[4118.554s][debug][gc,phases      ] GC(225)     Total                          Min: 0, Avg:  0.0, Max: 0, Diff: 0, Sum: 0, Workers: 4
[4118.554s][debug][gc,phases      ] GC(225)   Weak JFR Old Object Samples    Min:  0.0, Avg:  0.0, Max:  0.0, Diff:  0.0, Sum:  0.0, Workers: 4
[4118.554s][debug][gc,phases      ] GC(225)     Dead                           Min: 0, Avg:  0.0, Max: 0, Diff: 0, Sum: 0, Workers: 4
[4118.554s][debug][gc,phases      ] GC(225)     Total                          Min: 0, Avg:  0.0, Max: 0, Diff: 0, Sum: 0, Workers: 4
[4118.554s][debug][gc,phases      ] GC(225) Weak Processing 0.397ms
[4118.554s][debug][gc,phases      ] GC(225) ClassLoaderData 0.105ms
[4118.554s][debug][gc,phases      ] GC(225) Trigger cleanups 0.000ms
[4118.581s][debug][gc,phases      ] GC(225) Class Unloading 26.952ms
[4118.581s][info ][gc,phases      ] GC(225) Marking Phase 216.635ms
[4118.581s][info ][gc,phases,start] GC(225) Summary Phase
[4118.581s][info ][gc,phases      ] GC(225) Summary Phase 0.016ms
[4118.581s][info ][gc,phases,start] GC(225) Adjust Roots
[4118.608s][info ][gc,phases      ] GC(225) Adjust Roots 26.968ms
[4118.608s][info ][gc,phases,start] GC(225) Compaction Phase
[4119.184s][info ][gc,phases      ] GC(225) Compaction Phase 575.300ms
[4119.184s][info ][gc,phases,start] GC(225) Post Compact
[4119.186s][info ][gc,phases      ] GC(225) Post Compact 2.669ms
[4119.187s][info ][gc,heap        ] GC(225) PSYoungGen: 232523K(1806336K)->32757K(1806336K) Eden: 0K(1553408K)->0K(1553408K) From: 232523K(252928K)->32757K(252928K)
[4119.187s][info ][gc,heap        ] GC(225) ParOldGen: 633655K(653312K)->652505K(864256K)
[4119.187s][info ][gc,metaspace   ] GC(225) Metaspace: 83466K(84480K)->83466K(84480K) NonClass: 71799K(72320K)->71799K(72320K) Class: 11667K(12160K)->11667K(12160K)
[4119.187s][info ][gc             ] GC(225) Pause Full (Ergonomics) 845M->669M(2608M) 822.073ms
[4119.187s][info ][gc,cpu         ] GC(225) User=2.82s Sys=0.00s Real=0.82s
[4119.187s][info ][safepoint      ] Safepoint "ParallelGCFailedAllocation", Time since last: 985409378 ns, Reaching safepoint: 187804 ns, At safepoint: 910702766 ns, Total: 910890570 ns
[4120.187s][info ][safepoint      ] Safepoint "Cleanup", Time since last: 1000111495 ns, Reaching safepoint: 123403 ns, At safepoint: 7300 ns, Total: 130703 ns
[4122.293s][info ][gc,start       ] GC(226) Pause Young (Allocation Failure)
[4122.375s][debug][gc,phases      ] GC(226) Scavenge 82.212ms
[4122.375s][debug][gc,ref         ] GC(226) Skipped phase 1 of Reference Processing: no references
[4122.375s][debug][gc,ref         ] GC(226) ReferenceProcessor::execute queues: 1, RefProcThreadModel::Single, marks_oops_alive: false
[4122.375s][debug][gc,ref         ] GC(226) Skipped phase 3 of Reference Processing: no references
[4122.375s][debug][gc,ref         ] GC(226) Skipped phase 4 of Reference Processing: no references
[4122.375s][debug][gc,phases      ] GC(226) Reference Processing 0.116ms
[4122.375s][debug][gc,phases      ] GC(226)   VM Weak                        Min:  0.0, Avg:  0.0, Max:  0.0, Diff:  0.0, Sum:  0.0, Workers: 4
[4122.375s][debug][gc,phases      ] GC(226)     Dead                           Min: 0, Avg:  0.0, Max: 0, Diff: 0, Sum: 0, Workers: 4
[4122.375s][debug][gc,phases      ] GC(226)     Total                          Min: 0, Avg: 193.8, Max: 679, Diff: 679, Sum: 775, Workers: 4
[4122.375s][debug][gc,phases      ] GC(226)   ObjectSynchronizer Weak        Min:  0.0, Avg:  0.0, Max:  0.0, Diff:  0.0, Sum:  0.0, Workers: 4
[4122.375s][debug][gc,phases      ] GC(226)     Dead                           Min: 0, Avg:  0.0, Max: 0, Diff: 0, Sum: 0, Workers: 4
[4122.375s][debug][gc,phases      ] GC(226)     Total                          Min: 0, Avg:  8.5, Max: 34, Diff: 34, Sum: 34, Workers: 4
[4122.375s][debug][gc,phases      ] GC(226)   JVMTI Tag Weak OopStorage      Min:  0.0, Avg:  0.0, Max:  0.0, Diff:  0.0, Sum:  0.0, Workers: 4
[4122.375s][debug][gc,phases      ] GC(226)     Dead                           Min: 0, Avg:  0.0, Max: 0, Diff: 0, Sum: 0, Workers: 4
[4122.375s][debug][gc,phases      ] GC(226)     Total                          Min: 0, Avg:  0.0, Max: 0, Diff: 0, Sum: 0, Workers: 4
[4122.375s][debug][gc,phases      ] GC(226)   StringTable Weak               Min:  0.0, Avg:  0.1, Max:  0.2, Diff:  0.2, Sum:  0.4, Workers: 4
[4122.375s][debug][gc,phases      ] GC(226)     Dead                           Min: 0, Avg:  0.0, Max: 0, Diff: 0, Sum: 0, Workers: 4
[4122.375s][debug][gc,phases      ] GC(226)     Total                          Min: 0, Avg: 10937.8, Max: 21949, Diff: 21949, Sum: 43751, Workers: 4
[4122.376s][debug][gc,phases      ] GC(226)   ResolvedMethodTable Weak       Min:  0.0, Avg:  0.0, Max:  0.0, Diff:  0.0, Sum:  0.1, Workers: 4
[4122.376s][debug][gc,phases      ] GC(226)     Dead                           Min: 0, Avg:  0.0, Max: 0, Diff: 0, Sum: 0, Workers: 4
[4122.376s][debug][gc,phases      ] GC(226)     Total                          Min: 0, Avg: 2427.2, Max: 4974, Diff: 4974, Sum: 9709, Workers: 4
[4122.376s][debug][gc,phases      ] GC(226)   JNI Weak                       Min:  0.0, Avg:  0.0, Max:  0.0, Diff:  0.0, Sum:  0.0, Workers: 4
[4122.376s][debug][gc,phases      ] GC(226)     Dead                           Min: 0, Avg:  0.0, Max: 0, Diff: 0, Sum: 0, Workers: 4
[4122.376s][debug][gc,phases      ] GC(226)     Total                          Min: 0, Avg: 11.2, Max: 45, Diff: 45, Sum: 45, Workers: 4
[4122.376s][debug][gc,phases      ] GC(226)   StringDedup Table Weak         Min:  0.0, Avg:  0.0, Max:  0.0, Diff:  0.0, Sum:  0.0, Workers: 4
[4122.376s][debug][gc,phases      ] GC(226)     Dead                           Min: 0, Avg:  0.0, Max: 0, Diff: 0, Sum: 0, Workers: 4
[4122.376s][debug][gc,phases      ] GC(226)     Total                          Min: 0, Avg:  0.0, Max: 0, Diff: 0, Sum: 0, Workers: 4
[4122.376s][debug][gc,phases      ] GC(226)   StringDedup Requests0 Weak     Min:  0.0, Avg:  0.0, Max:  0.0, Diff:  0.0, Sum:  0.0, Workers: 4
[4122.376s][debug][gc,phases      ] GC(226)     Dead                           Min: 0, Avg:  0.0, Max: 0, Diff: 0, Sum: 0, Workers: 4
[4122.376s][debug][gc,phases      ] GC(226)     Total                          Min: 0, Avg:  0.0, Max: 0, Diff: 0, Sum: 0, Workers: 4
[4122.376s][debug][gc,phases      ] GC(226)   StringDedup Requests1 Weak     Min:  0.0, Avg:  0.0, Max:  0.0, Diff:  0.0, Sum:  0.0, Workers: 4
[4122.376s][debug][gc,phases      ] GC(226)     Dead                           Min: 0, Avg:  0.0, Max: 0, Diff: 0, Sum: 0, Workers: 4
[4122.376s][debug][gc,phases      ] GC(226)     Total                          Min: 0, Avg:  0.0, Max: 0, Diff: 0, Sum: 0, Workers: 4
[4122.376s][debug][gc,phases      ] GC(226)   Weak JFR Old Object Samples    Min:  0.0, Avg:  0.0, Max:  0.0, Diff:  0.0, Sum:  0.0, Workers: 4
[4122.376s][debug][gc,phases      ] GC(226)     Dead                           Min: 0, Avg:  0.0, Max: 0, Diff: 0, Sum: 0, Workers: 4
[4122.376s][debug][gc,phases      ] GC(226)     Total                          Min: 0, Avg:  0.0, Max: 0, Diff: 0, Sum: 0, Workers: 4
[4122.376s][debug][gc,phases      ] GC(226) Weak Processing 0.427ms
[4122.376s][debug][gc,age         ] GC(226) Desired survivor size 287834112 bytes, new threshold 15 (max threshold 15)
[4122.376s][info ][gc,heap        ] GC(226) PSYoungGen: 1586165K(1806336K)->43760K(1597440K) Eden: 1553408K(1553408K)->0K(1553408K) From: 32757K(252928K)->43760K(44032K)
[4122.376s][info ][gc,heap        ] GC(226) ParOldGen: 652505K(864256K)->653441K(864256K)
[4122.376s][info ][gc,metaspace   ] GC(226) Metaspace: 83471K(84480K)->83471K(84480K) NonClass: 71803K(72320K)->71803K(72320K) Class: 11667K(12160K)->11667K(12160K)
[4122.376s][info ][gc             ] GC(226) Pause Young (Allocation Failure) 2186M->680M(2404M) 82.894ms
[4122.376s][info ][gc,cpu         ] GC(226) User=0.29s Sys=0.00s Real=0.08s
[4122.376s][info ][safepoint      ] Safepoint "ParallelGCFailedAllocation", Time since last: 2105348964 ns, Reaching safepoint: 121503 ns, At safepoint: 82977998 ns, Total: 83099501 ns
[4123.376s][info ][safepoint      ] Safepoint "Cleanup", Time since last: 1000087879 ns, Reaching safepoint: 45601 ns, At safepoint: 2400 ns, Total: 48001 ns
[4124.376s][info ][safepoint      ] Safepoint "Cleanup", Time since last: 1000113780 ns, Reaching safepoint: 116702 ns, At safepoint: 7101 ns, Total: 123803 ns
[4130.143s][info ][gc,start       ] GC(227) Pause Young (Allocation Failure)
[4130.167s][debug][gc,phases      ] GC(227) Scavenge 24.102ms
[4130.167s][debug][gc,ref         ] GC(227) Skipped phase 1 of Reference Processing: no references
[4130.167s][debug][gc,ref         ] GC(227) ReferenceProcessor::execute queues: 1, RefProcThreadModel::Single, marks_oops_alive: false
[4130.167s][debug][gc,ref         ] GC(227) Skipped phase 3 of Reference Processing: no references
[4130.167s][debug][gc,ref         ] GC(227) ReferenceProcessor::execute queues: 1, RefProcThreadModel::Single, marks_oops_alive: false
[4130.167s][debug][gc,phases      ] GC(227) Reference Processing 0.124ms
[4130.167s][debug][gc,phases      ] GC(227)   VM Weak                        Min:  0.0, Avg:  0.0, Max:  0.0, Diff:  0.0, Sum:  0.0, Workers: 4
[4130.167s][debug][gc,phases      ] GC(227)     Dead                           Min: 0, Avg:  0.0, Max: 0, Diff: 0, Sum: 0, Workers: 4
[4130.167s][debug][gc,phases      ] GC(227)     Total                          Min: 0, Avg: 193.8, Max: 479, Diff: 479, Sum: 775, Workers: 4
[4130.167s][debug][gc,phases      ] GC(227)   ObjectSynchronizer Weak        Min:  0.0, Avg:  0.0, Max:  0.0, Diff:  0.0, Sum:  0.0, Workers: 4
[4130.167s][debug][gc,phases      ] GC(227)     Dead                           Min: 0, Avg:  0.0, Max: 0, Diff: 0, Sum: 0, Workers: 4
[4130.167s][debug][gc,phases      ] GC(227)     Total                          Min: 0, Avg:  8.5, Max: 34, Diff: 34, Sum: 34, Workers: 4
[4130.167s][debug][gc,phases      ] GC(227)   JVMTI Tag Weak OopStorage      Min:  0.0, Avg:  0.0, Max:  0.0, Diff:  0.0, Sum:  0.0, Workers: 4
[4130.167s][debug][gc,phases      ] GC(227)     Dead                           Min: 0, Avg:  0.0, Max: 0, Diff: 0, Sum: 0, Workers: 4
[4130.167s][debug][gc,phases      ] GC(227)     Total                          Min: 0, Avg:  0.0, Max: 0, Diff: 0, Sum: 0, Workers: 4
[4130.167s][debug][gc,phases      ] GC(227)   StringTable Weak               Min:  0.0, Avg:  0.1, Max:  0.1, Diff:  0.1, Sum:  0.4, Workers: 4
[4130.167s][debug][gc,phases      ] GC(227)     Dead                           Min: 0, Avg:  0.0, Max: 0, Diff: 0, Sum: 0, Workers: 4
[4130.167s][debug][gc,phases      ] GC(227)     Total                          Min: 0, Avg: 10937.8, Max: 15659, Diff: 15659, Sum: 43751, Workers: 4
[4130.167s][debug][gc,phases      ] GC(227)   ResolvedMethodTable Weak       Min:  0.0, Avg:  0.0, Max:  0.0, Diff:  0.0, Sum:  0.1, Workers: 4
[4130.167s][debug][gc,phases      ] GC(227)     Dead                           Min: 0, Avg:  0.0, Max: 0, Diff: 0, Sum: 0, Workers: 4
[4130.167s][debug][gc,phases      ] GC(227)     Total                          Min: 0, Avg: 2427.2, Max: 3757, Diff: 3757, Sum: 9709, Workers: 4
[4130.167s][debug][gc,phases      ] GC(227)   JNI Weak                       Min:  0.0, Avg:  0.0, Max:  0.0, Diff:  0.0, Sum:  0.0, Workers: 4
[4130.167s][debug][gc,phases      ] GC(227)     Dead                           Min: 0, Avg:  0.0, Max: 0, Diff: 0, Sum: 0, Workers: 4
[4130.167s][debug][gc,phases      ] GC(227)     Total                          Min: 0, Avg: 11.2, Max: 45, Diff: 45, Sum: 45, Workers: 4
[4130.167s][debug][gc,phases      ] GC(227)   StringDedup Table Weak         Min:  0.0, Avg:  0.0, Max:  0.0, Diff:  0.0, Sum:  0.0, Workers: 4
[4130.167s][debug][gc,phases      ] GC(227)     Dead                           Min: 0, Avg:  0.0, Max: 0, Diff: 0, Sum: 0, Workers: 4
[4130.167s][debug][gc,phases      ] GC(227)     Total                          Min: 0, Avg:  0.0, Max: 0, Diff: 0, Sum: 0, Workers: 4
[4130.167s][debug][gc,phases      ] GC(227)   StringDedup Requests0 Weak     Min:  0.0, Avg:  0.0, Max:  0.0, Diff:  0.0, Sum:  0.0, Workers: 4
[4130.167s][debug][gc,phases      ] GC(227)     Dead                           Min: 0, Avg:  0.0, Max: 0, Diff: 0, Sum: 0, Workers: 4
[4130.167s][debug][gc,phases      ] GC(227)     Total                          Min: 0, Avg:  0.0, Max: 0, Diff: 0, Sum: 0, Workers: 4
[4130.167s][debug][gc,phases      ] GC(227)   StringDedup Requests1 Weak     Min:  0.0, Avg:  0.0, Max:  0.0, Diff:  0.0, Sum:  0.0, Workers: 4
[4130.167s][debug][gc,phases      ] GC(227)     Dead                           Min: 0, Avg:  0.0, Max: 0, Diff: 0, Sum: 0, Workers: 4
[4130.167s][debug][gc,phases      ] GC(227)     Total                          Min: 0, Avg:  0.0, Max: 0, Diff: 0, Sum: 0, Workers: 4
[4130.167s][debug][gc,phases      ] GC(227)   Weak JFR Old Object Samples    Min:  0.0, Avg:  0.0, Max:  0.0, Diff:  0.0, Sum:  0.0, Workers: 4
[4130.167s][debug][gc,phases      ] GC(227)     Dead                           Min: 0, Avg:  0.0, Max: 0, Diff: 0, Sum: 0, Workers: 4
[4130.167s][debug][gc,phases      ] GC(227)     Total                          Min: 0, Avg:  0.0, Max: 0, Diff: 0, Sum: 0, Workers: 4
[4130.167s][debug][gc,phases      ] GC(227) Weak Processing 0.357ms
[4130.167s][debug][gc,age         ] GC(227) Desired survivor size 293601280 bytes, new threshold 15 (max threshold 15)
[4130.167s][info ][gc,heap        ] GC(227) PSYoungGen: 1597168K(1597440K)->44192K(1804800K) Eden: 1553408K(1553408K)->0K(1523712K) From: 43760K(44032K)->44192K(281088K)
[4130.167s][info ][gc,heap        ] GC(227) ParOldGen: 653441K(864256K)->655585K(864256K)
[4130.167s][info ][gc,metaspace   ] GC(227) Metaspace: 83477K(84480K)->83477K(84480K) NonClass: 71810K(72320K)->71810K(72320K) Class: 11667K(12160K)->11667K(12160K)
[4130.167s][info ][gc             ] GC(227) Pause Young (Allocation Failure) 2197M->683M(2606M) 24.746ms
[4130.167s][info ][gc,cpu         ] GC(227) User=0.07s Sys=0.00s Real=0.03s
[4130.167s][info ][safepoint      ] Safepoint "ParallelGCFailedAllocation", Time since last: 5766451258 ns, Reaching safepoint: 126402 ns, At safepoint: 24837271 ns, Total: 24963673 ns
[4135.168s][info ][safepoint      ] Safepoint "Cleanup", Time since last: 5000324271 ns, Reaching safepoint: 125203 ns, At safepoint: 6200 ns, Total: 131403 ns
[4137.089s][info ][safepoint      ] Safepoint "Cleanup", Time since last: 1920906505 ns, Reaching safepoint: 41401 ns, At safepoint: 4700 ns, Total: 46101 ns
[4138.091s][info ][safepoint      ] Safepoint "Cleanup", Time since last: 1001739556 ns, Reaching safepoint: 149204 ns, At safepoint: 5400 ns, Total: 154604 ns
[4138.651s][info ][gc,start       ] GC(228) Pause Young (Allocation Failure)
[4138.668s][debug][gc,phases      ] GC(228) Scavenge 17.681ms
[4138.668s][debug][gc,ref         ] GC(228) Skipped phase 1 of Reference Processing: no references
[4138.669s][debug][gc,ref         ] GC(228) ReferenceProcessor::execute queues: 1, RefProcThreadModel::Single, marks_oops_alive: false
[4138.669s][debug][gc,ref         ] GC(228) Skipped phase 3 of Reference Processing: no references
[4138.669s][debug][gc,ref         ] GC(228) ReferenceProcessor::execute queues: 1, RefProcThreadModel::Single, marks_oops_alive: false
[4138.669s][debug][gc,phases      ] GC(228) Reference Processing 0.112ms
[4138.669s][debug][gc,phases      ] GC(228)   VM Weak                        Min:  0.0, Avg:  0.0, Max:  0.0, Diff:  0.0, Sum:  0.0, Workers: 4
[4138.669s][debug][gc,phases      ] GC(228)     Dead                           Min: 0, Avg:  0.0, Max: 0, Diff: 0, Sum: 0, Workers: 4
[4138.669s][debug][gc,phases      ] GC(228)     Total                          Min: 0, Avg: 195.8, Max: 488, Diff: 488, Sum: 783, Workers: 4
[4138.669s][debug][gc,phases      ] GC(228)   ObjectSynchronizer Weak        Min:  0.0, Avg:  0.0, Max:  0.0, Diff:  0.0, Sum:  0.0, Workers: 4
[4138.669s][debug][gc,phases      ] GC(228)     Dead                           Min: 0, Avg:  0.0, Max: 0, Diff: 0, Sum: 0, Workers: 4
[4138.669s][debug][gc,phases      ] GC(228)     Total                          Min: 0, Avg:  8.5, Max: 34, Diff: 34, Sum: 34, Workers: 4
[4138.669s][debug][gc,phases      ] GC(228)   JVMTI Tag Weak OopStorage      Min:  0.0, Avg:  0.0, Max:  0.0, Diff:  0.0, Sum:  0.0, Workers: 4
[4138.669s][debug][gc,phases      ] GC(228)     Dead                           Min: 0, Avg:  0.0, Max: 0, Diff: 0, Sum: 0, Workers: 4
[4138.669s][debug][gc,phases      ] GC(228)     Total                          Min: 0, Avg:  0.0, Max: 0, Diff: 0, Sum: 0, Workers: 4
[4138.669s][debug][gc,phases      ] GC(228)   StringTable Weak               Min:  0.0, Avg:  0.1, Max:  0.1, Diff:  0.1, Sum:  0.4, Workers: 4
[4138.669s][debug][gc,phases      ] GC(228)     Dead                           Min: 0, Avg:  0.5, Max: 2, Diff: 2, Sum: 2, Workers: 4
[4138.669s][debug][gc,phases      ] GC(228)     Total                          Min: 0, Avg: 10943.2, Max: 16894, Diff: 16894, Sum: 43773, Workers: 4
[4138.669s][debug][gc,phases      ] GC(228)   ResolvedMethodTable Weak       Min:  0.0, Avg:  0.0, Max:  0.0, Diff:  0.0, Sum:  0.1, Workers: 4
[4138.669s][debug][gc,phases      ] GC(228)     Dead                           Min: 0, Avg:  0.0, Max: 0, Diff: 0, Sum: 0, Workers: 4
[4138.669s][debug][gc,phases      ] GC(228)     Total                          Min: 0, Avg: 2434.2, Max: 3902, Diff: 3902, Sum: 9737, Workers: 4
[4138.669s][debug][gc,phases      ] GC(228)   JNI Weak                       Min:  0.0, Avg:  0.0, Max:  0.0, Diff:  0.0, Sum:  0.0, Workers: 4
[4138.669s][debug][gc,phases      ] GC(228)     Dead                           Min: 0, Avg:  0.0, Max: 0, Diff: 0, Sum: 0, Workers: 4
[4138.669s][debug][gc,phases      ] GC(228)     Total                          Min: 0, Avg: 11.2, Max: 45, Diff: 45, Sum: 45, Workers: 4
[4138.669s][debug][gc,phases      ] GC(228)   StringDedup Table Weak         Min:  0.0, Avg:  0.0, Max:  0.0, Diff:  0.0, Sum:  0.0, Workers: 4
[4138.669s][debug][gc,phases      ] GC(228)     Dead                           Min: 0, Avg:  0.0, Max: 0, Diff: 0, Sum: 0, Workers: 4
[4138.669s][debug][gc,phases      ] GC(228)     Total                          Min: 0, Avg:  0.0, Max: 0, Diff: 0, Sum: 0, Workers: 4
[4138.669s][debug][gc,phases      ] GC(228)   StringDedup Requests0 Weak     Min:  0.0, Avg:  0.0, Max:  0.0, Diff:  0.0, Sum:  0.0, Workers: 4
[4138.669s][debug][gc,phases      ] GC(228)     Dead                           Min: 0, Avg:  0.0, Max: 0, Diff: 0, Sum: 0, Workers: 4
[4138.669s][debug][gc,phases      ] GC(228)     Total                          Min: 0, Avg:  0.0, Max: 0, Diff: 0, Sum: 0, Workers: 4
[4138.669s][debug][gc,phases      ] GC(228)   StringDedup Requests1 Weak     Min:  0.0, Avg:  0.0, Max:  0.0, Diff:  0.0, Sum:  0.0, Workers: 4
[4138.669s][debug][gc,phases      ] GC(228)     Dead                           Min: 0, Avg:  0.0, Max: 0, Diff: 0, Sum: 0, Workers: 4
[4138.669s][debug][gc,phases      ] GC(228)     Total                          Min: 0, Avg:  0.0, Max: 0, Diff: 0, Sum: 0, Workers: 4
[4138.669s][debug][gc,phases      ] GC(228)   Weak JFR Old Object Samples    Min:  0.0, Avg:  0.0, Max:  0.0, Diff:  0.0, Sum:  0.0, Workers: 4
[4138.669s][debug][gc,phases      ] GC(228)     Dead                           Min: 0, Avg:  0.0, Max: 0, Diff: 0, Sum: 0, Workers: 4
[4138.669s][debug][gc,phases      ] GC(228)     Total                          Min: 0, Avg:  0.0, Max: 0, Diff: 0, Sum: 0, Workers: 4
[4138.669s][debug][gc,phases      ] GC(228) Weak Processing 0.374ms
[4138.669s][debug][gc,age         ] GC(228) Desired survivor size 295174144 bytes, new threshold 15 (max threshold 15)
[4138.669s][info ][gc,heap        ] GC(228) PSYoungGen: 1567904K(1804800K)->45552K(1569280K) Eden: 1523712K(1523712K)->0K(1523712K) From: 44192K(281088K)->45552K(45568K)
[4138.669s][info ][gc,heap        ] GC(228) ParOldGen: 655585K(864256K)->655889K(864256K)
[4138.669s][info ][gc,metaspace   ] GC(228) Metaspace: 83620K(84608K)->83620K(84608K) NonClass: 71926K(72448K)->71926K(72448K) Class: 11693K(12160K)->11693K(12160K)
[4138.669s][info ][gc             ] GC(228) Pause Young (Allocation Failure) 2171M->685M(2376M) 18.296ms
[4138.669s][info ][gc,cpu         ] GC(228) User=0.07s Sys=0.00s Real=0.02s
[4138.669s][info ][safepoint      ] Safepoint "ParallelGCFailedAllocation", Time since last: 559781972 ns, Reaching safepoint: 94002 ns, At safepoint: 18372820 ns, Total: 18466822 ns
[4142.669s][info ][safepoint      ] Safepoint "Cleanup", Time since last: 4000262372 ns, Reaching safepoint: 127003 ns, At safepoint: 5900 ns, Total: 132903 ns
[4143.670s][info ][safepoint      ] Safepoint "Cleanup", Time since last: 1000111320 ns, Reaching safepoint: 54102 ns, At safepoint: 2800 ns, Total: 56902 ns
[4144.392s][info ][gc,start       ] GC(229) Pause Young (Allocation Failure)
[4144.417s][debug][gc,phases      ] GC(229) Scavenge 25.613ms
[4144.417s][debug][gc,ref         ] GC(229) Skipped phase 1 of Reference Processing: no references
[4144.417s][debug][gc,ref         ] GC(229) ReferenceProcessor::execute queues: 1, RefProcThreadModel::Single, marks_oops_alive: false
[4144.417s][debug][gc,ref         ] GC(229) Skipped phase 3 of Reference Processing: no references
[4144.417s][debug][gc,ref         ] GC(229) ReferenceProcessor::execute queues: 1, RefProcThreadModel::Single, marks_oops_alive: false
[4144.417s][debug][gc,phases      ] GC(229) Reference Processing 0.115ms
[4144.418s][debug][gc,phases      ] GC(229)   VM Weak                        Min:  0.0, Avg:  0.0, Max:  0.0, Diff:  0.0, Sum:  0.0, Workers: 4
[4144.418s][debug][gc,phases      ] GC(229)     Dead                           Min: 0, Avg:  0.0, Max: 0, Diff: 0, Sum: 0, Workers: 4
[4144.418s][debug][gc,phases      ] GC(229)     Total                          Min: 0, Avg: 195.8, Max: 719, Diff: 719, Sum: 783, Workers: 4
[4144.418s][debug][gc,phases      ] GC(229)   ObjectSynchronizer Weak        Min:  0.0, Avg:  0.0, Max:  0.0, Diff:  0.0, Sum:  0.0, Workers: 4
[4144.418s][debug][gc,phases      ] GC(229)     Dead                           Min: 0, Avg:  0.0, Max: 0, Diff: 0, Sum: 0, Workers: 4
[4144.418s][debug][gc,phases      ] GC(229)     Total                          Min: 0, Avg:  8.5, Max: 34, Diff: 34, Sum: 34, Workers: 4
[4144.418s][debug][gc,phases      ] GC(229)   JVMTI Tag Weak OopStorage      Min:  0.0, Avg:  0.0, Max:  0.0, Diff:  0.0, Sum:  0.0, Workers: 4
[4144.418s][debug][gc,phases      ] GC(229)     Dead                           Min: 0, Avg:  0.0, Max: 0, Diff: 0, Sum: 0, Workers: 4
[4144.418s][debug][gc,phases      ] GC(229)     Total                          Min: 0, Avg:  0.0, Max: 0, Diff: 0, Sum: 0, Workers: 4
[4144.418s][debug][gc,phases      ] GC(229)   StringTable Weak               Min:  0.1, Avg:  0.1, Max:  0.1, Diff:  0.0, Sum:  0.4, Workers: 4
[4144.418s][debug][gc,phases      ] GC(229)     Dead                           Min: 0, Avg:  0.2, Max: 1, Diff: 1, Sum: 1, Workers: 4
[4144.418s][debug][gc,phases      ] GC(229)     Total                          Min: 9280, Avg: 10944.8, Max: 12672, Diff: 3392, Sum: 43779, Workers: 4
[4144.418s][debug][gc,phases      ] GC(229)   ResolvedMethodTable Weak       Min:  0.0, Avg:  0.0, Max:  0.0, Diff:  0.0, Sum:  0.1, Workers: 4
[4144.418s][debug][gc,phases      ] GC(229)     Dead                           Min: 0, Avg:  4.2, Max: 17, Diff: 17, Sum: 17, Workers: 4
[4144.418s][debug][gc,phases      ] GC(229)     Total                          Min: 2199, Avg: 2436.5, Max: 2685, Diff: 486, Sum: 9746, Workers: 4
[4144.418s][debug][gc,phases      ] GC(229)   JNI Weak                       Min:  0.0, Avg:  0.0, Max:  0.0, Diff:  0.0, Sum:  0.0, Workers: 4
[4144.418s][debug][gc,phases      ] GC(229)     Dead                           Min: 0, Avg:  0.0, Max: 0, Diff: 0, Sum: 0, Workers: 4
[4144.418s][debug][gc,phases      ] GC(229)     Total                          Min: 0, Avg: 11.2, Max: 45, Diff: 45, Sum: 45, Workers: 4
[4144.418s][debug][gc,phases      ] GC(229)   StringDedup Table Weak         Min:  0.0, Avg:  0.0, Max:  0.0, Diff:  0.0, Sum:  0.0, Workers: 4
[4144.418s][debug][gc,phases      ] GC(229)     Dead                           Min: 0, Avg:  0.0, Max: 0, Diff: 0, Sum: 0, Workers: 4
[4144.418s][debug][gc,phases      ] GC(229)     Total                          Min: 0, Avg:  0.0, Max: 0, Diff: 0, Sum: 0, Workers: 4
[4144.418s][debug][gc,phases      ] GC(229)   StringDedup Requests0 Weak     Min:  0.0, Avg:  0.0, Max:  0.0, Diff:  0.0, Sum:  0.0, Workers: 4
[4144.418s][debug][gc,phases      ] GC(229)     Dead                           Min: 0, Avg:  0.0, Max: 0, Diff: 0, Sum: 0, Workers: 4
[4144.418s][debug][gc,phases      ] GC(229)     Total                          Min: 0, Avg:  0.0, Max: 0, Diff: 0, Sum: 0, Workers: 4
[4144.418s][debug][gc,phases      ] GC(229)   StringDedup Requests1 Weak     Min:  0.0, Avg:  0.0, Max:  0.0, Diff:  0.0, Sum:  0.0, Workers: 4
[4144.418s][debug][gc,phases      ] GC(229)     Dead                           Min: 0, Avg:  0.0, Max: 0, Diff: 0, Sum: 0, Workers: 4
[4144.418s][debug][gc,phases      ] GC(229)     Total                          Min: 0, Avg:  0.0, Max: 0, Diff: 0, Sum: 0, Workers: 4
[4144.418s][debug][gc,phases      ] GC(229)   Weak JFR Old Object Samples    Min:  0.0, Avg:  0.0, Max:  0.0, Diff:  0.0, Sum:  0.0, Workers: 4
[4144.418s][debug][gc,phases      ] GC(229)     Dead                           Min: 0, Avg:  0.0, Max: 0, Diff: 0, Sum: 0, Workers: 4
[4144.418s][debug][gc,phases      ] GC(229)     Total                          Min: 0, Avg:  0.0, Max: 0, Diff: 0, Sum: 0, Workers: 4
[4144.418s][debug][gc,phases      ] GC(229) Weak Processing 0.355ms
[4144.418s][debug][gc,age         ] GC(229) Desired survivor size 291504128 bytes, new threshold 15 (max threshold 15)
[4144.418s][info ][gc,heap        ] GC(229) PSYoungGen: 1569264K(1569280K)->58992K(1812480K) Eden: 1523712K(1523712K)->0K(1524224K) From: 45552K(45568K)->58992K(288256K)
[4144.418s][info ][gc,heap        ] GC(229) ParOldGen: 655889K(864256K)->656201K(864256K)
[4144.418s][info ][gc,metaspace   ] GC(229) Metaspace: 83637K(84608K)->83637K(84608K) NonClass: 71942K(72448K)->71942K(72448K) Class: 11695K(12160K)->11695K(12160K)
[4144.418s][info ][gc             ] GC(229) Pause Young (Allocation Failure) 2173M->698M(2614M) 26.225ms
[4144.418s][info ][gc,cpu         ] GC(229) User=0.09s Sys=0.00s Real=0.03s
[4144.418s][info ][safepoint      ] Safepoint "ParallelGCFailedAllocation", Time since last: 721902083 ns, Reaching safepoint: 114703 ns, At safepoint: 26310504 ns, Total: 26425207 ns
[4148.418s][info ][safepoint      ] Safepoint "Cleanup", Time since last: 4000294693 ns, Reaching safepoint: 111202 ns, At safepoint: 7001 ns, Total: 118203 ns
[4149.418s][info ][safepoint      ] Safepoint "Cleanup", Time since last: 1000124374 ns, Reaching safepoint: 46201 ns, At safepoint: 3100 ns, Total: 49301 ns
[4153.000s][info ][gc,start       ] GC(230) Pause Young (Allocation Failure)
[4153.022s][debug][gc,phases      ] GC(230) Scavenge 22.361ms
[4153.022s][debug][gc,ref         ] GC(230) Skipped phase 1 of Reference Processing: no references
[4153.023s][debug][gc,ref         ] GC(230) ReferenceProcessor::execute queues: 1, RefProcThreadModel::Single, marks_oops_alive: false
[4153.023s][debug][gc,ref         ] GC(230) Skipped phase 3 of Reference Processing: no references
[4153.023s][debug][gc,ref         ] GC(230) ReferenceProcessor::execute queues: 1, RefProcThreadModel::Single, marks_oops_alive: false
[4153.023s][debug][gc,phases      ] GC(230) Reference Processing 0.115ms
[4153.023s][debug][gc,phases      ] GC(230)   VM Weak                        Min:  0.0, Avg:  0.0, Max:  0.0, Diff:  0.0, Sum:  0.0, Workers: 4
[4153.023s][debug][gc,phases      ] GC(230)     Dead                           Min: 0, Avg:  0.0, Max: 0, Diff: 0, Sum: 0, Workers: 4
[4153.023s][debug][gc,phases      ] GC(230)     Total                          Min: 0, Avg: 195.8, Max: 319, Diff: 319, Sum: 783, Workers: 4
[4153.023s][debug][gc,phases      ] GC(230)   ObjectSynchronizer Weak        Min:  0.0, Avg:  0.0, Max:  0.0, Diff:  0.0, Sum:  0.0, Workers: 4
[4153.023s][debug][gc,phases      ] GC(230)     Dead                           Min: 0, Avg:  0.0, Max: 0, Diff: 0, Sum: 0, Workers: 4
[4153.023s][debug][gc,phases      ] GC(230)     Total                          Min: 0, Avg:  8.5, Max: 34, Diff: 34, Sum: 34, Workers: 4
[4153.023s][debug][gc,phases      ] GC(230)   JVMTI Tag Weak OopStorage      Min:  0.0, Avg:  0.0, Max:  0.0, Diff:  0.0, Sum:  0.0, Workers: 4
[4153.023s][debug][gc,phases      ] GC(230)     Dead                           Min: 0, Avg:  0.0, Max: 0, Diff: 0, Sum: 0, Workers: 4
[4153.023s][debug][gc,phases      ] GC(230)     Total                          Min: 0, Avg:  0.0, Max: 0, Diff: 0, Sum: 0, Workers: 4
[4153.023s][debug][gc,phases      ] GC(230)   StringTable Weak               Min:  0.1, Avg:  0.1, Max:  0.1, Diff:  0.0, Sum:  0.5, Workers: 4
[4153.023s][debug][gc,phases      ] GC(230)     Dead                           Min: 0, Avg:  0.0, Max: 0, Diff: 0, Sum: 0, Workers: 4
[4153.023s][debug][gc,phases      ] GC(230)     Total                          Min: 10563, Avg: 10944.8, Max: 11328, Diff: 765, Sum: 43779, Workers: 4
[4153.023s][debug][gc,phases      ] GC(230)   ResolvedMethodTable Weak       Min:  0.0, Avg:  0.0, Max:  0.0, Diff:  0.0, Sum:  0.1, Workers: 4
[4153.023s][debug][gc,phases      ] GC(230)     Dead                           Min: 0, Avg:  0.0, Max: 0, Diff: 0, Sum: 0, Workers: 4
[4153.023s][debug][gc,phases      ] GC(230)     Total                          Min: 2302, Avg: 2436.5, Max: 2624, Diff: 322, Sum: 9746, Workers: 4
[4153.023s][debug][gc,phases      ] GC(230)   JNI Weak                       Min:  0.0, Avg:  0.0, Max:  0.0, Diff:  0.0, Sum:  0.0, Workers: 4
[4153.023s][debug][gc,phases      ] GC(230)     Dead                           Min: 0, Avg:  0.0, Max: 0, Diff: 0, Sum: 0, Workers: 4
[4153.023s][debug][gc,phases      ] GC(230)     Total                          Min: 0, Avg: 11.2, Max: 45, Diff: 45, Sum: 45, Workers: 4
[4153.023s][debug][gc,phases      ] GC(230)   StringDedup Table Weak         Min:  0.0, Avg:  0.0, Max:  0.0, Diff:  0.0, Sum:  0.0, Workers: 4
[4153.023s][debug][gc,phases      ] GC(230)     Dead                           Min: 0, Avg:  0.0, Max: 0, Diff: 0, Sum: 0, Workers: 4
[4153.023s][debug][gc,phases      ] GC(230)     Total                          Min: 0, Avg:  0.0, Max: 0, Diff: 0, Sum: 0, Workers: 4
[4153.023s][debug][gc,phases      ] GC(230)   StringDedup Requests0 Weak     Min:  0.0, Avg:  0.0, Max:  0.0, Diff:  0.0, Sum:  0.0, Workers: 4
[4153.023s][debug][gc,phases      ] GC(230)     Dead                           Min: 0, Avg:  0.0, Max: 0, Diff: 0, Sum: 0, Workers: 4
[4153.023s][debug][gc,phases      ] GC(230)     Total                          Min: 0, Avg:  0.0, Max: 0, Diff: 0, Sum: 0, Workers: 4
[4153.023s][debug][gc,phases      ] GC(230)   StringDedup Requests1 Weak     Min:  0.0, Avg:  0.0, Max:  0.0, Diff:  0.0, Sum:  0.0, Workers: 4
[4153.023s][debug][gc,phases      ] GC(230)     Dead                           Min: 0, Avg:  0.0, Max: 0, Diff: 0, Sum: 0, Workers: 4
[4153.023s][debug][gc,phases      ] GC(230)     Total                          Min: 0, Avg:  0.0, Max: 0, Diff: 0, Sum: 0, Workers: 4
[4153.023s][debug][gc,phases      ] GC(230)   Weak JFR Old Object Samples    Min:  0.0, Avg:  0.0, Max:  0.0, Diff:  0.0, Sum:  0.0, Workers: 4
[4153.023s][debug][gc,phases      ] GC(230)     Dead                           Min: 0, Avg:  0.0, Max: 0, Diff: 0, Sum: 0, Workers: 4
[4153.023s][debug][gc,phases      ] GC(230)     Total                          Min: 0, Avg:  0.0, Max: 0, Diff: 0, Sum: 0, Workers: 4
[4153.023s][debug][gc,phases      ] GC(230) Weak Processing 0.370ms
[4153.023s][debug][gc,age         ] GC(230) Desired survivor size 286261248 bytes, new threshold 15 (max threshold 15)
[4153.023s][info ][gc,heap        ] GC(230) PSYoungGen: 1583216K(1812480K)->59232K(1808896K) Eden: 1524224K(1524224K)->0K(1524224K) From: 58992K(288256K)->59232K(284672K)
[4153.023s][info ][gc,heap        ] GC(230) ParOldGen: 656201K(864256K)->656233K(864256K)
[4153.023s][info ][gc,metaspace   ] GC(230) Metaspace: 83637K(84608K)->83637K(84608K) NonClass: 71942K(72448K)->71942K(72448K) Class: 11695K(12160K)->11695K(12160K)
[4153.023s][info ][gc             ] GC(230) Pause Young (Allocation Failure) 2186M->698M(2610M) 23.004ms
[4153.023s][info ][gc,cpu         ] GC(230) User=0.08s Sys=0.00s Real=0.02s
[4153.023s][info ][safepoint      ] Safepoint "ParallelGCFailedAllocation", Time since last: 3581397021 ns, Reaching safepoint: 52701 ns, At safepoint: 23092230 ns, Total: 23144931 ns
[4154.023s][info ][safepoint      ] Safepoint "Cleanup", Time since last: 1000084137 ns, Reaching safepoint: 83102 ns, At safepoint: 4600 ns, Total: 87702 ns
[4155.644s][info ][safepoint      ] Safepoint "Cleanup", Time since last: 1620324461 ns, Reaching safepoint: 141604 ns, At safepoint: 9000 ns, Total: 150604 ns
[4156.644s][info ][safepoint      ] Safepoint "Cleanup", Time since last: 1000122237 ns, Reaching safepoint: 120003 ns, At safepoint: 6100 ns, Total: 126103 ns
[4158.644s][info ][safepoint      ] Safepoint "Cleanup", Time since last: 2000198674 ns, Reaching safepoint: 125803 ns, At safepoint: 6500 ns, Total: 132303 ns
[4160.645s][info ][safepoint      ] Safepoint "Cleanup", Time since last: 2000201401 ns, Reaching safepoint: 119002 ns, At safepoint: 9500 ns, Total: 128502 ns
[4162.492s][info ][gc,start       ] GC(231) Pause Young (Allocation Failure)
[4162.524s][debug][gc,phases      ] GC(231) Scavenge 31.745ms
[4162.524s][debug][gc,ref         ] GC(231) Skipped phase 1 of Reference Processing: no references
[4162.524s][debug][gc,ref         ] GC(231) ReferenceProcessor::execute queues: 1, RefProcThreadModel::Single, marks_oops_alive: false
[4162.524s][debug][gc,ref         ] GC(231) Skipped phase 3 of Reference Processing: no references
[4162.524s][debug][gc,ref         ] GC(231) ReferenceProcessor::execute queues: 1, RefProcThreadModel::Single, marks_oops_alive: false
[4162.524s][debug][gc,phases      ] GC(231) Reference Processing 0.116ms
[4162.525s][debug][gc,phases      ] GC(231)   VM Weak                        Min:  0.0, Avg:  0.0, Max:  0.0, Diff:  0.0, Sum:  0.0, Workers: 4
[4162.525s][debug][gc,phases      ] GC(231)     Dead                           Min: 0, Avg:  0.0, Max: 0, Diff: 0, Sum: 0, Workers: 4
[4162.525s][debug][gc,phases      ] GC(231)     Total                          Min: 0, Avg: 195.8, Max: 557, Diff: 557, Sum: 783, Workers: 4
[4162.525s][debug][gc,phases      ] GC(231)   ObjectSynchronizer Weak        Min:  0.0, Avg:  0.0, Max:  0.0, Diff:  0.0, Sum:  0.0, Workers: 4
[4162.525s][debug][gc,phases      ] GC(231)     Dead                           Min: 0, Avg:  0.0, Max: 0, Diff: 0, Sum: 0, Workers: 4
[4162.525s][debug][gc,phases      ] GC(231)     Total                          Min: 0, Avg:  8.5, Max: 34, Diff: 34, Sum: 34, Workers: 4
[4162.525s][debug][gc,phases      ] GC(231)   JVMTI Tag Weak OopStorage      Min:  0.0, Avg:  0.0, Max:  0.0, Diff:  0.0, Sum:  0.0, Workers: 4
[4162.525s][debug][gc,phases      ] GC(231)     Dead                           Min: 0, Avg:  0.0, Max: 0, Diff: 0, Sum: 0, Workers: 4
[4162.525s][debug][gc,phases      ] GC(231)     Total                          Min: 0, Avg:  0.0, Max: 0, Diff: 0, Sum: 0, Workers: 4
[4162.525s][debug][gc,phases      ] GC(231)   StringTable Weak               Min:  0.0, Avg:  0.1, Max:  0.1, Diff:  0.1, Sum:  0.4, Workers: 4
[4162.525s][debug][gc,phases      ] GC(231)     Dead                           Min: 0, Avg:  0.2, Max: 1, Diff: 1, Sum: 1, Workers: 4
[4162.525s][debug][gc,phases      ] GC(231)     Total                          Min: 0, Avg: 10945.0, Max: 15429, Diff: 15429, Sum: 43780, Workers: 4
[4162.525s][debug][gc,phases      ] GC(231)   ResolvedMethodTable Weak       Min:  0.0, Avg:  0.0, Max:  0.0, Diff:  0.0, Sum:  0.1, Workers: 4
[4162.525s][debug][gc,phases      ] GC(231)     Dead                           Min: 0, Avg:  0.0, Max: 0, Diff: 0, Sum: 0, Workers: 4
[4162.525s][debug][gc,phases      ] GC(231)     Total                          Min: 0, Avg: 2436.8, Max: 3513, Diff: 3513, Sum: 9747, Workers: 4
[4162.525s][debug][gc,phases      ] GC(231)   JNI Weak                       Min:  0.0, Avg:  0.0, Max:  0.0, Diff:  0.0, Sum:  0.0, Workers: 4
[4162.525s][debug][gc,phases      ] GC(231)     Dead                           Min: 0, Avg:  0.0, Max: 0, Diff: 0, Sum: 0, Workers: 4
[4162.525s][debug][gc,phases      ] GC(231)     Total                          Min: 0, Avg: 11.2, Max: 45, Diff: 45, Sum: 45, Workers: 4
[4162.525s][debug][gc,phases      ] GC(231)   StringDedup Table Weak         Min:  0.0, Avg:  0.0, Max:  0.0, Diff:  0.0, Sum:  0.0, Workers: 4
[4162.525s][debug][gc,phases      ] GC(231)     Dead                           Min: 0, Avg:  0.0, Max: 0, Diff: 0, Sum: 0, Workers: 4
[4162.525s][debug][gc,phases      ] GC(231)     Total                          Min: 0, Avg:  0.0, Max: 0, Diff: 0, Sum: 0, Workers: 4
[4162.525s][debug][gc,phases      ] GC(231)   StringDedup Requests0 Weak     Min:  0.0, Avg:  0.0, Max:  0.0, Diff:  0.0, Sum:  0.0, Workers: 4
[4162.525s][debug][gc,phases      ] GC(231)     Dead                           Min: 0, Avg:  0.0, Max: 0, Diff: 0, Sum: 0, Workers: 4
[4162.525s][debug][gc,phases      ] GC(231)     Total                          Min: 0, Avg:  0.0, Max: 0, Diff: 0, Sum: 0, Workers: 4
[4162.525s][debug][gc,phases      ] GC(231)   StringDedup Requests1 Weak     Min:  0.0, Avg:  0.0, Max:  0.0, Diff:  0.0, Sum:  0.0, Workers: 4
[4162.525s][debug][gc,phases      ] GC(231)     Dead                           Min: 0, Avg:  0.0, Max: 0, Diff: 0, Sum: 0, Workers: 4
[4162.525s][debug][gc,phases      ] GC(231)     Total                          Min: 0, Avg:  0.0, Max: 0, Diff: 0, Sum: 0, Workers: 4
[4162.525s][debug][gc,phases      ] GC(231)   Weak JFR Old Object Samples    Min:  0.0, Avg:  0.0, Max:  0.0, Diff:  0.0, Sum:  0.0, Workers: 4
[4162.525s][debug][gc,phases      ] GC(231)     Dead                           Min: 0, Avg:  0.0, Max: 0, Diff: 0, Sum: 0, Workers: 4
[4162.525s][debug][gc,phases      ] GC(231)     Total                          Min: 0, Avg:  0.0, Max: 0, Diff: 0, Sum: 0, Workers: 4
[4162.525s][debug][gc,phases      ] GC(231) Weak Processing 0.382ms
[4162.525s][debug][gc,age         ] GC(231) Desired survivor size 278921216 bytes, new threshold 15 (max threshold 15)
[4162.525s][info ][gc,heap        ] GC(231) PSYoungGen: 1583456K(1808896K)->66512K(1824768K) Eden: 1524224K(1524224K)->0K(1545216K) From: 59232K(284672K)->66512K(279552K)
[4162.525s][info ][gc,heap        ] GC(231) ParOldGen: 656233K(864256K)->656265K(864256K)
[4162.525s][info ][gc,metaspace   ] GC(231) Metaspace: 83644K(84608K)->83644K(84608K) NonClass: 71949K(72448K)->71949K(72448K) Class: 11695K(12160K)->11695K(12160K)
[4162.525s][info ][gc             ] GC(231) Pause Young (Allocation Failure) 2187M->705M(2626M) 32.380ms
[4162.525s][info ][gc,cpu         ] GC(231) User=0.10s Sys=0.00s Real=0.03s
[4162.525s][info ][safepoint      ] Safepoint "ParallelGCFailedAllocation", Time since last: 1847694535 ns, Reaching safepoint: 124903 ns, At safepoint: 32468743 ns, Total: 32593646 ns
[4164.525s][info ][safepoint      ] Safepoint "Cleanup", Time since last: 2000152619 ns, Reaching safepoint: 44601 ns, At safepoint: 3301 ns, Total: 47902 ns
[4165.525s][info ][safepoint      ] Safepoint "Cleanup", Time since last: 1000113760 ns, Reaching safepoint: 47201 ns, At safepoint: 2601 ns, Total: 49802 ns
[4166.525s][info ][safepoint      ] Safepoint "Cleanup", Time since last: 1000111660 ns, Reaching safepoint: 45501 ns, At safepoint: 4600 ns, Total: 50101 ns
[4170.081s][info ][safepoint      ] Safepoint "Cleanup", Time since last: 3555801539 ns, Reaching safepoint: 118903 ns, At safepoint: 6100 ns, Total: 125003 ns
[4170.760s][info ][safepoint      ] Safepoint "ICBufferFull", Time since last: 678510426 ns, Reaching safepoint: 281307 ns, At safepoint: 11400 ns, Total: 292707 ns
[4171.322s][info ][safepoint      ] Safepoint "ICBufferFull", Time since last: 561605251 ns, Reaching safepoint: 242606 ns, At safepoint: 90802 ns, Total: 333408 ns
[4171.609s][info ][safepoint      ] Safepoint "ICBufferFull", Time since last: 287058168 ns, Reaching safepoint: 253906 ns, At safepoint: 10500 ns, Total: 264406 ns
[4171.679s][info ][safepoint      ] Safepoint "ICBufferFull", Time since last: 69056181 ns, Reaching safepoint: 336507 ns, At safepoint: 9400 ns, Total: 345907 ns
[4171.903s][info ][gc,start       ] GC(232) Pause Young (Allocation Failure)
[4171.932s][debug][gc,phases      ] GC(232) Scavenge 29.215ms
[4171.932s][debug][gc,ref         ] GC(232) Skipped phase 1 of Reference Processing: no references
[4171.932s][debug][gc,ref         ] GC(232) ReferenceProcessor::execute queues: 1, RefProcThreadModel::Single, marks_oops_alive: false
[4171.932s][debug][gc,ref         ] GC(232) Skipped phase 3 of Reference Processing: no references
[4171.932s][debug][gc,ref         ] GC(232) ReferenceProcessor::execute queues: 1, RefProcThreadModel::Single, marks_oops_alive: false
[4171.932s][debug][gc,phases      ] GC(232) Reference Processing 0.181ms
[4171.933s][debug][gc,phases      ] GC(232)   VM Weak                        Min:  0.0, Avg:  0.0, Max:  0.0, Diff:  0.0, Sum:  0.0, Workers: 4
[4171.933s][debug][gc,phases      ] GC(232)     Dead                           Min: 0, Avg:  0.0, Max: 0, Diff: 0, Sum: 0, Workers: 4
[4171.933s][debug][gc,phases      ] GC(232)     Total                          Min: 0, Avg: 203.8, Max: 490, Diff: 490, Sum: 815, Workers: 4
[4171.933s][debug][gc,phases      ] GC(232)   ObjectSynchronizer Weak        Min:  0.0, Avg:  0.0, Max:  0.0, Diff:  0.0, Sum:  0.0, Workers: 4
[4171.933s][debug][gc,phases      ] GC(232)     Dead                           Min: 0, Avg:  1.0, Max: 4, Diff: 4, Sum: 4, Workers: 4
[4171.933s][debug][gc,phases      ] GC(232)     Total                          Min: 0, Avg: 10.8, Max: 43, Diff: 43, Sum: 43, Workers: 4
[4171.933s][debug][gc,phases      ] GC(232)   JVMTI Tag Weak OopStorage      Min:  0.0, Avg:  0.0, Max:  0.0, Diff:  0.0, Sum:  0.0, Workers: 4
[4171.933s][debug][gc,phases      ] GC(232)     Dead                           Min: 0, Avg:  0.0, Max: 0, Diff: 0, Sum: 0, Workers: 4
[4171.933s][debug][gc,phases      ] GC(232)     Total                          Min: 0, Avg:  0.0, Max: 0, Diff: 0, Sum: 0, Workers: 4
[4171.933s][debug][gc,phases      ] GC(232)   StringTable Weak               Min:  0.1, Avg:  0.1, Max:  0.1, Diff:  0.0, Sum:  0.5, Workers: 4
[4171.933s][debug][gc,phases      ] GC(232)     Dead                           Min: 0, Avg:  2.2, Max: 4, Diff: 4, Sum: 9, Workers: 4
[4171.933s][debug][gc,phases      ] GC(232)     Total                          Min: 7808, Avg: 10992.5, Max: 12546, Diff: 4738, Sum: 43970, Workers: 4
[4171.933s][debug][gc,phases      ] GC(232)   ResolvedMethodTable Weak       Min:  0.0, Avg:  0.0, Max:  0.0, Diff:  0.0, Sum:  0.1, Workers: 4
[4171.933s][debug][gc,phases      ] GC(232)     Dead                           Min: 0, Avg:  4.5, Max: 15, Diff: 15, Sum: 18, Workers: 4
[4171.933s][debug][gc,phases      ] GC(232)     Total                          Min: 2417, Avg: 2492.0, Max: 2687, Diff: 270, Sum: 9968, Workers: 4
[4171.933s][debug][gc,phases      ] GC(232)   JNI Weak                       Min:  0.0, Avg:  0.0, Max:  0.0, Diff:  0.0, Sum:  0.0, Workers: 4
[4171.933s][debug][gc,phases      ] GC(232)     Dead                           Min: 0, Avg:  0.0, Max: 0, Diff: 0, Sum: 0, Workers: 4
[4171.933s][debug][gc,phases      ] GC(232)     Total                          Min: 0, Avg: 32.0, Max: 53, Diff: 53, Sum: 128, Workers: 4
[4171.933s][debug][gc,phases      ] GC(232)   StringDedup Table Weak         Min:  0.0, Avg:  0.0, Max:  0.0, Diff:  0.0, Sum:  0.0, Workers: 4
[4171.933s][debug][gc,phases      ] GC(232)     Dead                           Min: 0, Avg:  0.0, Max: 0, Diff: 0, Sum: 0, Workers: 4
[4171.933s][debug][gc,phases      ] GC(232)     Total                          Min: 0, Avg:  0.0, Max: 0, Diff: 0, Sum: 0, Workers: 4
[4171.933s][debug][gc,phases      ] GC(232)   StringDedup Requests0 Weak     Min:  0.0, Avg:  0.0, Max:  0.0, Diff:  0.0, Sum:  0.0, Workers: 4
[4171.933s][debug][gc,phases      ] GC(232)     Dead                           Min: 0, Avg:  0.0, Max: 0, Diff: 0, Sum: 0, Workers: 4
[4171.933s][debug][gc,phases      ] GC(232)     Total                          Min: 0, Avg:  0.0, Max: 0, Diff: 0, Sum: 0, Workers: 4
[4171.933s][debug][gc,phases      ] GC(232)   StringDedup Requests1 Weak     Min:  0.0, Avg:  0.0, Max:  0.0, Diff:  0.0, Sum:  0.0, Workers: 4
[4171.933s][debug][gc,phases      ] GC(232)     Dead                           Min: 0, Avg:  0.0, Max: 0, Diff: 0, Sum: 0, Workers: 4
[4171.933s][debug][gc,phases      ] GC(232)     Total                          Min: 0, Avg:  0.0, Max: 0, Diff: 0, Sum: 0, Workers: 4
[4171.933s][debug][gc,phases      ] GC(232)   Weak JFR Old Object Samples    Min:  0.0, Avg:  0.0, Max:  0.0, Diff:  0.0, Sum:  0.0, Workers: 4
[4171.933s][debug][gc,phases      ] GC(232)     Dead                           Min: 0, Avg:  0.0, Max: 0, Diff: 0, Sum: 0, Workers: 4
[4171.933s][debug][gc,phases      ] GC(232)     Total                          Min: 0, Avg:  0.0, Max: 0, Diff: 0, Sum: 0, Workers: 4
[4171.933s][debug][gc,phases      ] GC(232) Weak Processing 0.370ms
[4171.933s][debug][gc,age         ] GC(232) Desired survivor size 268959744 bytes, new threshold 15 (max threshold 15)
[4171.933s][info ][gc,heap        ] GC(232) PSYoungGen: 1611728K(1824768K)->74358K(1817600K) Eden: 1545216K(1545216K)->0K(1545216K) From: 66512K(279552K)->74358K(272384K)
[4171.933s][info ][gc,heap        ] GC(232) ParOldGen: 656265K(864256K)->656297K(864256K)
[4171.933s][info ][gc,metaspace   ] GC(232) Metaspace: 84535K(85504K)->84535K(85504K) NonClass: 72694K(73216K)->72694K(73216K) Class: 11840K(12288K)->11840K(12288K)
[4171.933s][info ][gc             ] GC(232) Pause Young (Allocation Failure) 2214M->713M(2619M) 29.905ms
[4171.933s][info ][gc,cpu         ] GC(232) User=0.11s Sys=0.00s Real=0.04s
[4171.933s][info ][safepoint      ] Safepoint "ParallelGCFailedAllocation", Time since last: 223851223 ns, Reaching safepoint: 190804 ns, At safepoint: 29983986 ns, Total: 30174790 ns
[4172.584s][info ][safepoint      ] Safepoint "ICBufferFull", Time since last: 651237003 ns, Reaching safepoint: 341707 ns, At safepoint: 7401 ns, Total: 349108 ns
[4173.335s][info ][safepoint      ] Safepoint "ICBufferFull", Time since last: 750036663 ns, Reaching safepoint: 294706 ns, At safepoint: 15101 ns, Total: 309807 ns
[4174.288s][info ][safepoint      ] Safepoint "ICBufferFull", Time since last: 952873204 ns, Reaching safepoint: 258106 ns, At safepoint: 8900 ns, Total: 267006 ns
[4175.356s][info ][safepoint      ] Safepoint "Cleanup", Time since last: 1067947638 ns, Reaching safepoint: 215805 ns, At safepoint: 14900 ns, Total: 230705 ns
[4175.851s][info ][gc,start       ] GC(233) Pause Young (Allocation Failure)
[4175.899s][debug][gc,phases      ] GC(233) Scavenge 48.204ms
[4175.899s][debug][gc,ref         ] GC(233) Skipped phase 1 of Reference Processing: no references
[4175.899s][debug][gc,ref         ] GC(233) ReferenceProcessor::execute queues: 1, RefProcThreadModel::Single, marks_oops_alive: false
[4175.899s][debug][gc,ref         ] GC(233) Skipped phase 3 of Reference Processing: no references
[4175.899s][debug][gc,ref         ] GC(233) ReferenceProcessor::execute queues: 1, RefProcThreadModel::Single, marks_oops_alive: false
[4175.899s][debug][gc,phases      ] GC(233) Reference Processing 0.173ms
[4175.899s][debug][gc,phases      ] GC(233)   VM Weak                        Min:  0.0, Avg:  0.0, Max:  0.0, Diff:  0.0, Sum:  0.0, Workers: 4
[4175.899s][debug][gc,phases      ] GC(233)     Dead                           Min: 0, Avg:  0.0, Max: 0, Diff: 0, Sum: 0, Workers: 4
[4175.899s][debug][gc,phases      ] GC(233)     Total                          Min: 0, Avg: 204.8, Max: 517, Diff: 517, Sum: 819, Workers: 4
[4175.900s][debug][gc,phases      ] GC(233)   ObjectSynchronizer Weak        Min:  0.0, Avg:  0.0, Max:  0.0, Diff:  0.0, Sum:  0.0, Workers: 4
[4175.900s][debug][gc,phases      ] GC(233)     Dead                           Min: 0, Avg:  0.0, Max: 0, Diff: 0, Sum: 0, Workers: 4
[4175.900s][debug][gc,phases      ] GC(233)     Total                          Min: 0, Avg: 10.8, Max: 43, Diff: 43, Sum: 43, Workers: 4
[4175.900s][debug][gc,phases      ] GC(233)   JVMTI Tag Weak OopStorage      Min:  0.0, Avg:  0.0, Max:  0.0, Diff:  0.0, Sum:  0.0, Workers: 4
[4175.900s][debug][gc,phases      ] GC(233)     Dead                           Min: 0, Avg:  0.0, Max: 0, Diff: 0, Sum: 0, Workers: 4
[4175.900s][debug][gc,phases      ] GC(233)     Total                          Min: 0, Avg:  0.0, Max: 0, Diff: 0, Sum: 0, Workers: 4
[4175.900s][debug][gc,phases      ] GC(233)   StringTable Weak               Min:  0.0, Avg:  0.1, Max:  0.1, Diff:  0.1, Sum:  0.4, Workers: 4
[4175.900s][debug][gc,phases      ] GC(233)     Dead                           Min: 0, Avg:  0.8, Max: 3, Diff: 3, Sum: 3, Workers: 4
[4175.900s][debug][gc,phases      ] GC(233)     Total                          Min: 0, Avg: 10999.8, Max: 16480, Diff: 16480, Sum: 43999, Workers: 4
[4175.900s][debug][gc,phases      ] GC(233)   ResolvedMethodTable Weak       Min:  0.0, Avg:  0.0, Max:  0.0, Diff:  0.0, Sum:  0.1, Workers: 4
[4175.900s][debug][gc,phases      ] GC(233)     Dead                           Min: 0, Avg:  0.0, Max: 0, Diff: 0, Sum: 0, Workers: 4
[4175.900s][debug][gc,phases      ] GC(233)     Total                          Min: 0, Avg: 2501.0, Max: 3647, Diff: 3647, Sum: 10004, Workers: 4
[4175.900s][debug][gc,phases      ] GC(233)   JNI Weak                       Min:  0.0, Avg:  0.0, Max:  0.0, Diff:  0.0, Sum:  0.0, Workers: 4
[4175.900s][debug][gc,phases      ] GC(233)     Dead                           Min: 0, Avg:  0.0, Max: 0, Diff: 0, Sum: 0, Workers: 4
[4175.900s][debug][gc,phases      ] GC(233)     Total                          Min: 0, Avg: 25.2, Max: 57, Diff: 57, Sum: 101, Workers: 4
[4175.900s][debug][gc,phases      ] GC(233)   StringDedup Table Weak         Min:  0.0, Avg:  0.0, Max:  0.0, Diff:  0.0, Sum:  0.0, Workers: 4
[4175.900s][debug][gc,phases      ] GC(233)     Dead                           Min: 0, Avg:  0.0, Max: 0, Diff: 0, Sum: 0, Workers: 4
[4175.900s][debug][gc,phases      ] GC(233)     Total                          Min: 0, Avg:  0.0, Max: 0, Diff: 0, Sum: 0, Workers: 4
[4175.900s][debug][gc,phases      ] GC(233)   StringDedup Requests0 Weak     Min:  0.0, Avg:  0.0, Max:  0.0, Diff:  0.0, Sum:  0.0, Workers: 4
[4175.900s][debug][gc,phases      ] GC(233)     Dead                           Min: 0, Avg:  0.0, Max: 0, Diff: 0, Sum: 0, Workers: 4
[4175.900s][debug][gc,phases      ] GC(233)     Total                          Min: 0, Avg:  0.0, Max: 0, Diff: 0, Sum: 0, Workers: 4
[4175.900s][debug][gc,phases      ] GC(233)   StringDedup Requests1 Weak     Min:  0.0, Avg:  0.0, Max:  0.0, Diff:  0.0, Sum:  0.0, Workers: 4
[4175.900s][debug][gc,phases      ] GC(233)     Dead                           Min: 0, Avg:  0.0, Max: 0, Diff: 0, Sum: 0, Workers: 4
[4175.900s][debug][gc,phases      ] GC(233)     Total                          Min: 0, Avg:  0.0, Max: 0, Diff: 0, Sum: 0, Workers: 4
[4175.900s][debug][gc,phases      ] GC(233)   Weak JFR Old Object Samples    Min:  0.0, Avg:  0.0, Max:  0.0, Diff:  0.0, Sum:  0.0, Workers: 4
[4175.900s][debug][gc,phases      ] GC(233)     Dead                           Min: 0, Avg:  0.0, Max: 0, Diff: 0, Sum: 0, Workers: 4
[4175.900s][debug][gc,phases      ] GC(233)     Total                          Min: 0, Avg:  0.0, Max: 0, Diff: 0, Sum: 0, Workers: 4
[4175.900s][debug][gc,phases      ] GC(233) Weak Processing 0.548ms
[4175.900s][debug][gc,age         ] GC(233) Desired survivor size 256901120 bytes, new threshold 15 (max threshold 15)
[4175.900s][info ][gc,heap        ] GC(233) PSYoungGen: 1619481K(1817600K)->86855K(1846272K) Eden: 1545123K(1545216K)->0K(1583616K) From: 74358K(272384K)->86855K(262656K)
[4175.900s][info ][gc,heap        ] GC(233) ParOldGen: 656297K(864256K)->656321K(864256K)
[4175.900s][info ][gc,metaspace   ] GC(233) Metaspace: 84803K(85824K)->84803K(85824K) NonClass: 72943K(73536K)->72943K(73536K) Class: 11859K(12288K)->11859K(12288K)
[4175.900s][info ][gc             ] GC(233) Pause Young (Allocation Failure) 2222M->725M(2647M) 49.085ms
[4175.900s][info ][gc,cpu         ] GC(233) User=0.18s Sys=0.00s Real=0.05s
[4175.900s][info ][safepoint      ] Safepoint "ParallelGCFailedAllocation", Time since last: 494496190 ns, Reaching safepoint: 161403 ns, At safepoint: 49193218 ns, Total: 49354621 ns
[4176.900s][info ][safepoint      ] Safepoint "Cleanup", Time since last: 1000085320 ns, Reaching safepoint: 228805 ns, At safepoint: 10300 ns, Total: 239105 ns
[4177.462s][info ][safepoint      ] Safepoint "ICBufferFull", Time since last: 560923244 ns, Reaching safepoint: 369908 ns, At safepoint: 9100 ns, Total: 379008 ns
[4178.462s][info ][safepoint      ] Safepoint "Cleanup", Time since last: 1000136321 ns, Reaching safepoint: 212305 ns, At safepoint: 9200 ns, Total: 221505 ns
[4179.344s][info ][gc,start       ] GC(234) Pause Young (Allocation Failure)
[4179.380s][debug][gc,phases      ] GC(234) Scavenge 35.825ms
[4179.380s][debug][gc,ref         ] GC(234) Skipped phase 1 of Reference Processing: no references
[4179.380s][debug][gc,ref         ] GC(234) ReferenceProcessor::execute queues: 1, RefProcThreadModel::Single, marks_oops_alive: false
[4179.380s][debug][gc,ref         ] GC(234) Skipped phase 3 of Reference Processing: no references
[4179.380s][debug][gc,ref         ] GC(234) ReferenceProcessor::execute queues: 1, RefProcThreadModel::Single, marks_oops_alive: false
[4179.380s][debug][gc,phases      ] GC(234) Reference Processing 0.185ms
[4179.380s][debug][gc,phases      ] GC(234)   VM Weak                        Min:  0.0, Avg:  0.0, Max:  0.0, Diff:  0.0, Sum:  0.0, Workers: 4
[4179.380s][debug][gc,phases      ] GC(234)     Dead                           Min: 0, Avg:  0.0, Max: 0, Diff: 0, Sum: 0, Workers: 4
[4179.380s][debug][gc,phases      ] GC(234)     Total                          Min: 0, Avg: 204.8, Max: 430, Diff: 430, Sum: 819, Workers: 4
[4179.380s][debug][gc,phases      ] GC(234)   ObjectSynchronizer Weak        Min:  0.0, Avg:  0.0, Max:  0.0, Diff:  0.0, Sum:  0.0, Workers: 4
[4179.380s][debug][gc,phases      ] GC(234)     Dead                           Min: 0, Avg:  0.2, Max: 1, Diff: 1, Sum: 1, Workers: 4
[4179.380s][debug][gc,phases      ] GC(234)     Total                          Min: 0, Avg: 11.0, Max: 44, Diff: 44, Sum: 44, Workers: 4
[4179.380s][debug][gc,phases      ] GC(234)   JVMTI Tag Weak OopStorage      Min:  0.0, Avg:  0.0, Max:  0.0, Diff:  0.0, Sum:  0.0, Workers: 4
[4179.380s][debug][gc,phases      ] GC(234)     Dead                           Min: 0, Avg:  0.0, Max: 0, Diff: 0, Sum: 0, Workers: 4
[4179.380s][debug][gc,phases      ] GC(234)     Total                          Min: 0, Avg:  0.0, Max: 0, Diff: 0, Sum: 0, Workers: 4
[4179.380s][debug][gc,phases      ] GC(234)   StringTable Weak               Min:  0.1, Avg:  0.1, Max:  0.1, Diff:  0.0, Sum:  0.4, Workers: 4
[4179.380s][debug][gc,phases      ] GC(234)     Dead                           Min: 0, Avg:  0.5, Max: 2, Diff: 2, Sum: 2, Workers: 4
[4179.380s][debug][gc,phases      ] GC(234)     Total                          Min: 9600, Avg: 11005.8, Max: 12343, Diff: 2743, Sum: 44023, Workers: 4
[4179.380s][debug][gc,phases      ] GC(234)   ResolvedMethodTable Weak       Min:  0.0, Avg:  0.0, Max:  0.0, Diff:  0.0, Sum:  0.1, Workers: 4
[4179.380s][debug][gc,phases      ] GC(234)     Dead                           Min: 0, Avg:  0.0, Max: 0, Diff: 0, Sum: 0, Workers: 4
[4179.380s][debug][gc,phases      ] GC(234)     Total                          Min: 2329, Avg: 2502.0, Max: 2687, Diff: 358, Sum: 10008, Workers: 4
[4179.380s][debug][gc,phases      ] GC(234)   JNI Weak                       Min:  0.0, Avg:  0.0, Max:  0.0, Diff:  0.0, Sum:  0.0, Workers: 4
[4179.380s][debug][gc,phases      ] GC(234)     Dead                           Min: 0, Avg:  0.0, Max: 0, Diff: 0, Sum: 0, Workers: 4
[4179.380s][debug][gc,phases      ] GC(234)     Total                          Min: 0, Avg: 11.2, Max: 45, Diff: 45, Sum: 45, Workers: 4
[4179.380s][debug][gc,phases      ] GC(234)   StringDedup Table Weak         Min:  0.0, Avg:  0.0, Max:  0.0, Diff:  0.0, Sum:  0.0, Workers: 4
[4179.380s][debug][gc,phases      ] GC(234)     Dead                           Min: 0, Avg:  0.0, Max: 0, Diff: 0, Sum: 0, Workers: 4
[4179.380s][debug][gc,phases      ] GC(234)     Total                          Min: 0, Avg:  0.0, Max: 0, Diff: 0, Sum: 0, Workers: 4
[4179.380s][debug][gc,phases      ] GC(234)   StringDedup Requests0 Weak     Min:  0.0, Avg:  0.0, Max:  0.0, Diff:  0.0, Sum:  0.0, Workers: 4
[4179.380s][debug][gc,phases      ] GC(234)     Dead                           Min: 0, Avg:  0.0, Max: 0, Diff: 0, Sum: 0, Workers: 4
[4179.380s][debug][gc,phases      ] GC(234)     Total                          Min: 0, Avg:  0.0, Max: 0, Diff: 0, Sum: 0, Workers: 4
[4179.380s][debug][gc,phases      ] GC(234)   StringDedup Requests1 Weak     Min:  0.0, Avg:  0.0, Max:  0.0, Diff:  0.0, Sum:  0.0, Workers: 4
[4179.380s][debug][gc,phases      ] GC(234)     Dead                           Min: 0, Avg:  0.0, Max: 0, Diff: 0, Sum: 0, Workers: 4
[4179.380s][debug][gc,phases      ] GC(234)     Total                          Min: 0, Avg:  0.0, Max: 0, Diff: 0, Sum: 0, Workers: 4
[4179.380s][debug][gc,phases      ] GC(234)   Weak JFR Old Object Samples    Min:  0.0, Avg:  0.0, Max:  0.0, Diff:  0.0, Sum:  0.0, Workers: 4
[4179.380s][debug][gc,phases      ] GC(234)     Dead                           Min: 0, Avg:  0.0, Max: 0, Diff: 0, Sum: 0, Workers: 4
[4179.380s][debug][gc,phases      ] GC(234)     Total                          Min: 0, Avg:  0.0, Max: 0, Diff: 0, Sum: 0, Workers: 4
[4179.380s][debug][gc,phases      ] GC(234) Weak Processing 0.357ms
[4179.380s][debug][gc,age         ] GC(234) Desired survivor size 244318208 bytes, new threshold 15 (max threshold 15)
[4179.380s][info ][gc,heap        ] GC(234) PSYoungGen: 1670471K(1846272K)->94663K(1834496K) Eden: 1583616K(1583616K)->0K(1583616K) From: 86855K(262656K)->94663K(250880K)
[4179.380s][info ][gc,heap        ] GC(234) ParOldGen: 656321K(864256K)->656353K(864256K)
[4179.380s][info ][gc,metaspace   ] GC(234) Metaspace: 84882K(85888K)->84882K(85888K) NonClass: 73020K(73600K)->73020K(73600K) Class: 11861K(12288K)->11861K(12288K)
[4179.380s][info ][gc             ] GC(234) Pause Young (Allocation Failure) 2272M->733M(2635M) 36.506ms
[4179.380s][info ][gc,cpu         ] GC(234) User=0.12s Sys=0.00s Real=0.03s
[4179.380s][info ][safepoint      ] Safepoint "ParallelGCFailedAllocation", Time since last: 881699031 ns, Reaching safepoint: 153403 ns, At safepoint: 36590032 ns, Total: 36743435 ns
[4180.381s][info ][safepoint      ] Safepoint "Cleanup", Time since last: 1000091920 ns, Reaching safepoint: 60201 ns, At safepoint: 2800 ns, Total: 63001 ns
[4181.381s][info ][safepoint      ] Safepoint "Cleanup", Time since last: 1000124921 ns, Reaching safepoint: 53302 ns, At safepoint: 2800 ns, Total: 56102 ns
[4183.381s][info ][safepoint      ] Safepoint "Cleanup", Time since last: 2000189840 ns, Reaching safepoint: 68802 ns, At safepoint: 4200 ns, Total: 73002 ns
[4184.381s][info ][safepoint      ] Safepoint "Cleanup", Time since last: 1000113678 ns, Reaching safepoint: 54901 ns, At safepoint: 3000 ns, Total: 57901 ns
[4185.381s][info ][safepoint      ] Safepoint "Cleanup", Time since last: 1000117605 ns, Reaching safepoint: 67201 ns, At safepoint: 4000 ns, Total: 71201 ns
[4186.381s][info ][safepoint      ] Safepoint "Cleanup", Time since last: 1000115605 ns, Reaching safepoint: 62301 ns, At safepoint: 7600 ns, Total: 69901 ns
[4187.382s][info ][safepoint      ] Safepoint "Cleanup", Time since last: 1000076304 ns, Reaching safepoint: 130403 ns, At safepoint: 22901 ns, Total: 153304 ns
[4187.973s][info ][gc,start       ] GC(235) Pause Young (Allocation Failure)
[4188.037s][debug][gc,phases      ] GC(235) Scavenge 63.097ms
[4188.037s][debug][gc,ref         ] GC(235) Skipped phase 1 of Reference Processing: no references
[4188.037s][debug][gc,ref         ] GC(235) ReferenceProcessor::execute queues: 1, RefProcThreadModel::Single, marks_oops_alive: false
[4188.037s][debug][gc,ref         ] GC(235) Skipped phase 3 of Reference Processing: no references
[4188.037s][debug][gc,ref         ] GC(235) ReferenceProcessor::execute queues: 1, RefProcThreadModel::Single, marks_oops_alive: false
[4188.037s][debug][gc,phases      ] GC(235) Reference Processing 0.267ms
[4188.037s][debug][gc,phases      ] GC(235)   VM Weak                        Min:  0.0, Avg:  0.0, Max:  0.0, Diff:  0.0, Sum:  0.0, Workers: 4
[4188.037s][debug][gc,phases      ] GC(235)     Dead                           Min: 0, Avg:  0.0, Max: 0, Diff: 0, Sum: 0, Workers: 4
[4188.037s][debug][gc,phases      ] GC(235)     Total                          Min: 0, Avg: 204.8, Max: 517, Diff: 517, Sum: 819, Workers: 4
[4188.037s][debug][gc,phases      ] GC(235)   ObjectSynchronizer Weak        Min:  0.0, Avg:  0.0, Max:  0.0, Diff:  0.0, Sum:  0.0, Workers: 4
[4188.037s][debug][gc,phases      ] GC(235)     Dead                           Min: 0, Avg:  0.0, Max: 0, Diff: 0, Sum: 0, Workers: 4
[4188.037s][debug][gc,phases      ] GC(235)     Total                          Min: 0, Avg: 11.0, Max: 44, Diff: 44, Sum: 44, Workers: 4
[4188.037s][debug][gc,phases      ] GC(235)   JVMTI Tag Weak OopStorage      Min:  0.0, Avg:  0.0, Max:  0.0, Diff:  0.0, Sum:  0.0, Workers: 4
[4188.037s][debug][gc,phases      ] GC(235)     Dead                           Min: 0, Avg:  0.0, Max: 0, Diff: 0, Sum: 0, Workers: 4
[4188.037s][debug][gc,phases      ] GC(235)     Total                          Min: 0, Avg:  0.0, Max: 0, Diff: 0, Sum: 0, Workers: 4
[4188.037s][debug][gc,phases      ] GC(235)   StringTable Weak               Min:  0.0, Avg:  0.1, Max:  0.2, Diff:  0.2, Sum:  0.4, Workers: 4
[4188.037s][debug][gc,phases      ] GC(235)     Dead                           Min: 0, Avg:  0.0, Max: 0, Diff: 0, Sum: 0, Workers: 4
[4188.037s][debug][gc,phases      ] GC(235)     Total                          Min: 0, Avg: 11007.5, Max: 23872, Diff: 23872, Sum: 44030, Workers: 4
[4188.037s][debug][gc,phases      ] GC(235)   ResolvedMethodTable Weak       Min:  0.0, Avg:  0.0, Max:  0.1, Diff:  0.1, Sum:  0.1, Workers: 4
[4188.037s][debug][gc,phases      ] GC(235)     Dead                           Min: 0, Avg:  0.0, Max: 0, Diff: 0, Sum: 0, Workers: 4
[4188.037s][debug][gc,phases      ] GC(235)     Total                          Min: 0, Avg: 2502.0, Max: 5465, Diff: 5465, Sum: 10008, Workers: 4
[4188.037s][debug][gc,phases      ] GC(235)   JNI Weak                       Min:  0.0, Avg:  0.0, Max:  0.0, Diff:  0.0, Sum:  0.0, Workers: 4
[4188.037s][debug][gc,phases      ] GC(235)     Dead                           Min: 0, Avg:  0.0, Max: 0, Diff: 0, Sum: 0, Workers: 4
[4188.037s][debug][gc,phases      ] GC(235)     Total                          Min: 0, Avg: 13.2, Max: 53, Diff: 53, Sum: 53, Workers: 4
[4188.037s][debug][gc,phases      ] GC(235)   StringDedup Table Weak         Min:  0.0, Avg:  0.0, Max:  0.0, Diff:  0.0, Sum:  0.0, Workers: 4
[4188.037s][debug][gc,phases      ] GC(235)     Dead                           Min: 0, Avg:  0.0, Max: 0, Diff: 0, Sum: 0, Workers: 4
[4188.037s][debug][gc,phases      ] GC(235)     Total                          Min: 0, Avg:  0.0, Max: 0, Diff: 0, Sum: 0, Workers: 4
[4188.037s][debug][gc,phases      ] GC(235)   StringDedup Requests0 Weak     Min:  0.0, Avg:  0.0, Max:  0.0, Diff:  0.0, Sum:  0.0, Workers: 4
[4188.037s][debug][gc,phases      ] GC(235)     Dead                           Min: 0, Avg:  0.0, Max: 0, Diff: 0, Sum: 0, Workers: 4
[4188.037s][debug][gc,phases      ] GC(235)     Total                          Min: 0, Avg:  0.0, Max: 0, Diff: 0, Sum: 0, Workers: 4
[4188.037s][debug][gc,phases      ] GC(235)   StringDedup Requests1 Weak     Min:  0.0, Avg:  0.0, Max:  0.0, Diff:  0.0, Sum:  0.0, Workers: 4
[4188.037s][debug][gc,phases      ] GC(235)     Dead                           Min: 0, Avg:  0.0, Max: 0, Diff: 0, Sum: 0, Workers: 4
[4188.037s][debug][gc,phases      ] GC(235)     Total                          Min: 0, Avg:  0.0, Max: 0, Diff: 0, Sum: 0, Workers: 4
[4188.037s][debug][gc,phases      ] GC(235)   Weak JFR Old Object Samples    Min:  0.0, Avg:  0.0, Max:  0.0, Diff:  0.0, Sum:  0.0, Workers: 4
[4188.037s][debug][gc,phases      ] GC(235)     Dead                           Min: 0, Avg:  0.0, Max: 0, Diff: 0, Sum: 0, Workers: 4
[4188.037s][debug][gc,phases      ] GC(235)     Total                          Min: 0, Avg:  0.0, Max: 0, Diff: 0, Sum: 0, Workers: 4
[4188.037s][debug][gc,phases      ] GC(235) Weak Processing 0.510ms
[4188.037s][debug][gc,age         ] GC(235) Desired survivor size 231735296 bytes, new threshold 15 (max threshold 15)
[4188.037s][info ][gc,heap        ] GC(235) PSYoungGen: 1678279K(1834496K)->99991K(1870848K) Eden: 1583616K(1583616K)->0K(1632256K) From: 94663K(250880K)->99991K(238592K)
[4188.037s][info ][gc,heap        ] GC(235) ParOldGen: 656353K(864256K)->656377K(864256K)
[4188.037s][info ][gc,metaspace   ] GC(235) Metaspace: 84892K(85888K)->84892K(85888K) NonClass: 73030K(73600K)->73030K(73600K) Class: 11861K(12288K)->11861K(12288K)
[4188.037s][info ][gc             ] GC(235) Pause Young (Allocation Failure) 2279M->738M(2671M) 64.070ms
[4188.037s][info ][gc,cpu         ] GC(235) User=0.15s Sys=0.00s Real=0.06s
[4188.038s][info ][safepoint      ] Safepoint "ParallelGCFailedAllocation", Time since last: 591487587 ns, Reaching safepoint: 155603 ns, At safepoint: 64178464 ns, Total: 64334067 ns
[4189.038s][info ][safepoint      ] Safepoint "Cleanup", Time since last: 1000094404 ns, Reaching safepoint: 182504 ns, At safepoint: 8300 ns, Total: 190804 ns
[4190.267s][info ][safepoint      ] Safepoint "Cleanup", Time since last: 1229232429 ns, Reaching safepoint: 237505 ns, At safepoint: 5600 ns, Total: 243105 ns
[4191.268s][info ][safepoint      ] Safepoint "Cleanup", Time since last: 1000099604 ns, Reaching safepoint: 120503 ns, At safepoint: 15701 ns, Total: 136204 ns
[4192.268s][info ][safepoint      ] Safepoint "Cleanup", Time since last: 1000118819 ns, Reaching safepoint: 44301 ns, At safepoint: 5300 ns, Total: 49601 ns
[4193.268s][info ][safepoint      ] Safepoint "Cleanup", Time since last: 1000122732 ns, Reaching safepoint: 37301 ns, At safepoint: 4100 ns, Total: 41401 ns
[4194.593s][info ][gc,start       ] GC(236) Pause Young (Allocation Failure)
[4194.630s][debug][gc,phases      ] GC(236) Scavenge 36.803ms
[4194.630s][debug][gc,ref         ] GC(236) Skipped phase 1 of Reference Processing: no references
[4194.630s][debug][gc,ref         ] GC(236) ReferenceProcessor::execute queues: 1, RefProcThreadModel::Single, marks_oops_alive: false
[4194.630s][debug][gc,ref         ] GC(236) Skipped phase 3 of Reference Processing: no references
[4194.630s][debug][gc,ref         ] GC(236) ReferenceProcessor::execute queues: 1, RefProcThreadModel::Single, marks_oops_alive: false
[4194.630s][debug][gc,phases      ] GC(236) Reference Processing 0.171ms
[4194.630s][debug][gc,phases      ] GC(236)   VM Weak                        Min:  0.0, Avg:  0.0, Max:  0.0, Diff:  0.0, Sum:  0.0, Workers: 4
[4194.630s][debug][gc,phases      ] GC(236)     Dead                           Min: 0, Avg:  0.0, Max: 0, Diff: 0, Sum: 0, Workers: 4
[4194.630s][debug][gc,phases      ] GC(236)     Total                          Min: 128, Avg: 204.8, Max: 366, Diff: 238, Sum: 819, Workers: 4
[4194.630s][debug][gc,phases      ] GC(236)   ObjectSynchronizer Weak        Min:  0.0, Avg:  0.0, Max:  0.0, Diff:  0.0, Sum:  0.0, Workers: 4
[4194.630s][debug][gc,phases      ] GC(236)     Dead                           Min: 0, Avg:  0.0, Max: 0, Diff: 0, Sum: 0, Workers: 4
[4194.630s][debug][gc,phases      ] GC(236)     Total                          Min: 0, Avg: 11.0, Max: 44, Diff: 44, Sum: 44, Workers: 4
[4194.630s][debug][gc,phases      ] GC(236)   JVMTI Tag Weak OopStorage      Min:  0.0, Avg:  0.0, Max:  0.0, Diff:  0.0, Sum:  0.0, Workers: 4
[4194.630s][debug][gc,phases      ] GC(236)     Dead                           Min: 0, Avg:  0.0, Max: 0, Diff: 0, Sum: 0, Workers: 4
[4194.630s][debug][gc,phases      ] GC(236)     Total                          Min: 0, Avg:  0.0, Max: 0, Diff: 0, Sum: 0, Workers: 4
[4194.630s][debug][gc,phases      ] GC(236)   StringTable Weak               Min:  0.1, Avg:  0.1, Max:  0.1, Diff:  0.0, Sum:  0.5, Workers: 4
[4194.630s][debug][gc,phases      ] GC(236)     Dead                           Min: 0, Avg:  0.0, Max: 0, Diff: 0, Sum: 0, Workers: 4
[4194.630s][debug][gc,phases      ] GC(236)     Total                          Min: 10112, Avg: 11009.0, Max: 11840, Diff: 1728, Sum: 44036, Workers: 4
[4194.630s][debug][gc,phases      ] GC(236)   ResolvedMethodTable Weak       Min:  0.0, Avg:  0.0, Max:  0.0, Diff:  0.0, Sum:  0.1, Workers: 4
[4194.630s][debug][gc,phases      ] GC(236)     Dead                           Min: 0, Avg:  0.0, Max: 0, Diff: 0, Sum: 0, Workers: 4
[4194.630s][debug][gc,phases      ] GC(236)     Total                          Min: 2367, Avg: 2502.0, Max: 2713, Diff: 346, Sum: 10008, Workers: 4
[4194.630s][debug][gc,phases      ] GC(236)   JNI Weak                       Min:  0.0, Avg:  0.0, Max:  0.0, Diff:  0.0, Sum:  0.0, Workers: 4
[4194.630s][debug][gc,phases      ] GC(236)     Dead                           Min: 0, Avg:  0.0, Max: 0, Diff: 0, Sum: 0, Workers: 4
[4194.630s][debug][gc,phases      ] GC(236)     Total                          Min: 0, Avg: 11.2, Max: 45, Diff: 45, Sum: 45, Workers: 4
[4194.630s][debug][gc,phases      ] GC(236)   StringDedup Table Weak         Min:  0.0, Avg:  0.0, Max:  0.0, Diff:  0.0, Sum:  0.0, Workers: 4
[4194.630s][debug][gc,phases      ] GC(236)     Dead                           Min: 0, Avg:  0.0, Max: 0, Diff: 0, Sum: 0, Workers: 4
[4194.630s][debug][gc,phases      ] GC(236)     Total                          Min: 0, Avg:  0.0, Max: 0, Diff: 0, Sum: 0, Workers: 4
[4194.630s][debug][gc,phases      ] GC(236)   StringDedup Requests0 Weak     Min:  0.0, Avg:  0.0, Max:  0.0, Diff:  0.0, Sum:  0.0, Workers: 4
[4194.630s][debug][gc,phases      ] GC(236)     Dead                           Min: 0, Avg:  0.0, Max: 0, Diff: 0, Sum: 0, Workers: 4
[4194.630s][debug][gc,phases      ] GC(236)     Total                          Min: 0, Avg:  0.0, Max: 0, Diff: 0, Sum: 0, Workers: 4
[4194.630s][debug][gc,phases      ] GC(236)   StringDedup Requests1 Weak     Min:  0.0, Avg:  0.0, Max:  0.0, Diff:  0.0, Sum:  0.0, Workers: 4
[4194.630s][debug][gc,phases      ] GC(236)     Dead                           Min: 0, Avg:  0.0, Max: 0, Diff: 0, Sum: 0, Workers: 4
[4194.630s][debug][gc,phases      ] GC(236)     Total                          Min: 0, Avg:  0.0, Max: 0, Diff: 0, Sum: 0, Workers: 4
[4194.630s][debug][gc,phases      ] GC(236)   Weak JFR Old Object Samples    Min:  0.0, Avg:  0.0, Max:  0.0, Diff:  0.0, Sum:  0.0, Workers: 4
[4194.630s][debug][gc,phases      ] GC(236)     Dead                           Min: 0, Avg:  0.0, Max: 0, Diff: 0, Sum: 0, Workers: 4
[4194.630s][debug][gc,phases      ] GC(236)     Total                          Min: 0, Avg:  0.0, Max: 0, Diff: 0, Sum: 0, Workers: 4
[4194.630s][debug][gc,phases      ] GC(236) Weak Processing 0.345ms
[4194.630s][debug][gc,age         ] GC(236) Desired survivor size 220725248 bytes, new threshold 15 (max threshold 15)
[4194.630s][info ][gc,heap        ] GC(236) PSYoungGen: 1732247K(1870848K)->94615K(1858560K) Eden: 1632256K(1632256K)->0K(1632256K) From: 99991K(238592K)->94615K(226304K)
[4194.630s][info ][gc,heap        ] GC(236) ParOldGen: 656377K(864256K)->660505K(864256K)
[4194.630s][info ][gc,metaspace   ] GC(236) Metaspace: 84914K(85888K)->84914K(85888K) NonClass: 73052K(73600K)->73052K(73600K) Class: 11861K(12288K)->11861K(12288K)
[4194.630s][info ][gc             ] GC(236) Pause Young (Allocation Failure) 2332M->737M(2659M) 37.461ms
[4194.630s][info ][gc,cpu         ] GC(236) User=0.12s Sys=0.01s Real=0.03s
[4194.630s][info ][safepoint      ] Safepoint "ParallelGCFailedAllocation", Time since last: 1324891846 ns, Reaching safepoint: 108302 ns, At safepoint: 37540657 ns, Total: 37648959 ns
[4195.631s][info ][safepoint      ] Safepoint "Cleanup", Time since last: 1000095031 ns, Reaching safepoint: 57101 ns, At safepoint: 2800 ns, Total: 59901 ns
[4196.631s][info ][safepoint      ] Safepoint "Cleanup", Time since last: 1000112432 ns, Reaching safepoint: 47101 ns, At safepoint: 2500 ns, Total: 49601 ns
[4197.631s][info ][safepoint      ] Safepoint "Cleanup", Time since last: 1000117131 ns, Reaching safepoint: 84002 ns, At safepoint: 6700 ns, Total: 90702 ns
[4198.631s][info ][safepoint      ] Safepoint "Cleanup", Time since last: 1000115432 ns, Reaching safepoint: 55401 ns, At safepoint: 5400 ns, Total: 60801 ns
[4200.631s][info ][safepoint      ] Safepoint "Cleanup", Time since last: 2000155635 ns, Reaching safepoint: 51001 ns, At safepoint: 2700 ns, Total: 53701 ns
[4201.632s][info ][safepoint      ] Safepoint "Cleanup", Time since last: 1000111893 ns, Reaching safepoint: 60101 ns, At safepoint: 2800 ns, Total: 62901 ns
[4202.632s][info ][safepoint      ] Safepoint "Cleanup", Time since last: 1000087692 ns, Reaching safepoint: 51901 ns, At safepoint: 4100 ns, Total: 56001 ns
[4204.632s][info ][safepoint      ] Safepoint "Cleanup", Time since last: 2000144784 ns, Reaching safepoint: 45701 ns, At safepoint: 2900 ns, Total: 48601 ns
[4207.060s][info ][gc,start       ] GC(237) Pause Young (Allocation Failure)
[4207.096s][debug][gc,phases      ] GC(237) Scavenge 36.475ms
[4207.096s][debug][gc,ref         ] GC(237) Skipped phase 1 of Reference Processing: no references
[4207.096s][debug][gc,ref         ] GC(237) ReferenceProcessor::execute queues: 1, RefProcThreadModel::Single, marks_oops_alive: false
[4207.096s][debug][gc,ref         ] GC(237) Skipped phase 3 of Reference Processing: no references
[4207.096s][debug][gc,ref         ] GC(237) ReferenceProcessor::execute queues: 1, RefProcThreadModel::Single, marks_oops_alive: false
[4207.096s][debug][gc,phases      ] GC(237) Reference Processing 0.248ms
[4207.097s][debug][gc,phases      ] GC(237)   VM Weak                        Min:  0.0, Avg:  0.0, Max:  0.0, Diff:  0.0, Sum:  0.0, Workers: 4
[4207.097s][debug][gc,phases      ] GC(237)     Dead                           Min: 0, Avg:  0.0, Max: 0, Diff: 0, Sum: 0, Workers: 4
[4207.097s][debug][gc,phases      ] GC(237)     Total                          Min: 0, Avg: 204.8, Max: 430, Diff: 430, Sum: 819, Workers: 4
[4207.097s][debug][gc,phases      ] GC(237)   ObjectSynchronizer Weak        Min:  0.0, Avg:  0.0, Max:  0.0, Diff:  0.0, Sum:  0.0, Workers: 4
[4207.097s][debug][gc,phases      ] GC(237)     Dead                           Min: 0, Avg:  0.0, Max: 0, Diff: 0, Sum: 0, Workers: 4
[4207.097s][debug][gc,phases      ] GC(237)     Total                          Min: 0, Avg: 11.0, Max: 44, Diff: 44, Sum: 44, Workers: 4
[4207.097s][debug][gc,phases      ] GC(237)   JVMTI Tag Weak OopStorage      Min:  0.0, Avg:  0.0, Max:  0.0, Diff:  0.0, Sum:  0.0, Workers: 4
[4207.097s][debug][gc,phases      ] GC(237)     Dead                           Min: 0, Avg:  0.0, Max: 0, Diff: 0, Sum: 0, Workers: 4
[4207.097s][debug][gc,phases      ] GC(237)     Total                          Min: 0, Avg:  0.0, Max: 0, Diff: 0, Sum: 0, Workers: 4
[4207.097s][debug][gc,phases      ] GC(237)   StringTable Weak               Min:  0.0, Avg:  0.1, Max:  0.1, Diff:  0.1, Sum:  0.4, Workers: 4
[4207.097s][debug][gc,phases      ] GC(237)     Dead                           Min: 0, Avg:  0.0, Max: 0, Diff: 0, Sum: 0, Workers: 4
[4207.097s][debug][gc,phases      ] GC(237)     Total                          Min: 0, Avg: 11009.0, Max: 15616, Diff: 15616, Sum: 44036, Workers: 4
[4207.097s][debug][gc,phases      ] GC(237)   ResolvedMethodTable Weak       Min:  0.0, Avg:  0.0, Max:  0.0, Diff:  0.0, Sum:  0.1, Workers: 4
[4207.097s][debug][gc,phases      ] GC(237)     Dead                           Min: 0, Avg:  0.0, Max: 0, Diff: 0, Sum: 0, Workers: 4
[4207.097s][debug][gc,phases      ] GC(237)     Total                          Min: 0, Avg: 2502.0, Max: 3520, Diff: 3520, Sum: 10008, Workers: 4
[4207.097s][debug][gc,phases      ] GC(237)   JNI Weak                       Min:  0.0, Avg:  0.0, Max:  0.0, Diff:  0.0, Sum:  0.0, Workers: 4
[4207.097s][debug][gc,phases      ] GC(237)     Dead                           Min: 0, Avg:  0.0, Max: 0, Diff: 0, Sum: 0, Workers: 4
[4207.097s][debug][gc,phases      ] GC(237)     Total                          Min: 0, Avg: 11.2, Max: 45, Diff: 45, Sum: 45, Workers: 4
[4207.097s][debug][gc,phases      ] GC(237)   StringDedup Table Weak         Min:  0.0, Avg:  0.0, Max:  0.0, Diff:  0.0, Sum:  0.0, Workers: 4
[4207.097s][debug][gc,phases      ] GC(237)     Dead                           Min: 0, Avg:  0.0, Max: 0, Diff: 0, Sum: 0, Workers: 4
[4207.097s][debug][gc,phases      ] GC(237)     Total                          Min: 0, Avg:  0.0, Max: 0, Diff: 0, Sum: 0, Workers: 4
[4207.097s][debug][gc,phases      ] GC(237)   StringDedup Requests0 Weak     Min:  0.0, Avg:  0.0, Max:  0.0, Diff:  0.0, Sum:  0.0, Workers: 4
[4207.097s][debug][gc,phases      ] GC(237)     Dead                           Min: 0, Avg:  0.0, Max: 0, Diff: 0, Sum: 0, Workers: 4
[4207.097s][debug][gc,phases      ] GC(237)     Total                          Min: 0, Avg:  0.0, Max: 0, Diff: 0, Sum: 0, Workers: 4
[4207.097s][debug][gc,phases      ] GC(237)   StringDedup Requests1 Weak     Min:  0.0, Avg:  0.0, Max:  0.0, Diff:  0.0, Sum:  0.0, Workers: 4
[4207.097s][debug][gc,phases      ] GC(237)     Dead                           Min: 0, Avg:  0.0, Max: 0, Diff: 0, Sum: 0, Workers: 4
[4207.097s][debug][gc,phases      ] GC(237)     Total                          Min: 0, Avg:  0.0, Max: 0, Diff: 0, Sum: 0, Workers: 4
[4207.097s][debug][gc,phases      ] GC(237)   Weak JFR Old Object Samples    Min:  0.0, Avg:  0.0, Max:  0.0, Diff:  0.0, Sum:  0.0, Workers: 4
[4207.097s][debug][gc,phases      ] GC(237)     Dead                           Min: 0, Avg:  0.0, Max: 0, Diff: 0, Sum: 0, Workers: 4
[4207.097s][debug][gc,phases      ] GC(237)     Total                          Min: 0, Avg:  0.0, Max: 0, Diff: 0, Sum: 0, Workers: 4
[4207.097s][debug][gc,phases      ] GC(237) Weak Processing 0.390ms
[4207.097s][debug][gc,age         ] GC(237) Desired survivor size 211288064 bytes, new threshold 15 (max threshold 15)
[4207.097s][info ][gc,heap        ] GC(237) PSYoungGen: 1726871K(1858560K)->94679K(1890816K) Eden: 1632256K(1632256K)->0K(1675264K) From: 94615K(226304K)->94679K(215552K)
[4207.097s][info ][gc,heap        ] GC(237) ParOldGen: 660505K(864256K)->660537K(864256K)
[4207.097s][info ][gc,metaspace   ] GC(237) Metaspace: 84918K(85888K)->84918K(85888K) NonClass: 73056K(73600K)->73056K(73600K) Class: 11861K(12288K)->11861K(12288K)
[4207.097s][info ][gc             ] GC(237) Pause Young (Allocation Failure) 2331M->737M(2690M) 37.265ms
[4207.097s][info ][gc,cpu         ] GC(237) User=0.13s Sys=0.00s Real=0.04s
[4207.097s][info ][safepoint      ] Safepoint "ParallelGCFailedAllocation", Time since last: 2427704085 ns, Reaching safepoint: 39601 ns, At safepoint: 37345148 ns, Total: 37384749 ns
[4208.097s][info ][safepoint      ] Safepoint "Cleanup", Time since last: 1000091393 ns, Reaching safepoint: 122003 ns, At safepoint: 5200 ns, Total: 127203 ns
[4213.098s][info ][safepoint      ] Safepoint "Cleanup", Time since last: 5000411772 ns, Reaching safepoint: 126903 ns, At safepoint: 6000 ns, Total: 132903 ns
[4214.098s][info ][safepoint      ] Safepoint "Cleanup", Time since last: 1000132295 ns, Reaching safepoint: 109403 ns, At safepoint: 6900 ns, Total: 116303 ns
[4219.099s][info ][safepoint      ] Safepoint "Cleanup", Time since last: 5000434685 ns, Reaching safepoint: 117603 ns, At safepoint: 8800 ns, Total: 126403 ns
[4221.099s][info ][safepoint      ] Safepoint "Cleanup", Time since last: 2000228364 ns, Reaching safepoint: 125002 ns, At safepoint: 5701 ns, Total: 130703 ns
[4222.099s][info ][safepoint      ] Safepoint "Cleanup", Time since last: 1000133032 ns, Reaching safepoint: 123803 ns, At safepoint: 6100 ns, Total: 129903 ns
[4222.158s][info ][gc,start       ] GC(238) Pause Young (Allocation Failure)
[4222.194s][debug][gc,phases      ] GC(238) Scavenge 36.212ms
[4222.194s][debug][gc,ref         ] GC(238) Skipped phase 1 of Reference Processing: no references
[4222.194s][debug][gc,ref         ] GC(238) ReferenceProcessor::execute queues: 1, RefProcThreadModel::Single, marks_oops_alive: false
[4222.194s][debug][gc,ref         ] GC(238) Skipped phase 3 of Reference Processing: no references
[4222.194s][debug][gc,ref         ] GC(238) ReferenceProcessor::execute queues: 1, RefProcThreadModel::Single, marks_oops_alive: false
[4222.194s][debug][gc,phases      ] GC(238) Reference Processing 0.250ms
[4222.195s][debug][gc,phases      ] GC(238)   VM Weak                        Min:  0.0, Avg:  0.0, Max:  0.0, Diff:  0.0, Sum:  0.0, Workers: 4
[4222.195s][debug][gc,phases      ] GC(238)     Dead                           Min: 0, Avg:  0.0, Max: 0, Diff: 0, Sum: 0, Workers: 4
[4222.195s][debug][gc,phases      ] GC(238)     Total                          Min: 0, Avg: 204.8, Max: 517, Diff: 517, Sum: 819, Workers: 4
[4222.195s][debug][gc,phases      ] GC(238)   ObjectSynchronizer Weak        Min:  0.0, Avg:  0.0, Max:  0.0, Diff:  0.0, Sum:  0.0, Workers: 4
[4222.195s][debug][gc,phases      ] GC(238)     Dead                           Min: 0, Avg:  0.0, Max: 0, Diff: 0, Sum: 0, Workers: 4
[4222.195s][debug][gc,phases      ] GC(238)     Total                          Min: 0, Avg: 11.0, Max: 44, Diff: 44, Sum: 44, Workers: 4
[4222.195s][debug][gc,phases      ] GC(238)   JVMTI Tag Weak OopStorage      Min:  0.0, Avg:  0.0, Max:  0.0, Diff:  0.0, Sum:  0.0, Workers: 4
[4222.195s][debug][gc,phases      ] GC(238)     Dead                           Min: 0, Avg:  0.0, Max: 0, Diff: 0, Sum: 0, Workers: 4
[4222.195s][debug][gc,phases      ] GC(238)     Total                          Min: 0, Avg:  0.0, Max: 0, Diff: 0, Sum: 0, Workers: 4
[4222.195s][debug][gc,phases      ] GC(238)   StringTable Weak               Min:  0.0, Avg:  0.1, Max:  0.1, Diff:  0.1, Sum:  0.4, Workers: 4
[4222.195s][debug][gc,phases      ] GC(238)     Dead                           Min: 0, Avg:  0.0, Max: 0, Diff: 0, Sum: 0, Workers: 4
[4222.195s][debug][gc,phases      ] GC(238)     Total                          Min: 0, Avg: 11009.0, Max: 15680, Diff: 15680, Sum: 44036, Workers: 4
[4222.195s][debug][gc,phases      ] GC(238)   ResolvedMethodTable Weak       Min:  0.0, Avg:  0.0, Max:  0.0, Diff:  0.0, Sum:  0.1, Workers: 4
[4222.195s][debug][gc,phases      ] GC(238)     Dead                           Min: 0, Avg:  0.0, Max: 0, Diff: 0, Sum: 0, Workers: 4
[4222.195s][debug][gc,phases      ] GC(238)     Total                          Min: 0, Avg: 2502.0, Max: 3544, Diff: 3544, Sum: 10008, Workers: 4
[4222.195s][debug][gc,phases      ] GC(238)   JNI Weak                       Min:  0.0, Avg:  0.0, Max:  0.0, Diff:  0.0, Sum:  0.0, Workers: 4
[4222.195s][debug][gc,phases      ] GC(238)     Dead                           Min: 0, Avg:  0.0, Max: 0, Diff: 0, Sum: 0, Workers: 4
[4222.195s][debug][gc,phases      ] GC(238)     Total                          Min: 0, Avg: 11.2, Max: 45, Diff: 45, Sum: 45, Workers: 4
[4222.195s][debug][gc,phases      ] GC(238)   StringDedup Table Weak         Min:  0.0, Avg:  0.0, Max:  0.0, Diff:  0.0, Sum:  0.0, Workers: 4
[4222.195s][debug][gc,phases      ] GC(238)     Dead                           Min: 0, Avg:  0.0, Max: 0, Diff: 0, Sum: 0, Workers: 4
[4222.195s][debug][gc,phases      ] GC(238)     Total                          Min: 0, Avg:  0.0, Max: 0, Diff: 0, Sum: 0, Workers: 4
[4222.195s][debug][gc,phases      ] GC(238)   StringDedup Requests0 Weak     Min:  0.0, Avg:  0.0, Max:  0.0, Diff:  0.0, Sum:  0.0, Workers: 4
[4222.195s][debug][gc,phases      ] GC(238)     Dead                           Min: 0, Avg:  0.0, Max: 0, Diff: 0, Sum: 0, Workers: 4
[4222.195s][debug][gc,phases      ] GC(238)     Total                          Min: 0, Avg:  0.0, Max: 0, Diff: 0, Sum: 0, Workers: 4
[4222.195s][debug][gc,phases      ] GC(238)   StringDedup Requests1 Weak     Min:  0.0, Avg:  0.0, Max:  0.0, Diff:  0.0, Sum:  0.0, Workers: 4
[4222.195s][debug][gc,phases      ] GC(238)     Dead                           Min: 0, Avg:  0.0, Max: 0, Diff: 0, Sum: 0, Workers: 4
[4222.195s][debug][gc,phases      ] GC(238)     Total                          Min: 0, Avg:  0.0, Max: 0, Diff: 0, Sum: 0, Workers: 4
[4222.195s][debug][gc,phases      ] GC(238)   Weak JFR Old Object Samples    Min:  0.0, Avg:  0.0, Max:  0.0, Diff:  0.0, Sum:  0.0, Workers: 4
[4222.195s][debug][gc,phases      ] GC(238)     Dead                           Min: 0, Avg:  0.0, Max: 0, Diff: 0, Sum: 0, Workers: 4
[4222.195s][debug][gc,phases      ] GC(238)     Total                          Min: 0, Avg:  0.0, Max: 0, Diff: 0, Sum: 0, Workers: 4
[4222.195s][debug][gc,phases      ] GC(238) Weak Processing 0.443ms
[4222.195s][debug][gc,age         ] GC(238) Desired survivor size 201850880 bytes, new threshold 15 (max threshold 15)
[4222.195s][info ][gc,heap        ] GC(238) PSYoungGen: 1769943K(1890816K)->95207K(1881600K) Eden: 1675264K(1675264K)->0K(1675264K) From: 94679K(215552K)->95207K(206336K)
[4222.195s][info ][gc,heap        ] GC(238) ParOldGen: 660537K(864256K)->660569K(864256K)
[4222.195s][info ][gc,metaspace   ] GC(238) Metaspace: 84922K(85888K)->84922K(85888K) NonClass: 73060K(73600K)->73060K(73600K) Class: 11861K(12288K)->11861K(12288K)
[4222.195s][info ][gc             ] GC(238) Pause Young (Allocation Failure) 2373M->738M(2681M) 37.091ms
[4222.195s][info ][gc,cpu         ] GC(238) User=0.13s Sys=0.01s Real=0.04s
[4222.195s][info ][safepoint      ] Safepoint "ParallelGCFailedAllocation", Time since last: 58564113 ns, Reaching safepoint: 29101 ns, At safepoint: 37177634 ns, Total: 37206735 ns
[4225.195s][info ][safepoint      ] Safepoint "Cleanup", Time since last: 3000257497 ns, Reaching safepoint: 133903 ns, At safepoint: 11900 ns, Total: 145803 ns
[4227.196s][info ][safepoint      ] Safepoint "Cleanup", Time since last: 2000228906 ns, Reaching safepoint: 148704 ns, At safepoint: 6900 ns, Total: 155604 ns
[4228.196s][info ][safepoint      ] Safepoint "Cleanup", Time since last: 1000145504 ns, Reaching safepoint: 122302 ns, At safepoint: 5901 ns, Total: 128203 ns
[4229.196s][info ][safepoint      ] Safepoint "Cleanup", Time since last: 1000130003 ns, Reaching safepoint: 126503 ns, At safepoint: 7800 ns, Total: 134303 ns
[4231.197s][info ][safepoint      ] Safepoint "Cleanup", Time since last: 2000176705 ns, Reaching safepoint: 123503 ns, At safepoint: 7800 ns, Total: 131303 ns
[4236.197s][info ][safepoint      ] Safepoint "Cleanup", Time since last: 5000520909 ns, Reaching safepoint: 121603 ns, At safepoint: 6100 ns, Total: 127703 ns
[4237.096s][info ][gc,start       ] GC(239) Pause Young (Allocation Failure)
[4237.133s][debug][gc,phases      ] GC(239) Scavenge 36.680ms
[4237.133s][debug][gc,ref         ] GC(239) Skipped phase 1 of Reference Processing: no references
[4237.133s][debug][gc,ref         ] GC(239) ReferenceProcessor::execute queues: 1, RefProcThreadModel::Single, marks_oops_alive: false
[4237.133s][debug][gc,ref         ] GC(239) Skipped phase 3 of Reference Processing: no references
[4237.133s][debug][gc,ref         ] GC(239) ReferenceProcessor::execute queues: 1, RefProcThreadModel::Single, marks_oops_alive: false
[4237.133s][debug][gc,phases      ] GC(239) Reference Processing 0.195ms
[4237.134s][debug][gc,phases      ] GC(239)   VM Weak                        Min:  0.0, Avg:  0.0, Max:  0.0, Diff:  0.0, Sum:  0.0, Workers: 4
[4237.134s][debug][gc,phases      ] GC(239)     Dead                           Min: 0, Avg:  0.0, Max: 0, Diff: 0, Sum: 0, Workers: 4
[4237.134s][debug][gc,phases      ] GC(239)     Total                          Min: 0, Avg: 204.8, Max: 517, Diff: 517, Sum: 819, Workers: 4
[4237.134s][debug][gc,phases      ] GC(239)   ObjectSynchronizer Weak        Min:  0.0, Avg:  0.0, Max:  0.0, Diff:  0.0, Sum:  0.0, Workers: 4
[4237.134s][debug][gc,phases      ] GC(239)     Dead                           Min: 0, Avg:  0.0, Max: 0, Diff: 0, Sum: 0, Workers: 4
[4237.134s][debug][gc,phases      ] GC(239)     Total                          Min: 0, Avg: 11.0, Max: 44, Diff: 44, Sum: 44, Workers: 4
[4237.134s][debug][gc,phases      ] GC(239)   JVMTI Tag Weak OopStorage      Min:  0.0, Avg:  0.0, Max:  0.0, Diff:  0.0, Sum:  0.0, Workers: 4
[4237.134s][debug][gc,phases      ] GC(239)     Dead                           Min: 0, Avg:  0.0, Max: 0, Diff: 0, Sum: 0, Workers: 4
[4237.134s][debug][gc,phases      ] GC(239)     Total                          Min: 0, Avg:  0.0, Max: 0, Diff: 0, Sum: 0, Workers: 4
[4237.134s][debug][gc,phases      ] GC(239)   StringTable Weak               Min:  0.0, Avg:  0.1, Max:  0.2, Diff:  0.2, Sum:  0.5, Workers: 4
[4237.134s][debug][gc,phases      ] GC(239)     Dead                           Min: 0, Avg:  0.0, Max: 0, Diff: 0, Sum: 0, Workers: 4
[4237.134s][debug][gc,phases      ] GC(239)     Total                          Min: 0, Avg: 11010.0, Max: 14848, Diff: 14848, Sum: 44040, Workers: 4
[4237.134s][debug][gc,phases      ] GC(239)   ResolvedMethodTable Weak       Min:  0.0, Avg:  0.0, Max:  0.0, Diff:  0.0, Sum:  0.1, Workers: 4
[4237.134s][debug][gc,phases      ] GC(239)     Dead                           Min: 0, Avg:  0.0, Max: 0, Diff: 0, Sum: 0, Workers: 4
[4237.134s][debug][gc,phases      ] GC(239)     Total                          Min: 0, Avg: 2502.0, Max: 3391, Diff: 3391, Sum: 10008, Workers: 4
[4237.134s][debug][gc,phases      ] GC(239)   JNI Weak                       Min:  0.0, Avg:  0.0, Max:  0.0, Diff:  0.0, Sum:  0.0, Workers: 4
[4237.134s][debug][gc,phases      ] GC(239)     Dead                           Min: 0, Avg:  0.0, Max: 0, Diff: 0, Sum: 0, Workers: 4
[4237.134s][debug][gc,phases      ] GC(239)     Total                          Min: 0, Avg: 11.2, Max: 45, Diff: 45, Sum: 45, Workers: 4
[4237.134s][debug][gc,phases      ] GC(239)   StringDedup Table Weak         Min:  0.0, Avg:  0.0, Max:  0.0, Diff:  0.0, Sum:  0.0, Workers: 4
[4237.134s][debug][gc,phases      ] GC(239)     Dead                           Min: 0, Avg:  0.0, Max: 0, Diff: 0, Sum: 0, Workers: 4
[4237.134s][debug][gc,phases      ] GC(239)     Total                          Min: 0, Avg:  0.0, Max: 0, Diff: 0, Sum: 0, Workers: 4
[4237.134s][debug][gc,phases      ] GC(239)   StringDedup Requests0 Weak     Min:  0.0, Avg:  0.0, Max:  0.0, Diff:  0.0, Sum:  0.0, Workers: 4
[4237.134s][debug][gc,phases      ] GC(239)     Dead                           Min: 0, Avg:  0.0, Max: 0, Diff: 0, Sum: 0, Workers: 4
[4237.134s][debug][gc,phases      ] GC(239)     Total                          Min: 0, Avg:  0.0, Max: 0, Diff: 0, Sum: 0, Workers: 4
[4237.134s][debug][gc,phases      ] GC(239)   StringDedup Requests1 Weak     Min:  0.0, Avg:  0.0, Max:  0.0, Diff:  0.0, Sum:  0.0, Workers: 4
[4237.134s][debug][gc,phases      ] GC(239)     Dead                           Min: 0, Avg:  0.0, Max: 0, Diff: 0, Sum: 0, Workers: 4
[4237.134s][debug][gc,phases      ] GC(239)     Total                          Min: 0, Avg:  0.0, Max: 0, Diff: 0, Sum: 0, Workers: 4
[4237.134s][debug][gc,phases      ] GC(239)   Weak JFR Old Object Samples    Min:  0.0, Avg:  0.0, Max:  0.0, Diff:  0.0, Sum:  0.0, Workers: 4
[4237.134s][debug][gc,phases      ] GC(239)     Dead                           Min: 0, Avg:  0.0, Max: 0, Diff: 0, Sum: 0, Workers: 4
[4237.134s][debug][gc,phases      ] GC(239)     Total                          Min: 0, Avg:  0.0, Max: 0, Diff: 0, Sum: 0, Workers: 4
[4237.134s][debug][gc,phases      ] GC(239) Weak Processing 0.407ms
[4237.134s][debug][gc,age         ] GC(239) Desired survivor size 193462272 bytes, new threshold 15 (max threshold 15)
[4237.134s][info ][gc,heap        ] GC(239) PSYoungGen: 1770471K(1881600K)->95767K(1908224K) Eden: 1675264K(1675264K)->0K(1711104K) From: 95207K(206336K)->95767K(197120K)
[4237.134s][info ][gc,heap        ] GC(239) ParOldGen: 660569K(864256K)->660593K(864256K)
[4237.134s][info ][gc,metaspace   ] GC(239) Metaspace: 84931K(85952K)->84931K(85952K) NonClass: 73069K(73664K)->73069K(73664K) Class: 11861K(12288K)->11861K(12288K)
[4237.134s][info ][gc             ] GC(239) Pause Young (Allocation Failure) 2374M->738M(2707M) 37.448ms
[4237.134s][info ][gc,cpu         ] GC(239) User=0.14s Sys=0.00s Real=0.04s
[4237.134s][info ][safepoint      ] Safepoint "ParallelGCFailedAllocation", Time since last: 899045850 ns, Reaching safepoint: 123503 ns, At safepoint: 37538754 ns, Total: 37662257 ns
[4241.134s][info ][safepoint      ] Safepoint "Cleanup", Time since last: 4000301967 ns, Reaching safepoint: 53901 ns, At safepoint: 2900 ns, Total: 56801 ns
[4245.135s][info ][safepoint      ] Safepoint "Cleanup", Time since last: 4000310369 ns, Reaching safepoint: 48501 ns, At safepoint: 3300 ns, Total: 51801 ns
[4253.388s][info ][gc,start       ] GC(240) Pause Young (Allocation Failure)
[4253.426s][debug][gc,phases      ] GC(240) Scavenge 38.536ms
[4253.426s][debug][gc,ref         ] GC(240) Skipped phase 1 of Reference Processing: no references
[4253.427s][debug][gc,ref         ] GC(240) ReferenceProcessor::execute queues: 1, RefProcThreadModel::Single, marks_oops_alive: false
[4253.427s][debug][gc,ref         ] GC(240) Skipped phase 3 of Reference Processing: no references
[4253.427s][debug][gc,ref         ] GC(240) ReferenceProcessor::execute queues: 1, RefProcThreadModel::Single, marks_oops_alive: false
[4253.427s][debug][gc,phases      ] GC(240) Reference Processing 0.184ms
[4253.427s][debug][gc,phases      ] GC(240)   VM Weak                        Min:  0.0, Avg:  0.0, Max:  0.0, Diff:  0.0, Sum:  0.0, Workers: 4
[4253.427s][debug][gc,phases      ] GC(240)     Dead                           Min: 0, Avg:  0.0, Max: 0, Diff: 0, Sum: 0, Workers: 4
[4253.427s][debug][gc,phases      ] GC(240)     Total                          Min: 0, Avg: 204.8, Max: 819, Diff: 819, Sum: 819, Workers: 4
[4253.427s][debug][gc,phases      ] GC(240)   ObjectSynchronizer Weak        Min:  0.0, Avg:  0.0, Max:  0.0, Diff:  0.0, Sum:  0.0, Workers: 4
[4253.427s][debug][gc,phases      ] GC(240)     Dead                           Min: 0, Avg:  0.0, Max: 0, Diff: 0, Sum: 0, Workers: 4
[4253.427s][debug][gc,phases      ] GC(240)     Total                          Min: 0, Avg: 11.0, Max: 44, Diff: 44, Sum: 44, Workers: 4
[4253.427s][debug][gc,phases      ] GC(240)   JVMTI Tag Weak OopStorage      Min:  0.0, Avg:  0.0, Max:  0.0, Diff:  0.0, Sum:  0.0, Workers: 4
[4253.427s][debug][gc,phases      ] GC(240)     Dead                           Min: 0, Avg:  0.0, Max: 0, Diff: 0, Sum: 0, Workers: 4
[4253.427s][debug][gc,phases      ] GC(240)     Total                          Min: 0, Avg:  0.0, Max: 0, Diff: 0, Sum: 0, Workers: 4
[4253.427s][debug][gc,phases      ] GC(240)   StringTable Weak               Min:  0.0, Avg:  0.1, Max:  0.2, Diff:  0.2, Sum:  0.5, Workers: 4
[4253.427s][debug][gc,phases      ] GC(240)     Dead                           Min: 0, Avg:  0.0, Max: 0, Diff: 0, Sum: 0, Workers: 4
[4253.427s][debug][gc,phases      ] GC(240)     Total                          Min: 0, Avg: 11010.0, Max: 15816, Diff: 15816, Sum: 44040, Workers: 4
[4253.427s][debug][gc,phases      ] GC(240)   ResolvedMethodTable Weak       Min:  0.0, Avg:  0.0, Max:  0.0, Diff:  0.0, Sum:  0.1, Workers: 4
[4253.427s][debug][gc,phases      ] GC(240)     Dead                           Min: 0, Avg:  0.0, Max: 0, Diff: 0, Sum: 0, Workers: 4
[4253.427s][debug][gc,phases      ] GC(240)     Total                          Min: 0, Avg: 2502.0, Max: 3480, Diff: 3480, Sum: 10008, Workers: 4
[4253.427s][debug][gc,phases      ] GC(240)   JNI Weak                       Min:  0.0, Avg:  0.0, Max:  0.0, Diff:  0.0, Sum:  0.0, Workers: 4
[4253.427s][debug][gc,phases      ] GC(240)     Dead                           Min: 0, Avg:  0.0, Max: 0, Diff: 0, Sum: 0, Workers: 4
[4253.427s][debug][gc,phases      ] GC(240)     Total                          Min: 0, Avg: 11.2, Max: 45, Diff: 45, Sum: 45, Workers: 4
[4253.427s][debug][gc,phases      ] GC(240)   StringDedup Table Weak         Min:  0.0, Avg:  0.0, Max:  0.0, Diff:  0.0, Sum:  0.0, Workers: 4
[4253.427s][debug][gc,phases      ] GC(240)     Dead                           Min: 0, Avg:  0.0, Max: 0, Diff: 0, Sum: 0, Workers: 4
[4253.427s][debug][gc,phases      ] GC(240)     Total                          Min: 0, Avg:  0.0, Max: 0, Diff: 0, Sum: 0, Workers: 4
[4253.427s][debug][gc,phases      ] GC(240)   StringDedup Requests0 Weak     Min:  0.0, Avg:  0.0, Max:  0.0, Diff:  0.0, Sum:  0.0, Workers: 4
[4253.427s][debug][gc,phases      ] GC(240)     Dead                           Min: 0, Avg:  0.0, Max: 0, Diff: 0, Sum: 0, Workers: 4
[4253.427s][debug][gc,phases      ] GC(240)     Total                          Min: 0, Avg:  0.0, Max: 0, Diff: 0, Sum: 0, Workers: 4
[4253.427s][debug][gc,phases      ] GC(240)   StringDedup Requests1 Weak     Min:  0.0, Avg:  0.0, Max:  0.0, Diff:  0.0, Sum:  0.0, Workers: 4
[4253.427s][debug][gc,phases      ] GC(240)     Dead                           Min: 0, Avg:  0.0, Max: 0, Diff: 0, Sum: 0, Workers: 4
[4253.427s][debug][gc,phases      ] GC(240)     Total                          Min: 0, Avg:  0.0, Max: 0, Diff: 0, Sum: 0, Workers: 4
[4253.427s][debug][gc,phases      ] GC(240)   Weak JFR Old Object Samples    Min:  0.0, Avg:  0.0, Max:  0.0, Diff:  0.0, Sum:  0.0, Workers: 4
[4253.427s][debug][gc,phases      ] GC(240)     Dead                           Min: 0, Avg:  0.0, Max: 0, Diff: 0, Sum: 0, Workers: 4
[4253.427s][debug][gc,phases      ] GC(240)     Total                          Min: 0, Avg:  0.0, Max: 0, Diff: 0, Sum: 0, Workers: 4
[4253.427s][debug][gc,phases      ] GC(240) Weak Processing 0.401ms
[4253.427s][debug][gc,age         ] GC(240) Desired survivor size 187695104 bytes, new threshold 15 (max threshold 15)
[4253.427s][info ][gc,heap        ] GC(240) PSYoungGen: 1806871K(1908224K)->83143K(1900032K) Eden: 1711104K(1711104K)->0K(1711104K) From: 95767K(197120K)->83143K(188928K)
[4253.427s][info ][gc,heap        ] GC(240) ParOldGen: 660593K(864256K)->674165K(864256K)
[4253.427s][info ][gc,metaspace   ] GC(240) Metaspace: 84933K(85952K)->84933K(85952K) NonClass: 73071K(73664K)->73071K(73664K) Class: 11861K(12288K)->11861K(12288K)
[4253.427s][info ][gc             ] GC(240) Pause Young (Allocation Failure) 2409M->739M(2699M) 39.269ms
[4253.427s][info ][gc,cpu         ] GC(240) User=0.11s Sys=0.02s Real=0.04s
[4253.427s][info ][safepoint      ] Safepoint "ParallelGCFailedAllocation", Time since last: 8253086753 ns, Reaching safepoint: 27801 ns, At safepoint: 39364893 ns, Total: 39392694 ns
[4255.427s][info ][safepoint      ] Safepoint "Cleanup", Time since last: 2000146380 ns, Reaching safepoint: 49301 ns, At safepoint: 2600 ns, Total: 51901 ns
[4256.427s][info ][safepoint      ] Safepoint "Cleanup", Time since last: 1000126488 ns, Reaching safepoint: 47001 ns, At safepoint: 3500 ns, Total: 50501 ns
[4258.428s][info ][safepoint      ] Safepoint "Cleanup", Time since last: 2000157739 ns, Reaching safepoint: 45501 ns, At safepoint: 2600 ns, Total: 48101 ns
[4259.428s][info ][safepoint      ] Safepoint "Cleanup", Time since last: 1000086169 ns, Reaching safepoint: 51702 ns, At safepoint: 2600 ns, Total: 54302 ns
[4260.428s][info ][safepoint      ] Safepoint "Cleanup", Time since last: 1000063569 ns, Reaching safepoint: 47801 ns, At safepoint: 3800 ns, Total: 51601 ns
[4261.428s][info ][safepoint      ] Safepoint "Cleanup", Time since last: 1000118970 ns, Reaching safepoint: 62001 ns, At safepoint: 4000 ns, Total: 66001 ns
[4265.428s][info ][safepoint      ] Safepoint "Cleanup", Time since last: 4000307641 ns, Reaching safepoint: 48401 ns, At safepoint: 4700 ns, Total: 53101 ns
[4266.429s][info ][safepoint      ] Safepoint "Cleanup", Time since last: 1000120021 ns, Reaching safepoint: 130603 ns, At safepoint: 13400 ns, Total: 144003 ns
[4266.773s][info ][gc,start       ] GC(241) Pause Young (Allocation Failure)
[4266.812s][debug][gc,phases      ] GC(241) Scavenge 39.349ms
[4266.812s][debug][gc,ref         ] GC(241) Skipped phase 1 of Reference Processing: no references
[4266.812s][debug][gc,ref         ] GC(241) ReferenceProcessor::execute queues: 1, RefProcThreadModel::Single, marks_oops_alive: false
[4266.812s][debug][gc,ref         ] GC(241) Skipped phase 3 of Reference Processing: no references
[4266.812s][debug][gc,ref         ] GC(241) ReferenceProcessor::execute queues: 1, RefProcThreadModel::Single, marks_oops_alive: false
[4266.812s][debug][gc,phases      ] GC(241) Reference Processing 0.183ms
[4266.813s][debug][gc,phases      ] GC(241)   VM Weak                        Min:  0.0, Avg:  0.0, Max:  0.0, Diff:  0.0, Sum:  0.0, Workers: 4
[4266.813s][debug][gc,phases      ] GC(241)     Dead                           Min: 0, Avg:  0.0, Max: 0, Diff: 0, Sum: 0, Workers: 4
[4266.813s][debug][gc,phases      ] GC(241)     Total                          Min: 0, Avg: 204.8, Max: 325, Diff: 325, Sum: 819, Workers: 4
[4266.813s][debug][gc,phases      ] GC(241)   ObjectSynchronizer Weak        Min:  0.0, Avg:  0.0, Max:  0.0, Diff:  0.0, Sum:  0.0, Workers: 4
[4266.813s][debug][gc,phases      ] GC(241)     Dead                           Min: 0, Avg:  0.0, Max: 0, Diff: 0, Sum: 0, Workers: 4
[4266.813s][debug][gc,phases      ] GC(241)     Total                          Min: 0, Avg: 11.0, Max: 44, Diff: 44, Sum: 44, Workers: 4
[4266.813s][debug][gc,phases      ] GC(241)   JVMTI Tag Weak OopStorage      Min:  0.0, Avg:  0.0, Max:  0.0, Diff:  0.0, Sum:  0.0, Workers: 4
[4266.813s][debug][gc,phases      ] GC(241)     Dead                           Min: 0, Avg:  0.0, Max: 0, Diff: 0, Sum: 0, Workers: 4
[4266.813s][debug][gc,phases      ] GC(241)     Total                          Min: 0, Avg:  0.0, Max: 0, Diff: 0, Sum: 0, Workers: 4
[4266.813s][debug][gc,phases      ] GC(241)   StringTable Weak               Min:  0.1, Avg:  0.1, Max:  0.1, Diff:  0.0, Sum:  0.5, Workers: 4
[4266.813s][debug][gc,phases      ] GC(241)     Dead                           Min: 0, Avg:  0.0, Max: 0, Diff: 0, Sum: 0, Workers: 4
[4266.813s][debug][gc,phases      ] GC(241)     Total                          Min: 10314, Avg: 11010.5, Max: 11392, Diff: 1078, Sum: 44042, Workers: 4
[4266.813s][debug][gc,phases      ] GC(241)   ResolvedMethodTable Weak       Min:  0.0, Avg:  0.0, Max:  0.0, Diff:  0.0, Sum:  0.1, Workers: 4
[4266.813s][debug][gc,phases      ] GC(241)     Dead                           Min: 0, Avg:  0.0, Max: 0, Diff: 0, Sum: 0, Workers: 4
[4266.813s][debug][gc,phases      ] GC(241)     Total                          Min: 2329, Avg: 2502.0, Max: 2624, Diff: 295, Sum: 10008, Workers: 4
[4266.813s][debug][gc,phases      ] GC(241)   JNI Weak                       Min:  0.0, Avg:  0.0, Max:  0.0, Diff:  0.0, Sum:  0.0, Workers: 4
[4266.813s][debug][gc,phases      ] GC(241)     Dead                           Min: 0, Avg:  0.0, Max: 0, Diff: 0, Sum: 0, Workers: 4
[4266.813s][debug][gc,phases      ] GC(241)     Total                          Min: 0, Avg: 11.2, Max: 45, Diff: 45, Sum: 45, Workers: 4
[4266.813s][debug][gc,phases      ] GC(241)   StringDedup Table Weak         Min:  0.0, Avg:  0.0, Max:  0.0, Diff:  0.0, Sum:  0.0, Workers: 4
[4266.813s][debug][gc,phases      ] GC(241)     Dead                           Min: 0, Avg:  0.0, Max: 0, Diff: 0, Sum: 0, Workers: 4
[4266.813s][debug][gc,phases      ] GC(241)     Total                          Min: 0, Avg:  0.0, Max: 0, Diff: 0, Sum: 0, Workers: 4
[4266.813s][debug][gc,phases      ] GC(241)   StringDedup Requests0 Weak     Min:  0.0, Avg:  0.0, Max:  0.0, Diff:  0.0, Sum:  0.0, Workers: 4
[4266.813s][debug][gc,phases      ] GC(241)     Dead                           Min: 0, Avg:  0.0, Max: 0, Diff: 0, Sum: 0, Workers: 4
[4266.813s][debug][gc,phases      ] GC(241)     Total                          Min: 0, Avg:  0.0, Max: 0, Diff: 0, Sum: 0, Workers: 4
[4266.813s][debug][gc,phases      ] GC(241)   StringDedup Requests1 Weak     Min:  0.0, Avg:  0.0, Max:  0.0, Diff:  0.0, Sum:  0.0, Workers: 4
[4266.813s][debug][gc,phases      ] GC(241)     Dead                           Min: 0, Avg:  0.0, Max: 0, Diff: 0, Sum: 0, Workers: 4
[4266.813s][debug][gc,phases      ] GC(241)     Total                          Min: 0, Avg:  0.0, Max: 0, Diff: 0, Sum: 0, Workers: 4
[4266.813s][debug][gc,phases      ] GC(241)   Weak JFR Old Object Samples    Min:  0.0, Avg:  0.0, Max:  0.0, Diff:  0.0, Sum:  0.0, Workers: 4
[4266.813s][debug][gc,phases      ] GC(241)     Dead                           Min: 0, Avg:  0.0, Max: 0, Diff: 0, Sum: 0, Workers: 4
[4266.813s][debug][gc,phases      ] GC(241)     Total                          Min: 0, Avg:  0.0, Max: 0, Diff: 0, Sum: 0, Workers: 4
[4266.813s][debug][gc,phases      ] GC(241) Weak Processing 0.329ms
[4266.813s][debug][gc,age         ] GC(241) Desired survivor size 184549376 bytes, new threshold 15 (max threshold 15)
[4266.813s][info ][gc,heap        ] GC(241) PSYoungGen: 1794247K(1900032K)->68519K(1916928K) Eden: 1711104K(1711104K)->0K(1733632K) From: 83143K(188928K)->68519K(183296K)
[4266.813s][info ][gc,heap        ] GC(241) ParOldGen: 674165K(864256K)->693526K(864256K)
[4266.813s][info ][gc,metaspace   ] GC(241) Metaspace: 84954K(85952K)->84954K(85952K) NonClass: 73092K(73664K)->73092K(73664K) Class: 11861K(12288K)->11861K(12288K)
[4266.813s][info ][gc             ] GC(241) Pause Young (Allocation Failure) 2410M->744M(2716M) 40.001ms
[4266.813s][info ][gc,cpu         ] GC(241) User=0.13s Sys=0.01s Real=0.04s
[4266.813s][info ][safepoint      ] Safepoint "ParallelGCFailedAllocation", Time since last: 343899778 ns, Reaching safepoint: 157504 ns, At safepoint: 40086907 ns, Total: 40244411 ns
[4268.554s][info ][safepoint      ] Safepoint "Cleanup", Time since last: 1740893874 ns, Reaching safepoint: 208805 ns, At safepoint: 9900 ns, Total: 218705 ns
[4270.554s][info ][safepoint      ] Safepoint "Cleanup", Time since last: 2000201840 ns, Reaching safepoint: 137303 ns, At safepoint: 10500 ns, Total: 147803 ns
[4271.136s][info ][gc,start       ] GC(242) Pause Young (Allocation Failure)
[4271.168s][debug][gc,phases      ] GC(242) Scavenge 32.277ms
[4271.168s][debug][gc,ref         ] GC(242) Skipped phase 1 of Reference Processing: no references
[4271.168s][debug][gc,ref         ] GC(242) ReferenceProcessor::execute queues: 1, RefProcThreadModel::Single, marks_oops_alive: false
[4271.168s][debug][gc,ref         ] GC(242) Skipped phase 3 of Reference Processing: no references
[4271.168s][debug][gc,ref         ] GC(242) ReferenceProcessor::execute queues: 1, RefProcThreadModel::Single, marks_oops_alive: false
[4271.168s][debug][gc,phases      ] GC(242) Reference Processing 0.175ms
[4271.169s][debug][gc,phases      ] GC(242)   VM Weak                        Min:  0.0, Avg:  0.0, Max:  0.0, Diff:  0.0, Sum:  0.0, Workers: 4
[4271.169s][debug][gc,phases      ] GC(242)     Dead                           Min: 0, Avg:  0.0, Max: 0, Diff: 0, Sum: 0, Workers: 4
[4271.169s][debug][gc,phases      ] GC(242)     Total                          Min: 0, Avg: 205.8, Max: 435, Diff: 435, Sum: 823, Workers: 4
[4271.169s][debug][gc,phases      ] GC(242)   ObjectSynchronizer Weak        Min:  0.0, Avg:  0.0, Max:  0.0, Diff:  0.0, Sum:  0.0, Workers: 4
[4271.169s][debug][gc,phases      ] GC(242)     Dead                           Min: 0, Avg:  0.0, Max: 0, Diff: 0, Sum: 0, Workers: 4
[4271.169s][debug][gc,phases      ] GC(242)     Total                          Min: 0, Avg: 11.0, Max: 44, Diff: 44, Sum: 44, Workers: 4
[4271.169s][debug][gc,phases      ] GC(242)   JVMTI Tag Weak OopStorage      Min:  0.0, Avg:  0.0, Max:  0.0, Diff:  0.0, Sum:  0.0, Workers: 4
[4271.169s][debug][gc,phases      ] GC(242)     Dead                           Min: 0, Avg:  0.0, Max: 0, Diff: 0, Sum: 0, Workers: 4
[4271.169s][debug][gc,phases      ] GC(242)     Total                          Min: 0, Avg:  0.0, Max: 0, Diff: 0, Sum: 0, Workers: 4
[4271.169s][debug][gc,phases      ] GC(242)   StringTable Weak               Min:  0.0, Avg:  0.1, Max:  0.1, Diff:  0.1, Sum:  0.4, Workers: 4
[4271.169s][debug][gc,phases      ] GC(242)     Dead                           Min: 0, Avg:  0.8, Max: 3, Diff: 3, Sum: 3, Workers: 4
[4271.169s][debug][gc,phases      ] GC(242)     Total                          Min: 0, Avg: 11022.0, Max: 15488, Diff: 15488, Sum: 44088, Workers: 4
[4271.169s][debug][gc,phases      ] GC(242)   ResolvedMethodTable Weak       Min:  0.0, Avg:  0.0, Max:  0.0, Diff:  0.0, Sum:  0.1, Workers: 4
[4271.169s][debug][gc,phases      ] GC(242)     Dead                           Min: 0, Avg:  3.8, Max: 15, Diff: 15, Sum: 15, Workers: 4
[4271.169s][debug][gc,phases      ] GC(242)     Total                          Min: 0, Avg: 2509.5, Max: 3455, Diff: 3455, Sum: 10038, Workers: 4
[4271.169s][debug][gc,phases      ] GC(242)   JNI Weak                       Min:  0.0, Avg:  0.0, Max:  0.0, Diff:  0.0, Sum:  0.0, Workers: 4
[4271.169s][debug][gc,phases      ] GC(242)     Dead                           Min: 0, Avg:  0.0, Max: 0, Diff: 0, Sum: 0, Workers: 4
[4271.169s][debug][gc,phases      ] GC(242)     Total                          Min: 0, Avg: 11.2, Max: 45, Diff: 45, Sum: 45, Workers: 4
[4271.169s][debug][gc,phases      ] GC(242)   StringDedup Table Weak         Min:  0.0, Avg:  0.0, Max:  0.0, Diff:  0.0, Sum:  0.0, Workers: 4
[4271.169s][debug][gc,phases      ] GC(242)     Dead                           Min: 0, Avg:  0.0, Max: 0, Diff: 0, Sum: 0, Workers: 4
[4271.169s][debug][gc,phases      ] GC(242)     Total                          Min: 0, Avg:  0.0, Max: 0, Diff: 0, Sum: 0, Workers: 4
[4271.169s][debug][gc,phases      ] GC(242)   StringDedup Requests0 Weak     Min:  0.0, Avg:  0.0, Max:  0.0, Diff:  0.0, Sum:  0.0, Workers: 4
[4271.169s][debug][gc,phases      ] GC(242)     Dead                           Min: 0, Avg:  0.0, Max: 0, Diff: 0, Sum: 0, Workers: 4
[4271.169s][debug][gc,phases      ] GC(242)     Total                          Min: 0, Avg:  0.0, Max: 0, Diff: 0, Sum: 0, Workers: 4
[4271.169s][debug][gc,phases      ] GC(242)   StringDedup Requests1 Weak     Min:  0.0, Avg:  0.0, Max:  0.0, Diff:  0.0, Sum:  0.0, Workers: 4
[4271.169s][debug][gc,phases      ] GC(242)     Dead                           Min: 0, Avg:  0.0, Max: 0, Diff: 0, Sum: 0, Workers: 4
[4271.169s][debug][gc,phases      ] GC(242)     Total                          Min: 0, Avg:  0.0, Max: 0, Diff: 0, Sum: 0, Workers: 4
[4271.169s][debug][gc,phases      ] GC(242)   Weak JFR Old Object Samples    Min:  0.0, Avg:  0.0, Max:  0.0, Diff:  0.0, Sum:  0.0, Workers: 4
[4271.169s][debug][gc,phases      ] GC(242)     Dead                           Min: 0, Avg:  0.0, Max: 0, Diff: 0, Sum: 0, Workers: 4
[4271.169s][debug][gc,phases      ] GC(242)     Total                          Min: 0, Avg:  0.0, Max: 0, Diff: 0, Sum: 0, Workers: 4
[4271.169s][debug][gc,phases      ] GC(242) Weak Processing 0.367ms
[4271.169s][debug][gc,age         ] GC(242) Desired survivor size 179306496 bytes, new threshold 15 (max threshold 15)
[4271.169s][info ][gc,heap        ] GC(242) PSYoungGen: 1802151K(1916928K)->75287K(1913856K) Eden: 1733632K(1733632K)->0K(1733632K) From: 68519K(183296K)->75287K(180224K)
[4271.169s][info ][gc,heap        ] GC(242) ParOldGen: 693526K(864256K)->694550K(864256K)
[4271.169s][info ][gc,metaspace   ] GC(242) Metaspace: 85080K(86080K)->85080K(86080K) NonClass: 73208K(73792K)->73208K(73792K) Class: 11871K(12288K)->11871K(12288K)
[4271.169s][info ][gc             ] GC(242) Pause Young (Allocation Failure) 2437M->751M(2713M) 32.964ms
[4271.169s][info ][gc,cpu         ] GC(242) User=0.11s Sys=0.00s Real=0.03s
[4271.169s][info ][safepoint      ] Safepoint "ParallelGCFailedAllocation", Time since last: 581285848 ns, Reaching safepoint: 79902 ns, At safepoint: 33068848 ns, Total: 33148750 ns
[4272.169s][info ][safepoint      ] Safepoint "Cleanup", Time since last: 1000089794 ns, Reaching safepoint: 132503 ns, At safepoint: 8000 ns, Total: 140503 ns
[4273.169s][info ][safepoint      ] Safepoint "Cleanup", Time since last: 1000106754 ns, Reaching safepoint: 119003 ns, At safepoint: 7900 ns, Total: 126903 ns
[4274.169s][info ][safepoint      ] Safepoint "Cleanup", Time since last: 1000129154 ns, Reaching safepoint: 117303 ns, At safepoint: 10500 ns, Total: 127803 ns
[4274.287s][info ][gc,start       ] GC(243) Pause Young (Allocation Failure)
[4274.321s][debug][gc,phases      ] GC(243) Scavenge 34.211ms
[4274.321s][debug][gc,ref         ] GC(243) Skipped phase 1 of Reference Processing: no references
[4274.321s][debug][gc,ref         ] GC(243) ReferenceProcessor::execute queues: 1, RefProcThreadModel::Single, marks_oops_alive: false
[4274.321s][debug][gc,ref         ] GC(243) Skipped phase 3 of Reference Processing: no references
[4274.321s][debug][gc,ref         ] GC(243) ReferenceProcessor::execute queues: 1, RefProcThreadModel::Single, marks_oops_alive: false
[4274.321s][debug][gc,phases      ] GC(243) Reference Processing 0.199ms
[4274.321s][debug][gc,phases      ] GC(243)   VM Weak                        Min:  0.0, Avg:  0.0, Max:  0.0, Diff:  0.0, Sum:  0.0, Workers: 4
[4274.321s][debug][gc,phases      ] GC(243)     Dead                           Min: 0, Avg:  0.0, Max: 0, Diff: 0, Sum: 0, Workers: 4
[4274.321s][debug][gc,phases      ] GC(243)     Total                          Min: 0, Avg: 205.8, Max: 388, Diff: 388, Sum: 823, Workers: 4
[4274.321s][debug][gc,phases      ] GC(243)   ObjectSynchronizer Weak        Min:  0.0, Avg:  0.0, Max:  0.0, Diff:  0.0, Sum:  0.0, Workers: 4
[4274.321s][debug][gc,phases      ] GC(243)     Dead                           Min: 0, Avg:  0.0, Max: 0, Diff: 0, Sum: 0, Workers: 4
[4274.321s][debug][gc,phases      ] GC(243)     Total                          Min: 0, Avg: 11.0, Max: 44, Diff: 44, Sum: 44, Workers: 4
[4274.321s][debug][gc,phases      ] GC(243)   JVMTI Tag Weak OopStorage      Min:  0.0, Avg:  0.0, Max:  0.0, Diff:  0.0, Sum:  0.0, Workers: 4
[4274.321s][debug][gc,phases      ] GC(243)     Dead                           Min: 0, Avg:  0.0, Max: 0, Diff: 0, Sum: 0, Workers: 4
[4274.321s][debug][gc,phases      ] GC(243)     Total                          Min: 0, Avg:  0.0, Max: 0, Diff: 0, Sum: 0, Workers: 4
[4274.321s][debug][gc,phases      ] GC(243)   StringTable Weak               Min:  0.1, Avg:  0.1, Max:  0.1, Diff:  0.0, Sum:  0.4, Workers: 4
[4274.321s][debug][gc,phases      ] GC(243)     Dead                           Min: 0, Avg:  0.2, Max: 1, Diff: 1, Sum: 1, Workers: 4
[4274.321s][debug][gc,phases      ] GC(243)     Total                          Min: 9917, Avg: 11022.2, Max: 11644, Diff: 1727, Sum: 44089, Workers: 4
[4274.321s][debug][gc,phases      ] GC(243)   ResolvedMethodTable Weak       Min:  0.0, Avg:  0.0, Max:  0.0, Diff:  0.0, Sum:  0.1, Workers: 4
[4274.321s][debug][gc,phases      ] GC(243)     Dead                           Min: 0, Avg:  0.0, Max: 0, Diff: 0, Sum: 0, Workers: 4
[4274.321s][debug][gc,phases      ] GC(243)     Total                          Min: 2425, Avg: 2510.2, Max: 2624, Diff: 199, Sum: 10041, Workers: 4
[4274.321s][debug][gc,phases      ] GC(243)   JNI Weak                       Min:  0.0, Avg:  0.0, Max:  0.0, Diff:  0.0, Sum:  0.0, Workers: 4
[4274.321s][debug][gc,phases      ] GC(243)     Dead                           Min: 0, Avg:  0.0, Max: 0, Diff: 0, Sum: 0, Workers: 4
[4274.321s][debug][gc,phases      ] GC(243)     Total                          Min: 0, Avg: 11.2, Max: 45, Diff: 45, Sum: 45, Workers: 4
[4274.321s][debug][gc,phases      ] GC(243)   StringDedup Table Weak         Min:  0.0, Avg:  0.0, Max:  0.0, Diff:  0.0, Sum:  0.0, Workers: 4
[4274.321s][debug][gc,phases      ] GC(243)     Dead                           Min: 0, Avg:  0.0, Max: 0, Diff: 0, Sum: 0, Workers: 4
[4274.321s][debug][gc,phases      ] GC(243)     Total                          Min: 0, Avg:  0.0, Max: 0, Diff: 0, Sum: 0, Workers: 4
[4274.321s][debug][gc,phases      ] GC(243)   StringDedup Requests0 Weak     Min:  0.0, Avg:  0.0, Max:  0.0, Diff:  0.0, Sum:  0.0, Workers: 4
[4274.321s][debug][gc,phases      ] GC(243)     Dead                           Min: 0, Avg:  0.0, Max: 0, Diff: 0, Sum: 0, Workers: 4
[4274.321s][debug][gc,phases      ] GC(243)     Total                          Min: 0, Avg:  0.0, Max: 0, Diff: 0, Sum: 0, Workers: 4
[4274.321s][debug][gc,phases      ] GC(243)   StringDedup Requests1 Weak     Min:  0.0, Avg:  0.0, Max:  0.0, Diff:  0.0, Sum:  0.0, Workers: 4
[4274.321s][debug][gc,phases      ] GC(243)     Dead                           Min: 0, Avg:  0.0, Max: 0, Diff: 0, Sum: 0, Workers: 4
[4274.321s][debug][gc,phases      ] GC(243)     Total                          Min: 0, Avg:  0.0, Max: 0, Diff: 0, Sum: 0, Workers: 4
[4274.321s][debug][gc,phases      ] GC(243)   Weak JFR Old Object Samples    Min:  0.0, Avg:  0.0, Max:  0.0, Diff:  0.0, Sum:  0.0, Workers: 4
[4274.321s][debug][gc,phases      ] GC(243)     Dead                           Min: 0, Avg:  0.0, Max: 0, Diff: 0, Sum: 0, Workers: 4
[4274.321s][debug][gc,phases      ] GC(243)     Total                          Min: 0, Avg:  0.0, Max: 0, Diff: 0, Sum: 0, Workers: 4
[4274.321s][debug][gc,phases      ] GC(243) Weak Processing 0.337ms
[4274.321s][debug][gc,age         ] GC(243) Desired survivor size 174063616 bytes, new threshold 15 (max threshold 15)
[4274.321s][info ][gc,heap        ] GC(243) PSYoungGen: 1808919K(1913856K)->78407K(1927168K) Eden: 1733632K(1733632K)->0K(1752064K) From: 75287K(180224K)->78407K(175104K)
[4274.321s][info ][gc,heap        ] GC(243) ParOldGen: 694550K(864256K)->695462K(864256K)
[4274.321s][info ][gc,metaspace   ] GC(243) Metaspace: 85088K(86080K)->85088K(86080K) NonClass: 73215K(73792K)->73215K(73792K) Class: 11872K(12288K)->11872K(12288K)
[4274.321s][info ][gc             ] GC(243) Pause Young (Allocation Failure) 2444M->755M(2726M) 34.920ms
[4274.321s][info ][gc,cpu         ] GC(243) User=0.12s Sys=0.00s Real=0.03s
[4274.322s][info ][safepoint      ] Safepoint "ParallelGCFailedAllocation", Time since last: 116939437 ns, Reaching safepoint: 87302 ns, At safepoint: 35003490 ns, Total: 35090792 ns
[4275.322s][info ][safepoint      ] Safepoint "Cleanup", Time since last: 1000084553 ns, Reaching safepoint: 62002 ns, At safepoint: 3000 ns, Total: 65002 ns
[4276.322s][info ][safepoint      ] Safepoint "Cleanup", Time since last: 1000121254 ns, Reaching safepoint: 129303 ns, At safepoint: 13400 ns, Total: 142703 ns
[4277.322s][info ][safepoint      ] Safepoint "Cleanup", Time since last: 1000198257 ns, Reaching safepoint: 131203 ns, At safepoint: 14300 ns, Total: 145503 ns
[4277.951s][info ][gc,start       ] GC(244) Pause Young (Allocation Failure)
[4277.984s][debug][gc,phases      ] GC(244) Scavenge 32.516ms
[4277.984s][debug][gc,ref         ] GC(244) Skipped phase 1 of Reference Processing: no references
[4277.984s][debug][gc,ref         ] GC(244) ReferenceProcessor::execute queues: 1, RefProcThreadModel::Single, marks_oops_alive: false
[4277.984s][debug][gc,ref         ] GC(244) Skipped phase 3 of Reference Processing: no references
[4277.984s][debug][gc,ref         ] GC(244) ReferenceProcessor::execute queues: 1, RefProcThreadModel::Single, marks_oops_alive: false
[4277.984s][debug][gc,phases      ] GC(244) Reference Processing 0.225ms
[4277.984s][debug][gc,phases      ] GC(244)   VM Weak                        Min:  0.0, Avg:  0.0, Max:  0.0, Diff:  0.0, Sum:  0.0, Workers: 4
[4277.984s][debug][gc,phases      ] GC(244)     Dead                           Min: 0, Avg:  0.0, Max: 0, Diff: 0, Sum: 0, Workers: 4
[4277.984s][debug][gc,phases      ] GC(244)     Total                          Min: 0, Avg: 205.8, Max: 371, Diff: 371, Sum: 823, Workers: 4
[4277.984s][debug][gc,phases      ] GC(244)   ObjectSynchronizer Weak        Min:  0.0, Avg:  0.0, Max:  0.0, Diff:  0.0, Sum:  0.0, Workers: 4
[4277.984s][debug][gc,phases      ] GC(244)     Dead                           Min: 0, Avg:  0.0, Max: 0, Diff: 0, Sum: 0, Workers: 4
[4277.984s][debug][gc,phases      ] GC(244)     Total                          Min: 0, Avg: 11.0, Max: 44, Diff: 44, Sum: 44, Workers: 4
[4277.984s][debug][gc,phases      ] GC(244)   JVMTI Tag Weak OopStorage      Min:  0.0, Avg:  0.0, Max:  0.0, Diff:  0.0, Sum:  0.0, Workers: 4
[4277.984s][debug][gc,phases      ] GC(244)     Dead                           Min: 0, Avg:  0.0, Max: 0, Diff: 0, Sum: 0, Workers: 4
[4277.984s][debug][gc,phases      ] GC(244)     Total                          Min: 0, Avg:  0.0, Max: 0, Diff: 0, Sum: 0, Workers: 4
[4277.984s][debug][gc,phases      ] GC(244)   StringTable Weak               Min:  0.0, Avg:  0.1, Max:  0.2, Diff:  0.2, Sum:  0.5, Workers: 4
[4277.984s][debug][gc,phases      ] GC(244)     Dead                           Min: 0, Avg:  0.0, Max: 0, Diff: 0, Sum: 0, Workers: 4
[4277.984s][debug][gc,phases      ] GC(244)     Total                          Min: 0, Avg: 11023.8, Max: 14912, Diff: 14912, Sum: 44095, Workers: 4
[4277.984s][debug][gc,phases      ] GC(244)   ResolvedMethodTable Weak       Min:  0.0, Avg:  0.0, Max:  0.0, Diff:  0.0, Sum:  0.1, Workers: 4
[4277.984s][debug][gc,phases      ] GC(244)     Dead                           Min: 0, Avg:  0.0, Max: 0, Diff: 0, Sum: 0, Workers: 4
[4277.984s][debug][gc,phases      ] GC(244)     Total                          Min: 0, Avg: 2510.5, Max: 3648, Diff: 3648, Sum: 10042, Workers: 4
[4277.984s][debug][gc,phases      ] GC(244)   JNI Weak                       Min:  0.0, Avg:  0.0, Max:  0.0, Diff:  0.0, Sum:  0.0, Workers: 4
[4277.984s][debug][gc,phases      ] GC(244)     Dead                           Min: 0, Avg:  0.0, Max: 0, Diff: 0, Sum: 0, Workers: 4
[4277.984s][debug][gc,phases      ] GC(244)     Total                          Min: 0, Avg: 11.2, Max: 45, Diff: 45, Sum: 45, Workers: 4
[4277.984s][debug][gc,phases      ] GC(244)   StringDedup Table Weak         Min:  0.0, Avg:  0.0, Max:  0.0, Diff:  0.0, Sum:  0.0, Workers: 4
[4277.984s][debug][gc,phases      ] GC(244)     Dead                           Min: 0, Avg:  0.0, Max: 0, Diff: 0, Sum: 0, Workers: 4
[4277.984s][debug][gc,phases      ] GC(244)     Total                          Min: 0, Avg:  0.0, Max: 0, Diff: 0, Sum: 0, Workers: 4
[4277.984s][debug][gc,phases      ] GC(244)   StringDedup Requests0 Weak     Min:  0.0, Avg:  0.0, Max:  0.0, Diff:  0.0, Sum:  0.0, Workers: 4
[4277.984s][debug][gc,phases      ] GC(244)     Dead                           Min: 0, Avg:  0.0, Max: 0, Diff: 0, Sum: 0, Workers: 4
[4277.984s][debug][gc,phases      ] GC(244)     Total                          Min: 0, Avg:  0.0, Max: 0, Diff: 0, Sum: 0, Workers: 4
[4277.984s][debug][gc,phases      ] GC(244)   StringDedup Requests1 Weak     Min:  0.0, Avg:  0.0, Max:  0.0, Diff:  0.0, Sum:  0.0, Workers: 4
[4277.984s][debug][gc,phases      ] GC(244)     Dead                           Min: 0, Avg:  0.0, Max: 0, Diff: 0, Sum: 0, Workers: 4
[4277.984s][debug][gc,phases      ] GC(244)     Total                          Min: 0, Avg:  0.0, Max: 0, Diff: 0, Sum: 0, Workers: 4
[4277.984s][debug][gc,phases      ] GC(244)   Weak JFR Old Object Samples    Min:  0.0, Avg:  0.0, Max:  0.0, Diff:  0.0, Sum:  0.0, Workers: 4
[4277.984s][debug][gc,phases      ] GC(244)     Dead                           Min: 0, Avg:  0.0, Max: 0, Diff: 0, Sum: 0, Workers: 4
[4277.984s][debug][gc,phases      ] GC(244)     Total                          Min: 0, Avg:  0.0, Max: 0, Diff: 0, Sum: 0, Workers: 4
[4277.984s][debug][gc,phases      ] GC(244) Weak Processing 0.474ms
[4277.984s][debug][gc,age         ] GC(244) Desired survivor size 170393600 bytes, new threshold 15 (max threshold 15)
[4277.984s][info ][gc,heap        ] GC(244) PSYoungGen: 1830471K(1927168K)->69095K(1922048K) Eden: 1752064K(1752064K)->0K(1752064K) From: 78407K(175104K)->69095K(169984K)
[4277.984s][info ][gc,heap        ] GC(244) ParOldGen: 695462K(864256K)->708253K(864256K)
[4277.984s][info ][gc,metaspace   ] GC(244) Metaspace: 85104K(86080K)->85104K(86080K) NonClass: 73230K(73792K)->73230K(73792K) Class: 11873K(12288K)->11873K(12288K)
[4277.984s][info ][gc             ] GC(244) Pause Young (Allocation Failure) 2466M->759M(2721M) 33.390ms
[4277.984s][info ][gc,cpu         ] GC(244) User=0.12s Sys=0.01s Real=0.04s
[4277.984s][info ][safepoint      ] Safepoint "ParallelGCFailedAllocation", Time since last: 628536674 ns, Reaching safepoint: 150904 ns, At safepoint: 33481355 ns, Total: 33632259 ns
[4278.985s][info ][safepoint      ] Safepoint "Cleanup", Time since last: 1000079653 ns, Reaching safepoint: 50301 ns, At safepoint: 2501 ns, Total: 52802 ns
[4279.985s][info ][safepoint      ] Safepoint "Cleanup", Time since last: 1000115441 ns, Reaching safepoint: 125502 ns, At safepoint: 6901 ns, Total: 132403 ns
[4280.985s][info ][safepoint      ] Safepoint "Cleanup", Time since last: 1000130286 ns, Reaching safepoint: 48801 ns, At safepoint: 4400 ns, Total: 53201 ns
[4281.985s][info ][safepoint      ] Safepoint "Cleanup", Time since last: 1000117586 ns, Reaching safepoint: 127003 ns, At safepoint: 27901 ns, Total: 154904 ns
[4282.986s][info ][safepoint      ] Safepoint "Cleanup", Time since last: 1000134986 ns, Reaching safepoint: 73902 ns, At safepoint: 4800 ns, Total: 78702 ns
[4284.345s][info ][gc,start       ] GC(245) Pause Young (Allocation Failure)
[4284.373s][debug][gc,phases      ] GC(245) Scavenge 27.666ms
[4284.373s][debug][gc,ref         ] GC(245) Skipped phase 1 of Reference Processing: no references
[4284.373s][debug][gc,ref         ] GC(245) ReferenceProcessor::execute queues: 1, RefProcThreadModel::Single, marks_oops_alive: false
[4284.373s][debug][gc,ref         ] GC(245) Skipped phase 3 of Reference Processing: no references
[4284.373s][debug][gc,ref         ] GC(245) ReferenceProcessor::execute queues: 1, RefProcThreadModel::Single, marks_oops_alive: false
[4284.373s][debug][gc,phases      ] GC(245) Reference Processing 0.165ms
[4284.374s][debug][gc,phases      ] GC(245)   VM Weak                        Min:  0.0, Avg:  0.0, Max:  0.0, Diff:  0.0, Sum:  0.0, Workers: 4
[4284.374s][debug][gc,phases      ] GC(245)     Dead                           Min: 0, Avg:  0.0, Max: 0, Diff: 0, Sum: 0, Workers: 4
[4284.374s][debug][gc,phases      ] GC(245)     Total                          Min: 0, Avg: 205.8, Max: 435, Diff: 435, Sum: 823, Workers: 4
[4284.374s][debug][gc,phases      ] GC(245)   ObjectSynchronizer Weak        Min:  0.0, Avg:  0.0, Max:  0.0, Diff:  0.0, Sum:  0.0, Workers: 4
[4284.374s][debug][gc,phases      ] GC(245)     Dead                           Min: 0, Avg:  0.0, Max: 0, Diff: 0, Sum: 0, Workers: 4
[4284.374s][debug][gc,phases      ] GC(245)     Total                          Min: 0, Avg: 11.0, Max: 44, Diff: 44, Sum: 44, Workers: 4
[4284.374s][debug][gc,phases      ] GC(245)   JVMTI Tag Weak OopStorage      Min:  0.0, Avg:  0.0, Max:  0.0, Diff:  0.0, Sum:  0.0, Workers: 4
[4284.374s][debug][gc,phases      ] GC(245)     Dead                           Min: 0, Avg:  0.0, Max: 0, Diff: 0, Sum: 0, Workers: 4
[4284.374s][debug][gc,phases      ] GC(245)     Total                          Min: 0, Avg:  0.0, Max: 0, Diff: 0, Sum: 0, Workers: 4
[4284.374s][debug][gc,phases      ] GC(245)   StringTable Weak               Min:  0.0, Avg:  0.1, Max:  0.1, Diff:  0.1, Sum:  0.4, Workers: 4
[4284.374s][debug][gc,phases      ] GC(245)     Dead                           Min: 0, Avg:  0.0, Max: 0, Diff: 0, Sum: 0, Workers: 4
[4284.374s][debug][gc,phases      ] GC(245)     Total                          Min: 0, Avg: 11025.0, Max: 15108, Diff: 15108, Sum: 44100, Workers: 4
[4284.374s][debug][gc,phases      ] GC(245)   ResolvedMethodTable Weak       Min:  0.0, Avg:  0.0, Max:  0.0, Diff:  0.0, Sum:  0.1, Workers: 4
[4284.374s][debug][gc,phases      ] GC(245)     Dead                           Min: 0, Avg:  0.0, Max: 0, Diff: 0, Sum: 0, Workers: 4
[4284.374s][debug][gc,phases      ] GC(245)     Total                          Min: 0, Avg: 2510.5, Max: 3520, Diff: 3520, Sum: 10042, Workers: 4
[4284.374s][debug][gc,phases      ] GC(245)   JNI Weak                       Min:  0.0, Avg:  0.0, Max:  0.0, Diff:  0.0, Sum:  0.0, Workers: 4
[4284.374s][debug][gc,phases      ] GC(245)     Dead                           Min: 0, Avg:  0.0, Max: 0, Diff: 0, Sum: 0, Workers: 4
[4284.374s][debug][gc,phases      ] GC(245)     Total                          Min: 0, Avg: 11.2, Max: 45, Diff: 45, Sum: 45, Workers: 4
[4284.374s][debug][gc,phases      ] GC(245)   StringDedup Table Weak         Min:  0.0, Avg:  0.0, Max:  0.0, Diff:  0.0, Sum:  0.0, Workers: 4
[4284.374s][debug][gc,phases      ] GC(245)     Dead                           Min: 0, Avg:  0.0, Max: 0, Diff: 0, Sum: 0, Workers: 4
[4284.374s][debug][gc,phases      ] GC(245)     Total                          Min: 0, Avg:  0.0, Max: 0, Diff: 0, Sum: 0, Workers: 4
[4284.374s][debug][gc,phases      ] GC(245)   StringDedup Requests0 Weak     Min:  0.0, Avg:  0.0, Max:  0.0, Diff:  0.0, Sum:  0.0, Workers: 4
[4284.374s][debug][gc,phases      ] GC(245)     Dead                           Min: 0, Avg:  0.0, Max: 0, Diff: 0, Sum: 0, Workers: 4
[4284.374s][debug][gc,phases      ] GC(245)     Total                          Min: 0, Avg:  0.0, Max: 0, Diff: 0, Sum: 0, Workers: 4
[4284.374s][debug][gc,phases      ] GC(245)   StringDedup Requests1 Weak     Min:  0.0, Avg:  0.0, Max:  0.0, Diff:  0.0, Sum:  0.0, Workers: 4
[4284.374s][debug][gc,phases      ] GC(245)     Dead                           Min: 0, Avg:  0.0, Max: 0, Diff: 0, Sum: 0, Workers: 4
[4284.374s][debug][gc,phases      ] GC(245)     Total                          Min: 0, Avg:  0.0, Max: 0, Diff: 0, Sum: 0, Workers: 4
[4284.374s][debug][gc,phases      ] GC(245)   Weak JFR Old Object Samples    Min:  0.0, Avg:  0.0, Max:  0.0, Diff:  0.0, Sum:  0.0, Workers: 4
[4284.374s][debug][gc,phases      ] GC(245)     Dead                           Min: 0, Avg:  0.0, Max: 0, Diff: 0, Sum: 0, Workers: 4
[4284.374s][debug][gc,phases      ] GC(245)     Total                          Min: 0, Avg:  0.0, Max: 0, Diff: 0, Sum: 0, Workers: 4
[4284.374s][debug][gc,phases      ] GC(245) Weak Processing 0.399ms
[4284.374s][debug][gc,age         ] GC(245) Desired survivor size 166199296 bytes, new threshold 15 (max threshold 15)
[4284.374s][info ][gc,heap        ] GC(245) PSYoungGen: 1821159K(1922048K)->70663K(1934848K) Eden: 1752064K(1752064K)->0K(1768448K) From: 69095K(169984K)->70663K(166400K)
[4284.374s][info ][gc,heap        ] GC(245) ParOldGen: 708253K(864256K)->709121K(864256K)
[4284.374s][info ][gc,metaspace   ] GC(245) Metaspace: 85161K(86144K)->85161K(86144K) NonClass: 73286K(73856K)->73286K(73856K) Class: 11875K(12288K)->11875K(12288K)
[4284.374s][info ][gc             ] GC(245) Pause Young (Allocation Failure) 2470M->761M(2733M) 28.368ms
[4284.374s][info ][gc,cpu         ] GC(245) User=0.10s Sys=0.00s Real=0.03s
[4284.374s][info ][safepoint      ] Safepoint "ParallelGCFailedAllocation", Time since last: 1359760572 ns, Reaching safepoint: 100003 ns, At safepoint: 28448739 ns, Total: 28548742 ns
[4285.374s][info ][safepoint      ] Safepoint "Cleanup", Time since last: 1000091586 ns, Reaching safepoint: 47601 ns, At safepoint: 3400 ns, Total: 51001 ns
[4287.374s][info ][safepoint      ] Safepoint "Cleanup", Time since last: 2000181671 ns, Reaching safepoint: 136203 ns, At safepoint: 11700 ns, Total: 147903 ns
[4288.375s][info ][safepoint      ] Safepoint "Cleanup", Time since last: 1000123771 ns, Reaching safepoint: 145903 ns, At safepoint: 9700 ns, Total: 155603 ns
[4288.743s][info ][gc,start       ] GC(246) Pause Young (Allocation Failure)
[4288.780s][debug][gc,phases      ] GC(246) Scavenge 37.534ms
[4288.780s][debug][gc,ref         ] GC(246) Skipped phase 1 of Reference Processing: no references
[4288.780s][debug][gc,ref         ] GC(246) ReferenceProcessor::execute queues: 1, RefProcThreadModel::Single, marks_oops_alive: false
[4288.780s][debug][gc,ref         ] GC(246) Skipped phase 3 of Reference Processing: no references
[4288.780s][debug][gc,ref         ] GC(246) ReferenceProcessor::execute queues: 1, RefProcThreadModel::Single, marks_oops_alive: false
[4288.780s][debug][gc,phases      ] GC(246) Reference Processing 0.153ms
[4288.781s][debug][gc,phases      ] GC(246)   VM Weak                        Min:  0.0, Avg:  0.0, Max:  0.0, Diff:  0.0, Sum:  0.0, Workers: 4
[4288.781s][debug][gc,phases      ] GC(246)     Dead                           Min: 0, Avg:  0.0, Max: 0, Diff: 0, Sum: 0, Workers: 4
[4288.781s][debug][gc,phases      ] GC(246)     Total                          Min: 0, Avg: 205.8, Max: 324, Diff: 324, Sum: 823, Workers: 4
[4288.781s][debug][gc,phases      ] GC(246)   ObjectSynchronizer Weak        Min:  0.0, Avg:  0.0, Max:  0.0, Diff:  0.0, Sum:  0.0, Workers: 4
[4288.781s][debug][gc,phases      ] GC(246)     Dead                           Min: 0, Avg:  0.0, Max: 0, Diff: 0, Sum: 0, Workers: 4
[4288.781s][debug][gc,phases      ] GC(246)     Total                          Min: 0, Avg: 11.0, Max: 44, Diff: 44, Sum: 44, Workers: 4
[4288.781s][debug][gc,phases      ] GC(246)   JVMTI Tag Weak OopStorage      Min:  0.0, Avg:  0.0, Max:  0.0, Diff:  0.0, Sum:  0.0, Workers: 4
[4288.781s][debug][gc,phases      ] GC(246)     Dead                           Min: 0, Avg:  0.0, Max: 0, Diff: 0, Sum: 0, Workers: 4
[4288.781s][debug][gc,phases      ] GC(246)     Total                          Min: 0, Avg:  0.0, Max: 0, Diff: 0, Sum: 0, Workers: 4
[4288.781s][debug][gc,phases      ] GC(246)   StringTable Weak               Min:  0.0, Avg:  0.1, Max:  0.1, Diff:  0.1, Sum:  0.4, Workers: 4
[4288.781s][debug][gc,phases      ] GC(246)     Dead                           Min: 0, Avg:  0.0, Max: 0, Diff: 0, Sum: 0, Workers: 4
[4288.781s][debug][gc,phases      ] GC(246)     Total                          Min: 0, Avg: 11025.2, Max: 15552, Diff: 15552, Sum: 44101, Workers: 4
[4288.781s][debug][gc,phases      ] GC(246)   ResolvedMethodTable Weak       Min:  0.0, Avg:  0.0, Max:  0.0, Diff:  0.0, Sum:  0.1, Workers: 4
[4288.781s][debug][gc,phases      ] GC(246)     Dead                           Min: 0, Avg:  0.0, Max: 0, Diff: 0, Sum: 0, Workers: 4
[4288.781s][debug][gc,phases      ] GC(246)     Total                          Min: 0, Avg: 2511.0, Max: 3644, Diff: 3644, Sum: 10044, Workers: 4
[4288.781s][debug][gc,phases      ] GC(246)   JNI Weak                       Min:  0.0, Avg:  0.0, Max:  0.0, Diff:  0.0, Sum:  0.0, Workers: 4
[4288.781s][debug][gc,phases      ] GC(246)     Dead                           Min: 0, Avg:  0.0, Max: 0, Diff: 0, Sum: 0, Workers: 4
[4288.781s][debug][gc,phases      ] GC(246)     Total                          Min: 0, Avg: 11.2, Max: 45, Diff: 45, Sum: 45, Workers: 4
[4288.781s][debug][gc,phases      ] GC(246)   StringDedup Table Weak         Min:  0.0, Avg:  0.0, Max:  0.0, Diff:  0.0, Sum:  0.0, Workers: 4
[4288.781s][debug][gc,phases      ] GC(246)     Dead                           Min: 0, Avg:  0.0, Max: 0, Diff: 0, Sum: 0, Workers: 4
[4288.781s][debug][gc,phases      ] GC(246)     Total                          Min: 0, Avg:  0.0, Max: 0, Diff: 0, Sum: 0, Workers: 4
[4288.781s][debug][gc,phases      ] GC(246)   StringDedup Requests0 Weak     Min:  0.0, Avg:  0.0, Max:  0.0, Diff:  0.0, Sum:  0.0, Workers: 4
[4288.781s][debug][gc,phases      ] GC(246)     Dead                           Min: 0, Avg:  0.0, Max: 0, Diff: 0, Sum: 0, Workers: 4
[4288.781s][debug][gc,phases      ] GC(246)     Total                          Min: 0, Avg:  0.0, Max: 0, Diff: 0, Sum: 0, Workers: 4
[4288.781s][debug][gc,phases      ] GC(246)   StringDedup Requests1 Weak     Min:  0.0, Avg:  0.0, Max:  0.0, Diff:  0.0, Sum:  0.0, Workers: 4
[4288.781s][debug][gc,phases      ] GC(246)     Dead                           Min: 0, Avg:  0.0, Max: 0, Diff: 0, Sum: 0, Workers: 4
[4288.781s][debug][gc,phases      ] GC(246)     Total                          Min: 0, Avg:  0.0, Max: 0, Diff: 0, Sum: 0, Workers: 4
[4288.781s][debug][gc,phases      ] GC(246)   Weak JFR Old Object Samples    Min:  0.0, Avg:  0.0, Max:  0.0, Diff:  0.0, Sum:  0.0, Workers: 4
[4288.781s][debug][gc,phases      ] GC(246)     Dead                           Min: 0, Avg:  0.0, Max: 0, Diff: 0, Sum: 0, Workers: 4
[4288.781s][debug][gc,phases      ] GC(246)     Total                          Min: 0, Avg:  0.0, Max: 0, Diff: 0, Sum: 0, Workers: 4
[4288.781s][debug][gc,phases      ] GC(246) Weak Processing 0.414ms
[4288.781s][debug][gc,age         ] GC(246) Desired survivor size 161480704 bytes, new threshold 15 (max threshold 15)
[4288.781s][info ][gc,heap        ] GC(246) PSYoungGen: 1839111K(1934848K)->71735K(1930752K) Eden: 1768448K(1768448K)->0K(1768448K) From: 70663K(166400K)->71735K(162304K)
[4288.781s][info ][gc,heap        ] GC(246) ParOldGen: 709121K(864256K)->715159K(864256K)
[4288.781s][info ][gc,metaspace   ] GC(246) Metaspace: 85187K(86208K)->85187K(86208K) NonClass: 73311K(73856K)->73311K(73856K) Class: 11876K(12352K)->11876K(12352K)
[4288.781s][info ][gc             ] GC(246) Pause Young (Allocation Failure) 2488M->768M(2729M) 38.253ms
[4288.781s][info ][gc,cpu         ] GC(246) User=0.11s Sys=0.00s Real=0.04s
[4288.781s][info ][safepoint      ] Safepoint "ParallelGCFailedAllocation", Time since last: 364682889 ns, Reaching safepoint: 3257573 ns, At safepoint: 38352762 ns, Total: 41610335 ns
[4289.781s][info ][safepoint      ] Safepoint "Cleanup", Time since last: 1000089457 ns, Reaching safepoint: 137203 ns, At safepoint: 12301 ns, Total: 149504 ns
[4290.781s][info ][safepoint      ] Safepoint "Cleanup", Time since last: 1000129558 ns, Reaching safepoint: 149203 ns, At safepoint: 12401 ns, Total: 161604 ns
[4291.782s][info ][safepoint      ] Safepoint "Cleanup", Time since last: 1000113958 ns, Reaching safepoint: 52601 ns, At safepoint: 4400 ns, Total: 57001 ns
[4292.484s][info ][gc,start       ] GC(247) Pause Young (Allocation Failure)
[4292.519s][debug][gc,phases      ] GC(247) Scavenge 34.652ms
[4292.519s][debug][gc,ref         ] GC(247) Skipped phase 1 of Reference Processing: no references
[4292.519s][debug][gc,ref         ] GC(247) ReferenceProcessor::execute queues: 1, RefProcThreadModel::Single, marks_oops_alive: false
[4292.519s][debug][gc,ref         ] GC(247) Skipped phase 3 of Reference Processing: no references
[4292.519s][debug][gc,ref         ] GC(247) ReferenceProcessor::execute queues: 1, RefProcThreadModel::Single, marks_oops_alive: false
[4292.519s][debug][gc,phases      ] GC(247) Reference Processing 0.162ms
[4292.519s][debug][gc,phases      ] GC(247)   VM Weak                        Min:  0.0, Avg:  0.0, Max:  0.0, Diff:  0.0, Sum:  0.0, Workers: 4
[4292.519s][debug][gc,phases      ] GC(247)     Dead                           Min: 0, Avg:  0.0, Max: 0, Diff: 0, Sum: 0, Workers: 4
[4292.519s][debug][gc,phases      ] GC(247)     Total                          Min: 0, Avg: 205.8, Max: 585, Diff: 585, Sum: 823, Workers: 4
[4292.519s][debug][gc,phases      ] GC(247)   ObjectSynchronizer Weak        Min:  0.0, Avg:  0.0, Max:  0.0, Diff:  0.0, Sum:  0.0, Workers: 4
[4292.519s][debug][gc,phases      ] GC(247)     Dead                           Min: 0, Avg:  0.0, Max: 0, Diff: 0, Sum: 0, Workers: 4
[4292.519s][debug][gc,phases      ] GC(247)     Total                          Min: 0, Avg: 11.0, Max: 44, Diff: 44, Sum: 44, Workers: 4
[4292.519s][debug][gc,phases      ] GC(247)   JVMTI Tag Weak OopStorage      Min:  0.0, Avg:  0.0, Max:  0.0, Diff:  0.0, Sum:  0.0, Workers: 4
[4292.519s][debug][gc,phases      ] GC(247)     Dead                           Min: 0, Avg:  0.0, Max: 0, Diff: 0, Sum: 0, Workers: 4
[4292.519s][debug][gc,phases      ] GC(247)     Total                          Min: 0, Avg:  0.0, Max: 0, Diff: 0, Sum: 0, Workers: 4
[4292.520s][debug][gc,phases      ] GC(247)   StringTable Weak               Min:  0.0, Avg:  0.1, Max:  0.1, Diff:  0.1, Sum:  0.4, Workers: 4
[4292.520s][debug][gc,phases      ] GC(247)     Dead                           Min: 0, Avg:  0.0, Max: 0, Diff: 0, Sum: 0, Workers: 4
[4292.520s][debug][gc,phases      ] GC(247)     Total                          Min: 0, Avg: 11025.5, Max: 15168, Diff: 15168, Sum: 44102, Workers: 4
[4292.520s][debug][gc,phases      ] GC(247)   ResolvedMethodTable Weak       Min:  0.0, Avg:  0.0, Max:  0.0, Diff:  0.0, Sum:  0.1, Workers: 4
[4292.520s][debug][gc,phases      ] GC(247)     Dead                           Min: 0, Avg:  0.0, Max: 0, Diff: 0, Sum: 0, Workers: 4
[4292.520s][debug][gc,phases      ] GC(247)     Total                          Min: 0, Avg: 2511.0, Max: 3584, Diff: 3584, Sum: 10044, Workers: 4
[4292.520s][debug][gc,phases      ] GC(247)   JNI Weak                       Min:  0.0, Avg:  0.0, Max:  0.0, Diff:  0.0, Sum:  0.0, Workers: 4
[4292.520s][debug][gc,phases      ] GC(247)     Dead                           Min: 0, Avg:  0.0, Max: 0, Diff: 0, Sum: 0, Workers: 4
[4292.520s][debug][gc,phases      ] GC(247)     Total                          Min: 0, Avg: 11.2, Max: 45, Diff: 45, Sum: 45, Workers: 4
[4292.520s][debug][gc,phases      ] GC(247)   StringDedup Table Weak         Min:  0.0, Avg:  0.0, Max:  0.0, Diff:  0.0, Sum:  0.0, Workers: 4
[4292.520s][debug][gc,phases      ] GC(247)     Dead                           Min: 0, Avg:  0.0, Max: 0, Diff: 0, Sum: 0, Workers: 4
[4292.520s][debug][gc,phases      ] GC(247)     Total                          Min: 0, Avg:  0.0, Max: 0, Diff: 0, Sum: 0, Workers: 4
[4292.520s][debug][gc,phases      ] GC(247)   StringDedup Requests0 Weak     Min:  0.0, Avg:  0.0, Max:  0.0, Diff:  0.0, Sum:  0.0, Workers: 4
[4292.520s][debug][gc,phases      ] GC(247)     Dead                           Min: 0, Avg:  0.0, Max: 0, Diff: 0, Sum: 0, Workers: 4
[4292.520s][debug][gc,phases      ] GC(247)     Total                          Min: 0, Avg:  0.0, Max: 0, Diff: 0, Sum: 0, Workers: 4
[4292.520s][debug][gc,phases      ] GC(247)   StringDedup Requests1 Weak     Min:  0.0, Avg:  0.0, Max:  0.0, Diff:  0.0, Sum:  0.0, Workers: 4
[4292.520s][debug][gc,phases      ] GC(247)     Dead                           Min: 0, Avg:  0.0, Max: 0, Diff: 0, Sum: 0, Workers: 4
[4292.520s][debug][gc,phases      ] GC(247)     Total                          Min: 0, Avg:  0.0, Max: 0, Diff: 0, Sum: 0, Workers: 4
[4292.520s][debug][gc,phases      ] GC(247)   Weak JFR Old Object Samples    Min:  0.0, Avg:  0.0, Max:  0.0, Diff:  0.0, Sum:  0.0, Workers: 4
[4292.520s][debug][gc,phases      ] GC(247)     Dead                           Min: 0, Avg:  0.0, Max: 0, Diff: 0, Sum: 0, Workers: 4
[4292.520s][debug][gc,phases      ] GC(247)     Total                          Min: 0, Avg:  0.0, Max: 0, Diff: 0, Sum: 0, Workers: 4
[4292.520s][debug][gc,phases      ] GC(247) Weak Processing 0.388ms
[4292.520s][debug][gc,age         ] GC(247) Desired survivor size 156762112 bytes, new threshold 15 (max threshold 15)
[4292.520s][info ][gc,heap        ] GC(247) PSYoungGen: 1840183K(1930752K)->72865K(1944064K) Eden: 1768448K(1768448K)->0K(1786368K) From: 71735K(162304K)->72865K(157696K)
[4292.520s][info ][gc,heap        ] GC(247) ParOldGen: 715159K(864256K)->720828K(864256K)
[4292.520s][info ][gc,metaspace   ] GC(247) Metaspace: 85206K(86208K)->85206K(86208K) NonClass: 73329K(73856K)->73329K(73856K) Class: 11877K(12352K)->11877K(12352K)
[4292.520s][info ][gc             ] GC(247) Pause Young (Allocation Failure) 2495M->775M(2742M) 35.361ms
[4292.520s][info ][gc,cpu         ] GC(247) User=0.11s Sys=0.01s Real=0.03s
[4292.520s][info ][safepoint      ] Safepoint "ParallelGCFailedAllocation", Time since last: 702581777 ns, Reaching safepoint: 127403 ns, At safepoint: 35496297 ns, Total: 35623700 ns
[4293.520s][info ][safepoint      ] Safepoint "Cleanup", Time since last: 1000094957 ns, Reaching safepoint: 46301 ns, At safepoint: 7101 ns, Total: 53402 ns
[4295.520s][info ][safepoint      ] Safepoint "Cleanup", Time since last: 2000174214 ns, Reaching safepoint: 136504 ns, At safepoint: 5100 ns, Total: 141604 ns
[4296.521s][info ][safepoint      ] Safepoint "Cleanup", Time since last: 1000111804 ns, Reaching safepoint: 166403 ns, At safepoint: 11100 ns, Total: 177503 ns
[4297.521s][info ][safepoint      ] Safepoint "Cleanup", Time since last: 1000112661 ns, Reaching safepoint: 54401 ns, At safepoint: 3400 ns, Total: 57801 ns
[4297.849s][info ][gc,start       ] GC(248) Pause Young (Allocation Failure)
[4297.887s][debug][gc,phases      ] GC(248) Scavenge 38.136ms
[4297.887s][debug][gc,ref         ] GC(248) Skipped phase 1 of Reference Processing: no references
[4297.887s][debug][gc,ref         ] GC(248) ReferenceProcessor::execute queues: 1, RefProcThreadModel::Single, marks_oops_alive: false
[4297.887s][debug][gc,ref         ] GC(248) Skipped phase 3 of Reference Processing: no references
[4297.887s][debug][gc,ref         ] GC(248) ReferenceProcessor::execute queues: 1, RefProcThreadModel::Single, marks_oops_alive: false
[4297.887s][debug][gc,phases      ] GC(248) Reference Processing 0.142ms
[4297.887s][debug][gc,phases      ] GC(248)   VM Weak                        Min:  0.0, Avg:  0.0, Max:  0.0, Diff:  0.0, Sum:  0.0, Workers: 4
[4297.887s][debug][gc,phases      ] GC(248)     Dead                           Min: 0, Avg:  0.0, Max: 0, Diff: 0, Sum: 0, Workers: 4
[4297.887s][debug][gc,phases      ] GC(248)     Total                          Min: 0, Avg: 205.8, Max: 567, Diff: 567, Sum: 823, Workers: 4
[4297.887s][debug][gc,phases      ] GC(248)   ObjectSynchronizer Weak        Min:  0.0, Avg:  0.0, Max:  0.0, Diff:  0.0, Sum:  0.0, Workers: 4
[4297.887s][debug][gc,phases      ] GC(248)     Dead                           Min: 0, Avg:  0.0, Max: 0, Diff: 0, Sum: 0, Workers: 4
[4297.887s][debug][gc,phases      ] GC(248)     Total                          Min: 0, Avg: 11.2, Max: 45, Diff: 45, Sum: 45, Workers: 4
[4297.887s][debug][gc,phases      ] GC(248)   JVMTI Tag Weak OopStorage      Min:  0.0, Avg:  0.0, Max:  0.0, Diff:  0.0, Sum:  0.0, Workers: 4
[4297.887s][debug][gc,phases      ] GC(248)     Dead                           Min: 0, Avg:  0.0, Max: 0, Diff: 0, Sum: 0, Workers: 4
[4297.887s][debug][gc,phases      ] GC(248)     Total                          Min: 0, Avg:  0.0, Max: 0, Diff: 0, Sum: 0, Workers: 4
[4297.887s][debug][gc,phases      ] GC(248)   StringTable Weak               Min:  0.0, Avg:  0.1, Max:  0.1, Diff:  0.1, Sum:  0.4, Workers: 4
[4297.887s][debug][gc,phases      ] GC(248)     Dead                           Min: 0, Avg:  0.2, Max: 1, Diff: 1, Sum: 1, Workers: 4
[4297.888s][debug][gc,phases      ] GC(248)     Total                          Min: 0, Avg: 11027.0, Max: 15501, Diff: 15501, Sum: 44108, Workers: 4
[4297.888s][debug][gc,phases      ] GC(248)   ResolvedMethodTable Weak       Min:  0.0, Avg:  0.0, Max:  0.0, Diff:  0.0, Sum:  0.1, Workers: 4
[4297.888s][debug][gc,phases      ] GC(248)     Dead                           Min: 0, Avg:  0.0, Max: 0, Diff: 0, Sum: 0, Workers: 4
[4297.888s][debug][gc,phases      ] GC(248)     Total                          Min: 0, Avg: 2512.8, Max: 3840, Diff: 3840, Sum: 10051, Workers: 4
[4297.888s][debug][gc,phases      ] GC(248)   JNI Weak                       Min:  0.0, Avg:  0.0, Max:  0.0, Diff:  0.0, Sum:  0.0, Workers: 4
[4297.888s][debug][gc,phases      ] GC(248)     Dead                           Min: 0, Avg:  0.0, Max: 0, Diff: 0, Sum: 0, Workers: 4
[4297.888s][debug][gc,phases      ] GC(248)     Total                          Min: 0, Avg: 11.2, Max: 45, Diff: 45, Sum: 45, Workers: 4
[4297.888s][debug][gc,phases      ] GC(248)   StringDedup Table Weak         Min:  0.0, Avg:  0.0, Max:  0.0, Diff:  0.0, Sum:  0.0, Workers: 4
[4297.888s][debug][gc,phases      ] GC(248)     Dead                           Min: 0, Avg:  0.0, Max: 0, Diff: 0, Sum: 0, Workers: 4
[4297.888s][debug][gc,phases      ] GC(248)     Total                          Min: 0, Avg:  0.0, Max: 0, Diff: 0, Sum: 0, Workers: 4
[4297.888s][debug][gc,phases      ] GC(248)   StringDedup Requests0 Weak     Min:  0.0, Avg:  0.0, Max:  0.0, Diff:  0.0, Sum:  0.0, Workers: 4
[4297.888s][debug][gc,phases      ] GC(248)     Dead                           Min: 0, Avg:  0.0, Max: 0, Diff: 0, Sum: 0, Workers: 4
[4297.888s][debug][gc,phases      ] GC(248)     Total                          Min: 0, Avg:  0.0, Max: 0, Diff: 0, Sum: 0, Workers: 4
[4297.888s][debug][gc,phases      ] GC(248)   StringDedup Requests1 Weak     Min:  0.0, Avg:  0.0, Max:  0.0, Diff:  0.0, Sum:  0.0, Workers: 4
[4297.888s][debug][gc,phases      ] GC(248)     Dead                           Min: 0, Avg:  0.0, Max: 0, Diff: 0, Sum: 0, Workers: 4
[4297.888s][debug][gc,phases      ] GC(248)     Total                          Min: 0, Avg:  0.0, Max: 0, Diff: 0, Sum: 0, Workers: 4
[4297.888s][debug][gc,phases      ] GC(248)   Weak JFR Old Object Samples    Min:  0.0, Avg:  0.0, Max:  0.0, Diff:  0.0, Sum:  0.0, Workers: 4
[4297.888s][debug][gc,phases      ] GC(248)     Dead                           Min: 0, Avg:  0.0, Max: 0, Diff: 0, Sum: 0, Workers: 4
[4297.888s][debug][gc,phases      ] GC(248)     Total                          Min: 0, Avg:  0.0, Max: 0, Diff: 0, Sum: 0, Workers: 4
[4297.888s][debug][gc,phases      ] GC(248) Weak Processing 0.369ms
[4297.888s][debug][gc,age         ] GC(248) Desired survivor size 151519232 bytes, new threshold 15 (max threshold 15)
[4297.888s][info ][gc,heap        ] GC(248) PSYoungGen: 1859233K(1944064K)->73312K(1939456K) Eden: 1786368K(1786368K)->0K(1786368K) From: 72865K(157696K)->73312K(153088K)
[4297.888s][info ][gc,heap        ] GC(248) ParOldGen: 720828K(864256K)->727736K(864256K)
[4297.888s][info ][gc,metaspace   ] GC(248) Metaspace: 85229K(86272K)->85229K(86272K) NonClass: 73350K(73920K)->73350K(73920K) Class: 11879K(12352K)->11879K(12352K)
[4297.888s][info ][gc             ] GC(248) Pause Young (Allocation Failure) 2519M->782M(2738M) 38.776ms
[4297.888s][info ][gc,cpu         ] GC(248) User=0.11s Sys=0.00s Real=0.04s
[4297.888s][info ][safepoint      ] Safepoint "ParallelGCFailedAllocation", Time since last: 328113204 ns, Reaching safepoint: 24101 ns, At safepoint: 38857153 ns, Total: 38881254 ns
[4298.888s][info ][safepoint      ] Safepoint "Cleanup", Time since last: 1000085260 ns, Reaching safepoint: 150803 ns, At safepoint: 6300 ns, Total: 157103 ns
[4300.888s][info ][safepoint      ] Safepoint "Cleanup", Time since last: 2000193420 ns, Reaching safepoint: 123702 ns, At safepoint: 9401 ns, Total: 133103 ns
[4301.893s][info ][safepoint      ] Safepoint "Cleanup", Time since last: 1000124860 ns, Reaching safepoint: 4302194 ns, At safepoint: 18201 ns, Total: 4320395 ns
[4302.893s][info ][safepoint      ] Safepoint "Cleanup", Time since last: 1000123160 ns, Reaching safepoint: 143203 ns, At safepoint: 16601 ns, Total: 159804 ns
[4303.102s][info ][gc,start       ] GC(249) Pause Young (Allocation Failure)
[4303.135s][debug][gc,phases      ] GC(249) Scavenge 32.749ms
[4303.135s][debug][gc,ref         ] GC(249) Skipped phase 1 of Reference Processing: no references
[4303.135s][debug][gc,ref         ] GC(249) ReferenceProcessor::execute queues: 1, RefProcThreadModel::Single, marks_oops_alive: false
[4303.135s][debug][gc,ref         ] GC(249) Skipped phase 3 of Reference Processing: no references
[4303.135s][debug][gc,ref         ] GC(249) ReferenceProcessor::execute queues: 1, RefProcThreadModel::Single, marks_oops_alive: false
[4303.135s][debug][gc,phases      ] GC(249) Reference Processing 0.161ms
[4303.135s][debug][gc,phases      ] GC(249)   VM Weak                        Min:  0.0, Avg:  0.0, Max:  0.0, Diff:  0.0, Sum:  0.0, Workers: 4
[4303.135s][debug][gc,phases      ] GC(249)     Dead                           Min: 0, Avg:  0.0, Max: 0, Diff: 0, Sum: 0, Workers: 4
[4303.135s][debug][gc,phases      ] GC(249)     Total                          Min: 0, Avg: 205.8, Max: 302, Diff: 302, Sum: 823, Workers: 4
[4303.135s][debug][gc,phases      ] GC(249)   ObjectSynchronizer Weak        Min:  0.0, Avg:  0.0, Max:  0.0, Diff:  0.0, Sum:  0.0, Workers: 4
[4303.135s][debug][gc,phases      ] GC(249)     Dead                           Min: 0, Avg:  0.0, Max: 0, Diff: 0, Sum: 0, Workers: 4
[4303.135s][debug][gc,phases      ] GC(249)     Total                          Min: 0, Avg: 11.2, Max: 45, Diff: 45, Sum: 45, Workers: 4
[4303.135s][debug][gc,phases      ] GC(249)   JVMTI Tag Weak OopStorage      Min:  0.0, Avg:  0.0, Max:  0.0, Diff:  0.0, Sum:  0.0, Workers: 4
[4303.135s][debug][gc,phases      ] GC(249)     Dead                           Min: 0, Avg:  0.0, Max: 0, Diff: 0, Sum: 0, Workers: 4
[4303.135s][debug][gc,phases      ] GC(249)     Total                          Min: 0, Avg:  0.0, Max: 0, Diff: 0, Sum: 0, Workers: 4
[4303.135s][debug][gc,phases      ] GC(249)   StringTable Weak               Min:  0.1, Avg:  0.1, Max:  0.1, Diff:  0.0, Sum:  0.5, Workers: 4
[4303.135s][debug][gc,phases      ] GC(249)     Dead                           Min: 0, Avg:  0.2, Max: 1, Diff: 1, Sum: 1, Workers: 4
[4303.135s][debug][gc,phases      ] GC(249)     Total                          Min: 10239, Avg: 11029.2, Max: 11735, Diff: 1496, Sum: 44117, Workers: 4
[4303.135s][debug][gc,phases      ] GC(249)   ResolvedMethodTable Weak       Min:  0.0, Avg:  0.0, Max:  0.0, Diff:  0.0, Sum:  0.1, Workers: 4
[4303.135s][debug][gc,phases      ] GC(249)     Dead                           Min: 0, Avg:  0.0, Max: 0, Diff: 0, Sum: 0, Workers: 4
[4303.135s][debug][gc,phases      ] GC(249)     Total                          Min: 2368, Avg: 2516.8, Max: 2707, Diff: 339, Sum: 10067, Workers: 4
[4303.135s][debug][gc,phases      ] GC(249)   JNI Weak                       Min:  0.0, Avg:  0.0, Max:  0.0, Diff:  0.0, Sum:  0.0, Workers: 4
[4303.135s][debug][gc,phases      ] GC(249)     Dead                           Min: 0, Avg:  0.0, Max: 0, Diff: 0, Sum: 0, Workers: 4
[4303.135s][debug][gc,phases      ] GC(249)     Total                          Min: 0, Avg: 11.2, Max: 45, Diff: 45, Sum: 45, Workers: 4
[4303.135s][debug][gc,phases      ] GC(249)   StringDedup Table Weak         Min:  0.0, Avg:  0.0, Max:  0.0, Diff:  0.0, Sum:  0.0, Workers: 4
[4303.135s][debug][gc,phases      ] GC(249)     Dead                           Min: 0, Avg:  0.0, Max: 0, Diff: 0, Sum: 0, Workers: 4
[4303.135s][debug][gc,phases      ] GC(249)     Total                          Min: 0, Avg:  0.0, Max: 0, Diff: 0, Sum: 0, Workers: 4
[4303.135s][debug][gc,phases      ] GC(249)   StringDedup Requests0 Weak     Min:  0.0, Avg:  0.0, Max:  0.0, Diff:  0.0, Sum:  0.0, Workers: 4
[4303.135s][debug][gc,phases      ] GC(249)     Dead                           Min: 0, Avg:  0.0, Max: 0, Diff: 0, Sum: 0, Workers: 4
[4303.135s][debug][gc,phases      ] GC(249)     Total                          Min: 0, Avg:  0.0, Max: 0, Diff: 0, Sum: 0, Workers: 4
[4303.135s][debug][gc,phases      ] GC(249)   StringDedup Requests1 Weak     Min:  0.0, Avg:  0.0, Max:  0.0, Diff:  0.0, Sum:  0.0, Workers: 4
[4303.135s][debug][gc,phases      ] GC(249)     Dead                           Min: 0, Avg:  0.0, Max: 0, Diff: 0, Sum: 0, Workers: 4
[4303.135s][debug][gc,phases      ] GC(249)     Total                          Min: 0, Avg:  0.0, Max: 0, Diff: 0, Sum: 0, Workers: 4
[4303.135s][debug][gc,phases      ] GC(249)   Weak JFR Old Object Samples    Min:  0.0, Avg:  0.0, Max:  0.0, Diff:  0.0, Sum:  0.0, Workers: 4
[4303.135s][debug][gc,phases      ] GC(249)     Dead                           Min: 0, Avg:  0.0, Max: 0, Diff: 0, Sum: 0, Workers: 4
[4303.135s][debug][gc,phases      ] GC(249)     Total                          Min: 0, Avg:  0.0, Max: 0, Diff: 0, Sum: 0, Workers: 4
[4303.135s][debug][gc,phases      ] GC(249) Weak Processing 0.357ms
[4303.135s][debug][gc,age         ] GC(249) Desired survivor size 146276352 bytes, new threshold 15 (max threshold 15)
[4303.135s][info ][gc,heap        ] GC(249) PSYoungGen: 1859680K(1939456K)->78145K(1954304K) Eden: 1786368K(1786368K)->0K(1806336K) From: 73312K(153088K)->78145K(147968K)
[4303.135s][info ][gc,heap        ] GC(249) ParOldGen: 727736K(864256K)->733078K(864256K)
[4303.135s][info ][gc,metaspace   ] GC(249) Metaspace: 85341K(86336K)->85341K(86336K) NonClass: 73454K(73984K)->73454K(73984K) Class: 11887K(12352K)->11887K(12352K)
[4303.135s][info ][gc             ] GC(249) Pause Young (Allocation Failure) 2526M->792M(2752M) 33.414ms
[4303.135s][info ][gc,cpu         ] GC(249) User=0.12s Sys=0.01s Real=0.04s
[4303.136s][info ][safepoint      ] Safepoint "ParallelGCFailedAllocation", Time since last: 208919187 ns, Reaching safepoint: 129603 ns, At safepoint: 33499935 ns, Total: 33629538 ns
[4304.136s][info ][safepoint      ] Safepoint "Cleanup", Time since last: 1000087021 ns, Reaching safepoint: 64902 ns, At safepoint: 6300 ns, Total: 71202 ns
[4306.136s][info ][safepoint      ] Safepoint "Cleanup", Time since last: 2000200229 ns, Reaching safepoint: 123102 ns, At safepoint: 15001 ns, Total: 138103 ns
[4307.136s][info ][safepoint      ] Safepoint "Cleanup", Time since last: 1000128565 ns, Reaching safepoint: 118402 ns, At safepoint: 10001 ns, Total: 128403 ns
[4307.695s][info ][gc,start       ] GC(250) Pause Young (Allocation Failure)
[4307.729s][debug][gc,phases      ] GC(250) Scavenge 34.383ms
[4307.729s][debug][gc,ref         ] GC(250) Skipped phase 1 of Reference Processing: no references
[4307.729s][debug][gc,ref         ] GC(250) ReferenceProcessor::execute queues: 1, RefProcThreadModel::Single, marks_oops_alive: false
[4307.729s][debug][gc,ref         ] GC(250) Skipped phase 3 of Reference Processing: no references
[4307.729s][debug][gc,ref         ] GC(250) ReferenceProcessor::execute queues: 1, RefProcThreadModel::Single, marks_oops_alive: false
[4307.730s][debug][gc,phases      ] GC(250) Reference Processing 0.153ms
[4307.730s][debug][gc,phases      ] GC(250)   VM Weak                        Min:  0.0, Avg:  0.0, Max:  0.0, Diff:  0.0, Sum:  0.0, Workers: 4
[4307.730s][debug][gc,phases      ] GC(250)     Dead                           Min: 0, Avg:  0.0, Max: 0, Diff: 0, Sum: 0, Workers: 4
[4307.730s][debug][gc,phases      ] GC(250)     Total                          Min: 0, Avg: 206.5, Max: 570, Diff: 570, Sum: 826, Workers: 4
[4307.730s][debug][gc,phases      ] GC(250)   ObjectSynchronizer Weak        Min:  0.0, Avg:  0.0, Max:  0.0, Diff:  0.0, Sum:  0.0, Workers: 4
[4307.730s][debug][gc,phases      ] GC(250)     Dead                           Min: 0, Avg:  0.0, Max: 0, Diff: 0, Sum: 0, Workers: 4
[4307.730s][debug][gc,phases      ] GC(250)     Total                          Min: 0, Avg: 11.2, Max: 45, Diff: 45, Sum: 45, Workers: 4
[4307.730s][debug][gc,phases      ] GC(250)   JVMTI Tag Weak OopStorage      Min:  0.0, Avg:  0.0, Max:  0.0, Diff:  0.0, Sum:  0.0, Workers: 4
[4307.730s][debug][gc,phases      ] GC(250)     Dead                           Min: 0, Avg:  0.0, Max: 0, Diff: 0, Sum: 0, Workers: 4
[4307.730s][debug][gc,phases      ] GC(250)     Total                          Min: 0, Avg:  0.0, Max: 0, Diff: 0, Sum: 0, Workers: 4
[4307.730s][debug][gc,phases      ] GC(250)   StringTable Weak               Min:  0.0, Avg:  0.1, Max:  0.2, Diff:  0.2, Sum:  0.4, Workers: 4
[4307.730s][debug][gc,phases      ] GC(250)     Dead                           Min: 0, Avg:  0.2, Max: 1, Diff: 1, Sum: 1, Workers: 4
[4307.730s][debug][gc,phases      ] GC(250)     Total                          Min: 0, Avg: 11031.8, Max: 15137, Diff: 15137, Sum: 44127, Workers: 4
[4307.730s][debug][gc,phases      ] GC(250)   ResolvedMethodTable Weak       Min:  0.0, Avg:  0.0, Max:  0.0, Diff:  0.0, Sum:  0.1, Workers: 4
[4307.730s][debug][gc,phases      ] GC(250)     Dead                           Min: 0, Avg:  0.0, Max: 0, Diff: 0, Sum: 0, Workers: 4
[4307.730s][debug][gc,phases      ] GC(250)     Total                          Min: 0, Avg: 2521.8, Max: 3456, Diff: 3456, Sum: 10087, Workers: 4
[4307.730s][debug][gc,phases      ] GC(250)   JNI Weak                       Min:  0.0, Avg:  0.0, Max:  0.0, Diff:  0.0, Sum:  0.0, Workers: 4
[4307.730s][debug][gc,phases      ] GC(250)     Dead                           Min: 0, Avg:  0.0, Max: 0, Diff: 0, Sum: 0, Workers: 4
[4307.730s][debug][gc,phases      ] GC(250)     Total                          Min: 0, Avg: 11.2, Max: 45, Diff: 45, Sum: 45, Workers: 4
[4307.730s][debug][gc,phases      ] GC(250)   StringDedup Table Weak         Min:  0.0, Avg:  0.0, Max:  0.0, Diff:  0.0, Sum:  0.0, Workers: 4
[4307.730s][debug][gc,phases      ] GC(250)     Dead                           Min: 0, Avg:  0.0, Max: 0, Diff: 0, Sum: 0, Workers: 4
[4307.730s][debug][gc,phases      ] GC(250)     Total                          Min: 0, Avg:  0.0, Max: 0, Diff: 0, Sum: 0, Workers: 4
[4307.730s][debug][gc,phases      ] GC(250)   StringDedup Requests0 Weak     Min:  0.0, Avg:  0.0, Max:  0.0, Diff:  0.0, Sum:  0.0, Workers: 4
[4307.730s][debug][gc,phases      ] GC(250)     Dead                           Min: 0, Avg:  0.0, Max: 0, Diff: 0, Sum: 0, Workers: 4
[4307.730s][debug][gc,phases      ] GC(250)     Total                          Min: 0, Avg:  0.0, Max: 0, Diff: 0, Sum: 0, Workers: 4
[4307.730s][debug][gc,phases      ] GC(250)   StringDedup Requests1 Weak     Min:  0.0, Avg:  0.0, Max:  0.0, Diff:  0.0, Sum:  0.0, Workers: 4
[4307.730s][debug][gc,phases      ] GC(250)     Dead                           Min: 0, Avg:  0.0, Max: 0, Diff: 0, Sum: 0, Workers: 4
[4307.730s][debug][gc,phases      ] GC(250)     Total                          Min: 0, Avg:  0.0, Max: 0, Diff: 0, Sum: 0, Workers: 4
[4307.730s][debug][gc,phases      ] GC(250)   Weak JFR Old Object Samples    Min:  0.0, Avg:  0.0, Max:  0.0, Diff:  0.0, Sum:  0.0, Workers: 4
[4307.730s][debug][gc,phases      ] GC(250)     Dead                           Min: 0, Avg:  0.0, Max: 0, Diff: 0, Sum: 0, Workers: 4
[4307.730s][debug][gc,phases      ] GC(250)     Total                          Min: 0, Avg:  0.0, Max: 0, Diff: 0, Sum: 0, Workers: 4
[4307.730s][debug][gc,phases      ] GC(250) Weak Processing 0.400ms
[4307.730s][debug][gc,age         ] GC(250) Desired survivor size 142606336 bytes, new threshold 15 (max threshold 15)
[4307.730s][info ][gc,heap        ] GC(250) PSYoungGen: 1884481K(1954304K)->89153K(1949184K) Eden: 1806336K(1806336K)->0K(1806336K) From: 78145K(147968K)->89153K(142848K)
[4307.730s][info ][gc,heap        ] GC(250) ParOldGen: 733078K(864256K)->734414K(864256K)
[4307.730s][info ][gc,metaspace   ] GC(250) Metaspace: 85385K(86400K)->85385K(86400K) NonClass: 73491K(74048K)->73491K(74048K) Class: 11894K(12352K)->11894K(12352K)
[4307.730s][info ][gc             ] GC(250) Pause Young (Allocation Failure) 2556M->804M(2747M) 35.093ms
[4307.730s][info ][gc,cpu         ] GC(250) User=0.12s Sys=0.00s Real=0.03s
[4307.730s][info ][safepoint      ] Safepoint "ParallelGCFailedAllocation", Time since last: 558393042 ns, Reaching safepoint: 144904 ns, At safepoint: 35188290 ns, Total: 35333194 ns
[4308.730s][info ][safepoint      ] Safepoint "Cleanup", Time since last: 1000093464 ns, Reaching safepoint: 67102 ns, At safepoint: 2900 ns, Total: 70002 ns
[4309.730s][info ][safepoint      ] Safepoint "Cleanup", Time since last: 1000122465 ns, Reaching safepoint: 135203 ns, At safepoint: 12400 ns, Total: 147603 ns
[4310.731s][info ][safepoint      ] Safepoint "Cleanup", Time since last: 1000175966 ns, Reaching safepoint: 122703 ns, At safepoint: 10500 ns, Total: 133203 ns
[4310.928s][info ][gc,start       ] GC(251) Pause Young (Allocation Failure)
[4310.971s][debug][gc,phases      ] GC(251) Scavenge 42.972ms
[4310.971s][debug][gc,ref         ] GC(251) Skipped phase 1 of Reference Processing: no references
[4310.971s][debug][gc,ref         ] GC(251) ReferenceProcessor::execute queues: 1, RefProcThreadModel::Single, marks_oops_alive: false
[4310.971s][debug][gc,ref         ] GC(251) Skipped phase 3 of Reference Processing: no references
[4310.971s][debug][gc,ref         ] GC(251) ReferenceProcessor::execute queues: 1, RefProcThreadModel::Single, marks_oops_alive: false
[4310.971s][debug][gc,phases      ] GC(251) Reference Processing 0.176ms
[4310.972s][debug][gc,phases      ] GC(251)   VM Weak                        Min:  0.0, Avg:  0.0, Max:  0.0, Diff:  0.0, Sum:  0.0, Workers: 4
[4310.972s][debug][gc,phases      ] GC(251)     Dead                           Min: 0, Avg:  0.0, Max: 0, Diff: 0, Sum: 0, Workers: 4
[4310.972s][debug][gc,phases      ] GC(251)     Total                          Min: 0, Avg: 206.5, Max: 371, Diff: 371, Sum: 826, Workers: 4
[4310.972s][debug][gc,phases      ] GC(251)   ObjectSynchronizer Weak        Min:  0.0, Avg:  0.0, Max:  0.0, Diff:  0.0, Sum:  0.0, Workers: 4
[4310.972s][debug][gc,phases      ] GC(251)     Dead                           Min: 0, Avg:  0.0, Max: 0, Diff: 0, Sum: 0, Workers: 4
[4310.972s][debug][gc,phases      ] GC(251)     Total                          Min: 0, Avg: 11.2, Max: 45, Diff: 45, Sum: 45, Workers: 4
[4310.972s][debug][gc,phases      ] GC(251)   JVMTI Tag Weak OopStorage      Min:  0.0, Avg:  0.0, Max:  0.0, Diff:  0.0, Sum:  0.0, Workers: 4
[4310.972s][debug][gc,phases      ] GC(251)     Dead                           Min: 0, Avg:  0.0, Max: 0, Diff: 0, Sum: 0, Workers: 4
[4310.972s][debug][gc,phases      ] GC(251)     Total                          Min: 0, Avg:  0.0, Max: 0, Diff: 0, Sum: 0, Workers: 4
[4310.972s][debug][gc,phases      ] GC(251)   StringTable Weak               Min:  0.1, Avg:  0.1, Max:  0.1, Diff:  0.0, Sum:  0.5, Workers: 4
[4310.972s][debug][gc,phases      ] GC(251)     Dead                           Min: 0, Avg:  0.0, Max: 0, Diff: 0, Sum: 0, Workers: 4
[4310.972s][debug][gc,phases      ] GC(251)     Total                          Min: 9344, Avg: 11032.0, Max: 11903, Diff: 2559, Sum: 44128, Workers: 4
[4310.972s][debug][gc,phases      ] GC(251)   ResolvedMethodTable Weak       Min:  0.0, Avg:  0.0, Max:  0.0, Diff:  0.0, Sum:  0.1, Workers: 4
[4310.972s][debug][gc,phases      ] GC(251)     Dead                           Min: 0, Avg:  0.0, Max: 0, Diff: 0, Sum: 0, Workers: 4
[4310.972s][debug][gc,phases      ] GC(251)     Total                          Min: 2432, Avg: 2522.2, Max: 2624, Diff: 192, Sum: 10089, Workers: 4
[4310.972s][debug][gc,phases      ] GC(251)   JNI Weak                       Min:  0.0, Avg:  0.0, Max:  0.0, Diff:  0.0, Sum:  0.0, Workers: 4
[4310.972s][debug][gc,phases      ] GC(251)     Dead                           Min: 0, Avg:  0.0, Max: 0, Diff: 0, Sum: 0, Workers: 4
[4310.972s][debug][gc,phases      ] GC(251)     Total                          Min: 0, Avg: 11.2, Max: 45, Diff: 45, Sum: 45, Workers: 4
[4310.972s][debug][gc,phases      ] GC(251)   StringDedup Table Weak         Min:  0.0, Avg:  0.0, Max:  0.0, Diff:  0.0, Sum:  0.0, Workers: 4
[4310.972s][debug][gc,phases      ] GC(251)     Dead                           Min: 0, Avg:  0.0, Max: 0, Diff: 0, Sum: 0, Workers: 4
[4310.972s][debug][gc,phases      ] GC(251)     Total                          Min: 0, Avg:  0.0, Max: 0, Diff: 0, Sum: 0, Workers: 4
[4310.972s][debug][gc,phases      ] GC(251)   StringDedup Requests0 Weak     Min:  0.0, Avg:  0.0, Max:  0.0, Diff:  0.0, Sum:  0.0, Workers: 4
[4310.972s][debug][gc,phases      ] GC(251)     Dead                           Min: 0, Avg:  0.0, Max: 0, Diff: 0, Sum: 0, Workers: 4
[4310.972s][debug][gc,phases      ] GC(251)     Total                          Min: 0, Avg:  0.0, Max: 0, Diff: 0, Sum: 0, Workers: 4
[4310.972s][debug][gc,phases      ] GC(251)   StringDedup Requests1 Weak     Min:  0.0, Avg:  0.0, Max:  0.0, Diff:  0.0, Sum:  0.0, Workers: 4
[4310.972s][debug][gc,phases      ] GC(251)     Dead                           Min: 0, Avg:  0.0, Max: 0, Diff: 0, Sum: 0, Workers: 4
[4310.972s][debug][gc,phases      ] GC(251)     Total                          Min: 0, Avg:  0.0, Max: 0, Diff: 0, Sum: 0, Workers: 4
[4310.972s][debug][gc,phases      ] GC(251)   Weak JFR Old Object Samples    Min:  0.0, Avg:  0.0, Max:  0.0, Diff:  0.0, Sum:  0.0, Workers: 4
[4310.972s][debug][gc,phases      ] GC(251)     Dead                           Min: 0, Avg:  0.0, Max: 0, Diff: 0, Sum: 0, Workers: 4
[4310.972s][debug][gc,phases      ] GC(251)     Total                          Min: 0, Avg:  0.0, Max: 0, Diff: 0, Sum: 0, Workers: 4
[4310.972s][debug][gc,phases      ] GC(251) Weak Processing 0.434ms
[4310.972s][debug][gc,age         ] GC(251) Desired survivor size 146276352 bytes, new threshold 15 (max threshold 15)
[4310.972s][info ][gc,heap        ] GC(251) PSYoungGen: 1895489K(1949184K)->108737K(1950720K) Eden: 1806336K(1806336K)->0K(1811456K) From: 89153K(142848K)->108737K(139264K)
[4310.972s][info ][gc,heap        ] GC(251) ParOldGen: 734414K(864256K)->737178K(864256K)
[4310.972s][info ][gc,metaspace   ] GC(251) Metaspace: 85396K(86400K)->85396K(86400K) NonClass: 73501K(74048K)->73501K(74048K) Class: 11895K(12352K)->11895K(12352K)
[4310.972s][info ][gc             ] GC(251) Pause Young (Allocation Failure) 2568M->826M(2749M) 43.736ms
[4310.972s][info ][gc,cpu         ] GC(251) User=0.15s Sys=0.00s Real=0.05s
[4310.972s][info ][safepoint      ] Safepoint "ParallelGCFailedAllocation", Time since last: 197339233 ns, Reaching safepoint: 117402 ns, At safepoint: 43841585 ns, Total: 43958987 ns
[4311.972s][info ][safepoint      ] Safepoint "Cleanup", Time since last: 1000087064 ns, Reaching safepoint: 53201 ns, At safepoint: 2900 ns, Total: 56101 ns
[4312.973s][info ][safepoint      ] Safepoint "Cleanup", Time since last: 1000110062 ns, Reaching safepoint: 677015 ns, At safepoint: 12600 ns, Total: 689615 ns
[4313.973s][info ][safepoint      ] Safepoint "Cleanup", Time since last: 1000146963 ns, Reaching safepoint: 58501 ns, At safepoint: 3200 ns, Total: 61701 ns
[4314.878s][info ][gc,start       ] GC(252) Pause Young (Allocation Failure)
[4314.920s][debug][gc,phases      ] GC(252) Scavenge 41.853ms
[4314.920s][debug][gc,ref         ] GC(252) Skipped phase 1 of Reference Processing: no references
[4314.920s][debug][gc,ref         ] GC(252) ReferenceProcessor::execute queues: 1, RefProcThreadModel::Single, marks_oops_alive: false
[4314.920s][debug][gc,ref         ] GC(252) Skipped phase 3 of Reference Processing: no references
[4314.920s][debug][gc,ref         ] GC(252) ReferenceProcessor::execute queues: 1, RefProcThreadModel::Single, marks_oops_alive: false
[4314.920s][debug][gc,phases      ] GC(252) Reference Processing 0.165ms
[4314.920s][debug][gc,phases      ] GC(252)   VM Weak                        Min:  0.0, Avg:  0.0, Max:  0.0, Diff:  0.0, Sum:  0.0, Workers: 4
[4314.920s][debug][gc,phases      ] GC(252)     Dead                           Min: 0, Avg:  0.0, Max: 0, Diff: 0, Sum: 0, Workers: 4
[4314.920s][debug][gc,phases      ] GC(252)     Total                          Min: 0, Avg: 206.8, Max: 502, Diff: 502, Sum: 827, Workers: 4
[4314.920s][debug][gc,phases      ] GC(252)   ObjectSynchronizer Weak        Min:  0.0, Avg:  0.0, Max:  0.0, Diff:  0.0, Sum:  0.0, Workers: 4
[4314.920s][debug][gc,phases      ] GC(252)     Dead                           Min: 0, Avg:  0.0, Max: 0, Diff: 0, Sum: 0, Workers: 4
[4314.920s][debug][gc,phases      ] GC(252)     Total                          Min: 0, Avg: 11.2, Max: 45, Diff: 45, Sum: 45, Workers: 4
[4314.920s][debug][gc,phases      ] GC(252)   JVMTI Tag Weak OopStorage      Min:  0.0, Avg:  0.0, Max:  0.0, Diff:  0.0, Sum:  0.0, Workers: 4
[4314.920s][debug][gc,phases      ] GC(252)     Dead                           Min: 0, Avg:  0.0, Max: 0, Diff: 0, Sum: 0, Workers: 4
[4314.920s][debug][gc,phases      ] GC(252)     Total                          Min: 0, Avg:  0.0, Max: 0, Diff: 0, Sum: 0, Workers: 4
[4314.920s][debug][gc,phases      ] GC(252)   StringTable Weak               Min:  0.1, Avg:  0.1, Max:  0.1, Diff:  0.0, Sum:  0.5, Workers: 4
[4314.920s][debug][gc,phases      ] GC(252)     Dead                           Min: 0, Avg:  0.2, Max: 1, Diff: 1, Sum: 1, Workers: 4
[4314.920s][debug][gc,phases      ] GC(252)     Total                          Min: 10026, Avg: 11034.0, Max: 11903, Diff: 1877, Sum: 44136, Workers: 4
[4314.920s][debug][gc,phases      ] GC(252)   ResolvedMethodTable Weak       Min:  0.0, Avg:  0.0, Max:  0.0, Diff:  0.0, Sum:  0.1, Workers: 4
[4314.920s][debug][gc,phases      ] GC(252)     Dead                           Min: 0, Avg:  0.0, Max: 0, Diff: 0, Sum: 0, Workers: 4
[4314.920s][debug][gc,phases      ] GC(252)     Total                          Min: 2432, Avg: 2524.8, Max: 2624, Diff: 192, Sum: 10099, Workers: 4
[4314.920s][debug][gc,phases      ] GC(252)   JNI Weak                       Min:  0.0, Avg:  0.0, Max:  0.0, Diff:  0.0, Sum:  0.0, Workers: 4
[4314.920s][debug][gc,phases      ] GC(252)     Dead                           Min: 0, Avg:  0.0, Max: 0, Diff: 0, Sum: 0, Workers: 4
[4314.920s][debug][gc,phases      ] GC(252)     Total                          Min: 0, Avg: 11.2, Max: 45, Diff: 45, Sum: 45, Workers: 4
[4314.920s][debug][gc,phases      ] GC(252)   StringDedup Table Weak         Min:  0.0, Avg:  0.0, Max:  0.0, Diff:  0.0, Sum:  0.0, Workers: 4
[4314.920s][debug][gc,phases      ] GC(252)     Dead                           Min: 0, Avg:  0.0, Max: 0, Diff: 0, Sum: 0, Workers: 4
[4314.920s][debug][gc,phases      ] GC(252)     Total                          Min: 0, Avg:  0.0, Max: 0, Diff: 0, Sum: 0, Workers: 4
[4314.920s][debug][gc,phases      ] GC(252)   StringDedup Requests0 Weak     Min:  0.0, Avg:  0.0, Max:  0.0, Diff:  0.0, Sum:  0.0, Workers: 4
[4314.920s][debug][gc,phases      ] GC(252)     Dead                           Min: 0, Avg:  0.0, Max: 0, Diff: 0, Sum: 0, Workers: 4
[4314.920s][debug][gc,phases      ] GC(252)     Total                          Min: 0, Avg:  0.0, Max: 0, Diff: 0, Sum: 0, Workers: 4
[4314.920s][debug][gc,phases      ] GC(252)   StringDedup Requests1 Weak     Min:  0.0, Avg:  0.0, Max:  0.0, Diff:  0.0, Sum:  0.0, Workers: 4
[4314.920s][debug][gc,phases      ] GC(252)     Dead                           Min: 0, Avg:  0.0, Max: 0, Diff: 0, Sum: 0, Workers: 4
[4314.920s][debug][gc,phases      ] GC(252)     Total                          Min: 0, Avg:  0.0, Max: 0, Diff: 0, Sum: 0, Workers: 4
[4314.920s][debug][gc,phases      ] GC(252)   Weak JFR Old Object Samples    Min:  0.0, Avg:  0.0, Max:  0.0, Diff:  0.0, Sum:  0.0, Workers: 4
[4314.920s][debug][gc,phases      ] GC(252)     Dead                           Min: 0, Avg:  0.0, Max: 0, Diff: 0, Sum: 0, Workers: 4
[4314.920s][debug][gc,phases      ] GC(252)     Total                          Min: 0, Avg:  0.0, Max: 0, Diff: 0, Sum: 0, Workers: 4
[4314.920s][debug][gc,phases      ] GC(252) Weak Processing 0.342ms
[4314.921s][debug][gc,age         ] GC(252) Desired survivor size 152043520 bytes, new threshold 15 (max threshold 15)
[4314.921s][info ][gc,heap        ] GC(252) PSYoungGen: 1920193K(1950720K)->117129K(1928704K) Eden: 1811456K(1811456K)->0K(1811456K) From: 108737K(139264K)->117129K(117248K)
[4314.921s][info ][gc,heap        ] GC(252) ParOldGen: 737178K(864256K)->737358K(864256K)
[4314.921s][info ][gc,metaspace   ] GC(252) Metaspace: 85418K(86400K)->85418K(86400K) NonClass: 73520K(74048K)->73520K(74048K) Class: 11898K(12352K)->11898K(12352K)
[4314.921s][info ][gc             ] GC(252) Pause Young (Allocation Failure) 2595M->834M(2727M) 42.507ms
[4314.921s][info ][gc,cpu         ] GC(252) User=0.15s Sys=0.00s Real=0.04s
[4314.921s][info ][safepoint      ] Safepoint "ParallelGCFailedAllocation", Time since last: 904686419 ns, Reaching safepoint: 96702 ns, At safepoint: 42628958 ns, Total: 42725660 ns
[4315.921s][info ][safepoint      ] Safepoint "Cleanup", Time since last: 1000090661 ns, Reaching safepoint: 48001 ns, At safepoint: 3800 ns, Total: 51801 ns
[4318.921s][info ][safepoint      ] Safepoint "Cleanup", Time since last: 3000243384 ns, Reaching safepoint: 51301 ns, At safepoint: 37901 ns, Total: 89202 ns
[4320.921s][info ][safepoint      ] Safepoint "Cleanup", Time since last: 2000165913 ns, Reaching safepoint: 216405 ns, At safepoint: 9800 ns, Total: 226205 ns
[4321.573s][info ][gc,start       ] GC(253) Pause Young (Allocation Failure)
[4321.621s][debug][gc,phases      ] GC(253) Scavenge 47.837ms
[4321.621s][debug][gc,ref         ] GC(253) Skipped phase 1 of Reference Processing: no references
[4321.621s][debug][gc,ref         ] GC(253) ReferenceProcessor::execute queues: 1, RefProcThreadModel::Single, marks_oops_alive: false
[4321.621s][debug][gc,ref         ] GC(253) Skipped phase 3 of Reference Processing: no references
[4321.621s][debug][gc,ref         ] GC(253) ReferenceProcessor::execute queues: 1, RefProcThreadModel::Single, marks_oops_alive: false
[4321.621s][debug][gc,phases      ] GC(253) Reference Processing 0.148ms
[4321.622s][debug][gc,phases      ] GC(253)   VM Weak                        Min:  0.0, Avg:  0.0, Max:  0.0, Diff:  0.0, Sum:  0.0, Workers: 4
[4321.622s][debug][gc,phases      ] GC(253)     Dead                           Min: 0, Avg:  0.0, Max: 0, Diff: 0, Sum: 0, Workers: 4
[4321.622s][debug][gc,phases      ] GC(253)     Total                          Min: 0, Avg: 206.8, Max: 461, Diff: 461, Sum: 827, Workers: 4
[4321.622s][debug][gc,phases      ] GC(253)   ObjectSynchronizer Weak        Min:  0.0, Avg:  0.0, Max:  0.0, Diff:  0.0, Sum:  0.0, Workers: 4
[4321.622s][debug][gc,phases      ] GC(253)     Dead                           Min: 0, Avg:  0.0, Max: 0, Diff: 0, Sum: 0, Workers: 4
[4321.622s][debug][gc,phases      ] GC(253)     Total                          Min: 0, Avg: 11.2, Max: 45, Diff: 45, Sum: 45, Workers: 4
[4321.622s][debug][gc,phases      ] GC(253)   JVMTI Tag Weak OopStorage      Min:  0.0, Avg:  0.0, Max:  0.0, Diff:  0.0, Sum:  0.0, Workers: 4
[4321.622s][debug][gc,phases      ] GC(253)     Dead                           Min: 0, Avg:  0.0, Max: 0, Diff: 0, Sum: 0, Workers: 4
[4321.622s][debug][gc,phases      ] GC(253)     Total                          Min: 0, Avg:  0.0, Max: 0, Diff: 0, Sum: 0, Workers: 4
[4321.622s][debug][gc,phases      ] GC(253)   StringTable Weak               Min:  0.0, Avg:  0.1, Max:  0.1, Diff:  0.1, Sum:  0.4, Workers: 4
[4321.622s][debug][gc,phases      ] GC(253)     Dead                           Min: 0, Avg:  0.0, Max: 0, Diff: 0, Sum: 0, Workers: 4
[4321.622s][debug][gc,phases      ] GC(253)     Total                          Min: 0, Avg: 11034.5, Max: 15039, Diff: 15039, Sum: 44138, Workers: 4
[4321.622s][debug][gc,phases      ] GC(253)   ResolvedMethodTable Weak       Min:  0.0, Avg:  0.0, Max:  0.0, Diff:  0.0, Sum:  0.1, Workers: 4
[4321.622s][debug][gc,phases      ] GC(253)     Dead                           Min: 0, Avg:  0.0, Max: 0, Diff: 0, Sum: 0, Workers: 4
[4321.622s][debug][gc,phases      ] GC(253)     Total                          Min: 0, Avg: 2524.8, Max: 3392, Diff: 3392, Sum: 10099, Workers: 4
[4321.622s][debug][gc,phases      ] GC(253)   JNI Weak                       Min:  0.0, Avg:  0.0, Max:  0.0, Diff:  0.0, Sum:  0.0, Workers: 4
[4321.622s][debug][gc,phases      ] GC(253)     Dead                           Min: 0, Avg:  0.0, Max: 0, Diff: 0, Sum: 0, Workers: 4
[4321.622s][debug][gc,phases      ] GC(253)     Total                          Min: 0, Avg: 11.2, Max: 45, Diff: 45, Sum: 45, Workers: 4
[4321.622s][debug][gc,phases      ] GC(253)   StringDedup Table Weak         Min:  0.0, Avg:  0.0, Max:  0.0, Diff:  0.0, Sum:  0.0, Workers: 4
[4321.622s][debug][gc,phases      ] GC(253)     Dead                           Min: 0, Avg:  0.0, Max: 0, Diff: 0, Sum: 0, Workers: 4
[4321.622s][debug][gc,phases      ] GC(253)     Total                          Min: 0, Avg:  0.0, Max: 0, Diff: 0, Sum: 0, Workers: 4
[4321.622s][debug][gc,phases      ] GC(253)   StringDedup Requests0 Weak     Min:  0.0, Avg:  0.0, Max:  0.0, Diff:  0.0, Sum:  0.0, Workers: 4
[4321.622s][debug][gc,phases      ] GC(253)     Dead                           Min: 0, Avg:  0.0, Max: 0, Diff: 0, Sum: 0, Workers: 4
[4321.622s][debug][gc,phases      ] GC(253)     Total                          Min: 0, Avg:  0.0, Max: 0, Diff: 0, Sum: 0, Workers: 4
[4321.622s][debug][gc,phases      ] GC(253)   StringDedup Requests1 Weak     Min:  0.0, Avg:  0.0, Max:  0.0, Diff:  0.0, Sum:  0.0, Workers: 4
[4321.622s][debug][gc,phases      ] GC(253)     Dead                           Min: 0, Avg:  0.0, Max: 0, Diff: 0, Sum: 0, Workers: 4
[4321.622s][debug][gc,phases      ] GC(253)     Total                          Min: 0, Avg:  0.0, Max: 0, Diff: 0, Sum: 0, Workers: 4
[4321.622s][debug][gc,phases      ] GC(253)   Weak JFR Old Object Samples    Min:  0.0, Avg:  0.0, Max:  0.0, Diff:  0.0, Sum:  0.0, Workers: 4
[4321.622s][debug][gc,phases      ] GC(253)     Dead                           Min: 0, Avg:  0.0, Max: 0, Diff: 0, Sum: 0, Workers: 4
[4321.622s][debug][gc,phases      ] GC(253)     Total                          Min: 0, Avg:  0.0, Max: 0, Diff: 0, Sum: 0, Workers: 4
[4321.622s][debug][gc,phases      ] GC(253) Weak Processing 0.374ms
[4321.622s][debug][gc,age         ] GC(253) Desired survivor size 158859264 bytes, new threshold 15 (max threshold 15)
[4321.622s][info ][gc,heap        ] GC(253) PSYoungGen: 1928585K(1928704K)->123085K(1935360K) Eden: 1811456K(1811456K)->0K(1786880K) From: 117129K(117248K)->123085K(148480K)
[4321.622s][info ][gc,heap        ] GC(253) ParOldGen: 737358K(864256K)->737526K(864256K)
[4321.622s][info ][gc,metaspace   ] GC(253) Metaspace: 85443K(86464K)->85443K(86464K) NonClass: 73544K(74112K)->73544K(74112K) Class: 11898K(12352K)->11898K(12352K)
[4321.622s][info ][gc             ] GC(253) Pause Young (Allocation Failure) 2603M->840M(2734M) 48.510ms
[4321.622s][info ][gc,cpu         ] GC(253) User=0.14s Sys=0.00s Real=0.04s
[4321.622s][info ][safepoint      ] Safepoint "ParallelGCFailedAllocation", Time since last: 651649955 ns, Reaching safepoint: 167404 ns, At safepoint: 48601888 ns, Total: 48769292 ns
[4322.622s][info ][safepoint      ] Safepoint "Cleanup", Time since last: 1000103644 ns, Reaching safepoint: 120902 ns, At safepoint: 8300 ns, Total: 129202 ns
[4325.623s][info ][safepoint      ] Safepoint "Cleanup", Time since last: 3000310430 ns, Reaching safepoint: 115703 ns, At safepoint: 8200 ns, Total: 123903 ns
[4326.608s][info ][gc,start       ] GC(254) Pause Young (Allocation Failure)
[4326.658s][debug][gc,phases      ] GC(254) Scavenge 49.555ms
[4326.658s][debug][gc,ref         ] GC(254) Skipped phase 1 of Reference Processing: no references
[4326.658s][debug][gc,ref         ] GC(254) ReferenceProcessor::execute queues: 1, RefProcThreadModel::Single, marks_oops_alive: false
[4326.658s][debug][gc,ref         ] GC(254) Skipped phase 3 of Reference Processing: no references
[4326.658s][debug][gc,ref         ] GC(254) ReferenceProcessor::execute queues: 1, RefProcThreadModel::Single, marks_oops_alive: false
[4326.658s][debug][gc,phases      ] GC(254) Reference Processing 0.160ms
[4326.658s][debug][gc,phases      ] GC(254)   VM Weak                        Min:  0.0, Avg:  0.0, Max:  0.0, Diff:  0.0, Sum:  0.0, Workers: 4
[4326.658s][debug][gc,phases      ] GC(254)     Dead                           Min: 0, Avg:  0.0, Max: 0, Diff: 0, Sum: 0, Workers: 4
[4326.658s][debug][gc,phases      ] GC(254)     Total                          Min: 0, Avg: 206.8, Max: 392, Diff: 392, Sum: 827, Workers: 4
[4326.658s][debug][gc,phases      ] GC(254)   ObjectSynchronizer Weak        Min:  0.0, Avg:  0.0, Max:  0.0, Diff:  0.0, Sum:  0.0, Workers: 4
[4326.658s][debug][gc,phases      ] GC(254)     Dead                           Min: 0, Avg:  0.0, Max: 0, Diff: 0, Sum: 0, Workers: 4
[4326.658s][debug][gc,phases      ] GC(254)     Total                          Min: 0, Avg: 11.2, Max: 45, Diff: 45, Sum: 45, Workers: 4
[4326.658s][debug][gc,phases      ] GC(254)   JVMTI Tag Weak OopStorage      Min:  0.0, Avg:  0.0, Max:  0.0, Diff:  0.0, Sum:  0.0, Workers: 4
[4326.658s][debug][gc,phases      ] GC(254)     Dead                           Min: 0, Avg:  0.0, Max: 0, Diff: 0, Sum: 0, Workers: 4
[4326.658s][debug][gc,phases      ] GC(254)     Total                          Min: 0, Avg:  0.0, Max: 0, Diff: 0, Sum: 0, Workers: 4
[4326.658s][debug][gc,phases      ] GC(254)   StringTable Weak               Min:  0.0, Avg:  0.1, Max:  0.1, Diff:  0.1, Sum:  0.4, Workers: 4
[4326.658s][debug][gc,phases      ] GC(254)     Dead                           Min: 0, Avg:  0.0, Max: 0, Diff: 0, Sum: 0, Workers: 4
[4326.658s][debug][gc,phases      ] GC(254)     Total                          Min: 0, Avg: 11034.8, Max: 15039, Diff: 15039, Sum: 44139, Workers: 4
[4326.658s][debug][gc,phases      ] GC(254)   ResolvedMethodTable Weak       Min:  0.0, Avg:  0.0, Max:  0.0, Diff:  0.0, Sum:  0.1, Workers: 4
[4326.658s][debug][gc,phases      ] GC(254)     Dead                           Min: 0, Avg:  0.0, Max: 0, Diff: 0, Sum: 0, Workers: 4
[4326.658s][debug][gc,phases      ] GC(254)     Total                          Min: 0, Avg: 2524.8, Max: 3507, Diff: 3507, Sum: 10099, Workers: 4
[4326.658s][debug][gc,phases      ] GC(254)   JNI Weak                       Min:  0.0, Avg:  0.0, Max:  0.0, Diff:  0.0, Sum:  0.0, Workers: 4
[4326.658s][debug][gc,phases      ] GC(254)     Dead                           Min: 0, Avg:  0.0, Max: 0, Diff: 0, Sum: 0, Workers: 4
[4326.658s][debug][gc,phases      ] GC(254)     Total                          Min: 0, Avg: 11.2, Max: 45, Diff: 45, Sum: 45, Workers: 4
[4326.658s][debug][gc,phases      ] GC(254)   StringDedup Table Weak         Min:  0.0, Avg:  0.0, Max:  0.0, Diff:  0.0, Sum:  0.0, Workers: 4
[4326.658s][debug][gc,phases      ] GC(254)     Dead                           Min: 0, Avg:  0.0, Max: 0, Diff: 0, Sum: 0, Workers: 4
[4326.658s][debug][gc,phases      ] GC(254)     Total                          Min: 0, Avg:  0.0, Max: 0, Diff: 0, Sum: 0, Workers: 4
[4326.658s][debug][gc,phases      ] GC(254)   StringDedup Requests0 Weak     Min:  0.0, Avg:  0.0, Max:  0.0, Diff:  0.0, Sum:  0.0, Workers: 4
[4326.658s][debug][gc,phases      ] GC(254)     Dead                           Min: 0, Avg:  0.0, Max: 0, Diff: 0, Sum: 0, Workers: 4
[4326.658s][debug][gc,phases      ] GC(254)     Total                          Min: 0, Avg:  0.0, Max: 0, Diff: 0, Sum: 0, Workers: 4
[4326.658s][debug][gc,phases      ] GC(254)   StringDedup Requests1 Weak     Min:  0.0, Avg:  0.0, Max:  0.0, Diff:  0.0, Sum:  0.0, Workers: 4
[4326.658s][debug][gc,phases      ] GC(254)     Dead                           Min: 0, Avg:  0.0, Max: 0, Diff: 0, Sum: 0, Workers: 4
[4326.658s][debug][gc,phases      ] GC(254)     Total                          Min: 0, Avg:  0.0, Max: 0, Diff: 0, Sum: 0, Workers: 4
[4326.658s][debug][gc,phases      ] GC(254)   Weak JFR Old Object Samples    Min:  0.0, Avg:  0.0, Max:  0.0, Diff:  0.0, Sum:  0.0, Workers: 4
[4326.658s][debug][gc,phases      ] GC(254)     Dead                           Min: 0, Avg:  0.0, Max: 0, Diff: 0, Sum: 0, Workers: 4
[4326.658s][debug][gc,phases      ] GC(254)     Total                          Min: 0, Avg:  0.0, Max: 0, Diff: 0, Sum: 0, Workers: 4
[4326.658s][debug][gc,phases      ] GC(254) Weak Processing 0.377ms
[4326.658s][debug][gc,age         ] GC(254) Desired survivor size 166723584 bytes, new threshold 15 (max threshold 15)
[4326.658s][info ][gc,heap        ] GC(254) PSYoungGen: 1909965K(1935360K)->130857K(1917952K) Eden: 1786880K(1786880K)->0K(1786880K) From: 123085K(148480K)->130857K(131072K)
[4326.658s][info ][gc,heap        ] GC(254) ParOldGen: 737526K(864256K)->737694K(864256K)
[4326.658s][info ][gc,metaspace   ] GC(254) Metaspace: 85445K(86464K)->85445K(86464K) NonClass: 73547K(74112K)->73547K(74112K) Class: 11898K(12352K)->11898K(12352K)
[4326.658s][info ][gc             ] GC(254) Pause Young (Allocation Failure) 2585M->848M(2717M) 50.254ms
[4326.658s][info ][gc,cpu         ] GC(254) User=0.15s Sys=0.00s Real=0.05s
[4326.658s][info ][safepoint      ] Safepoint "ParallelGCFailedAllocation", Time since last: 985239931 ns, Reaching safepoint: 119403 ns, At safepoint: 50353131 ns, Total: 50472534 ns
[4327.659s][info ][safepoint      ] Safepoint "Cleanup", Time since last: 1000093158 ns, Reaching safepoint: 129603 ns, At safepoint: 8500 ns, Total: 138103 ns
[4329.659s][info ][safepoint      ] Safepoint "Cleanup", Time since last: 2000223683 ns, Reaching safepoint: 129803 ns, At safepoint: 12201 ns, Total: 142004 ns
[4330.373s][info ][gc,start       ] GC(255) Pause Young (Allocation Failure)
[4330.421s][debug][gc,phases      ] GC(255) Scavenge 47.725ms
[4330.421s][debug][gc,ref         ] GC(255) Skipped phase 1 of Reference Processing: no references
[4330.421s][debug][gc,ref         ] GC(255) ReferenceProcessor::execute queues: 1, RefProcThreadModel::Single, marks_oops_alive: false
[4330.421s][debug][gc,ref         ] GC(255) Skipped phase 3 of Reference Processing: no references
[4330.421s][debug][gc,ref         ] GC(255) ReferenceProcessor::execute queues: 1, RefProcThreadModel::Single, marks_oops_alive: false
[4330.421s][debug][gc,phases      ] GC(255) Reference Processing 0.275ms
[4330.422s][debug][gc,phases      ] GC(255)   VM Weak                        Min:  0.0, Avg:  0.0, Max:  0.0, Diff:  0.0, Sum:  0.0, Workers: 4
[4330.422s][debug][gc,phases      ] GC(255)     Dead                           Min: 0, Avg:  0.0, Max: 0, Diff: 0, Sum: 0, Workers: 4
[4330.422s][debug][gc,phases      ] GC(255)     Total                          Min: 0, Avg: 206.8, Max: 635, Diff: 635, Sum: 827, Workers: 4
[4330.422s][debug][gc,phases      ] GC(255)   ObjectSynchronizer Weak        Min:  0.0, Avg:  0.0, Max:  0.0, Diff:  0.0, Sum:  0.0, Workers: 4
[4330.422s][debug][gc,phases      ] GC(255)     Dead                           Min: 0, Avg:  0.0, Max: 0, Diff: 0, Sum: 0, Workers: 4
[4330.422s][debug][gc,phases      ] GC(255)     Total                          Min: 0, Avg: 11.2, Max: 45, Diff: 45, Sum: 45, Workers: 4
[4330.422s][debug][gc,phases      ] GC(255)   JVMTI Tag Weak OopStorage      Min:  0.0, Avg:  0.0, Max:  0.0, Diff:  0.0, Sum:  0.0, Workers: 4
[4330.422s][debug][gc,phases      ] GC(255)     Dead                           Min: 0, Avg:  0.0, Max: 0, Diff: 0, Sum: 0, Workers: 4
[4330.422s][debug][gc,phases      ] GC(255)     Total                          Min: 0, Avg:  0.0, Max: 0, Diff: 0, Sum: 0, Workers: 4
[4330.422s][debug][gc,phases      ] GC(255)   StringTable Weak               Min:  0.0, Avg:  0.1, Max:  0.2, Diff:  0.2, Sum:  0.4, Workers: 4
[4330.422s][debug][gc,phases      ] GC(255)     Dead                           Min: 0, Avg:  0.0, Max: 0, Diff: 0, Sum: 0, Workers: 4
[4330.422s][debug][gc,phases      ] GC(255)     Total                          Min: 0, Avg: 11034.8, Max: 16382, Diff: 16382, Sum: 44139, Workers: 4
[4330.422s][debug][gc,phases      ] GC(255)   ResolvedMethodTable Weak       Min:  0.0, Avg:  0.0, Max:  0.0, Diff:  0.0, Sum:  0.1, Workers: 4
[4330.422s][debug][gc,phases      ] GC(255)     Dead                           Min: 0, Avg:  0.0, Max: 0, Diff: 0, Sum: 0, Workers: 4
[4330.422s][debug][gc,phases      ] GC(255)     Total                          Min: 0, Avg: 2524.8, Max: 3699, Diff: 3699, Sum: 10099, Workers: 4
[4330.422s][debug][gc,phases      ] GC(255)   JNI Weak                       Min:  0.0, Avg:  0.0, Max:  0.0, Diff:  0.0, Sum:  0.0, Workers: 4
[4330.422s][debug][gc,phases      ] GC(255)     Dead                           Min: 0, Avg:  0.0, Max: 0, Diff: 0, Sum: 0, Workers: 4
[4330.422s][debug][gc,phases      ] GC(255)     Total                          Min: 0, Avg: 11.2, Max: 45, Diff: 45, Sum: 45, Workers: 4
[4330.422s][debug][gc,phases      ] GC(255)   StringDedup Table Weak         Min:  0.0, Avg:  0.0, Max:  0.0, Diff:  0.0, Sum:  0.0, Workers: 4
[4330.422s][debug][gc,phases      ] GC(255)     Dead                           Min: 0, Avg:  0.0, Max: 0, Diff: 0, Sum: 0, Workers: 4
[4330.422s][debug][gc,phases      ] GC(255)     Total                          Min: 0, Avg:  0.0, Max: 0, Diff: 0, Sum: 0, Workers: 4
[4330.422s][debug][gc,phases      ] GC(255)   StringDedup Requests0 Weak     Min:  0.0, Avg:  0.0, Max:  0.0, Diff:  0.0, Sum:  0.0, Workers: 4
[4330.422s][debug][gc,phases      ] GC(255)     Dead                           Min: 0, Avg:  0.0, Max: 0, Diff: 0, Sum: 0, Workers: 4
[4330.422s][debug][gc,phases      ] GC(255)     Total                          Min: 0, Avg:  0.0, Max: 0, Diff: 0, Sum: 0, Workers: 4
[4330.422s][debug][gc,phases      ] GC(255)   StringDedup Requests1 Weak     Min:  0.0, Avg:  0.0, Max:  0.0, Diff:  0.0, Sum:  0.0, Workers: 4
[4330.422s][debug][gc,phases      ] GC(255)     Dead                           Min: 0, Avg:  0.0, Max: 0, Diff: 0, Sum: 0, Workers: 4
[4330.422s][debug][gc,phases      ] GC(255)     Total                          Min: 0, Avg:  0.0, Max: 0, Diff: 0, Sum: 0, Workers: 4
[4330.422s][debug][gc,phases      ] GC(255)   Weak JFR Old Object Samples    Min:  0.0, Avg:  0.0, Max:  0.0, Diff:  0.0, Sum:  0.0, Workers: 4
[4330.422s][debug][gc,phases      ] GC(255)     Dead                           Min: 0, Avg:  0.0, Max: 0, Diff: 0, Sum: 0, Workers: 4
[4330.422s][debug][gc,phases      ] GC(255)     Total                          Min: 0, Avg:  0.0, Max: 0, Diff: 0, Sum: 0, Workers: 4
[4330.422s][debug][gc,phases      ] GC(255) Weak Processing 0.382ms
[4330.422s][debug][gc,age         ] GC(255) Desired survivor size 172490752 bytes, new threshold 15 (max threshold 15)
[4330.422s][info ][gc,heap        ] GC(255) PSYoungGen: 1917737K(1917952K)->129865K(1923072K) Eden: 1786880K(1786880K)->0K(1760256K) From: 130857K(131072K)->129865K(162816K)
[4330.422s][info ][gc,heap        ] GC(255) ParOldGen: 737694K(864256K)->737990K(864256K)
[4330.422s][info ][gc,metaspace   ] GC(255) Metaspace: 85452K(86464K)->85452K(86464K) NonClass: 73554K(74112K)->73554K(74112K) Class: 11898K(12352K)->11898K(12352K)
[4330.422s][info ][gc             ] GC(255) Pause Young (Allocation Failure) 2593M->847M(2722M) 48.529ms
[4330.422s][info ][gc,cpu         ] GC(255) User=0.17s Sys=0.00s Real=0.04s
[4330.422s][info ][safepoint      ] Safepoint "ParallelGCFailedAllocation", Time since last: 714237865 ns, Reaching safepoint: 131703 ns, At safepoint: 48624193 ns, Total: 48755896 ns
[4331.422s][info ][safepoint      ] Safepoint "Cleanup", Time since last: 1000094495 ns, Reaching safepoint: 126703 ns, At safepoint: 5900 ns, Total: 132603 ns
[4332.422s][info ][safepoint      ] Safepoint "Cleanup", Time since last: 1000106395 ns, Reaching safepoint: 109303 ns, At safepoint: 13600 ns, Total: 122903 ns
[4332.951s][info ][gc,start       ] GC(256) Pause Young (Allocation Failure)
[4332.998s][debug][gc,phases      ] GC(256) Scavenge 46.627ms
[4332.998s][debug][gc,ref         ] GC(256) Skipped phase 1 of Reference Processing: no references
[4332.998s][debug][gc,ref         ] GC(256) ReferenceProcessor::execute queues: 1, RefProcThreadModel::Single, marks_oops_alive: false
[4332.998s][debug][gc,ref         ] GC(256) Skipped phase 3 of Reference Processing: no references
[4332.998s][debug][gc,ref         ] GC(256) ReferenceProcessor::execute queues: 1, RefProcThreadModel::Single, marks_oops_alive: false
[4332.998s][debug][gc,phases      ] GC(256) Reference Processing 0.190ms
[4332.998s][debug][gc,phases      ] GC(256)   VM Weak                        Min:  0.0, Avg:  0.0, Max:  0.0, Diff:  0.0, Sum:  0.0, Workers: 4
[4332.998s][debug][gc,phases      ] GC(256)     Dead                           Min: 0, Avg:  0.0, Max: 0, Diff: 0, Sum: 0, Workers: 4
[4332.998s][debug][gc,phases      ] GC(256)     Total                          Min: 0, Avg: 206.8, Max: 502, Diff: 502, Sum: 827, Workers: 4
[4332.998s][debug][gc,phases      ] GC(256)   ObjectSynchronizer Weak        Min:  0.0, Avg:  0.0, Max:  0.0, Diff:  0.0, Sum:  0.0, Workers: 4
[4332.998s][debug][gc,phases      ] GC(256)     Dead                           Min: 0, Avg:  0.0, Max: 0, Diff: 0, Sum: 0, Workers: 4
[4332.998s][debug][gc,phases      ] GC(256)     Total                          Min: 0, Avg: 11.2, Max: 45, Diff: 45, Sum: 45, Workers: 4
[4332.998s][debug][gc,phases      ] GC(256)   JVMTI Tag Weak OopStorage      Min:  0.0, Avg:  0.0, Max:  0.0, Diff:  0.0, Sum:  0.0, Workers: 4
[4332.998s][debug][gc,phases      ] GC(256)     Dead                           Min: 0, Avg:  0.0, Max: 0, Diff: 0, Sum: 0, Workers: 4
[4332.998s][debug][gc,phases      ] GC(256)     Total                          Min: 0, Avg:  0.0, Max: 0, Diff: 0, Sum: 0, Workers: 4
[4332.998s][debug][gc,phases      ] GC(256)   StringTable Weak               Min:  0.0, Avg:  0.1, Max:  0.1, Diff:  0.1, Sum:  0.4, Workers: 4
[4332.998s][debug][gc,phases      ] GC(256)     Dead                           Min: 0, Avg:  0.0, Max: 0, Diff: 0, Sum: 0, Workers: 4
[4332.998s][debug][gc,phases      ] GC(256)     Total                          Min: 0, Avg: 11034.8, Max: 14847, Diff: 14847, Sum: 44139, Workers: 4
[4332.998s][debug][gc,phases      ] GC(256)   ResolvedMethodTable Weak       Min:  0.0, Avg:  0.0, Max:  0.0, Diff:  0.0, Sum:  0.1, Workers: 4
[4332.998s][debug][gc,phases      ] GC(256)     Dead                           Min: 0, Avg:  0.0, Max: 0, Diff: 0, Sum: 0, Workers: 4
[4332.998s][debug][gc,phases      ] GC(256)     Total                          Min: 0, Avg: 2524.8, Max: 3520, Diff: 3520, Sum: 10099, Workers: 4
[4332.998s][debug][gc,phases      ] GC(256)   JNI Weak                       Min:  0.0, Avg:  0.0, Max:  0.0, Diff:  0.0, Sum:  0.0, Workers: 4
[4332.998s][debug][gc,phases      ] GC(256)     Dead                           Min: 0, Avg:  0.0, Max: 0, Diff: 0, Sum: 0, Workers: 4
[4332.998s][debug][gc,phases      ] GC(256)     Total                          Min: 0, Avg: 11.2, Max: 45, Diff: 45, Sum: 45, Workers: 4
[4332.998s][debug][gc,phases      ] GC(256)   StringDedup Table Weak         Min:  0.0, Avg:  0.0, Max:  0.0, Diff:  0.0, Sum:  0.0, Workers: 4
[4332.998s][debug][gc,phases      ] GC(256)     Dead                           Min: 0, Avg:  0.0, Max: 0, Diff: 0, Sum: 0, Workers: 4
[4332.998s][debug][gc,phases      ] GC(256)     Total                          Min: 0, Avg:  0.0, Max: 0, Diff: 0, Sum: 0, Workers: 4
[4332.998s][debug][gc,phases      ] GC(256)   StringDedup Requests0 Weak     Min:  0.0, Avg:  0.0, Max:  0.0, Diff:  0.0, Sum:  0.0, Workers: 4
[4332.998s][debug][gc,phases      ] GC(256)     Dead                           Min: 0, Avg:  0.0, Max: 0, Diff: 0, Sum: 0, Workers: 4
[4332.998s][debug][gc,phases      ] GC(256)     Total                          Min: 0, Avg:  0.0, Max: 0, Diff: 0, Sum: 0, Workers: 4
[4332.998s][debug][gc,phases      ] GC(256)   StringDedup Requests1 Weak     Min:  0.0, Avg:  0.0, Max:  0.0, Diff:  0.0, Sum:  0.0, Workers: 4
[4332.998s][debug][gc,phases      ] GC(256)     Dead                           Min: 0, Avg:  0.0, Max: 0, Diff: 0, Sum: 0, Workers: 4
[4332.998s][debug][gc,phases      ] GC(256)     Total                          Min: 0, Avg:  0.0, Max: 0, Diff: 0, Sum: 0, Workers: 4
[4332.998s][debug][gc,phases      ] GC(256)   Weak JFR Old Object Samples    Min:  0.0, Avg:  0.0, Max:  0.0, Diff:  0.0, Sum:  0.0, Workers: 4
[4332.998s][debug][gc,phases      ] GC(256)     Dead                           Min: 0, Avg:  0.0, Max: 0, Diff: 0, Sum: 0, Workers: 4
[4332.998s][debug][gc,phases      ] GC(256)     Total                          Min: 0, Avg:  0.0, Max: 0, Diff: 0, Sum: 0, Workers: 4
[4332.998s][debug][gc,phases      ] GC(256) Weak Processing 0.404ms
[4332.998s][debug][gc,age         ] GC(256) Desired survivor size 179306496 bytes, new threshold 15 (max threshold 15)
[4332.998s][info ][gc,heap        ] GC(256) PSYoungGen: 1890121K(1923072K)->136857K(1897472K) Eden: 1760256K(1760256K)->0K(1760256K) From: 129865K(162816K)->136857K(137216K)
[4332.998s][info ][gc,heap        ] GC(256) ParOldGen: 737990K(864256K)->739467K(864256K)
[4332.998s][info ][gc,metaspace   ] GC(256) Metaspace: 85466K(86464K)->85466K(86464K) NonClass: 73567K(74112K)->73567K(74112K) Class: 11898K(12352K)->11898K(12352K)
[4332.998s][info ][gc             ] GC(256) Pause Young (Allocation Failure) 2566M->855M(2697M) 47.375ms
[4332.998s][info ][gc,cpu         ] GC(256) User=0.17s Sys=0.00s Real=0.05s
[4332.999s][info ][safepoint      ] Safepoint "ParallelGCFailedAllocation", Time since last: 528601990 ns, Reaching safepoint: 119302 ns, At safepoint: 47476168 ns, Total: 47595470 ns
[4334.999s][info ][safepoint      ] Safepoint "Cleanup", Time since last: 2000160189 ns, Reaching safepoint: 118903 ns, At safepoint: 11100 ns, Total: 130003 ns
[4335.999s][info ][safepoint      ] Safepoint "Cleanup", Time since last: 1000129875 ns, Reaching safepoint: 114402 ns, At safepoint: 7900 ns, Total: 122302 ns
[4336.021s][info ][gc,start       ] GC(257) Pause Young (Allocation Failure)
[4336.072s][debug][gc,phases      ] GC(257) Scavenge 50.709ms
[4336.072s][debug][gc,ref         ] GC(257) Skipped phase 1 of Reference Processing: no references
[4336.072s][debug][gc,ref         ] GC(257) ReferenceProcessor::execute queues: 1, RefProcThreadModel::Single, marks_oops_alive: false
[4336.072s][debug][gc,ref         ] GC(257) Skipped phase 3 of Reference Processing: no references
[4336.072s][debug][gc,ref         ] GC(257) ReferenceProcessor::execute queues: 1, RefProcThreadModel::Single, marks_oops_alive: false
[4336.072s][debug][gc,phases      ] GC(257) Reference Processing 0.127ms
[4336.073s][debug][gc,phases      ] GC(257)   VM Weak                        Min:  0.0, Avg:  0.0, Max:  0.0, Diff:  0.0, Sum:  0.0, Workers: 4
[4336.073s][debug][gc,phases      ] GC(257)     Dead                           Min: 0, Avg:  0.0, Max: 0, Diff: 0, Sum: 0, Workers: 4
[4336.073s][debug][gc,phases      ] GC(257)     Total                          Min: 0, Avg: 206.8, Max: 328, Diff: 328, Sum: 827, Workers: 4
[4336.073s][debug][gc,phases      ] GC(257)   ObjectSynchronizer Weak        Min:  0.0, Avg:  0.0, Max:  0.0, Diff:  0.0, Sum:  0.0, Workers: 4
[4336.073s][debug][gc,phases      ] GC(257)     Dead                           Min: 0, Avg:  0.0, Max: 0, Diff: 0, Sum: 0, Workers: 4
[4336.073s][debug][gc,phases      ] GC(257)     Total                          Min: 0, Avg: 11.2, Max: 45, Diff: 45, Sum: 45, Workers: 4
[4336.073s][debug][gc,phases      ] GC(257)   JVMTI Tag Weak OopStorage      Min:  0.0, Avg:  0.0, Max:  0.0, Diff:  0.0, Sum:  0.0, Workers: 4
[4336.073s][debug][gc,phases      ] GC(257)     Dead                           Min: 0, Avg:  0.0, Max: 0, Diff: 0, Sum: 0, Workers: 4
[4336.073s][debug][gc,phases      ] GC(257)     Total                          Min: 0, Avg:  0.0, Max: 0, Diff: 0, Sum: 0, Workers: 4
[4336.073s][debug][gc,phases      ] GC(257)   StringTable Weak               Min:  0.0, Avg:  0.1, Max:  0.2, Diff:  0.2, Sum:  0.4, Workers: 4
[4336.073s][debug][gc,phases      ] GC(257)     Dead                           Min: 0, Avg:  0.0, Max: 0, Diff: 0, Sum: 0, Workers: 4
[4336.073s][debug][gc,phases      ] GC(257)     Total                          Min: 0, Avg: 11035.0, Max: 15808, Diff: 15808, Sum: 44140, Workers: 4
[4336.073s][debug][gc,phases      ] GC(257)   ResolvedMethodTable Weak       Min:  0.0, Avg:  0.0, Max:  0.0, Diff:  0.0, Sum:  0.1, Workers: 4
[4336.073s][debug][gc,phases      ] GC(257)     Dead                           Min: 0, Avg:  0.0, Max: 0, Diff: 0, Sum: 0, Workers: 4
[4336.073s][debug][gc,phases      ] GC(257)     Total                          Min: 0, Avg: 2524.8, Max: 3456, Diff: 3456, Sum: 10099, Workers: 4
[4336.073s][debug][gc,phases      ] GC(257)   JNI Weak                       Min:  0.0, Avg:  0.0, Max:  0.0, Diff:  0.0, Sum:  0.0, Workers: 4
[4336.073s][debug][gc,phases      ] GC(257)     Dead                           Min: 0, Avg:  0.0, Max: 0, Diff: 0, Sum: 0, Workers: 4
[4336.073s][debug][gc,phases      ] GC(257)     Total                          Min: 0, Avg: 11.2, Max: 45, Diff: 45, Sum: 45, Workers: 4
[4336.073s][debug][gc,phases      ] GC(257)   StringDedup Table Weak         Min:  0.0, Avg:  0.0, Max:  0.0, Diff:  0.0, Sum:  0.0, Workers: 4
[4336.073s][debug][gc,phases      ] GC(257)     Dead                           Min: 0, Avg:  0.0, Max: 0, Diff: 0, Sum: 0, Workers: 4
[4336.073s][debug][gc,phases      ] GC(257)     Total                          Min: 0, Avg:  0.0, Max: 0, Diff: 0, Sum: 0, Workers: 4
[4336.073s][debug][gc,phases      ] GC(257)   StringDedup Requests0 Weak     Min:  0.0, Avg:  0.0, Max:  0.0, Diff:  0.0, Sum:  0.0, Workers: 4
[4336.073s][debug][gc,phases      ] GC(257)     Dead                           Min: 0, Avg:  0.0, Max: 0, Diff: 0, Sum: 0, Workers: 4
[4336.073s][debug][gc,phases      ] GC(257)     Total                          Min: 0, Avg:  0.0, Max: 0, Diff: 0, Sum: 0, Workers: 4
[4336.073s][debug][gc,phases      ] GC(257)   StringDedup Requests1 Weak     Min:  0.0, Avg:  0.0, Max:  0.0, Diff:  0.0, Sum:  0.0, Workers: 4
[4336.073s][debug][gc,phases      ] GC(257)     Dead                           Min: 0, Avg:  0.0, Max: 0, Diff: 0, Sum: 0, Workers: 4
[4336.073s][debug][gc,phases      ] GC(257)     Total                          Min: 0, Avg:  0.0, Max: 0, Diff: 0, Sum: 0, Workers: 4
[4336.073s][debug][gc,phases      ] GC(257)   Weak JFR Old Object Samples    Min:  0.0, Avg:  0.0, Max:  0.0, Diff:  0.0, Sum:  0.0, Workers: 4
[4336.073s][debug][gc,phases      ] GC(257)     Dead                           Min: 0, Avg:  0.0, Max: 0, Diff: 0, Sum: 0, Workers: 4
[4336.073s][debug][gc,phases      ] GC(257)     Total                          Min: 0, Avg:  0.0, Max: 0, Diff: 0, Sum: 0, Workers: 4
[4336.073s][debug][gc,phases      ] GC(257) Weak Processing 0.396ms
[4336.073s][debug][gc,age         ] GC(257) Desired survivor size 184549376 bytes, new threshold 15 (max threshold 15)
[4336.073s][info ][gc,heap        ] GC(257) PSYoungGen: 1897113K(1897472K)->136521K(1911808K) Eden: 1760256K(1760256K)->0K(1736704K) From: 136857K(137216K)->136521K(175104K)
[4336.073s][info ][gc,heap        ] GC(257) ParOldGen: 739467K(864256K)->745361K(864256K)
[4336.073s][info ][gc,metaspace   ] GC(257) Metaspace: 85468K(86464K)->85468K(86464K) NonClass: 73569K(74112K)->73569K(74112K) Class: 11898K(12352K)->11898K(12352K)
[4336.073s][info ][gc             ] GC(257) Pause Young (Allocation Failure) 2574M->861M(2711M) 51.382ms
[4336.073s][info ][gc,cpu         ] GC(257) User=0.17s Sys=0.00s Real=0.06s
[4336.073s][info ][safepoint      ] Safepoint "ParallelGCFailedAllocation", Time since last: 22298699 ns, Reaching safepoint: 22900 ns, At safepoint: 51464451 ns, Total: 51487351 ns
[4337.073s][info ][safepoint      ] Safepoint "Cleanup", Time since last: 1000083156 ns, Reaching safepoint: 49301 ns, At safepoint: 3000 ns, Total: 52301 ns
[4338.073s][info ][safepoint      ] Safepoint "Cleanup", Time since last: 1000129758 ns, Reaching safepoint: 125903 ns, At safepoint: 10700 ns, Total: 136603 ns
[4339.010s][info ][gc,start       ] GC(258) Pause Young (Allocation Failure)
[4339.079s][debug][gc,phases      ] GC(258) Scavenge 68.503ms
[4339.079s][debug][gc,ref         ] GC(258) Skipped phase 1 of Reference Processing: no references
[4339.079s][debug][gc,ref         ] GC(258) ReferenceProcessor::execute queues: 1, RefProcThreadModel::Single, marks_oops_alive: false
[4339.079s][debug][gc,ref         ] GC(258) Skipped phase 3 of Reference Processing: no references
[4339.079s][debug][gc,ref         ] GC(258) ReferenceProcessor::execute queues: 1, RefProcThreadModel::Single, marks_oops_alive: false
[4339.079s][debug][gc,phases      ] GC(258) Reference Processing 0.167ms
[4339.079s][debug][gc,phases      ] GC(258)   VM Weak                        Min:  0.0, Avg:  0.0, Max:  0.0, Diff:  0.0, Sum:  0.0, Workers: 4
[4339.079s][debug][gc,phases      ] GC(258)     Dead                           Min: 0, Avg:  0.0, Max: 0, Diff: 0, Sum: 0, Workers: 4
[4339.079s][debug][gc,phases      ] GC(258)     Total                          Min: 0, Avg: 206.8, Max: 435, Diff: 435, Sum: 827, Workers: 4
[4339.079s][debug][gc,phases      ] GC(258)   ObjectSynchronizer Weak        Min:  0.0, Avg:  0.0, Max:  0.0, Diff:  0.0, Sum:  0.0, Workers: 4
[4339.079s][debug][gc,phases      ] GC(258)     Dead                           Min: 0, Avg:  0.0, Max: 0, Diff: 0, Sum: 0, Workers: 4
[4339.079s][debug][gc,phases      ] GC(258)     Total                          Min: 0, Avg: 11.2, Max: 45, Diff: 45, Sum: 45, Workers: 4
[4339.079s][debug][gc,phases      ] GC(258)   JVMTI Tag Weak OopStorage      Min:  0.0, Avg:  0.0, Max:  0.0, Diff:  0.0, Sum:  0.0, Workers: 4
[4339.079s][debug][gc,phases      ] GC(258)     Dead                           Min: 0, Avg:  0.0, Max: 0, Diff: 0, Sum: 0, Workers: 4
[4339.079s][debug][gc,phases      ] GC(258)     Total                          Min: 0, Avg:  0.0, Max: 0, Diff: 0, Sum: 0, Workers: 4
[4339.079s][debug][gc,phases      ] GC(258)   StringTable Weak               Min:  0.0, Avg:  0.1, Max:  0.2, Diff:  0.2, Sum:  0.5, Workers: 4
[4339.079s][debug][gc,phases      ] GC(258)     Dead                           Min: 0, Avg:  0.0, Max: 0, Diff: 0, Sum: 0, Workers: 4
[4339.079s][debug][gc,phases      ] GC(258)     Total                          Min: 0, Avg: 11035.0, Max: 17214, Diff: 17214, Sum: 44140, Workers: 4
[4339.079s][debug][gc,phases      ] GC(258)   ResolvedMethodTable Weak       Min:  0.0, Avg:  0.0, Max:  0.0, Diff:  0.0, Sum:  0.1, Workers: 4
[4339.079s][debug][gc,phases      ] GC(258)     Dead                           Min: 0, Avg:  0.0, Max: 0, Diff: 0, Sum: 0, Workers: 4
[4339.079s][debug][gc,phases      ] GC(258)     Total                          Min: 0, Avg: 2524.8, Max: 3699, Diff: 3699, Sum: 10099, Workers: 4
[4339.079s][debug][gc,phases      ] GC(258)   JNI Weak                       Min:  0.0, Avg:  0.0, Max:  0.0, Diff:  0.0, Sum:  0.0, Workers: 4
[4339.079s][debug][gc,phases      ] GC(258)     Dead                           Min: 0, Avg:  0.0, Max: 0, Diff: 0, Sum: 0, Workers: 4
[4339.079s][debug][gc,phases      ] GC(258)     Total                          Min: 0, Avg: 11.2, Max: 45, Diff: 45, Sum: 45, Workers: 4
[4339.079s][debug][gc,phases      ] GC(258)   StringDedup Table Weak         Min:  0.0, Avg:  0.0, Max:  0.0, Diff:  0.0, Sum:  0.0, Workers: 4
[4339.079s][debug][gc,phases      ] GC(258)     Dead                           Min: 0, Avg:  0.0, Max: 0, Diff: 0, Sum: 0, Workers: 4
[4339.079s][debug][gc,phases      ] GC(258)     Total                          Min: 0, Avg:  0.0, Max: 0, Diff: 0, Sum: 0, Workers: 4
[4339.079s][debug][gc,phases      ] GC(258)   StringDedup Requests0 Weak     Min:  0.0, Avg:  0.0, Max:  0.0, Diff:  0.0, Sum:  0.0, Workers: 4
[4339.079s][debug][gc,phases      ] GC(258)     Dead                           Min: 0, Avg:  0.0, Max: 0, Diff: 0, Sum: 0, Workers: 4
[4339.079s][debug][gc,phases      ] GC(258)     Total                          Min: 0, Avg:  0.0, Max: 0, Diff: 0, Sum: 0, Workers: 4
[4339.079s][debug][gc,phases      ] GC(258)   StringDedup Requests1 Weak     Min:  0.0, Avg:  0.0, Max:  0.0, Diff:  0.0, Sum:  0.0, Workers: 4
[4339.079s][debug][gc,phases      ] GC(258)     Dead                           Min: 0, Avg:  0.0, Max: 0, Diff: 0, Sum: 0, Workers: 4
[4339.079s][debug][gc,phases      ] GC(258)     Total                          Min: 0, Avg:  0.0, Max: 0, Diff: 0, Sum: 0, Workers: 4
[4339.079s][debug][gc,phases      ] GC(258)   Weak JFR Old Object Samples    Min:  0.0, Avg:  0.0, Max:  0.0, Diff:  0.0, Sum:  0.0, Workers: 4
[4339.079s][debug][gc,phases      ] GC(258)     Dead                           Min: 0, Avg:  0.0, Max: 0, Diff: 0, Sum: 0, Workers: 4
[4339.079s][debug][gc,phases      ] GC(258)     Total                          Min: 0, Avg:  0.0, Max: 0, Diff: 0, Sum: 0, Workers: 4
[4339.079s][debug][gc,phases      ] GC(258) Weak Processing 0.442ms
[4339.080s][debug][gc,age         ] GC(258) Desired survivor size 188219392 bytes, new threshold 15 (max threshold 15)
[4339.080s][info ][gc,heap        ] GC(258) PSYoungGen: 1873225K(1911808K)->136794K(1873920K) Eden: 1736704K(1736704K)->0K(1736704K) From: 136521K(175104K)->136794K(137216K)
[4339.080s][info ][gc,heap        ] GC(258) ParOldGen: 745361K(864256K)->749936K(864256K)
[4339.080s][info ][gc,metaspace   ] GC(258) Metaspace: 85473K(86464K)->85473K(86464K) NonClass: 73574K(74112K)->73574K(74112K) Class: 11898K(12352K)->11898K(12352K)
[4339.080s][info ][gc             ] GC(258) Pause Young (Allocation Failure) 2557M->865M(2674M) 69.281ms
[4339.080s][info ][gc,cpu         ] GC(258) User=0.16s Sys=0.01s Real=0.07s
[4339.080s][info ][safepoint      ] Safepoint "ParallelGCFailedAllocation", Time since last: 936854143 ns, Reaching safepoint: 134903 ns, At safepoint: 69377051 ns, Total: 69511954 ns
[4340.080s][info ][safepoint      ] Safepoint "Cleanup", Time since last: 1000092656 ns, Reaching safepoint: 74402 ns, At safepoint: 4300 ns, Total: 78702 ns
[4341.961s][info ][safepoint      ] Safepoint "Cleanup", Time since last: 1881339856 ns, Reaching safepoint: 129103 ns, At safepoint: 5300 ns, Total: 134403 ns
[4343.962s][info ][safepoint      ] Safepoint "Cleanup", Time since last: 2000191553 ns, Reaching safepoint: 129403 ns, At safepoint: 6000 ns, Total: 135403 ns
[4344.962s][info ][safepoint      ] Safepoint "Cleanup", Time since last: 1000125133 ns, Reaching safepoint: 163504 ns, At safepoint: 12400 ns, Total: 175904 ns
[4345.049s][info ][gc,start       ] GC(259) Pause Young (Allocation Failure)
[4345.101s][debug][gc,phases      ] GC(259) Scavenge 51.880ms
[4345.101s][debug][gc,ref         ] GC(259) Skipped phase 1 of Reference Processing: no references
[4345.101s][debug][gc,ref         ] GC(259) ReferenceProcessor::execute queues: 1, RefProcThreadModel::Single, marks_oops_alive: false
[4345.101s][debug][gc,ref         ] GC(259) Skipped phase 3 of Reference Processing: no references
[4345.101s][debug][gc,ref         ] GC(259) ReferenceProcessor::execute queues: 1, RefProcThreadModel::Single, marks_oops_alive: false
[4345.101s][debug][gc,phases      ] GC(259) Reference Processing 0.128ms
[4345.101s][debug][gc,phases      ] GC(259)   VM Weak                        Min:  0.0, Avg:  0.0, Max:  0.0, Diff:  0.0, Sum:  0.0, Workers: 4
[4345.101s][debug][gc,phases      ] GC(259)     Dead                           Min: 0, Avg:  0.0, Max: 0, Diff: 0, Sum: 0, Workers: 4
[4345.101s][debug][gc,phases      ] GC(259)     Total                          Min: 0, Avg: 206.8, Max: 571, Diff: 571, Sum: 827, Workers: 4
[4345.101s][debug][gc,phases      ] GC(259)   ObjectSynchronizer Weak        Min:  0.0, Avg:  0.0, Max:  0.0, Diff:  0.0, Sum:  0.0, Workers: 4
[4345.101s][debug][gc,phases      ] GC(259)     Dead                           Min: 0, Avg:  0.0, Max: 0, Diff: 0, Sum: 0, Workers: 4
[4345.101s][debug][gc,phases      ] GC(259)     Total                          Min: 0, Avg: 11.2, Max: 45, Diff: 45, Sum: 45, Workers: 4
[4345.101s][debug][gc,phases      ] GC(259)   JVMTI Tag Weak OopStorage      Min:  0.0, Avg:  0.0, Max:  0.0, Diff:  0.0, Sum:  0.0, Workers: 4
[4345.101s][debug][gc,phases      ] GC(259)     Dead                           Min: 0, Avg:  0.0, Max: 0, Diff: 0, Sum: 0, Workers: 4
[4345.101s][debug][gc,phases      ] GC(259)     Total                          Min: 0, Avg:  0.0, Max: 0, Diff: 0, Sum: 0, Workers: 4
[4345.101s][debug][gc,phases      ] GC(259)   StringTable Weak               Min:  0.0, Avg:  0.1, Max:  0.1, Diff:  0.1, Sum:  0.4, Workers: 4
[4345.101s][debug][gc,phases      ] GC(259)     Dead                           Min: 0, Avg:  0.0, Max: 0, Diff: 0, Sum: 0, Workers: 4
[4345.101s][debug][gc,phases      ] GC(259)     Total                          Min: 0, Avg: 11035.0, Max: 16301, Diff: 16301, Sum: 44140, Workers: 4
[4345.101s][debug][gc,phases      ] GC(259)   ResolvedMethodTable Weak       Min:  0.0, Avg:  0.0, Max:  0.0, Diff:  0.0, Sum:  0.1, Workers: 4
[4345.101s][debug][gc,phases      ] GC(259)     Dead                           Min: 0, Avg:  0.0, Max: 0, Diff: 0, Sum: 0, Workers: 4
[4345.101s][debug][gc,phases      ] GC(259)     Total                          Min: 0, Avg: 2524.8, Max: 4083, Diff: 4083, Sum: 10099, Workers: 4
[4345.101s][debug][gc,phases      ] GC(259)   JNI Weak                       Min:  0.0, Avg:  0.0, Max:  0.0, Diff:  0.0, Sum:  0.0, Workers: 4
[4345.101s][debug][gc,phases      ] GC(259)     Dead                           Min: 0, Avg:  0.0, Max: 0, Diff: 0, Sum: 0, Workers: 4
[4345.101s][debug][gc,phases      ] GC(259)     Total                          Min: 0, Avg: 11.2, Max: 45, Diff: 45, Sum: 45, Workers: 4
[4345.101s][debug][gc,phases      ] GC(259)   StringDedup Table Weak         Min:  0.0, Avg:  0.0, Max:  0.0, Diff:  0.0, Sum:  0.0, Workers: 4
[4345.101s][debug][gc,phases      ] GC(259)     Dead                           Min: 0, Avg:  0.0, Max: 0, Diff: 0, Sum: 0, Workers: 4
[4345.101s][debug][gc,phases      ] GC(259)     Total                          Min: 0, Avg:  0.0, Max: 0, Diff: 0, Sum: 0, Workers: 4
[4345.101s][debug][gc,phases      ] GC(259)   StringDedup Requests0 Weak     Min:  0.0, Avg:  0.0, Max:  0.0, Diff:  0.0, Sum:  0.0, Workers: 4
[4345.101s][debug][gc,phases      ] GC(259)     Dead                           Min: 0, Avg:  0.0, Max: 0, Diff: 0, Sum: 0, Workers: 4
[4345.101s][debug][gc,phases      ] GC(259)     Total                          Min: 0, Avg:  0.0, Max: 0, Diff: 0, Sum: 0, Workers: 4
[4345.101s][debug][gc,phases      ] GC(259)   StringDedup Requests1 Weak     Min:  0.0, Avg:  0.0, Max:  0.0, Diff:  0.0, Sum:  0.0, Workers: 4
[4345.101s][debug][gc,phases      ] GC(259)     Dead                           Min: 0, Avg:  0.0, Max: 0, Diff: 0, Sum: 0, Workers: 4
[4345.101s][debug][gc,phases      ] GC(259)     Total                          Min: 0, Avg:  0.0, Max: 0, Diff: 0, Sum: 0, Workers: 4
[4345.101s][debug][gc,phases      ] GC(259)   Weak JFR Old Object Samples    Min:  0.0, Avg:  0.0, Max:  0.0, Diff:  0.0, Sum:  0.0, Workers: 4
[4345.101s][debug][gc,phases      ] GC(259)     Dead                           Min: 0, Avg:  0.0, Max: 0, Diff: 0, Sum: 0, Workers: 4
[4345.101s][debug][gc,phases      ] GC(259)     Total                          Min: 0, Avg:  0.0, Max: 0, Diff: 0, Sum: 0, Workers: 4
[4345.101s][debug][gc,phases      ] GC(259) Weak Processing 0.372ms
[4345.101s][debug][gc,age         ] GC(259) Desired survivor size 189792256 bytes, new threshold 15 (max threshold 15)
[4345.101s][info ][gc,heap        ] GC(259) PSYoungGen: 1873498K(1873920K)->133386K(1910272K) Eden: 1736704K(1736704K)->0K(1726464K) From: 136794K(137216K)->133386K(183808K)
[4345.101s][info ][gc,heap        ] GC(259) ParOldGen: 749936K(864256K)->756778K(864256K)
[4345.101s][info ][gc,metaspace   ] GC(259) Metaspace: 85479K(86464K)->85479K(86464K) NonClass: 73580K(74112K)->73580K(74112K) Class: 11898K(12352K)->11898K(12352K)
[4345.101s][info ][gc             ] GC(259) Pause Young (Allocation Failure) 2561M->869M(2709M) 52.534ms
[4345.101s][info ][gc,cpu         ] GC(259) User=0.18s Sys=0.01s Real=0.05s
[4345.101s][info ][safepoint      ] Safepoint "ParallelGCFailedAllocation", Time since last: 86695370 ns, Reaching safepoint: 116103 ns, At safepoint: 52623296 ns, Total: 52739399 ns
[4346.103s][info ][safepoint      ] Safepoint "Cleanup", Time since last: 1001040153 ns, Reaching safepoint: 158004 ns, At safepoint: 8700 ns, Total: 166704 ns
[4347.103s][info ][safepoint      ] Safepoint "Cleanup", Time since last: 1000110032 ns, Reaching safepoint: 131903 ns, At safepoint: 10901 ns, Total: 142804 ns
[4347.817s][info ][gc,start       ] GC(260) Pause Young (Allocation Failure)
[4347.864s][debug][gc,phases      ] GC(260) Scavenge 47.651ms
[4347.864s][debug][gc,ref         ] GC(260) Skipped phase 1 of Reference Processing: no references
[4347.864s][debug][gc,ref         ] GC(260) ReferenceProcessor::execute queues: 1, RefProcThreadModel::Single, marks_oops_alive: false
[4347.864s][debug][gc,ref         ] GC(260) Skipped phase 3 of Reference Processing: no references
[4347.864s][debug][gc,ref         ] GC(260) ReferenceProcessor::execute queues: 1, RefProcThreadModel::Single, marks_oops_alive: false
[4347.865s][debug][gc,phases      ] GC(260) Reference Processing 0.126ms
[4347.865s][debug][gc,phases      ] GC(260)   VM Weak                        Min:  0.0, Avg:  0.0, Max:  0.0, Diff:  0.0, Sum:  0.0, Workers: 4
[4347.865s][debug][gc,phases      ] GC(260)     Dead                           Min: 0, Avg:  0.0, Max: 0, Diff: 0, Sum: 0, Workers: 4
[4347.865s][debug][gc,phases      ] GC(260)     Total                          Min: 0, Avg: 206.8, Max: 525, Diff: 525, Sum: 827, Workers: 4
[4347.865s][debug][gc,phases      ] GC(260)   ObjectSynchronizer Weak        Min:  0.0, Avg:  0.0, Max:  0.0, Diff:  0.0, Sum:  0.0, Workers: 4
[4347.865s][debug][gc,phases      ] GC(260)     Dead                           Min: 0, Avg:  0.0, Max: 0, Diff: 0, Sum: 0, Workers: 4
[4347.865s][debug][gc,phases      ] GC(260)     Total                          Min: 0, Avg: 11.2, Max: 45, Diff: 45, Sum: 45, Workers: 4
[4347.865s][debug][gc,phases      ] GC(260)   JVMTI Tag Weak OopStorage      Min:  0.0, Avg:  0.0, Max:  0.0, Diff:  0.0, Sum:  0.0, Workers: 4
[4347.865s][debug][gc,phases      ] GC(260)     Dead                           Min: 0, Avg:  0.0, Max: 0, Diff: 0, Sum: 0, Workers: 4
[4347.865s][debug][gc,phases      ] GC(260)     Total                          Min: 0, Avg:  0.0, Max: 0, Diff: 0, Sum: 0, Workers: 4
[4347.865s][debug][gc,phases      ] GC(260)   StringTable Weak               Min:  0.1, Avg:  0.1, Max:  0.1, Diff:  0.0, Sum:  0.5, Workers: 4
[4347.865s][debug][gc,phases      ] GC(260)     Dead                           Min: 0, Avg:  0.0, Max: 0, Diff: 0, Sum: 0, Workers: 4
[4347.865s][debug][gc,phases      ] GC(260)     Total                          Min: 9920, Avg: 11035.2, Max: 11583, Diff: 1663, Sum: 44141, Workers: 4
[4347.865s][debug][gc,phases      ] GC(260)   ResolvedMethodTable Weak       Min:  0.0, Avg:  0.0, Max:  0.0, Diff:  0.0, Sum:  0.1, Workers: 4
[4347.865s][debug][gc,phases      ] GC(260)     Dead                           Min: 0, Avg:  0.0, Max: 0, Diff: 0, Sum: 0, Workers: 4
[4347.865s][debug][gc,phases      ] GC(260)     Total                          Min: 2304, Avg: 2525.2, Max: 2741, Diff: 437, Sum: 10101, Workers: 4
[4347.865s][debug][gc,phases      ] GC(260)   JNI Weak                       Min:  0.0, Avg:  0.0, Max:  0.0, Diff:  0.0, Sum:  0.0, Workers: 4
[4347.865s][debug][gc,phases      ] GC(260)     Dead                           Min: 0, Avg:  0.0, Max: 0, Diff: 0, Sum: 0, Workers: 4
[4347.865s][debug][gc,phases      ] GC(260)     Total                          Min: 0, Avg: 11.2, Max: 45, Diff: 45, Sum: 45, Workers: 4
[4347.865s][debug][gc,phases      ] GC(260)   StringDedup Table Weak         Min:  0.0, Avg:  0.0, Max:  0.0, Diff:  0.0, Sum:  0.0, Workers: 4
[4347.865s][debug][gc,phases      ] GC(260)     Dead                           Min: 0, Avg:  0.0, Max: 0, Diff: 0, Sum: 0, Workers: 4
[4347.865s][debug][gc,phases      ] GC(260)     Total                          Min: 0, Avg:  0.0, Max: 0, Diff: 0, Sum: 0, Workers: 4
[4347.865s][debug][gc,phases      ] GC(260)   StringDedup Requests0 Weak     Min:  0.0, Avg:  0.0, Max:  0.0, Diff:  0.0, Sum:  0.0, Workers: 4
[4347.865s][debug][gc,phases      ] GC(260)     Dead                           Min: 0, Avg:  0.0, Max: 0, Diff: 0, Sum: 0, Workers: 4
[4347.865s][debug][gc,phases      ] GC(260)     Total                          Min: 0, Avg:  0.0, Max: 0, Diff: 0, Sum: 0, Workers: 4
[4347.865s][debug][gc,phases      ] GC(260)   StringDedup Requests1 Weak     Min:  0.0, Avg:  0.0, Max:  0.0, Diff:  0.0, Sum:  0.0, Workers: 4
[4347.865s][debug][gc,phases      ] GC(260)     Dead                           Min: 0, Avg:  0.0, Max: 0, Diff: 0, Sum: 0, Workers: 4
[4347.865s][debug][gc,phases      ] GC(260)     Total                          Min: 0, Avg:  0.0, Max: 0, Diff: 0, Sum: 0, Workers: 4
[4347.865s][debug][gc,phases      ] GC(260)   Weak JFR Old Object Samples    Min:  0.0, Avg:  0.0, Max:  0.0, Diff:  0.0, Sum:  0.0, Workers: 4
[4347.865s][debug][gc,phases      ] GC(260)     Dead                           Min: 0, Avg:  0.0, Max: 0, Diff: 0, Sum: 0, Workers: 4
[4347.865s][debug][gc,phases      ] GC(260)     Total                          Min: 0, Avg:  0.0, Max: 0, Diff: 0, Sum: 0, Workers: 4
[4347.865s][debug][gc,phases      ] GC(260) Weak Processing 0.356ms
[4347.865s][debug][gc,age         ] GC(260) Desired survivor size 191365120 bytes, new threshold 15 (max threshold 15)
[4347.865s][info ][gc,heap        ] GC(260) PSYoungGen: 1859850K(1910272K)->135834K(1862656K) Eden: 1726464K(1726464K)->0K(1726464K) From: 133386K(183808K)->135834K(136192K)
[4347.865s][info ][gc,heap        ] GC(260) ParOldGen: 756778K(864256K)->762454K(864256K)
[4347.865s][info ][gc,metaspace   ] GC(260) Metaspace: 85482K(86464K)->85482K(86464K) NonClass: 73583K(74112K)->73583K(74112K) Class: 11899K(12352K)->11899K(12352K)
[4347.865s][info ][gc             ] GC(260) Pause Young (Allocation Failure) 2555M->877M(2663M) 48.276ms
[4347.865s][info ][gc,cpu         ] GC(260) User=0.17s Sys=0.00s Real=0.05s
[4347.865s][info ][safepoint      ] Safepoint "ParallelGCFailedAllocation", Time since last: 713699522 ns, Reaching safepoint: 107702 ns, At safepoint: 48368499 ns, Total: 48476201 ns
[4349.237s][info ][safepoint      ] Safepoint "Cleanup", Time since last: 1372220791 ns, Reaching safepoint: 117202 ns, At safepoint: 12600 ns, Total: 129802 ns
[4350.238s][info ][safepoint      ] Safepoint "Cleanup", Time since last: 1000109833 ns, Reaching safepoint: 132003 ns, At safepoint: 7300 ns, Total: 139303 ns
[4350.720s][info ][gc,start       ] GC(261) Pause Young (Allocation Failure)
[4350.769s][debug][gc,phases      ] GC(261) Scavenge 49.325ms
[4350.769s][debug][gc,ref         ] GC(261) Skipped phase 1 of Reference Processing: no references
[4350.769s][debug][gc,ref         ] GC(261) ReferenceProcessor::execute queues: 1, RefProcThreadModel::Single, marks_oops_alive: false
[4350.769s][debug][gc,ref         ] GC(261) Skipped phase 3 of Reference Processing: no references
[4350.769s][debug][gc,ref         ] GC(261) ReferenceProcessor::execute queues: 1, RefProcThreadModel::Single, marks_oops_alive: false
[4350.769s][debug][gc,phases      ] GC(261) Reference Processing 0.131ms
[4350.770s][debug][gc,phases      ] GC(261)   VM Weak                        Min:  0.0, Avg:  0.0, Max:  0.0, Diff:  0.0, Sum:  0.0, Workers: 4
[4350.770s][debug][gc,phases      ] GC(261)     Dead                           Min: 0, Avg:  0.0, Max: 0, Diff: 0, Sum: 0, Workers: 4
[4350.770s][debug][gc,phases      ] GC(261)     Total                          Min: 0, Avg: 206.8, Max: 525, Diff: 525, Sum: 827, Workers: 4
[4350.770s][debug][gc,phases      ] GC(261)   ObjectSynchronizer Weak        Min:  0.0, Avg:  0.0, Max:  0.0, Diff:  0.0, Sum:  0.0, Workers: 4
[4350.770s][debug][gc,phases      ] GC(261)     Dead                           Min: 0, Avg:  0.0, Max: 0, Diff: 0, Sum: 0, Workers: 4
[4350.770s][debug][gc,phases      ] GC(261)     Total                          Min: 0, Avg: 11.2, Max: 45, Diff: 45, Sum: 45, Workers: 4
[4350.770s][debug][gc,phases      ] GC(261)   JVMTI Tag Weak OopStorage      Min:  0.0, Avg:  0.0, Max:  0.0, Diff:  0.0, Sum:  0.0, Workers: 4
[4350.770s][debug][gc,phases      ] GC(261)     Dead                           Min: 0, Avg:  0.0, Max: 0, Diff: 0, Sum: 0, Workers: 4
[4350.770s][debug][gc,phases      ] GC(261)     Total                          Min: 0, Avg:  0.0, Max: 0, Diff: 0, Sum: 0, Workers: 4
[4350.770s][debug][gc,phases      ] GC(261)   StringTable Weak               Min:  0.0, Avg:  0.1, Max:  0.1, Diff:  0.1, Sum:  0.4, Workers: 4
[4350.770s][debug][gc,phases      ] GC(261)     Dead                           Min: 0, Avg:  0.0, Max: 0, Diff: 0, Sum: 0, Workers: 4
[4350.770s][debug][gc,phases      ] GC(261)     Total                          Min: 0, Avg: 11035.2, Max: 16047, Diff: 16047, Sum: 44141, Workers: 4
[4350.770s][debug][gc,phases      ] GC(261)   ResolvedMethodTable Weak       Min:  0.0, Avg:  0.0, Max:  0.0, Diff:  0.0, Sum:  0.1, Workers: 4
[4350.770s][debug][gc,phases      ] GC(261)     Dead                           Min: 0, Avg:  0.0, Max: 0, Diff: 0, Sum: 0, Workers: 4
[4350.770s][debug][gc,phases      ] GC(261)     Total                          Min: 0, Avg: 2525.2, Max: 3648, Diff: 3648, Sum: 10101, Workers: 4
[4350.770s][debug][gc,phases      ] GC(261)   JNI Weak                       Min:  0.0, Avg:  0.0, Max:  0.0, Diff:  0.0, Sum:  0.0, Workers: 4
[4350.770s][debug][gc,phases      ] GC(261)     Dead                           Min: 0, Avg:  0.0, Max: 0, Diff: 0, Sum: 0, Workers: 4
[4350.770s][debug][gc,phases      ] GC(261)     Total                          Min: 0, Avg: 11.2, Max: 45, Diff: 45, Sum: 45, Workers: 4
[4350.770s][debug][gc,phases      ] GC(261)   StringDedup Table Weak         Min:  0.0, Avg:  0.0, Max:  0.0, Diff:  0.0, Sum:  0.0, Workers: 4
[4350.770s][debug][gc,phases      ] GC(261)     Dead                           Min: 0, Avg:  0.0, Max: 0, Diff: 0, Sum: 0, Workers: 4
[4350.770s][debug][gc,phases      ] GC(261)     Total                          Min: 0, Avg:  0.0, Max: 0, Diff: 0, Sum: 0, Workers: 4
[4350.770s][debug][gc,phases      ] GC(261)   StringDedup Requests0 Weak     Min:  0.0, Avg:  0.0, Max:  0.0, Diff:  0.0, Sum:  0.0, Workers: 4
[4350.770s][debug][gc,phases      ] GC(261)     Dead                           Min: 0, Avg:  0.0, Max: 0, Diff: 0, Sum: 0, Workers: 4
[4350.770s][debug][gc,phases      ] GC(261)     Total                          Min: 0, Avg:  0.0, Max: 0, Diff: 0, Sum: 0, Workers: 4
[4350.770s][debug][gc,phases      ] GC(261)   StringDedup Requests1 Weak     Min:  0.0, Avg:  0.0, Max:  0.0, Diff:  0.0, Sum:  0.0, Workers: 4
[4350.770s][debug][gc,phases      ] GC(261)     Dead                           Min: 0, Avg:  0.0, Max: 0, Diff: 0, Sum: 0, Workers: 4
[4350.770s][debug][gc,phases      ] GC(261)     Total                          Min: 0, Avg:  0.0, Max: 0, Diff: 0, Sum: 0, Workers: 4
[4350.770s][debug][gc,phases      ] GC(261)   Weak JFR Old Object Samples    Min:  0.0, Avg:  0.0, Max:  0.0, Diff:  0.0, Sum:  0.0, Workers: 4
[4350.770s][debug][gc,phases      ] GC(261)     Dead                           Min: 0, Avg:  0.0, Max: 0, Diff: 0, Sum: 0, Workers: 4
[4350.770s][debug][gc,phases      ] GC(261)     Total                          Min: 0, Avg:  0.0, Max: 0, Diff: 0, Sum: 0, Workers: 4
[4350.770s][debug][gc,phases      ] GC(261) Weak Processing 0.384ms
[4350.770s][debug][gc,age         ] GC(261) Desired survivor size 189267968 bytes, new threshold 15 (max threshold 15)
[4350.770s][info ][gc,heap        ] GC(261) PSYoungGen: 1862298K(1862656K)->128714K(1912320K) Eden: 1726464K(1726464K)->0K(1725440K) From: 135834K(136192K)->128714K(186880K)
[4350.770s][info ][gc,heap        ] GC(261) ParOldGen: 762454K(864256K)->771433K(864256K)
[4350.770s][info ][gc,metaspace   ] GC(261) Metaspace: 85483K(86464K)->85483K(86464K) NonClass: 73583K(74112K)->73583K(74112K) Class: 11899K(12352K)->11899K(12352K)
[4350.770s][info ][gc             ] GC(261) Pause Young (Allocation Failure) 2563M->879M(2711M) 49.988ms
[4350.770s][info ][gc,cpu         ] GC(261) User=0.16s Sys=0.00s Real=0.05s
[4350.770s][info ][safepoint      ] Safepoint "ParallelGCFailedAllocation", Time since last: 482061957 ns, Reaching safepoint: 128503 ns, At safepoint: 50069238 ns, Total: 50197741 ns
[4352.770s][info ][safepoint      ] Safepoint "Cleanup", Time since last: 2000130047 ns, Reaching safepoint: 119302 ns, At safepoint: 11501 ns, Total: 130803 ns
[4353.770s][info ][safepoint      ] Safepoint "Cleanup", Time since last: 1000123885 ns, Reaching safepoint: 111102 ns, At safepoint: 6700 ns, Total: 117802 ns
[4354.380s][info ][gc,start       ] GC(262) Pause Young (Allocation Failure)
[4354.427s][debug][gc,phases      ] GC(262) Scavenge 46.671ms
[4354.427s][debug][gc,ref         ] GC(262) Skipped phase 1 of Reference Processing: no references
[4354.427s][debug][gc,ref         ] GC(262) ReferenceProcessor::execute queues: 1, RefProcThreadModel::Single, marks_oops_alive: false
[4354.427s][debug][gc,ref         ] GC(262) Skipped phase 3 of Reference Processing: no references
[4354.427s][debug][gc,ref         ] GC(262) ReferenceProcessor::execute queues: 1, RefProcThreadModel::Single, marks_oops_alive: false
[4354.427s][debug][gc,phases      ] GC(262) Reference Processing 0.123ms
[4354.427s][debug][gc,phases      ] GC(262)   VM Weak                        Min:  0.0, Avg:  0.0, Max:  0.0, Diff:  0.0, Sum:  0.0, Workers: 4
[4354.427s][debug][gc,phases      ] GC(262)     Dead                           Min: 0, Avg:  0.0, Max: 0, Diff: 0, Sum: 0, Workers: 4
[4354.427s][debug][gc,phases      ] GC(262)     Total                          Min: 0, Avg: 206.8, Max: 374, Diff: 374, Sum: 827, Workers: 4
[4354.427s][debug][gc,phases      ] GC(262)   ObjectSynchronizer Weak        Min:  0.0, Avg:  0.0, Max:  0.0, Diff:  0.0, Sum:  0.0, Workers: 4
[4354.427s][debug][gc,phases      ] GC(262)     Dead                           Min: 0, Avg:  0.0, Max: 0, Diff: 0, Sum: 0, Workers: 4
[4354.427s][debug][gc,phases      ] GC(262)     Total                          Min: 0, Avg: 11.2, Max: 45, Diff: 45, Sum: 45, Workers: 4
[4354.427s][debug][gc,phases      ] GC(262)   JVMTI Tag Weak OopStorage      Min:  0.0, Avg:  0.0, Max:  0.0, Diff:  0.0, Sum:  0.0, Workers: 4
[4354.427s][debug][gc,phases      ] GC(262)     Dead                           Min: 0, Avg:  0.0, Max: 0, Diff: 0, Sum: 0, Workers: 4
[4354.427s][debug][gc,phases      ] GC(262)     Total                          Min: 0, Avg:  0.0, Max: 0, Diff: 0, Sum: 0, Workers: 4
[4354.427s][debug][gc,phases      ] GC(262)   StringTable Weak               Min:  0.0, Avg:  0.1, Max:  0.2, Diff:  0.2, Sum:  0.5, Workers: 4
[4354.427s][debug][gc,phases      ] GC(262)     Dead                           Min: 0, Avg:  0.0, Max: 0, Diff: 0, Sum: 0, Workers: 4
[4354.427s][debug][gc,phases      ] GC(262)     Total                          Min: 0, Avg: 11035.5, Max: 15346, Diff: 15346, Sum: 44142, Workers: 4
[4354.427s][debug][gc,phases      ] GC(262)   ResolvedMethodTable Weak       Min:  0.0, Avg:  0.0, Max:  0.0, Diff:  0.0, Sum:  0.1, Workers: 4
[4354.427s][debug][gc,phases      ] GC(262)     Dead                           Min: 0, Avg:  0.0, Max: 0, Diff: 0, Sum: 0, Workers: 4
[4354.427s][debug][gc,phases      ] GC(262)     Total                          Min: 0, Avg: 2525.2, Max: 3520, Diff: 3520, Sum: 10101, Workers: 4
[4354.427s][debug][gc,phases      ] GC(262)   JNI Weak                       Min:  0.0, Avg:  0.0, Max:  0.0, Diff:  0.0, Sum:  0.0, Workers: 4
[4354.427s][debug][gc,phases      ] GC(262)     Dead                           Min: 0, Avg:  0.0, Max: 0, Diff: 0, Sum: 0, Workers: 4
[4354.427s][debug][gc,phases      ] GC(262)     Total                          Min: 0, Avg: 11.2, Max: 45, Diff: 45, Sum: 45, Workers: 4
[4354.427s][debug][gc,phases      ] GC(262)   StringDedup Table Weak         Min:  0.0, Avg:  0.0, Max:  0.0, Diff:  0.0, Sum:  0.0, Workers: 4
[4354.427s][debug][gc,phases      ] GC(262)     Dead                           Min: 0, Avg:  0.0, Max: 0, Diff: 0, Sum: 0, Workers: 4
[4354.427s][debug][gc,phases      ] GC(262)     Total                          Min: 0, Avg:  0.0, Max: 0, Diff: 0, Sum: 0, Workers: 4
[4354.427s][debug][gc,phases      ] GC(262)   StringDedup Requests0 Weak     Min:  0.0, Avg:  0.0, Max:  0.0, Diff:  0.0, Sum:  0.0, Workers: 4
[4354.427s][debug][gc,phases      ] GC(262)     Dead                           Min: 0, Avg:  0.0, Max: 0, Diff: 0, Sum: 0, Workers: 4
[4354.427s][debug][gc,phases      ] GC(262)     Total                          Min: 0, Avg:  0.0, Max: 0, Diff: 0, Sum: 0, Workers: 4
[4354.427s][debug][gc,phases      ] GC(262)   StringDedup Requests1 Weak     Min:  0.0, Avg:  0.0, Max:  0.0, Diff:  0.0, Sum:  0.0, Workers: 4
[4354.427s][debug][gc,phases      ] GC(262)     Dead                           Min: 0, Avg:  0.0, Max: 0, Diff: 0, Sum: 0, Workers: 4
[4354.427s][debug][gc,phases      ] GC(262)     Total                          Min: 0, Avg:  0.0, Max: 0, Diff: 0, Sum: 0, Workers: 4
[4354.427s][debug][gc,phases      ] GC(262)   Weak JFR Old Object Samples    Min:  0.0, Avg:  0.0, Max:  0.0, Diff:  0.0, Sum:  0.0, Workers: 4
[4354.427s][debug][gc,phases      ] GC(262)     Dead                           Min: 0, Avg:  0.0, Max: 0, Diff: 0, Sum: 0, Workers: 4
[4354.427s][debug][gc,phases      ] GC(262)     Total                          Min: 0, Avg:  0.0, Max: 0, Diff: 0, Sum: 0, Workers: 4
[4354.427s][debug][gc,phases      ] GC(262) Weak Processing 0.410ms
[4354.427s][debug][gc,age         ] GC(262) Desired survivor size 185597952 bytes, new threshold 15 (max threshold 15)
[4354.427s][info ][gc,heap        ] GC(262) PSYoungGen: 1854154K(1912320K)->124874K(1910272K) Eden: 1725440K(1725440K)->0K(1725440K) From: 128714K(186880K)->124874K(184832K)
[4354.427s][info ][gc,heap        ] GC(262) ParOldGen: 771433K(864256K)->781548K(864256K)
[4354.428s][info ][gc,metaspace   ] GC(262) Metaspace: 85487K(86464K)->85487K(86464K) NonClass: 73587K(74112K)->73587K(74112K) Class: 11900K(12352K)->11900K(12352K)
[4354.428s][info ][gc             ] GC(262) Pause Young (Allocation Failure) 2564M->885M(2709M) 47.356ms
[4354.428s][info ][gc,cpu         ] GC(262) User=0.16s Sys=0.01s Real=0.05s
[4354.428s][info ][safepoint      ] Safepoint "ParallelGCFailedAllocation", Time since last: 609741348 ns, Reaching safepoint: 53401 ns, At safepoint: 47443162 ns, Total: 47496563 ns
[4355.428s][info ][safepoint      ] Safepoint "Cleanup", Time since last: 1000091084 ns, Reaching safepoint: 70701 ns, At safepoint: 21801 ns, Total: 92502 ns
[4356.428s][info ][safepoint      ] Safepoint "Cleanup", Time since last: 1000123585 ns, Reaching safepoint: 115002 ns, At safepoint: 11201 ns, Total: 126203 ns
[4357.428s][info ][safepoint      ] Safepoint "Cleanup", Time since last: 1000118484 ns, Reaching safepoint: 81802 ns, At safepoint: 11300 ns, Total: 93102 ns
[4357.954s][info ][gc,start       ] GC(263) Pause Young (Allocation Failure)
[4358.002s][debug][gc,phases      ] GC(263) Scavenge 47.451ms
[4358.002s][debug][gc,ref         ] GC(263) Skipped phase 1 of Reference Processing: no references
[4358.002s][debug][gc,ref         ] GC(263) ReferenceProcessor::execute queues: 1, RefProcThreadModel::Single, marks_oops_alive: false
[4358.002s][debug][gc,ref         ] GC(263) Skipped phase 3 of Reference Processing: no references
[4358.002s][debug][gc,ref         ] GC(263) ReferenceProcessor::execute queues: 1, RefProcThreadModel::Single, marks_oops_alive: false
[4358.002s][debug][gc,phases      ] GC(263) Reference Processing 0.134ms
[4358.002s][debug][gc,phases      ] GC(263)   VM Weak                        Min:  0.0, Avg:  0.0, Max:  0.0, Diff:  0.0, Sum:  0.0, Workers: 4
[4358.002s][debug][gc,phases      ] GC(263)     Dead                           Min: 0, Avg:  0.0, Max: 0, Diff: 0, Sum: 0, Workers: 4
[4358.002s][debug][gc,phases      ] GC(263)     Total                          Min: 0, Avg: 206.8, Max: 635, Diff: 635, Sum: 827, Workers: 4
[4358.002s][debug][gc,phases      ] GC(263)   ObjectSynchronizer Weak        Min:  0.0, Avg:  0.0, Max:  0.0, Diff:  0.0, Sum:  0.0, Workers: 4
[4358.002s][debug][gc,phases      ] GC(263)     Dead                           Min: 0, Avg:  0.0, Max: 0, Diff: 0, Sum: 0, Workers: 4
[4358.002s][debug][gc,phases      ] GC(263)     Total                          Min: 0, Avg: 11.2, Max: 45, Diff: 45, Sum: 45, Workers: 4
[4358.002s][debug][gc,phases      ] GC(263)   JVMTI Tag Weak OopStorage      Min:  0.0, Avg:  0.0, Max:  0.0, Diff:  0.0, Sum:  0.0, Workers: 4
[4358.002s][debug][gc,phases      ] GC(263)     Dead                           Min: 0, Avg:  0.0, Max: 0, Diff: 0, Sum: 0, Workers: 4
[4358.002s][debug][gc,phases      ] GC(263)     Total                          Min: 0, Avg:  0.0, Max: 0, Diff: 0, Sum: 0, Workers: 4
[4358.002s][debug][gc,phases      ] GC(263)   StringTable Weak               Min:  0.0, Avg:  0.1, Max:  0.2, Diff:  0.2, Sum:  0.5, Workers: 4
[4358.002s][debug][gc,phases      ] GC(263)     Dead                           Min: 0, Avg:  0.0, Max: 0, Diff: 0, Sum: 0, Workers: 4
[4358.002s][debug][gc,phases      ] GC(263)     Total                          Min: 0, Avg: 11035.5, Max: 15680, Diff: 15680, Sum: 44142, Workers: 4
[4358.002s][debug][gc,phases      ] GC(263)   ResolvedMethodTable Weak       Min:  0.0, Avg:  0.0, Max:  0.0, Diff:  0.0, Sum:  0.1, Workers: 4
[4358.002s][debug][gc,phases      ] GC(263)     Dead                           Min: 0, Avg:  0.0, Max: 0, Diff: 0, Sum: 0, Workers: 4
[4358.002s][debug][gc,phases      ] GC(263)     Total                          Min: 0, Avg: 2525.2, Max: 3701, Diff: 3701, Sum: 10101, Workers: 4
[4358.002s][debug][gc,phases      ] GC(263)   JNI Weak                       Min:  0.0, Avg:  0.0, Max:  0.0, Diff:  0.0, Sum:  0.0, Workers: 4
[4358.002s][debug][gc,phases      ] GC(263)     Dead                           Min: 0, Avg:  0.0, Max: 0, Diff: 0, Sum: 0, Workers: 4
[4358.002s][debug][gc,phases      ] GC(263)     Total                          Min: 0, Avg: 11.2, Max: 45, Diff: 45, Sum: 45, Workers: 4
[4358.002s][debug][gc,phases      ] GC(263)   StringDedup Table Weak         Min:  0.0, Avg:  0.0, Max:  0.0, Diff:  0.0, Sum:  0.0, Workers: 4
[4358.002s][debug][gc,phases      ] GC(263)     Dead                           Min: 0, Avg:  0.0, Max: 0, Diff: 0, Sum: 0, Workers: 4
[4358.002s][debug][gc,phases      ] GC(263)     Total                          Min: 0, Avg:  0.0, Max: 0, Diff: 0, Sum: 0, Workers: 4
[4358.002s][debug][gc,phases      ] GC(263)   StringDedup Requests0 Weak     Min:  0.0, Avg:  0.0, Max:  0.0, Diff:  0.0, Sum:  0.0, Workers: 4
[4358.002s][debug][gc,phases      ] GC(263)     Dead                           Min: 0, Avg:  0.0, Max: 0, Diff: 0, Sum: 0, Workers: 4
[4358.002s][debug][gc,phases      ] GC(263)     Total                          Min: 0, Avg:  0.0, Max: 0, Diff: 0, Sum: 0, Workers: 4
[4358.002s][debug][gc,phases      ] GC(263)   StringDedup Requests1 Weak     Min:  0.0, Avg:  0.0, Max:  0.0, Diff:  0.0, Sum:  0.0, Workers: 4
[4358.002s][debug][gc,phases      ] GC(263)     Dead                           Min: 0, Avg:  0.0, Max: 0, Diff: 0, Sum: 0, Workers: 4
[4358.002s][debug][gc,phases      ] GC(263)     Total                          Min: 0, Avg:  0.0, Max: 0, Diff: 0, Sum: 0, Workers: 4
[4358.002s][debug][gc,phases      ] GC(263)   Weak JFR Old Object Samples    Min:  0.0, Avg:  0.0, Max:  0.0, Diff:  0.0, Sum:  0.0, Workers: 4
[4358.002s][debug][gc,phases      ] GC(263)     Dead                           Min: 0, Avg:  0.0, Max: 0, Diff: 0, Sum: 0, Workers: 4
[4358.002s][debug][gc,phases      ] GC(263)     Total                          Min: 0, Avg:  0.0, Max: 0, Diff: 0, Sum: 0, Workers: 4
[4358.002s][debug][gc,phases      ] GC(263) Weak Processing 0.396ms
[4358.002s][debug][gc,age         ] GC(263) Desired survivor size 180355072 bytes, new threshold 15 (max threshold 15)
[4358.002s][info ][gc,heap        ] GC(263) PSYoungGen: 1850314K(1910272K)->120842K(1921024K) Eden: 1725440K(1725440K)->0K(1739776K) From: 124874K(184832K)->120842K(181248K)
[4358.002s][info ][gc,heap        ] GC(263) ParOldGen: 781548K(864256K)->789657K(864256K)
[4358.002s][info ][gc,metaspace   ] GC(263) Metaspace: 85487K(86464K)->85487K(86464K) NonClass: 73587K(74112K)->73587K(74112K) Class: 11900K(12352K)->11900K(12352K)
[4358.002s][info ][gc             ] GC(263) Pause Young (Allocation Failure) 2570M->889M(2720M) 48.115ms
[4358.002s][info ][gc,cpu         ] GC(263) User=0.17s Sys=0.00s Real=0.04s
[4358.002s][info ][safepoint      ] Safepoint "ParallelGCFailedAllocation", Time since last: 525774168 ns, Reaching safepoint: 128003 ns, At safepoint: 48195479 ns, Total: 48323482 ns
[4362.003s][info ][safepoint      ] Safepoint "Cleanup", Time since last: 4000284097 ns, Reaching safepoint: 116203 ns, At safepoint: 5900 ns, Total: 122103 ns
[4363.003s][info ][safepoint      ] Safepoint "Cleanup", Time since last: 1000142327 ns, Reaching safepoint: 95502 ns, At safepoint: 8600 ns, Total: 104102 ns
[4364.003s][info ][safepoint      ] Safepoint "Cleanup", Time since last: 1000104726 ns, Reaching safepoint: 120903 ns, At safepoint: 7000 ns, Total: 127903 ns
[4364.693s][info ][gc,start       ] GC(264) Pause Young (Allocation Failure)
[4364.739s][debug][gc,phases      ] GC(264) Scavenge 46.441ms
[4364.739s][debug][gc,ref         ] GC(264) Skipped phase 1 of Reference Processing: no references
[4364.739s][debug][gc,ref         ] GC(264) ReferenceProcessor::execute queues: 1, RefProcThreadModel::Single, marks_oops_alive: false
[4364.739s][debug][gc,ref         ] GC(264) Skipped phase 3 of Reference Processing: no references
[4364.739s][debug][gc,ref         ] GC(264) ReferenceProcessor::execute queues: 1, RefProcThreadModel::Single, marks_oops_alive: false
[4364.739s][debug][gc,phases      ] GC(264) Reference Processing 0.119ms
[4364.740s][debug][gc,phases      ] GC(264)   VM Weak                        Min:  0.0, Avg:  0.0, Max:  0.0, Diff:  0.0, Sum:  0.0, Workers: 4
[4364.740s][debug][gc,phases      ] GC(264)     Dead                           Min: 0, Avg:  0.0, Max: 0, Diff: 0, Sum: 0, Workers: 4
[4364.740s][debug][gc,phases      ] GC(264)     Total                          Min: 0, Avg: 206.8, Max: 328, Diff: 328, Sum: 827, Workers: 4
[4364.740s][debug][gc,phases      ] GC(264)   ObjectSynchronizer Weak        Min:  0.0, Avg:  0.0, Max:  0.0, Diff:  0.0, Sum:  0.0, Workers: 4
[4364.740s][debug][gc,phases      ] GC(264)     Dead                           Min: 0, Avg:  0.0, Max: 0, Diff: 0, Sum: 0, Workers: 4
[4364.740s][debug][gc,phases      ] GC(264)     Total                          Min: 0, Avg: 11.2, Max: 45, Diff: 45, Sum: 45, Workers: 4
[4364.740s][debug][gc,phases      ] GC(264)   JVMTI Tag Weak OopStorage      Min:  0.0, Avg:  0.0, Max:  0.0, Diff:  0.0, Sum:  0.0, Workers: 4
[4364.740s][debug][gc,phases      ] GC(264)     Dead                           Min: 0, Avg:  0.0, Max: 0, Diff: 0, Sum: 0, Workers: 4
[4364.740s][debug][gc,phases      ] GC(264)     Total                          Min: 0, Avg:  0.0, Max: 0, Diff: 0, Sum: 0, Workers: 4
[4364.740s][debug][gc,phases      ] GC(264)   StringTable Weak               Min:  0.0, Avg:  0.1, Max:  0.2, Diff:  0.2, Sum:  0.5, Workers: 4
[4364.740s][debug][gc,phases      ] GC(264)     Dead                           Min: 0, Avg:  0.0, Max: 0, Diff: 0, Sum: 0, Workers: 4
[4364.740s][debug][gc,phases      ] GC(264)     Total                          Min: 0, Avg: 11035.5, Max: 15793, Diff: 15793, Sum: 44142, Workers: 4
[4364.740s][debug][gc,phases      ] GC(264)   ResolvedMethodTable Weak       Min:  0.0, Avg:  0.0, Max:  0.0, Diff:  0.0, Sum:  0.1, Workers: 4
[4364.740s][debug][gc,phases      ] GC(264)     Dead                           Min: 0, Avg:  0.0, Max: 0, Diff: 0, Sum: 0, Workers: 4
[4364.740s][debug][gc,phases      ] GC(264)     Total                          Min: 0, Avg: 2525.2, Max: 3509, Diff: 3509, Sum: 10101, Workers: 4
[4364.740s][debug][gc,phases      ] GC(264)   JNI Weak                       Min:  0.0, Avg:  0.0, Max:  0.0, Diff:  0.0, Sum:  0.0, Workers: 4
[4364.740s][debug][gc,phases      ] GC(264)     Dead                           Min: 0, Avg:  0.0, Max: 0, Diff: 0, Sum: 0, Workers: 4
[4364.740s][debug][gc,phases      ] GC(264)     Total                          Min: 0, Avg: 11.2, Max: 45, Diff: 45, Sum: 45, Workers: 4
[4364.740s][debug][gc,phases      ] GC(264)   StringDedup Table Weak         Min:  0.0, Avg:  0.0, Max:  0.0, Diff:  0.0, Sum:  0.0, Workers: 4
[4364.740s][debug][gc,phases      ] GC(264)     Dead                           Min: 0, Avg:  0.0, Max: 0, Diff: 0, Sum: 0, Workers: 4
[4364.740s][debug][gc,phases      ] GC(264)     Total                          Min: 0, Avg:  0.0, Max: 0, Diff: 0, Sum: 0, Workers: 4
[4364.740s][debug][gc,phases      ] GC(264)   StringDedup Requests0 Weak     Min:  0.0, Avg:  0.0, Max:  0.0, Diff:  0.0, Sum:  0.0, Workers: 4
[4364.740s][debug][gc,phases      ] GC(264)     Dead                           Min: 0, Avg:  0.0, Max: 0, Diff: 0, Sum: 0, Workers: 4
[4364.740s][debug][gc,phases      ] GC(264)     Total                          Min: 0, Avg:  0.0, Max: 0, Diff: 0, Sum: 0, Workers: 4
[4364.740s][debug][gc,phases      ] GC(264)   StringDedup Requests1 Weak     Min:  0.0, Avg:  0.0, Max:  0.0, Diff:  0.0, Sum:  0.0, Workers: 4
[4364.740s][debug][gc,phases      ] GC(264)     Dead                           Min: 0, Avg:  0.0, Max: 0, Diff: 0, Sum: 0, Workers: 4
[4364.740s][debug][gc,phases      ] GC(264)     Total                          Min: 0, Avg:  0.0, Max: 0, Diff: 0, Sum: 0, Workers: 4
[4364.740s][debug][gc,phases      ] GC(264)   Weak JFR Old Object Samples    Min:  0.0, Avg:  0.0, Max:  0.0, Diff:  0.0, Sum:  0.0, Workers: 4
[4364.740s][debug][gc,phases      ] GC(264)     Dead                           Min: 0, Avg:  0.0, Max: 0, Diff: 0, Sum: 0, Workers: 4
[4364.740s][debug][gc,phases      ] GC(264)     Total                          Min: 0, Avg:  0.0, Max: 0, Diff: 0, Sum: 0, Workers: 4
[4364.740s][debug][gc,phases      ] GC(264) Weak Processing 0.417ms
[4364.740s][debug][gc,age         ] GC(264) Desired survivor size 174587904 bytes, new threshold 15 (max threshold 15)
[4364.740s][info ][gc,heap        ] GC(264) PSYoungGen: 1860618K(1921024K)->116058K(1915904K) Eden: 1739776K(1739776K)->0K(1739776K) From: 120842K(181248K)->116058K(176128K)
[4364.740s][info ][gc,heap        ] GC(264) ParOldGen: 789657K(864256K)->797030K(864256K)
[4364.740s][info ][gc,metaspace   ] GC(264) Metaspace: 85489K(86464K)->85489K(86464K) NonClass: 73589K(74112K)->73589K(74112K) Class: 11900K(12352K)->11900K(12352K)
[4364.740s][info ][gc             ] GC(264) Pause Young (Allocation Failure) 2588M->891M(2715M) 47.122ms
[4364.740s][info ][gc,cpu         ] GC(264) User=0.14s Sys=0.00s Real=0.04s
[4364.740s][info ][safepoint      ] Safepoint "ParallelGCFailedAllocation", Time since last: 689413521 ns, Reaching safepoint: 114303 ns, At safepoint: 47205749 ns, Total: 47320052 ns
[4365.740s][info ][safepoint      ] Safepoint "Cleanup", Time since last: 1000089725 ns, Reaching safepoint: 134103 ns, At safepoint: 6000 ns, Total: 140103 ns
[4366.748s][info ][safepoint      ] Safepoint "Cleanup", Time since last: 1007333587 ns, Reaching safepoint: 132703 ns, At safepoint: 13900 ns, Total: 146603 ns
[4367.748s][info ][safepoint      ] Safepoint "Cleanup", Time since last: 1000123227 ns, Reaching safepoint: 115802 ns, At safepoint: 8601 ns, Total: 124403 ns
[4369.356s][info ][gc,start       ] GC(265) Pause Young (Allocation Failure)
[4369.402s][debug][gc,phases      ] GC(265) Scavenge 46.551ms
[4369.402s][debug][gc,ref         ] GC(265) Skipped phase 1 of Reference Processing: no references
[4369.402s][debug][gc,ref         ] GC(265) ReferenceProcessor::execute queues: 1, RefProcThreadModel::Single, marks_oops_alive: false
[4369.402s][debug][gc,ref         ] GC(265) Skipped phase 3 of Reference Processing: no references
[4369.402s][debug][gc,ref         ] GC(265) ReferenceProcessor::execute queues: 1, RefProcThreadModel::Single, marks_oops_alive: false
[4369.402s][debug][gc,phases      ] GC(265) Reference Processing 0.119ms
[4369.403s][debug][gc,phases      ] GC(265)   VM Weak                        Min:  0.0, Avg:  0.0, Max:  0.0, Diff:  0.0, Sum:  0.0, Workers: 4
[4369.403s][debug][gc,phases      ] GC(265)     Dead                           Min: 0, Avg:  0.0, Max: 0, Diff: 0, Sum: 0, Workers: 4
[4369.403s][debug][gc,phases      ] GC(265)     Total                          Min: 0, Avg: 206.8, Max: 328, Diff: 328, Sum: 827, Workers: 4
[4369.403s][debug][gc,phases      ] GC(265)   ObjectSynchronizer Weak        Min:  0.0, Avg:  0.0, Max:  0.0, Diff:  0.0, Sum:  0.0, Workers: 4
[4369.403s][debug][gc,phases      ] GC(265)     Dead                           Min: 0, Avg:  0.0, Max: 0, Diff: 0, Sum: 0, Workers: 4
[4369.403s][debug][gc,phases      ] GC(265)     Total                          Min: 0, Avg: 11.2, Max: 45, Diff: 45, Sum: 45, Workers: 4
[4369.403s][debug][gc,phases      ] GC(265)   JVMTI Tag Weak OopStorage      Min:  0.0, Avg:  0.0, Max:  0.0, Diff:  0.0, Sum:  0.0, Workers: 4
[4369.403s][debug][gc,phases      ] GC(265)     Dead                           Min: 0, Avg:  0.0, Max: 0, Diff: 0, Sum: 0, Workers: 4
[4369.403s][debug][gc,phases      ] GC(265)     Total                          Min: 0, Avg:  0.0, Max: 0, Diff: 0, Sum: 0, Workers: 4
[4369.403s][debug][gc,phases      ] GC(265)   StringTable Weak               Min:  0.0, Avg:  0.1, Max:  0.1, Diff:  0.1, Sum:  0.4, Workers: 4
[4369.403s][debug][gc,phases      ] GC(265)     Dead                           Min: 0, Avg:  0.0, Max: 0, Diff: 0, Sum: 0, Workers: 4
[4369.403s][debug][gc,phases      ] GC(265)     Total                          Min: 0, Avg: 11035.5, Max: 14831, Diff: 14831, Sum: 44142, Workers: 4
[4369.403s][debug][gc,phases      ] GC(265)   ResolvedMethodTable Weak       Min:  0.0, Avg:  0.0, Max:  0.0, Diff:  0.0, Sum:  0.1, Workers: 4
[4369.403s][debug][gc,phases      ] GC(265)     Dead                           Min: 0, Avg:  0.0, Max: 0, Diff: 0, Sum: 0, Workers: 4
[4369.403s][debug][gc,phases      ] GC(265)     Total                          Min: 0, Avg: 2525.2, Max: 3584, Diff: 3584, Sum: 10101, Workers: 4
[4369.403s][debug][gc,phases      ] GC(265)   JNI Weak                       Min:  0.0, Avg:  0.0, Max:  0.0, Diff:  0.0, Sum:  0.0, Workers: 4
[4369.403s][debug][gc,phases      ] GC(265)     Dead                           Min: 0, Avg:  0.0, Max: 0, Diff: 0, Sum: 0, Workers: 4
[4369.403s][debug][gc,phases      ] GC(265)     Total                          Min: 0, Avg: 11.2, Max: 45, Diff: 45, Sum: 45, Workers: 4
[4369.403s][debug][gc,phases      ] GC(265)   StringDedup Table Weak         Min:  0.0, Avg:  0.0, Max:  0.0, Diff:  0.0, Sum:  0.0, Workers: 4
[4369.403s][debug][gc,phases      ] GC(265)     Dead                           Min: 0, Avg:  0.0, Max: 0, Diff: 0, Sum: 0, Workers: 4
[4369.403s][debug][gc,phases      ] GC(265)     Total                          Min: 0, Avg:  0.0, Max: 0, Diff: 0, Sum: 0, Workers: 4
[4369.403s][debug][gc,phases      ] GC(265)   StringDedup Requests0 Weak     Min:  0.0, Avg:  0.0, Max:  0.0, Diff:  0.0, Sum:  0.0, Workers: 4
[4369.403s][debug][gc,phases      ] GC(265)     Dead                           Min: 0, Avg:  0.0, Max: 0, Diff: 0, Sum: 0, Workers: 4
[4369.403s][debug][gc,phases      ] GC(265)     Total                          Min: 0, Avg:  0.0, Max: 0, Diff: 0, Sum: 0, Workers: 4
[4369.403s][debug][gc,phases      ] GC(265)   StringDedup Requests1 Weak     Min:  0.0, Avg:  0.0, Max:  0.0, Diff:  0.0, Sum:  0.0, Workers: 4
[4369.403s][debug][gc,phases      ] GC(265)     Dead                           Min: 0, Avg:  0.0, Max: 0, Diff: 0, Sum: 0, Workers: 4
[4369.403s][debug][gc,phases      ] GC(265)     Total                          Min: 0, Avg:  0.0, Max: 0, Diff: 0, Sum: 0, Workers: 4
[4369.403s][debug][gc,phases      ] GC(265)   Weak JFR Old Object Samples    Min:  0.0, Avg:  0.0, Max:  0.0, Diff:  0.0, Sum:  0.0, Workers: 4
[4369.403s][debug][gc,phases      ] GC(265)     Dead                           Min: 0, Avg:  0.0, Max: 0, Diff: 0, Sum: 0, Workers: 4
[4369.403s][debug][gc,phases      ] GC(265)     Total                          Min: 0, Avg:  0.0, Max: 0, Diff: 0, Sum: 0, Workers: 4
[4369.403s][debug][gc,phases      ] GC(265) Weak Processing 0.388ms
[4369.403s][debug][gc,age         ] GC(265) Desired survivor size 169345024 bytes, new threshold 15 (max threshold 15)
[4369.403s][info ][gc,heap        ] GC(265) PSYoungGen: 1855834K(1915904K)->116810K(1931776K) Eden: 1739776K(1739776K)->0K(1761280K) From: 116058K(176128K)->116810K(170496K)
[4369.403s][info ][gc,heap        ] GC(265) ParOldGen: 797030K(864256K)->804962K(864256K)
[4369.403s][info ][gc,metaspace   ] GC(265) Metaspace: 85490K(86464K)->85490K(86464K) NonClass: 73590K(74112K)->73590K(74112K) Class: 11900K(12352K)->11900K(12352K)
[4369.403s][info ][gc             ] GC(265) Pause Young (Allocation Failure) 2590M->900M(2730M) 47.210ms
[4369.403s][info ][gc,cpu         ] GC(265) User=0.16s Sys=0.01s Real=0.04s
[4369.403s][info ][safepoint      ] Safepoint "ParallelGCFailedAllocation", Time since last: 1607514822 ns, Reaching safepoint: 190704 ns, At safepoint: 47303555 ns, Total: 47494259 ns
[4371.365s][info ][safepoint      ] Safepoint "Cleanup", Time since last: 1961370018 ns, Reaching safepoint: 245705 ns, At safepoint: 13501 ns, Total: 259206 ns
[4372.365s][info ][safepoint      ] Safepoint "Cleanup", Time since last: 1000126792 ns, Reaching safepoint: 107802 ns, At safepoint: 6001 ns, Total: 113803 ns
[4373.365s][info ][safepoint      ] Safepoint "Cleanup", Time since last: 1000110192 ns, Reaching safepoint: 122402 ns, At safepoint: 11001 ns, Total: 133403 ns
[4373.444s][info ][gc,start       ] GC(266) Pause Young (Allocation Failure)
[4373.497s][debug][gc,phases      ] GC(266) Scavenge 52.404ms
[4373.497s][debug][gc,ref         ] GC(266) Skipped phase 1 of Reference Processing: no references
[4373.497s][debug][gc,ref         ] GC(266) ReferenceProcessor::execute queues: 1, RefProcThreadModel::Single, marks_oops_alive: false
[4373.497s][debug][gc,ref         ] GC(266) Skipped phase 3 of Reference Processing: no references
[4373.497s][debug][gc,ref         ] GC(266) ReferenceProcessor::execute queues: 1, RefProcThreadModel::Single, marks_oops_alive: false
[4373.497s][debug][gc,phases      ] GC(266) Reference Processing 0.143ms
[4373.497s][debug][gc,phases      ] GC(266)   VM Weak                        Min:  0.0, Avg:  0.0, Max:  0.0, Diff:  0.0, Sum:  0.0, Workers: 4
[4373.497s][debug][gc,phases      ] GC(266)     Dead                           Min: 0, Avg:  0.0, Max: 0, Diff: 0, Sum: 0, Workers: 4
[4373.497s][debug][gc,phases      ] GC(266)     Total                          Min: 0, Avg: 206.8, Max: 461, Diff: 461, Sum: 827, Workers: 4
[4373.497s][debug][gc,phases      ] GC(266)   ObjectSynchronizer Weak        Min:  0.0, Avg:  0.0, Max:  0.0, Diff:  0.0, Sum:  0.0, Workers: 4
[4373.497s][debug][gc,phases      ] GC(266)     Dead                           Min: 0, Avg:  0.0, Max: 0, Diff: 0, Sum: 0, Workers: 4
[4373.497s][debug][gc,phases      ] GC(266)     Total                          Min: 0, Avg: 11.2, Max: 45, Diff: 45, Sum: 45, Workers: 4
[4373.497s][debug][gc,phases      ] GC(266)   JVMTI Tag Weak OopStorage      Min:  0.0, Avg:  0.0, Max:  0.0, Diff:  0.0, Sum:  0.0, Workers: 4
[4373.497s][debug][gc,phases      ] GC(266)     Dead                           Min: 0, Avg:  0.0, Max: 0, Diff: 0, Sum: 0, Workers: 4
[4373.497s][debug][gc,phases      ] GC(266)     Total                          Min: 0, Avg:  0.0, Max: 0, Diff: 0, Sum: 0, Workers: 4
[4373.497s][debug][gc,phases      ] GC(266)   StringTable Weak               Min:  0.0, Avg:  0.1, Max:  0.1, Diff:  0.1, Sum:  0.4, Workers: 4
[4373.497s][debug][gc,phases      ] GC(266)     Dead                           Min: 0, Avg:  0.0, Max: 0, Diff: 0, Sum: 0, Workers: 4
[4373.497s][debug][gc,phases      ] GC(266)     Total                          Min: 0, Avg: 11041.5, Max: 14982, Diff: 14982, Sum: 44166, Workers: 4
[4373.497s][debug][gc,phases      ] GC(266)   ResolvedMethodTable Weak       Min:  0.0, Avg:  0.0, Max:  0.0, Diff:  0.0, Sum:  0.1, Workers: 4
[4373.497s][debug][gc,phases      ] GC(266)     Dead                           Min: 0, Avg:  0.0, Max: 0, Diff: 0, Sum: 0, Workers: 4
[4373.497s][debug][gc,phases      ] GC(266)     Total                          Min: 0, Avg: 2525.2, Max: 3520, Diff: 3520, Sum: 10101, Workers: 4
[4373.497s][debug][gc,phases      ] GC(266)   JNI Weak                       Min:  0.0, Avg:  0.0, Max:  0.0, Diff:  0.0, Sum:  0.0, Workers: 4
[4373.497s][debug][gc,phases      ] GC(266)     Dead                           Min: 0, Avg:  0.0, Max: 0, Diff: 0, Sum: 0, Workers: 4
[4373.497s][debug][gc,phases      ] GC(266)     Total                          Min: 0, Avg: 11.2, Max: 45, Diff: 45, Sum: 45, Workers: 4
[4373.497s][debug][gc,phases      ] GC(266)   StringDedup Table Weak         Min:  0.0, Avg:  0.0, Max:  0.0, Diff:  0.0, Sum:  0.0, Workers: 4
[4373.497s][debug][gc,phases      ] GC(266)     Dead                           Min: 0, Avg:  0.0, Max: 0, Diff: 0, Sum: 0, Workers: 4
[4373.497s][debug][gc,phases      ] GC(266)     Total                          Min: 0, Avg:  0.0, Max: 0, Diff: 0, Sum: 0, Workers: 4
[4373.497s][debug][gc,phases      ] GC(266)   StringDedup Requests0 Weak     Min:  0.0, Avg:  0.0, Max:  0.0, Diff:  0.0, Sum:  0.0, Workers: 4
[4373.497s][debug][gc,phases      ] GC(266)     Dead                           Min: 0, Avg:  0.0, Max: 0, Diff: 0, Sum: 0, Workers: 4
[4373.497s][debug][gc,phases      ] GC(266)     Total                          Min: 0, Avg:  0.0, Max: 0, Diff: 0, Sum: 0, Workers: 4
[4373.497s][debug][gc,phases      ] GC(266)   StringDedup Requests1 Weak     Min:  0.0, Avg:  0.0, Max:  0.0, Diff:  0.0, Sum:  0.0, Workers: 4
[4373.497s][debug][gc,phases      ] GC(266)     Dead                           Min: 0, Avg:  0.0, Max: 0, Diff: 0, Sum: 0, Workers: 4
[4373.497s][debug][gc,phases      ] GC(266)     Total                          Min: 0, Avg:  0.0, Max: 0, Diff: 0, Sum: 0, Workers: 4
[4373.497s][debug][gc,phases      ] GC(266)   Weak JFR Old Object Samples    Min:  0.0, Avg:  0.0, Max:  0.0, Diff:  0.0, Sum:  0.0, Workers: 4
[4373.497s][debug][gc,phases      ] GC(266)     Dead                           Min: 0, Avg:  0.0, Max: 0, Diff: 0, Sum: 0, Workers: 4
[4373.497s][debug][gc,phases      ] GC(266)     Total                          Min: 0, Avg:  0.0, Max: 0, Diff: 0, Sum: 0, Workers: 4
[4373.497s][debug][gc,phases      ] GC(266) Weak Processing 0.431ms
[4373.497s][debug][gc,age         ] GC(266) Desired survivor size 165150720 bytes, new threshold 15 (max threshold 15)
[4373.497s][info ][gc,heap        ] GC(266) PSYoungGen: 1878090K(1931776K)->118714K(1926656K) Eden: 1761280K(1761280K)->0K(1761280K) From: 116810K(170496K)->118714K(165376K)
[4373.497s][info ][gc,heap        ] GC(266) ParOldGen: 804962K(864256K)->820202K(864256K)
[4373.497s][info ][gc,metaspace   ] GC(266) Metaspace: 85508K(86528K)->85508K(86528K) NonClass: 73607K(74176K)->73607K(74176K) Class: 11901K(12352K)->11901K(12352K)
[4373.497s][info ][gc             ] GC(266) Pause Young (Allocation Failure) 2620M->916M(2725M) 53.139ms
[4373.497s][info ][gc,cpu         ] GC(266) User=0.15s Sys=0.00s Real=0.05s
[4373.497s][info ][safepoint      ] Safepoint "ParallelGCFailedAllocation", Time since last: 79036661 ns, Reaching safepoint: 138403 ns, At safepoint: 53241687 ns, Total: 53380090 ns
[4376.349s][info ][safepoint      ] Safepoint "Cleanup", Time since last: 2851431752 ns, Reaching safepoint: 119202 ns, At safepoint: 7401 ns, Total: 126603 ns
[4377.349s][info ][safepoint      ] Safepoint "Cleanup", Time since last: 1000127664 ns, Reaching safepoint: 131402 ns, At safepoint: 7901 ns, Total: 139303 ns
[4378.329s][info ][gc,start       ] GC(267) Pause Young (Allocation Failure)
[4378.378s][debug][gc,phases      ] GC(267) Scavenge 48.632ms
[4378.378s][debug][gc,ref         ] GC(267) Skipped phase 1 of Reference Processing: no references
[4378.378s][debug][gc,ref         ] GC(267) ReferenceProcessor::execute queues: 1, RefProcThreadModel::Single, marks_oops_alive: false
[4378.378s][debug][gc,ref         ] GC(267) Skipped phase 3 of Reference Processing: no references
[4378.378s][debug][gc,ref         ] GC(267) ReferenceProcessor::execute queues: 1, RefProcThreadModel::Single, marks_oops_alive: false
[4378.378s][debug][gc,phases      ] GC(267) Reference Processing 0.128ms
[4378.378s][debug][gc,phases      ] GC(267)   VM Weak                        Min:  0.0, Avg:  0.0, Max:  0.0, Diff:  0.0, Sum:  0.0, Workers: 4
[4378.378s][debug][gc,phases      ] GC(267)     Dead                           Min: 0, Avg:  0.0, Max: 0, Diff: 0, Sum: 0, Workers: 4
[4378.378s][debug][gc,phases      ] GC(267)     Total                          Min: 0, Avg: 207.5, Max: 528, Diff: 528, Sum: 830, Workers: 4
[4378.378s][debug][gc,phases      ] GC(267)   ObjectSynchronizer Weak        Min:  0.0, Avg:  0.0, Max:  0.0, Diff:  0.0, Sum:  0.0, Workers: 4
[4378.378s][debug][gc,phases      ] GC(267)     Dead                           Min: 0, Avg:  0.0, Max: 0, Diff: 0, Sum: 0, Workers: 4
[4378.378s][debug][gc,phases      ] GC(267)     Total                          Min: 0, Avg: 11.2, Max: 45, Diff: 45, Sum: 45, Workers: 4
[4378.378s][debug][gc,phases      ] GC(267)   JVMTI Tag Weak OopStorage      Min:  0.0, Avg:  0.0, Max:  0.0, Diff:  0.0, Sum:  0.0, Workers: 4
[4378.378s][debug][gc,phases      ] GC(267)     Dead                           Min: 0, Avg:  0.0, Max: 0, Diff: 0, Sum: 0, Workers: 4
[4378.378s][debug][gc,phases      ] GC(267)     Total                          Min: 0, Avg:  0.0, Max: 0, Diff: 0, Sum: 0, Workers: 4
[4378.378s][debug][gc,phases      ] GC(267)   StringTable Weak               Min:  0.0, Avg:  0.1, Max:  0.2, Diff:  0.2, Sum:  0.5, Workers: 4
[4378.378s][debug][gc,phases      ] GC(267)     Dead                           Min: 0, Avg:  0.2, Max: 1, Diff: 1, Sum: 1, Workers: 4
[4378.378s][debug][gc,phases      ] GC(267)     Total                          Min: 0, Avg: 11042.2, Max: 15808, Diff: 15808, Sum: 44169, Workers: 4
[4378.378s][debug][gc,phases      ] GC(267)   ResolvedMethodTable Weak       Min:  0.0, Avg:  0.0, Max:  0.0, Diff:  0.0, Sum:  0.1, Workers: 4
[4378.378s][debug][gc,phases      ] GC(267)     Dead                           Min: 0, Avg:  0.0, Max: 0, Diff: 0, Sum: 0, Workers: 4
[4378.378s][debug][gc,phases      ] GC(267)     Total                          Min: 0, Avg: 2527.2, Max: 3647, Diff: 3647, Sum: 10109, Workers: 4
[4378.378s][debug][gc,phases      ] GC(267)   JNI Weak                       Min:  0.0, Avg:  0.0, Max:  0.0, Diff:  0.0, Sum:  0.0, Workers: 4
[4378.378s][debug][gc,phases      ] GC(267)     Dead                           Min: 0, Avg:  0.0, Max: 0, Diff: 0, Sum: 0, Workers: 4
[4378.378s][debug][gc,phases      ] GC(267)     Total                          Min: 0, Avg: 11.2, Max: 45, Diff: 45, Sum: 45, Workers: 4
[4378.378s][debug][gc,phases      ] GC(267)   StringDedup Table Weak         Min:  0.0, Avg:  0.0, Max:  0.0, Diff:  0.0, Sum:  0.0, Workers: 4
[4378.378s][debug][gc,phases      ] GC(267)     Dead                           Min: 0, Avg:  0.0, Max: 0, Diff: 0, Sum: 0, Workers: 4
[4378.378s][debug][gc,phases      ] GC(267)     Total                          Min: 0, Avg:  0.0, Max: 0, Diff: 0, Sum: 0, Workers: 4
[4378.378s][debug][gc,phases      ] GC(267)   StringDedup Requests0 Weak     Min:  0.0, Avg:  0.0, Max:  0.0, Diff:  0.0, Sum:  0.0, Workers: 4
[4378.378s][debug][gc,phases      ] GC(267)     Dead                           Min: 0, Avg:  0.0, Max: 0, Diff: 0, Sum: 0, Workers: 4
[4378.378s][debug][gc,phases      ] GC(267)     Total                          Min: 0, Avg:  0.0, Max: 0, Diff: 0, Sum: 0, Workers: 4
[4378.378s][debug][gc,phases      ] GC(267)   StringDedup Requests1 Weak     Min:  0.0, Avg:  0.0, Max:  0.0, Diff:  0.0, Sum:  0.0, Workers: 4
[4378.378s][debug][gc,phases      ] GC(267)     Dead                           Min: 0, Avg:  0.0, Max: 0, Diff: 0, Sum: 0, Workers: 4
[4378.378s][debug][gc,phases      ] GC(267)     Total                          Min: 0, Avg:  0.0, Max: 0, Diff: 0, Sum: 0, Workers: 4
[4378.378s][debug][gc,phases      ] GC(267)   Weak JFR Old Object Samples    Min:  0.0, Avg:  0.0, Max:  0.0, Diff:  0.0, Sum:  0.0, Workers: 4
[4378.378s][debug][gc,phases      ] GC(267)     Dead                           Min: 0, Avg:  0.0, Max: 0, Diff: 0, Sum: 0, Workers: 4
[4378.378s][debug][gc,phases      ] GC(267)     Total                          Min: 0, Avg:  0.0, Max: 0, Diff: 0, Sum: 0, Workers: 4
[4378.378s][debug][gc,phases      ] GC(267) Weak Processing 0.412ms
[4378.378s][debug][gc,age         ] GC(267) Desired survivor size 160956416 bytes, new threshold 15 (max threshold 15)
[4378.378s][info ][gc,heap        ] GC(267) PSYoungGen: 1879994K(1926656K)->118554K(1939968K) Eden: 1761280K(1761280K)->0K(1778688K) From: 118714K(165376K)->118554K(161280K)
[4378.378s][info ][gc,heap        ] GC(267) ParOldGen: 820202K(864256K)->827718K(864256K)
[4378.378s][info ][gc,metaspace   ] GC(267) Metaspace: 85528K(86528K)->85528K(86528K) NonClass: 73623K(74176K)->73623K(74176K) Class: 11905K(12352K)->11905K(12352K)
[4378.378s][info ][gc             ] GC(267) Pause Young (Allocation Failure) 2636M->924M(2738M) 49.322ms
[4378.378s][info ][gc,cpu         ] GC(267) User=0.17s Sys=0.00s Real=0.05s
[4378.378s][info ][safepoint      ] Safepoint "ParallelGCFailedAllocation", Time since last: 979618211 ns, Reaching safepoint: 97902 ns, At safepoint: 49422691 ns, Total: 49520593 ns
[4379.379s][info ][safepoint      ] Safepoint "Cleanup", Time since last: 1000098363 ns, Reaching safepoint: 150503 ns, At safepoint: 12001 ns, Total: 162504 ns
[4380.379s][info ][safepoint      ] Safepoint "Cleanup", Time since last: 1000120364 ns, Reaching safepoint: 56201 ns, At safepoint: 6100 ns, Total: 62301 ns
[4381.379s][info ][safepoint      ] Safepoint "Cleanup", Time since last: 1000124164 ns, Reaching safepoint: 55401 ns, At safepoint: 3700 ns, Total: 59101 ns
[4382.379s][info ][safepoint      ] Safepoint "Cleanup", Time since last: 1000128964 ns, Reaching safepoint: 42801 ns, At safepoint: 2800 ns, Total: 45601 ns
[4382.743s][info ][gc,start       ] GC(268) Pause Young (Allocation Failure)
[4382.786s][debug][gc,phases      ] GC(268) Scavenge 42.824ms
[4382.786s][debug][gc,ref         ] GC(268) Skipped phase 1 of Reference Processing: no references
[4382.786s][debug][gc,ref         ] GC(268) ReferenceProcessor::execute queues: 1, RefProcThreadModel::Single, marks_oops_alive: false
[4382.786s][debug][gc,ref         ] GC(268) Skipped phase 3 of Reference Processing: no references
[4382.786s][debug][gc,ref         ] GC(268) ReferenceProcessor::execute queues: 1, RefProcThreadModel::Single, marks_oops_alive: false
[4382.786s][debug][gc,phases      ] GC(268) Reference Processing 0.116ms
[4382.786s][debug][gc,phases      ] GC(268)   VM Weak                        Min:  0.0, Avg:  0.0, Max:  0.0, Diff:  0.0, Sum:  0.0, Workers: 4
[4382.786s][debug][gc,phases      ] GC(268)     Dead                           Min: 0, Avg:  0.0, Max: 0, Diff: 0, Sum: 0, Workers: 4
[4382.786s][debug][gc,phases      ] GC(268)     Total                          Min: 0, Avg: 207.5, Max: 702, Diff: 702, Sum: 830, Workers: 4
[4382.786s][debug][gc,phases      ] GC(268)   ObjectSynchronizer Weak        Min:  0.0, Avg:  0.0, Max:  0.0, Diff:  0.0, Sum:  0.0, Workers: 4
[4382.786s][debug][gc,phases      ] GC(268)     Dead                           Min: 0, Avg:  0.0, Max: 0, Diff: 0, Sum: 0, Workers: 4
[4382.786s][debug][gc,phases      ] GC(268)     Total                          Min: 0, Avg: 11.2, Max: 45, Diff: 45, Sum: 45, Workers: 4
[4382.786s][debug][gc,phases      ] GC(268)   JVMTI Tag Weak OopStorage      Min:  0.0, Avg:  0.0, Max:  0.0, Diff:  0.0, Sum:  0.0, Workers: 4
[4382.786s][debug][gc,phases      ] GC(268)     Dead                           Min: 0, Avg:  0.0, Max: 0, Diff: 0, Sum: 0, Workers: 4
[4382.786s][debug][gc,phases      ] GC(268)     Total                          Min: 0, Avg:  0.0, Max: 0, Diff: 0, Sum: 0, Workers: 4
[4382.786s][debug][gc,phases      ] GC(268)   StringTable Weak               Min:  0.0, Avg:  0.1, Max:  0.2, Diff:  0.2, Sum:  0.5, Workers: 4
[4382.786s][debug][gc,phases      ] GC(268)     Dead                           Min: 0, Avg:  0.0, Max: 0, Diff: 0, Sum: 0, Workers: 4
[4382.786s][debug][gc,phases      ] GC(268)     Total                          Min: 0, Avg: 11042.8, Max: 17420, Diff: 17420, Sum: 44171, Workers: 4
[4382.786s][debug][gc,phases      ] GC(268)   ResolvedMethodTable Weak       Min:  0.0, Avg:  0.0, Max:  0.0, Diff:  0.0, Sum:  0.1, Workers: 4
[4382.786s][debug][gc,phases      ] GC(268)     Dead                           Min: 0, Avg:  0.0, Max: 0, Diff: 0, Sum: 0, Workers: 4
[4382.786s][debug][gc,phases      ] GC(268)     Total                          Min: 0, Avg: 2527.8, Max: 4032, Diff: 4032, Sum: 10111, Workers: 4
[4382.786s][debug][gc,phases      ] GC(268)   JNI Weak                       Min:  0.0, Avg:  0.0, Max:  0.0, Diff:  0.0, Sum:  0.0, Workers: 4
[4382.786s][debug][gc,phases      ] GC(268)     Dead                           Min: 0, Avg:  0.0, Max: 0, Diff: 0, Sum: 0, Workers: 4
[4382.786s][debug][gc,phases      ] GC(268)     Total                          Min: 0, Avg: 11.2, Max: 45, Diff: 45, Sum: 45, Workers: 4
[4382.786s][debug][gc,phases      ] GC(268)   StringDedup Table Weak         Min:  0.0, Avg:  0.0, Max:  0.0, Diff:  0.0, Sum:  0.0, Workers: 4
[4382.786s][debug][gc,phases      ] GC(268)     Dead                           Min: 0, Avg:  0.0, Max: 0, Diff: 0, Sum: 0, Workers: 4
[4382.786s][debug][gc,phases      ] GC(268)     Total                          Min: 0, Avg:  0.0, Max: 0, Diff: 0, Sum: 0, Workers: 4
[4382.786s][debug][gc,phases      ] GC(268)   StringDedup Requests0 Weak     Min:  0.0, Avg:  0.0, Max:  0.0, Diff:  0.0, Sum:  0.0, Workers: 4
[4382.786s][debug][gc,phases      ] GC(268)     Dead                           Min: 0, Avg:  0.0, Max: 0, Diff: 0, Sum: 0, Workers: 4
[4382.786s][debug][gc,phases      ] GC(268)     Total                          Min: 0, Avg:  0.0, Max: 0, Diff: 0, Sum: 0, Workers: 4
[4382.786s][debug][gc,phases      ] GC(268)   StringDedup Requests1 Weak     Min:  0.0, Avg:  0.0, Max:  0.0, Diff:  0.0, Sum:  0.0, Workers: 4
[4382.786s][debug][gc,phases      ] GC(268)     Dead                           Min: 0, Avg:  0.0, Max: 0, Diff: 0, Sum: 0, Workers: 4
[4382.786s][debug][gc,phases      ] GC(268)     Total                          Min: 0, Avg:  0.0, Max: 0, Diff: 0, Sum: 0, Workers: 4
[4382.786s][debug][gc,phases      ] GC(268)   Weak JFR Old Object Samples    Min:  0.0, Avg:  0.0, Max:  0.0, Diff:  0.0, Sum:  0.0, Workers: 4
[4382.786s][debug][gc,phases      ] GC(268)     Dead                           Min: 0, Avg:  0.0, Max: 0, Diff: 0, Sum: 0, Workers: 4
[4382.786s][debug][gc,phases      ] GC(268)     Total                          Min: 0, Avg:  0.0, Max: 0, Diff: 0, Sum: 0, Workers: 4
[4382.786s][debug][gc,phases      ] GC(268) Weak Processing 0.399ms
[4382.786s][debug][gc,age         ] GC(268) Desired survivor size 157286400 bytes, new threshold 15 (max threshold 15)
[4382.786s][info ][gc,heap        ] GC(268) PSYoungGen: 1897242K(1939968K)->115642K(1935872K) Eden: 1778688K(1778688K)->0K(1778688K) From: 118554K(161280K)->115642K(157184K)
[4382.786s][info ][gc,heap        ] GC(268) ParOldGen: 827718K(864256K)->830998K(864256K)
[4382.786s][info ][gc,metaspace   ] GC(268) Metaspace: 85542K(86528K)->85542K(86528K) NonClass: 73636K(74176K)->73636K(74176K) Class: 11905K(12352K)->11905K(12352K)
[4382.786s][info ][gc             ] GC(268) Pause Young (Allocation Failure) 2661M->924M(2734M) 43.481ms
[4382.786s][info ][gc,cpu         ] GC(268) User=0.13s Sys=0.00s Real=0.05s
[4382.786s][info ][safepoint      ] Safepoint "ParallelGCFailedAllocation", Time since last: 363363417 ns, Reaching safepoint: 130102 ns, At safepoint: 43571762 ns, Total: 43701864 ns
[4383.786s][info ][safepoint      ] Safepoint "Cleanup", Time since last: 1000064462 ns, Reaching safepoint: 126103 ns, At safepoint: 27901 ns, Total: 154004 ns
[4384.787s][info ][safepoint      ] Safepoint "Cleanup", Time since last: 1000126745 ns, Reaching safepoint: 119602 ns, At safepoint: 7800 ns, Total: 127402 ns
[4386.787s][info ][safepoint      ] Safepoint "Cleanup", Time since last: 2000173932 ns, Reaching safepoint: 249405 ns, At safepoint: 10201 ns, Total: 259606 ns
[4387.150s][info ][gc,start       ] GC(269) Pause Young (Allocation Failure)
[4387.195s][debug][gc,phases      ] GC(269) Scavenge 44.273ms
[4387.195s][debug][gc,ref         ] GC(269) Skipped phase 1 of Reference Processing: no references
[4387.195s][debug][gc,ref         ] GC(269) ReferenceProcessor::execute queues: 1, RefProcThreadModel::Single, marks_oops_alive: false
[4387.195s][debug][gc,ref         ] GC(269) Skipped phase 3 of Reference Processing: no references
[4387.195s][debug][gc,ref         ] GC(269) ReferenceProcessor::execute queues: 1, RefProcThreadModel::Single, marks_oops_alive: false
[4387.195s][debug][gc,phases      ] GC(269) Reference Processing 0.152ms
[4387.195s][debug][gc,phases      ] GC(269)   VM Weak                        Min:  0.0, Avg:  0.0, Max:  0.0, Diff:  0.0, Sum:  0.0, Workers: 4
[4387.195s][debug][gc,phases      ] GC(269)     Dead                           Min: 0, Avg:  0.0, Max: 0, Diff: 0, Sum: 0, Workers: 4
[4387.195s][debug][gc,phases      ] GC(269)     Total                          Min: 0, Avg: 207.5, Max: 331, Diff: 331, Sum: 830, Workers: 4
[4387.195s][debug][gc,phases      ] GC(269)   ObjectSynchronizer Weak        Min:  0.0, Avg:  0.0, Max:  0.0, Diff:  0.0, Sum:  0.0, Workers: 4
[4387.195s][debug][gc,phases      ] GC(269)     Dead                           Min: 0, Avg:  0.0, Max: 0, Diff: 0, Sum: 0, Workers: 4
[4387.195s][debug][gc,phases      ] GC(269)     Total                          Min: 0, Avg: 11.2, Max: 45, Diff: 45, Sum: 45, Workers: 4
[4387.195s][debug][gc,phases      ] GC(269)   JVMTI Tag Weak OopStorage      Min:  0.0, Avg:  0.0, Max:  0.0, Diff:  0.0, Sum:  0.0, Workers: 4
[4387.195s][debug][gc,phases      ] GC(269)     Dead                           Min: 0, Avg:  0.0, Max: 0, Diff: 0, Sum: 0, Workers: 4
[4387.195s][debug][gc,phases      ] GC(269)     Total                          Min: 0, Avg:  0.0, Max: 0, Diff: 0, Sum: 0, Workers: 4
[4387.195s][debug][gc,phases      ] GC(269)   StringTable Weak               Min:  0.0, Avg:  0.1, Max:  0.1, Diff:  0.1, Sum:  0.4, Workers: 4
[4387.195s][debug][gc,phases      ] GC(269)     Dead                           Min: 0, Avg:  0.2, Max: 1, Diff: 1, Sum: 1, Workers: 4
[4387.195s][debug][gc,phases      ] GC(269)     Total                          Min: 0, Avg: 11043.0, Max: 15999, Diff: 15999, Sum: 44172, Workers: 4
[4387.195s][debug][gc,phases      ] GC(269)   ResolvedMethodTable Weak       Min:  0.0, Avg:  0.0, Max:  0.0, Diff:  0.0, Sum:  0.1, Workers: 4
[4387.195s][debug][gc,phases      ] GC(269)     Dead                           Min: 0, Avg:  0.0, Max: 0, Diff: 0, Sum: 0, Workers: 4
[4387.195s][debug][gc,phases      ] GC(269)     Total                          Min: 0, Avg: 2528.2, Max: 3649, Diff: 3649, Sum: 10113, Workers: 4
[4387.195s][debug][gc,phases      ] GC(269)   JNI Weak                       Min:  0.0, Avg:  0.0, Max:  0.0, Diff:  0.0, Sum:  0.0, Workers: 4
[4387.195s][debug][gc,phases      ] GC(269)     Dead                           Min: 0, Avg:  0.0, Max: 0, Diff: 0, Sum: 0, Workers: 4
[4387.195s][debug][gc,phases      ] GC(269)     Total                          Min: 0, Avg: 11.2, Max: 45, Diff: 45, Sum: 45, Workers: 4
[4387.195s][debug][gc,phases      ] GC(269)   StringDedup Table Weak         Min:  0.0, Avg:  0.0, Max:  0.0, Diff:  0.0, Sum:  0.0, Workers: 4
[4387.195s][debug][gc,phases      ] GC(269)     Dead                           Min: 0, Avg:  0.0, Max: 0, Diff: 0, Sum: 0, Workers: 4
[4387.195s][debug][gc,phases      ] GC(269)     Total                          Min: 0, Avg:  0.0, Max: 0, Diff: 0, Sum: 0, Workers: 4
[4387.195s][debug][gc,phases      ] GC(269)   StringDedup Requests0 Weak     Min:  0.0, Avg:  0.0, Max:  0.0, Diff:  0.0, Sum:  0.0, Workers: 4
[4387.195s][debug][gc,phases      ] GC(269)     Dead                           Min: 0, Avg:  0.0, Max: 0, Diff: 0, Sum: 0, Workers: 4
[4387.195s][debug][gc,phases      ] GC(269)     Total                          Min: 0, Avg:  0.0, Max: 0, Diff: 0, Sum: 0, Workers: 4
[4387.195s][debug][gc,phases      ] GC(269)   StringDedup Requests1 Weak     Min:  0.0, Avg:  0.0, Max:  0.0, Diff:  0.0, Sum:  0.0, Workers: 4
[4387.195s][debug][gc,phases      ] GC(269)     Dead                           Min: 0, Avg:  0.0, Max: 0, Diff: 0, Sum: 0, Workers: 4
[4387.195s][debug][gc,phases      ] GC(269)     Total                          Min: 0, Avg:  0.0, Max: 0, Diff: 0, Sum: 0, Workers: 4
[4387.195s][debug][gc,phases      ] GC(269)   Weak JFR Old Object Samples    Min:  0.0, Avg:  0.0, Max:  0.0, Diff:  0.0, Sum:  0.0, Workers: 4
[4387.195s][debug][gc,phases      ] GC(269)     Dead                           Min: 0, Avg:  0.0, Max: 0, Diff: 0, Sum: 0, Workers: 4
[4387.195s][debug][gc,phases      ] GC(269)     Total                          Min: 0, Avg:  0.0, Max: 0, Diff: 0, Sum: 0, Workers: 4
[4387.195s][debug][gc,phases      ] GC(269) Weak Processing 0.433ms
[4387.195s][debug][gc,age         ] GC(269) Desired survivor size 154140672 bytes, new threshold 15 (max threshold 15)
[4387.195s][info ][gc,heap        ] GC(269) PSYoungGen: 1894330K(1935872K)->114474K(1946624K) Eden: 1778688K(1778688K)->0K(1793024K) From: 115642K(157184K)->114474K(153600K)
[4387.195s][info ][gc,heap        ] GC(269) ParOldGen: 830998K(864256K)->837943K(864256K)
[4387.195s][info ][gc,metaspace   ] GC(269) Metaspace: 85568K(86592K)->85568K(86592K) NonClass: 73661K(74240K)->73661K(74240K) Class: 11906K(12352K)->11906K(12352K)
[4387.195s][info ][gc             ] GC(269) Pause Young (Allocation Failure) 2661M->930M(2745M) 45.013ms
[4387.195s][info ][gc,cpu         ] GC(269) User=0.15s Sys=0.00s Real=0.05s
[4387.195s][info ][safepoint      ] Safepoint "ParallelGCFailedAllocation", Time since last: 362981181 ns, Reaching safepoint: 104402 ns, At safepoint: 45110204 ns, Total: 45214606 ns
[4388.198s][info ][safepoint      ] Safepoint "Cleanup", Time since last: 1000416373 ns, Reaching safepoint: 2129848 ns, At safepoint: 15600 ns, Total: 2145448 ns
[4389.198s][info ][safepoint      ] Safepoint "Cleanup", Time since last: 1000121567 ns, Reaching safepoint: 126402 ns, At safepoint: 5901 ns, Total: 132303 ns
[4390.198s][info ][safepoint      ] Safepoint "Cleanup", Time since last: 1000113966 ns, Reaching safepoint: 122203 ns, At safepoint: 8700 ns, Total: 130903 ns
[4391.199s][info ][safepoint      ] Safepoint "Cleanup", Time since last: 1000141167 ns, Reaching safepoint: 120102 ns, At safepoint: 6300 ns, Total: 126402 ns
[4392.199s][info ][safepoint      ] Safepoint "Cleanup", Time since last: 1000115968 ns, Reaching safepoint: 121103 ns, At safepoint: 5700 ns, Total: 126803 ns
[4392.910s][info ][gc,start       ] GC(270) Pause Young (Allocation Failure)
[4392.950s][debug][gc,phases      ] GC(270) Scavenge 40.161ms
[4392.950s][debug][gc,ref         ] GC(270) Skipped phase 1 of Reference Processing: no references
[4392.950s][debug][gc,ref         ] GC(270) ReferenceProcessor::execute queues: 1, RefProcThreadModel::Single, marks_oops_alive: false
[4392.950s][debug][gc,ref         ] GC(270) Skipped phase 3 of Reference Processing: no references
[4392.950s][debug][gc,ref         ] GC(270) ReferenceProcessor::execute queues: 1, RefProcThreadModel::Single, marks_oops_alive: false
[4392.950s][debug][gc,phases      ] GC(270) Reference Processing 0.113ms
[4392.950s][debug][gc,phases      ] GC(270)   VM Weak                        Min:  0.0, Avg:  0.0, Max:  0.0, Diff:  0.0, Sum:  0.0, Workers: 4
[4392.950s][debug][gc,phases      ] GC(270)     Dead                           Min: 0, Avg:  0.0, Max: 0, Diff: 0, Sum: 0, Workers: 4
[4392.950s][debug][gc,phases      ] GC(270)     Total                          Min: 0, Avg: 207.5, Max: 331, Diff: 331, Sum: 830, Workers: 4
[4392.950s][debug][gc,phases      ] GC(270)   ObjectSynchronizer Weak        Min:  0.0, Avg:  0.0, Max:  0.0, Diff:  0.0, Sum:  0.0, Workers: 4
[4392.950s][debug][gc,phases      ] GC(270)     Dead                           Min: 0, Avg:  0.0, Max: 0, Diff: 0, Sum: 0, Workers: 4
[4392.950s][debug][gc,phases      ] GC(270)     Total                          Min: 0, Avg: 11.2, Max: 45, Diff: 45, Sum: 45, Workers: 4
[4392.950s][debug][gc,phases      ] GC(270)   JVMTI Tag Weak OopStorage      Min:  0.0, Avg:  0.0, Max:  0.0, Diff:  0.0, Sum:  0.0, Workers: 4
[4392.950s][debug][gc,phases      ] GC(270)     Dead                           Min: 0, Avg:  0.0, Max: 0, Diff: 0, Sum: 0, Workers: 4
[4392.950s][debug][gc,phases      ] GC(270)     Total                          Min: 0, Avg:  0.0, Max: 0, Diff: 0, Sum: 0, Workers: 4
[4392.950s][debug][gc,phases      ] GC(270)   StringTable Weak               Min:  0.0, Avg:  0.1, Max:  0.1, Diff:  0.1, Sum:  0.4, Workers: 4
[4392.950s][debug][gc,phases      ] GC(270)     Dead                           Min: 0, Avg:  0.0, Max: 0, Diff: 0, Sum: 0, Workers: 4
[4392.950s][debug][gc,phases      ] GC(270)     Total                          Min: 0, Avg: 11043.0, Max: 16590, Diff: 16590, Sum: 44172, Workers: 4
[4392.950s][debug][gc,phases      ] GC(270)   ResolvedMethodTable Weak       Min:  0.0, Avg:  0.0, Max:  0.0, Diff:  0.0, Sum:  0.1, Workers: 4
[4392.950s][debug][gc,phases      ] GC(270)     Dead                           Min: 0, Avg:  0.0, Max: 0, Diff: 0, Sum: 0, Workers: 4
[4392.950s][debug][gc,phases      ] GC(270)     Total                          Min: 0, Avg: 2528.2, Max: 3584, Diff: 3584, Sum: 10113, Workers: 4
[4392.950s][debug][gc,phases      ] GC(270)   JNI Weak                       Min:  0.0, Avg:  0.0, Max:  0.0, Diff:  0.0, Sum:  0.0, Workers: 4
[4392.950s][debug][gc,phases      ] GC(270)     Dead                           Min: 0, Avg:  0.0, Max: 0, Diff: 0, Sum: 0, Workers: 4
[4392.950s][debug][gc,phases      ] GC(270)     Total                          Min: 0, Avg: 11.2, Max: 45, Diff: 45, Sum: 45, Workers: 4
[4392.950s][debug][gc,phases      ] GC(270)   StringDedup Table Weak         Min:  0.0, Avg:  0.0, Max:  0.0, Diff:  0.0, Sum:  0.0, Workers: 4
[4392.950s][debug][gc,phases      ] GC(270)     Dead                           Min: 0, Avg:  0.0, Max: 0, Diff: 0, Sum: 0, Workers: 4
[4392.950s][debug][gc,phases      ] GC(270)     Total                          Min: 0, Avg:  0.0, Max: 0, Diff: 0, Sum: 0, Workers: 4
[4392.950s][debug][gc,phases      ] GC(270)   StringDedup Requests0 Weak     Min:  0.0, Avg:  0.0, Max:  0.0, Diff:  0.0, Sum:  0.0, Workers: 4
[4392.950s][debug][gc,phases      ] GC(270)     Dead                           Min: 0, Avg:  0.0, Max: 0, Diff: 0, Sum: 0, Workers: 4
[4392.950s][debug][gc,phases      ] GC(270)     Total                          Min: 0, Avg:  0.0, Max: 0, Diff: 0, Sum: 0, Workers: 4
[4392.950s][debug][gc,phases      ] GC(270)   StringDedup Requests1 Weak     Min:  0.0, Avg:  0.0, Max:  0.0, Diff:  0.0, Sum:  0.0, Workers: 4
[4392.950s][debug][gc,phases      ] GC(270)     Dead                           Min: 0, Avg:  0.0, Max: 0, Diff: 0, Sum: 0, Workers: 4
[4392.950s][debug][gc,phases      ] GC(270)     Total                          Min: 0, Avg:  0.0, Max: 0, Diff: 0, Sum: 0, Workers: 4
[4392.950s][debug][gc,phases      ] GC(270)   Weak JFR Old Object Samples    Min:  0.0, Avg:  0.0, Max:  0.0, Diff:  0.0, Sum:  0.0, Workers: 4
[4392.950s][debug][gc,phases      ] GC(270)     Dead                           Min: 0, Avg:  0.0, Max: 0, Diff: 0, Sum: 0, Workers: 4
[4392.950s][debug][gc,phases      ] GC(270)     Total                          Min: 0, Avg:  0.0, Max: 0, Diff: 0, Sum: 0, Workers: 4
[4392.950s][debug][gc,phases      ] GC(270) Weak Processing 0.369ms
[4392.950s][debug][gc,age         ] GC(270) Desired survivor size 151519232 bytes, new threshold 15 (max threshold 15)
[4392.950s][info ][gc,heap        ] GC(270) PSYoungGen: 1907498K(1946624K)->112794K(1943552K) Eden: 1793024K(1793024K)->0K(1793024K) From: 114474K(153600K)->112794K(150528K)
[4392.950s][info ][gc,heap        ] GC(270) ParOldGen: 837943K(864256K)->843475K(864256K)
[4392.950s][info ][gc,metaspace   ] GC(270) Metaspace: 85570K(86592K)->85570K(86592K) NonClass: 73664K(74240K)->73664K(74240K) Class: 11906K(12352K)->11906K(12352K)
[4392.950s][info ][gc             ] GC(270) Pause Young (Allocation Failure) 2681M->933M(2742M) 40.780ms
[4392.950s][info ][gc,cpu         ] GC(270) User=0.15s Sys=0.00s Real=0.04s
[4392.950s][info ][safepoint      ] Safepoint "ParallelGCFailedAllocation", Time since last: 710531823 ns, Reaching safepoint: 40401 ns, At safepoint: 40861610 ns, Total: 40902011 ns
[4394.951s][info ][safepoint      ] Safepoint "Cleanup", Time since last: 2000170741 ns, Reaching safepoint: 126603 ns, At safepoint: 5900 ns, Total: 132503 ns
[4396.951s][info ][safepoint      ] Safepoint "Cleanup", Time since last: 2000379147 ns, Reaching safepoint: 113002 ns, At safepoint: 9100 ns, Total: 122102 ns
[4397.951s][info ][safepoint      ] Safepoint "Cleanup", Time since last: 1000106372 ns, Reaching safepoint: 123302 ns, At safepoint: 5901 ns, Total: 129203 ns
[4398.952s][info ][safepoint      ] Safepoint "Cleanup", Time since last: 1000107471 ns, Reaching safepoint: 122903 ns, At safepoint: 6100 ns, Total: 129003 ns
[4399.711s][info ][gc,start       ] GC(271) Pause Young (Allocation Failure)
[4399.754s][debug][gc,phases      ] GC(271) Scavenge 43.469ms
[4399.754s][debug][gc,ref         ] GC(271) Skipped phase 1 of Reference Processing: no references
[4399.754s][debug][gc,ref         ] GC(271) ReferenceProcessor::execute queues: 1, RefProcThreadModel::Single, marks_oops_alive: false
[4399.754s][debug][gc,ref         ] GC(271) Skipped phase 3 of Reference Processing: no references
[4399.754s][debug][gc,ref         ] GC(271) ReferenceProcessor::execute queues: 1, RefProcThreadModel::Single, marks_oops_alive: false
[4399.754s][debug][gc,phases      ] GC(271) Reference Processing 0.141ms
[4399.755s][debug][gc,phases      ] GC(271)   VM Weak                        Min:  0.0, Avg:  0.0, Max:  0.0, Diff:  0.0, Sum:  0.0, Workers: 4
[4399.755s][debug][gc,phases      ] GC(271)     Dead                           Min: 0, Avg:  0.0, Max: 0, Diff: 0, Sum: 0, Workers: 4
[4399.755s][debug][gc,phases      ] GC(271)     Total                          Min: 0, Avg: 208.8, Max: 435, Diff: 435, Sum: 835, Workers: 4
[4399.755s][debug][gc,phases      ] GC(271)   ObjectSynchronizer Weak        Min:  0.0, Avg:  0.0, Max:  0.0, Diff:  0.0, Sum:  0.0, Workers: 4
[4399.755s][debug][gc,phases      ] GC(271)     Dead                           Min: 0, Avg:  0.0, Max: 0, Diff: 0, Sum: 0, Workers: 4
[4399.755s][debug][gc,phases      ] GC(271)     Total                          Min: 0, Avg: 11.2, Max: 45, Diff: 45, Sum: 45, Workers: 4
[4399.755s][debug][gc,phases      ] GC(271)   JVMTI Tag Weak OopStorage      Min:  0.0, Avg:  0.0, Max:  0.0, Diff:  0.0, Sum:  0.0, Workers: 4
[4399.755s][debug][gc,phases      ] GC(271)     Dead                           Min: 0, Avg:  0.0, Max: 0, Diff: 0, Sum: 0, Workers: 4
[4399.755s][debug][gc,phases      ] GC(271)     Total                          Min: 0, Avg:  0.0, Max: 0, Diff: 0, Sum: 0, Workers: 4
[4399.755s][debug][gc,phases      ] GC(271)   StringTable Weak               Min:  0.0, Avg:  0.1, Max:  0.2, Diff:  0.2, Sum:  0.5, Workers: 4
[4399.755s][debug][gc,phases      ] GC(271)     Dead                           Min: 0, Avg:  0.8, Max: 3, Diff: 3, Sum: 3, Workers: 4
[4399.755s][debug][gc,phases      ] GC(271)     Total                          Min: 0, Avg: 11043.8, Max: 15358, Diff: 15358, Sum: 44175, Workers: 4
[4399.755s][debug][gc,phases      ] GC(271)   ResolvedMethodTable Weak       Min:  0.0, Avg:  0.0, Max:  0.0, Diff:  0.0, Sum:  0.1, Workers: 4
[4399.755s][debug][gc,phases      ] GC(271)     Dead                           Min: 0, Avg:  0.0, Max: 0, Diff: 0, Sum: 0, Workers: 4
[4399.755s][debug][gc,phases      ] GC(271)     Total                          Min: 0, Avg: 2531.2, Max: 3392, Diff: 3392, Sum: 10125, Workers: 4
[4399.755s][debug][gc,phases      ] GC(271)   JNI Weak                       Min:  0.0, Avg:  0.0, Max:  0.0, Diff:  0.0, Sum:  0.0, Workers: 4
[4399.755s][debug][gc,phases      ] GC(271)     Dead                           Min: 0, Avg:  0.0, Max: 0, Diff: 0, Sum: 0, Workers: 4
[4399.755s][debug][gc,phases      ] GC(271)     Total                          Min: 0, Avg: 11.2, Max: 45, Diff: 45, Sum: 45, Workers: 4
[4399.755s][debug][gc,phases      ] GC(271)   StringDedup Table Weak         Min:  0.0, Avg:  0.0, Max:  0.0, Diff:  0.0, Sum:  0.0, Workers: 4
[4399.755s][debug][gc,phases      ] GC(271)     Dead                           Min: 0, Avg:  0.0, Max: 0, Diff: 0, Sum: 0, Workers: 4
[4399.755s][debug][gc,phases      ] GC(271)     Total                          Min: 0, Avg:  0.0, Max: 0, Diff: 0, Sum: 0, Workers: 4
[4399.755s][debug][gc,phases      ] GC(271)   StringDedup Requests0 Weak     Min:  0.0, Avg:  0.0, Max:  0.0, Diff:  0.0, Sum:  0.0, Workers: 4
[4399.755s][debug][gc,phases      ] GC(271)     Dead                           Min: 0, Avg:  0.0, Max: 0, Diff: 0, Sum: 0, Workers: 4
[4399.755s][debug][gc,phases      ] GC(271)     Total                          Min: 0, Avg:  0.0, Max: 0, Diff: 0, Sum: 0, Workers: 4
[4399.755s][debug][gc,phases      ] GC(271)   StringDedup Requests1 Weak     Min:  0.0, Avg:  0.0, Max:  0.0, Diff:  0.0, Sum:  0.0, Workers: 4
[4399.755s][debug][gc,phases      ] GC(271)     Dead                           Min: 0, Avg:  0.0, Max: 0, Diff: 0, Sum: 0, Workers: 4
[4399.755s][debug][gc,phases      ] GC(271)     Total                          Min: 0, Avg:  0.0, Max: 0, Diff: 0, Sum: 0, Workers: 4
[4399.755s][debug][gc,phases      ] GC(271)   Weak JFR Old Object Samples    Min:  0.0, Avg:  0.0, Max:  0.0, Diff:  0.0, Sum:  0.0, Workers: 4
[4399.755s][debug][gc,phases      ] GC(271)     Dead                           Min: 0, Avg:  0.0, Max: 0, Diff: 0, Sum: 0, Workers: 4
[4399.755s][debug][gc,phases      ] GC(271)     Total                          Min: 0, Avg:  0.0, Max: 0, Diff: 0, Sum: 0, Workers: 4
[4399.755s][debug][gc,phases      ] GC(271) Weak Processing 0.387ms
[4399.755s][debug][gc,age         ] GC(271) Desired survivor size 149422080 bytes, new threshold 15 (max threshold 15)
[4399.755s][info ][gc,heap        ] GC(271) PSYoungGen: 1905687K(1943552K)->110442K(1951232K) Eden: 1792893K(1793024K)->0K(1803264K) From: 112794K(150528K)->110442K(147968K)
[4399.755s][info ][gc,heap        ] GC(271) ParOldGen: 843475K(864256K)->851447K(864256K)
[4399.755s][info ][gc,metaspace   ] GC(271) Metaspace: 85590K(86592K)->85590K(86592K) NonClass: 73679K(74240K)->73679K(74240K) Class: 11911K(12352K)->11911K(12352K)
[4399.755s][info ][gc             ] GC(271) Pause Young (Allocation Failure) 2684M->939M(2749M) 44.167ms
[4399.755s][info ][gc,cpu         ] GC(271) User=0.15s Sys=0.01s Real=0.05s
[4399.755s][debug][gc,phases      ] GC(272) Pre Compact 0.009ms
[4399.755s][info ][gc,start       ] GC(272) Pause Full (Ergonomics)
[4399.755s][info ][gc,phases,start] GC(272) Marking Phase
[4399.928s][debug][gc,phases      ] GC(272) Par Mark 173.411ms
[4399.929s][debug][gc,ref         ] GC(272) ReferenceProcessor::execute queues: 4, RefProcThreadModel::Multi, marks_oops_alive: true
[4399.929s][debug][gc,ref         ] GC(272) ReferenceProcessor::execute queues: 4, RefProcThreadModel::Multi, marks_oops_alive: false
[4399.929s][debug][gc,ref         ] GC(272) Skipped phase 3 of Reference Processing: no references
[4399.929s][debug][gc,ref         ] GC(272) ReferenceProcessor::execute queues: 1, RefProcThreadModel::Single, marks_oops_alive: false
[4399.929s][debug][gc,phases      ] GC(272) Reference Processing 0.800ms
[4399.930s][debug][gc,phases      ] GC(272)   VM Weak                        Min:  0.0, Avg:  0.0, Max:  0.0, Diff:  0.0, Sum:  0.0, Workers: 4
[4399.930s][debug][gc,phases      ] GC(272)     Dead                           Min: 0, Avg:  0.2, Max: 1, Diff: 1, Sum: 1, Workers: 4
[4399.930s][debug][gc,phases      ] GC(272)     Total                          Min: 0, Avg: 208.8, Max: 771, Diff: 771, Sum: 835, Workers: 4
[4399.930s][debug][gc,phases      ] GC(272)   ObjectSynchronizer Weak        Min:  0.0, Avg:  0.0, Max:  0.0, Diff:  0.0, Sum:  0.0, Workers: 4
[4399.930s][debug][gc,phases      ] GC(272)     Dead                           Min: 0, Avg:  0.0, Max: 0, Diff: 0, Sum: 0, Workers: 4
[4399.930s][debug][gc,phases      ] GC(272)     Total                          Min: 0, Avg: 11.2, Max: 45, Diff: 45, Sum: 45, Workers: 4
[4399.930s][debug][gc,phases      ] GC(272)   JVMTI Tag Weak OopStorage      Min:  0.0, Avg:  0.0, Max:  0.0, Diff:  0.0, Sum:  0.0, Workers: 4
[4399.930s][debug][gc,phases      ] GC(272)     Dead                           Min: 0, Avg:  0.0, Max: 0, Diff: 0, Sum: 0, Workers: 4
[4399.930s][debug][gc,phases      ] GC(272)     Total                          Min: 0, Avg:  0.0, Max: 0, Diff: 0, Sum: 0, Workers: 4
[4399.930s][debug][gc,phases      ] GC(272)   StringTable Weak               Min:  0.2, Avg:  0.2, Max:  0.2, Diff:  0.0, Sum:  0.7, Workers: 4
[4399.930s][debug][gc,phases      ] GC(272)     Dead                           Min: 0, Avg:  0.0, Max: 0, Diff: 0, Sum: 0, Workers: 4
[4399.930s][debug][gc,phases      ] GC(272)     Total                          Min: 10175, Avg: 11043.8, Max: 11839, Diff: 1664, Sum: 44175, Workers: 4
[4399.930s][debug][gc,phases      ] GC(272)   ResolvedMethodTable Weak       Min:  0.0, Avg:  0.0, Max:  0.0, Diff:  0.0, Sum:  0.1, Workers: 4
[4399.930s][debug][gc,phases      ] GC(272)     Dead                           Min: 0, Avg:  0.2, Max: 1, Diff: 1, Sum: 1, Workers: 4
[4399.930s][debug][gc,phases      ] GC(272)     Total                          Min: 2432, Avg: 2531.2, Max: 2752, Diff: 320, Sum: 10125, Workers: 4
[4399.930s][debug][gc,phases      ] GC(272)   JNI Weak                       Min:  0.0, Avg:  0.0, Max:  0.0, Diff:  0.0, Sum:  0.0, Workers: 4
[4399.930s][debug][gc,phases      ] GC(272)     Dead                           Min: 0, Avg:  0.0, Max: 0, Diff: 0, Sum: 0, Workers: 4
[4399.930s][debug][gc,phases      ] GC(272)     Total                          Min: 0, Avg: 11.2, Max: 45, Diff: 45, Sum: 45, Workers: 4
[4399.930s][debug][gc,phases      ] GC(272)   StringDedup Table Weak         Min:  0.0, Avg:  0.0, Max:  0.0, Diff:  0.0, Sum:  0.0, Workers: 4
[4399.930s][debug][gc,phases      ] GC(272)     Dead                           Min: 0, Avg:  0.0, Max: 0, Diff: 0, Sum: 0, Workers: 4
[4399.930s][debug][gc,phases      ] GC(272)     Total                          Min: 0, Avg:  0.0, Max: 0, Diff: 0, Sum: 0, Workers: 4
[4399.930s][debug][gc,phases      ] GC(272)   StringDedup Requests0 Weak     Min:  0.0, Avg:  0.0, Max:  0.0, Diff:  0.0, Sum:  0.0, Workers: 4
[4399.930s][debug][gc,phases      ] GC(272)     Dead                           Min: 0, Avg:  0.0, Max: 0, Diff: 0, Sum: 0, Workers: 4
[4399.930s][debug][gc,phases      ] GC(272)     Total                          Min: 0, Avg:  0.0, Max: 0, Diff: 0, Sum: 0, Workers: 4
[4399.930s][debug][gc,phases      ] GC(272)   StringDedup Requests1 Weak     Min:  0.0, Avg:  0.0, Max:  0.0, Diff:  0.0, Sum:  0.0, Workers: 4
[4399.930s][debug][gc,phases      ] GC(272)     Dead                           Min: 0, Avg:  0.0, Max: 0, Diff: 0, Sum: 0, Workers: 4
[4399.930s][debug][gc,phases      ] GC(272)     Total                          Min: 0, Avg:  0.0, Max: 0, Diff: 0, Sum: 0, Workers: 4
[4399.930s][debug][gc,phases      ] GC(272)   Weak JFR Old Object Samples    Min:  0.0, Avg:  0.0, Max:  0.0, Diff:  0.0, Sum:  0.0, Workers: 4
[4399.930s][debug][gc,phases      ] GC(272)     Dead                           Min: 0, Avg:  0.0, Max: 0, Diff: 0, Sum: 0, Workers: 4
[4399.930s][debug][gc,phases      ] GC(272)     Total                          Min: 0, Avg:  0.0, Max: 0, Diff: 0, Sum: 0, Workers: 4
[4399.930s][debug][gc,phases      ] GC(272) Weak Processing 0.415ms
[4399.930s][debug][gc,phases      ] GC(272) ClassLoaderData 0.197ms
[4399.930s][debug][gc,phases      ] GC(272) Trigger cleanups 0.007ms
[4399.974s][debug][gc,phases      ] GC(272) Class Unloading 44.154ms
[4399.974s][info ][gc,phases      ] GC(272) Marking Phase 218.997ms
[4399.974s][info ][gc,phases,start] GC(272) Summary Phase
[4399.974s][info ][gc,phases      ] GC(272) Summary Phase 0.029ms
[4399.974s][info ][gc,phases,start] GC(272) Adjust Roots
[4399.993s][info ][gc,phases      ] GC(272) Adjust Roots 18.782ms
[4399.993s][info ][gc,phases,start] GC(272) Compaction Phase
[4400.195s][info ][gc,phases      ] GC(272) Compaction Phase 202.529ms
[4400.195s][info ][gc,phases,start] GC(272) Post Compact
[4400.199s][info ][gc,phases      ] GC(272) Post Compact 3.212ms
[4400.199s][info ][gc,heap        ] GC(272) PSYoungGen: 110442K(1951232K)->0K(1949184K) Eden: 0K(1803264K)->0K(1803264K) From: 110442K(147968K)->0K(145920K)
[4400.199s][info ][gc,heap        ] GC(272) ParOldGen: 851447K(864256K)->627038K(871424K)
[4400.199s][info ][gc,metaspace   ] GC(272) Metaspace: 85590K(86592K)->85589K(86592K) NonClass: 73679K(74240K)->73678K(74240K) Class: 11911K(12352K)->11910K(12352K)
[4400.199s][info ][gc             ] GC(272) Pause Full (Ergonomics) 939M->612M(2754M) 443.801ms
[4400.199s][info ][gc,cpu         ] GC(272) User=1.43s Sys=0.00s Real=0.44s
[4400.199s][info ][safepoint      ] Safepoint "ParallelGCFailedAllocation", Time since last: 758966501 ns, Reaching safepoint: 32801 ns, At safepoint: 488261904 ns, Total: 488294705 ns
[4401.199s][info ][safepoint      ] Safepoint "Cleanup", Time since last: 1000098634 ns, Reaching safepoint: 165803 ns, At safepoint: 5300 ns, Total: 171103 ns
[4402.199s][info ][safepoint      ] Safepoint "Cleanup", Time since last: 1000142035 ns, Reaching safepoint: 136203 ns, At safepoint: 6100 ns, Total: 142303 ns
[4403.200s][info ][safepoint      ] Safepoint "Cleanup", Time since last: 1000118234 ns, Reaching safepoint: 114502 ns, At safepoint: 6400 ns, Total: 120902 ns
[4404.200s][info ][safepoint      ] Safepoint "Cleanup", Time since last: 1000081533 ns, Reaching safepoint: 141603 ns, At safepoint: 7000 ns, Total: 148603 ns
[4405.200s][info ][safepoint      ] Safepoint "Cleanup", Time since last: 1000118334 ns, Reaching safepoint: 101502 ns, At safepoint: 8601 ns, Total: 110103 ns
[4407.200s][info ][safepoint      ] Safepoint "Cleanup", Time since last: 2000180766 ns, Reaching safepoint: 108002 ns, At safepoint: 5600 ns, Total: 113602 ns
[4411.201s][info ][safepoint      ] Safepoint "Cleanup", Time since last: 4000299360 ns, Reaching safepoint: 134803 ns, At safepoint: 7300 ns, Total: 142103 ns
[4411.641s][info ][gc,start       ] GC(273) Pause Young (Allocation Failure)
[4411.652s][debug][gc,phases      ] GC(273) Scavenge 10.939ms
[4411.652s][debug][gc,ref         ] GC(273) Skipped phase 1 of Reference Processing: no references
[4411.652s][debug][gc,ref         ] GC(273) ReferenceProcessor::execute queues: 1, RefProcThreadModel::Single, marks_oops_alive: false
[4411.652s][debug][gc,ref         ] GC(273) Skipped phase 3 of Reference Processing: no references
[4411.652s][debug][gc,ref         ] GC(273) ReferenceProcessor::execute queues: 1, RefProcThreadModel::Single, marks_oops_alive: false
[4411.652s][debug][gc,phases      ] GC(273) Reference Processing 0.105ms
[4411.652s][debug][gc,phases      ] GC(273)   VM Weak                        Min:  0.0, Avg:  0.0, Max:  0.0, Diff:  0.0, Sum:  0.0, Workers: 4
[4411.652s][debug][gc,phases      ] GC(273)     Dead                           Min: 0, Avg:  0.0, Max: 0, Diff: 0, Sum: 0, Workers: 4
[4411.652s][debug][gc,phases      ] GC(273)     Total                          Min: 0, Avg: 208.5, Max: 435, Diff: 435, Sum: 834, Workers: 4
[4411.652s][debug][gc,phases      ] GC(273)   ObjectSynchronizer Weak        Min:  0.0, Avg:  0.0, Max:  0.0, Diff:  0.0, Sum:  0.0, Workers: 4
[4411.652s][debug][gc,phases      ] GC(273)     Dead                           Min: 0, Avg:  0.0, Max: 0, Diff: 0, Sum: 0, Workers: 4
[4411.652s][debug][gc,phases      ] GC(273)     Total                          Min: 0, Avg: 11.2, Max: 45, Diff: 45, Sum: 45, Workers: 4
[4411.652s][debug][gc,phases      ] GC(273)   JVMTI Tag Weak OopStorage      Min:  0.0, Avg:  0.0, Max:  0.0, Diff:  0.0, Sum:  0.0, Workers: 4
[4411.652s][debug][gc,phases      ] GC(273)     Dead                           Min: 0, Avg:  0.0, Max: 0, Diff: 0, Sum: 0, Workers: 4
[4411.652s][debug][gc,phases      ] GC(273)     Total                          Min: 0, Avg:  0.0, Max: 0, Diff: 0, Sum: 0, Workers: 4
[4411.652s][debug][gc,phases      ] GC(273)   StringTable Weak               Min:  0.0, Avg:  0.1, Max:  0.1, Diff:  0.1, Sum:  0.4, Workers: 4
[4411.652s][debug][gc,phases      ] GC(273)     Dead                           Min: 0, Avg:  0.0, Max: 0, Diff: 0, Sum: 0, Workers: 4
[4411.652s][debug][gc,phases      ] GC(273)     Total                          Min: 0, Avg: 11043.8, Max: 15698, Diff: 15698, Sum: 44175, Workers: 4
[4411.652s][debug][gc,phases      ] GC(273)   ResolvedMethodTable Weak       Min:  0.0, Avg:  0.0, Max:  0.0, Diff:  0.0, Sum:  0.1, Workers: 4
[4411.652s][debug][gc,phases      ] GC(273)     Dead                           Min: 0, Avg:  0.0, Max: 0, Diff: 0, Sum: 0, Workers: 4
[4411.652s][debug][gc,phases      ] GC(273)     Total                          Min: 0, Avg: 2531.2, Max: 3520, Diff: 3520, Sum: 10125, Workers: 4
[4411.652s][debug][gc,phases      ] GC(273)   JNI Weak                       Min:  0.0, Avg:  0.0, Max:  0.0, Diff:  0.0, Sum:  0.0, Workers: 4
[4411.652s][debug][gc,phases      ] GC(273)     Dead                           Min: 0, Avg:  0.0, Max: 0, Diff: 0, Sum: 0, Workers: 4
[4411.652s][debug][gc,phases      ] GC(273)     Total                          Min: 0, Avg: 11.2, Max: 45, Diff: 45, Sum: 45, Workers: 4
[4411.652s][debug][gc,phases      ] GC(273)   StringDedup Table Weak         Min:  0.0, Avg:  0.0, Max:  0.0, Diff:  0.0, Sum:  0.0, Workers: 4
[4411.652s][debug][gc,phases      ] GC(273)     Dead                           Min: 0, Avg:  0.0, Max: 0, Diff: 0, Sum: 0, Workers: 4
[4411.652s][debug][gc,phases      ] GC(273)     Total                          Min: 0, Avg:  0.0, Max: 0, Diff: 0, Sum: 0, Workers: 4
[4411.652s][debug][gc,phases      ] GC(273)   StringDedup Requests0 Weak     Min:  0.0, Avg:  0.0, Max:  0.0, Diff:  0.0, Sum:  0.0, Workers: 4
[4411.653s][debug][gc,phases      ] GC(273)     Dead                           Min: 0, Avg:  0.0, Max: 0, Diff: 0, Sum: 0, Workers: 4
[4411.653s][debug][gc,phases      ] GC(273)     Total                          Min: 0, Avg:  0.0, Max: 0, Diff: 0, Sum: 0, Workers: 4
[4411.653s][debug][gc,phases      ] GC(273)   StringDedup Requests1 Weak     Min:  0.0, Avg:  0.0, Max:  0.0, Diff:  0.0, Sum:  0.0, Workers: 4
[4411.653s][debug][gc,phases      ] GC(273)     Dead                           Min: 0, Avg:  0.0, Max: 0, Diff: 0, Sum: 0, Workers: 4
[4411.653s][debug][gc,phases      ] GC(273)     Total                          Min: 0, Avg:  0.0, Max: 0, Diff: 0, Sum: 0, Workers: 4
[4411.653s][debug][gc,phases      ] GC(273)   Weak JFR Old Object Samples    Min:  0.0, Avg:  0.0, Max:  0.0, Diff:  0.0, Sum:  0.0, Workers: 4
[4411.653s][debug][gc,phases      ] GC(273)     Dead                           Min: 0, Avg:  0.0, Max: 0, Diff: 0, Sum: 0, Workers: 4
[4411.653s][debug][gc,phases      ] GC(273)     Total                          Min: 0, Avg:  0.0, Max: 0, Diff: 0, Sum: 0, Workers: 4
[4411.653s][debug][gc,phases      ] GC(273) Weak Processing 0.376ms
[4411.653s][debug][gc,age         ] GC(273) Desired survivor size 163577856 bytes, new threshold 15 (max threshold 15)
[4411.653s][info ][gc,heap        ] GC(273) PSYoungGen: 1803264K(1949184K)->17728K(1923584K) Eden: 1803264K(1803264K)->0K(1777664K) From: 0K(145920K)->17728K(145920K)
[4411.653s][info ][gc,heap        ] GC(273) ParOldGen: 627038K(871424K)->627038K(871424K)
[4411.653s][info ][gc,metaspace   ] GC(273) Metaspace: 85596K(86592K)->85596K(86592K) NonClass: 73686K(74240K)->73686K(74240K) Class: 11910K(12352K)->11910K(12352K)
[4411.653s][info ][gc             ] GC(273) Pause Young (Allocation Failure) 2373M->629M(2729M) 11.565ms
[4411.653s][info ][gc,cpu         ] GC(273) User=0.04s Sys=0.00s Real=0.02s
[4411.653s][info ][safepoint      ] Safepoint "ParallelGCFailedAllocation", Time since last: 439975978 ns, Reaching safepoint: 120802 ns, At safepoint: 11655359 ns, Total: 11776161 ns
[4412.653s][info ][safepoint      ] Safepoint "Cleanup", Time since last: 1000095925 ns, Reaching safepoint: 125103 ns, At safepoint: 4100 ns, Total: 129203 ns
[4417.653s][info ][safepoint      ] Safepoint "Cleanup", Time since last: 5000379979 ns, Reaching safepoint: 111302 ns, At safepoint: 6200 ns, Total: 117502 ns
[4418.654s][info ][safepoint      ] Safepoint "Cleanup", Time since last: 1000110953 ns, Reaching safepoint: 54902 ns, At safepoint: 3600 ns, Total: 58502 ns
[4420.654s][info ][safepoint      ] Safepoint "Cleanup", Time since last: 2000321909 ns, Reaching safepoint: 134203 ns, At safepoint: 6200 ns, Total: 140403 ns
[4421.654s][info ][safepoint      ] Safepoint "Cleanup", Time since last: 1000124353 ns, Reaching safepoint: 123003 ns, At safepoint: 5200 ns, Total: 128203 ns
[4429.150s][info ][gc,start       ] GC(274) Pause Young (Allocation Failure)
[4429.158s][debug][gc,phases      ] GC(274) Scavenge 8.282ms
[4429.158s][debug][gc,ref         ] GC(274) Skipped phase 1 of Reference Processing: no references
[4429.158s][debug][gc,ref         ] GC(274) Skipped phase 2 of Reference Processing: no references
[4429.158s][debug][gc,ref         ] GC(274) Skipped phase 3 of Reference Processing: no references
[4429.158s][debug][gc,ref         ] GC(274) ReferenceProcessor::execute queues: 1, RefProcThreadModel::Single, marks_oops_alive: false
[4429.158s][debug][gc,phases      ] GC(274) Reference Processing 0.115ms
[4429.158s][debug][gc,phases      ] GC(274)   VM Weak                        Min:  0.0, Avg:  0.0, Max:  0.0, Diff:  0.0, Sum:  0.0, Workers: 4
[4429.158s][debug][gc,phases      ] GC(274)     Dead                           Min: 0, Avg:  0.0, Max: 0, Diff: 0, Sum: 0, Workers: 4
[4429.158s][debug][gc,phases      ] GC(274)     Total                          Min: 0, Avg: 208.5, Max: 834, Diff: 834, Sum: 834, Workers: 4
[4429.158s][debug][gc,phases      ] GC(274)   ObjectSynchronizer Weak        Min:  0.0, Avg:  0.0, Max:  0.0, Diff:  0.0, Sum:  0.0, Workers: 4
[4429.158s][debug][gc,phases      ] GC(274)     Dead                           Min: 0, Avg:  0.0, Max: 0, Diff: 0, Sum: 0, Workers: 4
[4429.158s][debug][gc,phases      ] GC(274)     Total                          Min: 0, Avg: 11.2, Max: 45, Diff: 45, Sum: 45, Workers: 4
[4429.158s][debug][gc,phases      ] GC(274)   JVMTI Tag Weak OopStorage      Min:  0.0, Avg:  0.0, Max:  0.0, Diff:  0.0, Sum:  0.0, Workers: 4
[4429.158s][debug][gc,phases      ] GC(274)     Dead                           Min: 0, Avg:  0.0, Max: 0, Diff: 0, Sum: 0, Workers: 4
[4429.158s][debug][gc,phases      ] GC(274)     Total                          Min: 0, Avg:  0.0, Max: 0, Diff: 0, Sum: 0, Workers: 4
[4429.158s][debug][gc,phases      ] GC(274)   StringTable Weak               Min:  0.1, Avg:  0.1, Max:  0.1, Diff:  0.0, Sum:  0.4, Workers: 4
[4429.158s][debug][gc,phases      ] GC(274)     Dead                           Min: 0, Avg:  0.0, Max: 0, Diff: 0, Sum: 0, Workers: 4
[4429.158s][debug][gc,phases      ] GC(274)     Total                          Min: 9408, Avg: 11043.8, Max: 12287, Diff: 2879, Sum: 44175, Workers: 4
[4429.158s][debug][gc,phases      ] GC(274)   ResolvedMethodTable Weak       Min:  0.0, Avg:  0.0, Max:  0.0, Diff:  0.0, Sum:  0.1, Workers: 4
[4429.158s][debug][gc,phases      ] GC(274)     Dead                           Min: 0, Avg:  0.0, Max: 0, Diff: 0, Sum: 0, Workers: 4
[4429.158s][debug][gc,phases      ] GC(274)     Total                          Min: 1869, Avg: 2531.2, Max: 2816, Diff: 947, Sum: 10125, Workers: 4
[4429.158s][debug][gc,phases      ] GC(274)   JNI Weak                       Min:  0.0, Avg:  0.0, Max:  0.0, Diff:  0.0, Sum:  0.0, Workers: 4
[4429.158s][debug][gc,phases      ] GC(274)     Dead                           Min: 0, Avg:  0.0, Max: 0, Diff: 0, Sum: 0, Workers: 4
[4429.158s][debug][gc,phases      ] GC(274)     Total                          Min: 0, Avg: 11.2, Max: 45, Diff: 45, Sum: 45, Workers: 4
[4429.158s][debug][gc,phases      ] GC(274)   StringDedup Table Weak         Min:  0.0, Avg:  0.0, Max:  0.0, Diff:  0.0, Sum:  0.0, Workers: 4
[4429.158s][debug][gc,phases      ] GC(274)     Dead                           Min: 0, Avg:  0.0, Max: 0, Diff: 0, Sum: 0, Workers: 4
[4429.158s][debug][gc,phases      ] GC(274)     Total                          Min: 0, Avg:  0.0, Max: 0, Diff: 0, Sum: 0, Workers: 4
[4429.158s][debug][gc,phases      ] GC(274)   StringDedup Requests0 Weak     Min:  0.0, Avg:  0.0, Max:  0.0, Diff:  0.0, Sum:  0.0, Workers: 4
[4429.158s][debug][gc,phases      ] GC(274)     Dead                           Min: 0, Avg:  0.0, Max: 0, Diff: 0, Sum: 0, Workers: 4
[4429.158s][debug][gc,phases      ] GC(274)     Total                          Min: 0, Avg:  0.0, Max: 0, Diff: 0, Sum: 0, Workers: 4
[4429.158s][debug][gc,phases      ] GC(274)   StringDedup Requests1 Weak     Min:  0.0, Avg:  0.0, Max:  0.0, Diff:  0.0, Sum:  0.0, Workers: 4
[4429.158s][debug][gc,phases      ] GC(274)     Dead                           Min: 0, Avg:  0.0, Max: 0, Diff: 0, Sum: 0, Workers: 4
[4429.158s][debug][gc,phases      ] GC(274)     Total                          Min: 0, Avg:  0.0, Max: 0, Diff: 0, Sum: 0, Workers: 4
[4429.158s][debug][gc,phases      ] GC(274)   Weak JFR Old Object Samples    Min:  0.0, Avg:  0.0, Max:  0.0, Diff:  0.0, Sum:  0.0, Workers: 4
[4429.158s][debug][gc,phases      ] GC(274)     Dead                           Min: 0, Avg:  0.0, Max: 0, Diff: 0, Sum: 0, Workers: 4
[4429.158s][debug][gc,phases      ] GC(274)     Total                          Min: 0, Avg:  0.0, Max: 0, Diff: 0, Sum: 0, Workers: 4
[4429.159s][debug][gc,phases      ] GC(274) Weak Processing 0.326ms
[4429.159s][debug][gc,age         ] GC(274) Desired survivor size 172490752 bytes, new threshold 15 (max threshold 15)
[4429.159s][info ][gc,heap        ] GC(274) PSYoungGen: 1795392K(1923584K)->21136K(1799168K) Eden: 1777664K(1777664K)->0K(1777664K) From: 17728K(145920K)->21136K(21504K)
[4429.159s][info ][gc,heap        ] GC(274) ParOldGen: 627038K(871424K)->627038K(871424K)
[4429.159s][info ][gc,metaspace   ] GC(274) Metaspace: 85603K(86592K)->85603K(86592K) NonClass: 73693K(74240K)->73693K(74240K) Class: 11910K(12352K)->11910K(12352K)
[4429.159s][info ][gc             ] GC(274) Pause Young (Allocation Failure) 2365M->632M(2608M) 8.890ms
[4429.159s][info ][gc,cpu         ] GC(274) User=0.03s Sys=0.00s Real=0.01s
[4429.159s][info ][safepoint      ] Safepoint "ParallelGCFailedAllocation", Time since last: 7495353416 ns, Reaching safepoint: 34001 ns, At safepoint: 8959299 ns, Total: 8993300 ns
[4430.159s][info ][safepoint      ] Safepoint "Cleanup", Time since last: 1000096543 ns, Reaching safepoint: 57402 ns, At safepoint: 3100 ns, Total: 60502 ns
[4432.159s][info ][safepoint      ] Safepoint "Cleanup", Time since last: 2000185385 ns, Reaching safepoint: 64102 ns, At safepoint: 2700 ns, Total: 66802 ns
[4435.159s][info ][safepoint      ] Safepoint "Cleanup", Time since last: 3000258221 ns, Reaching safepoint: 55702 ns, At safepoint: 3600 ns, Total: 59302 ns
[4438.160s][info ][safepoint      ] Safepoint "Cleanup", Time since last: 3000256221 ns, Reaching safepoint: 52001 ns, At safepoint: 3501 ns, Total: 55502 ns
[4439.160s][info ][safepoint      ] Safepoint "Cleanup", Time since last: 1000138041 ns, Reaching safepoint: 43901 ns, At safepoint: 3400 ns, Total: 47301 ns
[4440.160s][info ][safepoint      ] Safepoint "Cleanup", Time since last: 1000083405 ns, Reaching safepoint: 50702 ns, At safepoint: 3000 ns, Total: 53702 ns
[4447.161s][info ][safepoint      ] Safepoint "Cleanup", Time since last: 7000686328 ns, Reaching safepoint: 54801 ns, At safepoint: 3000 ns, Total: 57801 ns
[4448.161s][info ][safepoint      ] Safepoint "Cleanup", Time since last: 1000112602 ns, Reaching safepoint: 49901 ns, At safepoint: 2700 ns, Total: 52601 ns
[4448.910s][info ][gc,start       ] GC(275) Pause Young (Allocation Failure)
[4448.919s][debug][gc,phases      ] GC(275) Scavenge 8.767ms
[4448.919s][debug][gc,ref         ] GC(275) Skipped phase 1 of Reference Processing: no references
[4448.919s][debug][gc,ref         ] GC(275) ReferenceProcessor::execute queues: 1, RefProcThreadModel::Single, marks_oops_alive: false
[4448.919s][debug][gc,ref         ] GC(275) Skipped phase 3 of Reference Processing: no references
[4448.919s][debug][gc,ref         ] GC(275) ReferenceProcessor::execute queues: 1, RefProcThreadModel::Single, marks_oops_alive: false
[4448.919s][debug][gc,phases      ] GC(275) Reference Processing 0.109ms
[4448.919s][debug][gc,phases      ] GC(275)   VM Weak                        Min:  0.0, Avg:  0.0, Max:  0.0, Diff:  0.0, Sum:  0.0, Workers: 4
[4448.919s][debug][gc,phases      ] GC(275)     Dead                           Min: 0, Avg:  0.0, Max: 0, Diff: 0, Sum: 0, Workers: 4
[4448.919s][debug][gc,phases      ] GC(275)     Total                          Min: 0, Avg: 208.5, Max: 642, Diff: 642, Sum: 834, Workers: 4
[4448.919s][debug][gc,phases      ] GC(275)   ObjectSynchronizer Weak        Min:  0.0, Avg:  0.0, Max:  0.0, Diff:  0.0, Sum:  0.0, Workers: 4
[4448.919s][debug][gc,phases      ] GC(275)     Dead                           Min: 0, Avg:  0.0, Max: 0, Diff: 0, Sum: 0, Workers: 4
[4448.919s][debug][gc,phases      ] GC(275)     Total                          Min: 0, Avg: 11.2, Max: 45, Diff: 45, Sum: 45, Workers: 4
[4448.919s][debug][gc,phases      ] GC(275)   JVMTI Tag Weak OopStorage      Min:  0.0, Avg:  0.0, Max:  0.0, Diff:  0.0, Sum:  0.0, Workers: 4
[4448.919s][debug][gc,phases      ] GC(275)     Dead                           Min: 0, Avg:  0.0, Max: 0, Diff: 0, Sum: 0, Workers: 4
[4448.919s][debug][gc,phases      ] GC(275)     Total                          Min: 0, Avg:  0.0, Max: 0, Diff: 0, Sum: 0, Workers: 4
[4448.919s][debug][gc,phases      ] GC(275)   StringTable Weak               Min:  0.0, Avg:  0.1, Max:  0.1, Diff:  0.1, Sum:  0.4, Workers: 4
[4448.919s][debug][gc,phases      ] GC(275)     Dead                           Min: 0, Avg:  0.2, Max: 1, Diff: 1, Sum: 1, Workers: 4
[4448.919s][debug][gc,phases      ] GC(275)     Total                          Min: 0, Avg: 11044.2, Max: 15166, Diff: 15166, Sum: 44177, Workers: 4
[4448.919s][debug][gc,phases      ] GC(275)   ResolvedMethodTable Weak       Min:  0.0, Avg:  0.0, Max:  0.0, Diff:  0.0, Sum:  0.1, Workers: 4
[4448.919s][debug][gc,phases      ] GC(275)     Dead                           Min: 0, Avg:  0.0, Max: 0, Diff: 0, Sum: 0, Workers: 4
[4448.919s][debug][gc,phases      ] GC(275)     Total                          Min: 0, Avg: 2531.8, Max: 3663, Diff: 3663, Sum: 10127, Workers: 4
[4448.919s][debug][gc,phases      ] GC(275)   JNI Weak                       Min:  0.0, Avg:  0.0, Max:  0.0, Diff:  0.0, Sum:  0.0, Workers: 4
[4448.919s][debug][gc,phases      ] GC(275)     Dead                           Min: 0, Avg:  0.0, Max: 0, Diff: 0, Sum: 0, Workers: 4
[4448.919s][debug][gc,phases      ] GC(275)     Total                          Min: 0, Avg: 11.2, Max: 45, Diff: 45, Sum: 45, Workers: 4
[4448.919s][debug][gc,phases      ] GC(275)   StringDedup Table Weak         Min:  0.0, Avg:  0.0, Max:  0.0, Diff:  0.0, Sum:  0.0, Workers: 4
[4448.919s][debug][gc,phases      ] GC(275)     Dead                           Min: 0, Avg:  0.0, Max: 0, Diff: 0, Sum: 0, Workers: 4
[4448.919s][debug][gc,phases      ] GC(275)     Total                          Min: 0, Avg:  0.0, Max: 0, Diff: 0, Sum: 0, Workers: 4
[4448.919s][debug][gc,phases      ] GC(275)   StringDedup Requests0 Weak     Min:  0.0, Avg:  0.0, Max:  0.0, Diff:  0.0, Sum:  0.0, Workers: 4
[4448.919s][debug][gc,phases      ] GC(275)     Dead                           Min: 0, Avg:  0.0, Max: 0, Diff: 0, Sum: 0, Workers: 4
[4448.919s][debug][gc,phases      ] GC(275)     Total                          Min: 0, Avg:  0.0, Max: 0, Diff: 0, Sum: 0, Workers: 4
[4448.919s][debug][gc,phases      ] GC(275)   StringDedup Requests1 Weak     Min:  0.0, Avg:  0.0, Max:  0.0, Diff:  0.0, Sum:  0.0, Workers: 4
[4448.919s][debug][gc,phases      ] GC(275)     Dead                           Min: 0, Avg:  0.0, Max: 0, Diff: 0, Sum: 0, Workers: 4
[4448.919s][debug][gc,phases      ] GC(275)     Total                          Min: 0, Avg:  0.0, Max: 0, Diff: 0, Sum: 0, Workers: 4
[4448.919s][debug][gc,phases      ] GC(275)   Weak JFR Old Object Samples    Min:  0.0, Avg:  0.0, Max:  0.0, Diff:  0.0, Sum:  0.0, Workers: 4
[4448.919s][debug][gc,phases      ] GC(275)     Dead                           Min: 0, Avg:  0.0, Max: 0, Diff: 0, Sum: 0, Workers: 4
[4448.920s][debug][gc,phases      ] GC(275)     Total                          Min: 0, Avg:  0.0, Max: 0, Diff: 0, Sum: 0, Workers: 4
[4448.920s][debug][gc,phases      ] GC(275) Weak Processing 0.361ms
[4448.920s][debug][gc,age         ] GC(275) Desired survivor size 178257920 bytes, new threshold 15 (max threshold 15)
[4448.920s][info ][gc,heap        ] GC(275) PSYoungGen: 1798800K(1799168K)->23504K(1917440K) Eden: 1777664K(1777664K)->0K(1748992K) From: 21136K(21504K)->23504K(168448K)
[4448.920s][info ][gc,heap        ] GC(275) ParOldGen: 627038K(871424K)->627038K(871424K)
[4448.920s][info ][gc,metaspace   ] GC(275) Metaspace: 85613K(86592K)->85613K(86592K) NonClass: 73701K(74240K)->73701K(74240K) Class: 11911K(12352K)->11911K(12352K)
[4448.920s][info ][gc             ] GC(275) Pause Young (Allocation Failure) 2368M->635M(2723M) 9.388ms
[4448.920s][info ][gc,cpu         ] GC(275) User=0.04s Sys=0.00s Real=0.01s
[4448.920s][info ][safepoint      ] Safepoint "ParallelGCFailedAllocation", Time since last: 749225631 ns, Reaching safepoint: 43501 ns, At safepoint: 9466510 ns, Total: 9510011 ns
[4449.920s][info ][safepoint      ] Safepoint "Cleanup", Time since last: 1000079500 ns, Reaching safepoint: 58701 ns, At safepoint: 7000 ns, Total: 65701 ns
[4456.920s][info ][safepoint      ] Safepoint "Cleanup", Time since last: 7000453978 ns, Reaching safepoint: 53001 ns, At safepoint: 5700 ns, Total: 58701 ns
[4462.921s][info ][safepoint      ] Safepoint "Cleanup", Time since last: 6000478800 ns, Reaching safepoint: 44001 ns, At safepoint: 5500 ns, Total: 49501 ns
[4470.914s][info ][gc,start       ] GC(276) Pause Young (Allocation Failure)
[4470.923s][debug][gc,phases      ] GC(276) Scavenge 9.391ms
[4470.923s][debug][gc,ref         ] GC(276) Skipped phase 1 of Reference Processing: no references
[4470.924s][debug][gc,ref         ] GC(276) ReferenceProcessor::execute queues: 1, RefProcThreadModel::Single, marks_oops_alive: false
[4470.924s][debug][gc,ref         ] GC(276) Skipped phase 3 of Reference Processing: no references
[4470.924s][debug][gc,ref         ] GC(276) ReferenceProcessor::execute queues: 1, RefProcThreadModel::Single, marks_oops_alive: false
[4470.924s][debug][gc,phases      ] GC(276) Reference Processing 0.120ms
[4470.924s][debug][gc,phases      ] GC(276)   VM Weak                        Min:  0.0, Avg:  0.0, Max:  0.0, Diff:  0.0, Sum:  0.0, Workers: 4
[4470.924s][debug][gc,phases      ] GC(276)     Dead                           Min: 0, Avg:  0.0, Max: 0, Diff: 0, Sum: 0, Workers: 4
[4470.924s][debug][gc,phases      ] GC(276)     Total                          Min: 0, Avg: 208.5, Max: 573, Diff: 573, Sum: 834, Workers: 4
[4470.924s][debug][gc,phases      ] GC(276)   ObjectSynchronizer Weak        Min:  0.0, Avg:  0.0, Max:  0.0, Diff:  0.0, Sum:  0.0, Workers: 4
[4470.924s][debug][gc,phases      ] GC(276)     Dead                           Min: 0, Avg:  0.0, Max: 0, Diff: 0, Sum: 0, Workers: 4
[4470.924s][debug][gc,phases      ] GC(276)     Total                          Min: 0, Avg: 11.2, Max: 45, Diff: 45, Sum: 45, Workers: 4
[4470.924s][debug][gc,phases      ] GC(276)   JVMTI Tag Weak OopStorage      Min:  0.0, Avg:  0.0, Max:  0.0, Diff:  0.0, Sum:  0.0, Workers: 4
[4470.924s][debug][gc,phases      ] GC(276)     Dead                           Min: 0, Avg:  0.0, Max: 0, Diff: 0, Sum: 0, Workers: 4
[4470.924s][debug][gc,phases      ] GC(276)     Total                          Min: 0, Avg:  0.0, Max: 0, Diff: 0, Sum: 0, Workers: 4
[4470.924s][debug][gc,phases      ] GC(276)   StringTable Weak               Min:  0.0, Avg:  0.2, Max:  0.3, Diff:  0.3, Sum:  0.7, Workers: 4
[4470.924s][debug][gc,phases      ] GC(276)     Dead                           Min: 0, Avg:  0.0, Max: 0, Diff: 0, Sum: 0, Workers: 4
[4470.924s][debug][gc,phases      ] GC(276)     Total                          Min: 0, Avg: 11044.2, Max: 19837, Diff: 19837, Sum: 44177, Workers: 4
[4470.924s][debug][gc,phases      ] GC(276)   ResolvedMethodTable Weak       Min:  0.0, Avg:  0.0, Max:  0.0, Diff:  0.0, Sum:  0.1, Workers: 4
[4470.924s][debug][gc,phases      ] GC(276)     Dead                           Min: 0, Avg:  0.0, Max: 0, Diff: 0, Sum: 0, Workers: 4
[4470.924s][debug][gc,phases      ] GC(276)     Total                          Min: 0, Avg: 2531.8, Max: 5184, Diff: 5184, Sum: 10127, Workers: 4
[4470.924s][debug][gc,phases      ] GC(276)   JNI Weak                       Min:  0.0, Avg:  0.0, Max:  0.0, Diff:  0.0, Sum:  0.0, Workers: 4
[4470.924s][debug][gc,phases      ] GC(276)     Dead                           Min: 0, Avg:  0.0, Max: 0, Diff: 0, Sum: 0, Workers: 4
[4470.924s][debug][gc,phases      ] GC(276)     Total                          Min: 0, Avg: 11.2, Max: 45, Diff: 45, Sum: 45, Workers: 4
[4470.924s][debug][gc,phases      ] GC(276)   StringDedup Table Weak         Min:  0.0, Avg:  0.0, Max:  0.0, Diff:  0.0, Sum:  0.0, Workers: 4
[4470.924s][debug][gc,phases      ] GC(276)     Dead                           Min: 0, Avg:  0.0, Max: 0, Diff: 0, Sum: 0, Workers: 4
[4470.924s][debug][gc,phases      ] GC(276)     Total                          Min: 0, Avg:  0.0, Max: 0, Diff: 0, Sum: 0, Workers: 4
[4470.924s][debug][gc,phases      ] GC(276)   StringDedup Requests0 Weak     Min:  0.0, Avg:  0.0, Max:  0.0, Diff:  0.0, Sum:  0.0, Workers: 4
[4470.924s][debug][gc,phases      ] GC(276)     Dead                           Min: 0, Avg:  0.0, Max: 0, Diff: 0, Sum: 0, Workers: 4
[4470.924s][debug][gc,phases      ] GC(276)     Total                          Min: 0, Avg:  0.0, Max: 0, Diff: 0, Sum: 0, Workers: 4
[4470.924s][debug][gc,phases      ] GC(276)   StringDedup Requests1 Weak     Min:  0.0, Avg:  0.0, Max:  0.0, Diff:  0.0, Sum:  0.0, Workers: 4
[4470.924s][debug][gc,phases      ] GC(276)     Dead                           Min: 0, Avg:  0.0, Max: 0, Diff: 0, Sum: 0, Workers: 4
[4470.924s][debug][gc,phases      ] GC(276)     Total                          Min: 0, Avg:  0.0, Max: 0, Diff: 0, Sum: 0, Workers: 4
[4470.924s][debug][gc,phases      ] GC(276)   Weak JFR Old Object Samples    Min:  0.0, Avg:  0.0, Max:  0.0, Diff:  0.0, Sum:  0.0, Workers: 4
[4470.924s][debug][gc,phases      ] GC(276)     Dead                           Min: 0, Avg:  0.0, Max: 0, Diff: 0, Sum: 0, Workers: 4
[4470.924s][debug][gc,phases      ] GC(276)     Total                          Min: 0, Avg:  0.0, Max: 0, Diff: 0, Sum: 0, Workers: 4
[4470.924s][debug][gc,phases      ] GC(276) Weak Processing 0.469ms
[4470.924s][debug][gc,age         ] GC(276) Desired survivor size 181403648 bytes, new threshold 15 (max threshold 15)
[4470.924s][info ][gc,heap        ] GC(276) PSYoungGen: 1772496K(1917440K)->23360K(1772544K) Eden: 1748992K(1748992K)->0K(1748992K) From: 23504K(168448K)->23360K(23552K)
[4470.924s][info ][gc,heap        ] GC(276) ParOldGen: 627038K(871424K)->627038K(871424K)
[4470.924s][info ][gc,metaspace   ] GC(276) Metaspace: 85623K(86592K)->85623K(86592K) NonClass: 73712K(74240K)->73712K(74240K) Class: 11911K(12352K)->11911K(12352K)
[4470.924s][info ][gc             ] GC(276) Pause Young (Allocation Failure) 2343M->635M(2582M) 10.127ms
[4470.924s][info ][gc,cpu         ] GC(276) User=0.03s Sys=0.00s Real=0.01s
[4470.924s][info ][safepoint      ] Safepoint "ParallelGCFailedAllocation", Time since last: 7993063552 ns, Reaching safepoint: 49201 ns, At safepoint: 10224528 ns, Total: 10273729 ns
[4477.925s][info ][safepoint      ] Safepoint "Cleanup", Time since last: 7000400433 ns, Reaching safepoint: 57301 ns, At safepoint: 3000 ns, Total: 60301 ns
[4492.545s][info ][gc,start       ] GC(277) Pause Young (Allocation Failure)
[4492.555s][debug][gc,phases      ] GC(277) Scavenge 9.722ms
[4492.555s][debug][gc,ref         ] GC(277) Skipped phase 1 of Reference Processing: no references
[4492.555s][debug][gc,ref         ] GC(277) ReferenceProcessor::execute queues: 1, RefProcThreadModel::Single, marks_oops_alive: false
[4492.555s][debug][gc,ref         ] GC(277) Skipped phase 3 of Reference Processing: no references
[4492.555s][debug][gc,ref         ] GC(277) ReferenceProcessor::execute queues: 1, RefProcThreadModel::Single, marks_oops_alive: false
[4492.555s][debug][gc,phases      ] GC(277) Reference Processing 0.121ms
[4492.555s][debug][gc,phases      ] GC(277)   VM Weak                        Min:  0.0, Avg:  0.0, Max:  0.0, Diff:  0.0, Sum:  0.0, Workers: 4
[4492.555s][debug][gc,phases      ] GC(277)     Dead                           Min: 0, Avg:  0.0, Max: 0, Diff: 0, Sum: 0, Workers: 4
[4492.555s][debug][gc,phases      ] GC(277)     Total                          Min: 0, Avg: 208.5, Max: 706, Diff: 706, Sum: 834, Workers: 4
[4492.555s][debug][gc,phases      ] GC(277)   ObjectSynchronizer Weak        Min:  0.0, Avg:  0.0, Max:  0.0, Diff:  0.0, Sum:  0.0, Workers: 4
[4492.555s][debug][gc,phases      ] GC(277)     Dead                           Min: 0, Avg:  0.0, Max: 0, Diff: 0, Sum: 0, Workers: 4
[4492.555s][debug][gc,phases      ] GC(277)     Total                          Min: 0, Avg: 11.2, Max: 45, Diff: 45, Sum: 45, Workers: 4
[4492.555s][debug][gc,phases      ] GC(277)   JVMTI Tag Weak OopStorage      Min:  0.0, Avg:  0.0, Max:  0.0, Diff:  0.0, Sum:  0.0, Workers: 4
[4492.555s][debug][gc,phases      ] GC(277)     Dead                           Min: 0, Avg:  0.0, Max: 0, Diff: 0, Sum: 0, Workers: 4
[4492.555s][debug][gc,phases      ] GC(277)     Total                          Min: 0, Avg:  0.0, Max: 0, Diff: 0, Sum: 0, Workers: 4
[4492.555s][debug][gc,phases      ] GC(277)   StringTable Weak               Min:  0.1, Avg:  0.1, Max:  0.1, Diff:  0.0, Sum:  0.5, Workers: 4
[4492.555s][debug][gc,phases      ] GC(277)     Dead                           Min: 0, Avg:  0.0, Max: 0, Diff: 0, Sum: 0, Workers: 4
[4492.556s][debug][gc,phases      ] GC(277)     Total                          Min: 10579, Avg: 11044.2, Max: 12032, Diff: 1453, Sum: 44177, Workers: 4
[4492.556s][debug][gc,phases      ] GC(277)   ResolvedMethodTable Weak       Min:  0.0, Avg:  0.0, Max:  0.0, Diff:  0.0, Sum:  0.1, Workers: 4
[4492.556s][debug][gc,phases      ] GC(277)     Dead                           Min: 0, Avg:  0.0, Max: 0, Diff: 0, Sum: 0, Workers: 4
[4492.556s][debug][gc,phases      ] GC(277)     Total                          Min: 2383, Avg: 2531.8, Max: 2688, Diff: 305, Sum: 10127, Workers: 4
[4492.556s][debug][gc,phases      ] GC(277)   JNI Weak                       Min:  0.0, Avg:  0.0, Max:  0.0, Diff:  0.0, Sum:  0.0, Workers: 4
[4492.556s][debug][gc,phases      ] GC(277)     Dead                           Min: 0, Avg:  0.0, Max: 0, Diff: 0, Sum: 0, Workers: 4
[4492.556s][debug][gc,phases      ] GC(277)     Total                          Min: 0, Avg: 11.2, Max: 45, Diff: 45, Sum: 45, Workers: 4
[4492.556s][debug][gc,phases      ] GC(277)   StringDedup Table Weak         Min:  0.0, Avg:  0.0, Max:  0.0, Diff:  0.0, Sum:  0.0, Workers: 4
[4492.556s][debug][gc,phases      ] GC(277)     Dead                           Min: 0, Avg:  0.0, Max: 0, Diff: 0, Sum: 0, Workers: 4
[4492.556s][debug][gc,phases      ] GC(277)     Total                          Min: 0, Avg:  0.0, Max: 0, Diff: 0, Sum: 0, Workers: 4
[4492.556s][debug][gc,phases      ] GC(277)   StringDedup Requests0 Weak     Min:  0.0, Avg:  0.0, Max:  0.0, Diff:  0.0, Sum:  0.0, Workers: 4
[4492.556s][debug][gc,phases      ] GC(277)     Dead                           Min: 0, Avg:  0.0, Max: 0, Diff: 0, Sum: 0, Workers: 4
[4492.556s][debug][gc,phases      ] GC(277)     Total                          Min: 0, Avg:  0.0, Max: 0, Diff: 0, Sum: 0, Workers: 4
[4492.556s][debug][gc,phases      ] GC(277)   StringDedup Requests1 Weak     Min:  0.0, Avg:  0.0, Max:  0.0, Diff:  0.0, Sum:  0.0, Workers: 4
[4492.556s][debug][gc,phases      ] GC(277)     Dead                           Min: 0, Avg:  0.0, Max: 0, Diff: 0, Sum: 0, Workers: 4
[4492.556s][debug][gc,phases      ] GC(277)     Total                          Min: 0, Avg:  0.0, Max: 0, Diff: 0, Sum: 0, Workers: 4
[4492.556s][debug][gc,phases      ] GC(277)   Weak JFR Old Object Samples    Min:  0.0, Avg:  0.0, Max:  0.0, Diff:  0.0, Sum:  0.0, Workers: 4
[4492.556s][debug][gc,phases      ] GC(277)     Dead                           Min: 0, Avg:  0.0, Max: 0, Diff: 0, Sum: 0, Workers: 4
[4492.556s][debug][gc,phases      ] GC(277)     Total                          Min: 0, Avg:  0.0, Max: 0, Diff: 0, Sum: 0, Workers: 4
[4492.556s][debug][gc,phases      ] GC(277) Weak Processing 0.348ms
[4492.556s][debug][gc,age         ] GC(277) Desired survivor size 182452224 bytes, new threshold 15 (max threshold 15)
[4492.556s][info ][gc,heap        ] GC(277) PSYoungGen: 1772352K(1772544K)->23616K(1917952K) Eden: 1748992K(1748992K)->0K(1740800K) From: 23360K(23552K)->23616K(177152K)
[4492.556s][info ][gc,heap        ] GC(277) ParOldGen: 627038K(871424K)->627038K(871424K)
[4492.556s][info ][gc,metaspace   ] GC(277) Metaspace: 85624K(86592K)->85624K(86592K) NonClass: 73712K(74240K)->73712K(74240K) Class: 11911K(12352K)->11911K(12352K)
[4492.556s][info ][gc             ] GC(277) Pause Young (Allocation Failure) 2343M->635M(2724M) 10.335ms
[4492.556s][info ][gc,cpu         ] GC(277) User=0.03s Sys=0.00s Real=0.01s
[4492.556s][info ][safepoint      ] Safepoint "ParallelGCFailedAllocation", Time since last: 14620635986 ns, Reaching safepoint: 50501 ns, At safepoint: 10413332 ns, Total: 10463833 ns
[4499.556s][info ][safepoint      ] Safepoint "Cleanup", Time since last: 7000486252 ns, Reaching safepoint: 66502 ns, At safepoint: 7000 ns, Total: 73502 ns
[4500.556s][info ][safepoint      ] Safepoint "Cleanup", Time since last: 1000146259 ns, Reaching safepoint: 60501 ns, At safepoint: 4401 ns, Total: 64902 ns
[4514.555s][info ][gc,start       ] GC(278) Pause Young (Allocation Failure)
[4514.564s][debug][gc,phases      ] GC(278) Scavenge 9.128ms
[4514.564s][debug][gc,ref         ] GC(278) Skipped phase 1 of Reference Processing: no references
[4514.564s][debug][gc,ref         ] GC(278) ReferenceProcessor::execute queues: 1, RefProcThreadModel::Single, marks_oops_alive: false
[4514.564s][debug][gc,ref         ] GC(278) Skipped phase 3 of Reference Processing: no references
[4514.564s][debug][gc,ref         ] GC(278) ReferenceProcessor::execute queues: 1, RefProcThreadModel::Single, marks_oops_alive: false
[4514.564s][debug][gc,phases      ] GC(278) Reference Processing 0.113ms
[4514.565s][debug][gc,phases      ] GC(278)   VM Weak                        Min:  0.0, Avg:  0.0, Max:  0.0, Diff:  0.0, Sum:  0.0, Workers: 4
[4514.565s][debug][gc,phases      ] GC(278)     Dead                           Min: 0, Avg:  0.0, Max: 0, Diff: 0, Sum: 0, Workers: 4
[4514.565s][debug][gc,phases      ] GC(278)     Total                          Min: 0, Avg: 208.5, Max: 770, Diff: 770, Sum: 834, Workers: 4
[4514.565s][debug][gc,phases      ] GC(278)   ObjectSynchronizer Weak        Min:  0.0, Avg:  0.0, Max:  0.0, Diff:  0.0, Sum:  0.0, Workers: 4
[4514.565s][debug][gc,phases      ] GC(278)     Dead                           Min: 0, Avg:  0.0, Max: 0, Diff: 0, Sum: 0, Workers: 4
[4514.565s][debug][gc,phases      ] GC(278)     Total                          Min: 0, Avg: 11.2, Max: 45, Diff: 45, Sum: 45, Workers: 4
[4514.565s][debug][gc,phases      ] GC(278)   JVMTI Tag Weak OopStorage      Min:  0.0, Avg:  0.0, Max:  0.0, Diff:  0.0, Sum:  0.0, Workers: 4
[4514.565s][debug][gc,phases      ] GC(278)     Dead                           Min: 0, Avg:  0.0, Max: 0, Diff: 0, Sum: 0, Workers: 4
[4514.565s][debug][gc,phases      ] GC(278)     Total                          Min: 0, Avg:  0.0, Max: 0, Diff: 0, Sum: 0, Workers: 4
[4514.565s][debug][gc,phases      ] GC(278)   StringTable Weak               Min:  0.0, Avg:  0.1, Max:  0.1, Diff:  0.1, Sum:  0.4, Workers: 4
[4514.565s][debug][gc,phases      ] GC(278)     Dead                           Min: 0, Avg:  0.0, Max: 0, Diff: 0, Sum: 0, Workers: 4
[4514.565s][debug][gc,phases      ] GC(278)     Total                          Min: 0, Avg: 11044.2, Max: 15251, Diff: 15251, Sum: 44177, Workers: 4
[4514.565s][debug][gc,phases      ] GC(278)   ResolvedMethodTable Weak       Min:  0.0, Avg:  0.0, Max:  0.0, Diff:  0.0, Sum:  0.1, Workers: 4
[4514.565s][debug][gc,phases      ] GC(278)     Dead                           Min: 0, Avg:  0.0, Max: 0, Diff: 0, Sum: 0, Workers: 4
[4514.565s][debug][gc,phases      ] GC(278)     Total                          Min: 0, Avg: 2531.8, Max: 3456, Diff: 3456, Sum: 10127, Workers: 4
[4514.565s][debug][gc,phases      ] GC(278)   JNI Weak                       Min:  0.0, Avg:  0.0, Max:  0.0, Diff:  0.0, Sum:  0.0, Workers: 4
[4514.565s][debug][gc,phases      ] GC(278)     Dead                           Min: 0, Avg:  0.0, Max: 0, Diff: 0, Sum: 0, Workers: 4
[4514.565s][debug][gc,phases      ] GC(278)     Total                          Min: 0, Avg: 11.2, Max: 45, Diff: 45, Sum: 45, Workers: 4
[4514.565s][debug][gc,phases      ] GC(278)   StringDedup Table Weak         Min:  0.0, Avg:  0.0, Max:  0.0, Diff:  0.0, Sum:  0.0, Workers: 4
[4514.565s][debug][gc,phases      ] GC(278)     Dead                           Min: 0, Avg:  0.0, Max: 0, Diff: 0, Sum: 0, Workers: 4
[4514.565s][debug][gc,phases      ] GC(278)     Total                          Min: 0, Avg:  0.0, Max: 0, Diff: 0, Sum: 0, Workers: 4
[4514.565s][debug][gc,phases      ] GC(278)   StringDedup Requests0 Weak     Min:  0.0, Avg:  0.0, Max:  0.0, Diff:  0.0, Sum:  0.0, Workers: 4
[4514.565s][debug][gc,phases      ] GC(278)     Dead                           Min: 0, Avg:  0.0, Max: 0, Diff: 0, Sum: 0, Workers: 4
[4514.565s][debug][gc,phases      ] GC(278)     Total                          Min: 0, Avg:  0.0, Max: 0, Diff: 0, Sum: 0, Workers: 4
[4514.565s][debug][gc,phases      ] GC(278)   StringDedup Requests1 Weak     Min:  0.0, Avg:  0.0, Max:  0.0, Diff:  0.0, Sum:  0.0, Workers: 4
[4514.565s][debug][gc,phases      ] GC(278)     Dead                           Min: 0, Avg:  0.0, Max: 0, Diff: 0, Sum: 0, Workers: 4
[4514.565s][debug][gc,phases      ] GC(278)     Total                          Min: 0, Avg:  0.0, Max: 0, Diff: 0, Sum: 0, Workers: 4
[4514.565s][debug][gc,phases      ] GC(278)   Weak JFR Old Object Samples    Min:  0.0, Avg:  0.0, Max:  0.0, Diff:  0.0, Sum:  0.0, Workers: 4
[4514.565s][debug][gc,phases      ] GC(278)     Dead                           Min: 0, Avg:  0.0, Max: 0, Diff: 0, Sum: 0, Workers: 4
[4514.565s][debug][gc,phases      ] GC(278)     Total                          Min: 0, Avg:  0.0, Max: 0, Diff: 0, Sum: 0, Workers: 4
[4514.565s][debug][gc,phases      ] GC(278) Weak Processing 0.366ms
[4514.565s][debug][gc,age         ] GC(278) Desired survivor size 181403648 bytes, new threshold 15 (max threshold 15)
[4514.565s][info ][gc,heap        ] GC(278) PSYoungGen: 1764416K(1917952K)->25184K(1918976K) Eden: 1740800K(1740800K)->0K(1740800K) From: 23616K(177152K)->25184K(178176K)
[4514.565s][info ][gc,heap        ] GC(278) ParOldGen: 627038K(871424K)->627038K(871424K)
[4514.565s][info ][gc,metaspace   ] GC(278) Metaspace: 85624K(86592K)->85624K(86592K) NonClass: 73712K(74240K)->73712K(74240K) Class: 11911K(12352K)->11911K(12352K)
[4514.565s][info ][gc             ] GC(278) Pause Young (Allocation Failure) 2335M->636M(2725M) 9.748ms
[4514.565s][info ][gc,cpu         ] GC(278) User=0.04s Sys=0.00s Real=0.01s
[4514.565s][info ][safepoint      ] Safepoint "ParallelGCFailedAllocation", Time since last: 13998561575 ns, Reaching safepoint: 34900 ns, At safepoint: 9841319 ns, Total: 9876219 ns
[4518.565s][info ][safepoint      ] Safepoint "Cleanup", Time since last: 4000279019 ns, Reaching safepoint: 55201 ns, At safepoint: 38801 ns, Total: 94002 ns
[4520.565s][info ][safepoint      ] Safepoint "Cleanup", Time since last: 2000178814 ns, Reaching safepoint: 48901 ns, At safepoint: 4400 ns, Total: 53301 ns
[4525.566s][info ][safepoint      ] Safepoint "Cleanup", Time since last: 5000373846 ns, Reaching safepoint: 59702 ns, At safepoint: 4500 ns, Total: 64202 ns
[4532.953s][info ][safepoint      ] Safepoint "Cleanup", Time since last: 7386794481 ns, Reaching safepoint: 111402 ns, At safepoint: 7201 ns, Total: 118603 ns
[4533.953s][info ][safepoint      ] Safepoint "Cleanup", Time since last: 1000123785 ns, Reaching safepoint: 172004 ns, At safepoint: 5300 ns, Total: 177304 ns
[4534.845s][info ][gc,start       ] GC(279) Pause Young (Allocation Failure)
[4534.858s][debug][gc,phases      ] GC(279) Scavenge 12.511ms
[4534.858s][debug][gc,ref         ] GC(279) Skipped phase 1 of Reference Processing: no references
[4534.858s][debug][gc,ref         ] GC(279) ReferenceProcessor::execute queues: 1, RefProcThreadModel::Single, marks_oops_alive: false
[4534.858s][debug][gc,ref         ] GC(279) Skipped phase 3 of Reference Processing: no references
[4534.858s][debug][gc,ref         ] GC(279) ReferenceProcessor::execute queues: 1, RefProcThreadModel::Single, marks_oops_alive: false
[4534.858s][debug][gc,phases      ] GC(279) Reference Processing 0.125ms
[4534.858s][debug][gc,phases      ] GC(279)   VM Weak                        Min:  0.0, Avg:  0.0, Max:  0.0, Diff:  0.0, Sum:  0.0, Workers: 4
[4534.858s][debug][gc,phases      ] GC(279)     Dead                           Min: 0, Avg:  0.0, Max: 0, Diff: 0, Sum: 0, Workers: 4
[4534.858s][debug][gc,phases      ] GC(279)     Total                          Min: 0, Avg: 208.5, Max: 834, Diff: 834, Sum: 834, Workers: 4
[4534.858s][debug][gc,phases      ] GC(279)   ObjectSynchronizer Weak        Min:  0.0, Avg:  0.0, Max:  0.0, Diff:  0.0, Sum:  0.0, Workers: 4
[4534.858s][debug][gc,phases      ] GC(279)     Dead                           Min: 0, Avg:  0.0, Max: 0, Diff: 0, Sum: 0, Workers: 4
[4534.858s][debug][gc,phases      ] GC(279)     Total                          Min: 0, Avg: 11.2, Max: 45, Diff: 45, Sum: 45, Workers: 4
[4534.858s][debug][gc,phases      ] GC(279)   JVMTI Tag Weak OopStorage      Min:  0.0, Avg:  0.0, Max:  0.0, Diff:  0.0, Sum:  0.0, Workers: 4
[4534.858s][debug][gc,phases      ] GC(279)     Dead                           Min: 0, Avg:  0.0, Max: 0, Diff: 0, Sum: 0, Workers: 4
[4534.858s][debug][gc,phases      ] GC(279)     Total                          Min: 0, Avg:  0.0, Max: 0, Diff: 0, Sum: 0, Workers: 4
[4534.858s][debug][gc,phases      ] GC(279)   StringTable Weak               Min:  0.0, Avg:  0.1, Max:  0.2, Diff:  0.2, Sum:  0.4, Workers: 4
[4534.858s][debug][gc,phases      ] GC(279)     Dead                           Min: 0, Avg:  0.2, Max: 1, Diff: 1, Sum: 1, Workers: 4
[4534.858s][debug][gc,phases      ] GC(279)     Total                          Min: 0, Avg: 11044.5, Max: 16509, Diff: 16509, Sum: 44178, Workers: 4
[4534.858s][debug][gc,phases      ] GC(279)   ResolvedMethodTable Weak       Min:  0.0, Avg:  0.0, Max:  0.0, Diff:  0.0, Sum:  0.1, Workers: 4
[4534.858s][debug][gc,phases      ] GC(279)     Dead                           Min: 0, Avg:  0.0, Max: 0, Diff: 0, Sum: 0, Workers: 4
[4534.858s][debug][gc,phases      ] GC(279)     Total                          Min: 0, Avg: 2532.0, Max: 3648, Diff: 3648, Sum: 10128, Workers: 4
[4534.858s][debug][gc,phases      ] GC(279)   JNI Weak                       Min:  0.0, Avg:  0.0, Max:  0.0, Diff:  0.0, Sum:  0.0, Workers: 4
[4534.858s][debug][gc,phases      ] GC(279)     Dead                           Min: 0, Avg:  0.0, Max: 0, Diff: 0, Sum: 0, Workers: 4
[4534.858s][debug][gc,phases      ] GC(279)     Total                          Min: 0, Avg: 11.2, Max: 45, Diff: 45, Sum: 45, Workers: 4
[4534.858s][debug][gc,phases      ] GC(279)   StringDedup Table Weak         Min:  0.0, Avg:  0.0, Max:  0.0, Diff:  0.0, Sum:  0.0, Workers: 4
[4534.858s][debug][gc,phases      ] GC(279)     Dead                           Min: 0, Avg:  0.0, Max: 0, Diff: 0, Sum: 0, Workers: 4
[4534.858s][debug][gc,phases      ] GC(279)     Total                          Min: 0, Avg:  0.0, Max: 0, Diff: 0, Sum: 0, Workers: 4
[4534.858s][debug][gc,phases      ] GC(279)   StringDedup Requests0 Weak     Min:  0.0, Avg:  0.0, Max:  0.0, Diff:  0.0, Sum:  0.0, Workers: 4
[4534.858s][debug][gc,phases      ] GC(279)     Dead                           Min: 0, Avg:  0.0, Max: 0, Diff: 0, Sum: 0, Workers: 4
[4534.858s][debug][gc,phases      ] GC(279)     Total                          Min: 0, Avg:  0.0, Max: 0, Diff: 0, Sum: 0, Workers: 4
[4534.858s][debug][gc,phases      ] GC(279)   StringDedup Requests1 Weak     Min:  0.0, Avg:  0.0, Max:  0.0, Diff:  0.0, Sum:  0.0, Workers: 4
[4534.858s][debug][gc,phases      ] GC(279)     Dead                           Min: 0, Avg:  0.0, Max: 0, Diff: 0, Sum: 0, Workers: 4
[4534.858s][debug][gc,phases      ] GC(279)     Total                          Min: 0, Avg:  0.0, Max: 0, Diff: 0, Sum: 0, Workers: 4
[4534.858s][debug][gc,phases      ] GC(279)   Weak JFR Old Object Samples    Min:  0.0, Avg:  0.0, Max:  0.0, Diff:  0.0, Sum:  0.0, Workers: 4
[4534.858s][debug][gc,phases      ] GC(279)     Dead                           Min: 0, Avg:  0.0, Max: 0, Diff: 0, Sum: 0, Workers: 4
[4534.858s][debug][gc,phases      ] GC(279)     Total                          Min: 0, Avg:  0.0, Max: 0, Diff: 0, Sum: 0, Workers: 4
[4534.858s][debug][gc,phases      ] GC(279) Weak Processing 0.422ms
[4534.858s][debug][gc,age         ] GC(279) Desired survivor size 178257920 bytes, new threshold 15 (max threshold 15)
[4534.858s][info ][gc,heap        ] GC(279) PSYoungGen: 1765984K(1918976K)->27008K(1923072K) Eden: 1740800K(1740800K)->0K(1745920K) From: 25184K(178176K)->27008K(177152K)
[4534.858s][info ][gc,heap        ] GC(279) ParOldGen: 627038K(871424K)->627038K(871424K)
[4534.858s][info ][gc,metaspace   ] GC(279) Metaspace: 85630K(86592K)->85630K(86592K) NonClass: 73718K(74240K)->73718K(74240K) Class: 11912K(12352K)->11912K(12352K)
[4534.858s][info ][gc             ] GC(279) Pause Young (Allocation Failure) 2336M->638M(2729M) 13.169ms
[4534.858s][info ][gc,cpu         ] GC(279) User=0.04s Sys=0.00s Real=0.01s
[4534.858s][info ][safepoint      ] Safepoint "ParallelGCFailedAllocation", Time since last: 891659879 ns, Reaching safepoint: 118803 ns, At safepoint: 13247494 ns, Total: 13366297 ns
[4542.859s][info ][safepoint      ] Safepoint "Cleanup", Time since last: 8000545418 ns, Reaching safepoint: 50601 ns, At safepoint: 30101 ns, Total: 80702 ns
[4547.859s][info ][safepoint      ] Safepoint "Cleanup", Time since last: 5000389439 ns, Reaching safepoint: 42501 ns, At safepoint: 2700 ns, Total: 45201 ns
[4550.860s][info ][safepoint      ] Safepoint "Cleanup", Time since last: 3000234665 ns, Reaching safepoint: 57401 ns, At safepoint: 5600 ns, Total: 63001 ns
[4551.860s][info ][safepoint      ] Safepoint "Cleanup", Time since last: 1000118689 ns, Reaching safepoint: 75602 ns, At safepoint: 14700 ns, Total: 90302 ns
[4555.891s][info ][gc,start       ] GC(280) Pause Young (Allocation Failure)
[4555.906s][debug][gc,phases      ] GC(280) Scavenge 15.517ms
[4555.906s][debug][gc,ref         ] GC(280) Skipped phase 1 of Reference Processing: no references
[4555.906s][debug][gc,ref         ] GC(280) ReferenceProcessor::execute queues: 1, RefProcThreadModel::Single, marks_oops_alive: false
[4555.906s][debug][gc,ref         ] GC(280) Skipped phase 3 of Reference Processing: no references
[4555.906s][debug][gc,ref         ] GC(280) ReferenceProcessor::execute queues: 1, RefProcThreadModel::Single, marks_oops_alive: false
[4555.906s][debug][gc,phases      ] GC(280) Reference Processing 0.111ms
[4555.907s][debug][gc,phases      ] GC(280)   VM Weak                        Min:  0.0, Avg:  0.0, Max:  0.0, Diff:  0.0, Sum:  0.0, Workers: 4
[4555.907s][debug][gc,phases      ] GC(280)     Dead                           Min: 0, Avg:  0.0, Max: 0, Diff: 0, Sum: 0, Workers: 4
[4555.907s][debug][gc,phases      ] GC(280)     Total                          Min: 0, Avg: 208.5, Max: 834, Diff: 834, Sum: 834, Workers: 4
[4555.907s][debug][gc,phases      ] GC(280)   ObjectSynchronizer Weak        Min:  0.0, Avg:  0.0, Max:  0.0, Diff:  0.0, Sum:  0.0, Workers: 4
[4555.907s][debug][gc,phases      ] GC(280)     Dead                           Min: 0, Avg:  0.0, Max: 0, Diff: 0, Sum: 0, Workers: 4
[4555.907s][debug][gc,phases      ] GC(280)     Total                          Min: 0, Avg: 11.2, Max: 45, Diff: 45, Sum: 45, Workers: 4
[4555.907s][debug][gc,phases      ] GC(280)   JVMTI Tag Weak OopStorage      Min:  0.0, Avg:  0.0, Max:  0.0, Diff:  0.0, Sum:  0.0, Workers: 4
[4555.907s][debug][gc,phases      ] GC(280)     Dead                           Min: 0, Avg:  0.0, Max: 0, Diff: 0, Sum: 0, Workers: 4
[4555.907s][debug][gc,phases      ] GC(280)     Total                          Min: 0, Avg:  0.0, Max: 0, Diff: 0, Sum: 0, Workers: 4
[4555.907s][debug][gc,phases      ] GC(280)   StringTable Weak               Min:  0.0, Avg:  0.1, Max:  0.1, Diff:  0.1, Sum:  0.4, Workers: 4
[4555.907s][debug][gc,phases      ] GC(280)     Dead                           Min: 0, Avg:  0.0, Max: 0, Diff: 0, Sum: 0, Workers: 4
[4555.907s][debug][gc,phases      ] GC(280)     Total                          Min: 0, Avg: 11044.5, Max: 15956, Diff: 15956, Sum: 44178, Workers: 4
[4555.907s][debug][gc,phases      ] GC(280)   ResolvedMethodTable Weak       Min:  0.0, Avg:  0.0, Max:  0.0, Diff:  0.0, Sum:  0.1, Workers: 4
[4555.907s][debug][gc,phases      ] GC(280)     Dead                           Min: 0, Avg:  0.0, Max: 0, Diff: 0, Sum: 0, Workers: 4
[4555.907s][debug][gc,phases      ] GC(280)     Total                          Min: 0, Avg: 2532.0, Max: 3776, Diff: 3776, Sum: 10128, Workers: 4
[4555.907s][debug][gc,phases      ] GC(280)   JNI Weak                       Min:  0.0, Avg:  0.0, Max:  0.0, Diff:  0.0, Sum:  0.0, Workers: 4
[4555.907s][debug][gc,phases      ] GC(280)     Dead                           Min: 0, Avg:  0.0, Max: 0, Diff: 0, Sum: 0, Workers: 4
[4555.907s][debug][gc,phases      ] GC(280)     Total                          Min: 0, Avg: 11.2, Max: 45, Diff: 45, Sum: 45, Workers: 4
[4555.907s][debug][gc,phases      ] GC(280)   StringDedup Table Weak         Min:  0.0, Avg:  0.0, Max:  0.0, Diff:  0.0, Sum:  0.0, Workers: 4
[4555.907s][debug][gc,phases      ] GC(280)     Dead                           Min: 0, Avg:  0.0, Max: 0, Diff: 0, Sum: 0, Workers: 4
[4555.907s][debug][gc,phases      ] GC(280)     Total                          Min: 0, Avg:  0.0, Max: 0, Diff: 0, Sum: 0, Workers: 4
[4555.907s][debug][gc,phases      ] GC(280)   StringDedup Requests0 Weak     Min:  0.0, Avg:  0.0, Max:  0.0, Diff:  0.0, Sum:  0.0, Workers: 4
[4555.907s][debug][gc,phases      ] GC(280)     Dead                           Min: 0, Avg:  0.0, Max: 0, Diff: 0, Sum: 0, Workers: 4
[4555.907s][debug][gc,phases      ] GC(280)     Total                          Min: 0, Avg:  0.0, Max: 0, Diff: 0, Sum: 0, Workers: 4
[4555.907s][debug][gc,phases      ] GC(280)   StringDedup Requests1 Weak     Min:  0.0, Avg:  0.0, Max:  0.0, Diff:  0.0, Sum:  0.0, Workers: 4
[4555.907s][debug][gc,phases      ] GC(280)     Dead                           Min: 0, Avg:  0.0, Max: 0, Diff: 0, Sum: 0, Workers: 4
[4555.907s][debug][gc,phases      ] GC(280)     Total                          Min: 0, Avg:  0.0, Max: 0, Diff: 0, Sum: 0, Workers: 4
[4555.907s][debug][gc,phases      ] GC(280)   Weak JFR Old Object Samples    Min:  0.0, Avg:  0.0, Max:  0.0, Diff:  0.0, Sum:  0.0, Workers: 4
[4555.907s][debug][gc,phases      ] GC(280)     Dead                           Min: 0, Avg:  0.0, Max: 0, Diff: 0, Sum: 0, Workers: 4
[4555.907s][debug][gc,phases      ] GC(280)     Total                          Min: 0, Avg:  0.0, Max: 0, Diff: 0, Sum: 0, Workers: 4
[4555.907s][debug][gc,phases      ] GC(280) Weak Processing 0.376ms
[4555.907s][debug][gc,age         ] GC(280) Desired survivor size 174587904 bytes, new threshold 15 (max threshold 15)
[4555.907s][info ][gc,heap        ] GC(280) PSYoungGen: 1772928K(1923072K)->28112K(1920000K) Eden: 1745920K(1745920K)->0K(1745920K) From: 27008K(177152K)->28112K(174080K)
[4555.907s][info ][gc,heap        ] GC(280) ParOldGen: 627038K(871424K)->627038K(871424K)
[4555.907s][info ][gc,metaspace   ] GC(280) Metaspace: 85632K(86592K)->85632K(86592K) NonClass: 73720K(74240K)->73720K(74240K) Class: 11912K(12352K)->11912K(12352K)
[4555.907s][info ][gc             ] GC(280) Pause Young (Allocation Failure) 2343M->639M(2726M) 16.147ms
[4555.907s][info ][gc,cpu         ] GC(280) User=0.05s Sys=0.00s Real=0.02s
[4555.907s][info ][safepoint      ] Safepoint "ParallelGCFailedAllocation", Time since last: 4030807416 ns, Reaching safepoint: 113702 ns, At safepoint: 16232360 ns, Total: 16346062 ns
[4556.907s][info ][safepoint      ] Safepoint "Cleanup", Time since last: 1000074485 ns, Reaching safepoint: 65101 ns, At safepoint: 4200 ns, Total: 69301 ns
[4557.907s][info ][safepoint      ] Safepoint "Cleanup", Time since last: 1000075585 ns, Reaching safepoint: 58601 ns, At safepoint: 5400 ns, Total: 64001 ns
[4562.908s][info ][safepoint      ] Safepoint "Cleanup", Time since last: 5000388311 ns, Reaching safepoint: 50601 ns, At safepoint: 2700 ns, Total: 53301 ns
[4570.908s][info ][safepoint      ] Safepoint "Cleanup", Time since last: 8000565423 ns, Reaching safepoint: 54701 ns, At safepoint: 2600 ns, Total: 57301 ns
[4572.908s][info ][safepoint      ] Safepoint "Cleanup", Time since last: 2000148953 ns, Reaching safepoint: 48301 ns, At safepoint: 4300 ns, Total: 52601 ns
[4577.909s][info ][safepoint      ] Safepoint "Cleanup", Time since last: 5000410389 ns, Reaching safepoint: 49501 ns, At safepoint: 2600 ns, Total: 52101 ns
[4578.742s][info ][gc,start       ] GC(281) Pause Young (Allocation Failure)
[4578.756s][debug][gc,phases      ] GC(281) Scavenge 14.227ms
[4578.756s][debug][gc,ref         ] GC(281) Skipped phase 1 of Reference Processing: no references
[4578.756s][debug][gc,ref         ] GC(281) ReferenceProcessor::execute queues: 1, RefProcThreadModel::Single, marks_oops_alive: false
[4578.756s][debug][gc,ref         ] GC(281) Skipped phase 3 of Reference Processing: no references
[4578.756s][debug][gc,ref         ] GC(281) ReferenceProcessor::execute queues: 1, RefProcThreadModel::Single, marks_oops_alive: false
[4578.756s][debug][gc,phases      ] GC(281) Reference Processing 0.178ms
[4578.756s][debug][gc,phases      ] GC(281)   VM Weak                        Min:  0.0, Avg:  0.0, Max:  0.0, Diff:  0.0, Sum:  0.0, Workers: 4
[4578.756s][debug][gc,phases      ] GC(281)     Dead                           Min: 0, Avg:  0.0, Max: 0, Diff: 0, Sum: 0, Workers: 4
[4578.756s][debug][gc,phases      ] GC(281)     Total                          Min: 0, Avg: 208.5, Max: 399, Diff: 399, Sum: 834, Workers: 4
[4578.756s][debug][gc,phases      ] GC(281)   ObjectSynchronizer Weak        Min:  0.0, Avg:  0.0, Max:  0.0, Diff:  0.0, Sum:  0.0, Workers: 4
[4578.756s][debug][gc,phases      ] GC(281)     Dead                           Min: 0, Avg:  0.0, Max: 0, Diff: 0, Sum: 0, Workers: 4
[4578.756s][debug][gc,phases      ] GC(281)     Total                          Min: 0, Avg: 11.2, Max: 45, Diff: 45, Sum: 45, Workers: 4
[4578.756s][debug][gc,phases      ] GC(281)   JVMTI Tag Weak OopStorage      Min:  0.0, Avg:  0.0, Max:  0.0, Diff:  0.0, Sum:  0.0, Workers: 4
[4578.756s][debug][gc,phases      ] GC(281)     Dead                           Min: 0, Avg:  0.0, Max: 0, Diff: 0, Sum: 0, Workers: 4
[4578.756s][debug][gc,phases      ] GC(281)     Total                          Min: 0, Avg:  0.0, Max: 0, Diff: 0, Sum: 0, Workers: 4
[4578.756s][debug][gc,phases      ] GC(281)   StringTable Weak               Min:  0.0, Avg:  0.1, Max:  0.1, Diff:  0.1, Sum:  0.4, Workers: 4
[4578.756s][debug][gc,phases      ] GC(281)     Dead                           Min: 0, Avg:  0.0, Max: 0, Diff: 0, Sum: 0, Workers: 4
[4578.756s][debug][gc,phases      ] GC(281)     Total                          Min: 0, Avg: 11044.5, Max: 15379, Diff: 15379, Sum: 44178, Workers: 4
[4578.756s][debug][gc,phases      ] GC(281)   ResolvedMethodTable Weak       Min:  0.0, Avg:  0.0, Max:  0.0, Diff:  0.0, Sum:  0.1, Workers: 4
[4578.756s][debug][gc,phases      ] GC(281)     Dead                           Min: 0, Avg:  0.0, Max: 0, Diff: 0, Sum: 0, Workers: 4
[4578.756s][debug][gc,phases      ] GC(281)     Total                          Min: 0, Avg: 2532.0, Max: 3600, Diff: 3600, Sum: 10128, Workers: 4
[4578.756s][debug][gc,phases      ] GC(281)   JNI Weak                       Min:  0.0, Avg:  0.0, Max:  0.0, Diff:  0.0, Sum:  0.0, Workers: 4
[4578.757s][debug][gc,phases      ] GC(281)     Dead                           Min: 0, Avg:  0.0, Max: 0, Diff: 0, Sum: 0, Workers: 4
[4578.757s][debug][gc,phases      ] GC(281)     Total                          Min: 0, Avg: 11.2, Max: 45, Diff: 45, Sum: 45, Workers: 4
[4578.757s][debug][gc,phases      ] GC(281)   StringDedup Table Weak         Min:  0.0, Avg:  0.0, Max:  0.0, Diff:  0.0, Sum:  0.0, Workers: 4
[4578.757s][debug][gc,phases      ] GC(281)     Dead                           Min: 0, Avg:  0.0, Max: 0, Diff: 0, Sum: 0, Workers: 4
[4578.757s][debug][gc,phases      ] GC(281)     Total                          Min: 0, Avg:  0.0, Max: 0, Diff: 0, Sum: 0, Workers: 4
[4578.757s][debug][gc,phases      ] GC(281)   StringDedup Requests0 Weak     Min:  0.0, Avg:  0.0, Max:  0.0, Diff:  0.0, Sum:  0.0, Workers: 4
[4578.757s][debug][gc,phases      ] GC(281)     Dead                           Min: 0, Avg:  0.0, Max: 0, Diff: 0, Sum: 0, Workers: 4
[4578.757s][debug][gc,phases      ] GC(281)     Total                          Min: 0, Avg:  0.0, Max: 0, Diff: 0, Sum: 0, Workers: 4
[4578.757s][debug][gc,phases      ] GC(281)   StringDedup Requests1 Weak     Min:  0.0, Avg:  0.0, Max:  0.0, Diff:  0.0, Sum:  0.0, Workers: 4
[4578.757s][debug][gc,phases      ] GC(281)     Dead                           Min: 0, Avg:  0.0, Max: 0, Diff: 0, Sum: 0, Workers: 4
[4578.757s][debug][gc,phases      ] GC(281)     Total                          Min: 0, Avg:  0.0, Max: 0, Diff: 0, Sum: 0, Workers: 4
[4578.757s][debug][gc,phases      ] GC(281)   Weak JFR Old Object Samples    Min:  0.0, Avg:  0.0, Max:  0.0, Diff:  0.0, Sum:  0.0, Workers: 4
[4578.757s][debug][gc,phases      ] GC(281)     Dead                           Min: 0, Avg:  0.0, Max: 0, Diff: 0, Sum: 0, Workers: 4
[4578.757s][debug][gc,phases      ] GC(281)     Total                          Min: 0, Avg:  0.0, Max: 0, Diff: 0, Sum: 0, Workers: 4
[4578.757s][debug][gc,phases      ] GC(281) Weak Processing 0.396ms
[4578.757s][debug][gc,age         ] GC(281) Desired survivor size 169869312 bytes, new threshold 15 (max threshold 15)
[4578.757s][info ][gc,heap        ] GC(281) PSYoungGen: 1774032K(1920000K)->28128K(1931264K) Eden: 1745920K(1745920K)->0K(1760768K) From: 28112K(174080K)->28128K(170496K)
[4578.757s][info ][gc,heap        ] GC(281) ParOldGen: 627038K(871424K)->627038K(871424K)
[4578.757s][info ][gc,metaspace   ] GC(281) Metaspace: 85635K(86656K)->85635K(86656K) NonClass: 73723K(74304K)->73723K(74304K) Class: 11912K(12352K)->11912K(12352K)
[4578.757s][info ][gc             ] GC(281) Pause Young (Allocation Failure) 2344M->639M(2737M) 14.947ms
[4578.757s][info ][gc,cpu         ] GC(281) User=0.04s Sys=0.00s Real=0.02s
[4578.757s][info ][safepoint      ] Safepoint "ParallelGCFailedAllocation", Time since last: 832611303 ns, Reaching safepoint: 125903 ns, At safepoint: 15039627 ns, Total: 15165530 ns
[4580.757s][info ][safepoint      ] Safepoint "Cleanup", Time since last: 2000161889 ns, Reaching safepoint: 51101 ns, At safepoint: 6000 ns, Total: 57101 ns
[4581.757s][info ][safepoint      ] Safepoint "Cleanup", Time since last: 1000117045 ns, Reaching safepoint: 50001 ns, At safepoint: 3800 ns, Total: 53801 ns
[4588.758s][info ][safepoint      ] Safepoint "Cleanup", Time since last: 7000541066 ns, Reaching safepoint: 46901 ns, At safepoint: 2800 ns, Total: 49701 ns
[4592.758s][info ][safepoint      ] Safepoint "Cleanup", Time since last: 4000332752 ns, Reaching safepoint: 52501 ns, At safepoint: 10600 ns, Total: 63101 ns
[4597.759s][info ][safepoint      ] Safepoint "Cleanup", Time since last: 5000664721 ns, Reaching safepoint: 52601 ns, At safepoint: 7500 ns, Total: 60101 ns
[4598.292s][info ][gc,start       ] GC(282) Pause Young (Allocation Failure)
[4598.315s][debug][gc,phases      ] GC(282) Scavenge 22.817ms
[4598.315s][debug][gc,ref         ] GC(282) Skipped phase 1 of Reference Processing: no references
[4598.315s][debug][gc,ref         ] GC(282) ReferenceProcessor::execute queues: 1, RefProcThreadModel::Single, marks_oops_alive: false
[4598.315s][debug][gc,ref         ] GC(282) Skipped phase 3 of Reference Processing: no references
[4598.315s][debug][gc,ref         ] GC(282) ReferenceProcessor::execute queues: 1, RefProcThreadModel::Single, marks_oops_alive: false
[4598.315s][debug][gc,phases      ] GC(282) Reference Processing 0.115ms
[4598.316s][debug][gc,phases      ] GC(282)   VM Weak                        Min:  0.0, Avg:  0.0, Max:  0.0, Diff:  0.0, Sum:  0.0, Workers: 4
[4598.316s][debug][gc,phases      ] GC(282)     Dead                           Min: 0, Avg:  0.0, Max: 0, Diff: 0, Sum: 0, Workers: 4
[4598.316s][debug][gc,phases      ] GC(282)     Total                          Min: 0, Avg: 208.5, Max: 532, Diff: 532, Sum: 834, Workers: 4
[4598.316s][debug][gc,phases      ] GC(282)   ObjectSynchronizer Weak        Min:  0.0, Avg:  0.0, Max:  0.0, Diff:  0.0, Sum:  0.0, Workers: 4
[4598.316s][debug][gc,phases      ] GC(282)     Dead                           Min: 0, Avg:  0.0, Max: 0, Diff: 0, Sum: 0, Workers: 4
[4598.316s][debug][gc,phases      ] GC(282)     Total                          Min: 0, Avg: 11.2, Max: 45, Diff: 45, Sum: 45, Workers: 4
[4598.316s][debug][gc,phases      ] GC(282)   JVMTI Tag Weak OopStorage      Min:  0.0, Avg:  0.0, Max:  0.0, Diff:  0.0, Sum:  0.0, Workers: 4
[4598.316s][debug][gc,phases      ] GC(282)     Dead                           Min: 0, Avg:  0.0, Max: 0, Diff: 0, Sum: 0, Workers: 4
[4598.316s][debug][gc,phases      ] GC(282)     Total                          Min: 0, Avg:  0.0, Max: 0, Diff: 0, Sum: 0, Workers: 4
[4598.316s][debug][gc,phases      ] GC(282)   StringTable Weak               Min:  0.0, Avg:  0.1, Max:  0.2, Diff:  0.2, Sum:  0.5, Workers: 4
[4598.316s][debug][gc,phases      ] GC(282)     Dead                           Min: 0, Avg:  0.0, Max: 0, Diff: 0, Sum: 0, Workers: 4
[4598.316s][debug][gc,phases      ] GC(282)     Total                          Min: 0, Avg: 11044.8, Max: 16341, Diff: 16341, Sum: 44179, Workers: 4
[4598.316s][debug][gc,phases      ] GC(282)   ResolvedMethodTable Weak       Min:  0.0, Avg:  0.0, Max:  0.0, Diff:  0.0, Sum:  0.1, Workers: 4
[4598.316s][debug][gc,phases      ] GC(282)     Dead                           Min: 0, Avg:  0.0, Max: 0, Diff: 0, Sum: 0, Workers: 4
[4598.316s][debug][gc,phases      ] GC(282)     Total                          Min: 0, Avg: 2532.0, Max: 3776, Diff: 3776, Sum: 10128, Workers: 4
[4598.316s][debug][gc,phases      ] GC(282)   JNI Weak                       Min:  0.0, Avg:  0.0, Max:  0.0, Diff:  0.0, Sum:  0.0, Workers: 4
[4598.316s][debug][gc,phases      ] GC(282)     Dead                           Min: 0, Avg:  0.0, Max: 0, Diff: 0, Sum: 0, Workers: 4
[4598.316s][debug][gc,phases      ] GC(282)     Total                          Min: 0, Avg: 11.2, Max: 45, Diff: 45, Sum: 45, Workers: 4
[4598.316s][debug][gc,phases      ] GC(282)   StringDedup Table Weak         Min:  0.0, Avg:  0.0, Max:  0.0, Diff:  0.0, Sum:  0.0, Workers: 4
[4598.316s][debug][gc,phases      ] GC(282)     Dead                           Min: 0, Avg:  0.0, Max: 0, Diff: 0, Sum: 0, Workers: 4
[4598.316s][debug][gc,phases      ] GC(282)     Total                          Min: 0, Avg:  0.0, Max: 0, Diff: 0, Sum: 0, Workers: 4
[4598.316s][debug][gc,phases      ] GC(282)   StringDedup Requests0 Weak     Min:  0.0, Avg:  0.0, Max:  0.0, Diff:  0.0, Sum:  0.0, Workers: 4
[4598.316s][debug][gc,phases      ] GC(282)     Dead                           Min: 0, Avg:  0.0, Max: 0, Diff: 0, Sum: 0, Workers: 4
[4598.316s][debug][gc,phases      ] GC(282)     Total                          Min: 0, Avg:  0.0, Max: 0, Diff: 0, Sum: 0, Workers: 4
[4598.316s][debug][gc,phases      ] GC(282)   StringDedup Requests1 Weak     Min:  0.0, Avg:  0.0, Max:  0.0, Diff:  0.0, Sum:  0.0, Workers: 4
[4598.316s][debug][gc,phases      ] GC(282)     Dead                           Min: 0, Avg:  0.0, Max: 0, Diff: 0, Sum: 0, Workers: 4
[4598.316s][debug][gc,phases      ] GC(282)     Total                          Min: 0, Avg:  0.0, Max: 0, Diff: 0, Sum: 0, Workers: 4
[4598.316s][debug][gc,phases      ] GC(282)   Weak JFR Old Object Samples    Min:  0.0, Avg:  0.0, Max:  0.0, Diff:  0.0, Sum:  0.0, Workers: 4
[4598.316s][debug][gc,phases      ] GC(282)     Dead                           Min: 0, Avg:  0.0, Max: 0, Diff: 0, Sum: 0, Workers: 4
[4598.316s][debug][gc,phases      ] GC(282)     Total                          Min: 0, Avg:  0.0, Max: 0, Diff: 0, Sum: 0, Workers: 4
[4598.316s][debug][gc,phases      ] GC(282) Weak Processing 0.486ms
[4598.316s][debug][gc,age         ] GC(282) Desired survivor size 164626432 bytes, new threshold 15 (max threshold 15)
[4598.316s][info ][gc,heap        ] GC(282) PSYoungGen: 1788896K(1931264K)->29072K(1926656K) Eden: 1760768K(1760768K)->0K(1760768K) From: 28128K(170496K)->29072K(165888K)
[4598.316s][info ][gc,heap        ] GC(282) ParOldGen: 627038K(871424K)->627038K(871424K)
[4598.316s][info ][gc,metaspace   ] GC(282) Metaspace: 85641K(86656K)->85641K(86656K) NonClass: 73729K(74304K)->73729K(74304K) Class: 11912K(12352K)->11912K(12352K)
[4598.316s][info ][gc             ] GC(282) Pause Young (Allocation Failure) 2359M->640M(2732M) 23.592ms
[4598.316s][info ][gc,cpu         ] GC(282) User=0.04s Sys=0.01s Real=0.02s
[4598.316s][info ][safepoint      ] Safepoint "ParallelGCFailedAllocation", Time since last: 533320619 ns, Reaching safepoint: 123203 ns, At safepoint: 23697125 ns, Total: 23820328 ns
[4605.316s][info ][safepoint      ] Safepoint "Cleanup", Time since last: 7000449615 ns, Reaching safepoint: 52701 ns, At safepoint: 3800 ns, Total: 56501 ns
[4606.317s][info ][safepoint      ] Safepoint "Cleanup", Time since last: 1000125441 ns, Reaching safepoint: 62201 ns, At safepoint: 4200 ns, Total: 66401 ns
[4608.317s][info ][safepoint      ] Safepoint "Cleanup", Time since last: 2000228278 ns, Reaching safepoint: 56402 ns, At safepoint: 6700 ns, Total: 63102 ns
[4609.317s][info ][safepoint      ] Safepoint "Cleanup", Time since last: 1000113631 ns, Reaching safepoint: 39801 ns, At safepoint: 28100 ns, Total: 67901 ns
[4610.894s][info ][gc,start       ] GC(283) Pause Young (Allocation Failure)
[4610.916s][debug][gc,phases      ] GC(283) Scavenge 22.345ms
[4610.916s][debug][gc,ref         ] GC(283) Skipped phase 1 of Reference Processing: no references
[4610.916s][debug][gc,ref         ] GC(283) ReferenceProcessor::execute queues: 1, RefProcThreadModel::Single, marks_oops_alive: false
[4610.916s][debug][gc,ref         ] GC(283) Skipped phase 3 of Reference Processing: no references
[4610.916s][debug][gc,ref         ] GC(283) ReferenceProcessor::execute queues: 1, RefProcThreadModel::Single, marks_oops_alive: false
[4610.916s][debug][gc,phases      ] GC(283) Reference Processing 0.137ms
[4610.917s][debug][gc,phases      ] GC(283)   VM Weak                        Min:  0.0, Avg:  0.0, Max:  0.0, Diff:  0.0, Sum:  0.0, Workers: 4
[4610.917s][debug][gc,phases      ] GC(283)     Dead                           Min: 0, Avg:  0.0, Max: 0, Diff: 0, Sum: 0, Workers: 4
[4610.917s][debug][gc,phases      ] GC(283)     Total                          Min: 0, Avg: 208.5, Max: 435, Diff: 435, Sum: 834, Workers: 4
[4610.917s][debug][gc,phases      ] GC(283)   ObjectSynchronizer Weak        Min:  0.0, Avg:  0.0, Max:  0.0, Diff:  0.0, Sum:  0.0, Workers: 4
[4610.917s][debug][gc,phases      ] GC(283)     Dead                           Min: 0, Avg:  0.0, Max: 0, Diff: 0, Sum: 0, Workers: 4
[4610.917s][debug][gc,phases      ] GC(283)     Total                          Min: 0, Avg: 11.2, Max: 45, Diff: 45, Sum: 45, Workers: 4
[4610.917s][debug][gc,phases      ] GC(283)   JVMTI Tag Weak OopStorage      Min:  0.0, Avg:  0.0, Max:  0.0, Diff:  0.0, Sum:  0.0, Workers: 4
[4610.917s][debug][gc,phases      ] GC(283)     Dead                           Min: 0, Avg:  0.0, Max: 0, Diff: 0, Sum: 0, Workers: 4
[4610.917s][debug][gc,phases      ] GC(283)     Total                          Min: 0, Avg:  0.0, Max: 0, Diff: 0, Sum: 0, Workers: 4
[4610.917s][debug][gc,phases      ] GC(283)   StringTable Weak               Min:  0.0, Avg:  0.1, Max:  0.1, Diff:  0.1, Sum:  0.4, Workers: 4
[4610.917s][debug][gc,phases      ] GC(283)     Dead                           Min: 0, Avg:  0.0, Max: 0, Diff: 0, Sum: 0, Workers: 4
[4610.917s][debug][gc,phases      ] GC(283)     Total                          Min: 0, Avg: 11045.0, Max: 16317, Diff: 16317, Sum: 44180, Workers: 4
[4610.917s][debug][gc,phases      ] GC(283)   ResolvedMethodTable Weak       Min:  0.0, Avg:  0.0, Max:  0.0, Diff:  0.0, Sum:  0.1, Workers: 4
[4610.917s][debug][gc,phases      ] GC(283)     Dead                           Min: 0, Avg:  0.0, Max: 0, Diff: 0, Sum: 0, Workers: 4
[4610.917s][debug][gc,phases      ] GC(283)     Total                          Min: 0, Avg: 2532.0, Max: 4752, Diff: 4752, Sum: 10128, Workers: 4
[4610.917s][debug][gc,phases      ] GC(283)   JNI Weak                       Min:  0.0, Avg:  0.0, Max:  0.0, Diff:  0.0, Sum:  0.0, Workers: 4
[4610.917s][debug][gc,phases      ] GC(283)     Dead                           Min: 0, Avg:  0.0, Max: 0, Diff: 0, Sum: 0, Workers: 4
[4610.917s][debug][gc,phases      ] GC(283)     Total                          Min: 0, Avg: 11.2, Max: 45, Diff: 45, Sum: 45, Workers: 4
[4610.917s][debug][gc,phases      ] GC(283)   StringDedup Table Weak         Min:  0.0, Avg:  0.0, Max:  0.0, Diff:  0.0, Sum:  0.0, Workers: 4
[4610.917s][debug][gc,phases      ] GC(283)     Dead                           Min: 0, Avg:  0.0, Max: 0, Diff: 0, Sum: 0, Workers: 4
[4610.917s][debug][gc,phases      ] GC(283)     Total                          Min: 0, Avg:  0.0, Max: 0, Diff: 0, Sum: 0, Workers: 4
[4610.917s][debug][gc,phases      ] GC(283)   StringDedup Requests0 Weak     Min:  0.0, Avg:  0.0, Max:  0.0, Diff:  0.0, Sum:  0.0, Workers: 4
[4610.917s][debug][gc,phases      ] GC(283)     Dead                           Min: 0, Avg:  0.0, Max: 0, Diff: 0, Sum: 0, Workers: 4
[4610.917s][debug][gc,phases      ] GC(283)     Total                          Min: 0, Avg:  0.0, Max: 0, Diff: 0, Sum: 0, Workers: 4
[4610.917s][debug][gc,phases      ] GC(283)   StringDedup Requests1 Weak     Min:  0.0, Avg:  0.0, Max:  0.0, Diff:  0.0, Sum:  0.0, Workers: 4
[4610.917s][debug][gc,phases      ] GC(283)     Dead                           Min: 0, Avg:  0.0, Max: 0, Diff: 0, Sum: 0, Workers: 4
[4610.917s][debug][gc,phases      ] GC(283)     Total                          Min: 0, Avg:  0.0, Max: 0, Diff: 0, Sum: 0, Workers: 4
[4610.917s][debug][gc,phases      ] GC(283)   Weak JFR Old Object Samples    Min:  0.0, Avg:  0.0, Max:  0.0, Diff:  0.0, Sum:  0.0, Workers: 4
[4610.917s][debug][gc,phases      ] GC(283)     Dead                           Min: 0, Avg:  0.0, Max: 0, Diff: 0, Sum: 0, Workers: 4
[4610.917s][debug][gc,phases      ] GC(283)     Total                          Min: 0, Avg:  0.0, Max: 0, Diff: 0, Sum: 0, Workers: 4
[4610.917s][debug][gc,phases      ] GC(283) Weak Processing 0.365ms
[4610.917s][debug][gc,age         ] GC(283) Desired survivor size 154664960 bytes, new threshold 15 (max threshold 15)
[4610.917s][info ][gc,heap        ] GC(283) PSYoungGen: 1789840K(1926656K)->53712K(1946112K) Eden: 1760768K(1760768K)->0K(1785344K) From: 29072K(165888K)->53712K(160768K)
[4610.917s][info ][gc,heap        ] GC(283) ParOldGen: 627038K(871424K)->627038K(871424K)
[4610.917s][info ][gc,metaspace   ] GC(283) Metaspace: 85644K(86656K)->85644K(86656K) NonClass: 73731K(74304K)->73731K(74304K) Class: 11913K(12352K)->11913K(12352K)
[4610.917s][info ][gc             ] GC(283) Pause Young (Allocation Failure) 2360M->664M(2751M) 22.987ms
[4610.917s][info ][gc,cpu         ] GC(283) User=0.08s Sys=0.00s Real=0.02s
[4610.917s][info ][safepoint      ] Safepoint "ParallelGCFailedAllocation", Time since last: 1576561887 ns, Reaching safepoint: 121203 ns, At safepoint: 23073811 ns, Total: 23195014 ns
[4622.904s][info ][gc,start       ] GC(284) Pause Young (Allocation Failure)
[4622.921s][debug][gc,phases      ] GC(284) Scavenge 16.325ms
[4622.921s][debug][gc,ref         ] GC(284) Skipped phase 1 of Reference Processing: no references
[4622.921s][debug][gc,ref         ] GC(284) ReferenceProcessor::execute queues: 1, RefProcThreadModel::Single, marks_oops_alive: false
[4622.921s][debug][gc,ref         ] GC(284) Skipped phase 3 of Reference Processing: no references
[4622.921s][debug][gc,ref         ] GC(284) ReferenceProcessor::execute queues: 1, RefProcThreadModel::Single, marks_oops_alive: false
[4622.921s][debug][gc,phases      ] GC(284) Reference Processing 0.125ms
[4622.921s][debug][gc,phases      ] GC(284)   VM Weak                        Min:  0.0, Avg:  0.0, Max:  0.0, Diff:  0.0, Sum:  0.0, Workers: 4
[4622.921s][debug][gc,phases      ] GC(284)     Dead                           Min: 0, Avg:  0.0, Max: 0, Diff: 0, Sum: 0, Workers: 4
[4622.921s][debug][gc,phases      ] GC(284)     Total                          Min: 0, Avg: 208.5, Max: 707, Diff: 707, Sum: 834, Workers: 4
[4622.921s][debug][gc,phases      ] GC(284)   ObjectSynchronizer Weak        Min:  0.0, Avg:  0.0, Max:  0.0, Diff:  0.0, Sum:  0.0, Workers: 4
[4622.921s][debug][gc,phases      ] GC(284)     Dead                           Min: 0, Avg:  0.0, Max: 0, Diff: 0, Sum: 0, Workers: 4
[4622.921s][debug][gc,phases      ] GC(284)     Total                          Min: 0, Avg: 11.2, Max: 45, Diff: 45, Sum: 45, Workers: 4
[4622.921s][debug][gc,phases      ] GC(284)   JVMTI Tag Weak OopStorage      Min:  0.0, Avg:  0.0, Max:  0.0, Diff:  0.0, Sum:  0.0, Workers: 4
[4622.921s][debug][gc,phases      ] GC(284)     Dead                           Min: 0, Avg:  0.0, Max: 0, Diff: 0, Sum: 0, Workers: 4
[4622.921s][debug][gc,phases      ] GC(284)     Total                          Min: 0, Avg:  0.0, Max: 0, Diff: 0, Sum: 0, Workers: 4
[4622.921s][debug][gc,phases      ] GC(284)   StringTable Weak               Min:  0.0, Avg:  0.1, Max:  0.1, Diff:  0.1, Sum:  0.4, Workers: 4
[4622.921s][debug][gc,phases      ] GC(284)     Dead                           Min: 0, Avg:  0.0, Max: 0, Diff: 0, Sum: 0, Workers: 4
[4622.921s][debug][gc,phases      ] GC(284)     Total                          Min: 0, Avg: 11045.0, Max: 15063, Diff: 15063, Sum: 44180, Workers: 4
[4622.921s][debug][gc,phases      ] GC(284)   ResolvedMethodTable Weak       Min:  0.0, Avg:  0.0, Max:  0.0, Diff:  0.0, Sum:  0.1, Workers: 4
[4622.921s][debug][gc,phases      ] GC(284)     Dead                           Min: 0, Avg:  0.0, Max: 0, Diff: 0, Sum: 0, Workers: 4
[4622.921s][debug][gc,phases      ] GC(284)     Total                          Min: 0, Avg: 2532.0, Max: 3472, Diff: 3472, Sum: 10128, Workers: 4
[4622.921s][debug][gc,phases      ] GC(284)   JNI Weak                       Min:  0.0, Avg:  0.0, Max:  0.0, Diff:  0.0, Sum:  0.0, Workers: 4
[4622.921s][debug][gc,phases      ] GC(284)     Dead                           Min: 0, Avg:  0.0, Max: 0, Diff: 0, Sum: 0, Workers: 4
[4622.921s][debug][gc,phases      ] GC(284)     Total                          Min: 0, Avg: 11.2, Max: 45, Diff: 45, Sum: 45, Workers: 4
[4622.921s][debug][gc,phases      ] GC(284)   StringDedup Table Weak         Min:  0.0, Avg:  0.0, Max:  0.0, Diff:  0.0, Sum:  0.0, Workers: 4
[4622.921s][debug][gc,phases      ] GC(284)     Dead                           Min: 0, Avg:  0.0, Max: 0, Diff: 0, Sum: 0, Workers: 4
[4622.921s][debug][gc,phases      ] GC(284)     Total                          Min: 0, Avg:  0.0, Max: 0, Diff: 0, Sum: 0, Workers: 4
[4622.921s][debug][gc,phases      ] GC(284)   StringDedup Requests0 Weak     Min:  0.0, Avg:  0.0, Max:  0.0, Diff:  0.0, Sum:  0.0, Workers: 4
[4622.921s][debug][gc,phases      ] GC(284)     Dead                           Min: 0, Avg:  0.0, Max: 0, Diff: 0, Sum: 0, Workers: 4
[4622.921s][debug][gc,phases      ] GC(284)     Total                          Min: 0, Avg:  0.0, Max: 0, Diff: 0, Sum: 0, Workers: 4
[4622.921s][debug][gc,phases      ] GC(284)   StringDedup Requests1 Weak     Min:  0.0, Avg:  0.0, Max:  0.0, Diff:  0.0, Sum:  0.0, Workers: 4
[4622.921s][debug][gc,phases      ] GC(284)     Dead                           Min: 0, Avg:  0.0, Max: 0, Diff: 0, Sum: 0, Workers: 4
[4622.921s][debug][gc,phases      ] GC(284)     Total                          Min: 0, Avg:  0.0, Max: 0, Diff: 0, Sum: 0, Workers: 4
[4622.921s][debug][gc,phases      ] GC(284)   Weak JFR Old Object Samples    Min:  0.0, Avg:  0.0, Max:  0.0, Diff:  0.0, Sum:  0.0, Workers: 4
[4622.921s][debug][gc,phases      ] GC(284)     Dead                           Min: 0, Avg:  0.0, Max: 0, Diff: 0, Sum: 0, Workers: 4
[4622.921s][debug][gc,phases      ] GC(284)     Total                          Min: 0, Avg:  0.0, Max: 0, Diff: 0, Sum: 0, Workers: 4
[4622.921s][debug][gc,phases      ] GC(284) Weak Processing 0.375ms
[4622.921s][debug][gc,age         ] GC(284) Desired survivor size 146800640 bytes, new threshold 15 (max threshold 15)
[4622.921s][info ][gc,heap        ] GC(284) PSYoungGen: 1839056K(1946112K)->46496K(1936384K) Eden: 1785344K(1785344K)->0K(1785344K) From: 53712K(160768K)->46496K(151040K)
[4622.921s][info ][gc,heap        ] GC(284) ParOldGen: 627038K(871424K)->627038K(871424K)
[4622.921s][info ][gc,metaspace   ] GC(284) Metaspace: 85644K(86656K)->85644K(86656K) NonClass: 73731K(74304K)->73731K(74304K) Class: 11913K(12352K)->11913K(12352K)
[4622.921s][info ][gc             ] GC(284) Pause Young (Allocation Failure) 2408M->657M(2742M) 16.979ms
[4622.921s][info ][gc,cpu         ] GC(284) User=0.06s Sys=0.00s Real=0.01s
[4622.921s][info ][safepoint      ] Safepoint "ParallelGCFailedAllocation", Time since last: 11987230365 ns, Reaching safepoint: 44901 ns, At safepoint: 17059876 ns, Total: 17104777 ns
[4631.922s][info ][safepoint      ] Safepoint "Cleanup", Time since last: 9000609161 ns, Reaching safepoint: 50201 ns, At safepoint: 3800 ns, Total: 54001 ns
[4633.922s][info ][safepoint      ] Safepoint "Cleanup", Time since last: 2000182830 ns, Reaching safepoint: 47801 ns, At safepoint: 2700 ns, Total: 50501 ns
[4634.922s][info ][safepoint      ] Safepoint "Cleanup", Time since last: 1000129723 ns, Reaching safepoint: 54101 ns, At safepoint: 2700 ns, Total: 56801 ns
[4638.796s][info ][gc,start       ] GC(285) Pause Young (Allocation Failure)
[4638.814s][debug][gc,phases      ] GC(285) Scavenge 18.028ms
[4638.814s][debug][gc,ref         ] GC(285) Skipped phase 1 of Reference Processing: no references
[4638.815s][debug][gc,ref         ] GC(285) ReferenceProcessor::execute queues: 1, RefProcThreadModel::Single, marks_oops_alive: false
[4638.815s][debug][gc,ref         ] GC(285) Skipped phase 3 of Reference Processing: no references
[4638.815s][debug][gc,ref         ] GC(285) ReferenceProcessor::execute queues: 1, RefProcThreadModel::Single, marks_oops_alive: false
[4638.815s][debug][gc,phases      ] GC(285) Reference Processing 0.119ms
[4638.815s][debug][gc,phases      ] GC(285)   VM Weak                        Min:  0.0, Avg:  0.0, Max:  0.0, Diff:  0.0, Sum:  0.0, Workers: 4
[4638.815s][debug][gc,phases      ] GC(285)     Dead                           Min: 0, Avg:  0.0, Max: 0, Diff: 0, Sum: 0, Workers: 4
[4638.815s][debug][gc,phases      ] GC(285)     Total                          Min: 0, Avg: 208.5, Max: 771, Diff: 771, Sum: 834, Workers: 4
[4638.815s][debug][gc,phases      ] GC(285)   ObjectSynchronizer Weak        Min:  0.0, Avg:  0.0, Max:  0.0, Diff:  0.0, Sum:  0.0, Workers: 4
[4638.815s][debug][gc,phases      ] GC(285)     Dead                           Min: 0, Avg:  0.0, Max: 0, Diff: 0, Sum: 0, Workers: 4
[4638.815s][debug][gc,phases      ] GC(285)     Total                          Min: 0, Avg: 11.2, Max: 45, Diff: 45, Sum: 45, Workers: 4
[4638.815s][debug][gc,phases      ] GC(285)   JVMTI Tag Weak OopStorage      Min:  0.0, Avg:  0.0, Max:  0.0, Diff:  0.0, Sum:  0.0, Workers: 4
[4638.815s][debug][gc,phases      ] GC(285)     Dead                           Min: 0, Avg:  0.0, Max: 0, Diff: 0, Sum: 0, Workers: 4
[4638.815s][debug][gc,phases      ] GC(285)     Total                          Min: 0, Avg:  0.0, Max: 0, Diff: 0, Sum: 0, Workers: 4
[4638.815s][debug][gc,phases      ] GC(285)   StringTable Weak               Min:  0.1, Avg:  0.1, Max:  0.1, Diff:  0.0, Sum:  0.4, Workers: 4
[4638.815s][debug][gc,phases      ] GC(285)     Dead                           Min: 0, Avg:  0.0, Max: 0, Diff: 0, Sum: 0, Workers: 4
[4638.815s][debug][gc,phases      ] GC(285)     Total                          Min: 10112, Avg: 11045.0, Max: 11478, Diff: 1366, Sum: 44180, Workers: 4
[4638.815s][debug][gc,phases      ] GC(285)   ResolvedMethodTable Weak       Min:  0.0, Avg:  0.0, Max:  0.0, Diff:  0.0, Sum:  0.1, Workers: 4
[4638.815s][debug][gc,phases      ] GC(285)     Dead                           Min: 0, Avg:  0.0, Max: 0, Diff: 0, Sum: 0, Workers: 4
[4638.815s][debug][gc,phases      ] GC(285)     Total                          Min: 2432, Avg: 2532.0, Max: 2640, Diff: 208, Sum: 10128, Workers: 4
[4638.815s][debug][gc,phases      ] GC(285)   JNI Weak                       Min:  0.0, Avg:  0.0, Max:  0.0, Diff:  0.0, Sum:  0.0, Workers: 4
[4638.815s][debug][gc,phases      ] GC(285)     Dead                           Min: 0, Avg:  0.0, Max: 0, Diff: 0, Sum: 0, Workers: 4
[4638.815s][debug][gc,phases      ] GC(285)     Total                          Min: 0, Avg: 11.2, Max: 45, Diff: 45, Sum: 45, Workers: 4
[4638.815s][debug][gc,phases      ] GC(285)   StringDedup Table Weak         Min:  0.0, Avg:  0.0, Max:  0.0, Diff:  0.0, Sum:  0.0, Workers: 4
[4638.815s][debug][gc,phases      ] GC(285)     Dead                           Min: 0, Avg:  0.0, Max: 0, Diff: 0, Sum: 0, Workers: 4
[4638.815s][debug][gc,phases      ] GC(285)     Total                          Min: 0, Avg:  0.0, Max: 0, Diff: 0, Sum: 0, Workers: 4
[4638.815s][debug][gc,phases      ] GC(285)   StringDedup Requests0 Weak     Min:  0.0, Avg:  0.0, Max:  0.0, Diff:  0.0, Sum:  0.0, Workers: 4
[4638.815s][debug][gc,phases      ] GC(285)     Dead                           Min: 0, Avg:  0.0, Max: 0, Diff: 0, Sum: 0, Workers: 4
[4638.815s][debug][gc,phases      ] GC(285)     Total                          Min: 0, Avg:  0.0, Max: 0, Diff: 0, Sum: 0, Workers: 4
[4638.815s][debug][gc,phases      ] GC(285)   StringDedup Requests1 Weak     Min:  0.0, Avg:  0.0, Max:  0.0, Diff:  0.0, Sum:  0.0, Workers: 4
[4638.815s][debug][gc,phases      ] GC(285)     Dead                           Min: 0, Avg:  0.0, Max: 0, Diff: 0, Sum: 0, Workers: 4
[4638.815s][debug][gc,phases      ] GC(285)     Total                          Min: 0, Avg:  0.0, Max: 0, Diff: 0, Sum: 0, Workers: 4
[4638.815s][debug][gc,phases      ] GC(285)   Weak JFR Old Object Samples    Min:  0.0, Avg:  0.0, Max:  0.0, Diff:  0.0, Sum:  0.0, Workers: 4
[4638.815s][debug][gc,phases      ] GC(285)     Dead                           Min: 0, Avg:  0.0, Max: 0, Diff: 0, Sum: 0, Workers: 4
[4638.815s][debug][gc,phases      ] GC(285)     Total                          Min: 0, Avg:  0.0, Max: 0, Diff: 0, Sum: 0, Workers: 4
[4638.815s][debug][gc,phases      ] GC(285) Weak Processing 0.350ms
[4638.815s][debug][gc,age         ] GC(285) Desired survivor size 138936320 bytes, new threshold 15 (max threshold 15)
[4638.815s][info ][gc,heap        ] GC(285) PSYoungGen: 1831136K(1936384K)->47264K(1961472K) Eden: 1784639K(1785344K)->0K(1818112K) From: 46496K(151040K)->47264K(143360K)
[4638.815s][info ][gc,heap        ] GC(285) ParOldGen: 627038K(871424K)->627038K(871424K)
[4638.815s][info ][gc,metaspace   ] GC(285) Metaspace: 85645K(86656K)->85645K(86656K) NonClass: 73732K(74304K)->73732K(74304K) Class: 11913K(12352K)->11913K(12352K)
[4638.815s][info ][gc             ] GC(285) Pause Young (Allocation Failure) 2400M->658M(2766M) 18.665ms
[4638.815s][info ][gc,cpu         ] GC(285) User=0.07s Sys=0.00s Real=0.02s
[4638.815s][info ][safepoint      ] Safepoint "ParallelGCFailedAllocation", Time since last: 3867246744 ns, Reaching safepoint: 6740049 ns, At safepoint: 18767216 ns, Total: 25507265 ns
[4641.815s][info ][safepoint      ] Safepoint "Cleanup", Time since last: 3000223458 ns, Reaching safepoint: 56502 ns, At safepoint: 8400 ns, Total: 64902 ns
[4643.816s][info ][safepoint      ] Safepoint "Cleanup", Time since last: 2000185717 ns, Reaching safepoint: 51301 ns, At safepoint: 3600 ns, Total: 54901 ns
[4651.259s][info ][gc,start       ] GC(286) Pause Young (Allocation Failure)
[4651.277s][debug][gc,phases      ] GC(286) Scavenge 18.209ms
[4651.277s][debug][gc,ref         ] GC(286) Skipped phase 1 of Reference Processing: no references
[4651.277s][debug][gc,ref         ] GC(286) ReferenceProcessor::execute queues: 1, RefProcThreadModel::Single, marks_oops_alive: false
[4651.277s][debug][gc,ref         ] GC(286) Skipped phase 3 of Reference Processing: no references
[4651.277s][debug][gc,ref         ] GC(286) ReferenceProcessor::execute queues: 1, RefProcThreadModel::Single, marks_oops_alive: false
[4651.277s][debug][gc,phases      ] GC(286) Reference Processing 0.127ms
[4651.277s][debug][gc,phases      ] GC(286)   VM Weak                        Min:  0.0, Avg:  0.0, Max:  0.0, Diff:  0.0, Sum:  0.0, Workers: 4
[4651.277s][debug][gc,phases      ] GC(286)     Dead                           Min: 0, Avg:  0.0, Max: 0, Diff: 0, Sum: 0, Workers: 4
[4651.277s][debug][gc,phases      ] GC(286)     Total                          Min: 0, Avg: 208.5, Max: 533, Diff: 533, Sum: 834, Workers: 4
[4651.278s][debug][gc,phases      ] GC(286)   ObjectSynchronizer Weak        Min:  0.0, Avg:  0.0, Max:  0.0, Diff:  0.0, Sum:  0.0, Workers: 4
[4651.278s][debug][gc,phases      ] GC(286)     Dead                           Min: 0, Avg:  0.0, Max: 0, Diff: 0, Sum: 0, Workers: 4
[4651.278s][debug][gc,phases      ] GC(286)     Total                          Min: 0, Avg: 11.2, Max: 45, Diff: 45, Sum: 45, Workers: 4
[4651.278s][debug][gc,phases      ] GC(286)   JVMTI Tag Weak OopStorage      Min:  0.0, Avg:  0.0, Max:  0.0, Diff:  0.0, Sum:  0.0, Workers: 4
[4651.278s][debug][gc,phases      ] GC(286)     Dead                           Min: 0, Avg:  0.0, Max: 0, Diff: 0, Sum: 0, Workers: 4
[4651.278s][debug][gc,phases      ] GC(286)     Total                          Min: 0, Avg:  0.0, Max: 0, Diff: 0, Sum: 0, Workers: 4
[4651.278s][debug][gc,phases      ] GC(286)   StringTable Weak               Min:  0.0, Avg:  0.1, Max:  0.1, Diff:  0.1, Sum:  0.4, Workers: 4
[4651.278s][debug][gc,phases      ] GC(286)     Dead                           Min: 0, Avg:  0.0, Max: 0, Diff: 0, Sum: 0, Workers: 4
[4651.278s][debug][gc,phases      ] GC(286)     Total                          Min: 0, Avg: 11045.0, Max: 15510, Diff: 15510, Sum: 44180, Workers: 4
[4651.278s][debug][gc,phases      ] GC(286)   ResolvedMethodTable Weak       Min:  0.0, Avg:  0.0, Max:  0.0, Diff:  0.0, Sum:  0.1, Workers: 4
[4651.278s][debug][gc,phases      ] GC(286)     Dead                           Min: 0, Avg:  0.0, Max: 0, Diff: 0, Sum: 0, Workers: 4
[4651.278s][debug][gc,phases      ] GC(286)     Total                          Min: 0, Avg: 2532.0, Max: 3840, Diff: 3840, Sum: 10128, Workers: 4
[4651.278s][debug][gc,phases      ] GC(286)   JNI Weak                       Min:  0.0, Avg:  0.0, Max:  0.0, Diff:  0.0, Sum:  0.0, Workers: 4
[4651.278s][debug][gc,phases      ] GC(286)     Dead                           Min: 0, Avg:  0.0, Max: 0, Diff: 0, Sum: 0, Workers: 4
[4651.278s][debug][gc,phases      ] GC(286)     Total                          Min: 0, Avg: 11.2, Max: 45, Diff: 45, Sum: 45, Workers: 4
[4651.278s][debug][gc,phases      ] GC(286)   StringDedup Table Weak         Min:  0.0, Avg:  0.0, Max:  0.0, Diff:  0.0, Sum:  0.0, Workers: 4
[4651.278s][debug][gc,phases      ] GC(286)     Dead                           Min: 0, Avg:  0.0, Max: 0, Diff: 0, Sum: 0, Workers: 4
[4651.278s][debug][gc,phases      ] GC(286)     Total                          Min: 0, Avg:  0.0, Max: 0, Diff: 0, Sum: 0, Workers: 4
[4651.278s][debug][gc,phases      ] GC(286)   StringDedup Requests0 Weak     Min:  0.0, Avg:  0.0, Max:  0.0, Diff:  0.0, Sum:  0.0, Workers: 4
[4651.278s][debug][gc,phases      ] GC(286)     Dead                           Min: 0, Avg:  0.0, Max: 0, Diff: 0, Sum: 0, Workers: 4
[4651.278s][debug][gc,phases      ] GC(286)     Total                          Min: 0, Avg:  0.0, Max: 0, Diff: 0, Sum: 0, Workers: 4
[4651.278s][debug][gc,phases      ] GC(286)   StringDedup Requests1 Weak     Min:  0.0, Avg:  0.0, Max:  0.0, Diff:  0.0, Sum:  0.0, Workers: 4
[4651.278s][debug][gc,phases      ] GC(286)     Dead                           Min: 0, Avg:  0.0, Max: 0, Diff: 0, Sum: 0, Workers: 4
[4651.278s][debug][gc,phases      ] GC(286)     Total                          Min: 0, Avg:  0.0, Max: 0, Diff: 0, Sum: 0, Workers: 4
[4651.278s][debug][gc,phases      ] GC(286)   Weak JFR Old Object Samples    Min:  0.0, Avg:  0.0, Max:  0.0, Diff:  0.0, Sum:  0.0, Workers: 4
[4651.278s][debug][gc,phases      ] GC(286)     Dead                           Min: 0, Avg:  0.0, Max: 0, Diff: 0, Sum: 0, Workers: 4
[4651.278s][debug][gc,phases      ] GC(286)     Total                          Min: 0, Avg:  0.0, Max: 0, Diff: 0, Sum: 0, Workers: 4
[4651.278s][debug][gc,phases      ] GC(286) Weak Processing 0.375ms
[4651.278s][debug][gc,age         ] GC(286) Desired survivor size 132120576 bytes, new threshold 15 (max threshold 15)
[4651.278s][info ][gc,heap        ] GC(286) PSYoungGen: 1865376K(1961472K)->48944K(1953792K) Eden: 1818112K(1818112K)->0K(1818112K) From: 47264K(143360K)->48944K(135680K)
[4651.278s][info ][gc,heap        ] GC(286) ParOldGen: 627038K(871424K)->627038K(871424K)
[4651.278s][info ][gc,metaspace   ] GC(286) Metaspace: 85645K(86656K)->85645K(86656K) NonClass: 73732K(74304K)->73732K(74304K) Class: 11913K(12352K)->11913K(12352K)
[4651.278s][info ][gc             ] GC(286) Pause Young (Allocation Failure) 2433M->660M(2759M) 18.853ms
[4651.278s][info ][gc,cpu         ] GC(286) User=0.07s Sys=0.00s Real=0.02s
[4651.278s][info ][safepoint      ] Safepoint "ParallelGCFailedAllocation", Time since last: 7443206353 ns, Reaching safepoint: 31601 ns, At safepoint: 18935318 ns, Total: 18966919 ns
[4655.278s][info ][safepoint      ] Safepoint "Cleanup", Time since last: 4000263936 ns, Reaching safepoint: 51101 ns, At safepoint: 2500 ns, Total: 53601 ns
[4656.278s][info ][safepoint      ] Safepoint "Cleanup", Time since last: 1000137571 ns, Reaching safepoint: 48801 ns, At safepoint: 28600 ns, Total: 77401 ns
[4667.232s][info ][safepoint      ] Safepoint "ParallelGCFailedAllocation", Time since last: 10953220483 ns, Reaching safepoint: 112302 ns, At safepoint: 13500 ns, Total: 125802 ns
[4667.233s][info ][gc,start       ] GC(287) Pause Young (GCLocker Initiated GC)
[4667.254s][debug][gc,phases      ] GC(287) Scavenge 21.027ms
[4667.254s][debug][gc,ref         ] GC(287) Skipped phase 1 of Reference Processing: no references
[4667.254s][debug][gc,ref         ] GC(287) ReferenceProcessor::execute queues: 1, RefProcThreadModel::Single, marks_oops_alive: false
[4667.254s][debug][gc,ref         ] GC(287) Skipped phase 3 of Reference Processing: no references
[4667.254s][debug][gc,ref         ] GC(287) ReferenceProcessor::execute queues: 1, RefProcThreadModel::Single, marks_oops_alive: false
[4667.254s][debug][gc,phases      ] GC(287) Reference Processing 0.126ms
[4667.254s][debug][gc,phases      ] GC(287)   VM Weak                        Min:  0.0, Avg:  0.0, Max:  0.0, Diff:  0.0, Sum:  0.0, Workers: 4
[4667.254s][debug][gc,phases      ] GC(287)     Dead                           Min: 0, Avg:  0.0, Max: 0, Diff: 0, Sum: 0, Workers: 4
[4667.254s][debug][gc,phases      ] GC(287)     Total                          Min: 0, Avg: 208.5, Max: 404, Diff: 404, Sum: 834, Workers: 4
[4667.254s][debug][gc,phases      ] GC(287)   ObjectSynchronizer Weak        Min:  0.0, Avg:  0.0, Max:  0.0, Diff:  0.0, Sum:  0.0, Workers: 4
[4667.254s][debug][gc,phases      ] GC(287)     Dead                           Min: 0, Avg:  0.0, Max: 0, Diff: 0, Sum: 0, Workers: 4
[4667.254s][debug][gc,phases      ] GC(287)     Total                          Min: 0, Avg: 11.2, Max: 45, Diff: 45, Sum: 45, Workers: 4
[4667.254s][debug][gc,phases      ] GC(287)   JVMTI Tag Weak OopStorage      Min:  0.0, Avg:  0.0, Max:  0.0, Diff:  0.0, Sum:  0.0, Workers: 4
[4667.254s][debug][gc,phases      ] GC(287)     Dead                           Min: 0, Avg:  0.0, Max: 0, Diff: 0, Sum: 0, Workers: 4
[4667.254s][debug][gc,phases      ] GC(287)     Total                          Min: 0, Avg:  0.0, Max: 0, Diff: 0, Sum: 0, Workers: 4
[4667.254s][debug][gc,phases      ] GC(287)   StringTable Weak               Min:  0.0, Avg:  0.1, Max:  0.2, Diff:  0.2, Sum:  0.5, Workers: 4
[4667.254s][debug][gc,phases      ] GC(287)     Dead                           Min: 0, Avg:  0.0, Max: 0, Diff: 0, Sum: 0, Workers: 4
[4667.254s][debug][gc,phases      ] GC(287)     Total                          Min: 0, Avg: 11045.0, Max: 16448, Diff: 16448, Sum: 44180, Workers: 4
[4667.254s][debug][gc,phases      ] GC(287)   ResolvedMethodTable Weak       Min:  0.0, Avg:  0.0, Max:  0.0, Diff:  0.0, Sum:  0.1, Workers: 4
[4667.254s][debug][gc,phases      ] GC(287)     Dead                           Min: 0, Avg:  0.0, Max: 0, Diff: 0, Sum: 0, Workers: 4
[4667.254s][debug][gc,phases      ] GC(287)     Total                          Min: 0, Avg: 2532.0, Max: 3792, Diff: 3792, Sum: 10128, Workers: 4
[4667.254s][debug][gc,phases      ] GC(287)   JNI Weak                       Min:  0.0, Avg:  0.0, Max:  0.0, Diff:  0.0, Sum:  0.0, Workers: 4
[4667.254s][debug][gc,phases      ] GC(287)     Dead                           Min: 0, Avg:  0.0, Max: 0, Diff: 0, Sum: 0, Workers: 4
[4667.254s][debug][gc,phases      ] GC(287)     Total                          Min: 0, Avg: 11.2, Max: 45, Diff: 45, Sum: 45, Workers: 4
[4667.254s][debug][gc,phases      ] GC(287)   StringDedup Table Weak         Min:  0.0, Avg:  0.0, Max:  0.0, Diff:  0.0, Sum:  0.0, Workers: 4
[4667.254s][debug][gc,phases      ] GC(287)     Dead                           Min: 0, Avg:  0.0, Max: 0, Diff: 0, Sum: 0, Workers: 4
[4667.254s][debug][gc,phases      ] GC(287)     Total                          Min: 0, Avg:  0.0, Max: 0, Diff: 0, Sum: 0, Workers: 4
[4667.254s][debug][gc,phases      ] GC(287)   StringDedup Requests0 Weak     Min:  0.0, Avg:  0.0, Max:  0.0, Diff:  0.0, Sum:  0.0, Workers: 4
[4667.254s][debug][gc,phases      ] GC(287)     Dead                           Min: 0, Avg:  0.0, Max: 0, Diff: 0, Sum: 0, Workers: 4
[4667.254s][debug][gc,phases      ] GC(287)     Total                          Min: 0, Avg:  0.0, Max: 0, Diff: 0, Sum: 0, Workers: 4
[4667.254s][debug][gc,phases      ] GC(287)   StringDedup Requests1 Weak     Min:  0.0, Avg:  0.0, Max:  0.0, Diff:  0.0, Sum:  0.0, Workers: 4
[4667.254s][debug][gc,phases      ] GC(287)     Dead                           Min: 0, Avg:  0.0, Max: 0, Diff: 0, Sum: 0, Workers: 4
[4667.254s][debug][gc,phases      ] GC(287)     Total                          Min: 0, Avg:  0.0, Max: 0, Diff: 0, Sum: 0, Workers: 4
[4667.254s][debug][gc,phases      ] GC(287)   Weak JFR Old Object Samples    Min:  0.0, Avg:  0.0, Max:  0.0, Diff:  0.0, Sum:  0.0, Workers: 4
[4667.254s][debug][gc,phases      ] GC(287)     Dead                           Min: 0, Avg:  0.0, Max: 0, Diff: 0, Sum: 0, Workers: 4
[4667.254s][debug][gc,phases      ] GC(287)     Total                          Min: 0, Avg:  0.0, Max: 0, Diff: 0, Sum: 0, Workers: 4
[4667.254s][debug][gc,phases      ] GC(287) Weak Processing 0.388ms
[4667.254s][debug][gc,age         ] GC(287) Desired survivor size 125304832 bytes, new threshold 15 (max threshold 15)
[4667.254s][info ][gc,heap        ] GC(287) PSYoungGen: 1867056K(1953792K)->49679K(1974784K) Eden: 1818112K(1818112K)->0K(1845760K) From: 48944K(135680K)->49679K(129024K)
[4667.254s][info ][gc,heap        ] GC(287) ParOldGen: 628134K(871424K)->628134K(871424K)
[4667.254s][info ][gc,metaspace   ] GC(287) Metaspace: 85646K(86656K)->85646K(86656K) NonClass: 73733K(74304K)->73733K(74304K) Class: 11913K(12352K)->11913K(12352K)
[4667.254s][info ][gc             ] GC(287) Pause Young (GCLocker Initiated GC) 2436M->661M(2779M) 21.660ms
[4667.254s][info ][gc,cpu         ] GC(287) User=0.07s Sys=0.00s Real=0.02s
[4667.254s][info ][safepoint      ] Safepoint "ParallelGCSystemGC", Time since last: 956220 ns, Reaching safepoint: 91302 ns, At safepoint: 21745747 ns, Total: 21837049 ns
[4668.255s][info ][safepoint      ] Safepoint "Cleanup", Time since last: 1000084071 ns, Reaching safepoint: 139303 ns, At safepoint: 18700 ns, Total: 158003 ns
[4669.255s][info ][safepoint      ] Safepoint "Cleanup", Time since last: 1000135022 ns, Reaching safepoint: 112903 ns, At safepoint: 6500 ns, Total: 119403 ns
[4670.255s][info ][safepoint      ] Safepoint "Cleanup", Time since last: 1000155822 ns, Reaching safepoint: 156103 ns, At safepoint: 11201 ns, Total: 167304 ns
[4676.256s][info ][safepoint      ] Safepoint "Cleanup", Time since last: 6000445672 ns, Reaching safepoint: 122203 ns, At safepoint: 8700 ns, Total: 130903 ns
[4678.591s][info ][gc,start       ] GC(288) Pause Young (Allocation Failure)
[4678.614s][debug][gc,phases      ] GC(288) Scavenge 22.586ms
[4678.614s][debug][gc,ref         ] GC(288) Skipped phase 1 of Reference Processing: no references
[4678.614s][debug][gc,ref         ] GC(288) ReferenceProcessor::execute queues: 1, RefProcThreadModel::Single, marks_oops_alive: false
[4678.614s][debug][gc,ref         ] GC(288) Skipped phase 3 of Reference Processing: no references
[4678.614s][debug][gc,ref         ] GC(288) ReferenceProcessor::execute queues: 1, RefProcThreadModel::Single, marks_oops_alive: false
[4678.614s][debug][gc,phases      ] GC(288) Reference Processing 0.150ms
[4678.614s][debug][gc,phases      ] GC(288)   VM Weak                        Min:  0.0, Avg:  0.0, Max:  0.0, Diff:  0.0, Sum:  0.0, Workers: 4
[4678.614s][debug][gc,phases      ] GC(288)     Dead                           Min: 0, Avg:  0.0, Max: 0, Diff: 0, Sum: 0, Workers: 4
[4678.614s][debug][gc,phases      ] GC(288)     Total                          Min: 0, Avg: 208.5, Max: 399, Diff: 399, Sum: 834, Workers: 4
[4678.614s][debug][gc,phases      ] GC(288)   ObjectSynchronizer Weak        Min:  0.0, Avg:  0.0, Max:  0.0, Diff:  0.0, Sum:  0.0, Workers: 4
[4678.614s][debug][gc,phases      ] GC(288)     Dead                           Min: 0, Avg:  0.0, Max: 0, Diff: 0, Sum: 0, Workers: 4
[4678.614s][debug][gc,phases      ] GC(288)     Total                          Min: 0, Avg: 11.2, Max: 45, Diff: 45, Sum: 45, Workers: 4
[4678.614s][debug][gc,phases      ] GC(288)   JVMTI Tag Weak OopStorage      Min:  0.0, Avg:  0.0, Max:  0.0, Diff:  0.0, Sum:  0.0, Workers: 4
[4678.614s][debug][gc,phases      ] GC(288)     Dead                           Min: 0, Avg:  0.0, Max: 0, Diff: 0, Sum: 0, Workers: 4
[4678.614s][debug][gc,phases      ] GC(288)     Total                          Min: 0, Avg:  0.0, Max: 0, Diff: 0, Sum: 0, Workers: 4
[4678.614s][debug][gc,phases      ] GC(288)   StringTable Weak               Min:  0.0, Avg:  0.1, Max:  0.1, Diff:  0.1, Sum:  0.4, Workers: 4
[4678.614s][debug][gc,phases      ] GC(288)     Dead                           Min: 0, Avg:  0.0, Max: 0, Diff: 0, Sum: 0, Workers: 4
[4678.614s][debug][gc,phases      ] GC(288)     Total                          Min: 0, Avg: 11045.2, Max: 16127, Diff: 16127, Sum: 44181, Workers: 4
[4678.614s][debug][gc,phases      ] GC(288)   ResolvedMethodTable Weak       Min:  0.0, Avg:  0.0, Max:  0.0, Diff:  0.0, Sum:  0.1, Workers: 4
[4678.614s][debug][gc,phases      ] GC(288)     Dead                           Min: 0, Avg:  0.0, Max: 0, Diff: 0, Sum: 0, Workers: 4
[4678.614s][debug][gc,phases      ] GC(288)     Total                          Min: 0, Avg: 2532.5, Max: 3776, Diff: 3776, Sum: 10130, Workers: 4
[4678.614s][debug][gc,phases      ] GC(288)   JNI Weak                       Min:  0.0, Avg:  0.0, Max:  0.0, Diff:  0.0, Sum:  0.0, Workers: 4
[4678.614s][debug][gc,phases      ] GC(288)     Dead                           Min: 0, Avg:  0.0, Max: 0, Diff: 0, Sum: 0, Workers: 4
[4678.614s][debug][gc,phases      ] GC(288)     Total                          Min: 0, Avg: 11.2, Max: 45, Diff: 45, Sum: 45, Workers: 4
[4678.614s][debug][gc,phases      ] GC(288)   StringDedup Table Weak         Min:  0.0, Avg:  0.0, Max:  0.0, Diff:  0.0, Sum:  0.0, Workers: 4
[4678.614s][debug][gc,phases      ] GC(288)     Dead                           Min: 0, Avg:  0.0, Max: 0, Diff: 0, Sum: 0, Workers: 4
[4678.614s][debug][gc,phases      ] GC(288)     Total                          Min: 0, Avg:  0.0, Max: 0, Diff: 0, Sum: 0, Workers: 4
[4678.614s][debug][gc,phases      ] GC(288)   StringDedup Requests0 Weak     Min:  0.0, Avg:  0.0, Max:  0.0, Diff:  0.0, Sum:  0.0, Workers: 4
[4678.614s][debug][gc,phases      ] GC(288)     Dead                           Min: 0, Avg:  0.0, Max: 0, Diff: 0, Sum: 0, Workers: 4
[4678.614s][debug][gc,phases      ] GC(288)     Total                          Min: 0, Avg:  0.0, Max: 0, Diff: 0, Sum: 0, Workers: 4
[4678.614s][debug][gc,phases      ] GC(288)   StringDedup Requests1 Weak     Min:  0.0, Avg:  0.0, Max:  0.0, Diff:  0.0, Sum:  0.0, Workers: 4
[4678.614s][debug][gc,phases      ] GC(288)     Dead                           Min: 0, Avg:  0.0, Max: 0, Diff: 0, Sum: 0, Workers: 4
[4678.614s][debug][gc,phases      ] GC(288)     Total                          Min: 0, Avg:  0.0, Max: 0, Diff: 0, Sum: 0, Workers: 4
[4678.614s][debug][gc,phases      ] GC(288)   Weak JFR Old Object Samples    Min:  0.0, Avg:  0.0, Max:  0.0, Diff:  0.0, Sum:  0.0, Workers: 4
[4678.614s][debug][gc,phases      ] GC(288)     Dead                           Min: 0, Avg:  0.0, Max: 0, Diff: 0, Sum: 0, Workers: 4
[4678.614s][debug][gc,phases      ] GC(288)     Total                          Min: 0, Avg:  0.0, Max: 0, Diff: 0, Sum: 0, Workers: 4
[4678.614s][debug][gc,phases      ] GC(288) Weak Processing 0.395ms
[4678.614s][debug][gc,age         ] GC(288) Desired survivor size 119537664 bytes, new threshold 15 (max threshold 15)
[4678.614s][info ][gc,heap        ] GC(288) PSYoungGen: 1895439K(1974784K)->46256K(1968128K) Eden: 1845760K(1845760K)->0K(1845760K) From: 49679K(129024K)->46256K(122368K)
[4678.614s][info ][gc,heap        ] GC(288) ParOldGen: 628136K(871424K)->639332K(871424K)
[4678.614s][info ][gc,metaspace   ] GC(288) Metaspace: 85654K(86656K)->85654K(86656K) NonClass: 73741K(74304K)->73741K(74304K) Class: 11913K(12352K)->11913K(12352K)
[4678.614s][info ][gc             ] GC(288) Pause Young (Allocation Failure) 2464M->669M(2773M) 23.273ms
[4678.614s][info ][gc,cpu         ] GC(288) User=0.08s Sys=0.00s Real=0.03s
[4678.615s][info ][safepoint      ] Safepoint "ParallelGCFailedAllocation", Time since last: 2335238025 ns, Reaching safepoint: 126703 ns, At safepoint: 23361516 ns, Total: 23488219 ns
[4696.400s][info ][gc,start       ] GC(289) Pause Young (Allocation Failure)
[4696.417s][debug][gc,phases      ] GC(289) Scavenge 17.715ms
[4696.417s][debug][gc,ref         ] GC(289) Skipped phase 1 of Reference Processing: no references
[4696.417s][debug][gc,ref         ] GC(289) ReferenceProcessor::execute queues: 1, RefProcThreadModel::Single, marks_oops_alive: false
[4696.417s][debug][gc,ref         ] GC(289) Skipped phase 3 of Reference Processing: no references
[4696.417s][debug][gc,ref         ] GC(289) ReferenceProcessor::execute queues: 1, RefProcThreadModel::Single, marks_oops_alive: false
[4696.418s][debug][gc,phases      ] GC(289) Reference Processing 0.115ms
[4696.418s][debug][gc,phases      ] GC(289)   VM Weak                        Min:  0.0, Avg:  0.0, Max:  0.0, Diff:  0.0, Sum:  0.0, Workers: 4
[4696.418s][debug][gc,phases      ] GC(289)     Dead                           Min: 0, Avg:  0.0, Max: 0, Diff: 0, Sum: 0, Workers: 4
[4696.418s][debug][gc,phases      ] GC(289)     Total                          Min: 0, Avg: 208.5, Max: 834, Diff: 834, Sum: 834, Workers: 4
[4696.418s][debug][gc,phases      ] GC(289)   ObjectSynchronizer Weak        Min:  0.0, Avg:  0.0, Max:  0.0, Diff:  0.0, Sum:  0.0, Workers: 4
[4696.418s][debug][gc,phases      ] GC(289)     Dead                           Min: 0, Avg:  0.0, Max: 0, Diff: 0, Sum: 0, Workers: 4
[4696.418s][debug][gc,phases      ] GC(289)     Total                          Min: 0, Avg: 11.2, Max: 45, Diff: 45, Sum: 45, Workers: 4
[4696.418s][debug][gc,phases      ] GC(289)   JVMTI Tag Weak OopStorage      Min:  0.0, Avg:  0.0, Max:  0.0, Diff:  0.0, Sum:  0.0, Workers: 4
[4696.418s][debug][gc,phases      ] GC(289)     Dead                           Min: 0, Avg:  0.0, Max: 0, Diff: 0, Sum: 0, Workers: 4
[4696.418s][debug][gc,phases      ] GC(289)     Total                          Min: 0, Avg:  0.0, Max: 0, Diff: 0, Sum: 0, Workers: 4
[4696.418s][debug][gc,phases      ] GC(289)   StringTable Weak               Min:  0.0, Avg:  0.1, Max:  0.1, Diff:  0.1, Sum:  0.4, Workers: 4
[4696.418s][debug][gc,phases      ] GC(289)     Dead                           Min: 0, Avg:  0.0, Max: 0, Diff: 0, Sum: 0, Workers: 4
[4696.418s][debug][gc,phases      ] GC(289)     Total                          Min: 0, Avg: 11045.2, Max: 16958, Diff: 16958, Sum: 44181, Workers: 4
[4696.418s][debug][gc,phases      ] GC(289)   ResolvedMethodTable Weak       Min:  0.0, Avg:  0.0, Max:  0.0, Diff:  0.0, Sum:  0.1, Workers: 4
[4696.418s][debug][gc,phases      ] GC(289)     Dead                           Min: 0, Avg:  0.0, Max: 0, Diff: 0, Sum: 0, Workers: 4
[4696.418s][debug][gc,phases      ] GC(289)     Total                          Min: 0, Avg: 2532.5, Max: 3648, Diff: 3648, Sum: 10130, Workers: 4
[4696.418s][debug][gc,phases      ] GC(289)   JNI Weak                       Min:  0.0, Avg:  0.0, Max:  0.0, Diff:  0.0, Sum:  0.0, Workers: 4
[4696.418s][debug][gc,phases      ] GC(289)     Dead                           Min: 0, Avg:  0.0, Max: 0, Diff: 0, Sum: 0, Workers: 4
[4696.418s][debug][gc,phases      ] GC(289)     Total                          Min: 0, Avg: 11.2, Max: 45, Diff: 45, Sum: 45, Workers: 4
[4696.418s][debug][gc,phases      ] GC(289)   StringDedup Table Weak         Min:  0.0, Avg:  0.0, Max:  0.0, Diff:  0.0, Sum:  0.0, Workers: 4
[4696.418s][debug][gc,phases      ] GC(289)     Dead                           Min: 0, Avg:  0.0, Max: 0, Diff: 0, Sum: 0, Workers: 4
[4696.418s][debug][gc,phases      ] GC(289)     Total                          Min: 0, Avg:  0.0, Max: 0, Diff: 0, Sum: 0, Workers: 4
[4696.418s][debug][gc,phases      ] GC(289)   StringDedup Requests0 Weak     Min:  0.0, Avg:  0.0, Max:  0.0, Diff:  0.0, Sum:  0.0, Workers: 4
[4696.418s][debug][gc,phases      ] GC(289)     Dead                           Min: 0, Avg:  0.0, Max: 0, Diff: 0, Sum: 0, Workers: 4
[4696.418s][debug][gc,phases      ] GC(289)     Total                          Min: 0, Avg:  0.0, Max: 0, Diff: 0, Sum: 0, Workers: 4
[4696.418s][debug][gc,phases      ] GC(289)   StringDedup Requests1 Weak     Min:  0.0, Avg:  0.0, Max:  0.0, Diff:  0.0, Sum:  0.0, Workers: 4
[4696.418s][debug][gc,phases      ] GC(289)     Dead                           Min: 0, Avg:  0.0, Max: 0, Diff: 0, Sum: 0, Workers: 4
[4696.418s][debug][gc,phases      ] GC(289)     Total                          Min: 0, Avg:  0.0, Max: 0, Diff: 0, Sum: 0, Workers: 4
[4696.418s][debug][gc,phases      ] GC(289)   Weak JFR Old Object Samples    Min:  0.0, Avg:  0.0, Max:  0.0, Diff:  0.0, Sum:  0.0, Workers: 4
[4696.418s][debug][gc,phases      ] GC(289)     Dead                           Min: 0, Avg:  0.0, Max: 0, Diff: 0, Sum: 0, Workers: 4
[4696.418s][debug][gc,phases      ] GC(289)     Total                          Min: 0, Avg:  0.0, Max: 0, Diff: 0, Sum: 0, Workers: 4
[4696.418s][debug][gc,phases      ] GC(289) Weak Processing 0.377ms
[4696.418s][debug][gc,age         ] GC(289) Desired survivor size 114294784 bytes, new threshold 15 (max threshold 15)
[4696.418s][info ][gc,heap        ] GC(289) PSYoungGen: 1892016K(1968128K)->46352K(1985536K) Eden: 1845760K(1845760K)->0K(1868800K) From: 46256K(122368K)->46352K(116736K)
[4696.418s][info ][gc,heap        ] GC(289) ParOldGen: 639332K(871424K)->641178K(871424K)
[4696.418s][info ][gc,metaspace   ] GC(289) Metaspace: 85654K(86656K)->85654K(86656K) NonClass: 73741K(74304K)->73741K(74304K) Class: 11913K(12352K)->11913K(12352K)
[4696.418s][info ][gc             ] GC(289) Pause Young (Allocation Failure) 2472M->671M(2790M) 18.355ms
[4696.418s][info ][gc,cpu         ] GC(289) User=0.07s Sys=0.00s Real=0.02s
[4696.418s][info ][safepoint      ] Safepoint "ParallelGCFailedAllocation", Time since last: 17784979174 ns, Reaching safepoint: 40601 ns, At safepoint: 18433807 ns, Total: 18474408 ns
[4711.801s][info ][gc,start       ] GC(290) Pause Young (Allocation Failure)
[4711.821s][debug][gc,phases      ] GC(290) Scavenge 20.775ms
[4711.822s][debug][gc,ref         ] GC(290) Skipped phase 1 of Reference Processing: no references
[4711.822s][debug][gc,ref         ] GC(290) ReferenceProcessor::execute queues: 1, RefProcThreadModel::Single, marks_oops_alive: false
[4711.822s][debug][gc,ref         ] GC(290) Skipped phase 3 of Reference Processing: no references
[4711.822s][debug][gc,ref         ] GC(290) ReferenceProcessor::execute queues: 1, RefProcThreadModel::Single, marks_oops_alive: false
[4711.822s][debug][gc,phases      ] GC(290) Reference Processing 0.124ms
[4711.822s][debug][gc,phases      ] GC(290)   VM Weak                        Min:  0.0, Avg:  0.0, Max:  0.0, Diff:  0.0, Sum:  0.0, Workers: 4
[4711.822s][debug][gc,phases      ] GC(290)     Dead                           Min: 0, Avg:  0.0, Max: 0, Diff: 0, Sum: 0, Workers: 4
[4711.822s][debug][gc,phases      ] GC(290)     Total                          Min: 0, Avg: 208.5, Max: 463, Diff: 463, Sum: 834, Workers: 4
[4711.822s][debug][gc,phases      ] GC(290)   ObjectSynchronizer Weak        Min:  0.0, Avg:  0.0, Max:  0.0, Diff:  0.0, Sum:  0.0, Workers: 4
[4711.822s][debug][gc,phases      ] GC(290)     Dead                           Min: 0, Avg:  0.0, Max: 0, Diff: 0, Sum: 0, Workers: 4
[4711.822s][debug][gc,phases      ] GC(290)     Total                          Min: 0, Avg: 11.2, Max: 45, Diff: 45, Sum: 45, Workers: 4
[4711.822s][debug][gc,phases      ] GC(290)   JVMTI Tag Weak OopStorage      Min:  0.0, Avg:  0.0, Max:  0.0, Diff:  0.0, Sum:  0.0, Workers: 4
[4711.822s][debug][gc,phases      ] GC(290)     Dead                           Min: 0, Avg:  0.0, Max: 0, Diff: 0, Sum: 0, Workers: 4
[4711.822s][debug][gc,phases      ] GC(290)     Total                          Min: 0, Avg:  0.0, Max: 0, Diff: 0, Sum: 0, Workers: 4
[4711.822s][debug][gc,phases      ] GC(290)   StringTable Weak               Min:  0.0, Avg:  0.1, Max:  0.1, Diff:  0.1, Sum:  0.4, Workers: 4
[4711.822s][debug][gc,phases      ] GC(290)     Dead                           Min: 0, Avg:  0.0, Max: 0, Diff: 0, Sum: 0, Workers: 4
[4711.822s][debug][gc,phases      ] GC(290)     Total                          Min: 0, Avg: 11045.2, Max: 15872, Diff: 15872, Sum: 44181, Workers: 4
[4711.822s][debug][gc,phases      ] GC(290)   ResolvedMethodTable Weak       Min:  0.0, Avg:  0.0, Max:  0.0, Diff:  0.0, Sum:  0.1, Workers: 4
[4711.822s][debug][gc,phases      ] GC(290)     Dead                           Min: 0, Avg:  0.0, Max: 0, Diff: 0, Sum: 0, Workers: 4
[4711.822s][debug][gc,phases      ] GC(290)     Total                          Min: 0, Avg: 2532.8, Max: 3603, Diff: 3603, Sum: 10131, Workers: 4
[4711.822s][debug][gc,phases      ] GC(290)   JNI Weak                       Min:  0.0, Avg:  0.0, Max:  0.0, Diff:  0.0, Sum:  0.0, Workers: 4
[4711.822s][debug][gc,phases      ] GC(290)     Dead                           Min: 0, Avg:  0.0, Max: 0, Diff: 0, Sum: 0, Workers: 4
[4711.822s][debug][gc,phases      ] GC(290)     Total                          Min: 0, Avg: 11.2, Max: 45, Diff: 45, Sum: 45, Workers: 4
[4711.822s][debug][gc,phases      ] GC(290)   StringDedup Table Weak         Min:  0.0, Avg:  0.0, Max:  0.0, Diff:  0.0, Sum:  0.0, Workers: 4
[4711.822s][debug][gc,phases      ] GC(290)     Dead                           Min: 0, Avg:  0.0, Max: 0, Diff: 0, Sum: 0, Workers: 4
[4711.822s][debug][gc,phases      ] GC(290)     Total                          Min: 0, Avg:  0.0, Max: 0, Diff: 0, Sum: 0, Workers: 4
[4711.822s][debug][gc,phases      ] GC(290)   StringDedup Requests0 Weak     Min:  0.0, Avg:  0.0, Max:  0.0, Diff:  0.0, Sum:  0.0, Workers: 4
[4711.822s][debug][gc,phases      ] GC(290)     Dead                           Min: 0, Avg:  0.0, Max: 0, Diff: 0, Sum: 0, Workers: 4
[4711.822s][debug][gc,phases      ] GC(290)     Total                          Min: 0, Avg:  0.0, Max: 0, Diff: 0, Sum: 0, Workers: 4
[4711.822s][debug][gc,phases      ] GC(290)   StringDedup Requests1 Weak     Min:  0.0, Avg:  0.0, Max:  0.0, Diff:  0.0, Sum:  0.0, Workers: 4
[4711.822s][debug][gc,phases      ] GC(290)     Dead                           Min: 0, Avg:  0.0, Max: 0, Diff: 0, Sum: 0, Workers: 4
[4711.822s][debug][gc,phases      ] GC(290)     Total                          Min: 0, Avg:  0.0, Max: 0, Diff: 0, Sum: 0, Workers: 4
[4711.822s][debug][gc,phases      ] GC(290)   Weak JFR Old Object Samples    Min:  0.0, Avg:  0.0, Max:  0.0, Diff:  0.0, Sum:  0.0, Workers: 4
[4711.822s][debug][gc,phases      ] GC(290)     Dead                           Min: 0, Avg:  0.0, Max: 0, Diff: 0, Sum: 0, Workers: 4
[4711.822s][debug][gc,phases      ] GC(290)     Total                          Min: 0, Avg:  0.0, Max: 0, Diff: 0, Sum: 0, Workers: 4
[4711.822s][debug][gc,phases      ] GC(290) Weak Processing 0.373ms
[4711.822s][debug][gc,age         ] GC(290) Desired survivor size 110624768 bytes, new threshold 15 (max threshold 15)
[4711.822s][info ][gc,heap        ] GC(290) PSYoungGen: 1915152K(1985536K)->58896K(1980416K) Eden: 1868800K(1868800K)->0K(1868800K) From: 46352K(116736K)->58896K(111616K)
[4711.822s][info ][gc,heap        ] GC(290) ParOldGen: 641178K(871424K)->641546K(871424K)
[4711.822s][info ][gc,metaspace   ] GC(290) Metaspace: 85656K(86656K)->85656K(86656K) NonClass: 73742K(74304K)->73742K(74304K) Class: 11914K(12352K)->11914K(12352K)
[4711.822s][info ][gc             ] GC(290) Pause Young (Allocation Failure) 2496M->684M(2785M) 21.415ms
[4711.822s][info ][gc,cpu         ] GC(290) User=0.08s Sys=0.01s Real=0.02s
[4711.822s][info ][safepoint      ] Safepoint "ParallelGCFailedAllocation", Time since last: 15382574458 ns, Reaching safepoint: 46901 ns, At safepoint: 21488278 ns, Total: 21535179 ns
[4713.822s][info ][safepoint      ] Safepoint "Cleanup", Time since last: 2000157562 ns, Reaching safepoint: 47001 ns, At safepoint: 2400 ns, Total: 49401 ns
[4729.792s][info ][gc,start       ] GC(291) Pause Young (Allocation Failure)
[4729.813s][debug][gc,phases      ] GC(291) Scavenge 21.297ms
[4729.813s][debug][gc,ref         ] GC(291) Skipped phase 1 of Reference Processing: no references
[4729.813s][debug][gc,ref         ] GC(291) ReferenceProcessor::execute queues: 1, RefProcThreadModel::Single, marks_oops_alive: false
[4729.813s][debug][gc,ref         ] GC(291) Skipped phase 3 of Reference Processing: no references
[4729.813s][debug][gc,ref         ] GC(291) ReferenceProcessor::execute queues: 1, RefProcThreadModel::Single, marks_oops_alive: false
[4729.813s][debug][gc,phases      ] GC(291) Reference Processing 0.131ms
[4729.813s][debug][gc,phases      ] GC(291)   VM Weak                        Min:  0.0, Avg:  0.0, Max:  0.0, Diff:  0.0, Sum:  0.0, Workers: 4
[4729.813s][debug][gc,phases      ] GC(291)     Dead                           Min: 0, Avg:  0.0, Max: 0, Diff: 0, Sum: 0, Workers: 4
[4729.813s][debug][gc,phases      ] GC(291)     Total                          Min: 0, Avg: 208.5, Max: 510, Diff: 510, Sum: 834, Workers: 4
[4729.813s][debug][gc,phases      ] GC(291)   ObjectSynchronizer Weak        Min:  0.0, Avg:  0.0, Max:  0.0, Diff:  0.0, Sum:  0.0, Workers: 4
[4729.813s][debug][gc,phases      ] GC(291)     Dead                           Min: 0, Avg:  0.0, Max: 0, Diff: 0, Sum: 0, Workers: 4
[4729.813s][debug][gc,phases      ] GC(291)     Total                          Min: 0, Avg: 11.2, Max: 45, Diff: 45, Sum: 45, Workers: 4
[4729.813s][debug][gc,phases      ] GC(291)   JVMTI Tag Weak OopStorage      Min:  0.0, Avg:  0.0, Max:  0.0, Diff:  0.0, Sum:  0.0, Workers: 4
[4729.813s][debug][gc,phases      ] GC(291)     Dead                           Min: 0, Avg:  0.0, Max: 0, Diff: 0, Sum: 0, Workers: 4
[4729.813s][debug][gc,phases      ] GC(291)     Total                          Min: 0, Avg:  0.0, Max: 0, Diff: 0, Sum: 0, Workers: 4
[4729.813s][debug][gc,phases      ] GC(291)   StringTable Weak               Min:  0.0, Avg:  0.1, Max:  0.1, Diff:  0.1, Sum:  0.4, Workers: 4
[4729.813s][debug][gc,phases      ] GC(291)     Dead                           Min: 0, Avg:  0.0, Max: 0, Diff: 0, Sum: 0, Workers: 4
[4729.813s][debug][gc,phases      ] GC(291)     Total                          Min: 0, Avg: 11045.2, Max: 15575, Diff: 15575, Sum: 44181, Workers: 4
[4729.813s][debug][gc,phases      ] GC(291)   ResolvedMethodTable Weak       Min:  0.0, Avg:  0.0, Max:  0.0, Diff:  0.0, Sum:  0.1, Workers: 4
[4729.813s][debug][gc,phases      ] GC(291)     Dead                           Min: 0, Avg:  0.0, Max: 0, Diff: 0, Sum: 0, Workers: 4
[4729.813s][debug][gc,phases      ] GC(291)     Total                          Min: 0, Avg: 2532.8, Max: 3411, Diff: 3411, Sum: 10131, Workers: 4
[4729.813s][debug][gc,phases      ] GC(291)   JNI Weak                       Min:  0.0, Avg:  0.0, Max:  0.0, Diff:  0.0, Sum:  0.0, Workers: 4
[4729.813s][debug][gc,phases      ] GC(291)     Dead                           Min: 0, Avg:  0.0, Max: 0, Diff: 0, Sum: 0, Workers: 4
[4729.813s][debug][gc,phases      ] GC(291)     Total                          Min: 0, Avg: 11.2, Max: 45, Diff: 45, Sum: 45, Workers: 4
[4729.813s][debug][gc,phases      ] GC(291)   StringDedup Table Weak         Min:  0.0, Avg:  0.0, Max:  0.0, Diff:  0.0, Sum:  0.0, Workers: 4
[4729.813s][debug][gc,phases      ] GC(291)     Dead                           Min: 0, Avg:  0.0, Max: 0, Diff: 0, Sum: 0, Workers: 4
[4729.813s][debug][gc,phases      ] GC(291)     Total                          Min: 0, Avg:  0.0, Max: 0, Diff: 0, Sum: 0, Workers: 4
[4729.813s][debug][gc,phases      ] GC(291)   StringDedup Requests0 Weak     Min:  0.0, Avg:  0.0, Max:  0.0, Diff:  0.0, Sum:  0.0, Workers: 4
[4729.813s][debug][gc,phases      ] GC(291)     Dead                           Min: 0, Avg:  0.0, Max: 0, Diff: 0, Sum: 0, Workers: 4
[4729.813s][debug][gc,phases      ] GC(291)     Total                          Min: 0, Avg:  0.0, Max: 0, Diff: 0, Sum: 0, Workers: 4
[4729.813s][debug][gc,phases      ] GC(291)   StringDedup Requests1 Weak     Min:  0.0, Avg:  0.0, Max:  0.0, Diff:  0.0, Sum:  0.0, Workers: 4
[4729.813s][debug][gc,phases      ] GC(291)     Dead                           Min: 0, Avg:  0.0, Max: 0, Diff: 0, Sum: 0, Workers: 4
[4729.813s][debug][gc,phases      ] GC(291)     Total                          Min: 0, Avg:  0.0, Max: 0, Diff: 0, Sum: 0, Workers: 4
[4729.813s][debug][gc,phases      ] GC(291)   Weak JFR Old Object Samples    Min:  0.0, Avg:  0.0, Max:  0.0, Diff:  0.0, Sum:  0.0, Workers: 4
[4729.813s][debug][gc,phases      ] GC(291)     Dead                           Min: 0, Avg:  0.0, Max: 0, Diff: 0, Sum: 0, Workers: 4
[4729.813s][debug][gc,phases      ] GC(291)     Total                          Min: 0, Avg:  0.0, Max: 0, Diff: 0, Sum: 0, Workers: 4
[4729.813s][debug][gc,phases      ] GC(291) Weak Processing 0.363ms
[4729.813s][debug][gc,age         ] GC(291) Desired survivor size 107479040 bytes, new threshold 15 (max threshold 15)
[4729.813s][info ][gc,heap        ] GC(291) PSYoungGen: 1927696K(1980416K)->59056K(1992192K) Eden: 1868800K(1868800K)->0K(1884160K) From: 58896K(111616K)->59056K(108032K)
[4729.814s][info ][gc,heap        ] GC(291) ParOldGen: 641546K(871424K)->641830K(871424K)
[4729.814s][info ][gc,metaspace   ] GC(291) Metaspace: 85656K(86656K)->85656K(86656K) NonClass: 73742K(74304K)->73742K(74304K) Class: 11914K(12352K)->11914K(12352K)
[4729.814s][info ][gc             ] GC(291) Pause Young (Allocation Failure) 2509M->684M(2796M) 21.943ms
[4729.814s][info ][gc,cpu         ] GC(291) User=0.07s Sys=0.00s Real=0.03s
[4729.814s][info ][safepoint      ] Safepoint "ParallelGCFailedAllocation", Time since last: 15969123830 ns, Reaching safepoint: 129003 ns, At safepoint: 22024493 ns, Total: 22153496 ns
[4730.814s][info ][safepoint      ] Safepoint "Cleanup", Time since last: 1000091310 ns, Reaching safepoint: 117202 ns, At safepoint: 5800 ns, Total: 123002 ns
[4732.814s][info ][safepoint      ] Safepoint "Cleanup", Time since last: 2000170019 ns, Reaching safepoint: 45801 ns, At safepoint: 3000 ns, Total: 48801 ns
[4736.814s][info ][safepoint      ] Safepoint "Cleanup", Time since last: 4000286246 ns, Reaching safepoint: 46810 ns, At safepoint: 2800 ns, Total: 49610 ns
[4746.760s][info ][gc,start       ] GC(292) Pause Young (Allocation Failure)
[4746.780s][debug][gc,phases      ] GC(292) Scavenge 19.312ms
[4746.780s][debug][gc,ref         ] GC(292) Skipped phase 1 of Reference Processing: no references
[4746.780s][debug][gc,ref         ] GC(292) ReferenceProcessor::execute queues: 1, RefProcThreadModel::Single, marks_oops_alive: false
[4746.780s][debug][gc,ref         ] GC(292) Skipped phase 3 of Reference Processing: no references
[4746.780s][debug][gc,ref         ] GC(292) ReferenceProcessor::execute queues: 1, RefProcThreadModel::Single, marks_oops_alive: false
[4746.780s][debug][gc,phases      ] GC(292) Reference Processing 0.150ms
[4746.780s][debug][gc,phases      ] GC(292)   VM Weak                        Min:  0.0, Avg:  0.0, Max:  0.0, Diff:  0.0, Sum:  0.0, Workers: 4
[4746.780s][debug][gc,phases      ] GC(292)     Dead                           Min: 0, Avg:  0.0, Max: 0, Diff: 0, Sum: 0, Workers: 4
[4746.780s][debug][gc,phases      ] GC(292)     Total                          Min: 0, Avg: 208.5, Max: 532, Diff: 532, Sum: 834, Workers: 4
[4746.780s][debug][gc,phases      ] GC(292)   ObjectSynchronizer Weak        Min:  0.0, Avg:  0.0, Max:  0.0, Diff:  0.0, Sum:  0.0, Workers: 4
[4746.780s][debug][gc,phases      ] GC(292)     Dead                           Min: 0, Avg:  0.0, Max: 0, Diff: 0, Sum: 0, Workers: 4
[4746.780s][debug][gc,phases      ] GC(292)     Total                          Min: 0, Avg: 11.2, Max: 45, Diff: 45, Sum: 45, Workers: 4
[4746.780s][debug][gc,phases      ] GC(292)   JVMTI Tag Weak OopStorage      Min:  0.0, Avg:  0.0, Max:  0.0, Diff:  0.0, Sum:  0.0, Workers: 4
[4746.780s][debug][gc,phases      ] GC(292)     Dead                           Min: 0, Avg:  0.0, Max: 0, Diff: 0, Sum: 0, Workers: 4
[4746.780s][debug][gc,phases      ] GC(292)     Total                          Min: 0, Avg:  0.0, Max: 0, Diff: 0, Sum: 0, Workers: 4
[4746.780s][debug][gc,phases      ] GC(292)   StringTable Weak               Min:  0.1, Avg:  0.2, Max:  0.2, Diff:  0.2, Sum:  0.6, Workers: 4
[4746.780s][debug][gc,phases      ] GC(292)     Dead                           Min: 0, Avg:  0.0, Max: 0, Diff: 0, Sum: 0, Workers: 4
[4746.780s][debug][gc,phases      ] GC(292)     Total                          Min: 3840, Avg: 11045.2, Max: 17663, Diff: 13823, Sum: 44181, Workers: 4
[4746.780s][debug][gc,phases      ] GC(292)   ResolvedMethodTable Weak       Min:  0.0, Avg:  0.0, Max:  0.0, Diff:  0.0, Sum:  0.1, Workers: 4
[4746.780s][debug][gc,phases      ] GC(292)     Dead                           Min: 0, Avg:  0.0, Max: 0, Diff: 0, Sum: 0, Workers: 4
[4746.780s][debug][gc,phases      ] GC(292)     Total                          Min: 0, Avg: 2532.8, Max: 3539, Diff: 3539, Sum: 10131, Workers: 4
[4746.780s][debug][gc,phases      ] GC(292)   JNI Weak                       Min:  0.0, Avg:  0.0, Max:  0.0, Diff:  0.0, Sum:  0.0, Workers: 4
[4746.780s][debug][gc,phases      ] GC(292)     Dead                           Min: 0, Avg:  0.0, Max: 0, Diff: 0, Sum: 0, Workers: 4
[4746.780s][debug][gc,phases      ] GC(292)     Total                          Min: 0, Avg: 11.2, Max: 45, Diff: 45, Sum: 45, Workers: 4
[4746.780s][debug][gc,phases      ] GC(292)   StringDedup Table Weak         Min:  0.0, Avg:  0.0, Max:  0.0, Diff:  0.0, Sum:  0.0, Workers: 4
[4746.780s][debug][gc,phases      ] GC(292)     Dead                           Min: 0, Avg:  0.0, Max: 0, Diff: 0, Sum: 0, Workers: 4
[4746.780s][debug][gc,phases      ] GC(292)     Total                          Min: 0, Avg:  0.0, Max: 0, Diff: 0, Sum: 0, Workers: 4
[4746.780s][debug][gc,phases      ] GC(292)   StringDedup Requests0 Weak     Min:  0.0, Avg:  0.0, Max:  0.0, Diff:  0.0, Sum:  0.0, Workers: 4
[4746.780s][debug][gc,phases      ] GC(292)     Dead                           Min: 0, Avg:  0.0, Max: 0, Diff: 0, Sum: 0, Workers: 4
[4746.780s][debug][gc,phases      ] GC(292)     Total                          Min: 0, Avg:  0.0, Max: 0, Diff: 0, Sum: 0, Workers: 4
[4746.780s][debug][gc,phases      ] GC(292)   StringDedup Requests1 Weak     Min:  0.0, Avg:  0.0, Max:  0.0, Diff:  0.0, Sum:  0.0, Workers: 4
[4746.780s][debug][gc,phases      ] GC(292)     Dead                           Min: 0, Avg:  0.0, Max: 0, Diff: 0, Sum: 0, Workers: 4
[4746.780s][debug][gc,phases      ] GC(292)     Total                          Min: 0, Avg:  0.0, Max: 0, Diff: 0, Sum: 0, Workers: 4
[4746.780s][debug][gc,phases      ] GC(292)   Weak JFR Old Object Samples    Min:  0.0, Avg:  0.0, Max:  0.0, Diff:  0.0, Sum:  0.0, Workers: 4
[4746.780s][debug][gc,phases      ] GC(292)     Dead                           Min: 0, Avg:  0.0, Max: 0, Diff: 0, Sum: 0, Workers: 4
[4746.780s][debug][gc,phases      ] GC(292)     Total                          Min: 0, Avg:  0.0, Max: 0, Diff: 0, Sum: 0, Workers: 4
[4746.780s][debug][gc,phases      ] GC(292) Weak Processing 0.428ms
[4746.780s][debug][gc,age         ] GC(292) Desired survivor size 103284736 bytes, new threshold 15 (max threshold 15)
[4746.780s][info ][gc,heap        ] GC(292) PSYoungGen: 1943216K(1992192K)->56800K(1989120K) Eden: 1884160K(1884160K)->0K(1884160K) From: 59056K(108032K)->56800K(104960K)
[4746.780s][info ][gc,heap        ] GC(292) ParOldGen: 641830K(871424K)->642454K(871424K)
[4746.780s][info ][gc,metaspace   ] GC(292) Metaspace: 85658K(86656K)->85658K(86656K) NonClass: 73744K(74304K)->73744K(74304K) Class: 11914K(12352K)->11914K(12352K)
[4746.780s][info ][gc             ] GC(292) Pause Young (Allocation Failure) 2524M->682M(2793M) 20.035ms
[4746.780s][info ][gc,cpu         ] GC(292) User=0.06s Sys=0.00s Real=0.02s
[4746.780s][info ][safepoint      ] Safepoint "ParallelGCFailedAllocation", Time since last: 9945741637 ns, Reaching safepoint: 108204 ns, At safepoint: 20114234 ns, Total: 20222438 ns
[4767.054s][info ][gc,start       ] GC(293) Pause Young (Allocation Failure)
[4767.075s][debug][gc,phases      ] GC(293) Scavenge 19.992ms
[4767.075s][debug][gc,ref         ] GC(293) Skipped phase 1 of Reference Processing: no references
[4767.075s][debug][gc,ref         ] GC(293) ReferenceProcessor::execute queues: 1, RefProcThreadModel::Single, marks_oops_alive: false
[4767.075s][debug][gc,ref         ] GC(293) Skipped phase 3 of Reference Processing: no references
[4767.075s][debug][gc,ref         ] GC(293) ReferenceProcessor::execute queues: 1, RefProcThreadModel::Single, marks_oops_alive: false
[4767.075s][debug][gc,phases      ] GC(293) Reference Processing 0.138ms
[4767.075s][debug][gc,phases      ] GC(293)   VM Weak                        Min:  0.0, Avg:  0.0, Max:  0.0, Diff:  0.0, Sum:  0.0, Workers: 4
[4767.075s][debug][gc,phases      ] GC(293)     Dead                           Min: 0, Avg:  0.0, Max: 0, Diff: 0, Sum: 0, Workers: 4
[4767.075s][debug][gc,phases      ] GC(293)     Total                          Min: 0, Avg: 208.5, Max: 390, Diff: 390, Sum: 834, Workers: 4
[4767.075s][debug][gc,phases      ] GC(293)   ObjectSynchronizer Weak        Min:  0.0, Avg:  0.0, Max:  0.0, Diff:  0.0, Sum:  0.0, Workers: 4
[4767.075s][debug][gc,phases      ] GC(293)     Dead                           Min: 0, Avg:  0.0, Max: 0, Diff: 0, Sum: 0, Workers: 4
[4767.075s][debug][gc,phases      ] GC(293)     Total                          Min: 0, Avg: 11.2, Max: 45, Diff: 45, Sum: 45, Workers: 4
[4767.075s][debug][gc,phases      ] GC(293)   JVMTI Tag Weak OopStorage      Min:  0.0, Avg:  0.0, Max:  0.0, Diff:  0.0, Sum:  0.0, Workers: 4
[4767.075s][debug][gc,phases      ] GC(293)     Dead                           Min: 0, Avg:  0.0, Max: 0, Diff: 0, Sum: 0, Workers: 4
[4767.075s][debug][gc,phases      ] GC(293)     Total                          Min: 0, Avg:  0.0, Max: 0, Diff: 0, Sum: 0, Workers: 4
[4767.075s][debug][gc,phases      ] GC(293)   StringTable Weak               Min:  0.0, Avg:  0.1, Max:  0.1, Diff:  0.1, Sum:  0.4, Workers: 4
[4767.075s][debug][gc,phases      ] GC(293)     Dead                           Min: 0, Avg:  0.0, Max: 0, Diff: 0, Sum: 0, Workers: 4
[4767.075s][debug][gc,phases      ] GC(293)     Total                          Min: 0, Avg: 11045.2, Max: 15168, Diff: 15168, Sum: 44181, Workers: 4
[4767.075s][debug][gc,phases      ] GC(293)   ResolvedMethodTable Weak       Min:  0.0, Avg:  0.0, Max:  0.0, Diff:  0.0, Sum:  0.1, Workers: 4
[4767.075s][debug][gc,phases      ] GC(293)     Dead                           Min: 0, Avg:  0.0, Max: 0, Diff: 0, Sum: 0, Workers: 4
[4767.075s][debug][gc,phases      ] GC(293)     Total                          Min: 0, Avg: 2532.8, Max: 3840, Diff: 3840, Sum: 10131, Workers: 4
[4767.075s][debug][gc,phases      ] GC(293)   JNI Weak                       Min:  0.0, Avg:  0.0, Max:  0.0, Diff:  0.0, Sum:  0.0, Workers: 4
[4767.075s][debug][gc,phases      ] GC(293)     Dead                           Min: 0, Avg:  0.0, Max: 0, Diff: 0, Sum: 0, Workers: 4
[4767.075s][debug][gc,phases      ] GC(293)     Total                          Min: 0, Avg: 11.2, Max: 45, Diff: 45, Sum: 45, Workers: 4
[4767.075s][debug][gc,phases      ] GC(293)   StringDedup Table Weak         Min:  0.0, Avg:  0.0, Max:  0.0, Diff:  0.0, Sum:  0.0, Workers: 4
[4767.075s][debug][gc,phases      ] GC(293)     Dead                           Min: 0, Avg:  0.0, Max: 0, Diff: 0, Sum: 0, Workers: 4
[4767.075s][debug][gc,phases      ] GC(293)     Total                          Min: 0, Avg:  0.0, Max: 0, Diff: 0, Sum: 0, Workers: 4
[4767.075s][debug][gc,phases      ] GC(293)   StringDedup Requests0 Weak     Min:  0.0, Avg:  0.0, Max:  0.0, Diff:  0.0, Sum:  0.0, Workers: 4
[4767.075s][debug][gc,phases      ] GC(293)     Dead                           Min: 0, Avg:  0.0, Max: 0, Diff: 0, Sum: 0, Workers: 4
[4767.075s][debug][gc,phases      ] GC(293)     Total                          Min: 0, Avg:  0.0, Max: 0, Diff: 0, Sum: 0, Workers: 4
[4767.075s][debug][gc,phases      ] GC(293)   StringDedup Requests1 Weak     Min:  0.0, Avg:  0.0, Max:  0.0, Diff:  0.0, Sum:  0.0, Workers: 4
[4767.075s][debug][gc,phases      ] GC(293)     Dead                           Min: 0, Avg:  0.0, Max: 0, Diff: 0, Sum: 0, Workers: 4
[4767.075s][debug][gc,phases      ] GC(293)     Total                          Min: 0, Avg:  0.0, Max: 0, Diff: 0, Sum: 0, Workers: 4
[4767.075s][debug][gc,phases      ] GC(293)   Weak JFR Old Object Samples    Min:  0.0, Avg:  0.0, Max:  0.0, Diff:  0.0, Sum:  0.0, Workers: 4
[4767.075s][debug][gc,phases      ] GC(293)     Dead                           Min: 0, Avg:  0.0, Max: 0, Diff: 0, Sum: 0, Workers: 4
[4767.075s][debug][gc,phases      ] GC(293)     Total                          Min: 0, Avg:  0.0, Max: 0, Diff: 0, Sum: 0, Workers: 4
[4767.075s][debug][gc,phases      ] GC(293) Weak Processing 0.378ms
[4767.075s][debug][gc,age         ] GC(293) Desired survivor size 99614720 bytes, new threshold 15 (max threshold 15)
[4767.075s][info ][gc,heap        ] GC(293) PSYoungGen: 1940960K(1989120K)->56896K(1999872K) Eden: 1884160K(1884160K)->0K(1899008K) From: 56800K(104960K)->56896K(100864K)
[4767.075s][info ][gc,heap        ] GC(293) ParOldGen: 642454K(871424K)->642838K(871424K)
[4767.075s][info ][gc,metaspace   ] GC(293) Metaspace: 85658K(86656K)->85658K(86656K) NonClass: 73744K(74304K)->73744K(74304K) Class: 11914K(12352K)->11914K(12352K)
[4767.075s][info ][gc             ] GC(293) Pause Young (Allocation Failure) 2522M->683M(2804M) 20.651ms
[4767.075s][info ][gc,cpu         ] GC(293) User=0.07s Sys=0.00s Real=0.02s
[4767.075s][info ][safepoint      ] Safepoint "ParallelGCFailedAllocation", Time since last: 20274072833 ns, Reaching safepoint: 29901 ns, At safepoint: 20739250 ns, Total: 20769151 ns
[4788.191s][info ][gc,start       ] GC(294) Pause Young (Allocation Failure)
[4788.211s][debug][gc,phases      ] GC(294) Scavenge 20.543ms
[4788.211s][debug][gc,ref         ] GC(294) Skipped phase 1 of Reference Processing: no references
[4788.211s][debug][gc,ref         ] GC(294) ReferenceProcessor::execute queues: 1, RefProcThreadModel::Single, marks_oops_alive: false
[4788.211s][debug][gc,ref         ] GC(294) Skipped phase 3 of Reference Processing: no references
[4788.211s][debug][gc,ref         ] GC(294) ReferenceProcessor::execute queues: 1, RefProcThreadModel::Single, marks_oops_alive: false
[4788.211s][debug][gc,phases      ] GC(294) Reference Processing 0.116ms
[4788.211s][debug][gc,phases      ] GC(294)   VM Weak                        Min:  0.0, Avg:  0.0, Max:  0.0, Diff:  0.0, Sum:  0.0, Workers: 4
[4788.211s][debug][gc,phases      ] GC(294)     Dead                           Min: 0, Avg:  0.0, Max: 0, Diff: 0, Sum: 0, Workers: 4
[4788.211s][debug][gc,phases      ] GC(294)     Total                          Min: 0, Avg: 208.5, Max: 533, Diff: 533, Sum: 834, Workers: 4
[4788.211s][debug][gc,phases      ] GC(294)   ObjectSynchronizer Weak        Min:  0.0, Avg:  0.0, Max:  0.0, Diff:  0.0, Sum:  0.0, Workers: 4
[4788.211s][debug][gc,phases      ] GC(294)     Dead                           Min: 0, Avg:  0.0, Max: 0, Diff: 0, Sum: 0, Workers: 4
[4788.211s][debug][gc,phases      ] GC(294)     Total                          Min: 0, Avg: 11.2, Max: 45, Diff: 45, Sum: 45, Workers: 4
[4788.211s][debug][gc,phases      ] GC(294)   JVMTI Tag Weak OopStorage      Min:  0.0, Avg:  0.0, Max:  0.0, Diff:  0.0, Sum:  0.0, Workers: 4
[4788.211s][debug][gc,phases      ] GC(294)     Dead                           Min: 0, Avg:  0.0, Max: 0, Diff: 0, Sum: 0, Workers: 4
[4788.211s][debug][gc,phases      ] GC(294)     Total                          Min: 0, Avg:  0.0, Max: 0, Diff: 0, Sum: 0, Workers: 4
[4788.211s][debug][gc,phases      ] GC(294)   StringTable Weak               Min:  0.1, Avg:  0.1, Max:  0.1, Diff:  0.0, Sum:  0.4, Workers: 4
[4788.212s][debug][gc,phases      ] GC(294)     Dead                           Min: 0, Avg:  0.0, Max: 0, Diff: 0, Sum: 0, Workers: 4
[4788.212s][debug][gc,phases      ] GC(294)     Total                          Min: 8512, Avg: 11045.2, Max: 12630, Diff: 4118, Sum: 44181, Workers: 4
[4788.212s][debug][gc,phases      ] GC(294)   ResolvedMethodTable Weak       Min:  0.0, Avg:  0.0, Max:  0.0, Diff:  0.0, Sum:  0.1, Workers: 4
[4788.212s][debug][gc,phases      ] GC(294)     Dead                           Min: 0, Avg:  0.0, Max: 0, Diff: 0, Sum: 0, Workers: 4
[4788.212s][debug][gc,phases      ] GC(294)     Total                          Min: 1235, Avg: 2532.8, Max: 3200, Diff: 1965, Sum: 10131, Workers: 4
[4788.212s][debug][gc,phases      ] GC(294)   JNI Weak                       Min:  0.0, Avg:  0.0, Max:  0.0, Diff:  0.0, Sum:  0.0, Workers: 4
[4788.212s][debug][gc,phases      ] GC(294)     Dead                           Min: 0, Avg:  0.0, Max: 0, Diff: 0, Sum: 0, Workers: 4
[4788.212s][debug][gc,phases      ] GC(294)     Total                          Min: 0, Avg: 11.2, Max: 45, Diff: 45, Sum: 45, Workers: 4
[4788.212s][debug][gc,phases      ] GC(294)   StringDedup Table Weak         Min:  0.0, Avg:  0.0, Max:  0.0, Diff:  0.0, Sum:  0.0, Workers: 4
[4788.212s][debug][gc,phases      ] GC(294)     Dead                           Min: 0, Avg:  0.0, Max: 0, Diff: 0, Sum: 0, Workers: 4
[4788.212s][debug][gc,phases      ] GC(294)     Total                          Min: 0, Avg:  0.0, Max: 0, Diff: 0, Sum: 0, Workers: 4
[4788.212s][debug][gc,phases      ] GC(294)   StringDedup Requests0 Weak     Min:  0.0, Avg:  0.0, Max:  0.0, Diff:  0.0, Sum:  0.0, Workers: 4
[4788.212s][debug][gc,phases      ] GC(294)     Dead                           Min: 0, Avg:  0.0, Max: 0, Diff: 0, Sum: 0, Workers: 4
[4788.212s][debug][gc,phases      ] GC(294)     Total                          Min: 0, Avg:  0.0, Max: 0, Diff: 0, Sum: 0, Workers: 4
[4788.212s][debug][gc,phases      ] GC(294)   StringDedup Requests1 Weak     Min:  0.0, Avg:  0.0, Max:  0.0, Diff:  0.0, Sum:  0.0, Workers: 4
[4788.212s][debug][gc,phases      ] GC(294)     Dead                           Min: 0, Avg:  0.0, Max: 0, Diff: 0, Sum: 0, Workers: 4
[4788.212s][debug][gc,phases      ] GC(294)     Total                          Min: 0, Avg:  0.0, Max: 0, Diff: 0, Sum: 0, Workers: 4
[4788.212s][debug][gc,phases      ] GC(294)   Weak JFR Old Object Samples    Min:  0.0, Avg:  0.0, Max:  0.0, Diff:  0.0, Sum:  0.0, Workers: 4
[4788.212s][debug][gc,phases      ] GC(294)     Dead                           Min: 0, Avg:  0.0, Max: 0, Diff: 0, Sum: 0, Workers: 4
[4788.212s][debug][gc,phases      ] GC(294)     Total                          Min: 0, Avg:  0.0, Max: 0, Diff: 0, Sum: 0, Workers: 4
[4788.212s][debug][gc,phases      ] GC(294) Weak Processing 0.347ms
[4788.212s][debug][gc,age         ] GC(294) Desired survivor size 95420416 bytes, new threshold 15 (max threshold 15)
[4788.212s][info ][gc,heap        ] GC(294) PSYoungGen: 1955904K(1999872K)->55424K(1996288K) Eden: 1899008K(1899008K)->0K(1899008K) From: 56896K(100864K)->55424K(97280K)
[4788.212s][info ][gc,heap        ] GC(294) ParOldGen: 642838K(871424K)->644098K(871424K)
[4788.212s][info ][gc,metaspace   ] GC(294) Metaspace: 85662K(86656K)->85662K(86656K) NonClass: 73748K(74304K)->73748K(74304K) Class: 11914K(12352K)->11914K(12352K)
[4788.212s][info ][gc             ] GC(294) Pause Young (Allocation Failure) 2537M->683M(2800M) 21.152ms
[4788.212s][info ][gc,cpu         ] GC(294) User=0.06s Sys=0.00s Real=0.02s
[4788.212s][info ][safepoint      ] Safepoint "ParallelGCFailedAllocation", Time since last: 21115205587 ns, Reaching safepoint: 117003 ns, At safepoint: 21238059 ns, Total: 21355062 ns
[4804.213s][info ][safepoint      ] Safepoint "Cleanup", Time since last: 16001116405 ns, Reaching safepoint: 46301 ns, At safepoint: 2901 ns, Total: 49202 ns
[4809.645s][info ][gc,start       ] GC(295) Pause Young (Allocation Failure)
[4809.672s][debug][gc,phases      ] GC(295) Scavenge 27.075ms
[4809.672s][debug][gc,ref         ] GC(295) Skipped phase 1 of Reference Processing: no references
[4809.672s][debug][gc,ref         ] GC(295) ReferenceProcessor::execute queues: 1, RefProcThreadModel::Single, marks_oops_alive: false
[4809.672s][debug][gc,ref         ] GC(295) Skipped phase 3 of Reference Processing: no references
[4809.672s][debug][gc,ref         ] GC(295) ReferenceProcessor::execute queues: 1, RefProcThreadModel::Single, marks_oops_alive: false
[4809.672s][debug][gc,phases      ] GC(295) Reference Processing 0.136ms
[4809.673s][debug][gc,phases      ] GC(295)   VM Weak                        Min:  0.0, Avg:  0.0, Max:  0.0, Diff:  0.0, Sum:  0.0, Workers: 4
[4809.673s][debug][gc,phases      ] GC(295)     Dead                           Min: 0, Avg:  0.0, Max: 0, Diff: 0, Sum: 0, Workers: 4
[4809.673s][debug][gc,phases      ] GC(295)     Total                          Min: 0, Avg: 208.5, Max: 434, Diff: 434, Sum: 834, Workers: 4
[4809.673s][debug][gc,phases      ] GC(295)   ObjectSynchronizer Weak        Min:  0.0, Avg:  0.0, Max:  0.0, Diff:  0.0, Sum:  0.0, Workers: 4
[4809.673s][debug][gc,phases      ] GC(295)     Dead                           Min: 0, Avg:  0.0, Max: 0, Diff: 0, Sum: 0, Workers: 4
[4809.673s][debug][gc,phases      ] GC(295)     Total                          Min: 0, Avg: 11.2, Max: 45, Diff: 45, Sum: 45, Workers: 4
[4809.673s][debug][gc,phases      ] GC(295)   JVMTI Tag Weak OopStorage      Min:  0.0, Avg:  0.0, Max:  0.0, Diff:  0.0, Sum:  0.0, Workers: 4
[4809.673s][debug][gc,phases      ] GC(295)     Dead                           Min: 0, Avg:  0.0, Max: 0, Diff: 0, Sum: 0, Workers: 4
[4809.673s][debug][gc,phases      ] GC(295)     Total                          Min: 0, Avg:  0.0, Max: 0, Diff: 0, Sum: 0, Workers: 4
[4809.673s][debug][gc,phases      ] GC(295)   StringTable Weak               Min:  0.0, Avg:  0.1, Max:  0.2, Diff:  0.2, Sum:  0.4, Workers: 4
[4809.673s][debug][gc,phases      ] GC(295)     Dead                           Min: 0, Avg:  0.0, Max: 0, Diff: 0, Sum: 0, Workers: 4
[4809.673s][debug][gc,phases      ] GC(295)     Total                          Min: 0, Avg: 11045.2, Max: 22231, Diff: 22231, Sum: 44181, Workers: 4
[4809.673s][debug][gc,phases      ] GC(295)   ResolvedMethodTable Weak       Min:  0.0, Avg:  0.0, Max:  0.1, Diff:  0.0, Sum:  0.1, Workers: 4
[4809.673s][debug][gc,phases      ] GC(295)     Dead                           Min: 0, Avg:  0.0, Max: 0, Diff: 0, Sum: 0, Workers: 4
[4809.673s][debug][gc,phases      ] GC(295)     Total                          Min: 0, Avg: 2532.8, Max: 5184, Diff: 5184, Sum: 10131, Workers: 4
[4809.673s][debug][gc,phases      ] GC(295)   JNI Weak                       Min:  0.0, Avg:  0.0, Max:  0.0, Diff:  0.0, Sum:  0.0, Workers: 4
[4809.673s][debug][gc,phases      ] GC(295)     Dead                           Min: 0, Avg:  0.0, Max: 0, Diff: 0, Sum: 0, Workers: 4
[4809.673s][debug][gc,phases      ] GC(295)     Total                          Min: 0, Avg: 11.2, Max: 45, Diff: 45, Sum: 45, Workers: 4
[4809.673s][debug][gc,phases      ] GC(295)   StringDedup Table Weak         Min:  0.0, Avg:  0.0, Max:  0.0, Diff:  0.0, Sum:  0.0, Workers: 4
[4809.673s][debug][gc,phases      ] GC(295)     Dead                           Min: 0, Avg:  0.0, Max: 0, Diff: 0, Sum: 0, Workers: 4
[4809.673s][debug][gc,phases      ] GC(295)     Total                          Min: 0, Avg:  0.0, Max: 0, Diff: 0, Sum: 0, Workers: 4
[4809.673s][debug][gc,phases      ] GC(295)   StringDedup Requests0 Weak     Min:  0.0, Avg:  0.0, Max:  0.0, Diff:  0.0, Sum:  0.0, Workers: 4
[4809.673s][debug][gc,phases      ] GC(295)     Dead                           Min: 0, Avg:  0.0, Max: 0, Diff: 0, Sum: 0, Workers: 4
[4809.673s][debug][gc,phases      ] GC(295)     Total                          Min: 0, Avg:  0.0, Max: 0, Diff: 0, Sum: 0, Workers: 4
[4809.673s][debug][gc,phases      ] GC(295)   StringDedup Requests1 Weak     Min:  0.0, Avg:  0.0, Max:  0.0, Diff:  0.0, Sum:  0.0, Workers: 4
[4809.673s][debug][gc,phases      ] GC(295)     Dead                           Min: 0, Avg:  0.0, Max: 0, Diff: 0, Sum: 0, Workers: 4
[4809.673s][debug][gc,phases      ] GC(295)     Total                          Min: 0, Avg:  0.0, Max: 0, Diff: 0, Sum: 0, Workers: 4
[4809.673s][debug][gc,phases      ] GC(295)   Weak JFR Old Object Samples    Min:  0.0, Avg:  0.0, Max:  0.0, Diff:  0.0, Sum:  0.0, Workers: 4
[4809.673s][debug][gc,phases      ] GC(295)     Dead                           Min: 0, Avg:  0.0, Max: 0, Diff: 0, Sum: 0, Workers: 4
[4809.673s][debug][gc,phases      ] GC(295)     Total                          Min: 0, Avg:  0.0, Max: 0, Diff: 0, Sum: 0, Workers: 4
[4809.673s][debug][gc,phases      ] GC(295) Weak Processing 0.510ms
[4809.673s][debug][gc,age         ] GC(295) Desired survivor size 91750400 bytes, new threshold 15 (max threshold 15)
[4809.673s][info ][gc,heap        ] GC(295) PSYoungGen: 1954432K(1996288K)->54000K(2007552K) Eden: 1899008K(1899008K)->0K(1914368K) From: 55424K(97280K)->54000K(93184K)
[4809.673s][info ][gc,heap        ] GC(295) ParOldGen: 644098K(871424K)->646183K(871424K)
[4809.673s][info ][gc,metaspace   ] GC(295) Metaspace: 85662K(86656K)->85662K(86656K) NonClass: 73748K(74304K)->73748K(74304K) Class: 11914K(12352K)->11914K(12352K)
[4809.673s][info ][gc             ] GC(295) Pause Young (Allocation Failure) 2537M->683M(2811M) 27.890ms
[4809.673s][info ][gc,cpu         ] GC(295) User=0.07s Sys=0.00s Real=0.03s
[4809.673s][info ][safepoint      ] Safepoint "ParallelGCFailedAllocation", Time since last: 5431802912 ns, Reaching safepoint: 126303 ns, At safepoint: 28023619 ns, Total: 28149922 ns
[4810.673s][info ][safepoint      ] Safepoint "Cleanup", Time since last: 1000066144 ns, Reaching safepoint: 45801 ns, At safepoint: 2200 ns, Total: 48001 ns
[4821.343s][info ][gc,start       ] GC(296) Pause Young (Allocation Failure)
[4821.370s][debug][gc,phases      ] GC(296) Scavenge 27.099ms
[4821.370s][debug][gc,ref         ] GC(296) Skipped phase 1 of Reference Processing: no references
[4821.370s][debug][gc,ref         ] GC(296) ReferenceProcessor::execute queues: 1, RefProcThreadModel::Single, marks_oops_alive: false
[4821.370s][debug][gc,ref         ] GC(296) Skipped phase 3 of Reference Processing: no references
[4821.370s][debug][gc,ref         ] GC(296) ReferenceProcessor::execute queues: 1, RefProcThreadModel::Single, marks_oops_alive: false
[4821.370s][debug][gc,phases      ] GC(296) Reference Processing 0.130ms
[4821.370s][debug][gc,phases      ] GC(296)   VM Weak                        Min:  0.0, Avg:  0.0, Max:  0.0, Diff:  0.0, Sum:  0.0, Workers: 4
[4821.370s][debug][gc,phases      ] GC(296)     Dead                           Min: 0, Avg:  0.0, Max: 0, Diff: 0, Sum: 0, Workers: 4
[4821.370s][debug][gc,phases      ] GC(296)     Total                          Min: 0, Avg: 208.5, Max: 533, Diff: 533, Sum: 834, Workers: 4
[4821.370s][debug][gc,phases      ] GC(296)   ObjectSynchronizer Weak        Min:  0.0, Avg:  0.0, Max:  0.0, Diff:  0.0, Sum:  0.0, Workers: 4
[4821.370s][debug][gc,phases      ] GC(296)     Dead                           Min: 0, Avg:  0.0, Max: 0, Diff: 0, Sum: 0, Workers: 4
[4821.370s][debug][gc,phases      ] GC(296)     Total                          Min: 0, Avg: 11.2, Max: 45, Diff: 45, Sum: 45, Workers: 4
[4821.370s][debug][gc,phases      ] GC(296)   JVMTI Tag Weak OopStorage      Min:  0.0, Avg:  0.0, Max:  0.0, Diff:  0.0, Sum:  0.0, Workers: 4
[4821.370s][debug][gc,phases      ] GC(296)     Dead                           Min: 0, Avg:  0.0, Max: 0, Diff: 0, Sum: 0, Workers: 4
[4821.370s][debug][gc,phases      ] GC(296)     Total                          Min: 0, Avg:  0.0, Max: 0, Diff: 0, Sum: 0, Workers: 4
[4821.370s][debug][gc,phases      ] GC(296)   StringTable Weak               Min:  0.0, Avg:  0.1, Max:  0.1, Diff:  0.1, Sum:  0.4, Workers: 4
[4821.370s][debug][gc,phases      ] GC(296)     Dead                           Min: 0, Avg:  0.0, Max: 0, Diff: 0, Sum: 0, Workers: 4
[4821.370s][debug][gc,phases      ] GC(296)     Total                          Min: 0, Avg: 11045.2, Max: 15638, Diff: 15638, Sum: 44181, Workers: 4
[4821.370s][debug][gc,phases      ] GC(296)   ResolvedMethodTable Weak       Min:  0.0, Avg:  0.0, Max:  0.0, Diff:  0.0, Sum:  0.1, Workers: 4
[4821.370s][debug][gc,phases      ] GC(296)     Dead                           Min: 0, Avg:  0.0, Max: 0, Diff: 0, Sum: 0, Workers: 4
[4821.370s][debug][gc,phases      ] GC(296)     Total                          Min: 0, Avg: 2532.8, Max: 3795, Diff: 3795, Sum: 10131, Workers: 4
[4821.370s][debug][gc,phases      ] GC(296)   JNI Weak                       Min:  0.0, Avg:  0.0, Max:  0.0, Diff:  0.0, Sum:  0.0, Workers: 4
[4821.370s][debug][gc,phases      ] GC(296)     Dead                           Min: 0, Avg:  0.0, Max: 0, Diff: 0, Sum: 0, Workers: 4
[4821.370s][debug][gc,phases      ] GC(296)     Total                          Min: 0, Avg: 11.2, Max: 45, Diff: 45, Sum: 45, Workers: 4
[4821.370s][debug][gc,phases      ] GC(296)   StringDedup Table Weak         Min:  0.0, Avg:  0.0, Max:  0.0, Diff:  0.0, Sum:  0.0, Workers: 4
[4821.370s][debug][gc,phases      ] GC(296)     Dead                           Min: 0, Avg:  0.0, Max: 0, Diff: 0, Sum: 0, Workers: 4
[4821.370s][debug][gc,phases      ] GC(296)     Total                          Min: 0, Avg:  0.0, Max: 0, Diff: 0, Sum: 0, Workers: 4
[4821.370s][debug][gc,phases      ] GC(296)   StringDedup Requests0 Weak     Min:  0.0, Avg:  0.0, Max:  0.0, Diff:  0.0, Sum:  0.0, Workers: 4
[4821.370s][debug][gc,phases      ] GC(296)     Dead                           Min: 0, Avg:  0.0, Max: 0, Diff: 0, Sum: 0, Workers: 4
[4821.370s][debug][gc,phases      ] GC(296)     Total                          Min: 0, Avg:  0.0, Max: 0, Diff: 0, Sum: 0, Workers: 4
[4821.370s][debug][gc,phases      ] GC(296)   StringDedup Requests1 Weak     Min:  0.0, Avg:  0.0, Max:  0.0, Diff:  0.0, Sum:  0.0, Workers: 4
[4821.370s][debug][gc,phases      ] GC(296)     Dead                           Min: 0, Avg:  0.0, Max: 0, Diff: 0, Sum: 0, Workers: 4
[4821.370s][debug][gc,phases      ] GC(296)     Total                          Min: 0, Avg:  0.0, Max: 0, Diff: 0, Sum: 0, Workers: 4
[4821.370s][debug][gc,phases      ] GC(296)   Weak JFR Old Object Samples    Min:  0.0, Avg:  0.0, Max:  0.0, Diff:  0.0, Sum:  0.0, Workers: 4
[4821.370s][debug][gc,phases      ] GC(296)     Dead                           Min: 0, Avg:  0.0, Max: 0, Diff: 0, Sum: 0, Workers: 4
[4821.370s][debug][gc,phases      ] GC(296)     Total                          Min: 0, Avg:  0.0, Max: 0, Diff: 0, Sum: 0, Workers: 4
[4821.370s][debug][gc,phases      ] GC(296) Weak Processing 0.399ms
[4821.370s][debug][gc,age         ] GC(296) Desired survivor size 97517568 bytes, new threshold 15 (max threshold 15)
[4821.370s][info ][gc,heap        ] GC(296) PSYoungGen: 1968368K(2007552K)->79680K(1994240K) Eden: 1914368K(1914368K)->0K(1914368K) From: 54000K(93184K)->79680K(79872K)
[4821.370s][info ][gc,heap        ] GC(296) ParOldGen: 646183K(871424K)->646335K(871424K)
[4821.370s][info ][gc,metaspace   ] GC(296) Metaspace: 85662K(86656K)->85662K(86656K) NonClass: 73748K(74304K)->73748K(74304K) Class: 11914K(12352K)->11914K(12352K)
[4821.370s][info ][gc             ] GC(296) Pause Young (Allocation Failure) 2553M->708M(2798M) 27.777ms
[4821.370s][info ][gc,cpu         ] GC(296) User=0.10s Sys=0.00s Real=0.03s
[4821.370s][info ][safepoint      ] Safepoint "ParallelGCFailedAllocation", Time since last: 10669440109 ns, Reaching safepoint: 115903 ns, At safepoint: 27865081 ns, Total: 27980984 ns
[4825.371s][info ][safepoint      ] Safepoint "Cleanup", Time since last: 4000284962 ns, Reaching safepoint: 59502 ns, At safepoint: 13900 ns, Total: 73402 ns
[4837.372s][info ][safepoint      ] Safepoint "Cleanup", Time since last: 12000818332 ns, Reaching safepoint: 57002 ns, At safepoint: 6300 ns, Total: 63302 ns
[4841.655s][info ][gc,start       ] GC(297) Pause Young (Allocation Failure)
[4841.680s][debug][gc,phases      ] GC(297) Scavenge 24.708ms
[4841.680s][debug][gc,ref         ] GC(297) Skipped phase 1 of Reference Processing: no references
[4841.680s][debug][gc,ref         ] GC(297) ReferenceProcessor::execute queues: 1, RefProcThreadModel::Single, marks_oops_alive: false
[4841.680s][debug][gc,ref         ] GC(297) Skipped phase 3 of Reference Processing: no references
[4841.680s][debug][gc,ref         ] GC(297) ReferenceProcessor::execute queues: 1, RefProcThreadModel::Single, marks_oops_alive: false
[4841.680s][debug][gc,phases      ] GC(297) Reference Processing 0.116ms
[4841.680s][debug][gc,phases      ] GC(297)   VM Weak                        Min:  0.0, Avg:  0.0, Max:  0.0, Diff:  0.0, Sum:  0.0, Workers: 4
[4841.680s][debug][gc,phases      ] GC(297)     Dead                           Min: 0, Avg:  0.0, Max: 0, Diff: 0, Sum: 0, Workers: 4
[4841.680s][debug][gc,phases      ] GC(297)     Total                          Min: 0, Avg: 208.5, Max: 463, Diff: 463, Sum: 834, Workers: 4
[4841.680s][debug][gc,phases      ] GC(297)   ObjectSynchronizer Weak        Min:  0.0, Avg:  0.0, Max:  0.0, Diff:  0.0, Sum:  0.0, Workers: 4
[4841.680s][debug][gc,phases      ] GC(297)     Dead                           Min: 0, Avg:  0.0, Max: 0, Diff: 0, Sum: 0, Workers: 4
[4841.680s][debug][gc,phases      ] GC(297)     Total                          Min: 0, Avg: 11.2, Max: 45, Diff: 45, Sum: 45, Workers: 4
[4841.680s][debug][gc,phases      ] GC(297)   JVMTI Tag Weak OopStorage      Min:  0.0, Avg:  0.0, Max:  0.0, Diff:  0.0, Sum:  0.0, Workers: 4
[4841.680s][debug][gc,phases      ] GC(297)     Dead                           Min: 0, Avg:  0.0, Max: 0, Diff: 0, Sum: 0, Workers: 4
[4841.680s][debug][gc,phases      ] GC(297)     Total                          Min: 0, Avg:  0.0, Max: 0, Diff: 0, Sum: 0, Workers: 4
[4841.680s][debug][gc,phases      ] GC(297)   StringTable Weak               Min:  0.0, Avg:  0.1, Max:  0.2, Diff:  0.2, Sum:  0.5, Workers: 4
[4841.680s][debug][gc,phases      ] GC(297)     Dead                           Min: 0, Avg:  0.0, Max: 0, Diff: 0, Sum: 0, Workers: 4
[4841.680s][debug][gc,phases      ] GC(297)     Total                          Min: 0, Avg: 11045.2, Max: 15358, Diff: 15358, Sum: 44181, Workers: 4
[4841.680s][debug][gc,phases      ] GC(297)   ResolvedMethodTable Weak       Min:  0.0, Avg:  0.0, Max:  0.0, Diff:  0.0, Sum:  0.1, Workers: 4
[4841.680s][debug][gc,phases      ] GC(297)     Dead                           Min: 0, Avg:  0.0, Max: 0, Diff: 0, Sum: 0, Workers: 4
[4841.680s][debug][gc,phases      ] GC(297)     Total                          Min: 0, Avg: 2532.8, Max: 3840, Diff: 3840, Sum: 10131, Workers: 4
[4841.680s][debug][gc,phases      ] GC(297)   JNI Weak                       Min:  0.0, Avg:  0.0, Max:  0.0, Diff:  0.0, Sum:  0.0, Workers: 4
[4841.680s][debug][gc,phases      ] GC(297)     Dead                           Min: 0, Avg:  0.0, Max: 0, Diff: 0, Sum: 0, Workers: 4
[4841.680s][debug][gc,phases      ] GC(297)     Total                          Min: 0, Avg: 11.2, Max: 45, Diff: 45, Sum: 45, Workers: 4
[4841.680s][debug][gc,phases      ] GC(297)   StringDedup Table Weak         Min:  0.0, Avg:  0.0, Max:  0.0, Diff:  0.0, Sum:  0.0, Workers: 4
[4841.680s][debug][gc,phases      ] GC(297)     Dead                           Min: 0, Avg:  0.0, Max: 0, Diff: 0, Sum: 0, Workers: 4
[4841.680s][debug][gc,phases      ] GC(297)     Total                          Min: 0, Avg:  0.0, Max: 0, Diff: 0, Sum: 0, Workers: 4
[4841.680s][debug][gc,phases      ] GC(297)   StringDedup Requests0 Weak     Min:  0.0, Avg:  0.0, Max:  0.0, Diff:  0.0, Sum:  0.0, Workers: 4
[4841.680s][debug][gc,phases      ] GC(297)     Dead                           Min: 0, Avg:  0.0, Max: 0, Diff: 0, Sum: 0, Workers: 4
[4841.680s][debug][gc,phases      ] GC(297)     Total                          Min: 0, Avg:  0.0, Max: 0, Diff: 0, Sum: 0, Workers: 4
[4841.680s][debug][gc,phases      ] GC(297)   StringDedup Requests1 Weak     Min:  0.0, Avg:  0.0, Max:  0.0, Diff:  0.0, Sum:  0.0, Workers: 4
[4841.680s][debug][gc,phases      ] GC(297)     Dead                           Min: 0, Avg:  0.0, Max: 0, Diff: 0, Sum: 0, Workers: 4
[4841.680s][debug][gc,phases      ] GC(297)     Total                          Min: 0, Avg:  0.0, Max: 0, Diff: 0, Sum: 0, Workers: 4
[4841.680s][debug][gc,phases      ] GC(297)   Weak JFR Old Object Samples    Min:  0.0, Avg:  0.0, Max:  0.0, Diff:  0.0, Sum:  0.0, Workers: 4
[4841.680s][debug][gc,phases      ] GC(297)     Dead                           Min: 0, Avg:  0.0, Max: 0, Diff: 0, Sum: 0, Workers: 4
[4841.680s][debug][gc,phases      ] GC(297)     Total                          Min: 0, Avg:  0.0, Max: 0, Diff: 0, Sum: 0, Workers: 4
[4841.680s][debug][gc,phases      ] GC(297) Weak Processing 0.421ms
[4841.680s][debug][gc,age         ] GC(297) Desired survivor size 102236160 bytes, new threshold 15 (max threshold 15)
[4841.680s][info ][gc,heap        ] GC(297) PSYoungGen: 1994048K(1994240K)->78800K(1992704K) Eden: 1914368K(1914368K)->0K(1897472K) From: 79680K(79872K)->78800K(95232K)
[4841.680s][info ][gc,heap        ] GC(297) ParOldGen: 646335K(871424K)->647655K(871424K)
[4841.680s][info ][gc,metaspace   ] GC(297) Metaspace: 85668K(86656K)->85668K(86656K) NonClass: 73754K(74304K)->73754K(74304K) Class: 11914K(12352K)->11914K(12352K)
[4841.680s][info ][gc             ] GC(297) Pause Young (Allocation Failure) 2578M->709M(2797M) 25.392ms
[4841.680s][info ][gc,cpu         ] GC(297) User=0.08s Sys=0.00s Real=0.02s
[4841.680s][info ][safepoint      ] Safepoint "ParallelGCFailedAllocation", Time since last: 4283055429 ns, Reaching safepoint: 53301 ns, At safepoint: 25501514 ns, Total: 25554815 ns
[4843.680s][info ][safepoint      ] Safepoint "Cleanup", Time since last: 2000159183 ns, Reaching safepoint: 47701 ns, At safepoint: 2800 ns, Total: 50501 ns
[4846.681s][info ][safepoint      ] Safepoint "Cleanup", Time since last: 3000259775 ns, Reaching safepoint: 55801 ns, At safepoint: 2900 ns, Total: 58701 ns
